******************************************************************************
             TMS320C2000 Linker PC v22.6.0                     
******************************************************************************
>> Linked Wed Mar  8 00:50:22 2023

OUTPUT FILE NAME:   <../../../04_Output_Files/ISO28069Boot8kW/TEST_CSMON_C28xx.out>
ENTRY POINT SYMBOL: "_c_int00"  address: 003ecca2


MEMORY CONFIGURATION

         name            origin    length      used     unused   attr    fill
----------------------  --------  ---------  --------  --------  ----  --------
PAGE 0:
  RAML0                 00008000   00000800  00000021  000007df  RWIX
  RAML1                 00008800   00000400  00000000  00000400  RWIX
  OTP                   003d7800   00000400  00000000  00000400  RWIX
  FLASH_APP             003e8000   0000dff0  00007bd4  0000641c  RWIX
  BEGIN                 003f5ff6   00000002  00000002  00000000  RWIX
  CSM_RSVD              003f7f80   00000076  00000076  00000000  RWIX
  CSM_PWL_P0            003f7ff8   00000008  00000008  00000000  RWIX
  FPUTABLES             003fd590   000006a0  00000000  000006a0  RWIX
  IQTABLES              003fdf00   00000b50  00000000  00000b50  RWIX
  IQTABLES2             003fea50   0000008c  00000000  0000008c  RWIX
  IQTABLES3             003feadc   000000aa  00000000  000000aa  RWIX
  ROM                   003ff3b0   00000c10  00000000  00000c10  RWIX
  RESET                 003fffc0   00000002  00000000  00000002  RWIX
  VECTORS               003fffc2   0000003e  00000000  0000003e  RWIX

PAGE 1:
  BOOT_RSVD             00000000   00000050  00000000  00000050  RWIX
  RAMM0                 00000050   000003b0  00000380  00000030  RWIX
  RAMM1                 00000400   00000400  00000000  00000400  RWIX
  DEV_EMU               00000880   00000105  00000004  00000101  RWIX
  SYS_PWR_CTL           00000985   00000003  00000003  00000000  RWIX
  FLASH_REGS            00000a80   00000060  00000008  00000058  RWIX
  CSM                   00000ae0   00000020  00000010  00000010  RWIX
  ADC_RESULT            00000b00   00000020  00000010  00000010  RWIX
  CPU_TIMER0            00000c00   00000008  00000008  00000000  RWIX
  CPU_TIMER1            00000c08   00000008  00000008  00000000  RWIX
  CPU_TIMER2            00000c10   00000008  00000008  00000000  RWIX
  PIE_CTRL              00000ce0   00000020  0000001a  00000006  RWIX
  PIE_VECT              00000d00   00000100  00000100  00000000  RWIX
  DMA                   00001000   00000200  000000e0  00000120  RWIX
  CLA1                  00001400   00000080  00000040  00000040  RWIX
  USB0                  00004000   00001000  00000454  00000bac  RWIX
  McBSPA                00005000   00000040  00000024  0000001c  RWIX
  ECANA                 00006000   00000040  00000034  0000000c  RWIX
  ECANA_LAM             00006040   00000040  00000040  00000000  RWIX
  ECANA_MOTS            00006080   00000040  00000040  00000000  RWIX
  ECANA_MOTO            000060c0   00000040  00000040  00000000  RWIX
  ECANA_MBOX            00006100   00000100  00000100  00000000  RWIX
  COMP1                 00006400   00000020  00000014  0000000c  RWIX
  COMP2                 00006420   00000020  00000014  0000000c  RWIX
  COMP3                 00006440   00000020  00000014  0000000c  RWIX
  EPWM1                 00006800   00000040  00000040  00000000  RWIX
  EPWM2                 00006840   00000040  00000040  00000000  RWIX
  EPWM3                 00006880   00000040  00000040  00000000  RWIX
  EPWM4                 000068c0   00000040  00000040  00000000  RWIX
  EPWM5                 00006900   00000040  00000040  00000000  RWIX
  EPWM6                 00006940   00000040  00000040  00000000  RWIX
  EPWM7                 00006980   00000040  00000040  00000000  RWIX
  EPWM8                 000069c0   00000040  00000040  00000000  RWIX
  ECAP1                 00006a00   00000020  00000020  00000000  RWIX
  ECAP2                 00006a20   00000020  00000020  00000000  RWIX
  ECAP3                 00006a40   00000020  00000020  00000000  RWIX
  HRCAP1                00006ac0   00000020  00000020  00000000  RWIX
  HRCAP2                00006ae0   00000020  00000020  00000000  RWIX
  EQEP1                 00006b00   00000040  00000022  0000001e  RWIX
  EQEP2                 00006b40   00000040  00000022  0000001e  RWIX
  HRCAP3                00006c80   00000020  00000020  00000000  RWIX
  HRCAP4                00006ca0   00000020  00000020  00000000  RWIX
  GPIOCTRL              00006f80   00000040  00000040  00000000  RWIX
  GPIODAT               00006fc0   00000020  00000020  00000000  RWIX
  GPIOINT               00006fe0   00000020  00000020  00000000  RWIX
  SYSTEM                00007010   00000030  00000030  00000000  RWIX
  SPIA                  00007040   00000010  00000010  00000000  RWIX
  SCIA                  00007050   00000010  00000010  00000000  RWIX
  NMIINTRUPT            00007060   00000010  00000010  00000000  RWIX
  XINTRUPT              00007070   00000010  00000010  00000000  RWIX
  ADC                   00007100   00000080  00000050  00000030  RWIX
  SPIB                  00007740   00000010  00000010  00000000  RWIX
  SCIB                  00007750   00000010  00000010  00000000  RWIX
  I2CA                  00007900   00000040  00000022  0000001e  RWIX
  RAML2                 00008c00   00000400  00000400  00000000  RWIX
  RAML34                00009000   00003000  00002e19  000001e7  RWIX
  RAML5                 0000c000   00002000  00000000  00002000  RWIX
  RAML6                 0000e000   00002000  00000000  00002000  RWIX
  RAML7                 00010000   00002000  00000000  00002000  RWIX
  RAML8                 00012000   00002000  00000000  00002000  RWIX
  USB_RAM               00040000   00000800  00000000  00000800  RWIX
  PARTID                003d7e80   00000001  00000001  00000000  RWIX
  CSM_PWL               003f7ff8   00000008  00000008  00000000  RWIX


SECTION ALLOCATION MAP

 output                                  attributes/
section   page    origin      length       input sections
--------  ----  ----------  ----------   ----------------
.cinit     0    003ef350    00000884     
                  003ef350    00000220     CSMON_C28xx.lib : hmmodbus.obj (.cinit)
                  003ef570    0000017b     main.obj (.cinit)
                  003ef6eb    00000105     CSMON_C28xx.lib : csmon.obj (.cinit)
                  003ef7f0    0000009c                     : modbusreg.obj (.cinit)
                  003ef88c    00000030                     : csmon.obj (.cinit:_CSMON_au8FileRecorderConfigElementsSizeTable)
                  003ef8bc    0000002b                     : csmon.obj (.cinit:_CSMON_au8FileScopeConfigurationElementsSizeTable)
                  003ef8e7    0000001e                     : hmdrv.obj (.cinit)
                  003ef905    00000017                     : csmon.obj (.cinit:_CSMON_au8FileRecorderDataElementsSizeTable)
                  003ef91c    00000015                     : csmon.obj (.cinit:_CSMON_sFileAutorization)
                  003ef931    00000014                     : hmprotocol.obj (.cinit)
                  003ef945    00000013                     : modbusreg.obj (.cinit:_MODBUSREG_au8DeviceIDUserApplicationName)
                  003ef958    00000013                     : modbusreg.obj (.cinit:_MODBUSREG_au8DeviceIDVendorUrl)
                  003ef96b    00000013                     : modbusreg.obj (.cinit:_MODBUSREG_au8ServerIDData)
                  003ef97e    00000013                     : hmrecparam.obj (.cinit:_sRecStatusParam)
                  003ef991    0000000f                     : csmon.obj (.cinit:_CSMON_sDateTime)
                  003ef9a0    0000000f                     : csmon.obj (.cinit:_CSMON_sDateTimeApplication)
                  003ef9af    0000000f                     : csmon.obj (.cinit:_CSMON_sDateTimeDefault)
                  003ef9be    0000000f                     : modbusreg.obj (.cinit:_MODBUSREG_au8DeviceIDModelName)
                  003ef9cd    0000000f     device.obj (.cinit)
                  003ef9dc    0000000e     rts2800_ml.lib : exit.c.obj (.cinit)
                  003ef9ea    0000000d     CSMON_C28xx.lib : tmr_drv.obj (.cinit)
                  003ef9f7    0000000d                     : csmon.obj (.cinit:_CSMON_au8FileParameterCountElementsSizeTable)
                  003efa04    0000000d                     : csmon.obj (.cinit:_CSMON_au8FileRTCElementsSizeTable)
                  003efa11    0000000d                     : csmon.obj (.cinit:_sHashKey)
                  003efa1e    0000000c                     : modbusreg.obj (.cinit:_MODBUSREG_au8DeviceIDProductName)
                  003efa2a    0000000c                     : modbusreg.obj (.cinit:_MODBUSREG_au8DeviceIDUserReserve0)
                  003efa36    0000000c                     : modbusreg.obj (.cinit:_MODBUSREG_au8DeviceIDUserReserve1)
                  003efa42    0000000c                     : modbusreg.obj (.cinit:_MODBUSREG_au8DeviceIDUserReserve2)
                  003efa4e    0000000c                     : modbusreg.obj (.cinit:_MODBUSREG_au8DeviceIDVendorName)
                  003efa5a    0000000b                     : hmrecparam.obj (.cinit:_HMRECPRM_sDateTime)
                  003efa65    0000000b     main.obj (.cinit:_MAIN_sDateTimeGet)
                  003efa70    0000000b     main.obj (.cinit:_MAIN_sDateTimeSet)
                  003efa7b    0000000b     uart_driver.obj (.cinit:_UART_DRV_RXIntOverflowCounter)
                  003efa86    0000000b     uart_driver.obj (.cinit:_UART_DRV_u32TimeDiffLast)
                  003efa91    0000000b     uart_driver.obj (.cinit:_UART_DRV_u32TimeDiffNow)
                  003efa9c    0000000b     CSMON_C28xx.lib : uart_drv.obj (.cinit:_UART_RXIntOverflowCounter)
                  003efaa7    0000000b                     : tmr_drv.obj (.cinit:_pfDelayedFunction)
                  003efab2    0000000b                     : tmr_drv.obj (.cinit:_pfDelayedFunction_u8)
                  003efabd    0000000b                     : hmrecparam.obj (.cinit:_sRecStatusParamInternal)
                  003efac8    0000000b                     : uart_drv.obj (.cinit:_u32TimeDiffLast)
                  003efad3    0000000b                     : uart_drv.obj (.cinit:_u32TimeDiffNow)
                  003efade    0000000b                     : uart_drv.obj (.cinit:_u32TimeDiffRead)
                  003efae9    00000009                     : hmserial.obj (.cinit)
                  003efaf2    00000009                     : csmon.obj (.cinit:_CSMON_au32FileAutorization_FunctionAfterWriteFileRecord)
                  003efafb    00000009                     : csmon.obj (.cinit:_CSMON_sFileParameterCount)
                  003efb04    00000008                     : hmlib.obj (.cinit)
                  003efb0c    00000007                     : csmon.obj (.cinit:_CSMON_au8FileRecorderStatusElementsSizeTable)
                  003efb13    00000007                     : modbusreg.obj (.cinit:_MODBUSREG_au8DeviceIDMajorMinorRevision)
                  003efb1a    00000007                     : modbusreg.obj (.cinit:_MODBUSREG_au8DeviceIDProductCode)
                  003efb21    00000007                     : uart_drv.obj (.cinit:_UARTRxBufferRDCount)
                  003efb28    00000007                     : uart_drv.obj (.cinit:_UARTRxBufferRDIndex)
                  003efb2f    00000007                     : uart_drv.obj (.cinit:_UARTRxBufferWRCount)
                  003efb36    00000007                     : uart_drv.obj (.cinit:_UARTRxBufferWRIndex)
                  003efb3d    00000007     uart_driver.obj (.cinit:_UART_DRV_RxBufferRDCount)
                  003efb44    00000007     uart_driver.obj (.cinit:_UART_DRV_RxBufferWRCount)
                  003efb4b    00000007     uart_driver.obj (.cinit:_UART_DRV_RxBufferWRIndex)
                  003efb52    00000006     CSMON_C28xx.lib : csmon.obj (.cinit:_CSMON_abFileAutorization_RecordReadOnly)
                  003efb58    00000006                     : csmon.obj (.cinit:_CSMON_abFileAutorization_RecordStringData)
                  003efb5e    00000006                     : csmon.obj (.cinit:_CSMON_au16FileAutorization_RecordOffsets)
                  003efb64    00000006                     : csmon.obj (.cinit:_CSMON_sFileProtocolVersion)
                  003efb6a    00000005     rts2800_ml.lib : _lock.c.obj (.cinit:__lock)
                  003efb6f    00000005                    : _lock.c.obj (.cinit:__unlock)
                  003efb74    00000005     CSMON_C28xx.lib : hmscopeparam.obj (.cinit:_pBufferScope)
                  003efb79    00000005                     : csmon.obj (.cinit:_sFileParameterNumericOffsetDefault)
                  003efb7e    00000004                     : hmscopeparam.obj (.cinit)
                  003efb82    00000004                     : uart_drv.obj (.cinit)
                  003efb86    00000004                     : csmon.obj (.cinit:_CSMON_au8FileParameterListElementsSizeTablePart1_1)
                  003efb8a    00000004                     : csmon.obj (.cinit:_CSMON_au8FileParameterListElementsSizeTablePart1_2)
                  003efb8e    00000004                     : csmon.obj (.cinit:_CSMON_au8FileParameterListElementsSizeTablePart1_3)
                  003efb92    00000004                     : csmon.obj (.cinit:_CSMON_au8FileParameterListElementsSizeTablePart1_4)
                  003efb96    00000004                     : csmon.obj (.cinit:_CSMON_au8FileParameterListElementsSizeTablePart2)
                  003efb9a    00000004                     : csmon.obj (.cinit:_CSMON_au8FileParameterListElementsSizeTablePart3)
                  003efb9e    00000004                     : csmon.obj (.cinit:_CSMON_au8FileParameterNumbElementsSizeTablePart16Bits)
                  003efba2    00000004                     : csmon.obj (.cinit:_CSMON_au8FileParameterNumbElementsSizeTablePart32Bits)
                  003efba6    00000004                     : csmon.obj (.cinit:_CSMON_au8FileRecorderDataElementsSizeTableUsedLength)
                  003efbaa    00000004                     : csmon.obj (.cinit:_CSMON_au8FileScopeStatusElementsSizeTable)
                  003efbae    00000004                     : csmon.obj (.cinit:_CSMON_sFileParameterAccessList)
                  003efbb2    00000004                     : hmmodbus.obj (.cinit:_HMMODBUS_u32RegisterAddressDummyuSize)
                  003efbb6    00000004                     : modbusreg.obj (.cinit:_MODBUSREG_asFileTable)
                  003efbba    00000004                     : csmon.obj (.cinit:_sFileParameterNumericVisualTypeDefault)
                  003efbbe    00000004                     : tmr_drv.obj (.cinit:_u16TimerMainDelayedData)
                  003efbc2    00000004                     : tmr_drv.obj (.cinit:_u16TimerMainFunctionDelay)
                  003efbc6    00000004                     : tmr_drv.obj (.cinit:_u16TimerMainFunctionDelayCompare)
                  003efbca    00000004                     : tmr_drv.obj (.cinit:_u16TimerMainFunctionDelayCounter)
                  003efbce    00000004     rts2800_ml.lib : errno.c.obj (.cinit)
                  003efbd2    00000002     --HOLE-- [fill = 0]

.pinit     0    003e8000    00000000     UNINITIALIZED

.text      0    003e8000    00006843     
                  003e8000    000008fa     CSMON_C28xx.lib : hmmodbus.obj (.text:_HMMODBUS_ReadFileRecord)
                  003e88fa    00000893                     : hmmodbus.obj (.text:_HMMODBUS_bDecoder_OPT)
                  003e918d    0000077a                     : modbusreg.obj (.text:_MODBUSREG_AddressTablesInit)
                  003e9907    00000698     rts2800_ml.lib : k_rem_pio2.c.obj (.text)
                  003e9f9f    0000067b     CSMON_C28xx.lib : hmmodbus.obj (.text:_HMMODBUS_WriteFileRecord)
                  003ea61a    000001b2     main.obj (.text:_main)
                  003ea7cc    0000017f     CSMON_C28xx.lib : csmon.obj (.text:_CSMON_eSetUpRecParam)
                  003ea94b    0000016a                     : csmon.obj (.text:_CSMON_eProcess)
                  003eaab5    00000148                     : hmmodbus.obj (.text:_HMMODBUS_Rx)
                  003eabfd    00000145                     : hmmodbus.obj (.text:_HMMODBUS_vSetFreeRunTimerPrescaller)
                  003ead42    00000114     rts2800_ml.lib : s_sinf.c.obj (.text)
                  003eae56    00000107                    : ll_div28.asm.obj (.text)
                  003eaf5d    000000f1     CSMON_C28xx.lib : csmon.obj (.text:_CSMON_vFileRecoderStatusFix)
                  003eb04e    000000ef                     : hmmodbus.obj (.text:_HMMODBUS_WriteHoldingRegister)
                  003eb13d    000000e9                     : hmmodbus.obj (.text:_HMMODBUS_ReadHoldingRegister)
                  003eb226    000000e9                     : hmprotocol.obj (.text:_HMPROTOCOL_bDecoder)
                  003eb30f    000000e8                     : hmdrv.obj (.text:_HMDRV_vInit)
                  003eb3f7    000000e8                     : hmrecparam.obj (.text:_HMRECPRM_vProcess)
                  003eb4df    000000e8     rts2800_ml.lib : s_floor.c.obj (.text)
                  003eb5c7    000000e4     main.obj (.text:_ControlProcess)
                  003eb6ab    000000d6     CSMON_C28xx.lib : csmon.obj (.text:_CSMON_vSetupHoldingRegistersAndCoilsAddressTableFromCSMONParameterList)
                  003eb781    000000c6                     : csmon.obj (.text:_CSMON_vInitParameterListRealAddressRecordTables)
                  003eb847    000000bc                     : csmon.obj (.text:_CSMON_vPrepareFileParameterAccessList)
                  003eb903    000000bc                     : hmrecparam.obj (.text:_HMRECPRM_SetUpRec)
                  003eb9bf    000000b8                     : hmrec.obj (.text:_HMREC_SetUpRec)
                  003eba77    000000b1                     : hmdrv.obj (.text:_HMDRV_CopyFromBufferInternalModbus)
                  003ebb28    000000aa                     : hmdrv.obj (.text:_HMDRV_CopyFromBufferInternalModbusBitField)
                  003ebbd2    000000aa     rts2800_ml.lib : s_scalbn.c.obj (.text)
                  003ebc7c    000000a9     CSMON_C28xx.lib : hmdrv.obj (.text:_HMDRV_CopyToBufferInternalModbus)
                  003ebd25    000000a9                     : hmmodbus.obj (.text:_HMMODBUS_GetRealRegisterAddressAndSize)
                  003ebdce    000000a7     rts2800_ml.lib : e_rem_pio2f.c.obj (.text)
                  003ebe75    000000a3     CSMON_C28xx.lib : tmr_drv.obj (.text:_TMR2_ISR)
                  003ebf18    0000009c     rts2800_ml.lib : fd_add28.asm.obj (.text)
                  003ebfb4    00000097     main.obj (.text:_RecordersInitialization)
                  003ec04b    00000093     main.obj (.text:_ParameterInitialization)
                  003ec0de    00000092     CSMON_C28xx.lib : hmdrv.obj (.text:_HMDRV_CopyMemory)
                  003ec170    00000092     rts2800_ml.lib : k_sinf.c.obj (.text)
                  003ec202    00000090     CSMON_C28xx.lib : csmon.obj (.text:_CSMON_vSetDateTimeAutorization)
                  003ec292    0000008b     rts2800_ml.lib : fd_div28.asm.obj (.text)
                  003ec31d    00000088     CSMON_C28xx.lib : hmmodbus.obj (.text:_HMMODBUS_CopyFromBuffer)
                  003ec3a5    00000087                     : hmrecparam.obj (.text:_HMRECPRM_SetUpRecParamStatusDateTime)
                  003ec42c    00000087     rts2800_ml.lib : k_cosf.c.obj (.text)
                  003ec4b3    00000083                    : fd_mpy28.asm.obj (.text)
                  003ec536    00000083                    : fs_div28.asm.obj (.text)
                  003ec5b9    0000007f     CSMON_C28xx.lib : hmserial.obj (.text:_HMSERIAL_vProcessSCI)
                  003ec638    00000078     rts2800_ml.lib : fs_add28.asm.obj (.text)
                  003ec6b0    00000074     CSMON_C28xx.lib : csmon.obj (.text:_CSMON_eInitRest)
                  003ec724    0000006a                     : hmserial.obj (.text:_HMSERIAL_Rx)
                  003ec78e    00000068                     : hmmodbus.obj (.text:_HMMODBUS_vProcessSCI)
                  003ec7f6    00000068                     : hmprotocol.obj (.text:_HMPROTOCOL_GetBoardInfo)
                  003ec85e    00000064                     : hmrec.obj (.text:_HMREC_vProcess)
                  003ec8c2    00000062                     : modbusreg.obj (.text:_MODBUSREG_vInit)
                  003ec924    0000005f     F2806x_SysCtrl.obj (.text:_InitPeripheralClocks)
                  003ec983    0000005d     CSMON_C28xx.lib : uart_drv.obj (.text:_UART_RXInterrupt)
                  003ec9e0    0000005a                     : gpio.obj (.text:_GPIO_setPinConfigOutput)
                  003eca3a    0000005a     rts2800_ml.lib : fs_mpy28.asm.obj (.text)
                  003eca94    00000059     CSMON_C28xx.lib : csmon.obj (.text:_CSMON_vUpdateDateTimeFromApplication)
                  003ecaed    00000059                     : hmmodbus.obj (.text:_HMMODBUS_CopyToBuffer)
                  003ecb46    00000059                     : hmmodbus.obj (.text:_vSetElementsSize)
                  003ecb9f    00000057                     : csmon.obj (.text:_CSMON_bCheckValidDateTime)
                  003ecbf6    00000057     uart_driver.obj (.text:_UART_DRV_RXInterrupt)
                  003ecc4d    00000055     CSMON_C28xx.lib : modbusreg.obj (.text:_MODBUSREG_FileRecorderExternalUpdateInit)
                  003ecca2    00000054     rts2800_ml.lib : boot28.asm.obj (.text)
                  003eccf6    00000052     CSMON_C28xx.lib : csmon.obj (.text:_CSMON_eSetRecorderTriggerAtPosition)
                  003ecd48    00000051     F2806x_SysCtrl.obj (.text:_InitPll)
                  003ecd99    0000004e     CSMON_C28xx.lib : hmmodbus.obj (.text:_HMMODBUS_GetRegisterFunction)
                  003ecde7    0000004e                     : hmrecparam.obj (.text:_HMRECPRM_StartRecParam)
                  003ece35    0000004c                     : hmmodbus.obj (.text:_HMMODBUS_vSendResponse)
                  003ece81    0000004c                     : hmrecparam.obj (.text:_HMRECPRM_vTimeSync)
                  003ececd    00000049                     : csmon.obj (.text:_CSMON_eInit)
                  003ecf16    00000047                     : hmscopeparam.obj (.text:_HMSCOPEPRM_SetUpScope)
                  003ecf5d    00000046     main.obj (.text:_ExternalParametersInitialization)
                  003ecfa3    00000043     CSMON_C28xx.lib : hmscopeparam.obj (.text:_HMSCOPEPRM_ReadScope)
                  003ecfe6    00000042     interrupt.obj (.text:_Interrupt_enable)
                  003ed028    00000041     CSMON_C28xx.lib : hmmodbus.obj (.text:_HMMODBUS_vProcessRxDelay)
                  003ed069    0000003f                     : hmdrv.obj (.text:_HMDRV_CopyFromBufferInternal)
                  003ed0a8    0000003d                     : hmmodbus.obj (.text:_vSetStartSampleIndex)
                  003ed0e5    0000003c                     : tmr_drv.obj (.text:_configCPUTimer)
                  003ed121    0000003b                     : hmscope.obj (.text:_HMSCOPE_SetUpScope)
                  003ed15c    00000039                     : csmon.obj (.text:_CSMON_u16FindIndexParameterTable)
                  003ed195    00000038                     : csmon.obj (.text:_CSMON_eSetRecorderConfigurationSkipSamples)
                  003ed1cd    00000038                     : hmmodbus.obj (.text:_HMMODBUS_bDecoderInit_OPT)
                  003ed205    00000038                     : uart_drv.obj (.text:_UART_ReadDataRx)
                  003ed23d    00000036                     : csmon.obj (.text:_CSMON_vRecorderParamStartStopProcess)
                  003ed273    00000036                     : hmscope.obj (.text:_HMSCOPE_ReadScope)
                  003ed2a9    00000036                     : hmserial.obj (.text:_HMSERIAL_vSendResponse)
                  003ed2df    00000035                     : csmon.obj (.text:_CSMON_u32GetRealAddressAndSizeOffsetFromParameter)
                  003ed314    00000035                     : hmdrv.obj (.text:_HMDRV_CopyToBufferInternal)
                  003ed349    00000033                     : hmmodbus.obj (.text:_HMMODBUS_Listen)
                  003ed37c    0000002e                     : hmserial.obj (.text:_HMSERIAL_vProcessSCIFreemasterOnly)
                  003ed3aa    0000002d                     : csmon.obj (.text:_CSMON_eSetParameterInRecorderAtPosition)
                  003ed3d7    0000002d                     : csmon.obj (.text:_CSMON_eSetParameterInScopeAtPosition)
                  003ed404    0000002d                     : csmon.obj (.text:_CSMON_vInitRecorders)
                  003ed431    0000002d                     : csmon.obj (.text:_CSMON_vSetupHoldingRegistersAndCoilsAddressTableAccessAll)
                  003ed45e    0000002d                     : hmserial.obj (.text:_HMSERIAL_Listen)
                  003ed48b    0000002d                     : hmrecparam.obj (.text:_RecorderTimeFromLocalDateTime)
                  003ed4b8    0000002b                     : hmrecparam.obj (.text:_FillTimeData)
                  003ed4e3    0000002a     rts2800_ml.lib : fd_cmp28.asm.obj (.text)
                  003ed50d    00000029                    : exit.c.obj (.text)
                  003ed536    00000029                    : fs_tol28.asm.obj (.text)
                  003ed55f    00000028     CSMON_C28xx.lib : csmon.obj (.text:_CSMON_bAutorizationPasswordCheck)
                  003ed587    00000028     main.obj (.text:_ScopesInitialization)
                  003ed5af    00000027     CSMON_C28xx.lib : hmserial.obj (.text:_HMSERIAL_vProcessSCITXISR)
                  003ed5d6    00000027                     : hmdrv.obj (.text:_sci_echoback_init)
                  003ed5fd    00000026                     : csmon.obj (.text:_CSMON_eSetParameterListRealAddress)
                  003ed623    00000026                     : hmdrv.obj (.text:_HMDRV_CopyFromBufferInternalWithMaskModbus)
                  003ed649    00000026                     : modbusreg.obj (.text:_MODBUSREG_vInitHoldingRegistersTableChangesExternalList)
                  003ed66f    00000025                     : hmserial.obj (.text:_HMSERIAL_Tx)
                  003ed694    00000025     rts2800_ml.lib : fs_toi28.asm.obj (.text)
                  003ed6b9    00000024     CSMON_C28xx.lib : csmon.obj (.text:_CSMON_vAutorizationReset)
                  003ed6dd    00000024                     : hmprotocol.obj (.text:_HMPROTOCOL_ReadMem)
                  003ed701    00000024                     : hmrecparam.obj (.text:_RecorderDateFromLocalDateTime)
                  003ed725    00000024     sci_driver.obj (.text:_SCIA_DRV_RXFIFOISR)
                  003ed749    00000024     sci_driver.obj (.text:_SCIA_DRV_TXFIFOISR)
                  003ed76d    00000024     CSMON_C28xx.lib : sci_drv.obj (.text:_SCIA_RXFIFOISR)
                  003ed791    00000024                     : sci_drv.obj (.text:_SCIA_TXFIFOISR)
                  003ed7b5    00000024     sci_driver.obj (.text:_SCIB_DRV_RXFIFOISR)
                  003ed7d9    00000024     sci_driver.obj (.text:_SCIB_DRV_TXFIFOISR)
                  003ed7fd    00000024     CSMON_C28xx.lib : sci_drv.obj (.text:_SCIB_RXFIFOISR)
                  003ed821    00000024                     : sci_drv.obj (.text:_SCIB_TXFIFOISR)
                  003ed845    00000024                     : tmr_drv.obj (.text:_TMR_vInit)
                  003ed869    00000024                     : hmmodbus.obj (.text:_vSetSampleCountAvailable)
                  003ed88d    00000024     rts2800_ml.lib : cpy_tbl.c.obj (.text)
                  003ed8b1    00000023     CSMON_C28xx.lib : csmon.obj (.text:_CSMON_vRecorderParamSetupProcess)
                  003ed8d4    00000023                     : hmlib.obj (.text:_HMLIB_vInit)
                  003ed8f7    00000023                     : modbusreg.obj (.text:_MODBUSREG_FileRecorderElementSizeTableUsedSizeUpdateInit)
                  003ed91a    00000023     rts2800_ml.lib : s_copysign.c.obj (.text)
                  003ed93d    00000022                    : i_div28.asm.obj (.text)
                  003ed95f    00000021     CSMON_C28xx.lib : csmon.obj (.text:_CSMON_eSetParameterListParameterID)
                  003ed980    00000021                     : hmdrv.obj (.text:_HMDRV_CopyFromBufferInternalWithMask)
                  003ed9a1    00000021     rts2800_ml.lib : fd_tofs28.asm.obj (.text)
                  003ed9c2    00000021                    : fs_toul28.asm.obj (.text)
                  003ed9e3    00000020     device.obj (.text:_Device_init)
                  003eda03    00000020     CSMON_C28xx.lib : hmdrv.obj (.text:_HMDRV_vProcess)
                  003eda23    00000020                     : tmr_drv.obj (.text:_TMR_vInitCPUTimers)
                  003eda43    00000020                     : hmmodbus.obj (.text:_vSetSampleCountBuffer)
                  003eda63    0000001f                     : hmmodbus.obj (.text:_HMMODBUS_vInit)
                  003eda82    0000001f     F2806x_PieCtrl.obj (.text:_InitPieCtrl)
                  003edaa1    0000001f     CSMON_C28xx.lib : hmmodbus.obj (.text:_vSetSampleSize)
                  003edac0    0000001f     rts2800_ml.lib : fd_tol28.asm.obj (.text)
                  003edadf    0000001d     CSMON_C28xx.lib : hmmodbus.obj (.text:_HMMODBUS_Tx)
                  003edafc    0000001d                     : hmrecparam.obj (.text:_HMRECPRM_GetRecBuffFreemaster)
                  003edb19    0000001d                     : hmrec.obj (.text:_HMREC_GetRecBuffFreemaster)
                  003edb36    0000001d     rts2800_ml.lib : fs_tou28.asm.obj (.text)
                  003edb53    0000001d                    : memcpy.c.obj (.text)
                  003edb70    0000001c     main.obj (.text:_CSMON_vGetDateTime)
                  003edb8c    0000001c     CSMON_C28xx.lib : csmon.obj (.text:_HMRECPRM_vGetDateTime)
                  003edba8    0000001c                     : sci.obj (.text:_SCI_clearInterruptStatus)
                  003edbc4    0000001c                     : hmmodbus.obj (.text:_vSetIndexFileTable)
                  003edbe0    0000001c     rts2800_ml.lib : fs_tofd28.asm.obj (.text)
                  003edbfc    0000001c                    : l_tofd28.asm.obj (.text)
                  003edc18    0000001b     device.obj (.text:_Device_initGPIO)
                  003edc33    0000001b     CSMON_C28xx.lib : hmdrv.obj (.text:_HMDRV_AddressToBuffer)
                  003edc4e    0000001b     rts2800_ml.lib : fd_toul28.asm.obj (.text)
                  003edc69    0000001a     CSMON_C28xx.lib : hmmodbus.obj (.text:_HMMODBUS_vProcessSCITXISR)
                  003edc83    0000001a                     : hmrecparam.obj (.text:_HMRECPRM_StartRec)
                  003edc9d    0000001a                     : hmserial.obj (.text:_HMSERIAL_vProcessSCITXISRFreemasterOnly)
                  003edcb7    0000001a                     : sci.obj (.text:_SCI_disableInterrupt)
                  003edcd1    0000001a                     : sci.obj (.text:_SCI_enableInterrupt)
                  003edceb    0000001a     rts2800_ml.lib : l_tofs28.asm.obj (.text)
                  003edd05    00000019     CSMON_C28xx.lib : csmon.obj (.text:_CSMON_eSetParameterCountInRecorder)
                  003edd1e    00000019                     : hmdrv.obj (.text:_HMDRV_AddressFromBuffer)
                  003edd37    00000019                     : uart_drv.obj (.text:_UART_vInit)
                  003edd50    00000019                     : hmmodbus.obj (.text:_bGetFileReadAccess)
                  003edd69    00000019     rts2800_ml.lib : prolog28.asm.obj (.text)
                  003edd82    00000018     CSMON_C28xx.lib : csmon.obj (.text:_CSMON_u32GetFreeRunningTimerMicroseconds)
                  003edd9a    00000018                     : hmlib.obj (.text:_HMLIB_vProcessSCITXISRWithIndex)
                  003eddb2    00000018     F2806x_SysCtrl.obj (.text:_InitSysCtrl)
                  003eddca    00000018     rts2800_ml.lib : ll_aox28.asm.obj (.text)
                  003edde2    00000017     CSMON_C28xx.lib : csmon.obj (.text:_CSMON_vSaveRecorderConfig)
                  003eddf9    00000017                     : hmmodbus.obj (.text:_HMMODBUS_vProcessTxDelay)
                  003ede10    00000017                     : hmprotocol.obj (.text:_HMPROTOCOL_WriteMem)
                  003ede27    00000017                     : hmprotocol.obj (.text:_HMPROTOCOL_WriteMemMask)
                  003ede3e    00000017                     : hmmodbus.obj (.text:_vSetBufferAddressStart)
                  003ede55    00000017     rts2800_ml.lib : fs_cmp28.asm.obj (.text)
                  003ede6c    00000017                    : u_tofd28.asm.obj (.text)
                  003ede83    00000016     CSMON_C28xx.lib : csmon.obj (.text:_CSMON_eSetParameterCountInScope)
                  003ede99    00000016                     : hmdrv.obj (.text:_HMDRV_AddressFromBufferBigEndian)
                  003edeaf    00000015                     : hmrecparam.obj (.text:_HMRECPRM_Comparefloat)
                  003edec4    00000015                     : hmrec.obj (.text:_HMREC_Comparefloat)
                  003eded9    00000015                     : hmrec.obj (.text:_HMREC_StartRec)
                  003edeee    00000014                     : hmlib.obj (.text:_HMLIB_vProcessFastTD)
                  003edf02    00000014                     : hmmodbus.obj (.text:_HMMODBUS_DelayedTx)
                  003edf16    00000014                     : hmrecparam.obj (.text:_HMRECPRM_StopRecParam)
                  003edf2a    00000014                     : hmserial.obj (.text:_HMSERIAL_DelayedTx)
                  003edf3e    00000013                     : csmon.obj (.text:_CSMON_eSetFlagProcessPassed)
                  003edf51    00000013     rts2800_ml.lib : ul_tofs28.asm.obj (.text)
                  003edf64    00000012     CSMON_C28xx.lib : csmon.obj (.text:_CSMON_vFileParameterCountCheckSumUpdate)
                  003edf76    00000012                     : hmdrv.obj (.text:_HMDRV_GetStringLengthFromWordInternal)
                  003edf88    00000012                     : hmmodbus.obj (.text:_HMMODBUS_vSetupRegisterDummy)
                  003edf9a    00000012                     : hmrecparam.obj (.text:_HMRECPRM_CompareBOOL)
                  003edfac    00000012                     : modbusreg.obj (.text:_MODBUSREG_FileShortNameElementSizeandAddressUpdateInit)
                  003edfbe    00000012                     : modbusreg.obj (.text:_MODBUSREG_vFileDenyAccess)
                  003edfd0    00000012                     : uart_drv.obj (.text:_UART_TxIntDis)
                  003edfe2    00000012                     : uart_drv.obj (.text:_UART_TxIntEna)
                  003edff4    00000011     main.obj (.text:_CSMON_vSetDateTime)
                  003ee005    00000011     CSMON_C28xx.lib : hmserial.obj (.text:_HMSERIAL_vInit)
                  003ee016    00000011     F2806x_PieVect.obj (.text:_InitPieVectTable)
                  003ee027    00000011     main.obj (.text:_vSetWatchdogPrescalerTimeDiv)
                  003ee038    00000011     rts2800_ml.lib : args_main.c.obj (.text)
                  003ee049    00000010     CSMON_C28xx.lib : csmon.obj (.text:_CSMON_eSetParameterListRegisterFlags)
                  003ee059    00000010     F2806x_SysCtrl.obj (.text:_IntOsc1Sel)
                  003ee069    00000010     CSMON_C28xx.lib : hmmodbus.obj (.text:_bIsValidEndAddressInBuffer)
                  003ee079    00000010                     : hmmodbus.obj (.text:_u32BytesMemoryToBytesModbus)
                  003ee089    00000010                     : hmmodbus.obj (.text:_u32BytesModbusToBytesMemory)
                  003ee099    00000010     main.obj (.text:_vGetWatchdogPrescaler)
                  003ee0a9    00000010     rts2800_ml.lib : u_tofs28.asm.obj (.text)
                  003ee0b9    0000000f     CSMON_C28xx.lib : hmmodbus.obj (.text:_HMMODBUS_CalcCRC)
                  003ee0c8    0000000f                     : uart_drv.obj (.text:_UART_IsTxEmpty)
                  003ee0d7    0000000e                     : hmdrv.obj (.text:_HMDRV_GetStringLengthInternal)
                  003ee0e5    0000000e                     : hmrecparam.obj (.text:_HMRECPRM_Compare16S)
                  003ee0f3    0000000e                     : hmrecparam.obj (.text:_HMRECPRM_Compare16U)
                  003ee101    0000000e                     : hmrecparam.obj (.text:_HMRECPRM_Compare32S)
                  003ee10f    0000000e                     : hmrecparam.obj (.text:_HMRECPRM_Compare32U)
                  003ee11d    0000000e                     : hmrecparam.obj (.text:_HMRECPRM_Compare8S)
                  003ee12b    0000000e                     : hmrecparam.obj (.text:_HMRECPRM_Compare8U)
                  003ee139    0000000e                     : hmrec.obj (.text:_HMREC_Compare16S)
                  003ee147    0000000e                     : hmrec.obj (.text:_HMREC_Compare16U)
                  003ee155    0000000e                     : hmrec.obj (.text:_HMREC_Compare32S)
                  003ee163    0000000e                     : hmrec.obj (.text:_HMREC_Compare32U)
                  003ee171    0000000e                     : hmrec.obj (.text:_HMREC_Compare8S)
                  003ee17f    0000000e                     : hmrec.obj (.text:_HMREC_Compare8U)
                  003ee18d    0000000e                     : hmmodbus.obj (.text:_u32FitAddressCircleBufferInside)
                  003ee19b    0000000e     rts2800_ml.lib : fd_sub28.asm.obj (.text)
                  003ee1a9    0000000d     CSMON_C28xx.lib : csmon.obj (.text:_CSMON_eResetParameterTable)
                  003ee1b6    0000000d                     : csmon.obj (.text:_CSMON_vInitHoldingRegistersTableChanges)
                  003ee1c3    0000000d                     : hmrecparam.obj (.text:_HMRECPRM_IsJustStopped)
                  003ee1d0    0000000d                     : hmrecparam.obj (.text:_HMRECPRM_StopRec)
                  003ee1dd    0000000d                     : hmrec.obj (.text:_HMREC_StopRec)
                  003ee1ea    0000000d                     : modbusreg.obj (.text:_MODBUSREG_vFileAllowAccess)
                  003ee1f7    0000000d                     : tmr_drv.obj (.text:_TIMER_vSetupTimerMainFunctionDelayCompare)
                  003ee204    0000000d                     : uart_drv.obj (.text:_UART_ReadDataRxAvailable)
                  003ee211    0000000c                     : hmlib.obj (.text:_HMLIB_vProcess)
                  003ee21d    0000000c                     : hmrecparam.obj (.text:_HMRECPRM_GetBufferRecParamPtrAddress)
                  003ee229    0000000c                     : hmrecparam.obj (.text:_HMRECPRM_TriggerRec)
                  003ee235    0000000c                     : hmmodbus.obj (.text:_u32FixAddressCircleBufferOverflow)
                  003ee241    0000000c     rts2800_ml.lib : epilog28.asm.obj (.text)
                  003ee24d    0000000b     CSMON_C28xx.lib : hmmodbus.obj (.text:_HMMODBUS_vProcessFastTD)
                  003ee258    0000000b                     : hmrecparam.obj (.text:_HMRECPRM_IsRunning)
                  003ee263    0000000b                     : hmserial.obj (.text:_HMSERIAL_vProcessFastTD)
                  003ee26e    0000000b                     : modbusreg.obj (.text:_MODBUSREG_vDataZero)
                  003ee279    0000000b     sci_driver.obj (.text:_SCI_DRV_eGetModuleIndexFromBase)
                  003ee284    0000000b     CSMON_C28xx.lib : sci_drv.obj (.text:_SCI_eGetModuleIndexFromBase)
                  003ee28f    0000000b                     : uart_drv.obj (.text:_UART_TxDis)
                  003ee29a    0000000b                     : uart_drv.obj (.text:_UART_TxEna)
                  003ee2a5    0000000b                     : hmmodbus.obj (.text:_bIsValidIndexFileTable)
                  003ee2b0    0000000b     rts2800_ml.lib : u_div28.asm.obj (.text)
                  003ee2bb    0000000a     CSMON_C28xx.lib : hmrecparam.obj (.text:_HMRECPRM_ClrLastStopDetectionToRecorderStopSamplesCounter)
                  003ee2c5    0000000a                     : hmrecparam.obj (.text:_HMRECPRM_GetRecStatus)
                  003ee2cf    0000000a                     : hmrec.obj (.text:_HMREC_GetRecStatus)
                  003ee2d9    0000000a                     : hmdrv.obj (.text:_sci_fifo_init)
                  003ee2e3    00000009                     : csmon.obj (.text:_CSMON_eSetParameterListRegisterSize)
                  003ee2ec    00000009                     : csmon.obj (.text:_CSMON_eSetParameterListShortNaming)
                  003ee2f5    00000009                     : csmon.obj (.text:_CSMON_eSetServerOnStatus)
                  003ee2fe    00000009                     : hmlib.obj (.text:_HMLIB_vInitRecParamBuff)
                  003ee307    00000009                     : hmmodbus.obj (.text:_HMMODBUS_vProcessFreeTimer)
                  003ee310    00000009                     : hmrecparam.obj (.text:_HMRECPRM_GetExternBufferRecParamLastPointedAddress)
                  003ee319    00000009                     : hmrecparam.obj (.text:_HMRECPRM_GetExternBufferRecParamPtrAddress)
                  003ee322    00000009                     : hmrec.obj (.text:_HMREC_TriggerRec)
                  003ee32b    00000009                     : hmscopeparam.obj (.text:_HMSCOPEPRM_GetBufferScopeParamAddress)
                  003ee334    00000009                     : hmserial.obj (.text:_HMSERIAL_vProcessFreeTimer)
                  003ee33d    00000009                     : tmr_drv.obj (.text:_TIMER_vResetTimerMainFunctionDelayCounter)
                  003ee346    00000009                     : tmr_drv.obj (.text:_TIMER_vSetupTimerMainDelayedFunctionSendData)
                  003ee34f    00000009                     : uart_drv.obj (.text:_UART_PutChar)
                  003ee358    00000009                     : uart_drv.obj (.text:_UART_ReadDataRxTimeDiff)
                  003ee361    00000009     rts2800_ml.lib : _lock.c.obj (.text)
                  003ee36a    00000009                    : fd_neg28.asm.obj (.text)
                  003ee373    00000008     Example_Flash2806x_CsmKeys.obj (.text)
                  003ee37b    00000008     F2806x_CodeStartBranch.obj (.text)
                  003ee383    00000008     F2806x_SysCtrl.obj (.text:_DisableDog)
                  003ee38b    00000008     CSMON_C28xx.lib : hmdrv.obj (.text:_HMDRV_CopyFromBufferWithMaskModbus)
                  003ee393    00000008                     : hmmodbus.obj (.text:_HMMODBUS_vSetupHoldingRegistersProcessFuncTable)
                  003ee39b    00000008                     : hmmodbus.obj (.text:_HMMODBUS_vSetupHoldingRegistersRealAddressTable)
                  003ee3a3    00000008                     : hmmodbus.obj (.text:_HMMODBUS_vSetupHoldingRegistersRegisterFlagsTable)
                  003ee3ab    00000008                     : hmmodbus.obj (.text:_HMMODBUS_vSetupHoldingRegistersRegisterSizeTable)
                  003ee3b3    00000008                     : hmmodbus.obj (.text:_HMMODBUS_vSetupHoldingRegistersVirtAddressTable)
                  003ee3bb    00000008                     : hmrecparam.obj (.text:_HMRECPRM_GetExternRecParamAddress)
                  003ee3c3    00000008                     : hmrecparam.obj (.text:_HMRECPRM_GetExternRecParamPtrMaximumUsedSampleCount)
                  003ee3cb    00000008                     : hmrecparam.obj (.text:_HMRECPRM_GetExternRecParamPtrSampleSize)
                  003ee3d3    00000008                     : hmrecparam.obj (.text:_HMRECPRM_GetRecParamPtrAvailableSampleCount)
                  003ee3db    00000008                     : hmrecparam.obj (.text:_HMRECPRM_GetRecParamPtrLastSampleIndex)
                  003ee3e3    00000008                     : hmrecparam.obj (.text:_HMRECPRM_GetRecParamPtrMaximumUsedSampleCount)
                  003ee3eb    00000008                     : hmrecparam.obj (.text:_HMRECPRM_GetRecParamPtrSampleSize)
                  003ee3f3    00000008                     : hmrecparam.obj (.text:_HMRECPRM_GetStatusRecParamAddress)
                  003ee3fb    00000008                     : hmrecparam.obj (.text:_HMRECPRM_vInit)
                  003ee403    00000008                     : hmrec.obj (.text:_HMREC_vInit)
                  003ee40b    00000007     F2806x_DisInt.obj (.text)
                  003ee412    00000007     CSMON_C28xx.lib : csmon.obj (.text:_CSMON_eSetParameterListAccessLevel)
                  003ee419    00000007                     : csmon.obj (.text:_CSMON_eSetParameterListBitsCount)
                  003ee420    00000007                     : csmon.obj (.text:_CSMON_eSetParameterListDataDefault)
                  003ee427    00000007                     : csmon.obj (.text:_CSMON_eSetParameterListDataMaximum)
                  003ee42e    00000007                     : csmon.obj (.text:_CSMON_eSetParameterListDataMinimum)
                  003ee435    00000007                     : csmon.obj (.text:_CSMON_eSetParameterListDataType)
                  003ee43c    00000007                     : csmon.obj (.text:_CSMON_eSetParameterListFunctionCode)
                  003ee443    00000007                     : csmon.obj (.text:_CSMON_eSetParameterListValueFormat)
                  003ee44a    00000007                     : hmlib.obj (.text:_HMLIB_vProcessDifferentPorts)
                  003ee451    00000007                     : hmlib.obj (.text:_HMLIB_vProcessRecorders)
                  003ee458    00000007                     : hmrecparam.obj (.text:_HMRECPRM_vResetAllStopDetections)
                  003ee45f    00000007                     : hmscopeparam.obj (.text:_HMSCOPEPRM_GetStatusScopeParamAddress)
                  003ee466    00000007                     : modbusreg.obj (.text:_MODBUSREG_vInitHoldingRegistersTableChanges)
                  003ee46d    00000007     sci_driver.obj (.text:_SCI_DRV_u32GetBaseFromModuleIndex)
                  003ee474    00000007     CSMON_C28xx.lib : sci_drv.obj (.text:_SCI_u32GetBaseFromModuleIndex)
                  003ee47b    00000006                     : cputimer.obj (.text:_CPUTimer_setEmulationMode)
                  003ee481    00000006                     : hmrecparam.obj (.text:_HMRECPRM_SetUpRecBuff)
                  003ee487    00000006                     : hmrec.obj (.text:_HMREC_SetUpRecBuff)
                  003ee48d    00000006                     : tmr_drv.obj (.text:_TIMER_u16ResetTimerMainPeriod)
                  003ee493    00000006     uart_driver.obj (.text:_UART_DRV_GetChar)
                  003ee499    00000006     CSMON_C28xx.lib : uart_drv.obj (.text:_UART_GetChar)
                  003ee49f    00000005     F2806x_DefaultIsr.obj (.text:_ADCINT1_ISR)
                  003ee4a4    00000005     F2806x_DefaultIsr.obj (.text:_ADCINT2_ISR)
                  003ee4a9    00000005     F2806x_DefaultIsr.obj (.text:_ADCINT3_ISR)
                  003ee4ae    00000005     F2806x_DefaultIsr.obj (.text:_ADCINT4_ISR)
                  003ee4b3    00000005     F2806x_DefaultIsr.obj (.text:_ADCINT5_ISR)
                  003ee4b8    00000005     F2806x_DefaultIsr.obj (.text:_ADCINT6_ISR)
                  003ee4bd    00000005     F2806x_DefaultIsr.obj (.text:_ADCINT7_ISR)
                  003ee4c2    00000005     F2806x_DefaultIsr.obj (.text:_ADCINT8_ISR)
                  003ee4c7    00000005     F2806x_DefaultIsr.obj (.text:_ADCINT9_ISR)
                  003ee4cc    00000005     F2806x_DefaultIsr.obj (.text:_CLA1_INT1_ISR)
                  003ee4d1    00000005     F2806x_DefaultIsr.obj (.text:_CLA1_INT2_ISR)
                  003ee4d6    00000005     F2806x_DefaultIsr.obj (.text:_CLA1_INT3_ISR)
                  003ee4db    00000005     F2806x_DefaultIsr.obj (.text:_CLA1_INT4_ISR)
                  003ee4e0    00000005     F2806x_DefaultIsr.obj (.text:_CLA1_INT5_ISR)
                  003ee4e5    00000005     F2806x_DefaultIsr.obj (.text:_CLA1_INT6_ISR)
                  003ee4ea    00000005     F2806x_DefaultIsr.obj (.text:_CLA1_INT7_ISR)
                  003ee4ef    00000005     F2806x_DefaultIsr.obj (.text:_CLA1_INT8_ISR)
                  003ee4f4    00000005     CSMON_C28xx.lib : csmon.obj (.text:_CSMON_eSetAutoServiceWatchdogInternalSlowCalculationsInMainLoop)
                  003ee4f9    00000005                     : csmon.obj (.text:_CSMON_eSetFirmwareApplicationVersion)
                  003ee4fe    00000005                     : csmon.obj (.text:_CSMON_eSetMaxTimeInISR)
                  003ee503    00000005                     : csmon.obj (.text:_CSMON_eSetMinGuaranteedTimeBetweenTwoISRs)
                  003ee508    00000005                     : csmon.obj (.text:_CSMON_u16ParametersAccessListIndexGenerate)
                  003ee50d    00000005                     : csmon.obj (.text:_CSMON_u32GetFreeRunningTimerTicks)
                  003ee512    00000005                     : csmon.obj (.text:_CSMON_u32GetParameterAuxCheckSum)
                  003ee517    00000005                     : csmon.obj (.text:_CSMON_u32GetParameterCheckSum)
                  003ee51c    00000005                     : csmon.obj (.text:_CSMON_u32GetParameterListCheckSum)
                  003ee521    00000005                     : csmon.obj (.text:_CSMON_u32GetParameterNumbCheckSum)
                  003ee526    00000005                     : csmon.obj (.text:_CSMON_u32GetParameterShortNameCheckSum)
                  003ee52b    00000005                     : csmon.obj (.text:_CSMON_u32GetParameterStringCheckSum)
                  003ee530    00000005                     : csmon.obj (.text:_CSMON_vSetDateTimeRequest)
                  003ee535    00000005     F2806x_DefaultIsr.obj (.text:_DATALOG_ISR)
                  003ee53a    00000005     F2806x_DefaultIsr.obj (.text:_DINTCH1_ISR)
                  003ee53f    00000005     F2806x_DefaultIsr.obj (.text:_DINTCH2_ISR)
                  003ee544    00000005     F2806x_DefaultIsr.obj (.text:_DINTCH3_ISR)
                  003ee549    00000005     F2806x_DefaultIsr.obj (.text:_DINTCH4_ISR)
                  003ee54e    00000005     F2806x_DefaultIsr.obj (.text:_DINTCH5_ISR)
                  003ee553    00000005     F2806x_DefaultIsr.obj (.text:_DINTCH6_ISR)
                  003ee558    00000005     F2806x_DefaultIsr.obj (.text:_ECAN0INTA_ISR)
                  003ee55d    00000005     F2806x_DefaultIsr.obj (.text:_ECAN1INTA_ISR)
                  003ee562    00000005     F2806x_DefaultIsr.obj (.text:_ECAP1_INT_ISR)
                  003ee567    00000005     F2806x_DefaultIsr.obj (.text:_ECAP2_INT_ISR)
                  003ee56c    00000005     F2806x_DefaultIsr.obj (.text:_ECAP3_INT_ISR)
                  003ee571    00000005     F2806x_DefaultIsr.obj (.text:_EMPTY_ISR)
                  003ee576    00000005     F2806x_DefaultIsr.obj (.text:_EMUINT_ISR)
                  003ee57b    00000005     F2806x_DefaultIsr.obj (.text:_EPWM1_INT_ISR)
                  003ee580    00000005     F2806x_DefaultIsr.obj (.text:_EPWM1_TZINT_ISR)
                  003ee585    00000005     F2806x_DefaultIsr.obj (.text:_EPWM2_INT_ISR)
                  003ee58a    00000005     F2806x_DefaultIsr.obj (.text:_EPWM2_TZINT_ISR)
                  003ee58f    00000005     F2806x_DefaultIsr.obj (.text:_EPWM3_INT_ISR)
                  003ee594    00000005     F2806x_DefaultIsr.obj (.text:_EPWM3_TZINT_ISR)
                  003ee599    00000005     F2806x_DefaultIsr.obj (.text:_EPWM4_INT_ISR)
                  003ee59e    00000005     F2806x_DefaultIsr.obj (.text:_EPWM4_TZINT_ISR)
                  003ee5a3    00000005     F2806x_DefaultIsr.obj (.text:_EPWM5_INT_ISR)
                  003ee5a8    00000005     F2806x_DefaultIsr.obj (.text:_EPWM5_TZINT_ISR)
                  003ee5ad    00000005     F2806x_DefaultIsr.obj (.text:_EPWM6_INT_ISR)
                  003ee5b2    00000005     F2806x_DefaultIsr.obj (.text:_EPWM6_TZINT_ISR)
                  003ee5b7    00000005     F2806x_DefaultIsr.obj (.text:_EPWM7_INT_ISR)
                  003ee5bc    00000005     F2806x_DefaultIsr.obj (.text:_EPWM7_TZINT_ISR)
                  003ee5c1    00000005     F2806x_DefaultIsr.obj (.text:_EPWM8_INT_ISR)
                  003ee5c6    00000005     F2806x_DefaultIsr.obj (.text:_EPWM8_TZINT_ISR)
                  003ee5cb    00000005     F2806x_DefaultIsr.obj (.text:_EQEP1_INT_ISR)
                  003ee5d0    00000005     F2806x_DefaultIsr.obj (.text:_EQEP2_INT_ISR)
                  003ee5d5    00000005     CSMON_C28xx.lib : hmlib.obj (.text:_HMLIB_vProcessSamePort)
                  003ee5da    00000005                     : hmlib.obj (.text:_HMLIB_vRecorder0)
                  003ee5df    00000005                     : hmmodbus.obj (.text:_HMMODBUS_bGetReceivedMessage)
                  003ee5e4    00000005                     : hmmodbus.obj (.text:_HMMODBUS_vFileTable)
                  003ee5e9    00000005                     : hmrecparam.obj (.text:_HMRECPRM_vDisableAllStopDetections)
                  003ee5ee    00000005     F2806x_DefaultIsr.obj (.text:_HRCAP1_INT_ISR)
                  003ee5f3    00000005     F2806x_DefaultIsr.obj (.text:_HRCAP2_INT_ISR)
                  003ee5f8    00000005     F2806x_DefaultIsr.obj (.text:_HRCAP3_INT_ISR)
                  003ee5fd    00000005     F2806x_DefaultIsr.obj (.text:_HRCAP4_INT_ISR)
                  003ee602    00000005     F2806x_DefaultIsr.obj (.text:_I2CINT1A_ISR)
                  003ee607    00000005     F2806x_DefaultIsr.obj (.text:_I2CINT2A_ISR)
                  003ee60c    00000005     F2806x_DefaultIsr.obj (.text:_ILLEGAL_ISR)
                  003ee611    00000005     F2806x_DefaultIsr.obj (.text:_INT13_ISR)
                  003ee616    00000005     F2806x_DefaultIsr.obj (.text:_INT14_ISR)
                  003ee61b    00000005     interrupt.obj (.text:_IntDefaultHandler)
                  003ee620    00000005     F2806x_DefaultIsr.obj (.text:_LUF_ISR)
                  003ee625    00000005     F2806x_DefaultIsr.obj (.text:_LVF_ISR)
                  003ee62a    00000005     CSMON_C28xx.lib : modbusreg.obj (.text:_MODBUSREG_vSetTableNameAddress)
                  003ee62f    00000005                     : modbusreg.obj (.text:_MODBUSREG_vSetTableRealAddressInRam)
                  003ee634    00000005                     : modbusreg.obj (.text:_MODBUSREG_vSetTableRegisterFlags)
                  003ee639    00000005                     : modbusreg.obj (.text:_MODBUSREG_vSetTableRegisterSize)
                  003ee63e    00000005                     : modbusreg.obj (.text:_MODBUSREG_vSetTableVirtAddress)
                  003ee643    00000005     F2806x_DefaultIsr.obj (.text:_MRINTA_ISR)
                  003ee648    00000005     F2806x_DefaultIsr.obj (.text:_MXINTA_ISR)
                  003ee64d    00000005     F2806x_DefaultIsr.obj (.text:_NMI_ISR)
                  003ee652    00000005     F2806x_DefaultIsr.obj (.text:_PIE_RESERVED)
                  003ee657    00000005     F2806x_DefaultIsr.obj (.text:_RTOSINT_ISR)
                  003ee65c    00000005     F2806x_DefaultIsr.obj (.text:_SCIRXINTA_ISR)
                  003ee661    00000005     F2806x_DefaultIsr.obj (.text:_SCIRXINTB_ISR)
                  003ee666    00000005     F2806x_DefaultIsr.obj (.text:_SCITXINTA_ISR)
                  003ee66b    00000005     F2806x_DefaultIsr.obj (.text:_SCITXINTB_ISR)
                  003ee670    00000005     F2806x_DefaultIsr.obj (.text:_SPIRXINTA_ISR)
                  003ee675    00000005     F2806x_DefaultIsr.obj (.text:_SPIRXINTB_ISR)
                  003ee67a    00000005     F2806x_DefaultIsr.obj (.text:_SPITXINTA_ISR)
                  003ee67f    00000005     F2806x_DefaultIsr.obj (.text:_SPITXINTB_ISR)
                  003ee684    00000005     CSMON_C28xx.lib : tmr_drv.obj (.text:_TIMER_vSetupTimerMainDelayedData)
                  003ee689    00000005     F2806x_DefaultIsr.obj (.text:_TINT0_ISR)
                  003ee68e    00000005     F2806x_DefaultIsr.obj (.text:_USB0_INT_ISR)
                  003ee693    00000005     F2806x_DefaultIsr.obj (.text:_USER10_ISR)
                  003ee698    00000005     F2806x_DefaultIsr.obj (.text:_USER11_ISR)
                  003ee69d    00000005     F2806x_DefaultIsr.obj (.text:_USER12_ISR)
                  003ee6a2    00000005     F2806x_DefaultIsr.obj (.text:_USER1_ISR)
                  003ee6a7    00000005     F2806x_DefaultIsr.obj (.text:_USER2_ISR)
                  003ee6ac    00000005     F2806x_DefaultIsr.obj (.text:_USER3_ISR)
                  003ee6b1    00000005     F2806x_DefaultIsr.obj (.text:_USER4_ISR)
                  003ee6b6    00000005     F2806x_DefaultIsr.obj (.text:_USER5_ISR)
                  003ee6bb    00000005     F2806x_DefaultIsr.obj (.text:_USER6_ISR)
                  003ee6c0    00000005     F2806x_DefaultIsr.obj (.text:_USER7_ISR)
                  003ee6c5    00000005     F2806x_DefaultIsr.obj (.text:_USER8_ISR)
                  003ee6ca    00000005     F2806x_DefaultIsr.obj (.text:_USER9_ISR)
                  003ee6cf    00000005     F2806x_DefaultIsr.obj (.text:_WAKEINT_ISR)
                  003ee6d4    00000005     F2806x_DefaultIsr.obj (.text:_XINT1_ISR)
                  003ee6d9    00000005     F2806x_DefaultIsr.obj (.text:_XINT2_ISR)
                  003ee6de    00000005     F2806x_DefaultIsr.obj (.text:_XINT3_ISR)
                  003ee6e3    00000005     F2806x_DefaultIsr.obj (.text:_rsvd_ISR)
                  003ee6e8    00000005     rts2800_ml.lib : fs_neg28.asm.obj (.text)
                  003ee6ed    00000004     CSMON_C28xx.lib : csmon.obj (.text:_CSMON_eApplyParameterChanges)
                  003ee6f1    00000004                     : csmon.obj (.text:_CSMON_eRegisterWriteParElementCallbackFunction)
                  003ee6f5    00000004                     : csmon.obj (.text:_CSMON_eSetInternalTimerPeriod)
                  003ee6f9    00000004                     : csmon.obj (.text:_CSMON_eSetTimerPeriodISRFunctionRegister)
                  003ee6fd    00000004                     : csmon.obj (.text:_CSMON_u32GetBaudError_PPM)
                  003ee701    00000004                     : csmon.obj (.text:_CSMON_vAddSetupRecorderParameterMask)
                  003ee705    00000004                     : csmon.obj (.text:_CSMON_vInitScopes)
                  003ee709    00000004                     : csmon.obj (.text:_CSMON_vSetStartRecorderParameterMask)
                  003ee70d    00000004                     : hmdrv.obj (.text:_HMDRV_SetExAddr)
                  003ee711    00000004                     : hmdrv.obj (.text:_HMDRV_u32GetDeviceSYSCLKFreq)
                  003ee715    00000004                     : hmdrv.obj (.text:_HMDRV_u32GetSCIErrorPPM)
                  003ee719    00000004                     : hmlib.obj (.text:_HMLIB_vRecorderParam0)
                  003ee71d    00000004                     : hmmodbus.obj (.text:_HMMODBUS_u32GetAddressMessageCounterThisDevice)
                  003ee721    00000004                     : hmmodbus.obj (.text:_HMMODBUS_vSetAddressMessageCounterThisDevice)
                  003ee725    00000004                     : hmmodbus.obj (.text:_HMMODBUS_vSetDeviceIDMajorMinorRevision)
                  003ee729    00000004                     : hmmodbus.obj (.text:_HMMODBUS_vSetDeviceIDMajorMinorRevisionLength)
                  003ee72d    00000004                     : hmmodbus.obj (.text:_HMMODBUS_vSetDeviceIDModelName)
                  003ee731    00000004                     : hmmodbus.obj (.text:_HMMODBUS_vSetDeviceIDModelNameLength)
                  003ee735    00000004                     : hmmodbus.obj (.text:_HMMODBUS_vSetDeviceIDProductCode)
                  003ee739    00000004                     : hmmodbus.obj (.text:_HMMODBUS_vSetDeviceIDProductCodeLength)
                  003ee73d    00000004                     : hmmodbus.obj (.text:_HMMODBUS_vSetDeviceIDProductName)
                  003ee741    00000004                     : hmmodbus.obj (.text:_HMMODBUS_vSetDeviceIDProductNameLength)
                  003ee745    00000004                     : hmmodbus.obj (.text:_HMMODBUS_vSetDeviceIDUserApplicationName)
                  003ee749    00000004                     : hmmodbus.obj (.text:_HMMODBUS_vSetDeviceIDUserApplicationNameLength)
                  003ee74d    00000004                     : hmmodbus.obj (.text:_HMMODBUS_vSetDeviceIDUserReserve0)
                  003ee751    00000004                     : hmmodbus.obj (.text:_HMMODBUS_vSetDeviceIDUserReserve0Length)
                  003ee755    00000004                     : hmmodbus.obj (.text:_HMMODBUS_vSetDeviceIDUserReserve1)
                  003ee759    00000004                     : hmmodbus.obj (.text:_HMMODBUS_vSetDeviceIDUserReserve1Length)
                  003ee75d    00000004                     : hmmodbus.obj (.text:_HMMODBUS_vSetDeviceIDUserReserve2)
                  003ee761    00000004                     : hmmodbus.obj (.text:_HMMODBUS_vSetDeviceIDUserReserve2Length)
                  003ee765    00000004                     : hmmodbus.obj (.text:_HMMODBUS_vSetDeviceIDVendorName)
                  003ee769    00000004                     : hmmodbus.obj (.text:_HMMODBUS_vSetDeviceIDVendorNameLength)
                  003ee76d    00000004                     : hmmodbus.obj (.text:_HMMODBUS_vSetDeviceIDVendorUrl)
                  003ee771    00000004                     : hmmodbus.obj (.text:_HMMODBUS_vSetDeviceIDVendorUrlLength)
                  003ee775    00000004                     : hmmodbus.obj (.text:_HMMODBUS_vSetServerIDDataAddress)
                  003ee779    00000004                     : hmmodbus.obj (.text:_HMMODBUS_vSetServerIDLength)
                  003ee77d    00000004                     : hmmodbus.obj (.text:_HMMODBUS_vSetServerIDNumber)
                  003ee781    00000004                     : hmmodbus.obj (.text:_HMMODBUS_vSetServerOnStatus)
                  003ee785    00000004                     : hmmodbus.obj (.text:_HMMODBUS_vSetupHoldingRegistersAccessTableInRam)
                  003ee789    00000004                     : hmmodbus.obj (.text:_HMMODBUS_vSetupWriteParElementCallbackFunction)
                  003ee78d    00000004     interrupt.obj (.text:_IntMasterDisable)
                  003ee791    00000004     interrupt.obj (.text:_IntMasterEnable)
                  003ee795    00000004     CSMON_C28xx.lib : modbusreg.obj (.text:_MODBUSREG_u16GetHoldRegFillCount)
                  003ee799    00000004                     : modbusreg.obj (.text:_MODBUSREG_u16GetTableRegisterFlagsElementOffset)
                  003ee79d    00000004                     : modbusreg.obj (.text:_MODBUSREG_u16GetTableRegisterSizeElementOffset)
                  003ee7a1    00000004                     : modbusreg.obj (.text:_MODBUSREG_u16GetTableVirtAddressElementOffset)
                  003ee7a5    00000004                     : modbusreg.obj (.text:_MODBUSREG_u32GetRegisterAccessTableInRam)
                  003ee7a9    00000004                     : modbusreg.obj (.text:_MODBUSREG_u32GetTableRegisterFlags)
                  003ee7ad    00000004                     : modbusreg.obj (.text:_MODBUSREG_u32GetTableRegisterSize)
                  003ee7b1    00000004                     : modbusreg.obj (.text:_MODBUSREG_u32GetTableVirtAddress)
                  003ee7b5    00000004                     : modbusreg.obj (.text:_MODBUSREG_vSetFileAutorization_FunctionAfterWriteFileRecordTable)
                  003ee7b9    00000004                     : modbusreg.obj (.text:_MODBUSREG_vSetFileParamCount_FunctionBeforeReadFileRecord)
                  003ee7bd    00000004                     : modbusreg.obj (.text:_MODBUSREG_vSetFileRTC_FunctionAfterReadFileRecord)
                  003ee7c1    00000004                     : modbusreg.obj (.text:_MODBUSREG_vSetFileRTC_FunctionAfterWriteFileRecord)
                  003ee7c5    00000004                     : modbusreg.obj (.text:_MODBUSREG_vSetFileRecConfig_FunctionAfterWriteFileRecord)
                  003ee7c9    00000004                     : modbusreg.obj (.text:_MODBUSREG_vSetFileRecStatus_FunctionIndexGenerationFileRecord)
                  003ee7cd    00000004                     : modbusreg.obj (.text:_MODBUSREG_vSetHoldRegFillCount)
                  003ee7d1    00000004                     : modbusreg.obj (.text:_MODBUSREG_vSetParamCount)
                  003ee7d5    00000004                     : modbusreg.obj (.text:_MODBUSREG_vSetParamListAddress)
                  003ee7d9    00000004                     : modbusreg.obj (.text:_MODBUSREG_vSetParamNumbAddress)
                  003ee7dd    00000004                     : modbusreg.obj (.text:_MODBUSREG_vSetParamRecorderConfigAddress)
                  003ee7e1    00000004                     : modbusreg.obj (.text:_MODBUSREG_vSetParamScopeConfigAddress)
                  003ee7e5    00000004                     : tmr_drv.obj (.text:_TIMER_vGetTimerMainRollingCounter)
                  003ee7e9    00000004                     : tmr_drv.obj (.text:_TIMER_vSetupTimerMainCSMONFunction)
                  003ee7ed    00000004                     : tmr_drv.obj (.text:_TMR_u16GetFreeRunTimerPrescaller)
                  003ee7f1    00000004                     : hmmodbus.obj (.text:_bGetElementsDifference)
                  003ee7f5    00000004                     : hmmodbus.obj (.text:_u16GetIndexFileTable)
                  003ee7f9    00000004                     : hmmodbus.obj (.text:_u32GetBufferAddressStart)
                  003ee7fd    00000004                     : hmmodbus.obj (.text:_u32GetBufferSize)
                  003ee801    00000004                     : hmmodbus.obj (.text:_u32GetSampleCountAvailable)
                  003ee805    00000004                     : hmmodbus.obj (.text:_u32GetSampleCountBuffer)
                  003ee809    00000004                     : hmmodbus.obj (.text:_u32GetStartSampleIndex)
                  003ee80d    00000004                     : hmmodbus.obj (.text:_u8GetSampleSize)
                  003ee811    00000004                     : hmmodbus.obj (.text:_vSetBufferAddressStartFromFunction)
                  003ee815    00000004                     : hmmodbus.obj (.text:_vSetBufferSize)
                  003ee819    00000003     F2806x_DBGIER.obj (.text)
                  003ee81c    00000003     CSMON_C28xx.lib : csmon.obj (.text:_CSMON_eSetParameter)
                  003ee81f    00000003                     : csmon.obj (.text:_CSMON_u32GetModbusMessageCounterRegisterRealAddress)
                  003ee822    00000003                     : csmon.obj (.text:_CSMON_vSetModbusMessageCounterRegisterRealAddress)
                  003ee825    00000003                     : hmlib.obj (.text:_HMLIB_vRecorderParamTimeSync)
                  003ee828    00000003                     : hmrecparam.obj (.text:_HMRECPRM_GetTimeBase)
                  003ee82b    00000003                     : modbusreg.obj (.text:_MODBUSREG_u32GetAddressMessageCounterThisDevice)
                  003ee82e    00000003                     : modbusreg.obj (.text:_MODBUSREG_vSetAddressMessageCounterThisDevice)
                  003ee831    00000003                     : uart_drv.obj (.text:_UART_TXInterrupt)
                  003ee834    00000002                     : hmrecparam.obj (.text:_HMRECPRM_AbortRec)
                  003ee836    00000002                     : hmrecparam.obj (.text:_HMRECPRM_GetRecBuffSize)
                  003ee838    00000002                     : hmrec.obj (.text:_HMREC_AbortRec)
                  003ee83a    00000002                     : hmrec.obj (.text:_HMREC_GetRecBuffSize)
                  003ee83c    00000002     main.obj (.text:_eWriteParElement)
                  003ee83e    00000002     rts2800_ml.lib : pre_init.c.obj (.text)
                  003ee840    00000001     CSMON_C28xx.lib : hmprotocol.obj (.text:_HMPROTOCOL_vInit)
                  003ee841    00000001     uart_driver.obj (.text:_UART_DRV_TXInterrupt)
                  003ee842    00000001     rts2800_ml.lib : startup.c.obj (.text)

ramfuncs   0    003ee843    00000021     RUN ADDR = 00008000
                  003ee843    0000001d     F2806x_SysCtrl.obj (ramfuncs:_InitFlash)
                  003ee860    00000004     F2806x_usDelay.obj (ramfuncs)

codestart 
*          0    003f5ff6    00000002     
                  003f5ff6    00000002     F2806x_CodeStartBranch.obj (codestart)

csm_rsvd   0    003f7f80    00000076     
                  003f7f80    00000076     F2806x_CSMPasswords.obj (csm_rsvd)

csmpasswds 
*          0    003f7ff8    00000008     
                  003f7ff8    00000008     F2806x_CSMPasswords.obj (csmpasswds)

.stack     1    00000050    00000380     UNINITIALIZED
                  00000050    00000380     --HOLE--

.econst    0    003ee864    00000aec     
                  003ee864    000005e0     csmon_config.obj (.econst:_asParameterList)
                  003eee44    00000100     CSMON_C28xx.lib : hmmodbus.obj (.econst:.string:_auchCRCHi)
                  003eef44    00000100                     : hmmodbus.obj (.econst:.string:_auchCRCLo)
                  003ef044    00000100     F2806x_PieVect.obj (.econst:_PieVectTableInit)
                  003ef144    00000084     rts2800_ml.lib : k_rem_pio2.c.obj (.econst:_ipio2)
                  003ef1c8    00000050     CSMON_C28xx.lib : csmon.obj (.econst:_CSMON_asAccessLevelPasswords)
                  003ef218    0000002c     rts2800_ml.lib : k_rem_pio2.c.obj (.econst)
                  003ef244    00000028                    : k_cosf.c.obj (.econst)
                  003ef26c    00000020                    : k_rem_pio2.c.obj (.econst:_PIo2)
                  003ef28c    00000020                    : k_sinf.c.obj (.econst)
                  003ef2ac    0000001c                    : e_rem_pio2f.c.obj (.econst)
                  003ef2c8    0000001c                    : s_scalbn.c.obj (.econst)
                  003ef2e4    00000018                    : s_sinf.c.obj (.econst)
                  003ef2fc    00000014     CSMON_C28xx.lib : csmon.obj (.econst:_CSMON_au8FileImplementedFunctionCodes)
                  003ef310    00000010     main.obj (.econst)
                  003ef320    0000000e     CSMON_C28xx.lib : csmon.obj (.econst:_CSMON_au8FileParameterNumbElementsCountInPartTable)
                  003ef32e    0000000c                     : hmprotocol.obj (.econst:.string)
                  003ef33a    0000000c     rts2800_ml.lib : s_floor.c.obj (.econst)
                  003ef346    00000006     CSMON_C28xx.lib : csmon.obj (.econst:_CSMON_au8FileParameterListElementsCountInPartTable)
                  003ef34c    00000004     rts2800_ml.lib : k_rem_pio2.c.obj (.econst:_init_jk)

.reset     0    003fffc0    00000002     DSECT
                  003fffc0    00000002     rts2800_ml.lib : boot28.asm.obj (.reset)

vectors    0    003fffc2    00000000     DSECT

DevEmuRegsFile 
*          1    00000880    00000004     UNINITIALIZED
                  00000880    00000004     F2806x_GlobalVariableDefs.obj (DevEmuRegsFile)

SysPwrCtrlRegsFile 
*          1    00000985    00000003     UNINITIALIZED
                  00000985    00000003     F2806x_GlobalVariableDefs.obj (SysPwrCtrlRegsFile)

FlashRegsFile 
*          1    00000a80    00000008     UNINITIALIZED
                  00000a80    00000008     F2806x_GlobalVariableDefs.obj (FlashRegsFile)

CsmRegsFile 
*          1    00000ae0    00000010     UNINITIALIZED
                  00000ae0    00000010     F2806x_GlobalVariableDefs.obj (CsmRegsFile)

AdcResultFile 
*          1    00000b00    00000010     UNINITIALIZED
                  00000b00    00000010     F2806x_GlobalVariableDefs.obj (AdcResultFile)

CpuTimer0RegsFile 
*          1    00000c00    00000008     UNINITIALIZED
                  00000c00    00000008     F2806x_GlobalVariableDefs.obj (CpuTimer0RegsFile)

CpuTimer1RegsFile 
*          1    00000c08    00000008     UNINITIALIZED
                  00000c08    00000008     F2806x_GlobalVariableDefs.obj (CpuTimer1RegsFile)

CpuTimer2RegsFile 
*          1    00000c10    00000008     UNINITIALIZED
                  00000c10    00000008     F2806x_GlobalVariableDefs.obj (CpuTimer2RegsFile)

PieCtrlRegsFile 
*          1    00000ce0    0000001a     UNINITIALIZED
                  00000ce0    0000001a     F2806x_GlobalVariableDefs.obj (PieCtrlRegsFile)

PieVectTableFile 
*          1    00000d00    00000100     UNINITIALIZED
                  00000d00    00000100     F2806x_GlobalVariableDefs.obj (PieVectTableFile)

EmuKeyVar 
*          1    00000d00    00000001     UNINITIALIZED
                  00000d00    00000001     F2806x_GlobalVariableDefs.obj (EmuKeyVar)

EmuBModeVar 
*          1    00000d01    00000001     UNINITIALIZED
                  00000d01    00000001     F2806x_GlobalVariableDefs.obj (EmuBModeVar)

FlashCallbackVar 
*          1    00000d02    00000002     UNINITIALIZED
                  00000d02    00000002     F2806x_GlobalVariableDefs.obj (FlashCallbackVar)

FlashScalingVar 
*          1    00000d04    00000002     UNINITIALIZED
                  00000d04    00000002     F2806x_GlobalVariableDefs.obj (FlashScalingVar)

DmaRegsFile 
*          1    00001000    000000e0     UNINITIALIZED
                  00001000    000000e0     F2806x_GlobalVariableDefs.obj (DmaRegsFile)

Cla1RegsFile 
*          1    00001400    00000040     UNINITIALIZED
                  00001400    00000040     F2806x_GlobalVariableDefs.obj (Cla1RegsFile)

Usb0RegsFile 
*          1    00004000    00000454     UNINITIALIZED
                  00004000    00000454     F2806x_GlobalVariableDefs.obj (Usb0RegsFile)

McbspaRegsFile 
*          1    00005000    00000024     UNINITIALIZED
                  00005000    00000024     F2806x_GlobalVariableDefs.obj (McbspaRegsFile)

ECanaRegsFile 
*          1    00006000    00000034     UNINITIALIZED
                  00006000    00000034     F2806x_GlobalVariableDefs.obj (ECanaRegsFile)

ECanaLAMRegsFile 
*          1    00006040    00000040     UNINITIALIZED
                  00006040    00000040     F2806x_GlobalVariableDefs.obj (ECanaLAMRegsFile)

ECanaMOTSRegsFile 
*          1    00006080    00000040     UNINITIALIZED
                  00006080    00000040     F2806x_GlobalVariableDefs.obj (ECanaMOTSRegsFile)

ECanaMOTORegsFile 
*          1    000060c0    00000040     UNINITIALIZED
                  000060c0    00000040     F2806x_GlobalVariableDefs.obj (ECanaMOTORegsFile)

ECanaMboxesFile 
*          1    00006100    00000100     UNINITIALIZED
                  00006100    00000100     F2806x_GlobalVariableDefs.obj (ECanaMboxesFile)

Comp1RegsFile 
*          1    00006400    00000014     UNINITIALIZED
                  00006400    00000014     F2806x_GlobalVariableDefs.obj (Comp1RegsFile)

Comp2RegsFile 
*          1    00006420    00000014     UNINITIALIZED
                  00006420    00000014     F2806x_GlobalVariableDefs.obj (Comp2RegsFile)

Comp3RegsFile 
*          1    00006440    00000014     UNINITIALIZED
                  00006440    00000014     F2806x_GlobalVariableDefs.obj (Comp3RegsFile)

EPwm1RegsFile 
*          1    00006800    00000040     UNINITIALIZED
                  00006800    00000040     F2806x_GlobalVariableDefs.obj (EPwm1RegsFile)

EPwm2RegsFile 
*          1    00006840    00000040     UNINITIALIZED
                  00006840    00000040     F2806x_GlobalVariableDefs.obj (EPwm2RegsFile)

EPwm3RegsFile 
*          1    00006880    00000040     UNINITIALIZED
                  00006880    00000040     F2806x_GlobalVariableDefs.obj (EPwm3RegsFile)

EPwm4RegsFile 
*          1    000068c0    00000040     UNINITIALIZED
                  000068c0    00000040     F2806x_GlobalVariableDefs.obj (EPwm4RegsFile)

EPwm5RegsFile 
*          1    00006900    00000040     UNINITIALIZED
                  00006900    00000040     F2806x_GlobalVariableDefs.obj (EPwm5RegsFile)

EPwm6RegsFile 
*          1    00006940    00000040     UNINITIALIZED
                  00006940    00000040     F2806x_GlobalVariableDefs.obj (EPwm6RegsFile)

EPwm7RegsFile 
*          1    00006980    00000040     UNINITIALIZED
                  00006980    00000040     F2806x_GlobalVariableDefs.obj (EPwm7RegsFile)

EPwm8RegsFile 
*          1    000069c0    00000040     UNINITIALIZED
                  000069c0    00000040     F2806x_GlobalVariableDefs.obj (EPwm8RegsFile)

ECap1RegsFile 
*          1    00006a00    00000020     UNINITIALIZED
                  00006a00    00000020     F2806x_GlobalVariableDefs.obj (ECap1RegsFile)

ECap2RegsFile 
*          1    00006a20    00000020     UNINITIALIZED
                  00006a20    00000020     F2806x_GlobalVariableDefs.obj (ECap2RegsFile)

ECap3RegsFile 
*          1    00006a40    00000020     UNINITIALIZED
                  00006a40    00000020     F2806x_GlobalVariableDefs.obj (ECap3RegsFile)

HRCap1RegsFile 
*          1    00006ac0    00000020     UNINITIALIZED
                  00006ac0    00000020     F2806x_GlobalVariableDefs.obj (HRCap1RegsFile)

HRCap2RegsFile 
*          1    00006ae0    00000020     UNINITIALIZED
                  00006ae0    00000020     F2806x_GlobalVariableDefs.obj (HRCap2RegsFile)

EQep1RegsFile 
*          1    00006b00    00000022     UNINITIALIZED
                  00006b00    00000022     F2806x_GlobalVariableDefs.obj (EQep1RegsFile)

EQep2RegsFile 
*          1    00006b40    00000022     UNINITIALIZED
                  00006b40    00000022     F2806x_GlobalVariableDefs.obj (EQep2RegsFile)

HRCap3RegsFile 
*          1    00006c80    00000020     UNINITIALIZED
                  00006c80    00000020     F2806x_GlobalVariableDefs.obj (HRCap3RegsFile)

HRCap4RegsFile 
*          1    00006ca0    00000020     UNINITIALIZED
                  00006ca0    00000020     F2806x_GlobalVariableDefs.obj (HRCap4RegsFile)

GpioCtrlRegsFile 
*          1    00006f80    00000040     UNINITIALIZED
                  00006f80    00000040     F2806x_GlobalVariableDefs.obj (GpioCtrlRegsFile)

GpioDataRegsFile 
*          1    00006fc0    00000020     UNINITIALIZED
                  00006fc0    00000020     F2806x_GlobalVariableDefs.obj (GpioDataRegsFile)

GpioIntRegsFile 
*          1    00006fe0    00000020     UNINITIALIZED
                  00006fe0    00000020     F2806x_GlobalVariableDefs.obj (GpioIntRegsFile)

SysCtrlRegsFile 
*          1    00007010    00000030     UNINITIALIZED
                  00007010    00000030     F2806x_GlobalVariableDefs.obj (SysCtrlRegsFile)

SpiaRegsFile 
*          1    00007040    00000010     UNINITIALIZED
                  00007040    00000010     F2806x_GlobalVariableDefs.obj (SpiaRegsFile)

SciaRegsFile 
*          1    00007050    00000010     UNINITIALIZED
                  00007050    00000010     F2806x_GlobalVariableDefs.obj (SciaRegsFile)

NmiIntruptRegsFile 
*          1    00007060    00000010     UNINITIALIZED
                  00007060    00000010     F2806x_GlobalVariableDefs.obj (NmiIntruptRegsFile)

XIntruptRegsFile 
*          1    00007070    00000010     UNINITIALIZED
                  00007070    00000010     F2806x_GlobalVariableDefs.obj (XIntruptRegsFile)

AdcRegsFile 
*          1    00007100    00000050     UNINITIALIZED
[...]
003eaee8  local     EQ3 (.text)
003eaf19  local     EQ4 (.text)
003eae56  global    LL$$DIV (.text)
003eae92  global    LL$$MOD (.text)
003eaf38  local     LOOP (.text)
003eaf27  local     MAINDIV (.text)
003eaf46  local     MD_NEQ (.text)
003eaf1b  local     MODUDenHighZero (.text)
003eae7d  local     RET1 (.text)
003eaeb8  local     RET2 (.text)
003eaee6  local     RET3 (.text)
003eaf15  local     RET4 (.text)
003eaeba  local     RET_NUM1 (.text)
003eaf17  local     RET_NUM2 (.text)
003eae86  local     SDIVUDenHighZero (.text)
003eaf50  local     SKIP (.text)
003eaf52  local     SKIP1 (.text)
003eaec0  local     SMODUDenHighZero (.text)
003eaecc  global    ULL$$DIV (.text)
003eaefb  global    ULL$$MOD (.text)


================================================================================

rts2800_ml.lib : u_div28.asm.obj

Run/Load            
Value     Binding   Name (Section)
--------  --------  ---------------
00000000  local     .bss (.bss)
00000000  local     .data (.data)
003ee2b0  local     .text (.text)
003ee2b0  global    U$$DIV (.text)
003ee2b5  global    U$$MOD (.text)


================================================================================

rts2800_ml.lib : u_tofd28.asm.obj

Run/Load            
Value     Binding   Name (Section)
--------  --------  ---------------
00000000  local     .bss (.bss)
00000000  local     .data (.data)
003ede6c  local     .text (.text)
003ede79  local     NORMALIZE (.text)
003ede81  local     OP_ZERO (.text)
003ede7b  local     PACK (.text)
003ede80  local     RETURN (.text)
003ede7e  local     RETURN_VALUE (.text)
003ede6c  global    U$$TOFD (.text)


================================================================================

rts2800_ml.lib : u_tofs28.asm.obj

Run/Load            
Value     Binding   Name (Section)
--------  --------  ---------------
00000000  local     .bss (.bss)
00000000  local     .data (.data)
003ee0a9  local     .text (.text)
003ee0b8  local     RESTORE (.text)
003ee0a9  global    U$$TOFS (.text)
003ee0b8  local     ZERO (.text)


================================================================================

rts2800_ml.lib : l_tofs28.asm.obj

Run/Load            
Value     Binding   Name (Section)
--------  --------  ---------------
00000000  local     .bss (.bss)
00000000  local     .data (.data)
003edceb  local     .text (.text)
003edceb  global    L$$TOFS (.text)
003edd01  local     OVERFLOW (.text)
003edd00  local     RETURN (.text)
003edd00  local     ZERO (.text)


================================================================================

rts2800_ml.lib : ul_tofs28.asm.obj

Run/Load            
Value     Binding   Name (Section)
--------  --------  ---------------
00000000  local     .bss (.bss)
00000000  local     .data (.data)
003edf51  local     .text (.text)
003edf59  local     LEFT_SHIFT (.text)
003edf5b  local     PACK (.text)
003edf63  local     RETURN (.text)
003edf51  global    UL$$TOFS (.text)
003edf63  local     ZERO (.text)


================================================================================

rts2800_ml.lib : prolog28.asm.obj

Run/Load            
Value     Binding   Name (Section)
--------  --------  ---------------
00000000  local     .bss (.bss)
00000000  local     .data (.data)
003edd69  local     .text (.text)
003edd69  global    _prolog_c28x_1 (.text)
003edd6d  global    _prolog_c28x_2 (.text)
003edd75  global    _prolog_c28x_3 (.text)


================================================================================

rts2800_ml.lib : fs_tofd28.asm.obj

Run/Load            
Value     Binding   Name (Section)
--------  --------  ---------------
00000000  local     .bss (.bss)
00000000  local     .data (.data)
003edbe0  local     .text (.text)
003edbe0  global    FS$$TOFD (.text)
003edbf4  local     OVERFLOW (.text)
003edbf3  local     RETURN (.text)
003edbf1  local     RETURN_VALUE (.text)
003edbfa  local     UNDERFLOW (.text)


================================================================================

rts2800_ml.lib : fd_div28.asm.obj

Run/Load            
Value     Binding   Name (Section)
--------  --------  ---------------
003ec2ce  local     $1_$3 (.text)
003ec2d9  local     $2_$3 (.text)
00000000  local     .bss (.bss)
00000000  local     .data (.data)
003ec292  local     .text (.text)
003ec2e8  local     DIV_END (.text)
003ec2c9  local     DIV_START (.text)
003ec292  global    FD$$DIV (.text)
003ec2eb  local     NORMALIZE (.text)
003ec315  local     OVERFLOW (.text)
003ec310  local     RETURN (.text)
003ec30e  local     RETURN_VALUE (.text)
003ec300  local     RND64_SET_MANT$3$ (.text)
003ec2f4  local     ROUND (.text)
003ec31b  local     UNDERFLOW (.text)


================================================================================

rts2800_ml.lib : cpy_tbl.c.obj

Run/Load            
Value     Binding   Name (Section)
--------  --------  ---------------
003ed895  local     $C$L1 (.text)
003ed8a8  local     $C$L2 (.text)
003ed8a9  local     $C$L3 (.text)
00000000  local     .bss (.bss)
00000000  local     .data (.data)
003ed88d  local     .text (.text)
003ed88d  global    _copy_in (.text)


================================================================================

rts2800_ml.lib : memcpy.c.obj

Run/Load            
Value     Binding   Name (Section)
--------  --------  ---------------
003edb59  local     $C$L1 (.text)
003edb5d  local     $C$L2 (.text)
003edb64  local     $C$L3 (.text)
003edb66  local     $C$L4 (.text)
003edb6e  local     $C$L5 (.text)
00000000  local     .bss (.bss)
00000000  local     .data (.data)
003edb53  local     .text (.text)
003edb53  global    _memcpy (.text)


================================================================================

rts2800_ml.lib : pre_init.c.obj

Run/Load            
Value     Binding   Name (Section)
--------  --------  ---------------
00000000  local     .bss (.bss)
00000000  local     .data (.data)
003ee83e  local     .text (.text)
003ee83e  global    __system_pre_init (.text)


================================================================================

rts2800_ml.lib : startup.c.obj

Run/Load            
Value     Binding   Name (Section)
--------  --------  ---------------
00000000  local     .bss (.bss)
00000000  local     .data (.data)
003ee842  local     .text (.text)
003ee842  global    __system_post_cinit (.text)


================================================================================

rts2800_ml.lib : e_rem_pio2f.c.obj

Run/Load            
Value     Binding   Name (Section)
--------  --------  ---------------
003ef2b8  local     $C$FL1 (.econst)
003ef2bc  local     $C$FL2 (.econst)
003ef2c0  local     $C$FL3 (.econst)
003ef2c4  local     $C$FL4 (.econst)
003ebe31  local     $C$L1 (.text)
003ebe3f  local     $C$L2 (.text)
003ebe6b  local     $C$L3 (.text)
003ebe70  local     $C$L4 (.text)
00000000  local     .bss (.bss)
00000000  local     .data (.data)
003ef2ac  local     .econst (.econst)
003ebdce  local     .text (.text)
003ebdce  global    ___rem_pio2f (.text)
003ef2ac  local     _invpio2 (.econst)
003ef2b0  local     _pio2_1 (.econst)
003ef2b4  local     _pio2_1t (.econst)


================================================================================

rts2800_ml.lib : k_rem_pio2.c.obj

Run/Load            
Value     Binding   Name (Section)
--------  --------  ---------------
003ef228  local     $C$FL1 (.econst)
003ef22c  local     $C$FL2 (.econst)
003ef230  local     $C$FL3 (.econst)
003ef234  local     $C$FL4 (.econst)
003ef238  local     $C$FL5 (.econst)
003ef23c  local     $C$FL6 (.econst)
003ef240  local     $C$FL7 (.econst)
003e9935  local     $C$L1 (.text)
003e99ef  local     $C$L10 (.text)
003e9a1c  local     $C$L11 (.text)
003e9a3c  local     $C$L12 (.text)
003e9a61  local     $C$L13 (.text)
003e9a80  local     $C$L14 (.text)
003e9a87  local     $C$L15 (.text)
003e9aa4  local     $C$L16 (.text)
003e9af2  local     $C$L17 (.text)
003e9b5e  local     $C$L18 (.text)
003e9b62  local     $C$L19 (.text)
003e995d  local     $C$L2 (.text)
003e9b70  local     $C$L20 (.text)
003e9b99  local     $C$L21 (.text)
003e9b9e  local     $C$L22 (.text)
003e9ba9  local     $C$L23 (.text)
003e9bb5  local     $C$L24 (.text)
003e9bba  local     $C$L25 (.text)
003e9bc0  local     $C$L26 (.text)
003e9bdd  local     $C$L27 (.text)
003e9be9  local     $C$L28 (.text)
003e9c14  local     $C$L29 (.text)
003e9968  local     $C$L3 (.text)
003e9c42  local     $C$L30 (.text)
003e9c8d  local     $C$L31 (.text)
003e9c92  local     $C$L32 (.text)
003e9caa  local     $C$L33 (.text)
003e9cb4  local     $C$L34 (.text)
003e9cc3  local     $C$L35 (.text)
003e9ccd  local     $C$L36 (.text)
003e9ce8  local     $C$L37 (.text)
003e9cf8  local     $C$L38 (.text)
003e9cfa  local     $C$L39 (.text)
003e9974  local     $C$L4 (.text)
003e9d1a  local     $C$L40 (.text)
003e9d42  local     $C$L41 (.text)
003e9d59  local     $C$L42 (.text)
003e9d6d  local     $C$L43 (.text)
003e9d9b  local     $C$L44 (.text)
003e9db9  local     $C$L45 (.text)
003e9dd7  local     $C$L46 (.text)
003e9e26  local     $C$L47 (.text)
003e9e60  local     $C$L48 (.text)
003e9e78  local     $C$L49 (.text)
003e9985  local     $C$L5 (.text)
003e9e89  local     $C$L50 (.text)
003e9ea6  local     $C$L51 (.text)
003e9ec1  local     $C$L52 (.text)
003e9ed4  local     $C$L53 (.text)
003e9ee5  local     $C$L54 (.text)
003e9ef3  local     $C$L55 (.text)
003e9efd  local     $C$L56 (.text)
003e9f1e  local     $C$L57 (.text)
003e9f2f  local     $C$L58 (.text)
003e9f3d  local     $C$L59 (.text)
003e9991  local     $C$L6 (.text)
003e9f47  local     $C$L60 (.text)
003e9f51  local     $C$L61 (.text)
003e9f64  local     $C$L62 (.text)
003e9f75  local     $C$L63 (.text)
003e9f83  local     $C$L64 (.text)
003e9f8d  local     $C$L65 (.text)
003e9f96  local     $C$L66 (.text)
003e99ae  local     $C$L7 (.text)
003e99d3  local     $C$L8 (.text)
003e99e8  local     $C$L9 (.text)
00000000  local     .bss (.bss)
00000000  local     .data (.data)
003ef218  local     .econst (.econst)
003ef26c  local     .econst:_PIo2 (.econst:_PIo2)
003ef34c  local     .econst:_init_jk (.econst:_init_jk)
003ef144  local     .econst:_ipio2 (.econst:_ipio2)
003e9907  local     .text (.text)
003ef26c  local     _PIo2 (.econst:_PIo2)
003e9907  global    ___kernel_rem_pio2 (.text)
003ef34c  local     _init_jk (.econst:_init_jk)
003ef144  local     _ipio2 (.econst:_ipio2)
003ef21c  local     _one (.econst)
003ef220  local     _two24 (.econst)
003ef224  local     _twon24 (.econst)
003ef218  local     _zero (.econst)


================================================================================

rts2800_ml.lib : exit.c.obj

Run/Load            
Value     Binding   Name (Section)
--------  --------  ---------------
003ed50e  local     $C$L1 (.text)
003ed521  local     $C$L2 (.text)
003ed52c  local     $C$L3 (.text)
003ed532  local     $C$L4 (.text)
00000000  local     .bss (.bss)
003ef9dc  local     .cinit (.cinit)
00000000  local     .data (.data)
0000b97a  local     .ebss (.ebss)
003ed50d  local     .text (.text)
003ed50d  global    C$$EXIT (.text)
0000b97c  global    ___TI_cleanup_ptr (.ebss)
0000b97e  global    ___TI_dtors_ptr (.ebss)
0000b97a  global    ___TI_enable_exit_profile_output (.ebss)
003ed50d  global    _abort (.text)
003ed50f  global    _exit (.text)


================================================================================

rts2800_ml.lib : _lock.c.obj

Run/Load            
Value     Binding   Name (Section)
--------  --------  ---------------
00000000  local     .bss (.bss)
003efb6a  local     .cinit:__lock (.cinit:__lock)
003efb6f  local     .cinit:__unlock (.cinit:__unlock)
00000000  local     .data (.data)
0000bdf8  local     .ebss:__lock (.ebss:__lock)
0000bdfa  local     .ebss:__unlock (.ebss:__unlock)
003ee361  local     .text (.text)
0000bdf8  global    __lock (.ebss:__lock)
003ee369  global    __nop (.text)
003ee365  global    __register_lock (.text)
003ee361  global    __register_unlock (.text)
0000bdfa  global    __unlock (.ebss:__unlock)


================================================================================

rts2800_ml.lib : args_main.c.obj

Run/Load            
Value     Binding   Name (Section)
--------  --------  ---------------
003ee043  local     $C$L1 (.text)
003ee046  local     $C$L2 (.text)
00000000  local     .bss (.bss)
00000000  local     .data (.data)
003ee038  local     .text (.text)
003ee038  global    __args_main (.text)


================================================================================

rts2800_ml.lib : strncpy.c.obj

Run/Load            
Value     Binding   Name (Section)
--------  --------  ---------------
00000004  local     $C$L1 (.text)
0000000b  local     $C$L2 (.text)
00000010  local     $C$L3 (.text)
00000014  local     $C$L4 (.text)
00000000  local     .bss (.bss)
00000000  local     .data (.data)
00000000  local     .text (.text)
00000000  global    _strncpy (.text)


================================================================================

rts2800_ml.lib : s_floor.c.obj

Run/Load            
Value     Binding   Name (Section)
--------  --------  ---------------
003ef33e  local     $C$FL1 (.econst)
003ef342  local     $C$FL2 (.econst)
003eb537  local     $C$L1 (.text)
003eb58f  local     $C$L10 (.text)
003eb5af  local     $C$L11 (.text)
003eb5b1  local     $C$L12 (.text)
003eb5bd  local     $C$L13 (.text)
003eb5c2  local     $C$L14 (.text)
003eb53c  local     $C$L2 (.text)
003eb53d  local     $C$L3 (.text)
003eb545  local     $C$L4 (.text)
003eb558  local     $C$L5 (.text)
003eb567  local     $C$L6 (.text)
003eb56a  local     $C$L7 (.text)
003eb586  local     $C$L8 (.text)
003eb58c  local     $C$L9 (.text)
00000000  local     .bss (.bss)
00000000  local     .data (.data)
003ef33a  local     .econst (.econst)
003eb4df  local     .text (.text)
003eb4df  global    _floorl (.text)
003ef33a  local     _huge (.econst)


================================================================================

rts2800_ml.lib : s_scalbn.c.obj

Run/Load            
Value     Binding   Name (Section)
--------  --------  ---------------
003ef2d4  local     $C$FL1 (.econst)
003ef2d8  local     $C$FL2 (.econst)
003ef2dc  local     $C$FL3 (.econst)
003ef2e0  local     $C$FL4 (.econst)
003ebbf8  local     $C$L1 (.text)
003ebc11  local     $C$L2 (.text)
003ebc23  local     $C$L3 (.text)
003ebc2e  local     $C$L4 (.text)
003ebc43  local     $C$L5 (.text)
003ebc49  local     $C$L6 (.text)
003ebc54  local     $C$L7 (.text)
003ebc74  local     $C$L8 (.text)
003ebc78  local     $C$L9 (.text)
00000000  local     .bss (.bss)
00000000  local     .data (.data)
003ef2c8  local     .econst (.econst)
003ebbd2  local     .text (.text)
003ebbd2  global    _ldexpl (.text)
003ebbd2  global    _scalbnl (.text)
003ef2d0  local     _tiny (.econst)
003ef2c8  local     _two54 (.econst)
003ef2cc  local     _twom54 (.econst)


================================================================================

rts2800_ml.lib : s_copysign.c.obj

Run/Load            
Value     Binding   Name (Section)
--------  --------  ---------------
003ed93b  local     $C$L1 (.text)
00000000  local     .bss (.bss)
00000000  local     .data (.data)
003ed91a  local     .text (.text)
003ed91a  global    _copysignl (.text)


================================================================================

rts2800_ml.lib : k_cosf.c.obj

Run/Load            
Value     Binding   Name (Section)
--------  --------  ---------------
003ef258  local     $C$FL1 (.econst)
003ef25c  local     $C$FL2 (.econst)
003ef260  local     $C$FL3 (.econst)
003ef264  local     $C$FL4 (.econst)
003ef268  local     $C$FL5 (.econst)
00000000  local     .bss (.bss)
00000000  local     .data (.data)
003ef244  local     .econst (.econst)
003ec42c  local     .text (.text)
003ef248  local     _C0 (.econst)
003ef24c  local     _C1 (.econst)
003ef250  local     _C2 (.econst)
003ef254  local     _C3 (.econst)
003ec42c  global    ___kernel_cosdf (.text)
003ef244  local     _one (.econst)


================================================================================

rts2800_ml.lib : k_sinf.c.obj

Run/Load            
Value     Binding   Name (Section)
--------  --------  ---------------
003ef29c  local     $C$FL1 (.econst)
003ef2a0  local     $C$FL2 (.econst)
003ef2a4  local     $C$FL3 (.econst)
003ef2a8  local     $C$FL4 (.econst)
00000000  local     .bss (.bss)
00000000  local     .data (.data)
003ef28c  local     .econst (.econst)
003ec170  local     .text (.text)
003ef28c  local     _S1 (.econst)
003ef290  local     _S2 (.econst)
003ef294  local     _S3 (.econst)
003ef298  local     _S4 (.econst)
003ec170  global    ___kernel_sindf (.text)


================================================================================

rts2800_ml.lib : fd_cmp28.asm.obj

Run/Load            
Value     Binding   Name (Section)
--------  --------  ---------------
00000000  local     .bss (.bss)
00000000  local     .data (.data)
003ed4e3  local     .text (.text)
003ed4f3  local     CHECK_INF (.text)
003ed4e3  global    FD$$CMP (.text)
003ed50a  local     NO_NEG (.text)
003ed50b  local     OP_EQUAL (.text)
003ed503  local     RETURN (.text)


================================================================================

rts2800_ml.lib : fd_tol28.asm.obj

Run/Load            
Value     Binding   Name (Section)
--------  --------  ---------------
00000000  local     .bss (.bss)
00000000  local     .data (.data)
003edac0  local     .text (.text)
003edac0  global    FD$$TOL (.text)
003edad9  local     OVERFLOW (.text)
003edad8  local     RETURN_VALUE (.text)
003edadd  local     UNDERFLOW (.text)


================================================================================

rts2800_ml.lib : ll_aox28.asm.obj

Run/Load            
Value     Binding   Name (Section)
--------  --------  ---------------
00000000  local     .bss (.bss)
00000000  local     .data (.data)
003eddca  local     .text (.text)
003eddca  global    LL$$AND (.text)
003eddd2  global    LL$$OR (.text)
003eddda  global    LL$$XOR (.text)


================================================================================

rts2800_ml.lib : i_div28.asm.obj

Run/Load            
Value     Binding   Name (Section)
--------  --------  ---------------
00000000  local     .bss (.bss)
00000000  local     .data (.data)
003ed93d  local     .text (.text)
003ed93d  global    I$$DIV (.text)
003ed94e  global    I$$MOD (.text)
003ed94d  local     RET1 (.text)
003ed95d  local     RET2 (.text)


================================================================================

rts2800_ml.lib : l_tofd28.asm.obj

Run/Load            
Value     Binding   Name (Section)
--------  --------  ---------------
003edc0a  local     $10 (.text)
00000000  local     .bss (.bss)
00000000  local     .data (.data)
003edbfc  local     .text (.text)
003edbfc  global    L$$TOFD (.text)
003edc16  local     OP_ZERO (.text)
003edc15  local     RETURN (.text)
003edc13  local     RETURN_VALUE (.text)


================================================================================

rts2800_ml.lib : fd_tofs28.asm.obj

Run/Load            
Value     Binding   Name (Section)
--------  --------  ---------------
00000000  local     .bss (.bss)
00000000  local     .data (.data)
003ed9a1  local     .text (.text)
003ed9ae  local     EXP_EVAL (.text)
003ed9a1  global    FD$$TOFS (.text)
003ed9ba  local     OVERFLOW (.text)
003ed9b9  local     RETURN_VALUE (.text)
003ed9c0  local     UNDERFLOW (.text)


================================================================================

rts2800_ml.lib : errno.c.obj

Run/Load            
Value     Binding   Name (Section)
--------  --------  ---------------
00000000  local     .bss (.bss)
003efbce  local     .cinit (.cinit)
00000000  local     .data (.data)
0000be18  local     .ebss (.ebss)
00000000  local     .text (.text)
0000be18  global    _errno (.ebss)


================================================================================

