******************************************************************************
             TMS320C2000 Linker PC v22.6.0                     
******************************************************************************
>> Linked Sun Oct 16 16:31:40 2022

OUTPUT FILE NAME:   <../../../04_Output_Files/Motor28062/TEST_CSMON_C28xx.out>
ENTRY POINT SYMBOL: "_c_int00"  address: 003ec4b5


MEMORY CONFIGURATION

         name            origin    length      used     unused   attr    fill
----------------------  --------  ---------  --------  --------  ----  --------
PAGE 0:
  RAML0                 00008000   00000800  00000029  000007d7  RWIX
  RAML1                 00008800   00000400  00000000  00000400  RWIX
  OTP                   003d7800   00000400  00000000  00000400  RWIX
  FLASH_APP             003e8000   0000dff0  000086de  00005912  RWIX
  CSM_RSVD              003f7f80   00000076  00000076  00000000  RWIX
  BEGIN                 003f7ff6   00000002  00000002  00000000  RWIX
  CSM_PWL_P0            003f7ff8   00000008  00000008  00000000  RWIX
  FPUTABLES             003fd590   000006a0  00000000  000006a0  RWIX
  IQTABLES              003fdf00   00000b50  00000000  00000b50  RWIX
  IQTABLES2             003fea50   0000008c  00000000  0000008c  RWIX
  IQTABLES3             003feadc   000000aa  00000000  000000aa  RWIX
  ROM                   003ff3b0   00000c10  00000000  00000c10  RWIX
  RESET                 003fffc0   00000002  00000000  00000002  RWIX
  VECTORS               003fffc2   0000003e  00000000  0000003e  RWIX

PAGE 1:
  BOOT_RSVD             00000000   00000050  00000000  00000050  RWIX
  RAMM0                 00000050   000003b0  00000380  00000030  RWIX
  RAMM1                 00000400   00000400  00000000  00000400  RWIX
  DEV_EMU               00000880   00000105  00000004  00000101  RWIX
  SYS_PWR_CTL           00000985   00000003  00000003  00000000  RWIX
  FLASH_REGS            00000a80   00000060  00000008  00000058  RWIX
  CSM                   00000ae0   00000020  00000010  00000010  RWIX
  ADC_RESULT            00000b00   00000020  00000010  00000010  RWIX
  CPU_TIMER0            00000c00   00000008  00000008  00000000  RWIX
  CPU_TIMER1            00000c08   00000008  00000008  00000000  RWIX
  CPU_TIMER2            00000c10   00000008  00000008  00000000  RWIX
  PIE_CTRL              00000ce0   00000020  0000001a  00000006  RWIX
  PIE_VECT              00000d00   00000100  00000100  00000000  RWIX
  DMA                   00001000   00000200  000000e0  00000120  RWIX
  CLA1                  00001400   00000080  00000040  00000040  RWIX
  USB0                  00004000   00001000  00000454  00000bac  RWIX
  McBSPA                00005000   00000040  00000024  0000001c  RWIX
  ECANA                 00006000   00000040  00000034  0000000c  RWIX
  ECANA_LAM             00006040   00000040  00000040  00000000  RWIX
  ECANA_MOTS            00006080   00000040  00000040  00000000  RWIX
  ECANA_MOTO            000060c0   00000040  00000040  00000000  RWIX
  ECANA_MBOX            00006100   00000100  00000100  00000000  RWIX
  COMP1                 00006400   00000020  00000014  0000000c  RWIX
  COMP2                 00006420   00000020  00000014  0000000c  RWIX
  COMP3                 00006440   00000020  00000014  0000000c  RWIX
  EPWM1                 00006800   00000040  00000040  00000000  RWIX
  EPWM2                 00006840   00000040  00000040  00000000  RWIX
  EPWM3                 00006880   00000040  00000040  00000000  RWIX
  EPWM4                 000068c0   00000040  00000040  00000000  RWIX
  EPWM5                 00006900   00000040  00000040  00000000  RWIX
  EPWM6                 00006940   00000040  00000040  00000000  RWIX
  EPWM7                 00006980   00000040  00000040  00000000  RWIX
  EPWM8                 000069c0   00000040  00000040  00000000  RWIX
  ECAP1                 00006a00   00000020  00000020  00000000  RWIX
  ECAP2                 00006a20   00000020  00000020  00000000  RWIX
  ECAP3                 00006a40   00000020  00000020  00000000  RWIX
  HRCAP1                00006ac0   00000020  00000020  00000000  RWIX
  HRCAP2                00006ae0   00000020  00000020  00000000  RWIX
  EQEP1                 00006b00   00000040  00000022  0000001e  RWIX
  EQEP2                 00006b40   00000040  00000022  0000001e  RWIX
  HRCAP3                00006c80   00000020  00000020  00000000  RWIX
  HRCAP4                00006ca0   00000020  00000020  00000000  RWIX
  GPIOCTRL              00006f80   00000040  00000040  00000000  RWIX
  GPIODAT               00006fc0   00000020  00000020  00000000  RWIX
  GPIOINT               00006fe0   00000020  00000020  00000000  RWIX
  SYSTEM                00007010   00000030  00000030  00000000  RWIX
  SPIA                  00007040   00000010  00000010  00000000  RWIX
  SCIA                  00007050   00000010  00000010  00000000  RWIX
  NMIINTRUPT            00007060   00000010  00000010  00000000  RWIX
  XINTRUPT              00007070   00000010  00000010  00000000  RWIX
  ADC                   00007100   00000080  00000050  00000030  RWIX
  SPIB                  00007740   00000010  00000010  00000000  RWIX
  SCIB                  00007750   00000010  00000010  00000000  RWIX
  I2CA                  00007900   00000040  00000022  0000001e  RWIX
  RAML2                 00008c00   00000400  00000400  00000000  RWIX
  RAML34                00009000   00003000  00003000  00000000  RWIX
  RAML5                 0000c000   00002000  00000093  00001f6d  RWIX
  RAML6                 0000e000   00002000  00000000  00002000  RWIX
  RAML7                 00010000   00002000  00000000  00002000  RWIX
  RAML8                 00012000   00002000  00000000  00002000  RWIX
  USB_RAM               00040000   00000800  00000000  00000800  RWIX
  PARTID                003d7e80   00000001  00000001  00000000  RWIX
  CSM_PWL               003f7ff8   00000008  00000008  00000000  RWIX


SECTION ALLOCATION MAP

 output                                  attributes/
section   page    origin      length       input sections
--------  ----  ----------  ----------   ----------------
.cinit     0    003efeae    00000831     
                  003efeae    000001f3     CSMON_C28xx.lib : hmmodbus.obj (.cinit)
                  003f00a1    00000173     main.obj (.cinit)
                  003f0214    000000f1     CSMON_C28xx.lib : csmon.obj (.cinit)
                  003f0305    0000009c                     : modbusreg.obj (.cinit)
                  003f03a1    00000030                     : csmon.obj (.cinit:_CSMON_au8FileRecorderConfigElementsSizeTable)
                  003f03d1    0000002b                     : csmon.obj (.cinit:_CSMON_au8FileScopeConfigurationElementsSizeTable)
                  003f03fc    00000017                     : csmon.obj (.cinit:_CSMON_au8FileRecorderDataElementsSizeTable)
                  003f0413    00000015                     : csmon.obj (.cinit:_CSMON_sFileAutorization)
                  003f0428    00000014                     : hmdrv.obj (.cinit)
                  003f043c    00000014                     : hmprotocol.obj (.cinit)
                  003f0450    00000013                     : modbusreg.obj (.cinit:_MODBUSREG_au8DeviceIDUserApplicationName)
                  003f0463    00000013                     : modbusreg.obj (.cinit:_MODBUSREG_au8DeviceIDVendorUrl)
                  003f0476    00000013                     : modbusreg.obj (.cinit:_MODBUSREG_au8ServerIDData)
                  003f0489    00000013                     : hmrecparam.obj (.cinit:_sRecStatusParam)
                  003f049c    00000010     rtc_drv.obj (.cinit)
                  003f04ac    0000000f     CSMON_C28xx.lib : csmon.obj (.cinit:_CSMON_sDateTime)
                  003f04bb    0000000f                     : csmon.obj (.cinit:_CSMON_sDateTimeApplication)
                  003f04ca    0000000f                     : csmon.obj (.cinit:_CSMON_sDateTimeDefault)
                  003f04d9    0000000f                     : modbusreg.obj (.cinit:_MODBUSREG_au8DeviceIDModelName)
                  003f04e8    0000000f     device.obj (.cinit)
                  003f04f7    0000000e     rts2800_ml.lib : exit.c.obj (.cinit)
                  003f0505    0000000d     CSMON_C28xx.lib : csmon.obj (.cinit:_CSMON_au8FileParameterCountElementsSizeTable)
                  003f0512    0000000d                     : csmon.obj (.cinit:_CSMON_au8FileRTCElementsSizeTable)
                  003f051f    0000000d                     : csmon.obj (.cinit:_sHashKey)
                  003f052c    0000000d     tmr_drv.obj (.cinit)
                  003f0539    0000000c     CSMON_C28xx.lib : modbusreg.obj (.cinit:_MODBUSREG_au8DeviceIDProductName)
                  003f0545    0000000c                     : modbusreg.obj (.cinit:_MODBUSREG_au8DeviceIDUserReserve0)
                  003f0551    0000000c                     : modbusreg.obj (.cinit:_MODBUSREG_au8DeviceIDUserReserve1)
                  003f055d    0000000c                     : modbusreg.obj (.cinit:_MODBUSREG_au8DeviceIDUserReserve2)
                  003f0569    0000000c                     : modbusreg.obj (.cinit:_MODBUSREG_au8DeviceIDVendorName)
                  003f0575    0000000b                     : hmrecparam.obj (.cinit:_HMRECPRM_sDateTime)
                  003f0580    0000000b     main.obj (.cinit:_MAIN_sDateTimeGet)
                  003f058b    0000000b     main.obj (.cinit:_MAIN_sDateTimeSet)
                  003f0596    0000000b     uart_driver.obj (.cinit:_UART_DRV_RXIntOverflowCounter)
                  003f05a1    0000000b     uart_driver.obj (.cinit:_UART_DRV_u32TimeDiffLast)
                  003f05ac    0000000b     uart_driver.obj (.cinit:_UART_DRV_u32TimeDiffNow)
                  003f05b7    0000000b     CSMON_C28xx.lib : uart_drv.obj (.cinit:_UART_RXIntOverflowCounter)
                  003f05c2    0000000b     tmr_drv.obj (.cinit:_pfDelayedFunction)
                  003f05cd    0000000b     tmr_drv.obj (.cinit:_pfDelayedFunction_u8)
                  003f05d8    0000000b     CSMON_C28xx.lib : hmrecparam.obj (.cinit:_sRecStatusParamInternal)
                  003f05e3    0000000b                     : uart_drv.obj (.cinit:_u32TimeDiffLast)
                  003f05ee    0000000b                     : uart_drv.obj (.cinit:_u32TimeDiffNow)
                  003f05f9    0000000b                     : uart_drv.obj (.cinit:_u32TimeDiffRead)
                  003f0604    00000009                     : hmserial.obj (.cinit)
                  003f060d    00000009                     : csmon.obj (.cinit:_CSMON_au32FileAutorization_FunctionAfterWriteFileRecord)
                  003f0616    00000009                     : csmon.obj (.cinit:_CSMON_sFileParameterCount)
                  003f061f    00000008                     : hmlib.obj (.cinit)
                  003f0627    00000007                     : csmon.obj (.cinit:_CSMON_au8FileRecorderStatusElementsSizeTable)
                  003f062e    00000007                     : modbusreg.obj (.cinit:_MODBUSREG_au8DeviceIDMajorMinorRevision)
                  003f0635    00000007                     : modbusreg.obj (.cinit:_MODBUSREG_au8DeviceIDProductCode)
                  003f063c    00000007                     : uart_drv.obj (.cinit:_UARTRxBufferRDCount)
                  003f0643    00000007                     : uart_drv.obj (.cinit:_UARTRxBufferRDIndex)
                  003f064a    00000007                     : uart_drv.obj (.cinit:_UARTRxBufferWRCount)
                  003f0651    00000007                     : uart_drv.obj (.cinit:_UARTRxBufferWRIndex)
                  003f0658    00000007     uart_driver.obj (.cinit:_UART_DRV_RxBufferRDCount)
                  003f065f    00000007     uart_driver.obj (.cinit:_UART_DRV_RxBufferWRCount)
                  003f0666    00000007     uart_driver.obj (.cinit:_UART_DRV_RxBufferWRIndex)
                  003f066d    00000006     CSMON_C28xx.lib : csmon.obj (.cinit:_CSMON_abFileAutorization_RecordReadOnly)
                  003f0673    00000006                     : csmon.obj (.cinit:_CSMON_abFileAutorization_RecordStringData)
                  003f0679    00000006                     : csmon.obj (.cinit:_CSMON_au16FileAutorization_RecordOffsets)
                  003f067f    00000006                     : csmon.obj (.cinit:_CSMON_sFileProtocolVersion)
                  003f0685    00000005     rts2800_ml.lib : _lock.c.obj (.cinit:__lock)
                  003f068a    00000005                    : _lock.c.obj (.cinit:__unlock)
                  003f068f    00000005     CSMON_C28xx.lib : hmscopeparam.obj (.cinit:_pBufferScope)
                  003f0694    00000005                     : csmon.obj (.cinit:_sFileParameterNumericOffsetDefault)
                  003f0699    00000004                     : hmscopeparam.obj (.cinit)
                  003f069d    00000004                     : uart_drv.obj (.cinit)
                  003f06a1    00000004                     : csmon.obj (.cinit:_CSMON_au8FileParameterListElementsSizeTablePart1_1)
                  003f06a5    00000004                     : csmon.obj (.cinit:_CSMON_au8FileParameterListElementsSizeTablePart1_2)
                  003f06a9    00000004                     : csmon.obj (.cinit:_CSMON_au8FileParameterListElementsSizeTablePart1_3)
                  003f06ad    00000004                     : csmon.obj (.cinit:_CSMON_au8FileParameterListElementsSizeTablePart1_4)
                  003f06b1    00000004                     : csmon.obj (.cinit:_CSMON_au8FileParameterListElementsSizeTablePart2)
                  003f06b5    00000004                     : csmon.obj (.cinit:_CSMON_au8FileParameterListElementsSizeTablePart3)
                  003f06b9    00000004                     : csmon.obj (.cinit:_CSMON_au8FileParameterNumbElementsSizeTablePart16Bits)
                  003f06bd    00000004                     : csmon.obj (.cinit:_CSMON_au8FileParameterNumbElementsSizeTablePart32Bits)
                  003f06c1    00000004                     : csmon.obj (.cinit:_CSMON_au8FileRecorderDataElementsSizeTableUsedLength)
                  003f06c5    00000004                     : csmon.obj (.cinit:_CSMON_au8FileScopeStatusElementsSizeTable)
                  003f06c9    00000004                     : csmon.obj (.cinit:_CSMON_sFileParameterAccessList)
                  003f06cd    00000004                     : hmmodbus.obj (.cinit:_HMMODBUS_u32RegisterAddressDummyuSize)
                  003f06d1    00000004                     : modbusreg.obj (.cinit:_MODBUSREG_asFileTable)
                  003f06d5    00000004                     : csmon.obj (.cinit:_sFileParameterNumericVisualTypeDefault)
                  003f06d9    00000004     rts2800_ml.lib : errno.c.obj (.cinit)
                  003f06dd    00000002     --HOLE-- [fill = 0]

.pinit     0    003e8000    00000000     UNINITIALIZED

.text      0    003e8000    00006078     
                  003e8000    0000134c     CSMON_C28xx.lib : hmmodbus.obj (.text:_HMMODBUS_bDecoder)
                  003e934c    000006ea                     : modbusreg.obj (.text:_MODBUSREG_AddressTablesInit)
                  003e9a36    00000698     rts2800_ml.lib : k_rem_pio2.c.obj (.text)
                  003ea0ce    000001ac     main.obj (.text:_main)
                  003ea27a    0000017f     CSMON_C28xx.lib : csmon.obj (.text:_CSMON_eSetUpRecParam)
                  003ea3f9    00000167                     : csmon.obj (.text:_CSMON_eProcess)
                  003ea560    00000146                     : hmmodbus.obj (.text:_HMMODBUS_Rx)
                  003ea6a6    0000011b                     : hmmodbus.obj (.text:_HMMODBUS_vSetFreeRunTimerPrescaller)
                  003ea7c1    00000114     rts2800_ml.lib : s_sinf.c.obj (.text)
                  003ea8d5    00000107                    : ll_div28.asm.obj (.text)
                  003ea9dc    000000f5     CSMON_C28xx.lib : hmdrv.obj (.text:_HMDRV_vInit)
                  003eaad1    000000f1                     : csmon.obj (.text:_CSMON_vFileRecoderStatusFix)
                  003eabc2    000000e9                     : hmprotocol.obj (.text:_HMPROTOCOL_bDecoder)
                  003eacab    000000e8                     : hmrecparam.obj (.text:_HMRECPRM_vProcess)
                  003ead93    000000e8     rts2800_ml.lib : s_floor.c.obj (.text)
                  003eae7b    000000e4     main.obj (.text:_ControlProcess)
                  003eaf5f    000000d3     CSMON_C28xx.lib : csmon.obj (.text:_CSMON_vSetupHoldingRegistersAndCoilsAddressTableFromCSMONParameterList)
                  003eb032    000000c4                     : csmon.obj (.text:_CSMON_vInitParameterListRealAddressRecordTables)
                  003eb0f6    000000bc                     : hmrecparam.obj (.text:_HMRECPRM_SetUpRec)
                  003eb1b2    000000ba                     : csmon.obj (.text:_CSMON_eInit)
                  003eb26c    000000b8                     : hmrec.obj (.text:_HMREC_SetUpRec)
                  003eb324    000000aa                     : hmdrv.obj (.text:_HMDRV_CopyFromBufferInternalModbusBitField)
                  003eb3ce    000000aa     rts2800_ml.lib : s_scalbn.c.obj (.text)
                  003eb478    000000a7                    : e_rem_pio2f.c.obj (.text)
                  003eb51f    000000a3     tmr_drv.obj (.text:_TMR2_ISR)
                  003eb5c2    0000009d     CSMON_C28xx.lib : csmon.obj (.text:_CSMON_vPrepareFileParameterAccessList)
                  003eb65f    0000009d                     : hmmodbus.obj (.text:_HMMODBUS_GetRealRegisterAddressAndSize)
                  003eb6fc    0000009c     rts2800_ml.lib : fd_add28.asm.obj (.text)
                  003eb798    00000099     main.obj (.text:_RecordersInitialization)
                  003eb831    00000097     main.obj (.text:_ParameterInitialization)
                  003eb8c8    00000092     CSMON_C28xx.lib : hmdrv.obj (.text:_HMDRV_CopyMemory)
                  003eb95a    00000092                     : hmdrv.obj (.text:_HMDRV_CopyToBufferInternalModbus)
                  003eb9ec    00000092     rts2800_ml.lib : k_sinf.c.obj (.text)
                  003eba7e    00000090     CSMON_C28xx.lib : csmon.obj (.text:_CSMON_vSetDateTimeAutorization)
                  003ebb0e    0000008b     rts2800_ml.lib : fd_div28.asm.obj (.text)
                  003ebb99    00000087     CSMON_C28xx.lib : hmrecparam.obj (.text:_HMRECPRM_SetUpRecParamStatusDateTime)
                  003ebc20    00000087     rts2800_ml.lib : k_cosf.c.obj (.text)
                  003ebca7    00000083     CSMON_C28xx.lib : hmdrv.obj (.text:_HMDRV_CopyFromBufferInternalModbus)
                  003ebd2a    00000083     rts2800_ml.lib : fd_mpy28.asm.obj (.text)
                  003ebdad    00000083                    : fs_div28.asm.obj (.text)
                  003ebe30    0000007f     CSMON_C28xx.lib : hmserial.obj (.text:_HMSERIAL_vProcessSCI)
                  003ebeaf    00000078     rts2800_ml.lib : fs_add28.asm.obj (.text)
                  003ebf27    0000006a     CSMON_C28xx.lib : hmserial.obj (.text:_HMSERIAL_Rx)
                  003ebf91    00000068                     : hmmodbus.obj (.text:_HMMODBUS_vProcessSCI)
                  003ebff9    00000068                     : hmprotocol.obj (.text:_HMPROTOCOL_GetBoardInfo)
                  003ec061    00000067                     : hmmodbus.obj (.text:_HMMODBUS_CopyFromBuffer)
                  003ec0c8    00000064                     : hmrec.obj (.text:_HMREC_vProcess)
                  003ec12c    00000064                     : modbusreg.obj (.text:_MODBUSREG_vInit)
                  003ec190    0000005f     F2806x_SysCtrl.obj (.text:_InitPeripheralClocks)
                  003ec1ef    0000005d     CSMON_C28xx.lib : uart_drv.obj (.text:_UART_RXInterrupt)
                  003ec24c    0000005a     gpio.obj (.text:_GPIO_setPinConfigOutput)
                  003ec2a6    0000005a     rts2800_ml.lib : fs_mpy28.asm.obj (.text)
                  003ec300    00000059     CSMON_C28xx.lib : csmon.obj (.text:_CSMON_vUpdateDateTimeFromApplication)
                  003ec359    00000059                     : hmmodbus.obj (.text:_vSetElementsSize)
                  003ec3b2    00000057                     : csmon.obj (.text:_CSMON_bCheckValidDateTime)
                  003ec409    00000057     uart_driver.obj (.text:_UART_DRV_RXInterrupt)
                  003ec460    00000055     CSMON_C28xx.lib : modbusreg.obj (.text:_MODBUSREG_FileRecorderExternalUpdateInit)
                  003ec4b5    00000054     rts2800_ml.lib : boot28.asm.obj (.text)
                  003ec509    00000051     F2806x_SysCtrl.obj (.text:_InitPll)
                  003ec55a    0000004f     CSMON_C28xx.lib : csmon.obj (.text:_CSMON_eSetRecorderTriggerAtPosition)
                  003ec5a9    0000004f     device.obj (.text:_Device_CsmUnlock)
                  003ec5f8    0000004e     CSMON_C28xx.lib : hmmodbus.obj (.text:_HMMODBUS_GetRegisterFunction)
                  003ec646    0000004e                     : hmrecparam.obj (.text:_HMRECPRM_StartRecParam)
                  003ec694    0000004c                     : hmmodbus.obj (.text:_HMMODBUS_vSendResponse)
                  003ec6e0    0000004c                     : hmrecparam.obj (.text:_HMRECPRM_vTimeSync)
                  003ec72c    00000047                     : hmmodbus.obj (.text:_HMMODBUS_CopyToBuffer)
                  003ec773    00000047                     : hmscopeparam.obj (.text:_HMSCOPEPRM_SetUpScope)
                  003ec7ba    00000045     main.obj (.text:_ExternalParametersInitialization)
                  003ec7ff    00000043     CSMON_C28xx.lib : hmscopeparam.obj (.text:_HMSCOPEPRM_ReadScope)
                  003ec842    00000042     interrupt.obj (.text:_Interrupt_enable)
                  003ec884    0000003f     CSMON_C28xx.lib : hmdrv.obj (.text:_HMDRV_CopyFromBufferInternal)
                  003ec8c3    0000003d                     : hmmodbus.obj (.text:_vSetStartSampleIndex)
                  003ec900    0000003c     tmr_drv.obj (.text:_configCPUTimer)
                  003ec93c    0000003b     CSMON_C28xx.lib : csmon.obj (.text:_CSMON_u16FindIndexParameterTable)
                  003ec977    0000003b                     : csmon.obj (.text:_CSMON_u32GetRealAddressAndSizeOffsetFromParameter)
                  003ec9b2    0000003b                     : hmscope.obj (.text:_HMSCOPE_SetUpScope)
                  003ec9ed    00000038                     : csmon.obj (.text:_CSMON_eSetRecorderConfigurationSkipSamples)
                  003eca25    00000038     device.obj (.text:_Device_init)
                  003eca5d    00000038     CSMON_C28xx.lib : uart_drv.obj (.text:_UART_ReadDataRx)
                  003eca95    00000036                     : csmon.obj (.text:_CSMON_vRecorderParamStartStopProcess)
                  003ecacb    00000036                     : hmscope.obj (.text:_HMSCOPE_ReadScope)
                  003ecb01    00000036                     : hmserial.obj (.text:_HMSERIAL_vSendResponse)
                  003ecb37    00000035                     : hmdrv.obj (.text:_HMDRV_CopyToBufferInternal)
                  003ecb6c    00000033                     : hmmodbus.obj (.text:_HMMODBUS_Listen)
                  003ecb9f    0000002e                     : hmserial.obj (.text:_HMSERIAL_vProcessSCIFreemasterOnly)
                  003ecbcd    0000002d                     : csmon.obj (.text:_CSMON_eSetParameterInRecorderAtPosition)
                  003ecbfa    0000002d                     : csmon.obj (.text:_CSMON_eSetParameterInScopeAtPosition)
                  003ecc27    0000002d                     : csmon.obj (.text:_CSMON_vInitRecorders)
                  003ecc54    0000002d                     : csmon.obj (.text:_CSMON_vSetupHoldingRegistersAndCoilsAddressTableAccessAll)
                  003ecc81    0000002d                     : hmserial.obj (.text:_HMSERIAL_Listen)
                  003eccae    0000002d                     : hmrecparam.obj (.text:_RecorderTimeFromLocalDateTime)
                  003eccdb    0000002b                     : hmrecparam.obj (.text:_FillTimeData)
                  003ecd06    0000002a                     : modbusreg.obj (.text:_MODBUSREG_vInitHoldingRegistersTableChangesExternalList)
                  003ecd30    0000002a     rts2800_ml.lib : fd_cmp28.asm.obj (.text)
                  003ecd5a    00000029                    : exit.c.obj (.text)
                  003ecd83    00000029                    : fs_tol28.asm.obj (.text)
                  003ecdac    00000028     CSMON_C28xx.lib : csmon.obj (.text:_CSMON_bAutorizationPasswordCheck)
                  003ecdd4    00000028     main.obj (.text:_ScopesInitialization)
                  003ecdfc    00000027     CSMON_C28xx.lib : hmserial.obj (.text:_HMSERIAL_vProcessSCITXISR)
                  003ece23    00000026                     : hmdrv.obj (.text:_HMDRV_CopyFromBufferInternalWithMaskModbus)
                  003ece49    00000025                     : hmserial.obj (.text:_HMSERIAL_Tx)
                  003ece6e    00000025     rts2800_ml.lib : fs_toi28.asm.obj (.text)
                  003ece93    00000024     CSMON_C28xx.lib : csmon.obj (.text:_CSMON_vAutorizationReset)
                  003eceb7    00000024                     : hmprotocol.obj (.text:_HMPROTOCOL_ReadMem)
                  003ecedb    00000024                     : hmrecparam.obj (.text:_RecorderDateFromLocalDateTime)
                  003eceff    00000024     sci_driver.obj (.text:_SCIA_DRV_RXFIFOISR)
                  003ecf23    00000024     sci_driver.obj (.text:_SCIA_DRV_TXFIFOISR)
                  003ecf47    00000024     sci_drv.obj (.text:_SCIA_RXFIFOISR)
                  003ecf6b    00000024     sci_drv.obj (.text:_SCIA_TXFIFOISR)
                  003ecf8f    00000024     sci_driver.obj (.text:_SCIB_DRV_RXFIFOISR)
                  003ecfb3    00000024     sci_driver.obj (.text:_SCIB_DRV_TXFIFOISR)
                  003ecfd7    00000024     sci_drv.obj (.text:_SCIB_RXFIFOISR)
                  003ecffb    00000024     sci_drv.obj (.text:_SCIB_TXFIFOISR)
                  003ed01f    00000024     tmr_drv.obj (.text:_TMR_vInit)
                  003ed043    00000024     CSMON_C28xx.lib : hmmodbus.obj (.text:_vSetSampleCountAvailable)
                  003ed067    00000024     rts2800_ml.lib : cpy_tbl.c.obj (.text)
                  003ed08b    00000023     CSMON_C28xx.lib : csmon.obj (.text:_CSMON_eSetParameterListRealAddress)
                  003ed0ae    00000023                     : csmon.obj (.text:_CSMON_vRecorderParamSetupProcess)
                  003ed0d1    00000023                     : hmlib.obj (.text:_HMLIB_vInit)
                  003ed0f4    00000023                     : modbusreg.obj (.text:_MODBUSREG_FileRecorderElementSizeTableUsedSizeUpdateInit)
                  003ed117    00000023     rts2800_ml.lib : s_copysign.c.obj (.text)
                  003ed13a    00000022                    : i_div28.asm.obj (.text)
                  003ed15c    00000021     CSMON_C28xx.lib : csmon.obj (.text:_CSMON_eSetParameterListParameterID)
                  003ed17d    00000021                     : hmdrv.obj (.text:_HMDRV_CopyFromBufferInternalWithMask)
                  003ed19e    00000021     sci.obj (.text:_SCI_setConfig)
                  003ed1bf    00000021     rts2800_ml.lib : fd_tofs28.asm.obj (.text)
                  003ed1e0    00000021                    : fs_toul28.asm.obj (.text)
                  003ed201    00000020     CSMON_C28xx.lib : hmdrv.obj (.text:_HMDRV_vProcess)
                  003ed221    00000020     tmr_drv.obj (.text:_TMR_vInitCPUTimers)
                  003ed241    00000020     CSMON_C28xx.lib : hmmodbus.obj (.text:_vSetSampleCountBuffer)
                  003ed261    0000001f                     : hmmodbus.obj (.text:_HMMODBUS_vInit)
                  003ed280    0000001f     F2806x_PieCtrl.obj (.text:_InitPieCtrl)
                  003ed29f    0000001f     CSMON_C28xx.lib : hmmodbus.obj (.text:_vSetSampleSize)
                  003ed2be    0000001f     rts2800_ml.lib : fd_tol28.asm.obj (.text)
                  003ed2dd    0000001d     CSMON_C28xx.lib : hmmodbus.obj (.text:_HMMODBUS_Tx)
                  003ed2fa    0000001d                     : hmrecparam.obj (.text:_HMRECPRM_GetRecBuffFreemaster)
                  003ed317    0000001d                     : hmrec.obj (.text:_HMREC_GetRecBuffFreemaster)
                  003ed334    0000001d     rts2800_ml.lib : fs_tou28.asm.obj (.text)
                  003ed351    0000001d                    : memcpy.c.obj (.text)
                  003ed36e    0000001c     main.obj (.text:_CSMON_vGetDateTime)
                  003ed38a    0000001c     CSMON_C28xx.lib : csmon.obj (.text:_HMRECPRM_vGetDateTime)
                  003ed3a6    0000001c     sci.obj (.text:_SCI_clearInterruptStatus)
                  003ed3c2    0000001c     CSMON_C28xx.lib : hmmodbus.obj (.text:_vSetIndexFileTable)
                  003ed3de    0000001c     rts2800_ml.lib : fs_tofd28.asm.obj (.text)
                  003ed3fa    0000001c                    : l_tofd28.asm.obj (.text)
                  003ed416    0000001b     device.obj (.text:_Device_initGPIO)
                  003ed431    0000001b     CSMON_C28xx.lib : hmdrv.obj (.text:_HMDRV_AddressToBuffer)
                  003ed44c    0000001b     rts2800_ml.lib : fd_toul28.asm.obj (.text)
                  003ed467    0000001a     CSMON_C28xx.lib : hmmodbus.obj (.text:_HMMODBUS_vProcessSCITXISR)
                  003ed481    0000001a                     : hmrecparam.obj (.text:_HMRECPRM_StartRec)
                  003ed49b    0000001a                     : hmserial.obj (.text:_HMSERIAL_vProcessSCITXISRFreemasterOnly)
                  003ed4b5    0000001a     sci.obj (.text:_SCI_disableInterrupt)
                  003ed4cf    0000001a     sci.obj (.text:_SCI_enableInterrupt)
                  003ed4e9    0000001a     rts2800_ml.lib : l_tofs28.asm.obj (.text)
                  003ed503    00000019     CSMON_C28xx.lib : csmon.obj (.text:_CSMON_eSetParameterCountInRecorder)
                  003ed51c    00000019                     : hmdrv.obj (.text:_HMDRV_AddressFromBuffer)
                  003ed535    00000019                     : uart_drv.obj (.text:_UART_vInit)
                  003ed54e    00000019                     : hmmodbus.obj (.text:_bGetFileReadAccess)
                  003ed567    00000019     rts2800_ml.lib : prolog28.asm.obj (.text)
                  003ed580    00000018     CSMON_C28xx.lib : csmon.obj (.text:_CSMON_u32GetFreeRunningTimerMicroseconds)
                  003ed598    00000018                     : hmlib.obj (.text:_HMLIB_vProcessSCITXISRWithIndex)
                  003ed5b0    00000018     F2806x_SysCtrl.obj (.text:_InitSysCtrl)
                  003ed5c8    00000018     rts2800_ml.lib : ll_aox28.asm.obj (.text)
                  003ed5e0    00000017     CSMON_C28xx.lib : csmon.obj (.text:_CSMON_vSaveRecorderConfig)
                  003ed5f7    00000017                     : hmmodbus.obj (.text:_HMMODBUS_vProcessTxDelay)
                  003ed60e    00000017                     : hmprotocol.obj (.text:_HMPROTOCOL_WriteMem)
                  003ed625    00000017                     : hmprotocol.obj (.text:_HMPROTOCOL_WriteMemMask)
                  003ed63c    00000017                     : hmmodbus.obj (.text:_vSetBufferAddressStart)
                  003ed653    00000017     rts2800_ml.lib : fs_cmp28.asm.obj (.text)
                  003ed66a    00000017                    : u_tofd28.asm.obj (.text)
                  003ed681    00000016     CSMON_C28xx.lib : csmon.obj (.text:_CSMON_eSetParameterCountInScope)
                  003ed697    00000016                     : hmdrv.obj (.text:_HMDRV_AddressFromBufferBigEndian)
                  003ed6ad    00000015                     : hmrecparam.obj (.text:_HMRECPRM_Comparefloat)
                  003ed6c2    00000015                     : hmrec.obj (.text:_HMREC_Comparefloat)
                  003ed6d7    00000015                     : hmrec.obj (.text:_HMREC_StartRec)
                  003ed6ec    00000015     F2806x_Gpio.obj (.text:_InitGpio)
                  003ed701    00000014     CSMON_C28xx.lib : csmon.obj (.text:_CSMON_vFileParameterCountCheckSumUpdate)
                  003ed715    00000014                     : hmlib.obj (.text:_HMLIB_vProcessFastTD)
                  003ed729    00000014                     : hmmodbus.obj (.text:_HMMODBUS_DelayedTx)
                  003ed73d    00000014                     : hmrecparam.obj (.text:_HMRECPRM_StopRecParam)
                  003ed751    00000014                     : hmserial.obj (.text:_HMSERIAL_DelayedTx)
                  003ed765    00000013                     : csmon.obj (.text:_CSMON_eSetFlagProcessPassed)
                  003ed778    00000013     rts2800_ml.lib : ul_tofs28.asm.obj (.text)
                  003ed78b    00000012     CSMON_C28xx.lib : hmdrv.obj (.text:_HMDRV_GetStringLengthFromWordInternal)
                  003ed79d    00000012                     : hmmodbus.obj (.text:_HMMODBUS_vSetupRegisterDummy)
                  003ed7af    00000012                     : hmrecparam.obj (.text:_HMRECPRM_CompareBOOL)
                  003ed7c1    00000012                     : modbusreg.obj (.text:_MODBUSREG_FileShortNameElementSizeandAddressUpdateInit)
                  003ed7d3    00000012                     : modbusreg.obj (.text:_MODBUSREG_vFileDenyAccess)
                  003ed7e5    00000012                     : uart_drv.obj (.text:_UART_TxIntDis)
                  003ed7f7    00000012                     : uart_drv.obj (.text:_UART_TxIntEna)
                  003ed809    00000011     main.obj (.text:_CSMON_vSetDateTime)
                  003ed81a    00000011     CSMON_C28xx.lib : hmserial.obj (.text:_HMSERIAL_vInit)
                  003ed82b    00000011     F2806x_PieVect.obj (.text:_InitPieVectTable)
                  003ed83c    00000011     main.obj (.text:_vSetWatchdogPrescalerTimeDiv)
                  003ed84d    00000011     rts2800_ml.lib : args_main.c.obj (.text)
                  003ed85e    00000010     CSMON_C28xx.lib : csmon.obj (.text:_CSMON_eSetParameterListRegisterFlags)
                  003ed86e    00000010     device.obj (.text:_Example_MemCopy)
                  003ed87e    00000010     F2806x_SysCtrl.obj (.text:_IntOsc1Sel)
                  003ed88e    00000010     CSMON_C28xx.lib : hmmodbus.obj (.text:_bIsValidEndAddressInBuffer)
                  003ed89e    00000010                     : hmmodbus.obj (.text:_u32BytesMemoryToBytesModbus)
                  003ed8ae    00000010                     : hmmodbus.obj (.text:_u32BytesModbusToBytesMemory)
                  003ed8be    00000010     main.obj (.text:_vGetWatchdogPrescaler)
                  003ed8ce    00000010     rts2800_ml.lib : u_tofs28.asm.obj (.text)
                  003ed8de    0000000f     CSMON_C28xx.lib : hmmodbus.obj (.text:_HMMODBUS_CalcCRC)
                  003ed8ed    0000000f                     : modbusreg.obj (.text:_MODBUSREG_FileParameterListAddressUpdateInit)
                  003ed8fc    0000000f                     : modbusreg.obj (.text:_MODBUSREG_FileParameterNumbAddressUpdateInit)
                  003ed90b    0000000f                     : uart_drv.obj (.text:_UART_IsTxEmpty)
                  003ed91a    0000000e                     : hmdrv.obj (.text:_HMDRV_GetStringLengthInternal)
                  003ed928    0000000e                     : hmrecparam.obj (.text:_HMRECPRM_Compare16S)
                  003ed936    0000000e                     : hmrecparam.obj (.text:_HMRECPRM_Compare16U)
                  003ed944    0000000e                     : hmrecparam.obj (.text:_HMRECPRM_Compare32S)
                  003ed952    0000000e                     : hmrecparam.obj (.text:_HMRECPRM_Compare32U)
                  003ed960    0000000e                     : hmrecparam.obj (.text:_HMRECPRM_Compare8S)
                  003ed96e    0000000e                     : hmrecparam.obj (.text:_HMRECPRM_Compare8U)
                  003ed97c    0000000e                     : hmrec.obj (.text:_HMREC_Compare16S)
                  003ed98a    0000000e                     : hmrec.obj (.text:_HMREC_Compare16U)
                  003ed998    0000000e                     : hmrec.obj (.text:_HMREC_Compare32S)
                  003ed9a6    0000000e                     : hmrec.obj (.text:_HMREC_Compare32U)
                  003ed9b4    0000000e                     : hmrec.obj (.text:_HMREC_Compare8S)
                  003ed9c2    0000000e                     : hmrec.obj (.text:_HMREC_Compare8U)
                  003ed9d0    0000000e                     : hmmodbus.obj (.text:_u32FitAddressCircleBufferInside)
                  003ed9de    0000000e     rts2800_ml.lib : fd_sub28.asm.obj (.text)
                  003ed9ec    0000000d     CSMON_C28xx.lib : csmon.obj (.text:_CSMON_eResetParameterTable)
                  003ed9f9    0000000d                     : csmon.obj (.text:_CSMON_vInitHoldingRegistersTableChanges)
                  003eda06    0000000d                     : hmrecparam.obj (.text:_HMRECPRM_IsJustStopped)
                  003eda13    0000000d                     : hmrecparam.obj (.text:_HMRECPRM_StopRec)
                  003eda20    0000000d                     : hmrec.obj (.text:_HMREC_StopRec)
                  003eda2d    0000000d                     : modbusreg.obj (.text:_MODBUSREG_vFileAllowAccess)
                  003eda3a    0000000d     tmr_drv.obj (.text:_TIMER_vSetupTimerMainFunctionDelayCompare)
                  003eda47    0000000d     CSMON_C28xx.lib : uart_drv.obj (.text:_UART_ReadDataRxAvailable)
                  003eda54    0000000c                     : hmlib.obj (.text:_HMLIB_vProcess)
                  003eda60    0000000c                     : hmrecparam.obj (.text:_HMRECPRM_GetBufferRecParamPtrAddress)
                  003eda6c    0000000c                     : hmrecparam.obj (.text:_HMRECPRM_TriggerRec)
                  003eda78    0000000c                     : hmmodbus.obj (.text:_u32FixAddressCircleBufferOverflow)
                  003eda84    0000000c     rts2800_ml.lib : epilog28.asm.obj (.text)
                  003eda90    0000000b     CSMON_C28xx.lib : hmmodbus.obj (.text:_HMMODBUS_vProcessFastTD)
                  003eda9b    0000000b                     : hmrecparam.obj (.text:_HMRECPRM_IsRunning)
                  003edaa6    0000000b                     : hmserial.obj (.text:_HMSERIAL_vProcessFastTD)
                  003edab1    0000000b                     : modbusreg.obj (.text:_MODBUSREG_vDataZero)
                  003edabc    0000000b     sci_driver.obj (.text:_SCI_DRV_eGetModuleIndexFromBase)
                  003edac7    0000000b     sci_drv.obj (.text:_SCI_eGetModuleIndexFromBase)
                  003edad2    0000000b     CSMON_C28xx.lib : uart_drv.obj (.text:_UART_TxDis)
                  003edadd    0000000b                     : uart_drv.obj (.text:_UART_TxEna)
                  003edae8    0000000b                     : hmmodbus.obj (.text:_bIsValidIndexFileTable)
                  003edaf3    0000000b     rts2800_ml.lib : u_div28.asm.obj (.text)
                  003edafe    0000000a     CSMON_C28xx.lib : hmrecparam.obj (.text:_HMRECPRM_ClrLastStopDetectionToRecorderStopSamplesCounter)
                  003edb08    0000000a                     : hmrecparam.obj (.text:_HMRECPRM_GetRecStatus)
                  003edb12    0000000a                     : hmrec.obj (.text:_HMREC_GetRecStatus)
                  003edb1c    00000009                     : csmon.obj (.text:_CSMON_eSetParameterListRegisterSize)
                  003edb25    00000009                     : csmon.obj (.text:_CSMON_eSetParameterListShortNaming)
                  003edb2e    00000009                     : csmon.obj (.text:_CSMON_eSetServerOnStatus)
                  003edb37    00000009                     : hmlib.obj (.text:_HMLIB_vInitRecParamBuff)
                  003edb40    00000009                     : hmmodbus.obj (.text:_HMMODBUS_vProcessFreeTimer)
                  003edb49    00000009                     : hmmodbus.obj (.text:_HMMODBUS_vProcessRxDelay)
                  003edb52    00000009                     : hmrecparam.obj (.text:_HMRECPRM_GetExternBufferRecParamLastPointedAddress)
                  003edb5b    00000009                     : hmrecparam.obj (.text:_HMRECPRM_GetExternBufferRecParamPtrAddress)
                  003edb64    00000009                     : hmrec.obj (.text:_HMREC_TriggerRec)
                  003edb6d    00000009                     : hmscopeparam.obj (.text:_HMSCOPEPRM_GetBufferScopeParamAddress)
                  003edb76    00000009                     : hmserial.obj (.text:_HMSERIAL_vProcessFreeTimer)
                  003edb7f    00000009     tmr_drv.obj (.text:_TIMER_vResetTimerMainFunctionDelayCounter)
                  003edb88    00000009     tmr_drv.obj (.text:_TIMER_vSetupTimerMainDelayedFunctionSendData)
                  003edb91    00000009     CSMON_C28xx.lib : uart_drv.obj (.text:_UART_PutChar)
                  003edb9a    00000009                     : uart_drv.obj (.text:_UART_ReadDataRxTimeDiff)
                  003edba3    00000009     rts2800_ml.lib : _lock.c.obj (.text)
                  003edbac    00000009                    : fd_neg28.asm.obj (.text)
                  003edbb5    00000008     Example_Flash2806x_CsmKeys.obj (.text)
                  003edbbd    00000008     F2806x_CodeStartBranch.obj (.text)
                  003edbc5    00000008     F2806x_SysCtrl.obj (.text:_DisableDog)
                  003edbcd    00000008     CSMON_C28xx.lib : hmdrv.obj (.text:_HMDRV_CopyFromBufferWithMaskModbus)
                  003edbd5    00000008                     : hmmodbus.obj (.text:_HMMODBUS_vSetupHoldingRegistersProcessFuncTable)
                  003edbdd    00000008                     : hmmodbus.obj (.text:_HMMODBUS_vSetupHoldingRegistersRealAddressTable)
                  003edbe5    00000008                     : hmmodbus.obj (.text:_HMMODBUS_vSetupHoldingRegistersRegisterFlagsTable)
                  003edbed    00000008                     : hmmodbus.obj (.text:_HMMODBUS_vSetupHoldingRegistersRegisterSizeTable)
                  003edbf5    00000008                     : hmmodbus.obj (.text:_HMMODBUS_vSetupHoldingRegistersVirtAddressTable)
                  003edbfd    00000008                     : hmrecparam.obj (.text:_HMRECPRM_GetExternRecParamAddress)
                  003edc05    00000008                     : hmrecparam.obj (.text:_HMRECPRM_GetExternRecParamPtrMaximumUsedSampleCount)
                  003edc0d    00000008                     : hmrecparam.obj (.text:_HMRECPRM_GetExternRecParamPtrSampleSize)
                  003edc15    00000008                     : hmrecparam.obj (.text:_HMRECPRM_GetRecParamPtrAvailableSampleCount)
                  003edc1d    00000008                     : hmrecparam.obj (.text:_HMRECPRM_GetRecParamPtrLastSampleIndex)
                  003edc25    00000008                     : hmrecparam.obj (.text:_HMRECPRM_GetRecParamPtrMaximumUsedSampleCount)
                  003edc2d    00000008                     : hmrecparam.obj (.text:_HMRECPRM_GetRecParamPtrSampleSize)
                  003edc35    00000008                     : hmrecparam.obj (.text:_HMRECPRM_GetStatusRecParamAddress)
                  003edc3d    00000008                     : hmrecparam.obj (.text:_HMRECPRM_vInit)
                  003edc45    00000008                     : hmrec.obj (.text:_HMREC_vInit)
                  003edc4d    00000007     F2806x_DisInt.obj (.text)
                  003edc54    00000007     CSMON_C28xx.lib : csmon.obj (.text:_CSMON_eSetParameterListAccessLevel)
                  003edc5b    00000007                     : csmon.obj (.text:_CSMON_eSetParameterListBitsCount)
                  003edc62    00000007                     : csmon.obj (.text:_CSMON_eSetParameterListDataDefault)
                  003edc69    00000007                     : csmon.obj (.text:_CSMON_eSetParameterListDataMaximum)
                  003edc70    00000007                     : csmon.obj (.text:_CSMON_eSetParameterListDataMinimum)
                  003edc77    00000007                     : csmon.obj (.text:_CSMON_eSetParameterListDataType)
                  003edc7e    00000007                     : csmon.obj (.text:_CSMON_eSetParameterListFunctionCode)
                  003edc85    00000007                     : csmon.obj (.text:_CSMON_eSetParameterListValueFormat)
                  003edc8c    00000007                     : hmlib.obj (.text:_HMLIB_vProcessDifferentPorts)
                  003edc93    00000007                     : hmlib.obj (.text:_HMLIB_vProcessRecorders)
                  003edc9a    00000007                     : hmrecparam.obj (.text:_HMRECPRM_vResetAllStopDetections)
                  003edca1    00000007                     : hmscopeparam.obj (.text:_HMSCOPEPRM_GetStatusScopeParamAddress)
                  003edca8    00000007                     : modbusreg.obj (.text:_MODBUSREG_vInitHoldingRegistersTableChanges)
                  003edcaf    00000007     sci_driver.obj (.text:_SCI_DRV_u32GetBaseFromModuleIndex)
                  003edcb6    00000007     sci_drv.obj (.text:_SCI_u32GetBaseFromModuleIndex)
                  003edcbd    00000006     cputimer.obj (.text:_CPUTimer_setEmulationMode)
                  003edcc3    00000006     CSMON_C28xx.lib : hmrecparam.obj (.text:_HMRECPRM_SetUpRecBuff)
                  003edcc9    00000006                     : hmrec.obj (.text:_HMREC_SetUpRecBuff)
                  003edccf    00000006     tmr_drv.obj (.text:_TIMER_u16ResetTimerMainPeriod)
                  003edcd5    00000006     uart_driver.obj (.text:_UART_DRV_GetChar)
                  003edcdb    00000006     CSMON_C28xx.lib : uart_drv.obj (.text:_UART_GetChar)
                  003edce1    00000005     F2806x_DefaultIsr.obj (.text:_ADCINT1_ISR)
                  003edce6    00000005     F2806x_DefaultIsr.obj (.text:_ADCINT2_ISR)
                  003edceb    00000005     F2806x_DefaultIsr.obj (.text:_ADCINT3_ISR)
                  003edcf0    00000005     F2806x_DefaultIsr.obj (.text:_ADCINT4_ISR)
                  003edcf5    00000005     F2806x_DefaultIsr.obj (.text:_ADCINT5_ISR)
                  003edcfa    00000005     F2806x_DefaultIsr.obj (.text:_ADCINT6_ISR)
                  003edcff    00000005     F2806x_DefaultIsr.obj (.text:_ADCINT7_ISR)
                  003edd04    00000005     F2806x_DefaultIsr.obj (.text:_ADCINT8_ISR)
                  003edd09    00000005     F2806x_DefaultIsr.obj (.text:_ADCINT9_ISR)
                  003edd0e    00000005     F2806x_DefaultIsr.obj (.text:_CLA1_INT1_ISR)
                  003edd13    00000005     F2806x_DefaultIsr.obj (.text:_CLA1_INT2_ISR)
                  003edd18    00000005     F2806x_DefaultIsr.obj (.text:_CLA1_INT3_ISR)
                  003edd1d    00000005     F2806x_DefaultIsr.obj (.text:_CLA1_INT4_ISR)
                  003edd22    00000005     F2806x_DefaultIsr.obj (.text:_CLA1_INT5_ISR)
                  003edd27    00000005     F2806x_DefaultIsr.obj (.text:_CLA1_INT6_ISR)
                  003edd2c    00000005     F2806x_DefaultIsr.obj (.text:_CLA1_INT7_ISR)
                  003edd31    00000005     F2806x_DefaultIsr.obj (.text:_CLA1_INT8_ISR)
                  003edd36    00000005     CSMON_C28xx.lib : csmon.obj (.text:_CSMON_eSetAutoServiceWatchdogInternalSlowCalculationsInMainLoop)
                  003edd3b    00000005                     : csmon.obj (.text:_CSMON_eSetFirmwareApplicationVersion)
                  003edd40    00000005                     : csmon.obj (.text:_CSMON_eSetMaxTimeInISR)
                  003edd45    00000005                     : csmon.obj (.text:_CSMON_eSetMinGuaranteedTimeBetweenTwoISRs)
                  003edd4a    00000005                     : csmon.obj (.text:_CSMON_u16ParametersAccessListIndexGenerate)
                  003edd4f    00000005                     : csmon.obj (.text:_CSMON_u32GetFreeRunningTimerTicks)
                  003edd54    00000005                     : csmon.obj (.text:_CSMON_u32GetParameterAuxCheckSum)
                  003edd59    00000005                     : csmon.obj (.text:_CSMON_u32GetParameterCheckSum)
                  003edd5e    00000005                     : csmon.obj (.text:_CSMON_u32GetParameterStringCheckSum)
                  003edd63    00000005                     : csmon.obj (.text:_CSMON_vSetDateTimeRequest)
                  003edd68    00000005     F2806x_DefaultIsr.obj (.text:_DATALOG_ISR)
                  003edd6d    00000005     F2806x_DefaultIsr.obj (.text:_DINTCH1_ISR)
                  003edd72    00000005     F2806x_DefaultIsr.obj (.text:_DINTCH2_ISR)
                  003edd77    00000005     F2806x_DefaultIsr.obj (.text:_DINTCH3_ISR)
                  003edd7c    00000005     F2806x_DefaultIsr.obj (.text:_DINTCH4_ISR)
                  003edd81    00000005     F2806x_DefaultIsr.obj (.text:_DINTCH5_ISR)
                  003edd86    00000005     F2806x_DefaultIsr.obj (.text:_DINTCH6_ISR)
                  003edd8b    00000005     F2806x_DefaultIsr.obj (.text:_ECAN0INTA_ISR)
                  003edd90    00000005     F2806x_DefaultIsr.obj (.text:_ECAN1INTA_ISR)
                  003edd95    00000005     F2806x_DefaultIsr.obj (.text:_ECAP1_INT_ISR)
                  003edd9a    00000005     F2806x_DefaultIsr.obj (.text:_ECAP2_INT_ISR)
                  003edd9f    00000005     F2806x_DefaultIsr.obj (.text:_ECAP3_INT_ISR)
                  003edda4    00000005     F2806x_DefaultIsr.obj (.text:_EMPTY_ISR)
                  003edda9    00000005     F2806x_DefaultIsr.obj (.text:_EMUINT_ISR)
                  003eddae    00000005     F2806x_DefaultIsr.obj (.text:_EPWM1_INT_ISR)
                  003eddb3    00000005     F2806x_DefaultIsr.obj (.text:_EPWM1_TZINT_ISR)
                  003eddb8    00000005     F2806x_DefaultIsr.obj (.text:_EPWM2_INT_ISR)
                  003eddbd    00000005     F2806x_DefaultIsr.obj (.text:_EPWM2_TZINT_ISR)
                  003eddc2    00000005     F2806x_DefaultIsr.obj (.text:_EPWM3_INT_ISR)
                  003eddc7    00000005     F2806x_DefaultIsr.obj (.text:_EPWM3_TZINT_ISR)
                  003eddcc    00000005     F2806x_DefaultIsr.obj (.text:_EPWM4_INT_ISR)
                  003eddd1    00000005     F2806x_DefaultIsr.obj (.text:_EPWM4_TZINT_ISR)
                  003eddd6    00000005     F2806x_DefaultIsr.obj (.text:_EPWM5_INT_ISR)
                  003edddb    00000005     F2806x_DefaultIsr.obj (.text:_EPWM5_TZINT_ISR)
                  003edde0    00000005     F2806x_DefaultIsr.obj (.text:_EPWM6_INT_ISR)
                  003edde5    00000005     F2806x_DefaultIsr.obj (.text:_EPWM6_TZINT_ISR)
                  003eddea    00000005     F2806x_DefaultIsr.obj (.text:_EPWM7_INT_ISR)
                  003eddef    00000005     F2806x_DefaultIsr.obj (.text:_EPWM7_TZINT_ISR)
                  003eddf4    00000005     F2806x_DefaultIsr.obj (.text:_EPWM8_INT_ISR)
                  003eddf9    00000005     F2806x_DefaultIsr.obj (.text:_EPWM8_TZINT_ISR)
                  003eddfe    00000005     F2806x_DefaultIsr.obj (.text:_EQEP1_INT_ISR)
                  003ede03    00000005     F2806x_DefaultIsr.obj (.text:_EQEP2_INT_ISR)
                  003ede08    00000005     CSMON_C28xx.lib : hmlib.obj (.text:_HMLIB_vProcessSamePort)
                  003ede0d    00000005                     : hmlib.obj (.text:_HMLIB_vRecorder0)
                  003ede12    00000005                     : hmmodbus.obj (.text:_HMMODBUS_bGetReceivedMessage)
                  003ede17    00000005                     : hmmodbus.obj (.text:_HMMODBUS_vFileTable)
                  003ede1c    00000005                     : hmrecparam.obj (.text:_HMRECPRM_vDisableAllStopDetections)
                  003ede21    00000005     F2806x_DefaultIsr.obj (.text:_HRCAP1_INT_ISR)
                  003ede26    00000005     F2806x_DefaultIsr.obj (.text:_HRCAP2_INT_ISR)
                  003ede2b    00000005     F2806x_DefaultIsr.obj (.text:_HRCAP3_INT_ISR)
                  003ede30    00000005     F2806x_DefaultIsr.obj (.text:_HRCAP4_INT_ISR)
                  003ede35    00000005     F2806x_DefaultIsr.obj (.text:_I2CINT1A_ISR)
                  003ede3a    00000005     F2806x_DefaultIsr.obj (.text:_I2CINT2A_ISR)
                  003ede3f    00000005     F2806x_DefaultIsr.obj (.text:_ILLEGAL_ISR)
                  003ede44    00000005     F2806x_DefaultIsr.obj (.text:_INT13_ISR)
                  003ede49    00000005     F2806x_DefaultIsr.obj (.text:_INT14_ISR)
                  003ede4e    00000005     interrupt.obj (.text:_IntDefaultHandler)
                  003ede53    00000005     F2806x_DefaultIsr.obj (.text:_LUF_ISR)
                  003ede58    00000005     F2806x_DefaultIsr.obj (.text:_LVF_ISR)
                  003ede5d    00000005     CSMON_C28xx.lib : modbusreg.obj (.text:_MODBUSREG_vSetTableNameAddress)
                  003ede62    00000005                     : modbusreg.obj (.text:_MODBUSREG_vSetTableRealAddressInRam)
                  003ede67    00000005                     : modbusreg.obj (.text:_MODBUSREG_vSetTableRegisterFlags)
                  003ede6c    00000005                     : modbusreg.obj (.text:_MODBUSREG_vSetTableRegisterSize)
                  003ede71    00000005                     : modbusreg.obj (.text:_MODBUSREG_vSetTableVirtAddress)
                  003ede76    00000005     F2806x_DefaultIsr.obj (.text:_MRINTA_ISR)
                  003ede7b    00000005     F2806x_DefaultIsr.obj (.text:_MXINTA_ISR)
                  003ede80    00000005     F2806x_DefaultIsr.obj (.text:_NMI_ISR)
                  003ede85    00000005     F2806x_DefaultIsr.obj (.text:_PIE_RESERVED)
                  003ede8a    00000005     F2806x_DefaultIsr.obj (.text:_RTOSINT_ISR)
                  003ede8f    00000005     F2806x_DefaultIsr.obj (.text:_SCIRXINTA_ISR)
                  003ede94    00000005     F2806x_DefaultIsr.obj (.text:_SCIRXINTB_ISR)
                  003ede99    00000005     F2806x_DefaultIsr.obj (.text:_SCITXINTA_ISR)
                  003ede9e    00000005     F2806x_DefaultIsr.obj (.text:_SCITXINTB_ISR)
                  003edea3    00000005     F2806x_DefaultIsr.obj (.text:_SPIRXINTA_ISR)
                  003edea8    00000005     F2806x_DefaultIsr.obj (.text:_SPIRXINTB_ISR)
                  003edead    00000005     F2806x_DefaultIsr.obj (.text:_SPITXINTA_ISR)
                  003edeb2    00000005     F2806x_DefaultIsr.obj (.text:_SPITXINTB_ISR)
                  003edeb7    00000005     tmr_drv.obj (.text:_TIMER_vSetupTimerMainDelayedData)
                  003edebc    00000005     F2806x_DefaultIsr.obj (.text:_TINT0_ISR)
                  003edec1    00000005     F2806x_DefaultIsr.obj (.text:_USB0_INT_ISR)
                  003edec6    00000005     F2806x_DefaultIsr.obj (.text:_USER10_ISR)
                  003edecb    00000005     F2806x_DefaultIsr.obj (.text:_USER11_ISR)
                  003eded0    00000005     F2806x_DefaultIsr.obj (.text:_USER12_ISR)
                  003eded5    00000005     F2806x_DefaultIsr.obj (.text:_USER1_ISR)
                  003ededa    00000005     F2806x_DefaultIsr.obj (.text:_USER2_ISR)
                  003ededf    00000005     F2806x_DefaultIsr.obj (.text:_USER3_ISR)
                  003edee4    00000005     F2806x_DefaultIsr.obj (.text:_USER4_ISR)
                  003edee9    00000005     F2806x_DefaultIsr.obj (.text:_USER5_ISR)
                  003edeee    00000005     F2806x_DefaultIsr.obj (.text:_USER6_ISR)
                  003edef3    00000005     F2806x_DefaultIsr.obj (.text:_USER7_ISR)
                  003edef8    00000005     F2806x_DefaultIsr.obj (.text:_USER8_ISR)
                  003edefd    00000005     F2806x_DefaultIsr.obj (.text:_USER9_ISR)
                  003edf02    00000005     F2806x_DefaultIsr.obj (.text:_WAKEINT_ISR)
                  003edf07    00000005     F2806x_DefaultIsr.obj (.text:_XINT1_ISR)
                  003edf0c    00000005     F2806x_DefaultIsr.obj (.text:_XINT2_ISR)
                  003edf11    00000005     F2806x_DefaultIsr.obj (.text:_XINT3_ISR)
                  003edf16    00000005     F2806x_DefaultIsr.obj (.text:_rsvd_ISR)
                  003edf1b    00000005     rts2800_ml.lib : fs_neg28.asm.obj (.text)
                  003edf20    00000004     CSMON_C28xx.lib : csmon.obj (.text:_CSMON_eApplyParameterChanges)
                  003edf24    00000004                     : csmon.obj (.text:_CSMON_eRegisterWriteParElementCallbackFunction)
                  003edf28    00000004                     : csmon.obj (.text:_CSMON_eSetInternalTimerPeriod)
                  003edf2c    00000004                     : csmon.obj (.text:_CSMON_eSetTimerPeriodISRFunctionRegister)
                  003edf30    00000004                     : csmon.obj (.text:_CSMON_u32GetBaudError_PPM)
                  003edf34    00000004                     : csmon.obj (.text:_CSMON_vAddSetupRecorderParameterMask)
                  003edf38    00000004                     : csmon.obj (.text:_CSMON_vInitScopes)
                  003edf3c    00000004                     : csmon.obj (.text:_CSMON_vSetStartRecorderParameterMask)
                  003edf40    00000004                     : hmdrv.obj (.text:_HMDRV_SetExAddr)
                  003edf44    00000004                     : hmdrv.obj (.text:_HMDRV_u32GetDeviceSYSCLKFreq)
                  003edf48    00000004                     : hmdrv.obj (.text:_HMDRV_u32GetSCIErrorPPM)
                  003edf4c    00000004                     : hmlib.obj (.text:_HMLIB_vRecorderParam0)
                  003edf50    00000004                     : hmmodbus.obj (.text:_HMMODBUS_u32GetAddressMessageCounterThisDevice)
                  003edf54    00000004                     : hmmodbus.obj (.text:_HMMODBUS_vSetAddressMessageCounterThisDevice)
                  003edf58    00000004                     : hmmodbus.obj (.text:_HMMODBUS_vSetDeviceIDMajorMinorRevision)
                  003edf5c    00000004                     : hmmodbus.obj (.text:_HMMODBUS_vSetDeviceIDMajorMinorRevisionLength)
                  003edf60    00000004                     : hmmodbus.obj (.text:_HMMODBUS_vSetDeviceIDModelName)
                  003edf64    00000004                     : hmmodbus.obj (.text:_HMMODBUS_vSetDeviceIDModelNameLength)
                  003edf68    00000004                     : hmmodbus.obj (.text:_HMMODBUS_vSetDeviceIDProductCode)
                  003edf6c    00000004                     : hmmodbus.obj (.text:_HMMODBUS_vSetDeviceIDProductCodeLength)
                  003edf70    00000004                     : hmmodbus.obj (.text:_HMMODBUS_vSetDeviceIDProductName)
                  003edf74    00000004                     : hmmodbus.obj (.text:_HMMODBUS_vSetDeviceIDProductNameLength)
                  003edf78    00000004                     : hmmodbus.obj (.text:_HMMODBUS_vSetDeviceIDUserApplicationName)
                  003edf7c    00000004                     : hmmodbus.obj (.text:_HMMODBUS_vSetDeviceIDUserApplicationNameLength)
                  003edf80    00000004                     : hmmodbus.obj (.text:_HMMODBUS_vSetDeviceIDUserReserve0)
                  003edf84    00000004                     : hmmodbus.obj (.text:_HMMODBUS_vSetDeviceIDUserReserve0Length)
                  003edf88    00000004                     : hmmodbus.obj (.text:_HMMODBUS_vSetDeviceIDUserReserve1)
                  003edf8c    00000004                     : hmmodbus.obj (.text:_HMMODBUS_vSetDeviceIDUserReserve1Length)
                  003edf90    00000004                     : hmmodbus.obj (.text:_HMMODBUS_vSetDeviceIDUserReserve2)
                  003edf94    00000004                     : hmmodbus.obj (.text:_HMMODBUS_vSetDeviceIDUserReserve2Length)
                  003edf98    00000004                     : hmmodbus.obj (.text:_HMMODBUS_vSetDeviceIDVendorName)
                  003edf9c    00000004                     : hmmodbus.obj (.text:_HMMODBUS_vSetDeviceIDVendorNameLength)
                  003edfa0    00000004                     : hmmodbus.obj (.text:_HMMODBUS_vSetDeviceIDVendorUrl)
                  003edfa4    00000004                     : hmmodbus.obj (.text:_HMMODBUS_vSetDeviceIDVendorUrlLength)
                  003edfa8    00000004                     : hmmodbus.obj (.text:_HMMODBUS_vSetServerIDDataAddress)
                  003edfac    00000004                     : hmmodbus.obj (.text:_HMMODBUS_vSetServerIDLength)
                  003edfb0    00000004                     : hmmodbus.obj (.text:_HMMODBUS_vSetServerIDNumber)
                  003edfb4    00000004                     : hmmodbus.obj (.text:_HMMODBUS_vSetServerOnStatus)
                  003edfb8    00000004                     : hmmodbus.obj (.text:_HMMODBUS_vSetupHoldingRegistersAccessTableInRam)
                  003edfbc    00000004                     : hmmodbus.obj (.text:_HMMODBUS_vSetupWriteParElementCallbackFunction)
                  003edfc0    00000004     interrupt.obj (.text:_IntMasterDisable)
                  003edfc4    00000004     interrupt.obj (.text:_IntMasterEnable)
                  003edfc8    00000004     CSMON_C28xx.lib : modbusreg.obj (.text:_MODBUSREG_u16GetHoldRegFillCount)
                  003edfcc    00000004                     : modbusreg.obj (.text:_MODBUSREG_u16GetTableRegisterFlagsElementOffset)
                  003edfd0    00000004                     : modbusreg.obj (.text:_MODBUSREG_u16GetTableRegisterSizeElementOffset)
                  003edfd4    00000004                     : modbusreg.obj (.text:_MODBUSREG_u16GetTableVirtAddressElementOffset)
                  003edfd8    00000004                     : modbusreg.obj (.text:_MODBUSREG_u32GetRegisterAccessTableInRam)
                  003edfdc    00000004                     : modbusreg.obj (.text:_MODBUSREG_u32GetTableRegisterFlags)
                  003edfe0    00000004                     : modbusreg.obj (.text:_MODBUSREG_u32GetTableRegisterSize)
                  003edfe4    00000004                     : modbusreg.obj (.text:_MODBUSREG_u32GetTableVirtAddress)
                  003edfe8    00000004                     : modbusreg.obj (.text:_MODBUSREG_vSetFileAutorization_FunctionAfterWriteFileRecordTable)
                  003edfec    00000004                     : modbusreg.obj (.text:_MODBUSREG_vSetFileParamCount_FunctionBeforeReadFileRecord)
                  003edff0    00000004                     : modbusreg.obj (.text:_MODBUSREG_vSetFileRTC_FunctionAfterReadFileRecord)
                  003edff4    00000004                     : modbusreg.obj (.text:_MODBUSREG_vSetFileRTC_FunctionAfterWriteFileRecord)
                  003edff8    00000004                     : modbusreg.obj (.text:_MODBUSREG_vSetFileRecConfig_FunctionAfterWriteFileRecord)
                  003edffc    00000004                     : modbusreg.obj (.text:_MODBUSREG_vSetFileRecStatus_FunctionIndexGenerationFileRecord)
                  003ee000    00000004                     : modbusreg.obj (.text:_MODBUSREG_vSetHoldRegFillCount)
                  003ee004    00000004                     : modbusreg.obj (.text:_MODBUSREG_vSetParamCount)
                  003ee008    00000004                     : modbusreg.obj (.text:_MODBUSREG_vSetParamListAddress)
                  003ee00c    00000004                     : modbusreg.obj (.text:_MODBUSREG_vSetParamNumbAddress)
                  003ee010    00000004                     : modbusreg.obj (.text:_MODBUSREG_vSetParamRecorderConfigAddress)
                  003ee014    00000004                     : modbusreg.obj (.text:_MODBUSREG_vSetParamScopeConfigAddress)
                  003ee018    00000004     tmr_drv.obj (.text:_TIMER_vGetTimerMainRollingCounter)
                  003ee01c    00000004     tmr_drv.obj (.text:_TIMER_vSetupTimerMainCSMONFunction)
                  003ee020    00000004     tmr_drv.obj (.text:_TMR_u16GetFreeRunTimerPrescaller)
                  003ee024    00000004     CSMON_C28xx.lib : hmmodbus.obj (.text:_bGetElementsDifference)
                  003ee028    00000004                     : hmmodbus.obj (.text:_u16GetIndexFileTable)
                  003ee02c    00000004                     : hmmodbus.obj (.text:_u32GetBufferAddressStart)
                  003ee030    00000004                     : hmmodbus.obj (.text:_u32GetBufferSize)
                  003ee034    00000004                     : hmmodbus.obj (.text:_u32GetSampleCountAvailable)
                  003ee038    00000004                     : hmmodbus.obj (.text:_u32GetSampleCountBuffer)
                  003ee03c    00000004                     : hmmodbus.obj (.text:_u32GetStartSampleIndex)
                  003ee040    00000004                     : hmmodbus.obj (.text:_u8GetSampleSize)
                  003ee044    00000004                     : hmmodbus.obj (.text:_vSetBufferSize)
                  003ee048    00000003     F2806x_DBGIER.obj (.text)
                  003ee04b    00000003     CSMON_C28xx.lib : csmon.obj (.text:_CSMON_eSetParameter)
                  003ee04e    00000003                     : csmon.obj (.text:_CSMON_u32GetModbusMessageCounterRegisterRealAddress)
                  003ee051    00000003                     : csmon.obj (.text:_CSMON_vSetModbusMessageCounterRegisterRealAddress)
                  003ee054    00000003                     : hmlib.obj (.text:_HMLIB_vRecorderParamTimeSync)
                  003ee057    00000003                     : hmrecparam.obj (.text:_HMRECPRM_GetTimeBase)
                  003ee05a    00000003                     : modbusreg.obj (.text:_MODBUSREG_u32GetAddressMessageCounterThisDevice)
                  003ee05d    00000003                     : modbusreg.obj (.text:_MODBUSREG_vSetAddressMessageCounterThisDevice)
                  003ee060    00000003                     : uart_drv.obj (.text:_UART_TXInterrupt)
                  003ee063    00000002                     : csmon.obj (.text:_CSMON_u32GetParameterListCheckSum)
                  003ee065    00000002                     : csmon.obj (.text:_CSMON_u32GetParameterNumbCheckSum)
                  003ee067    00000002                     : csmon.obj (.text:_CSMON_u32GetParameterShortNameCheckSum)
                  003ee069    00000002                     : hmrecparam.obj (.text:_HMRECPRM_AbortRec)
                  003ee06b    00000002                     : hmrecparam.obj (.text:_HMRECPRM_GetRecBuffSize)
                  003ee06d    00000002                     : hmrec.obj (.text:_HMREC_AbortRec)
                  003ee06f    00000002                     : hmrec.obj (.text:_HMREC_GetRecBuffSize)
                  003ee071    00000002     main.obj (.text:_eWriteParElement)
                  003ee073    00000002     rts2800_ml.lib : pre_init.c.obj (.text)
                  003ee075    00000001     CSMON_C28xx.lib : hmprotocol.obj (.text:_HMPROTOCOL_vInit)
                  003ee076    00000001     uart_driver.obj (.text:_UART_DRV_TXInterrupt)
                  003ee077    00000001     rts2800_ml.lib : startup.c.obj (.text)

ramfuncs   0    003ee078    00000029     RUN ADDR = 00008000
                  003ee078    0000001d     F2806x_SysCtrl.obj (ramfuncs:_InitFlash)
                  003ee095    00000008     device.obj (ramfuncs:_MyCallbackFunction)
                  003ee09d    00000004     F2806x_usDelay.obj (ramfuncs)

csm_rsvd   0    003f7f80    00000076     
                  003f7f80    00000076     F2806x_CSMPasswords.obj (csm_rsvd)

codestart 
*          0    003f7ff6    00000002     
                  003f7ff6    00000002     F2806x_CodeStartBranch.obj (codestart)

csmpasswds 
*          0    003f7ff8    00000008     
                  003f7ff8    00000008     F2806x_CSMPasswords.obj (csmpasswds)

.stack     1    00000050    00000380     UNINITIALIZED
                  00000050    00000380     --HOLE--

.econst    0    003ee0a2    00001e0c     
                  003ee0a2    00001900     main.obj (.econst:_asParameterList)
                  003ef9a2    00000100     CSMON_C28xx.lib : hmmodbus.obj (.econst:.string:_auchCRCHi)
                  003efaa2    00000100                     : hmmodbus.obj (.econst:.string:_auchCRCLo)
                  003efba2    00000100     F2806x_PieVect.obj (.econst:_PieVectTableInit)
                  003efca2    00000084     rts2800_ml.lib : k_rem_pio2.c.obj (.econst:_ipio2)
                  003efd26    00000050     CSMON_C28xx.lib : csmon.obj (.econst:_CSMON_asAccessLevelPasswords)
                  003efd76    0000002c     rts2800_ml.lib : k_rem_pio2.c.obj (.econst)
                  003efda2    00000028                    : k_cosf.c.obj (.econst)
                  003efdca    00000020                    : k_rem_pio2.c.obj (.econst:_PIo2)
                  003efdea    00000020                    : k_sinf.c.obj (.econst)
                  003efe0a    0000001c                    : e_rem_pio2f.c.obj (.econst)
                  003efe26    0000001c                    : s_scalbn.c.obj (.econst)
                  003efe42    00000018                    : s_sinf.c.obj (.econst)
                  003efe5a    00000014     CSMON_C28xx.lib : csmon.obj (.econst:_CSMON_au8FileImplementedFunctionCodes)
                  003efe6e    00000010     main.obj (.econst)
                  003efe7e    0000000e     CSMON_C28xx.lib : csmon.obj (.econst:_CSMON_au8FileParameterNumbElementsCountInPartTable)
                  003efe8c    0000000c                     : hmprotocol.obj (.econst:.string)
                  003efe98    0000000c     rts2800_ml.lib : s_floor.c.obj (.econst)
                  003efea4    00000006     CSMON_C28xx.lib : csmon.obj (.econst:_CSMON_au8FileParameterListElementsCountInPartTable)
                  003efeaa    00000004     rts2800_ml.lib : k_rem_pio2.c.obj (.econst:_init_jk)

.reset     0    003fffc0    00000002     DSECT
                  003fffc0    00000002     rts2800_ml.lib : boot28.asm.obj (.reset)

vectors    0    003fffc2    00000000     DSECT

DevEmuRegsFile 
*          1    00000880    00000004     UNINITIALIZED
                  00000880    00000004     F2806x_GlobalVariableDefs.obj (DevEmuRegsFile)

SysPwrCtrlRegsFile 
*          1    00000985    00000003     UNINITIALIZED
                  00000985    00000003     F2806x_GlobalVariableDefs.obj (SysPwrCtrlRegsFile)

FlashRegsFile 
*          1    00000a80    00000008     UNINITIALIZED
                  00000a80    00000008     F2806x_GlobalVariableDefs.obj (FlashRegsFile)

CsmRegsFile 
*          1    00000ae0    00000010     UNINITIALIZED
                  00000ae0    00000010     F2806x_GlobalVariableDefs.obj (CsmRegsFile)

AdcResultFile 
*          1    00000b00    00000010     UNINITIALIZED
                  00000b00    00000010     F2806x_GlobalVariableDefs.obj (AdcResultFile)

CpuTimer0RegsFile 
*          1    00000c00    00000008     UNINITIALIZED
                  00000c00    00000008     F2806x_GlobalVariableDefs.obj (CpuTimer0RegsFile)

CpuTimer1RegsFile 
*          1    00000c08    00000008     UNINITIALIZED
                  00000c08    00000008     F2806x_GlobalVariableDefs.obj (CpuTimer1RegsFile)

CpuTimer2RegsFile 
*          1    00000c10    00000008     UNINITIALIZED
                  00000c10    00000008     F2806x_GlobalVariableDefs.obj (CpuTimer2RegsFile)

PieCtrlRegsFile 
*          1    00000ce0    0000001a     UNINITIALIZED
                  00000ce0    0000001a     F2806x_GlobalVariableDefs.obj (PieCtrlRegsFile)

PieVectTableFile 
*          1    00000d00    00000100     UNINITIALIZED
                  00000d00    00000100     F2806x_GlobalVariableDefs.obj (PieVectTableFile)

EmuKeyVar 
*          1    00000d00    00000001     UNINITIALIZED
                  00000d00    00000001     F2806x_GlobalVariableDefs.obj (EmuKeyVar)

EmuBModeVar 
*          1    00000d01    00000001     UNINITIALIZED
                  00000d01    00000001     F2806x_GlobalVariableDefs.obj (EmuBModeVar)

FlashCallbackVar 
*          1    00000d02    00000002     UNINITIALIZED
                  00000d02    00000002     F2806x_GlobalVariableDefs.obj (FlashCallbackVar)

FlashScalingVar 
*          1    00000d04    00000002     UNINITIALIZED
                  00000d04    00000002     F2806x_GlobalVariableDefs.obj (FlashScalingVar)

DmaRegsFile 
*          1    00001000    000000e0     UNINITIALIZED
                  00001000    000000e0     F2806x_GlobalVariableDefs.obj (DmaRegsFile)

Cla1RegsFile 
*          1    00001400    00000040     UNINITIALIZED
                  00001400    00000040     F2806x_GlobalVariableDefs.obj (Cla1RegsFile)

Usb0RegsFile 
*          1    00004000    00000454     UNINITIALIZED
                  00004000    00000454     F2806x_GlobalVariableDefs.obj (Usb0RegsFile)

McbspaRegsFile 
*          1    00005000    00000024     UNINITIALIZED
                  00005000    00000024     F2806x_GlobalVariableDefs.obj (McbspaRegsFile)

ECanaRegsFile 
*          1    00006000    00000034     UNINITIALIZED
                  00006000    00000034     F2806x_GlobalVariableDefs.obj (ECanaRegsFile)

ECanaLAMRegsFile 
*          1    00006040    00000040     UNINITIALIZED
                  00006040    00000040     F2806x_GlobalVariableDefs.obj (ECanaLAMRegsFile)

ECanaMOTSRegsFile 
*          1    00006080    00000040     UNINITIALIZED
                  00006080    00000040     F2806x_GlobalVariableDefs.obj (ECanaMOTSRegsFile)

ECanaMOTORegsFile 
*          1    000060c0    00000040     UNINITIALIZED
                  000060c0    00000040     F2806x_GlobalVariableDefs.obj (ECanaMOTORegsFile)

ECanaMboxesFile 
*          1    00006100    00000100     UNINITIALIZED
                  00006100    00000100     F2806x_GlobalVariableDefs.obj (ECanaMboxesFile)

Comp1RegsFile 
*          1    00006400    00000014     UNINITIALIZED
                  00006400    00000014     F2806x_GlobalVariableDefs.obj (Comp1RegsFile)

Comp2RegsFile 
*          1    00006420    00000014     UNINITIALIZED
                  00006420    00000014     F2806x_GlobalVariableDefs.obj (Comp2RegsFile)

Comp3RegsFile 
*          1    00006440    00000014     UNINITIALIZED
                  00006440    00000014     F2806x_GlobalVariableDefs.obj (Comp3RegsFile)

EPwm1RegsFile 
*          1    00006800    00000040     UNINITIALIZED
                  00006800    00000040     F2806x_GlobalVariableDefs.obj (EPwm1RegsFile)

EPwm2RegsFile 
*          1    00006840    00000040     UNINITIALIZED
                  00006840    00000040     F2806x_GlobalVariableDefs.obj (EPwm2RegsFile)

EPwm3RegsFile 
*          1    00006880    00000040     UNINITIALIZED
                  00006880    00000040     F2806x_GlobalVariableDefs.obj (EPwm3RegsFile)

EPwm4RegsFile 
*          1    000068c0    00000040     UNINITIALIZED
                  000068c0    00000040     F2806x_GlobalVariableDefs.obj (EPwm4RegsFile)

EPwm5RegsFile 
*          1    00006900    00000040     UNINITIALIZED
                  00006900    00000040     F2806x_GlobalVariableDefs.obj (EPwm5RegsFile)

EPwm6RegsFile 
*          1    00006940    00000040     UNINITIALIZED
                  00006940    00000040     F2806x_GlobalVariableDefs.obj (EPwm6RegsFile)

EPwm7RegsFile 
*          1    00006980    00000040     UNINITIALIZED
                  00006980    00000040     F2806x_GlobalVariableDefs.obj (EPwm7RegsFile)

EPwm8RegsFile 
*          1    000069c0    00000040     UNINITIALIZED
                  000069c0    00000040     F2806x_GlobalVariableDefs.obj (EPwm8RegsFile)

ECap1RegsFile 
*          1    00006a00    00000020     UNINITIALIZED
                  00006a00    00000020     F2806x_GlobalVariableDefs.obj (ECap1RegsFile)

ECap2RegsFile 
*          1    00006a20    00000020     UNINITIALIZED
                  00006a20    00000020     F2806x_GlobalVariableDefs.obj (ECap2RegsFile)

ECap3RegsFile 
*          1    00006a40    00000020     UNINITIALIZED
                  00006a40    00000020     F2806x_GlobalVariableDefs.obj (ECap3RegsFile)

HRCap1RegsFile 
*          1    00006ac0    00000020     UNINITIALIZED
                  00006ac0    00000020     F2806x_GlobalVariableDefs.obj (HRCap1RegsFile)

HRCap2RegsFile 
*          1    00006ae0    00000020     UNINITIALIZED
                  00006ae0    00000020     F2806x_GlobalVariableDefs.obj (HRCap2RegsFile)

EQep1RegsFile 
*          1    00006b00    00000022     UNINITIALIZED
                  00006b00    00000022     F2806x_GlobalVariableDefs.obj (EQep1RegsFile)

EQep2RegsFile 
*          1    00006b40    00000022     UNINITIALIZED
                  00006b40    00000022     F2806x_GlobalVariableDefs.obj (EQep2RegsFile)

HRCap3RegsFile 
*          1    00006c80    00000020     UNINITIALIZED
                  00006c80    00000020     F2806x_GlobalVariableDefs.obj (HRCap3RegsFile)

HRCap4RegsFile 
*          1    00006ca0    00000020     UNINITIALIZED
                  00006ca0    00000020     F2806x_GlobalVariableDefs.obj (HRCap4RegsFile)

GpioCtrlRegsFile 
*          1    00006f80    00000040     UNINITIALIZED
                  00006f80    00000040     F2806x_GlobalVariableDefs.obj (GpioCtrlRegsFile)

GpioDataRegsFile 
*          1    00006fc0    00000020     UNINITIALIZED
                  00006fc0    00000020     F2806x_GlobalVariableDefs.obj (GpioDataRegsFile)

GpioIntRegsFile 
*          1    00006fe0    00000020     UNINITIALIZED
                  00006fe0    00000020     F2806x_GlobalVariableDefs.obj (GpioIntRegsFile)

SysCtrlRegsFile 
*          1    00007010    00000030     UNINITIALIZED
                  00007010    00000030     F2806x_GlobalVariableDefs.obj (SysCtrlRegsFile)

SpiaRegsFile 
*          1    00007040    00000010     UNINITIALIZED
                  00007040    00000010     F2806x_GlobalVariableDefs.obj (SpiaRegsFile)

SciaRegsFile 
*          1    00007050    00000010     UNINITIALIZED
                  00007050    00000010     F2806x_GlobalVariableDefs.obj (SciaRegsFile)

NmiIntruptRegsFile 
*          1    00007060    00000010     UNINITIALIZED
                  00007060    00000010     F2806x_GlobalVariableDefs.obj (NmiIntruptRegsFile)

XIntruptRegsFile 
*          1    00007070    00000010     UNINITIALIZED
                  00007070    00000010     F2806x_GlobalVariableDefs.obj (XIntruptRegsFile)

AdcRegsFile 
*          1    00007100    00000050     UNINITIALIZED
                  00007100    00000050     F2806x_GlobalVariableDefs.obj (AdcRegsFile)

SpibRegsFile 
*          1    00007740    00000010     UNINITIALIZED
                  00007740    00000010     F2806x_GlobalVariableDefs.obj (SpibRegsFile)

ScibRegsFile 
*          1    00007750    00000010     UNINITIALIZED
                  00007750    00000010     F2806x_GlobalVariableDefs.obj (ScibRegsFile)

I2caRegsFile 
*          1    00007900    00000022     UNINITIALIZED
                  00007900    00000022     F2806x_GlobalVariableDefs.obj (I2caRegsFile)

PartIdRegsFile 
*          1    003d7e80    00000001     UNINITIALIZED
                  003d7e80    00000001     F2806x_GlobalVariableDefs.obj (PartIdRegsFile)

CsmPwlFile 
*          1    003f7ff8    00000008     UNINITIALIZED
                  003f7ff8    00000008     F2806x_GlobalVariableDefs.obj (CsmPwlFile)

.ebss.1    1    00008c00    00000400     UNINITIALIZED
                  00008c00    00000400     CSMON_C28xx.lib : modbusreg.obj (.ebss:_MODBUSREG_u32RegisterAccessTableInRam)

.ebss.2    1    00009000    00003000     UNINITIALIZED
                  00009000    00000800     CSMON_C28xx.lib : uart_drv.obj (.ebss:_UARTRxBufferTimeDiff)
[...]
003ea92a  local     $30 (.text)
003ea958  local     $35 (.text)
003ea987  local     $40 (.text)
003ea8e9  local     $5_$2 (.text)
00000000  local     .bss (.bss)
00000000  local     .data (.data)
003ea8d5  local     .text (.text)
003ea8f9  local     CHECK_SIGN1 (.text)
003ea934  local     CHECK_SIGN2 (.text)
003ea96c  local     DGT3 (.text)
003ea96e  local     DIVUDenHighZero (.text)
003ea903  local     EQ0 (.text)
003ea8fe  local     EQ1 (.text)
003ea93c  local     EQ2 (.text)
003ea967  local     EQ3 (.text)
003ea998  local     EQ4 (.text)
003ea8d5  global    LL$$DIV (.text)
003ea911  global    LL$$MOD (.text)
003ea9b7  local     LOOP (.text)
003ea9a6  local     MAINDIV (.text)
003ea9c5  local     MD_NEQ (.text)
003ea99a  local     MODUDenHighZero (.text)
003ea8fc  local     RET1 (.text)
003ea937  local     RET2 (.text)
003ea965  local     RET3 (.text)
003ea994  local     RET4 (.text)
003ea939  local     RET_NUM1 (.text)
003ea996  local     RET_NUM2 (.text)
003ea905  local     SDIVUDenHighZero (.text)
003ea9cf  local     SKIP (.text)
003ea9d1  local     SKIP1 (.text)
003ea93f  local     SMODUDenHighZero (.text)
003ea94b  global    ULL$$DIV (.text)
003ea97a  global    ULL$$MOD (.text)


================================================================================

rts2800_ml.lib : u_div28.asm.obj

Run/Load            
Value     Binding   Name (Section)
--------  --------  ---------------
00000000  local     .bss (.bss)
00000000  local     .data (.data)
003edaf3  local     .text (.text)
003edaf3  global    U$$DIV (.text)
003edaf8  global    U$$MOD (.text)


================================================================================

rts2800_ml.lib : u_tofd28.asm.obj

Run/Load            
Value     Binding   Name (Section)
--------  --------  ---------------
00000000  local     .bss (.bss)
00000000  local     .data (.data)
003ed66a  local     .text (.text)
003ed677  local     NORMALIZE (.text)
003ed67f  local     OP_ZERO (.text)
003ed679  local     PACK (.text)
003ed67e  local     RETURN (.text)
003ed67c  local     RETURN_VALUE (.text)
003ed66a  global    U$$TOFD (.text)


================================================================================

rts2800_ml.lib : u_tofs28.asm.obj

Run/Load            
Value     Binding   Name (Section)
--------  --------  ---------------
00000000  local     .bss (.bss)
00000000  local     .data (.data)
003ed8ce  local     .text (.text)
003ed8dd  local     RESTORE (.text)
003ed8ce  global    U$$TOFS (.text)
003ed8dd  local     ZERO (.text)


================================================================================

rts2800_ml.lib : l_tofs28.asm.obj

Run/Load            
Value     Binding   Name (Section)
--------  --------  ---------------
00000000  local     .bss (.bss)
00000000  local     .data (.data)
003ed4e9  local     .text (.text)
003ed4e9  global    L$$TOFS (.text)
003ed4ff  local     OVERFLOW (.text)
003ed4fe  local     RETURN (.text)
003ed4fe  local     ZERO (.text)


================================================================================

rts2800_ml.lib : ul_tofs28.asm.obj

Run/Load            
Value     Binding   Name (Section)
--------  --------  ---------------
00000000  local     .bss (.bss)
00000000  local     .data (.data)
003ed778  local     .text (.text)
003ed780  local     LEFT_SHIFT (.text)
003ed782  local     PACK (.text)
003ed78a  local     RETURN (.text)
003ed778  global    UL$$TOFS (.text)
003ed78a  local     ZERO (.text)


================================================================================

rts2800_ml.lib : prolog28.asm.obj

Run/Load            
Value     Binding   Name (Section)
--------  --------  ---------------
00000000  local     .bss (.bss)
00000000  local     .data (.data)
003ed567  local     .text (.text)
003ed567  global    _prolog_c28x_1 (.text)
003ed56b  global    _prolog_c28x_2 (.text)
003ed573  global    _prolog_c28x_3 (.text)


================================================================================

rts2800_ml.lib : fs_tofd28.asm.obj

Run/Load            
Value     Binding   Name (Section)
--------  --------  ---------------
00000000  local     .bss (.bss)
00000000  local     .data (.data)
003ed3de  local     .text (.text)
003ed3de  global    FS$$TOFD (.text)
003ed3f2  local     OVERFLOW (.text)
003ed3f1  local     RETURN (.text)
003ed3ef  local     RETURN_VALUE (.text)
003ed3f8  local     UNDERFLOW (.text)


================================================================================

rts2800_ml.lib : fd_div28.asm.obj

Run/Load            
Value     Binding   Name (Section)
--------  --------  ---------------
003ebb4a  local     $1_$3 (.text)
003ebb55  local     $2_$3 (.text)
00000000  local     .bss (.bss)
00000000  local     .data (.data)
003ebb0e  local     .text (.text)
003ebb64  local     DIV_END (.text)
003ebb45  local     DIV_START (.text)
003ebb0e  global    FD$$DIV (.text)
003ebb67  local     NORMALIZE (.text)
003ebb91  local     OVERFLOW (.text)
003ebb8c  local     RETURN (.text)
003ebb8a  local     RETURN_VALUE (.text)
003ebb7c  local     RND64_SET_MANT$3$ (.text)
003ebb70  local     ROUND (.text)
003ebb97  local     UNDERFLOW (.text)


================================================================================

rts2800_ml.lib : cpy_tbl.c.obj

Run/Load            
Value     Binding   Name (Section)
--------  --------  ---------------
003ed06f  local     $C$L1 (.text)
003ed082  local     $C$L2 (.text)
003ed083  local     $C$L3 (.text)
00000000  local     .bss (.bss)
00000000  local     .data (.data)
003ed067  local     .text (.text)
003ed067  global    _copy_in (.text)


================================================================================

rts2800_ml.lib : memcpy.c.obj

Run/Load            
Value     Binding   Name (Section)
--------  --------  ---------------
003ed357  local     $C$L1 (.text)
003ed35b  local     $C$L2 (.text)
003ed362  local     $C$L3 (.text)
003ed364  local     $C$L4 (.text)
003ed36c  local     $C$L5 (.text)
00000000  local     .bss (.bss)
00000000  local     .data (.data)
003ed351  local     .text (.text)
003ed351  global    _memcpy (.text)


================================================================================

rts2800_ml.lib : pre_init.c.obj

Run/Load            
Value     Binding   Name (Section)
--------  --------  ---------------
00000000  local     .bss (.bss)
00000000  local     .data (.data)
003ee073  local     .text (.text)
003ee073  global    __system_pre_init (.text)


================================================================================

rts2800_ml.lib : startup.c.obj

Run/Load            
Value     Binding   Name (Section)
--------  --------  ---------------
00000000  local     .bss (.bss)
00000000  local     .data (.data)
003ee077  local     .text (.text)
003ee077  global    __system_post_cinit (.text)


================================================================================

rts2800_ml.lib : e_rem_pio2f.c.obj

Run/Load            
Value     Binding   Name (Section)
--------  --------  ---------------
003efe16  local     $C$FL1 (.econst)
003efe1a  local     $C$FL2 (.econst)
003efe1e  local     $C$FL3 (.econst)
003efe22  local     $C$FL4 (.econst)
003eb4db  local     $C$L1 (.text)
003eb4e9  local     $C$L2 (.text)
003eb515  local     $C$L3 (.text)
003eb51a  local     $C$L4 (.text)
00000000  local     .bss (.bss)
00000000  local     .data (.data)
003efe0a  local     .econst (.econst)
003eb478  local     .text (.text)
003eb478  global    ___rem_pio2f (.text)
003efe0a  local     _invpio2 (.econst)
003efe0e  local     _pio2_1 (.econst)
003efe12  local     _pio2_1t (.econst)


================================================================================

rts2800_ml.lib : k_rem_pio2.c.obj

Run/Load            
Value     Binding   Name (Section)
--------  --------  ---------------
003efd86  local     $C$FL1 (.econst)
003efd8a  local     $C$FL2 (.econst)
003efd8e  local     $C$FL3 (.econst)
003efd92  local     $C$FL4 (.econst)
003efd96  local     $C$FL5 (.econst)
003efd9a  local     $C$FL6 (.econst)
003efd9e  local     $C$FL7 (.econst)
003e9a64  local     $C$L1 (.text)
003e9b1e  local     $C$L10 (.text)
003e9b4b  local     $C$L11 (.text)
003e9b6b  local     $C$L12 (.text)
003e9b90  local     $C$L13 (.text)
003e9baf  local     $C$L14 (.text)
003e9bb6  local     $C$L15 (.text)
003e9bd3  local     $C$L16 (.text)
003e9c21  local     $C$L17 (.text)
003e9c8d  local     $C$L18 (.text)
003e9c91  local     $C$L19 (.text)
003e9a8c  local     $C$L2 (.text)
003e9c9f  local     $C$L20 (.text)
003e9cc8  local     $C$L21 (.text)
003e9ccd  local     $C$L22 (.text)
003e9cd8  local     $C$L23 (.text)
003e9ce4  local     $C$L24 (.text)
003e9ce9  local     $C$L25 (.text)
003e9cef  local     $C$L26 (.text)
003e9d0c  local     $C$L27 (.text)
003e9d18  local     $C$L28 (.text)
003e9d43  local     $C$L29 (.text)
003e9a97  local     $C$L3 (.text)
003e9d71  local     $C$L30 (.text)
003e9dbc  local     $C$L31 (.text)
003e9dc1  local     $C$L32 (.text)
003e9dd9  local     $C$L33 (.text)
003e9de3  local     $C$L34 (.text)
003e9df2  local     $C$L35 (.text)
003e9dfc  local     $C$L36 (.text)
003e9e17  local     $C$L37 (.text)
003e9e27  local     $C$L38 (.text)
003e9e29  local     $C$L39 (.text)
003e9aa3  local     $C$L4 (.text)
003e9e49  local     $C$L40 (.text)
003e9e71  local     $C$L41 (.text)
003e9e88  local     $C$L42 (.text)
003e9e9c  local     $C$L43 (.text)
003e9eca  local     $C$L44 (.text)
003e9ee8  local     $C$L45 (.text)
003e9f06  local     $C$L46 (.text)
003e9f55  local     $C$L47 (.text)
003e9f8f  local     $C$L48 (.text)
003e9fa7  local     $C$L49 (.text)
003e9ab4  local     $C$L5 (.text)
003e9fb8  local     $C$L50 (.text)
003e9fd5  local     $C$L51 (.text)
003e9ff0  local     $C$L52 (.text)
003ea003  local     $C$L53 (.text)
003ea014  local     $C$L54 (.text)
003ea022  local     $C$L55 (.text)
003ea02c  local     $C$L56 (.text)
003ea04d  local     $C$L57 (.text)
003ea05e  local     $C$L58 (.text)
003ea06c  local     $C$L59 (.text)
003e9ac0  local     $C$L6 (.text)
003ea076  local     $C$L60 (.text)
003ea080  local     $C$L61 (.text)
003ea093  local     $C$L62 (.text)
003ea0a4  local     $C$L63 (.text)
003ea0b2  local     $C$L64 (.text)
003ea0bc  local     $C$L65 (.text)
003ea0c5  local     $C$L66 (.text)
003e9add  local     $C$L7 (.text)
003e9b02  local     $C$L8 (.text)
003e9b17  local     $C$L9 (.text)
00000000  local     .bss (.bss)
00000000  local     .data (.data)
003efd76  local     .econst (.econst)
003efdca  local     .econst:_PIo2 (.econst:_PIo2)
003efeaa  local     .econst:_init_jk (.econst:_init_jk)
003efca2  local     .econst:_ipio2 (.econst:_ipio2)
003e9a36  local     .text (.text)
003efdca  local     _PIo2 (.econst:_PIo2)
003e9a36  global    ___kernel_rem_pio2 (.text)
003efeaa  local     _init_jk (.econst:_init_jk)
003efca2  local     _ipio2 (.econst:_ipio2)
003efd7a  local     _one (.econst)
003efd7e  local     _two24 (.econst)
003efd82  local     _twon24 (.econst)
003efd76  local     _zero (.econst)


================================================================================

rts2800_ml.lib : exit.c.obj

Run/Load            
Value     Binding   Name (Section)
--------  --------  ---------------
003ecd5b  local     $C$L1 (.text)
003ecd6e  local     $C$L2 (.text)
003ecd79  local     $C$L3 (.text)
003ecd7f  local     $C$L4 (.text)
00000000  local     .bss (.bss)
003f04f7  local     .cinit (.cinit)
00000000  local     .data (.data)
0000c02e  local     .ebss (.ebss)
003ecd5a  local     .text (.text)
003ecd5a  global    C$$EXIT (.text)
0000c030  global    ___TI_cleanup_ptr (.ebss)
0000c032  global    ___TI_dtors_ptr (.ebss)
0000c02e  global    ___TI_enable_exit_profile_output (.ebss)
003ecd5a  global    _abort (.text)
003ecd5c  global    _exit (.text)


================================================================================

rts2800_ml.lib : _lock.c.obj

Run/Load            
Value     Binding   Name (Section)
--------  --------  ---------------
00000000  local     .bss (.bss)
003f0685  local     .cinit:__lock (.cinit:__lock)
003f068a  local     .cinit:__unlock (.cinit:__unlock)
00000000  local     .data (.data)
0000bfbe  local     .ebss:__lock (.ebss:__lock)
0000c074  local     .ebss:__unlock (.ebss:__unlock)
003edba3  local     .text (.text)
0000bfbe  global    __lock (.ebss:__lock)
003edbab  global    __nop (.text)
003edba7  global    __register_lock (.text)
003edba3  global    __register_unlock (.text)
0000c074  global    __unlock (.ebss:__unlock)


================================================================================

rts2800_ml.lib : args_main.c.obj

Run/Load            
Value     Binding   Name (Section)
--------  --------  ---------------
003ed858  local     $C$L1 (.text)
003ed85b  local     $C$L2 (.text)
00000000  local     .bss (.bss)
00000000  local     .data (.data)
003ed84d  local     .text (.text)
003ed84d  global    __args_main (.text)


================================================================================

rts2800_ml.lib : s_floor.c.obj

Run/Load            
Value     Binding   Name (Section)
--------  --------  ---------------
003efe9c  local     $C$FL1 (.econst)
003efea0  local     $C$FL2 (.econst)
003eadeb  local     $C$L1 (.text)
003eae43  local     $C$L10 (.text)
003eae63  local     $C$L11 (.text)
003eae65  local     $C$L12 (.text)
003eae71  local     $C$L13 (.text)
003eae76  local     $C$L14 (.text)
003eadf0  local     $C$L2 (.text)
003eadf1  local     $C$L3 (.text)
003eadf9  local     $C$L4 (.text)
003eae0c  local     $C$L5 (.text)
003eae1b  local     $C$L6 (.text)
003eae1e  local     $C$L7 (.text)
003eae3a  local     $C$L8 (.text)
003eae40  local     $C$L9 (.text)
00000000  local     .bss (.bss)
00000000  local     .data (.data)
003efe98  local     .econst (.econst)
003ead93  local     .text (.text)
003ead93  global    _floorl (.text)
003efe98  local     _huge (.econst)


================================================================================

rts2800_ml.lib : s_scalbn.c.obj

Run/Load            
Value     Binding   Name (Section)
--------  --------  ---------------
003efe32  local     $C$FL1 (.econst)
003efe36  local     $C$FL2 (.econst)
003efe3a  local     $C$FL3 (.econst)
003efe3e  local     $C$FL4 (.econst)
003eb3f4  local     $C$L1 (.text)
003eb40d  local     $C$L2 (.text)
003eb41f  local     $C$L3 (.text)
003eb42a  local     $C$L4 (.text)
003eb43f  local     $C$L5 (.text)
003eb445  local     $C$L6 (.text)
003eb450  local     $C$L7 (.text)
003eb470  local     $C$L8 (.text)
003eb474  local     $C$L9 (.text)
00000000  local     .bss (.bss)
00000000  local     .data (.data)
003efe26  local     .econst (.econst)
003eb3ce  local     .text (.text)
003eb3ce  global    _ldexpl (.text)
003eb3ce  global    _scalbnl (.text)
003efe2e  local     _tiny (.econst)
003efe26  local     _two54 (.econst)
003efe2a  local     _twom54 (.econst)


================================================================================

rts2800_ml.lib : s_copysign.c.obj

Run/Load            
Value     Binding   Name (Section)
--------  --------  ---------------
003ed138  local     $C$L1 (.text)
00000000  local     .bss (.bss)
00000000  local     .data (.data)
003ed117  local     .text (.text)
003ed117  global    _copysignl (.text)


================================================================================

rts2800_ml.lib : k_cosf.c.obj

Run/Load            
Value     Binding   Name (Section)
--------  --------  ---------------
003efdb6  local     $C$FL1 (.econst)
003efdba  local     $C$FL2 (.econst)
003efdbe  local     $C$FL3 (.econst)
003efdc2  local     $C$FL4 (.econst)
003efdc6  local     $C$FL5 (.econst)
00000000  local     .bss (.bss)
00000000  local     .data (.data)
003efda2  local     .econst (.econst)
003ebc20  local     .text (.text)
003efda6  local     _C0 (.econst)
003efdaa  local     _C1 (.econst)
003efdae  local     _C2 (.econst)
003efdb2  local     _C3 (.econst)
003ebc20  global    ___kernel_cosdf (.text)
003efda2  local     _one (.econst)


================================================================================

rts2800_ml.lib : k_sinf.c.obj

Run/Load            
Value     Binding   Name (Section)
--------  --------  ---------------
003efdfa  local     $C$FL1 (.econst)
003efdfe  local     $C$FL2 (.econst)
003efe02  local     $C$FL3 (.econst)
003efe06  local     $C$FL4 (.econst)
00000000  local     .bss (.bss)
00000000  local     .data (.data)
003efdea  local     .econst (.econst)
003eb9ec  local     .text (.text)
003efdea  local     _S1 (.econst)
003efdee  local     _S2 (.econst)
003efdf2  local     _S3 (.econst)
003efdf6  local     _S4 (.econst)
003eb9ec  global    ___kernel_sindf (.text)


================================================================================

rts2800_ml.lib : fd_cmp28.asm.obj

Run/Load            
Value     Binding   Name (Section)
--------  --------  ---------------
00000000  local     .bss (.bss)
00000000  local     .data (.data)
003ecd30  local     .text (.text)
003ecd40  local     CHECK_INF (.text)
003ecd30  global    FD$$CMP (.text)
003ecd57  local     NO_NEG (.text)
003ecd58  local     OP_EQUAL (.text)
003ecd50  local     RETURN (.text)


================================================================================

rts2800_ml.lib : fd_tol28.asm.obj

Run/Load            
Value     Binding   Name (Section)
--------  --------  ---------------
00000000  local     .bss (.bss)
00000000  local     .data (.data)
003ed2be  local     .text (.text)
003ed2be  global    FD$$TOL (.text)
003ed2d7  local     OVERFLOW (.text)
003ed2d6  local     RETURN_VALUE (.text)
003ed2db  local     UNDERFLOW (.text)


================================================================================

rts2800_ml.lib : ll_aox28.asm.obj

Run/Load            
Value     Binding   Name (Section)
--------  --------  ---------------
00000000  local     .bss (.bss)
00000000  local     .data (.data)
003ed5c8  local     .text (.text)
003ed5c8  global    LL$$AND (.text)
003ed5d0  global    LL$$OR (.text)
003ed5d8  global    LL$$XOR (.text)


================================================================================

rts2800_ml.lib : i_div28.asm.obj

Run/Load            
Value     Binding   Name (Section)
--------  --------  ---------------
00000000  local     .bss (.bss)
00000000  local     .data (.data)
003ed13a  local     .text (.text)
003ed13a  global    I$$DIV (.text)
003ed14b  global    I$$MOD (.text)
003ed14a  local     RET1 (.text)
003ed15a  local     RET2 (.text)


================================================================================

rts2800_ml.lib : l_tofd28.asm.obj

Run/Load            
Value     Binding   Name (Section)
--------  --------  ---------------
003ed408  local     $10 (.text)
00000000  local     .bss (.bss)
00000000  local     .data (.data)
003ed3fa  local     .text (.text)
003ed3fa  global    L$$TOFD (.text)
003ed414  local     OP_ZERO (.text)
003ed413  local     RETURN (.text)
003ed411  local     RETURN_VALUE (.text)


================================================================================

rts2800_ml.lib : fd_tofs28.asm.obj

Run/Load            
Value     Binding   Name (Section)
--------  --------  ---------------
00000000  local     .bss (.bss)
00000000  local     .data (.data)
003ed1bf  local     .text (.text)
003ed1cc  local     EXP_EVAL (.text)
003ed1bf  global    FD$$TOFS (.text)
003ed1d8  local     OVERFLOW (.text)
003ed1d7  local     RETURN_VALUE (.text)
003ed1de  local     UNDERFLOW (.text)


================================================================================

rts2800_ml.lib : errno.c.obj

Run/Load            
Value     Binding   Name (Section)
--------  --------  ---------------
00000000  local     .bss (.bss)
003f06d9  local     .cinit (.cinit)
00000000  local     .data (.data)
0000c092  local     .ebss (.ebss)
00000000  local     .text (.text)
0000c092  global    _errno (.ebss)


================================================================================

