******************************************************************************
             TMS320C2000 Linker PC v22.6.0                     
******************************************************************************
>> Linked Wed Jan 25 01:27:00 2023

OUTPUT FILE NAME:   <../../../04_Output_Files/Motor28062/TEST_CSMON_C28xx.out>
ENTRY POINT SYMBOL: "_c_int00"  address: 003ecb97


MEMORY CONFIGURATION

         name            origin    length      used     unused   attr    fill
----------------------  --------  ---------  --------  --------  ----  --------
PAGE 0:
  RAML0                 00008000   00000800  00000029  000007d7  RWIX
  RAML1                 00008800   00000400  00000000  00000400  RWIX
  OTP                   003d7800   00000400  00000000  00000400  RWIX
  FLASH_APP             003e8000   0000dff0  00008e04  000051ec  RWIX
  CSM_RSVD              003f7f80   00000076  00000076  00000000  RWIX
  BEGIN                 003f7ff6   00000002  00000002  00000000  RWIX
  CSM_PWL_P0            003f7ff8   00000008  00000008  00000000  RWIX
  FPUTABLES             003fd590   000006a0  00000000  000006a0  RWIX
  IQTABLES              003fdf00   00000b50  00000000  00000b50  RWIX
  IQTABLES2             003fea50   0000008c  00000000  0000008c  RWIX
  IQTABLES3             003feadc   000000aa  00000000  000000aa  RWIX
  ROM                   003ff3b0   00000c10  00000000  00000c10  RWIX
  RESET                 003fffc0   00000002  00000000  00000002  RWIX
  VECTORS               003fffc2   0000003e  00000000  0000003e  RWIX

PAGE 1:
  BOOT_RSVD             00000000   00000050  00000000  00000050  RWIX
  RAMM0                 00000050   000003b0  00000380  00000030  RWIX
  RAMM1                 00000400   00000400  00000000  00000400  RWIX
  DEV_EMU               00000880   00000105  00000004  00000101  RWIX
  SYS_PWR_CTL           00000985   00000003  00000003  00000000  RWIX
  FLASH_REGS            00000a80   00000060  00000008  00000058  RWIX
  CSM                   00000ae0   00000020  00000010  00000010  RWIX
  ADC_RESULT            00000b00   00000020  00000010  00000010  RWIX
  CPU_TIMER0            00000c00   00000008  00000008  00000000  RWIX
  CPU_TIMER1            00000c08   00000008  00000008  00000000  RWIX
  CPU_TIMER2            00000c10   00000008  00000008  00000000  RWIX
  PIE_CTRL              00000ce0   00000020  0000001a  00000006  RWIX
  PIE_VECT              00000d00   00000100  00000100  00000000  RWIX
  DMA                   00001000   00000200  000000e0  00000120  RWIX
  CLA1                  00001400   00000080  00000040  00000040  RWIX
  USB0                  00004000   00001000  00000454  00000bac  RWIX
  McBSPA                00005000   00000040  00000024  0000001c  RWIX
  ECANA                 00006000   00000040  00000034  0000000c  RWIX
  ECANA_LAM             00006040   00000040  00000040  00000000  RWIX
  ECANA_MOTS            00006080   00000040  00000040  00000000  RWIX
  ECANA_MOTO            000060c0   00000040  00000040  00000000  RWIX
  ECANA_MBOX            00006100   00000100  00000100  00000000  RWIX
  COMP1                 00006400   00000020  00000014  0000000c  RWIX
  COMP2                 00006420   00000020  00000014  0000000c  RWIX
  COMP3                 00006440   00000020  00000014  0000000c  RWIX
  EPWM1                 00006800   00000040  00000040  00000000  RWIX
  EPWM2                 00006840   00000040  00000040  00000000  RWIX
  EPWM3                 00006880   00000040  00000040  00000000  RWIX
  EPWM4                 000068c0   00000040  00000040  00000000  RWIX
  EPWM5                 00006900   00000040  00000040  00000000  RWIX
  EPWM6                 00006940   00000040  00000040  00000000  RWIX
  EPWM7                 00006980   00000040  00000040  00000000  RWIX
  EPWM8                 000069c0   00000040  00000040  00000000  RWIX
  ECAP1                 00006a00   00000020  00000020  00000000  RWIX
  ECAP2                 00006a20   00000020  00000020  00000000  RWIX
  ECAP3                 00006a40   00000020  00000020  00000000  RWIX
  HRCAP1                00006ac0   00000020  00000020  00000000  RWIX
  HRCAP2                00006ae0   00000020  00000020  00000000  RWIX
  EQEP1                 00006b00   00000040  00000022  0000001e  RWIX
  EQEP2                 00006b40   00000040  00000022  0000001e  RWIX
  HRCAP3                00006c80   00000020  00000020  00000000  RWIX
  HRCAP4                00006ca0   00000020  00000020  00000000  RWIX
  GPIOCTRL              00006f80   00000040  00000040  00000000  RWIX
  GPIODAT               00006fc0   00000020  00000020  00000000  RWIX
  GPIOINT               00006fe0   00000020  00000020  00000000  RWIX
  SYSTEM                00007010   00000030  00000030  00000000  RWIX
  SPIA                  00007040   00000010  00000010  00000000  RWIX
  SCIA                  00007050   00000010  00000010  00000000  RWIX
  NMIINTRUPT            00007060   00000010  00000010  00000000  RWIX
  XINTRUPT              00007070   00000010  00000010  00000000  RWIX
  ADC                   00007100   00000080  00000050  00000030  RWIX
  SPIB                  00007740   00000010  00000010  00000000  RWIX
  SCIB                  00007750   00000010  00000010  00000000  RWIX
  I2CA                  00007900   00000040  00000022  0000001e  RWIX
  RAML2                 00008c00   00000400  00000400  00000000  RWIX
  RAML34                00009000   00003000  00003000  00000000  RWIX
  RAML5                 0000c000   00002000  00000121  00001edf  RWIX
  RAML6                 0000e000   00002000  00000000  00002000  RWIX
  RAML7                 00010000   00002000  00000000  00002000  RWIX
  RAML8                 00012000   00002000  00000000  00002000  RWIX
  USB_RAM               00040000   00000800  00000000  00000800  RWIX
  PARTID                003d7e80   00000001  00000001  00000000  RWIX
  CSM_PWL               003f7ff8   00000008  00000008  00000000  RWIX


SECTION ALLOCATION MAP

 output                                  attributes/
section   page    origin      length       input sections
--------  ----  ----------  ----------   ----------------
.cinit     0    003f05a4    00000860     
                  003f05a4    00000216     CSMON_C28xx.lib : hmmodbus.obj (.cinit)
                  003f07ba    0000017b     main.obj (.cinit)
                  003f0935    00000105     CSMON_C28xx.lib : csmon.obj (.cinit)
                  003f0a3a    0000009c                     : modbusreg.obj (.cinit)
                  003f0ad6    00000030                     : csmon.obj (.cinit:_CSMON_au8FileRecorderConfigElementsSizeTable)
                  003f0b06    0000002b                     : csmon.obj (.cinit:_CSMON_au8FileScopeConfigurationElementsSizeTable)
                  003f0b31    00000017                     : csmon.obj (.cinit:_CSMON_au8FileRecorderDataElementsSizeTable)
                  003f0b48    00000015                     : csmon.obj (.cinit:_CSMON_sFileAutorization)
                  003f0b5d    00000014                     : hmdrv.obj (.cinit)
                  003f0b71    00000014                     : hmprotocol.obj (.cinit)
                  003f0b85    00000013                     : modbusreg.obj (.cinit:_MODBUSREG_au8DeviceIDUserApplicationName)
                  003f0b98    00000013                     : modbusreg.obj (.cinit:_MODBUSREG_au8DeviceIDVendorUrl)
                  003f0bab    00000013                     : modbusreg.obj (.cinit:_MODBUSREG_au8ServerIDData)
                  003f0bbe    00000013                     : hmrecparam.obj (.cinit:_sRecStatusParam)
                  003f0bd1    0000000f                     : csmon.obj (.cinit:_CSMON_sDateTime)
                  003f0be0    0000000f                     : csmon.obj (.cinit:_CSMON_sDateTimeApplication)
                  003f0bef    0000000f                     : csmon.obj (.cinit:_CSMON_sDateTimeDefault)
                  003f0bfe    0000000f                     : modbusreg.obj (.cinit:_MODBUSREG_au8DeviceIDModelName)
                  003f0c0d    0000000f     device.obj (.cinit)
                  003f0c1c    0000000e     rts2800_ml.lib : exit.c.obj (.cinit)
                  003f0c2a    0000000d     CSMON_C28xx.lib : tmr_drv.obj (.cinit)
                  003f0c37    0000000d                     : csmon.obj (.cinit:_CSMON_au8FileParameterCountElementsSizeTable)
                  003f0c44    0000000d                     : csmon.obj (.cinit:_CSMON_au8FileRTCElementsSizeTable)
                  003f0c51    0000000d                     : csmon.obj (.cinit:_sHashKey)
                  003f0c5e    0000000c                     : modbusreg.obj (.cinit:_MODBUSREG_au8DeviceIDProductName)
                  003f0c6a    0000000c                     : modbusreg.obj (.cinit:_MODBUSREG_au8DeviceIDUserReserve0)
                  003f0c76    0000000c                     : modbusreg.obj (.cinit:_MODBUSREG_au8DeviceIDUserReserve1)
                  003f0c82    0000000c                     : modbusreg.obj (.cinit:_MODBUSREG_au8DeviceIDUserReserve2)
                  003f0c8e    0000000c                     : modbusreg.obj (.cinit:_MODBUSREG_au8DeviceIDVendorName)
                  003f0c9a    0000000b                     : hmrecparam.obj (.cinit:_HMRECPRM_sDateTime)
                  003f0ca5    0000000b     main.obj (.cinit:_MAIN_sDateTimeGet)
                  003f0cb0    0000000b     main.obj (.cinit:_MAIN_sDateTimeSet)
                  003f0cbb    0000000b     uart_driver.obj (.cinit:_UART_DRV_RXIntOverflowCounter)
                  003f0cc6    0000000b     uart_driver.obj (.cinit:_UART_DRV_u32TimeDiffLast)
                  003f0cd1    0000000b     uart_driver.obj (.cinit:_UART_DRV_u32TimeDiffNow)
                  003f0cdc    0000000b     CSMON_C28xx.lib : uart_drv.obj (.cinit:_UART_RXIntOverflowCounter)
                  003f0ce7    0000000b                     : tmr_drv.obj (.cinit:_pfDelayedFunction)
                  003f0cf2    0000000b                     : tmr_drv.obj (.cinit:_pfDelayedFunction_u8)
                  003f0cfd    0000000b                     : hmrecparam.obj (.cinit:_sRecStatusParamInternal)
                  003f0d08    0000000b                     : uart_drv.obj (.cinit:_u32TimeDiffLast)
                  003f0d13    0000000b                     : uart_drv.obj (.cinit:_u32TimeDiffNow)
                  003f0d1e    0000000b                     : uart_drv.obj (.cinit:_u32TimeDiffRead)
                  003f0d29    00000009                     : hmserial.obj (.cinit)
                  003f0d32    00000009                     : csmon.obj (.cinit:_CSMON_au32FileAutorization_FunctionAfterWriteFileRecord)
                  003f0d3b    00000009                     : csmon.obj (.cinit:_CSMON_sFileParameterCount)
                  003f0d44    00000008                     : hmlib.obj (.cinit)
                  003f0d4c    00000007                     : csmon.obj (.cinit:_CSMON_au8FileRecorderStatusElementsSizeTable)
                  003f0d53    00000007                     : modbusreg.obj (.cinit:_MODBUSREG_au8DeviceIDMajorMinorRevision)
                  003f0d5a    00000007                     : modbusreg.obj (.cinit:_MODBUSREG_au8DeviceIDProductCode)
                  003f0d61    00000007                     : uart_drv.obj (.cinit:_UARTRxBufferRDCount)
                  003f0d68    00000007                     : uart_drv.obj (.cinit:_UARTRxBufferRDIndex)
                  003f0d6f    00000007                     : uart_drv.obj (.cinit:_UARTRxBufferWRCount)
                  003f0d76    00000007                     : uart_drv.obj (.cinit:_UARTRxBufferWRIndex)
                  003f0d7d    00000007     uart_driver.obj (.cinit:_UART_DRV_RxBufferRDCount)
                  003f0d84    00000007     uart_driver.obj (.cinit:_UART_DRV_RxBufferWRCount)
                  003f0d8b    00000007     uart_driver.obj (.cinit:_UART_DRV_RxBufferWRIndex)
                  003f0d92    00000006     CSMON_C28xx.lib : csmon.obj (.cinit:_CSMON_abFileAutorization_RecordReadOnly)
                  003f0d98    00000006                     : csmon.obj (.cinit:_CSMON_abFileAutorization_RecordStringData)
                  003f0d9e    00000006                     : csmon.obj (.cinit:_CSMON_au16FileAutorization_RecordOffsets)
                  003f0da4    00000006                     : csmon.obj (.cinit:_CSMON_sFileProtocolVersion)
                  003f0daa    00000005     rts2800_ml.lib : _lock.c.obj (.cinit:__lock)
                  003f0daf    00000005                    : _lock.c.obj (.cinit:__unlock)
                  003f0db4    00000005     CSMON_C28xx.lib : hmscopeparam.obj (.cinit:_pBufferScope)
                  003f0db9    00000005                     : csmon.obj (.cinit:_sFileParameterNumericOffsetDefault)
                  003f0dbe    00000004                     : hmscopeparam.obj (.cinit)
                  003f0dc2    00000004                     : uart_drv.obj (.cinit)
                  003f0dc6    00000004                     : csmon.obj (.cinit:_CSMON_au8FileParameterListElementsSizeTablePart1_1)
                  003f0dca    00000004                     : csmon.obj (.cinit:_CSMON_au8FileParameterListElementsSizeTablePart1_2)
                  003f0dce    00000004                     : csmon.obj (.cinit:_CSMON_au8FileParameterListElementsSizeTablePart1_3)
                  003f0dd2    00000004                     : csmon.obj (.cinit:_CSMON_au8FileParameterListElementsSizeTablePart1_4)
                  003f0dd6    00000004                     : csmon.obj (.cinit:_CSMON_au8FileParameterListElementsSizeTablePart2)
                  003f0dda    00000004                     : csmon.obj (.cinit:_CSMON_au8FileParameterListElementsSizeTablePart3)
                  003f0dde    00000004                     : csmon.obj (.cinit:_CSMON_au8FileParameterNumbElementsSizeTablePart16Bits)
                  003f0de2    00000004                     : csmon.obj (.cinit:_CSMON_au8FileParameterNumbElementsSizeTablePart32Bits)
                  003f0de6    00000004                     : csmon.obj (.cinit:_CSMON_au8FileRecorderDataElementsSizeTableUsedLength)
                  003f0dea    00000004                     : csmon.obj (.cinit:_CSMON_au8FileScopeStatusElementsSizeTable)
                  003f0dee    00000004                     : csmon.obj (.cinit:_CSMON_sFileParameterAccessList)
                  003f0df2    00000004                     : hmmodbus.obj (.cinit:_HMMODBUS_u32RegisterAddressDummyuSize)
                  003f0df6    00000004                     : modbusreg.obj (.cinit:_MODBUSREG_asFileTable)
                  003f0dfa    00000004                     : csmon.obj (.cinit:_sFileParameterNumericVisualTypeDefault)
                  003f0dfe    00000004     rts2800_ml.lib : errno.c.obj (.cinit)
                  003f0e02    00000002     --HOLE-- [fill = 0]

.pinit     0    003e8000    00000000     UNINITIALIZED

.text      0    003e8000    0000676f     
                  003e8000    000008c2     CSMON_C28xx.lib : hmmodbus.obj (.text:_HMMODBUS_ReadFileRecord)
                  003e88c2    00000893                     : hmmodbus.obj (.text:_HMMODBUS_bDecoder_OPT)
                  003e9155    0000077b                     : modbusreg.obj (.text:_MODBUSREG_AddressTablesInit)
                  003e98d0    00000698     rts2800_ml.lib : k_rem_pio2.c.obj (.text)
                  003e9f68    00000687     CSMON_C28xx.lib : hmmodbus.obj (.text:_HMMODBUS_WriteFileRecord)
                  003ea5ef    000001b2     main.obj (.text:_main)
                  003ea7a1    0000017f     CSMON_C28xx.lib : csmon.obj (.text:_CSMON_eSetUpRecParam)
                  003ea920    0000016a                     : csmon.obj (.text:_CSMON_eProcess)
                  003eaa8a    00000146                     : hmmodbus.obj (.text:_HMMODBUS_Rx)
                  003eabd0    0000011b                     : hmmodbus.obj (.text:_HMMODBUS_vSetFreeRunTimerPrescaller)
                  003eaceb    00000114     rts2800_ml.lib : s_sinf.c.obj (.text)
                  003eadff    00000107                    : ll_div28.asm.obj (.text)
                  003eaf06    000000f1     CSMON_C28xx.lib : csmon.obj (.text:_CSMON_vFileRecoderStatusFix)
                  003eaff7    000000ef                     : hmmodbus.obj (.text:_HMMODBUS_WriteHoldingRegister)
                  003eb0e6    000000e9                     : hmmodbus.obj (.text:_HMMODBUS_ReadHoldingRegister)
                  003eb1cf    000000e9                     : hmprotocol.obj (.text:_HMPROTOCOL_bDecoder)
                  003eb2b8    000000e8                     : hmrecparam.obj (.text:_HMRECPRM_vProcess)
                  003eb3a0    000000e8     rts2800_ml.lib : s_floor.c.obj (.text)
                  003eb488    000000e4     main.obj (.text:_ControlProcess)
                  003eb56c    000000d6     CSMON_C28xx.lib : csmon.obj (.text:_CSMON_vSetupHoldingRegistersAndCoilsAddressTableFromCSMONParameterList)
                  003eb642    000000c6                     : csmon.obj (.text:_CSMON_vInitParameterListRealAddressRecordTables)
                  003eb708    000000bc                     : csmon.obj (.text:_CSMON_vPrepareFileParameterAccessList)
                  003eb7c4    000000bc                     : hmrecparam.obj (.text:_HMRECPRM_SetUpRec)
                  003eb880    000000ba                     : csmon.obj (.text:_CSMON_eInit)
                  003eb93a    000000b9                     : hmdrv.obj (.text:_HMDRV_vInit)
                  003eb9f3    000000b8                     : hmrec.obj (.text:_HMREC_SetUpRec)
                  003ebaab    000000aa                     : hmdrv.obj (.text:_HMDRV_CopyFromBufferInternalModbusBitField)
                  003ebb55    000000aa     rts2800_ml.lib : s_scalbn.c.obj (.text)
                  003ebbff    000000a7                    : e_rem_pio2f.c.obj (.text)
                  003ebca6    000000a3     CSMON_C28xx.lib : tmr_drv.obj (.text:_TMR2_ISR)
                  003ebd49    0000009d                     : hmmodbus.obj (.text:_HMMODBUS_GetRealRegisterAddressAndSize)
                  003ebde6    0000009c     rts2800_ml.lib : fd_add28.asm.obj (.text)
                  003ebe82    00000097     main.obj (.text:_RecordersInitialization)
                  003ebf19    00000093     main.obj (.text:_ParameterInitialization)
                  003ebfac    00000092     CSMON_C28xx.lib : hmdrv.obj (.text:_HMDRV_CopyMemory)
                  003ec03e    00000092                     : hmdrv.obj (.text:_HMDRV_CopyToBufferInternalModbus)
                  003ec0d0    00000092     rts2800_ml.lib : k_sinf.c.obj (.text)
                  003ec162    00000090     CSMON_C28xx.lib : csmon.obj (.text:_CSMON_vSetDateTimeAutorization)
                  003ec1f2    0000008b     rts2800_ml.lib : fd_div28.asm.obj (.text)
                  003ec27d    00000087     CSMON_C28xx.lib : hmrecparam.obj (.text:_HMRECPRM_SetUpRecParamStatusDateTime)
                  003ec304    00000087     rts2800_ml.lib : k_cosf.c.obj (.text)
                  003ec38b    00000083     CSMON_C28xx.lib : hmdrv.obj (.text:_HMDRV_CopyFromBufferInternalModbus)
                  003ec40e    00000083     rts2800_ml.lib : fd_mpy28.asm.obj (.text)
                  003ec491    00000083                    : fs_div28.asm.obj (.text)
                  003ec514    0000007f     CSMON_C28xx.lib : hmserial.obj (.text:_HMSERIAL_vProcessSCI)
                  003ec593    00000078     rts2800_ml.lib : fs_add28.asm.obj (.text)
                  003ec60b    0000006a     CSMON_C28xx.lib : hmserial.obj (.text:_HMSERIAL_Rx)
                  003ec675    00000068                     : hmmodbus.obj (.text:_HMMODBUS_vProcessSCI)
                  003ec6dd    00000068                     : hmprotocol.obj (.text:_HMPROTOCOL_GetBoardInfo)
                  003ec745    00000067                     : hmmodbus.obj (.text:_HMMODBUS_CopyFromBuffer)
                  003ec7ac    00000064                     : hmrec.obj (.text:_HMREC_vProcess)
                  003ec810    00000062                     : modbusreg.obj (.text:_MODBUSREG_vInit)
                  003ec872    0000005f     F2806x_SysCtrl.obj (.text:_InitPeripheralClocks)
                  003ec8d1    0000005d     CSMON_C28xx.lib : uart_drv.obj (.text:_UART_RXInterrupt)
                  003ec92e    0000005a                     : gpio.obj (.text:_GPIO_setPinConfigOutput)
                  003ec988    0000005a     rts2800_ml.lib : fs_mpy28.asm.obj (.text)
                  003ec9e2    00000059     CSMON_C28xx.lib : csmon.obj (.text:_CSMON_vUpdateDateTimeFromApplication)
                  003eca3b    00000059                     : hmmodbus.obj (.text:_vSetElementsSize)
                  003eca94    00000057                     : csmon.obj (.text:_CSMON_bCheckValidDateTime)
                  003ecaeb    00000057     uart_driver.obj (.text:_UART_DRV_RXInterrupt)
                  003ecb42    00000055     CSMON_C28xx.lib : modbusreg.obj (.text:_MODBUSREG_FileRecorderExternalUpdateInit)
                  003ecb97    00000054     rts2800_ml.lib : boot28.asm.obj (.text)
                  003ecbeb    00000052     CSMON_C28xx.lib : csmon.obj (.text:_CSMON_eSetRecorderTriggerAtPosition)
                  003ecc3d    00000051     F2806x_SysCtrl.obj (.text:_InitPll)
                  003ecc8e    0000004f     device.obj (.text:_Device_CsmUnlock)
                  003eccdd    0000004e     CSMON_C28xx.lib : hmmodbus.obj (.text:_HMMODBUS_GetRegisterFunction)
                  003ecd2b    0000004e                     : hmrecparam.obj (.text:_HMRECPRM_StartRecParam)
                  003ecd79    0000004c                     : hmmodbus.obj (.text:_HMMODBUS_vSendResponse)
                  003ecdc5    0000004c                     : hmrecparam.obj (.text:_HMRECPRM_vTimeSync)
                  003ece11    00000047                     : hmmodbus.obj (.text:_HMMODBUS_CopyToBuffer)
                  003ece58    00000047                     : hmscopeparam.obj (.text:_HMSCOPEPRM_SetUpScope)
                  003ece9f    00000045     main.obj (.text:_ExternalParametersInitialization)
                  003ecee4    00000043     CSMON_C28xx.lib : hmscopeparam.obj (.text:_HMSCOPEPRM_ReadScope)
                  003ecf27    00000042     interrupt.obj (.text:_Interrupt_enable)
                  003ecf69    0000003f     CSMON_C28xx.lib : hmdrv.obj (.text:_HMDRV_CopyFromBufferInternal)
                  003ecfa8    0000003d                     : hmmodbus.obj (.text:_vSetStartSampleIndex)
                  003ecfe5    0000003c                     : tmr_drv.obj (.text:_configCPUTimer)
                  003ed021    0000003b                     : hmscope.obj (.text:_HMSCOPE_SetUpScope)
                  003ed05c    00000039                     : csmon.obj (.text:_CSMON_u16FindIndexParameterTable)
                  003ed095    00000038                     : csmon.obj (.text:_CSMON_eSetRecorderConfigurationSkipSamples)
                  003ed0cd    00000038     device.obj (.text:_Device_init)
                  003ed105    00000038     CSMON_C28xx.lib : hmmodbus.obj (.text:_HMMODBUS_bDecoderInit_OPT)
                  003ed13d    00000038                     : uart_drv.obj (.text:_UART_ReadDataRx)
                  003ed175    00000036                     : csmon.obj (.text:_CSMON_vRecorderParamStartStopProcess)
                  003ed1ab    00000036                     : hmscope.obj (.text:_HMSCOPE_ReadScope)
                  003ed1e1    00000036                     : hmserial.obj (.text:_HMSERIAL_vSendResponse)
                  003ed217    00000035                     : csmon.obj (.text:_CSMON_u32GetRealAddressAndSizeOffsetFromParameter)
                  003ed24c    00000035                     : hmdrv.obj (.text:_HMDRV_CopyToBufferInternal)
                  003ed281    00000033                     : hmmodbus.obj (.text:_HMMODBUS_Listen)
                  003ed2b4    0000002e                     : hmserial.obj (.text:_HMSERIAL_vProcessSCIFreemasterOnly)
                  003ed2e2    0000002d                     : csmon.obj (.text:_CSMON_eSetParameterInRecorderAtPosition)
                  003ed30f    0000002d                     : csmon.obj (.text:_CSMON_eSetParameterInScopeAtPosition)
                  003ed33c    0000002d                     : csmon.obj (.text:_CSMON_vInitRecorders)
                  003ed369    0000002d                     : csmon.obj (.text:_CSMON_vSetupHoldingRegistersAndCoilsAddressTableAccessAll)
                  003ed396    0000002d                     : hmserial.obj (.text:_HMSERIAL_Listen)
                  003ed3c3    0000002d                     : hmrecparam.obj (.text:_RecorderTimeFromLocalDateTime)
                  003ed3f0    0000002b                     : hmrecparam.obj (.text:_FillTimeData)
                  003ed41b    0000002a     rts2800_ml.lib : fd_cmp28.asm.obj (.text)
                  003ed445    00000029                    : exit.c.obj (.text)
                  003ed46e    00000029                    : fs_tol28.asm.obj (.text)
                  003ed497    00000028     CSMON_C28xx.lib : csmon.obj (.text:_CSMON_bAutorizationPasswordCheck)
                  003ed4bf    00000028     main.obj (.text:_ScopesInitialization)
                  003ed4e7    00000027     CSMON_C28xx.lib : hmserial.obj (.text:_HMSERIAL_vProcessSCITXISR)
                  003ed50e    00000027                     : hmdrv.obj (.text:_sci_echoback_init)
                  003ed535    00000026                     : hmdrv.obj (.text:_HMDRV_CopyFromBufferInternalWithMaskModbus)
                  003ed55b    00000026                     : modbusreg.obj (.text:_MODBUSREG_vInitHoldingRegistersTableChangesExternalList)
                  003ed581    00000025                     : hmserial.obj (.text:_HMSERIAL_Tx)
                  003ed5a6    00000025     rts2800_ml.lib : fs_toi28.asm.obj (.text)
                  003ed5cb    00000024     CSMON_C28xx.lib : csmon.obj (.text:_CSMON_vAutorizationReset)
                  003ed5ef    00000024                     : hmprotocol.obj (.text:_HMPROTOCOL_ReadMem)
                  003ed613    00000024                     : hmrecparam.obj (.text:_RecorderDateFromLocalDateTime)
                  003ed637    00000024     sci_driver.obj (.text:_SCIA_DRV_RXFIFOISR)
                  003ed65b    00000024     sci_driver.obj (.text:_SCIA_DRV_TXFIFOISR)
                  003ed67f    00000024     CSMON_C28xx.lib : sci_drv.obj (.text:_SCIA_RXFIFOISR)
                  003ed6a3    00000024                     : sci_drv.obj (.text:_SCIA_TXFIFOISR)
                  003ed6c7    00000024     sci_driver.obj (.text:_SCIB_DRV_RXFIFOISR)
                  003ed6eb    00000024     sci_driver.obj (.text:_SCIB_DRV_TXFIFOISR)
                  003ed70f    00000024     CSMON_C28xx.lib : sci_drv.obj (.text:_SCIB_RXFIFOISR)
                  003ed733    00000024                     : sci_drv.obj (.text:_SCIB_TXFIFOISR)
                  003ed757    00000024                     : tmr_drv.obj (.text:_TMR_vInit)
                  003ed77b    00000024                     : hmmodbus.obj (.text:_vSetSampleCountAvailable)
                  003ed79f    00000024     rts2800_ml.lib : cpy_tbl.c.obj (.text)
                  003ed7c3    00000023     CSMON_C28xx.lib : csmon.obj (.text:_CSMON_vRecorderParamSetupProcess)
                  003ed7e6    00000023                     : hmlib.obj (.text:_HMLIB_vInit)
                  003ed809    00000023                     : modbusreg.obj (.text:_MODBUSREG_FileRecorderElementSizeTableUsedSizeUpdateInit)
                  003ed82c    00000023     rts2800_ml.lib : s_copysign.c.obj (.text)
                  003ed84f    00000022                    : i_div28.asm.obj (.text)
                  003ed871    00000021     CSMON_C28xx.lib : csmon.obj (.text:_CSMON_eSetParameterListParameterID)
                  003ed892    00000021                     : hmdrv.obj (.text:_HMDRV_CopyFromBufferInternalWithMask)
                  003ed8b3    00000021     rts2800_ml.lib : fd_tofs28.asm.obj (.text)
                  003ed8d4    00000021                    : fs_toul28.asm.obj (.text)
                  003ed8f5    00000020     CSMON_C28xx.lib : csmon.obj (.text:_CSMON_eSetParameterListRealAddress)
                  003ed915    00000020                     : hmdrv.obj (.text:_HMDRV_vProcess)
                  003ed935    00000020                     : tmr_drv.obj (.text:_TMR_vInitCPUTimers)
                  003ed955    00000020                     : hmmodbus.obj (.text:_vSetSampleCountBuffer)
                  003ed975    0000001f                     : hmmodbus.obj (.text:_HMMODBUS_vInit)
                  003ed994    0000001f     F2806x_PieCtrl.obj (.text:_InitPieCtrl)
                  003ed9b3    0000001f     CSMON_C28xx.lib : hmmodbus.obj (.text:_vSetSampleSize)
                  003ed9d2    0000001f     rts2800_ml.lib : fd_tol28.asm.obj (.text)
                  003ed9f1    0000001d     CSMON_C28xx.lib : hmmodbus.obj (.text:_HMMODBUS_Tx)
                  003eda0e    0000001d                     : hmrecparam.obj (.text:_HMRECPRM_GetRecBuffFreemaster)
                  003eda2b    0000001d                     : hmrec.obj (.text:_HMREC_GetRecBuffFreemaster)
                  003eda48    0000001d     rts2800_ml.lib : fs_tou28.asm.obj (.text)
                  003eda65    0000001d                    : memcpy.c.obj (.text)
                  003eda82    0000001c     main.obj (.text:_CSMON_vGetDateTime)
                  003eda9e    0000001c     CSMON_C28xx.lib : csmon.obj (.text:_HMRECPRM_vGetDateTime)
                  003edaba    0000001c                     : sci.obj (.text:_SCI_clearInterruptStatus)
                  003edad6    0000001c                     : hmmodbus.obj (.text:_vSetIndexFileTable)
                  003edaf2    0000001c     rts2800_ml.lib : fs_tofd28.asm.obj (.text)
                  003edb0e    0000001c                    : l_tofd28.asm.obj (.text)
                  003edb2a    0000001b     device.obj (.text:_Device_initGPIO)
                  003edb45    0000001b     CSMON_C28xx.lib : hmdrv.obj (.text:_HMDRV_AddressToBuffer)
                  003edb60    0000001b     rts2800_ml.lib : fd_toul28.asm.obj (.text)
                  003edb7b    0000001a     CSMON_C28xx.lib : hmmodbus.obj (.text:_HMMODBUS_vProcessSCITXISR)
                  003edb95    0000001a                     : hmrecparam.obj (.text:_HMRECPRM_StartRec)
                  003edbaf    0000001a                     : hmserial.obj (.text:_HMSERIAL_vProcessSCITXISRFreemasterOnly)
                  003edbc9    0000001a                     : sci.obj (.text:_SCI_disableInterrupt)
                  003edbe3    0000001a                     : sci.obj (.text:_SCI_enableInterrupt)
                  003edbfd    0000001a     rts2800_ml.lib : l_tofs28.asm.obj (.text)
                  003edc17    00000019     CSMON_C28xx.lib : csmon.obj (.text:_CSMON_eSetParameterCountInRecorder)
                  003edc30    00000019                     : hmdrv.obj (.text:_HMDRV_AddressFromBuffer)
                  003edc49    00000019                     : uart_drv.obj (.text:_UART_vInit)
                  003edc62    00000019                     : hmmodbus.obj (.text:_bGetFileReadAccess)
                  003edc7b    00000019     rts2800_ml.lib : prolog28.asm.obj (.text)
                  003edc94    00000018     CSMON_C28xx.lib : csmon.obj (.text:_CSMON_u32GetFreeRunningTimerMicroseconds)
                  003edcac    00000018                     : hmlib.obj (.text:_HMLIB_vProcessSCITXISRWithIndex)
                  003edcc4    00000018     F2806x_SysCtrl.obj (.text:_InitSysCtrl)
                  003edcdc    00000018     rts2800_ml.lib : ll_aox28.asm.obj (.text)
                  003edcf4    00000017     CSMON_C28xx.lib : csmon.obj (.text:_CSMON_vSaveRecorderConfig)
                  003edd0b    00000017                     : hmmodbus.obj (.text:_HMMODBUS_vProcessTxDelay)
                  003edd22    00000017                     : hmprotocol.obj (.text:_HMPROTOCOL_WriteMem)
                  003edd39    00000017                     : hmprotocol.obj (.text:_HMPROTOCOL_WriteMemMask)
                  003edd50    00000017                     : hmmodbus.obj (.text:_vSetBufferAddressStart)
                  003edd67    00000017     rts2800_ml.lib : fs_cmp28.asm.obj (.text)
                  003edd7e    00000017                    : u_tofd28.asm.obj (.text)
                  003edd95    00000016     CSMON_C28xx.lib : csmon.obj (.text:_CSMON_eSetParameterCountInScope)
                  003eddab    00000016                     : hmdrv.obj (.text:_HMDRV_AddressFromBufferBigEndian)
                  003eddc1    00000015                     : hmrecparam.obj (.text:_HMRECPRM_Comparefloat)
                  003eddd6    00000015                     : hmrec.obj (.text:_HMREC_Comparefloat)
                  003eddeb    00000015                     : hmrec.obj (.text:_HMREC_StartRec)
                  003ede00    00000015     F2806x_Gpio.obj (.text:_InitGpio)
                  003ede15    00000014     CSMON_C28xx.lib : hmlib.obj (.text:_HMLIB_vProcessFastTD)
                  003ede29    00000014                     : hmmodbus.obj (.text:_HMMODBUS_DelayedTx)
                  003ede3d    00000014                     : hmrecparam.obj (.text:_HMRECPRM_StopRecParam)
                  003ede51    00000014                     : hmserial.obj (.text:_HMSERIAL_DelayedTx)
                  003ede65    00000013                     : csmon.obj (.text:_CSMON_eSetFlagProcessPassed)
                  003ede78    00000013     rts2800_ml.lib : ul_tofs28.asm.obj (.text)
                  003ede8b    00000012     CSMON_C28xx.lib : csmon.obj (.text:_CSMON_vFileParameterCountCheckSumUpdate)
                  003ede9d    00000012                     : hmdrv.obj (.text:_HMDRV_GetStringLengthFromWordInternal)
                  003edeaf    00000012                     : hmmodbus.obj (.text:_HMMODBUS_vSetupRegisterDummy)
                  003edec1    00000012                     : hmrecparam.obj (.text:_HMRECPRM_CompareBOOL)
                  003eded3    00000012                     : modbusreg.obj (.text:_MODBUSREG_FileShortNameElementSizeandAddressUpdateInit)
                  003edee5    00000012                     : modbusreg.obj (.text:_MODBUSREG_vFileDenyAccess)
                  003edef7    00000012                     : uart_drv.obj (.text:_UART_TxIntDis)
                  003edf09    00000012                     : uart_drv.obj (.text:_UART_TxIntEna)
                  003edf1b    00000011     main.obj (.text:_CSMON_vSetDateTime)
                  003edf2c    00000011     CSMON_C28xx.lib : hmserial.obj (.text:_HMSERIAL_vInit)
                  003edf3d    00000011     F2806x_PieVect.obj (.text:_InitPieVectTable)
                  003edf4e    00000011     main.obj (.text:_vSetWatchdogPrescalerTimeDiv)
                  003edf5f    00000011     rts2800_ml.lib : args_main.c.obj (.text)
                  003edf70    00000010     CSMON_C28xx.lib : csmon.obj (.text:_CSMON_eSetParameterListRegisterFlags)
                  003edf80    00000010     device.obj (.text:_Example_MemCopy)
                  003edf90    00000010     F2806x_SysCtrl.obj (.text:_IntOsc1Sel)
                  003edfa0    00000010     CSMON_C28xx.lib : hmmodbus.obj (.text:_bIsValidEndAddressInBuffer)
                  003edfb0    00000010                     : hmmodbus.obj (.text:_u32BytesMemoryToBytesModbus)
                  003edfc0    00000010                     : hmmodbus.obj (.text:_u32BytesModbusToBytesMemory)
                  003edfd0    00000010     main.obj (.text:_vGetWatchdogPrescaler)
                  003edfe0    00000010     rts2800_ml.lib : u_tofs28.asm.obj (.text)
                  003edff0    0000000f     CSMON_C28xx.lib : hmmodbus.obj (.text:_HMMODBUS_CalcCRC)
                  003edfff    0000000f                     : uart_drv.obj (.text:_UART_IsTxEmpty)
                  003ee00e    0000000e                     : hmdrv.obj (.text:_HMDRV_GetStringLengthInternal)
                  003ee01c    0000000e                     : hmrecparam.obj (.text:_HMRECPRM_Compare16S)
                  003ee02a    0000000e                     : hmrecparam.obj (.text:_HMRECPRM_Compare16U)
                  003ee038    0000000e                     : hmrecparam.obj (.text:_HMRECPRM_Compare32S)
                  003ee046    0000000e                     : hmrecparam.obj (.text:_HMRECPRM_Compare32U)
                  003ee054    0000000e                     : hmrecparam.obj (.text:_HMRECPRM_Compare8S)
                  003ee062    0000000e                     : hmrecparam.obj (.text:_HMRECPRM_Compare8U)
                  003ee070    0000000e                     : hmrec.obj (.text:_HMREC_Compare16S)
                  003ee07e    0000000e                     : hmrec.obj (.text:_HMREC_Compare16U)
                  003ee08c    0000000e                     : hmrec.obj (.text:_HMREC_Compare32S)
                  003ee09a    0000000e                     : hmrec.obj (.text:_HMREC_Compare32U)
                  003ee0a8    0000000e                     : hmrec.obj (.text:_HMREC_Compare8S)
                  003ee0b6    0000000e                     : hmrec.obj (.text:_HMREC_Compare8U)
                  003ee0c4    0000000e                     : hmmodbus.obj (.text:_u32FitAddressCircleBufferInside)
                  003ee0d2    0000000e     rts2800_ml.lib : fd_sub28.asm.obj (.text)
                  003ee0e0    0000000d     CSMON_C28xx.lib : csmon.obj (.text:_CSMON_eResetParameterTable)
                  003ee0ed    0000000d                     : csmon.obj (.text:_CSMON_vInitHoldingRegistersTableChanges)
                  003ee0fa    0000000d                     : hmrecparam.obj (.text:_HMRECPRM_IsJustStopped)
                  003ee107    0000000d                     : hmrecparam.obj (.text:_HMRECPRM_StopRec)
                  003ee114    0000000d                     : hmrec.obj (.text:_HMREC_StopRec)
                  003ee121    0000000d                     : modbusreg.obj (.text:_MODBUSREG_vFileAllowAccess)
                  003ee12e    0000000d                     : tmr_drv.obj (.text:_TIMER_vSetupTimerMainFunctionDelayCompare)
                  003ee13b    0000000d                     : uart_drv.obj (.text:_UART_ReadDataRxAvailable)
                  003ee148    0000000c                     : hmlib.obj (.text:_HMLIB_vProcess)
                  003ee154    0000000c                     : hmrecparam.obj (.text:_HMRECPRM_GetBufferRecParamPtrAddress)
                  003ee160    0000000c                     : hmrecparam.obj (.text:_HMRECPRM_TriggerRec)
                  003ee16c    0000000c                     : hmmodbus.obj (.text:_u32FixAddressCircleBufferOverflow)
                  003ee178    0000000c     rts2800_ml.lib : epilog28.asm.obj (.text)
                  003ee184    0000000b     CSMON_C28xx.lib : hmmodbus.obj (.text:_HMMODBUS_vProcessFastTD)
                  003ee18f    0000000b                     : hmrecparam.obj (.text:_HMRECPRM_IsRunning)
                  003ee19a    0000000b                     : hmserial.obj (.text:_HMSERIAL_vProcessFastTD)
                  003ee1a5    0000000b                     : modbusreg.obj (.text:_MODBUSREG_vDataZero)
                  003ee1b0    0000000b     sci_driver.obj (.text:_SCI_DRV_eGetModuleIndexFromBase)
                  003ee1bb    0000000b     CSMON_C28xx.lib : sci_drv.obj (.text:_SCI_eGetModuleIndexFromBase)
                  003ee1c6    0000000b                     : hmmodbus.obj (.text:_bIsValidIndexFileTable)
                  003ee1d1    0000000b     rts2800_ml.lib : u_div28.asm.obj (.text)
                  003ee1dc    0000000a     CSMON_C28xx.lib : hmrecparam.obj (.text:_HMRECPRM_ClrLastStopDetectionToRecorderStopSamplesCounter)
                  003ee1e6    0000000a                     : hmrecparam.obj (.text:_HMRECPRM_GetRecStatus)
                  003ee1f0    0000000a                     : hmrec.obj (.text:_HMREC_GetRecStatus)
                  003ee1fa    0000000a                     : hmdrv.obj (.text:_sci_fifo_init)
                  003ee204    00000009                     : csmon.obj (.text:_CSMON_eSetParameterListRegisterSize)
                  003ee20d    00000009                     : csmon.obj (.text:_CSMON_eSetParameterListShortNaming)
                  003ee216    00000009                     : csmon.obj (.text:_CSMON_eSetServerOnStatus)
                  003ee21f    00000009                     : hmlib.obj (.text:_HMLIB_vInitRecParamBuff)
                  003ee228    00000009                     : hmmodbus.obj (.text:_HMMODBUS_vProcessFreeTimer)
                  003ee231    00000009                     : hmmodbus.obj (.text:_HMMODBUS_vProcessRxDelay)
                  003ee23a    00000009                     : hmrecparam.obj (.text:_HMRECPRM_GetExternBufferRecParamLastPointedAddress)
                  003ee243    00000009                     : hmrecparam.obj (.text:_HMRECPRM_GetExternBufferRecParamPtrAddress)
                  003ee24c    00000009                     : hmrec.obj (.text:_HMREC_TriggerRec)
                  003ee255    00000009                     : hmscopeparam.obj (.text:_HMSCOPEPRM_GetBufferScopeParamAddress)
                  003ee25e    00000009                     : hmserial.obj (.text:_HMSERIAL_vProcessFreeTimer)
                  003ee267    00000009                     : tmr_drv.obj (.text:_TIMER_vResetTimerMainFunctionDelayCounter)
                  003ee270    00000009                     : tmr_drv.obj (.text:_TIMER_vSetupTimerMainDelayedFunctionSendData)
                  003ee279    00000009                     : uart_drv.obj (.text:_UART_PutChar)
                  003ee282    00000009                     : uart_drv.obj (.text:_UART_ReadDataRxTimeDiff)
                  003ee28b    00000009     rts2800_ml.lib : _lock.c.obj (.text)
                  003ee294    00000009                    : fd_neg28.asm.obj (.text)
                  003ee29d    00000008     Example_Flash2806x_CsmKeys.obj (.text)
                  003ee2a5    00000008     F2806x_CodeStartBranch.obj (.text)
                  003ee2ad    00000008     F2806x_SysCtrl.obj (.text:_DisableDog)
                  003ee2b5    00000008     CSMON_C28xx.lib : hmdrv.obj (.text:_HMDRV_CopyFromBufferWithMaskModbus)
                  003ee2bd    00000008                     : hmmodbus.obj (.text:_HMMODBUS_vSetupHoldingRegistersProcessFuncTable)
                  003ee2c5    00000008                     : hmmodbus.obj (.text:_HMMODBUS_vSetupHoldingRegistersRealAddressTable)
                  003ee2cd    00000008                     : hmmodbus.obj (.text:_HMMODBUS_vSetupHoldingRegistersRegisterFlagsTable)
                  003ee2d5    00000008                     : hmmodbus.obj (.text:_HMMODBUS_vSetupHoldingRegistersRegisterSizeTable)
                  003ee2dd    00000008                     : hmmodbus.obj (.text:_HMMODBUS_vSetupHoldingRegistersVirtAddressTable)
                  003ee2e5    00000008                     : hmrecparam.obj (.text:_HMRECPRM_GetExternRecParamAddress)
                  003ee2ed    00000008                     : hmrecparam.obj (.text:_HMRECPRM_GetExternRecParamPtrMaximumUsedSampleCount)
                  003ee2f5    00000008                     : hmrecparam.obj (.text:_HMRECPRM_GetExternRecParamPtrSampleSize)
                  003ee2fd    00000008                     : hmrecparam.obj (.text:_HMRECPRM_GetRecParamPtrAvailableSampleCount)
                  003ee305    00000008                     : hmrecparam.obj (.text:_HMRECPRM_GetRecParamPtrLastSampleIndex)
                  003ee30d    00000008                     : hmrecparam.obj (.text:_HMRECPRM_GetRecParamPtrMaximumUsedSampleCount)
                  003ee315    00000008                     : hmrecparam.obj (.text:_HMRECPRM_GetRecParamPtrSampleSize)
                  003ee31d    00000008                     : hmrecparam.obj (.text:_HMRECPRM_GetStatusRecParamAddress)
                  003ee325    00000008                     : hmrecparam.obj (.text:_HMRECPRM_vInit)
                  003ee32d    00000008                     : hmrec.obj (.text:_HMREC_vInit)
                  003ee335    00000007     F2806x_DisInt.obj (.text)
                  003ee33c    00000007     CSMON_C28xx.lib : csmon.obj (.text:_CSMON_eSetParameterListAccessLevel)
                  003ee343    00000007                     : csmon.obj (.text:_CSMON_eSetParameterListBitsCount)
                  003ee34a    00000007                     : csmon.obj (.text:_CSMON_eSetParameterListDataDefault)
                  003ee351    00000007                     : csmon.obj (.text:_CSMON_eSetParameterListDataMaximum)
                  003ee358    00000007                     : csmon.obj (.text:_CSMON_eSetParameterListDataMinimum)
                  003ee35f    00000007                     : csmon.obj (.text:_CSMON_eSetParameterListDataType)
                  003ee366    00000007                     : csmon.obj (.text:_CSMON_eSetParameterListFunctionCode)
                  003ee36d    00000007                     : csmon.obj (.text:_CSMON_eSetParameterListValueFormat)
                  003ee374    00000007                     : hmlib.obj (.text:_HMLIB_vProcessDifferentPorts)
                  003ee37b    00000007                     : hmlib.obj (.text:_HMLIB_vProcessRecorders)
                  003ee382    00000007                     : hmrecparam.obj (.text:_HMRECPRM_vResetAllStopDetections)
                  003ee389    00000007                     : hmscopeparam.obj (.text:_HMSCOPEPRM_GetStatusScopeParamAddress)
                  003ee390    00000007                     : modbusreg.obj (.text:_MODBUSREG_vInitHoldingRegistersTableChanges)
                  003ee397    00000007     sci_driver.obj (.text:_SCI_DRV_u32GetBaseFromModuleIndex)
                  003ee39e    00000007     CSMON_C28xx.lib : sci_drv.obj (.text:_SCI_u32GetBaseFromModuleIndex)
                  003ee3a5    00000006                     : cputimer.obj (.text:_CPUTimer_setEmulationMode)
                  003ee3ab    00000006                     : hmrecparam.obj (.text:_HMRECPRM_SetUpRecBuff)
                  003ee3b1    00000006                     : hmrec.obj (.text:_HMREC_SetUpRecBuff)
                  003ee3b7    00000006                     : tmr_drv.obj (.text:_TIMER_u16ResetTimerMainPeriod)
                  003ee3bd    00000006     uart_driver.obj (.text:_UART_DRV_GetChar)
                  003ee3c3    00000006     CSMON_C28xx.lib : uart_drv.obj (.text:_UART_GetChar)
                  003ee3c9    00000005     F2806x_DefaultIsr.obj (.text:_ADCINT1_ISR)
                  003ee3ce    00000005     F2806x_DefaultIsr.obj (.text:_ADCINT2_ISR)
                  003ee3d3    00000005     F2806x_DefaultIsr.obj (.text:_ADCINT3_ISR)
                  003ee3d8    00000005     F2806x_DefaultIsr.obj (.text:_ADCINT4_ISR)
                  003ee3dd    00000005     F2806x_DefaultIsr.obj (.text:_ADCINT5_ISR)
                  003ee3e2    00000005     F2806x_DefaultIsr.obj (.text:_ADCINT6_ISR)
                  003ee3e7    00000005     F2806x_DefaultIsr.obj (.text:_ADCINT7_ISR)
                  003ee3ec    00000005     F2806x_DefaultIsr.obj (.text:_ADCINT8_ISR)
                  003ee3f1    00000005     F2806x_DefaultIsr.obj (.text:_ADCINT9_ISR)
                  003ee3f6    00000005     F2806x_DefaultIsr.obj (.text:_CLA1_INT1_ISR)
                  003ee3fb    00000005     F2806x_DefaultIsr.obj (.text:_CLA1_INT2_ISR)
                  003ee400    00000005     F2806x_DefaultIsr.obj (.text:_CLA1_INT3_ISR)
                  003ee405    00000005     F2806x_DefaultIsr.obj (.text:_CLA1_INT4_ISR)
                  003ee40a    00000005     F2806x_DefaultIsr.obj (.text:_CLA1_INT5_ISR)
                  003ee40f    00000005     F2806x_DefaultIsr.obj (.text:_CLA1_INT6_ISR)
                  003ee414    00000005     F2806x_DefaultIsr.obj (.text:_CLA1_INT7_ISR)
                  003ee419    00000005     F2806x_DefaultIsr.obj (.text:_CLA1_INT8_ISR)
                  003ee41e    00000005     CSMON_C28xx.lib : csmon.obj (.text:_CSMON_eSetAutoServiceWatchdogInternalSlowCalculationsInMainLoop)
                  003ee423    00000005                     : csmon.obj (.text:_CSMON_eSetFirmwareApplicationVersion)
                  003ee428    00000005                     : csmon.obj (.text:_CSMON_eSetMaxTimeInISR)
                  003ee42d    00000005                     : csmon.obj (.text:_CSMON_eSetMinGuaranteedTimeBetweenTwoISRs)
                  003ee432    00000005                     : csmon.obj (.text:_CSMON_u16ParametersAccessListIndexGenerate)
                  003ee437    00000005                     : csmon.obj (.text:_CSMON_u32GetFreeRunningTimerTicks)
                  003ee43c    00000005                     : csmon.obj (.text:_CSMON_u32GetParameterAuxCheckSum)
                  003ee441    00000005                     : csmon.obj (.text:_CSMON_u32GetParameterCheckSum)
                  003ee446    00000005                     : csmon.obj (.text:_CSMON_u32GetParameterListCheckSum)
                  003ee44b    00000005                     : csmon.obj (.text:_CSMON_u32GetParameterNumbCheckSum)
                  003ee450    00000005                     : csmon.obj (.text:_CSMON_u32GetParameterShortNameCheckSum)
                  003ee455    00000005                     : csmon.obj (.text:_CSMON_u32GetParameterStringCheckSum)
                  003ee45a    00000005                     : csmon.obj (.text:_CSMON_vSetDateTimeRequest)
                  003ee45f    00000005     F2806x_DefaultIsr.obj (.text:_DATALOG_ISR)
                  003ee464    00000005     F2806x_DefaultIsr.obj (.text:_DINTCH1_ISR)
                  003ee469    00000005     F2806x_DefaultIsr.obj (.text:_DINTCH2_ISR)
                  003ee46e    00000005     F2806x_DefaultIsr.obj (.text:_DINTCH3_ISR)
                  003ee473    00000005     F2806x_DefaultIsr.obj (.text:_DINTCH4_ISR)
                  003ee478    00000005     F2806x_DefaultIsr.obj (.text:_DINTCH5_ISR)
                  003ee47d    00000005     F2806x_DefaultIsr.obj (.text:_DINTCH6_ISR)
                  003ee482    00000005     F2806x_DefaultIsr.obj (.text:_ECAN0INTA_ISR)
                  003ee487    00000005     F2806x_DefaultIsr.obj (.text:_ECAN1INTA_ISR)
                  003ee48c    00000005     F2806x_DefaultIsr.obj (.text:_ECAP1_INT_ISR)
                  003ee491    00000005     F2806x_DefaultIsr.obj (.text:_ECAP2_INT_ISR)
                  003ee496    00000005     F2806x_DefaultIsr.obj (.text:_ECAP3_INT_ISR)
                  003ee49b    00000005     F2806x_DefaultIsr.obj (.text:_EMPTY_ISR)
                  003ee4a0    00000005     F2806x_DefaultIsr.obj (.text:_EMUINT_ISR)
                  003ee4a5    00000005     F2806x_DefaultIsr.obj (.text:_EPWM1_INT_ISR)
                  003ee4aa    00000005     F2806x_DefaultIsr.obj (.text:_EPWM1_TZINT_ISR)
                  003ee4af    00000005     F2806x_DefaultIsr.obj (.text:_EPWM2_INT_ISR)
                  003ee4b4    00000005     F2806x_DefaultIsr.obj (.text:_EPWM2_TZINT_ISR)
                  003ee4b9    00000005     F2806x_DefaultIsr.obj (.text:_EPWM3_INT_ISR)
                  003ee4be    00000005     F2806x_DefaultIsr.obj (.text:_EPWM3_TZINT_ISR)
                  003ee4c3    00000005     F2806x_DefaultIsr.obj (.text:_EPWM4_INT_ISR)
                  003ee4c8    00000005     F2806x_DefaultIsr.obj (.text:_EPWM4_TZINT_ISR)
                  003ee4cd    00000005     F2806x_DefaultIsr.obj (.text:_EPWM5_INT_ISR)
                  003ee4d2    00000005     F2806x_DefaultIsr.obj (.text:_EPWM5_TZINT_ISR)
                  003ee4d7    00000005     F2806x_DefaultIsr.obj (.text:_EPWM6_INT_ISR)
                  003ee4dc    00000005     F2806x_DefaultIsr.obj (.text:_EPWM6_TZINT_ISR)
                  003ee4e1    00000005     F2806x_DefaultIsr.obj (.text:_EPWM7_INT_ISR)
                  003ee4e6    00000005     F2806x_DefaultIsr.obj (.text:_EPWM7_TZINT_ISR)
                  003ee4eb    00000005     F2806x_DefaultIsr.obj (.text:_EPWM8_INT_ISR)
                  003ee4f0    00000005     F2806x_DefaultIsr.obj (.text:_EPWM8_TZINT_ISR)
                  003ee4f5    00000005     F2806x_DefaultIsr.obj (.text:_EQEP1_INT_ISR)
                  003ee4fa    00000005     F2806x_DefaultIsr.obj (.text:_EQEP2_INT_ISR)
                  003ee4ff    00000005     CSMON_C28xx.lib : hmlib.obj (.text:_HMLIB_vProcessSamePort)
                  003ee504    00000005                     : hmlib.obj (.text:_HMLIB_vRecorder0)
                  003ee509    00000005                     : hmmodbus.obj (.text:_HMMODBUS_bGetReceivedMessage)
                  003ee50e    00000005                     : hmmodbus.obj (.text:_HMMODBUS_vFileTable)
                  003ee513    00000005                     : hmrecparam.obj (.text:_HMRECPRM_vDisableAllStopDetections)
                  003ee518    00000005     F2806x_DefaultIsr.obj (.text:_HRCAP1_INT_ISR)
                  003ee51d    00000005     F2806x_DefaultIsr.obj (.text:_HRCAP2_INT_ISR)
                  003ee522    00000005     F2806x_DefaultIsr.obj (.text:_HRCAP3_INT_ISR)
                  003ee527    00000005     F2806x_DefaultIsr.obj (.text:_HRCAP4_INT_ISR)
                  003ee52c    00000005     F2806x_DefaultIsr.obj (.text:_I2CINT1A_ISR)
                  003ee531    00000005     F2806x_DefaultIsr.obj (.text:_I2CINT2A_ISR)
                  003ee536    00000005     F2806x_DefaultIsr.obj (.text:_ILLEGAL_ISR)
                  003ee53b    00000005     F2806x_DefaultIsr.obj (.text:_INT13_ISR)
                  003ee540    00000005     F2806x_DefaultIsr.obj (.text:_INT14_ISR)
                  003ee545    00000005     interrupt.obj (.text:_IntDefaultHandler)
                  003ee54a    00000005     F2806x_DefaultIsr.obj (.text:_LUF_ISR)
                  003ee54f    00000005     F2806x_DefaultIsr.obj (.text:_LVF_ISR)
                  003ee554    00000005     CSMON_C28xx.lib : modbusreg.obj (.text:_MODBUSREG_vSetTableNameAddress)
                  003ee559    00000005                     : modbusreg.obj (.text:_MODBUSREG_vSetTableRealAddressInRam)
                  003ee55e    00000005                     : modbusreg.obj (.text:_MODBUSREG_vSetTableRegisterFlags)
                  003ee563    00000005                     : modbusreg.obj (.text:_MODBUSREG_vSetTableRegisterSize)
                  003ee568    00000005                     : modbusreg.obj (.text:_MODBUSREG_vSetTableVirtAddress)
                  003ee56d    00000005     F2806x_DefaultIsr.obj (.text:_MRINTA_ISR)
                  003ee572    00000005     F2806x_DefaultIsr.obj (.text:_MXINTA_ISR)
                  003ee577    00000005     F2806x_DefaultIsr.obj (.text:_NMI_ISR)
                  003ee57c    00000005     F2806x_DefaultIsr.obj (.text:_PIE_RESERVED)
                  003ee581    00000005     F2806x_DefaultIsr.obj (.text:_RTOSINT_ISR)
                  003ee586    00000005     F2806x_DefaultIsr.obj (.text:_SCIRXINTA_ISR)
                  003ee58b    00000005     F2806x_DefaultIsr.obj (.text:_SCIRXINTB_ISR)
                  003ee590    00000005     F2806x_DefaultIsr.obj (.text:_SCITXINTA_ISR)
                  003ee595    00000005     F2806x_DefaultIsr.obj (.text:_SCITXINTB_ISR)
                  003ee59a    00000005     F2806x_DefaultIsr.obj (.text:_SPIRXINTA_ISR)
                  003ee59f    00000005     F2806x_DefaultIsr.obj (.text:_SPIRXINTB_ISR)
                  003ee5a4    00000005     F2806x_DefaultIsr.obj (.text:_SPITXINTA_ISR)
                  003ee5a9    00000005     F2806x_DefaultIsr.obj (.text:_SPITXINTB_ISR)
                  003ee5ae    00000005     CSMON_C28xx.lib : tmr_drv.obj (.text:_TIMER_vSetupTimerMainDelayedData)
                  003ee5b3    00000005     F2806x_DefaultIsr.obj (.text:_TINT0_ISR)
                  003ee5b8    00000005     F2806x_DefaultIsr.obj (.text:_USB0_INT_ISR)
                  003ee5bd    00000005     F2806x_DefaultIsr.obj (.text:_USER10_ISR)
                  003ee5c2    00000005     F2806x_DefaultIsr.obj (.text:_USER11_ISR)
                  003ee5c7    00000005     F2806x_DefaultIsr.obj (.text:_USER12_ISR)
                  003ee5cc    00000005     F2806x_DefaultIsr.obj (.text:_USER1_ISR)
                  003ee5d1    00000005     F2806x_DefaultIsr.obj (.text:_USER2_ISR)
                  003ee5d6    00000005     F2806x_DefaultIsr.obj (.text:_USER3_ISR)
                  003ee5db    00000005     F2806x_DefaultIsr.obj (.text:_USER4_ISR)
                  003ee5e0    00000005     F2806x_DefaultIsr.obj (.text:_USER5_ISR)
                  003ee5e5    00000005     F2806x_DefaultIsr.obj (.text:_USER6_ISR)
                  003ee5ea    00000005     F2806x_DefaultIsr.obj (.text:_USER7_ISR)
                  003ee5ef    00000005     F2806x_DefaultIsr.obj (.text:_USER8_ISR)
                  003ee5f4    00000005     F2806x_DefaultIsr.obj (.text:_USER9_ISR)
                  003ee5f9    00000005     F2806x_DefaultIsr.obj (.text:_WAKEINT_ISR)
                  003ee5fe    00000005     F2806x_DefaultIsr.obj (.text:_XINT1_ISR)
                  003ee603    00000005     F2806x_DefaultIsr.obj (.text:_XINT2_ISR)
                  003ee608    00000005     F2806x_DefaultIsr.obj (.text:_XINT3_ISR)
                  003ee60d    00000005     F2806x_DefaultIsr.obj (.text:_rsvd_ISR)
                  003ee612    00000005     rts2800_ml.lib : fs_neg28.asm.obj (.text)
                  003ee617    00000004     CSMON_C28xx.lib : csmon.obj (.text:_CSMON_eApplyParameterChanges)
                  003ee61b    00000004                     : csmon.obj (.text:_CSMON_eRegisterWriteParElementCallbackFunction)
                  003ee61f    00000004                     : csmon.obj (.text:_CSMON_eSetInternalTimerPeriod)
                  003ee623    00000004                     : csmon.obj (.text:_CSMON_eSetTimerPeriodISRFunctionRegister)
                  003ee627    00000004                     : csmon.obj (.text:_CSMON_u32GetBaudError_PPM)
                  003ee62b    00000004                     : csmon.obj (.text:_CSMON_vAddSetupRecorderParameterMask)
                  003ee62f    00000004                     : csmon.obj (.text:_CSMON_vInitScopes)
                  003ee633    00000004                     : csmon.obj (.text:_CSMON_vSetStartRecorderParameterMask)
                  003ee637    00000004                     : hmdrv.obj (.text:_HMDRV_SetExAddr)
                  003ee63b    00000004                     : hmdrv.obj (.text:_HMDRV_u32GetDeviceSYSCLKFreq)
                  003ee63f    00000004                     : hmdrv.obj (.text:_HMDRV_u32GetSCIErrorPPM)
                  003ee643    00000004                     : hmlib.obj (.text:_HMLIB_vRecorderParam0)
                  003ee647    00000004                     : hmmodbus.obj (.text:_HMMODBUS_u32GetAddressMessageCounterThisDevice)
                  003ee64b    00000004                     : hmmodbus.obj (.text:_HMMODBUS_vSetAddressMessageCounterThisDevice)
                  003ee64f    00000004                     : hmmodbus.obj (.text:_HMMODBUS_vSetDeviceIDMajorMinorRevision)
                  003ee653    00000004                     : hmmodbus.obj (.text:_HMMODBUS_vSetDeviceIDMajorMinorRevisionLength)
                  003ee657    00000004                     : hmmodbus.obj (.text:_HMMODBUS_vSetDeviceIDModelName)
                  003ee65b    00000004                     : hmmodbus.obj (.text:_HMMODBUS_vSetDeviceIDModelNameLength)
                  003ee65f    00000004                     : hmmodbus.obj (.text:_HMMODBUS_vSetDeviceIDProductCode)
                  003ee663    00000004                     : hmmodbus.obj (.text:_HMMODBUS_vSetDeviceIDProductCodeLength)
                  003ee667    00000004                     : hmmodbus.obj (.text:_HMMODBUS_vSetDeviceIDProductName)
                  003ee66b    00000004                     : hmmodbus.obj (.text:_HMMODBUS_vSetDeviceIDProductNameLength)
                  003ee66f    00000004                     : hmmodbus.obj (.text:_HMMODBUS_vSetDeviceIDUserApplicationName)
                  003ee673    00000004                     : hmmodbus.obj (.text:_HMMODBUS_vSetDeviceIDUserApplicationNameLength)
                  003ee677    00000004                     : hmmodbus.obj (.text:_HMMODBUS_vSetDeviceIDUserReserve0)
                  003ee67b    00000004                     : hmmodbus.obj (.text:_HMMODBUS_vSetDeviceIDUserReserve0Length)
                  003ee67f    00000004                     : hmmodbus.obj (.text:_HMMODBUS_vSetDeviceIDUserReserve1)
                  003ee683    00000004                     : hmmodbus.obj (.text:_HMMODBUS_vSetDeviceIDUserReserve1Length)
                  003ee687    00000004                     : hmmodbus.obj (.text:_HMMODBUS_vSetDeviceIDUserReserve2)
                  003ee68b    00000004                     : hmmodbus.obj (.text:_HMMODBUS_vSetDeviceIDUserReserve2Length)
                  003ee68f    00000004                     : hmmodbus.obj (.text:_HMMODBUS_vSetDeviceIDVendorName)
                  003ee693    00000004                     : hmmodbus.obj (.text:_HMMODBUS_vSetDeviceIDVendorNameLength)
                  003ee697    00000004                     : hmmodbus.obj (.text:_HMMODBUS_vSetDeviceIDVendorUrl)
                  003ee69b    00000004                     : hmmodbus.obj (.text:_HMMODBUS_vSetDeviceIDVendorUrlLength)
                  003ee69f    00000004                     : hmmodbus.obj (.text:_HMMODBUS_vSetServerIDDataAddress)
                  003ee6a3    00000004                     : hmmodbus.obj (.text:_HMMODBUS_vSetServerIDLength)
                  003ee6a7    00000004                     : hmmodbus.obj (.text:_HMMODBUS_vSetServerIDNumber)
                  003ee6ab    00000004                     : hmmodbus.obj (.text:_HMMODBUS_vSetServerOnStatus)
                  003ee6af    00000004                     : hmmodbus.obj (.text:_HMMODBUS_vSetupHoldingRegistersAccessTableInRam)
                  003ee6b3    00000004                     : hmmodbus.obj (.text:_HMMODBUS_vSetupWriteParElementCallbackFunction)
                  003ee6b7    00000004     interrupt.obj (.text:_IntMasterDisable)
                  003ee6bb    00000004     interrupt.obj (.text:_IntMasterEnable)
                  003ee6bf    00000004     CSMON_C28xx.lib : modbusreg.obj (.text:_MODBUSREG_u16GetHoldRegFillCount)
                  003ee6c3    00000004                     : modbusreg.obj (.text:_MODBUSREG_u16GetTableRegisterFlagsElementOffset)
                  003ee6c7    00000004                     : modbusreg.obj (.text:_MODBUSREG_u16GetTableRegisterSizeElementOffset)
                  003ee6cb    00000004                     : modbusreg.obj (.text:_MODBUSREG_u16GetTableVirtAddressElementOffset)
                  003ee6cf    00000004                     : modbusreg.obj (.text:_MODBUSREG_u32GetRegisterAccessTableInRam)
                  003ee6d3    00000004                     : modbusreg.obj (.text:_MODBUSREG_u32GetTableRegisterFlags)
                  003ee6d7    00000004                     : modbusreg.obj (.text:_MODBUSREG_u32GetTableRegisterSize)
                  003ee6db    00000004                     : modbusreg.obj (.text:_MODBUSREG_u32GetTableVirtAddress)
                  003ee6df    00000004                     : modbusreg.obj (.text:_MODBUSREG_vSetFileAutorization_FunctionAfterWriteFileRecordTable)
                  003ee6e3    00000004                     : modbusreg.obj (.text:_MODBUSREG_vSetFileParamCount_FunctionBeforeReadFileRecord)
                  003ee6e7    00000004                     : modbusreg.obj (.text:_MODBUSREG_vSetFileRTC_FunctionAfterReadFileRecord)
                  003ee6eb    00000004                     : modbusreg.obj (.text:_MODBUSREG_vSetFileRTC_FunctionAfterWriteFileRecord)
                  003ee6ef    00000004                     : modbusreg.obj (.text:_MODBUSREG_vSetFileRecConfig_FunctionAfterWriteFileRecord)
                  003ee6f3    00000004                     : modbusreg.obj (.text:_MODBUSREG_vSetFileRecStatus_FunctionIndexGenerationFileRecord)
                  003ee6f7    00000004                     : modbusreg.obj (.text:_MODBUSREG_vSetHoldRegFillCount)
                  003ee6fb    00000004                     : modbusreg.obj (.text:_MODBUSREG_vSetParamCount)
                  003ee6ff    00000004                     : modbusreg.obj (.text:_MODBUSREG_vSetParamListAddress)
                  003ee703    00000004                     : modbusreg.obj (.text:_MODBUSREG_vSetParamNumbAddress)
                  003ee707    00000004                     : modbusreg.obj (.text:_MODBUSREG_vSetParamRecorderConfigAddress)
                  003ee70b    00000004                     : modbusreg.obj (.text:_MODBUSREG_vSetParamScopeConfigAddress)
                  003ee70f    00000004                     : tmr_drv.obj (.text:_TIMER_vGetTimerMainRollingCounter)
                  003ee713    00000004                     : tmr_drv.obj (.text:_TIMER_vSetupTimerMainCSMONFunction)
                  003ee717    00000004                     : tmr_drv.obj (.text:_TMR_u16GetFreeRunTimerPrescaller)
                  003ee71b    00000004                     : hmmodbus.obj (.text:_bGetElementsDifference)
                  003ee71f    00000004                     : hmmodbus.obj (.text:_u16GetIndexFileTable)
                  003ee723    00000004                     : hmmodbus.obj (.text:_u32GetBufferAddressStart)
                  003ee727    00000004                     : hmmodbus.obj (.text:_u32GetBufferSize)
                  003ee72b    00000004                     : hmmodbus.obj (.text:_u32GetSampleCountAvailable)
                  003ee72f    00000004                     : hmmodbus.obj (.text:_u32GetSampleCountBuffer)
                  003ee733    00000004                     : hmmodbus.obj (.text:_u32GetStartSampleIndex)
                  003ee737    00000004                     : hmmodbus.obj (.text:_u8GetSampleSize)
                  003ee73b    00000004                     : hmmodbus.obj (.text:_vSetBufferAddressStartFromFunction)
                  003ee73f    00000004                     : hmmodbus.obj (.text:_vSetBufferSize)
                  003ee743    00000003     F2806x_DBGIER.obj (.text)
                  003ee746    00000003     CSMON_C28xx.lib : csmon.obj (.text:_CSMON_eSetParameter)
                  003ee749    00000003                     : csmon.obj (.text:_CSMON_u32GetModbusMessageCounterRegisterRealAddress)
                  003ee74c    00000003                     : csmon.obj (.text:_CSMON_vSetModbusMessageCounterRegisterRealAddress)
                  003ee74f    00000003                     : hmlib.obj (.text:_HMLIB_vRecorderParamTimeSync)
                  003ee752    00000003                     : hmrecparam.obj (.text:_HMRECPRM_GetTimeBase)
                  003ee755    00000003                     : modbusreg.obj (.text:_MODBUSREG_u32GetAddressMessageCounterThisDevice)
                  003ee758    00000003                     : modbusreg.obj (.text:_MODBUSREG_vSetAddressMessageCounterThisDevice)
                  003ee75b    00000003                     : uart_drv.obj (.text:_UART_TXInterrupt)
                  003ee75e    00000002                     : hmrecparam.obj (.text:_HMRECPRM_AbortRec)
                  003ee760    00000002                     : hmrecparam.obj (.text:_HMRECPRM_GetRecBuffSize)
                  003ee762    00000002                     : hmrec.obj (.text:_HMREC_AbortRec)
                  003ee764    00000002                     : hmrec.obj (.text:_HMREC_GetRecBuffSize)
                  003ee766    00000002     main.obj (.text:_eWriteParElement)
                  003ee768    00000002     rts2800_ml.lib : pre_init.c.obj (.text)
                  003ee76a    00000001     CSMON_C28xx.lib : hmprotocol.obj (.text:_HMPROTOCOL_vInit)
                  003ee76b    00000001     uart_driver.obj (.text:_UART_DRV_TXInterrupt)
                  003ee76c    00000001     CSMON_C28xx.lib : uart_drv.obj (.text:_UART_TxDis)
                  003ee76d    00000001                     : uart_drv.obj (.text:_UART_TxEna)
                  003ee76e    00000001     rts2800_ml.lib : startup.c.obj (.text)

ramfuncs   0    003ee76f    00000029     RUN ADDR = 00008000
                  003ee76f    0000001d     F2806x_SysCtrl.obj (ramfuncs:_InitFlash)
                  003ee78c    00000008     device.obj (ramfuncs:_MyCallbackFunction)
                  003ee794    00000004     F2806x_usDelay.obj (ramfuncs)

csm_rsvd   0    003f7f80    00000076     
                  003f7f80    00000076     F2806x_CSMPasswords.obj (csm_rsvd)

codestart 
*          0    003f7ff6    00000002     
                  003f7ff6    00000002     F2806x_CodeStartBranch.obj (codestart)

csmpasswds 
*          0    003f7ff8    00000008     
                  003f7ff8    00000008     F2806x_CSMPasswords.obj (csmpasswds)

.stack     1    00000050    00000380     UNINITIALIZED
                  00000050    00000380     --HOLE--

.econst    0    003ee798    00001e0c     
                  003ee798    00001900     csmon_config.obj (.econst:_asParameterList)
                  003f0098    00000100     CSMON_C28xx.lib : hmmodbus.obj (.econst:.string:_auchCRCHi)
                  003f0198    00000100                     : hmmodbus.obj (.econst:.string:_auchCRCLo)
                  003f0298    00000100     F2806x_PieVect.obj (.econst:_PieVectTableInit)
                  003f0398    00000084     rts2800_ml.lib : k_rem_pio2.c.obj (.econst:_ipio2)
                  003f041c    00000050     CSMON_C28xx.lib : csmon.obj (.econst:_CSMON_asAccessLevelPasswords)
                  003f046c    0000002c     rts2800_ml.lib : k_rem_pio2.c.obj (.econst)
                  003f0498    00000028                    : k_cosf.c.obj (.econst)
                  003f04c0    00000020                    : k_rem_pio2.c.obj (.econst:_PIo2)
                  003f04e0    00000020                    : k_sinf.c.obj (.econst)
                  003f0500    0000001c                    : e_rem_pio2f.c.obj (.econst)
                  003f051c    0000001c                    : s_scalbn.c.obj (.econst)
                  003f0538    00000018                    : s_sinf.c.obj (.econst)
                  003f0550    00000014     CSMON_C28xx.lib : csmon.obj (.econst:_CSMON_au8FileImplementedFunctionCodes)
                  003f0564    00000010     main.obj (.econst)
                  003f0574    0000000e     CSMON_C28xx.lib : csmon.obj (.econst:_CSMON_au8FileParameterNumbElementsCountInPartTable)
                  003f0582    0000000c                     : hmprotocol.obj (.econst:.string)
                  003f058e    0000000c     rts2800_ml.lib : s_floor.c.obj (.econst)
                  003f059a    00000006     CSMON_C28xx.lib : csmon.obj (.econst:_CSMON_au8FileParameterListElementsCountInPartTable)
                  003f05a0    00000004     rts2800_ml.lib : k_rem_pio2.c.obj (.econst:_init_jk)

.reset     0    003fffc0    00000002     DSECT
                  003fffc0    00000002     rts2800_ml.lib : boot28.asm.obj (.reset)

vectors    0    003fffc2    00000000     DSECT

DevEmuRegsFile 
*          1    00000880    00000004     UNINITIALIZED
                  00000880    00000004     F2806x_GlobalVariableDefs.obj (DevEmuRegsFile)

SysPwrCtrlRegsFile 
*          1    00000985    00000003     UNINITIALIZED
                  00000985    00000003     F2806x_GlobalVariableDefs.obj (SysPwrCtrlRegsFile)

FlashRegsFile 
*          1    00000a80    00000008     UNINITIALIZED
                  00000a80    00000008     F2806x_GlobalVariableDefs.obj (FlashRegsFile)

CsmRegsFile 
*          1    00000ae0    00000010     UNINITIALIZED
                  00000ae0    00000010     F2806x_GlobalVariableDefs.obj (CsmRegsFile)

AdcResultFile 
*          1    00000b00    00000010     UNINITIALIZED
                  00000b00    00000010     F2806x_GlobalVariableDefs.obj (AdcResultFile)

CpuTimer0RegsFile 
*          1    00000c00    00000008     UNINITIALIZED
                  00000c00    00000008     F2806x_GlobalVariableDefs.obj (CpuTimer0RegsFile)

CpuTimer1RegsFile 
*          1    00000c08    00000008     UNINITIALIZED
                  00000c08    00000008     F2806x_GlobalVariableDefs.obj (CpuTimer1RegsFile)

CpuTimer2RegsFile 
*          1    00000c10    00000008     UNINITIALIZED
                  00000c10    00000008     F2806x_GlobalVariableDefs.obj (CpuTimer2RegsFile)

PieCtrlRegsFile 
*          1    00000ce0    0000001a     UNINITIALIZED
                  00000ce0    0000001a     F2806x_GlobalVariableDefs.obj (PieCtrlRegsFile)

PieVectTableFile 
*          1    00000d00    00000100     UNINITIALIZED
                  00000d00    00000100     F2806x_GlobalVariableDefs.obj (PieVectTableFile)

EmuKeyVar 
*          1    00000d00    00000001     UNINITIALIZED
                  00000d00    00000001     F2806x_GlobalVariableDefs.obj (EmuKeyVar)

EmuBModeVar 
*          1    00000d01    00000001     UNINITIALIZED
                  00000d01    00000001     F2806x_GlobalVariableDefs.obj (EmuBModeVar)

FlashCallbackVar 
*          1    00000d02    00000002     UNINITIALIZED
                  00000d02    00000002     F2806x_GlobalVariableDefs.obj (FlashCallbackVar)

FlashScalingVar 
*          1    00000d04    00000002     UNINITIALIZED
                  00000d04    00000002     F2806x_GlobalVariableDefs.obj (FlashScalingVar)

DmaRegsFile 
*          1    00001000    000000e0     UNINITIALIZED
                  00001000    000000e0     F2806x_GlobalVariableDefs.obj (DmaRegsFile)

Cla1RegsFile 
*          1    00001400    00000040     UNINITIALIZED
                  00001400    00000040     F2806x_GlobalVariableDefs.obj (Cla1RegsFile)

Usb0RegsFile 
*          1    00004000    00000454     UNINITIALIZED
                  00004000    00000454     F2806x_GlobalVariableDefs.obj (Usb0RegsFile)

McbspaRegsFile 
*          1    00005000    00000024     UNINITIALIZED
                  00005000    00000024     F2806x_GlobalVariableDefs.obj (McbspaRegsFile)

ECanaRegsFile 
*          1    00006000    00000034     UNINITIALIZED
                  00006000    00000034     F2806x_GlobalVariableDefs.obj (ECanaRegsFile)

ECanaLAMRegsFile 
*          1    00006040    00000040     UNINITIALIZED
                  00006040    00000040     F2806x_GlobalVariableDefs.obj (ECanaLAMRegsFile)

ECanaMOTSRegsFile 
*          1    00006080    00000040     UNINITIALIZED
                  00006080    00000040     F2806x_GlobalVariableDefs.obj (ECanaMOTSRegsFile)

ECanaMOTORegsFile 
*          1    000060c0    00000040     UNINITIALIZED
                  000060c0    00000040     F2806x_GlobalVariableDefs.obj (ECanaMOTORegsFile)

ECanaMboxesFile 
*          1    00006100    00000100     UNINITIALIZED
                  00006100    00000100     F2806x_GlobalVariableDefs.obj (ECanaMboxesFile)

Comp1RegsFile 
*          1    00006400    00000014     UNINITIALIZED
                  00006400    00000014     F2806x_GlobalVariableDefs.obj (Comp1RegsFile)

Comp2RegsFile 
*          1    00006420    00000014     UNINITIALIZED
                  00006420    00000014     F2806x_GlobalVariableDefs.obj (Comp2RegsFile)

Comp3RegsFile 
*          1    00006440    00000014     UNINITIALIZED
                  00006440    00000014     F2806x_GlobalVariableDefs.obj (Comp3RegsFile)

EPwm1RegsFile 
*          1    00006800    00000040     UNINITIALIZED
                  00006800    00000040     F2806x_GlobalVariableDefs.obj (EPwm1RegsFile)

EPwm2RegsFile 
*          1    00006840    00000040     UNINITIALIZED
                  00006840    00000040     F2806x_GlobalVariableDefs.obj (EPwm2RegsFile)

EPwm3RegsFile 
*          1    00006880    00000040     UNINITIALIZED
                  00006880    00000040     F2806x_GlobalVariableDefs.obj (EPwm3RegsFile)

EPwm4RegsFile 
*          1    000068c0    00000040     UNINITIALIZED
                  000068c0    00000040     F2806x_GlobalVariableDefs.obj (EPwm4RegsFile)

EPwm5RegsFile 
*          1    00006900    00000040     UNINITIALIZED
                  00006900    00000040     F2806x_GlobalVariableDefs.obj (EPwm5RegsFile)

EPwm6RegsFile 
*          1    00006940    00000040     UNINITIALIZED
                  00006940    00000040     F2806x_GlobalVariableDefs.obj (EPwm6RegsFile)

EPwm7RegsFile 
*          1    00006980    00000040     UNINITIALIZED
                  00006980    00000040     F2806x_GlobalVariableDefs.obj (EPwm7RegsFile)

EPwm8RegsFile 
*          1    000069c0    00000040     UNINITIALIZED
                  000069c0    00000040     F2806x_GlobalVariableDefs.obj (EPwm8RegsFile)

ECap1RegsFile 
*          1    00006a00    00000020     UNINITIALIZED
                  00006a00    00000020     F2806x_GlobalVariableDefs.obj (ECap1RegsFile)

ECap2RegsFile 
*          1    00006a20    00000020     UNINITIALIZED
                  00006a20    00000020     F2806x_GlobalVariableDefs.obj (ECap2RegsFile)

ECap3RegsFile 
*          1    00006a40    00000020     UNINITIALIZED
                  00006a40    00000020     F2806x_GlobalVariableDefs.obj (ECap3RegsFile)

HRCap1RegsFile 
*          1    00006ac0    00000020     UNINITIALIZED
                  00006ac0    00000020     F2806x_GlobalVariableDefs.obj (HRCap1RegsFile)

HRCap2RegsFile 
*          1    00006ae0    00000020     UNINITIALIZED
                  00006ae0    00000020     F2806x_GlobalVariableDefs.obj (HRCap2RegsFile)

EQep1RegsFile 
*          1    00006b00    00000022     UNINITIALIZED
                  00006b00    00000022     F2806x_GlobalVariableDefs.obj (EQep1RegsFile)

EQep2RegsFile 
*          1    00006b40    00000022     UNINITIALIZED
                  00006b40    00000022     F2806x_GlobalVariableDefs.obj (EQep2RegsFile)

HRCap3RegsFile 
*          1    00006c80    00000020     UNINITIALIZED
                  00006c80    00000020     F2806x_GlobalVariableDefs.obj (HRCap3RegsFile)

HRCap4RegsFile 
*          1    00006ca0    00000020     UNINITIALIZED
                  00006ca0    00000020     F2806x_GlobalVariableDefs.obj (HRCap4RegsFile)

GpioCtrlRegsFile 
*          1    00006f80    00000040     UNINITIALIZED
                  00006f80    00000040     F2806x_GlobalVariableDefs.obj (GpioCtrlRegsFile)

GpioDataRegsFile 
*          1    00006fc0    00000020     UNINITIALIZED
                  00006fc0    00000020     F2806x_GlobalVariableDefs.obj (GpioDataRegsFile)

GpioIntRegsFile 
*          1    00006fe0    00000020     UNINITIALIZED
                  00006fe0    00000020     F2806x_GlobalVariableDefs.obj (GpioIntRegsFile)

SysCtrlRegsFile 
*          1    00007010    00000030     UNINITIALIZED
                  00007010    00000030     F2806x_GlobalVariableDefs.obj (SysCtrlRegsFile)

SpiaRegsFile 
*          1    00007040    00000010     UNINITIALIZED
                  00007040    00000010     F2806x_GlobalVariableDefs.obj (SpiaRegsFile)

SciaRegsFile 
*          1    00007050    00000010     UNINITIALIZED
                  00007050    00000010     F2806x_GlobalVariableDefs.obj (SciaRegsFile)

NmiIntruptRegsFile 
*          1    00007060    00000010     UNINITIALIZED
                  00007060    00000010     F2806x_GlobalVariableDefs.obj (NmiIntruptRegsFile)

XIntruptRegsFile 
*          1    00007070    00000010     UNINITIALIZED
                  00007070    00000010     F2806x_GlobalVariableDefs.obj (XIntruptRegsFile)

AdcRegsFile 
*          1    00007100    00000050     UNINITIALIZED
                  00007100    00000050     F2806x_GlobalVariableDefs.obj (AdcRegsFile)

SpibRegsFile 
*          1    00007740    00000010     UNINITIALIZED
                  00007740    00000010     F2806x_GlobalVariableDefs.obj (SpibRegsFile)

ScibRegsFile 
[...]
003eae54  local     $30 (.text)
003eae82  local     $35 (.text)
003eaeb1  local     $40 (.text)
003eae13  local     $5_$2 (.text)
00000000  local     .bss (.bss)
00000000  local     .data (.data)
003eadff  local     .text (.text)
003eae23  local     CHECK_SIGN1 (.text)
003eae5e  local     CHECK_SIGN2 (.text)
003eae96  local     DGT3 (.text)
003eae98  local     DIVUDenHighZero (.text)
003eae2d  local     EQ0 (.text)
003eae28  local     EQ1 (.text)
003eae66  local     EQ2 (.text)
003eae91  local     EQ3 (.text)
003eaec2  local     EQ4 (.text)
003eadff  global    LL$$DIV (.text)
003eae3b  global    LL$$MOD (.text)
003eaee1  local     LOOP (.text)
003eaed0  local     MAINDIV (.text)
003eaeef  local     MD_NEQ (.text)
003eaec4  local     MODUDenHighZero (.text)
003eae26  local     RET1 (.text)
003eae61  local     RET2 (.text)
003eae8f  local     RET3 (.text)
003eaebe  local     RET4 (.text)
003eae63  local     RET_NUM1 (.text)
003eaec0  local     RET_NUM2 (.text)
003eae2f  local     SDIVUDenHighZero (.text)
003eaef9  local     SKIP (.text)
003eaefb  local     SKIP1 (.text)
003eae69  local     SMODUDenHighZero (.text)
003eae75  global    ULL$$DIV (.text)
003eaea4  global    ULL$$MOD (.text)


================================================================================

rts2800_ml.lib : u_div28.asm.obj

Run/Load            
Value     Binding   Name (Section)
--------  --------  ---------------
00000000  local     .bss (.bss)
00000000  local     .data (.data)
003ee1d1  local     .text (.text)
003ee1d1  global    U$$DIV (.text)
003ee1d6  global    U$$MOD (.text)


================================================================================

rts2800_ml.lib : u_tofd28.asm.obj

Run/Load            
Value     Binding   Name (Section)
--------  --------  ---------------
00000000  local     .bss (.bss)
00000000  local     .data (.data)
003edd7e  local     .text (.text)
003edd8b  local     NORMALIZE (.text)
003edd93  local     OP_ZERO (.text)
003edd8d  local     PACK (.text)
003edd92  local     RETURN (.text)
003edd90  local     RETURN_VALUE (.text)
003edd7e  global    U$$TOFD (.text)


================================================================================

rts2800_ml.lib : u_tofs28.asm.obj

Run/Load            
Value     Binding   Name (Section)
--------  --------  ---------------
00000000  local     .bss (.bss)
00000000  local     .data (.data)
003edfe0  local     .text (.text)
003edfef  local     RESTORE (.text)
003edfe0  global    U$$TOFS (.text)
003edfef  local     ZERO (.text)


================================================================================

rts2800_ml.lib : l_tofs28.asm.obj

Run/Load            
Value     Binding   Name (Section)
--------  --------  ---------------
00000000  local     .bss (.bss)
00000000  local     .data (.data)
003edbfd  local     .text (.text)
003edbfd  global    L$$TOFS (.text)
003edc13  local     OVERFLOW (.text)
003edc12  local     RETURN (.text)
003edc12  local     ZERO (.text)


================================================================================

rts2800_ml.lib : ul_tofs28.asm.obj

Run/Load            
Value     Binding   Name (Section)
--------  --------  ---------------
00000000  local     .bss (.bss)
00000000  local     .data (.data)
003ede78  local     .text (.text)
003ede80  local     LEFT_SHIFT (.text)
003ede82  local     PACK (.text)
003ede8a  local     RETURN (.text)
003ede78  global    UL$$TOFS (.text)
003ede8a  local     ZERO (.text)


================================================================================

rts2800_ml.lib : prolog28.asm.obj

Run/Load            
Value     Binding   Name (Section)
--------  --------  ---------------
00000000  local     .bss (.bss)
00000000  local     .data (.data)
003edc7b  local     .text (.text)
003edc7b  global    _prolog_c28x_1 (.text)
003edc7f  global    _prolog_c28x_2 (.text)
003edc87  global    _prolog_c28x_3 (.text)


================================================================================

rts2800_ml.lib : fs_tofd28.asm.obj

Run/Load            
Value     Binding   Name (Section)
--------  --------  ---------------
00000000  local     .bss (.bss)
00000000  local     .data (.data)
003edaf2  local     .text (.text)
003edaf2  global    FS$$TOFD (.text)
003edb06  local     OVERFLOW (.text)
003edb05  local     RETURN (.text)
003edb03  local     RETURN_VALUE (.text)
003edb0c  local     UNDERFLOW (.text)


================================================================================

rts2800_ml.lib : fd_div28.asm.obj

Run/Load            
Value     Binding   Name (Section)
--------  --------  ---------------
003ec22e  local     $1_$3 (.text)
003ec239  local     $2_$3 (.text)
00000000  local     .bss (.bss)
00000000  local     .data (.data)
003ec1f2  local     .text (.text)
003ec248  local     DIV_END (.text)
003ec229  local     DIV_START (.text)
003ec1f2  global    FD$$DIV (.text)
003ec24b  local     NORMALIZE (.text)
003ec275  local     OVERFLOW (.text)
003ec270  local     RETURN (.text)
003ec26e  local     RETURN_VALUE (.text)
003ec260  local     RND64_SET_MANT$3$ (.text)
003ec254  local     ROUND (.text)
003ec27b  local     UNDERFLOW (.text)


================================================================================

rts2800_ml.lib : cpy_tbl.c.obj

Run/Load            
Value     Binding   Name (Section)
--------  --------  ---------------
003ed7a7  local     $C$L1 (.text)
003ed7ba  local     $C$L2 (.text)
003ed7bb  local     $C$L3 (.text)
00000000  local     .bss (.bss)
00000000  local     .data (.data)
003ed79f  local     .text (.text)
003ed79f  global    _copy_in (.text)


================================================================================

rts2800_ml.lib : memcpy.c.obj

Run/Load            
Value     Binding   Name (Section)
--------  --------  ---------------
003eda6b  local     $C$L1 (.text)
003eda6f  local     $C$L2 (.text)
003eda76  local     $C$L3 (.text)
003eda78  local     $C$L4 (.text)
003eda80  local     $C$L5 (.text)
00000000  local     .bss (.bss)
00000000  local     .data (.data)
003eda65  local     .text (.text)
003eda65  global    _memcpy (.text)


================================================================================

rts2800_ml.lib : pre_init.c.obj

Run/Load            
Value     Binding   Name (Section)
--------  --------  ---------------
00000000  local     .bss (.bss)
00000000  local     .data (.data)
003ee768  local     .text (.text)
003ee768  global    __system_pre_init (.text)


================================================================================

rts2800_ml.lib : startup.c.obj

Run/Load            
Value     Binding   Name (Section)
--------  --------  ---------------
00000000  local     .bss (.bss)
00000000  local     .data (.data)
003ee76e  local     .text (.text)
003ee76e  global    __system_post_cinit (.text)


================================================================================

rts2800_ml.lib : e_rem_pio2f.c.obj

Run/Load            
Value     Binding   Name (Section)
--------  --------  ---------------
003f050c  local     $C$FL1 (.econst)
003f0510  local     $C$FL2 (.econst)
003f0514  local     $C$FL3 (.econst)
003f0518  local     $C$FL4 (.econst)
003ebc62  local     $C$L1 (.text)
003ebc70  local     $C$L2 (.text)
003ebc9c  local     $C$L3 (.text)
003ebca1  local     $C$L4 (.text)
00000000  local     .bss (.bss)
00000000  local     .data (.data)
003f0500  local     .econst (.econst)
003ebbff  local     .text (.text)
003ebbff  global    ___rem_pio2f (.text)
003f0500  local     _invpio2 (.econst)
003f0504  local     _pio2_1 (.econst)
003f0508  local     _pio2_1t (.econst)


================================================================================

rts2800_ml.lib : k_rem_pio2.c.obj

Run/Load            
Value     Binding   Name (Section)
--------  --------  ---------------
003f047c  local     $C$FL1 (.econst)
003f0480  local     $C$FL2 (.econst)
003f0484  local     $C$FL3 (.econst)
003f0488  local     $C$FL4 (.econst)
003f048c  local     $C$FL5 (.econst)
003f0490  local     $C$FL6 (.econst)
003f0494  local     $C$FL7 (.econst)
003e98fe  local     $C$L1 (.text)
003e99b8  local     $C$L10 (.text)
003e99e5  local     $C$L11 (.text)
003e9a05  local     $C$L12 (.text)
003e9a2a  local     $C$L13 (.text)
003e9a49  local     $C$L14 (.text)
003e9a50  local     $C$L15 (.text)
003e9a6d  local     $C$L16 (.text)
003e9abb  local     $C$L17 (.text)
003e9b27  local     $C$L18 (.text)
003e9b2b  local     $C$L19 (.text)
003e9926  local     $C$L2 (.text)
003e9b39  local     $C$L20 (.text)
003e9b62  local     $C$L21 (.text)
003e9b67  local     $C$L22 (.text)
003e9b72  local     $C$L23 (.text)
003e9b7e  local     $C$L24 (.text)
003e9b83  local     $C$L25 (.text)
003e9b89  local     $C$L26 (.text)
003e9ba6  local     $C$L27 (.text)
003e9bb2  local     $C$L28 (.text)
003e9bdd  local     $C$L29 (.text)
003e9931  local     $C$L3 (.text)
003e9c0b  local     $C$L30 (.text)
003e9c56  local     $C$L31 (.text)
003e9c5b  local     $C$L32 (.text)
003e9c73  local     $C$L33 (.text)
003e9c7d  local     $C$L34 (.text)
003e9c8c  local     $C$L35 (.text)
003e9c96  local     $C$L36 (.text)
003e9cb1  local     $C$L37 (.text)
003e9cc1  local     $C$L38 (.text)
003e9cc3  local     $C$L39 (.text)
003e993d  local     $C$L4 (.text)
003e9ce3  local     $C$L40 (.text)
003e9d0b  local     $C$L41 (.text)
003e9d22  local     $C$L42 (.text)
003e9d36  local     $C$L43 (.text)
003e9d64  local     $C$L44 (.text)
003e9d82  local     $C$L45 (.text)
003e9da0  local     $C$L46 (.text)
003e9def  local     $C$L47 (.text)
003e9e29  local     $C$L48 (.text)
003e9e41  local     $C$L49 (.text)
003e994e  local     $C$L5 (.text)
003e9e52  local     $C$L50 (.text)
003e9e6f  local     $C$L51 (.text)
003e9e8a  local     $C$L52 (.text)
003e9e9d  local     $C$L53 (.text)
003e9eae  local     $C$L54 (.text)
003e9ebc  local     $C$L55 (.text)
003e9ec6  local     $C$L56 (.text)
003e9ee7  local     $C$L57 (.text)
003e9ef8  local     $C$L58 (.text)
003e9f06  local     $C$L59 (.text)
003e995a  local     $C$L6 (.text)
003e9f10  local     $C$L60 (.text)
003e9f1a  local     $C$L61 (.text)
003e9f2d  local     $C$L62 (.text)
003e9f3e  local     $C$L63 (.text)
003e9f4c  local     $C$L64 (.text)
003e9f56  local     $C$L65 (.text)
003e9f5f  local     $C$L66 (.text)
003e9977  local     $C$L7 (.text)
003e999c  local     $C$L8 (.text)
003e99b1  local     $C$L9 (.text)
00000000  local     .bss (.bss)
00000000  local     .data (.data)
003f046c  local     .econst (.econst)
003f04c0  local     .econst:_PIo2 (.econst:_PIo2)
003f05a0  local     .econst:_init_jk (.econst:_init_jk)
003f0398  local     .econst:_ipio2 (.econst:_ipio2)
003e98d0  local     .text (.text)
003f04c0  local     _PIo2 (.econst:_PIo2)
003e98d0  global    ___kernel_rem_pio2 (.text)
003f05a0  local     _init_jk (.econst:_init_jk)
003f0398  local     _ipio2 (.econst:_ipio2)
003f0470  local     _one (.econst)
003f0474  local     _two24 (.econst)
003f0478  local     _twon24 (.econst)
003f046c  local     _zero (.econst)


================================================================================

rts2800_ml.lib : exit.c.obj

Run/Load            
Value     Binding   Name (Section)
--------  --------  ---------------
003ed446  local     $C$L1 (.text)
003ed459  local     $C$L2 (.text)
003ed464  local     $C$L3 (.text)
003ed46a  local     $C$L4 (.text)
00000000  local     .bss (.bss)
003f0c1c  local     .cinit (.cinit)
00000000  local     .data (.data)
0000bdfa  local     .ebss (.ebss)
003ed445  local     .text (.text)
003ed445  global    C$$EXIT (.text)
0000bdfc  global    ___TI_cleanup_ptr (.ebss)
0000bdfe  global    ___TI_dtors_ptr (.ebss)
0000bdfa  global    ___TI_enable_exit_profile_output (.ebss)
003ed445  global    _abort (.text)
003ed447  global    _exit (.text)


================================================================================

rts2800_ml.lib : _lock.c.obj

Run/Load            
Value     Binding   Name (Section)
--------  --------  ---------------
00000000  local     .bss (.bss)
003f0daa  local     .cinit:__lock (.cinit:__lock)
003f0daf  local     .cinit:__unlock (.cinit:__unlock)
00000000  local     .data (.data)
0000c100  local     .ebss:__lock (.ebss:__lock)
0000c102  local     .ebss:__unlock (.ebss:__unlock)
003ee28b  local     .text (.text)
0000c100  global    __lock (.ebss:__lock)
003ee293  global    __nop (.text)
003ee28f  global    __register_lock (.text)
003ee28b  global    __register_unlock (.text)
0000c102  global    __unlock (.ebss:__unlock)


================================================================================

rts2800_ml.lib : args_main.c.obj

Run/Load            
Value     Binding   Name (Section)
--------  --------  ---------------
003edf6a  local     $C$L1 (.text)
003edf6d  local     $C$L2 (.text)
00000000  local     .bss (.bss)
00000000  local     .data (.data)
003edf5f  local     .text (.text)
003edf5f  global    __args_main (.text)


================================================================================

rts2800_ml.lib : s_floor.c.obj

Run/Load            
Value     Binding   Name (Section)
--------  --------  ---------------
003f0592  local     $C$FL1 (.econst)
003f0596  local     $C$FL2 (.econst)
003eb3f8  local     $C$L1 (.text)
003eb450  local     $C$L10 (.text)
003eb470  local     $C$L11 (.text)
003eb472  local     $C$L12 (.text)
003eb47e  local     $C$L13 (.text)
003eb483  local     $C$L14 (.text)
003eb3fd  local     $C$L2 (.text)
003eb3fe  local     $C$L3 (.text)
003eb406  local     $C$L4 (.text)
003eb419  local     $C$L5 (.text)
003eb428  local     $C$L6 (.text)
003eb42b  local     $C$L7 (.text)
003eb447  local     $C$L8 (.text)
003eb44d  local     $C$L9 (.text)
00000000  local     .bss (.bss)
00000000  local     .data (.data)
003f058e  local     .econst (.econst)
003eb3a0  local     .text (.text)
003eb3a0  global    _floorl (.text)
003f058e  local     _huge (.econst)


================================================================================

rts2800_ml.lib : s_scalbn.c.obj

Run/Load            
Value     Binding   Name (Section)
--------  --------  ---------------
003f0528  local     $C$FL1 (.econst)
003f052c  local     $C$FL2 (.econst)
003f0530  local     $C$FL3 (.econst)
003f0534  local     $C$FL4 (.econst)
003ebb7b  local     $C$L1 (.text)
003ebb94  local     $C$L2 (.text)
003ebba6  local     $C$L3 (.text)
003ebbb1  local     $C$L4 (.text)
003ebbc6  local     $C$L5 (.text)
003ebbcc  local     $C$L6 (.text)
003ebbd7  local     $C$L7 (.text)
003ebbf7  local     $C$L8 (.text)
003ebbfb  local     $C$L9 (.text)
00000000  local     .bss (.bss)
00000000  local     .data (.data)
003f051c  local     .econst (.econst)
003ebb55  local     .text (.text)
003ebb55  global    _ldexpl (.text)
003ebb55  global    _scalbnl (.text)
003f0524  local     _tiny (.econst)
003f051c  local     _two54 (.econst)
003f0520  local     _twom54 (.econst)


================================================================================

rts2800_ml.lib : s_copysign.c.obj

Run/Load            
Value     Binding   Name (Section)
--------  --------  ---------------
003ed84d  local     $C$L1 (.text)
00000000  local     .bss (.bss)
00000000  local     .data (.data)
003ed82c  local     .text (.text)
003ed82c  global    _copysignl (.text)


================================================================================

rts2800_ml.lib : k_cosf.c.obj

Run/Load            
Value     Binding   Name (Section)
--------  --------  ---------------
003f04ac  local     $C$FL1 (.econst)
003f04b0  local     $C$FL2 (.econst)
003f04b4  local     $C$FL3 (.econst)
003f04b8  local     $C$FL4 (.econst)
003f04bc  local     $C$FL5 (.econst)
00000000  local     .bss (.bss)
00000000  local     .data (.data)
003f0498  local     .econst (.econst)
003ec304  local     .text (.text)
003f049c  local     _C0 (.econst)
003f04a0  local     _C1 (.econst)
003f04a4  local     _C2 (.econst)
003f04a8  local     _C3 (.econst)
003ec304  global    ___kernel_cosdf (.text)
003f0498  local     _one (.econst)


================================================================================

rts2800_ml.lib : k_sinf.c.obj

Run/Load            
Value     Binding   Name (Section)
--------  --------  ---------------
003f04f0  local     $C$FL1 (.econst)
003f04f4  local     $C$FL2 (.econst)
003f04f8  local     $C$FL3 (.econst)
003f04fc  local     $C$FL4 (.econst)
00000000  local     .bss (.bss)
00000000  local     .data (.data)
003f04e0  local     .econst (.econst)
003ec0d0  local     .text (.text)
003f04e0  local     _S1 (.econst)
003f04e4  local     _S2 (.econst)
003f04e8  local     _S3 (.econst)
003f04ec  local     _S4 (.econst)
003ec0d0  global    ___kernel_sindf (.text)


================================================================================

rts2800_ml.lib : fd_cmp28.asm.obj

Run/Load            
Value     Binding   Name (Section)
--------  --------  ---------------
00000000  local     .bss (.bss)
00000000  local     .data (.data)
003ed41b  local     .text (.text)
003ed42b  local     CHECK_INF (.text)
003ed41b  global    FD$$CMP (.text)
003ed442  local     NO_NEG (.text)
003ed443  local     OP_EQUAL (.text)
003ed43b  local     RETURN (.text)


================================================================================

rts2800_ml.lib : fd_tol28.asm.obj

Run/Load            
Value     Binding   Name (Section)
--------  --------  ---------------
00000000  local     .bss (.bss)
00000000  local     .data (.data)
003ed9d2  local     .text (.text)
003ed9d2  global    FD$$TOL (.text)
003ed9eb  local     OVERFLOW (.text)
003ed9ea  local     RETURN_VALUE (.text)
003ed9ef  local     UNDERFLOW (.text)


================================================================================

rts2800_ml.lib : ll_aox28.asm.obj

Run/Load            
Value     Binding   Name (Section)
--------  --------  ---------------
00000000  local     .bss (.bss)
00000000  local     .data (.data)
003edcdc  local     .text (.text)
003edcdc  global    LL$$AND (.text)
003edce4  global    LL$$OR (.text)
003edcec  global    LL$$XOR (.text)


================================================================================

rts2800_ml.lib : i_div28.asm.obj

Run/Load            
Value     Binding   Name (Section)
--------  --------  ---------------
00000000  local     .bss (.bss)
00000000  local     .data (.data)
003ed84f  local     .text (.text)
003ed84f  global    I$$DIV (.text)
003ed860  global    I$$MOD (.text)
003ed85f  local     RET1 (.text)
003ed86f  local     RET2 (.text)


================================================================================

rts2800_ml.lib : l_tofd28.asm.obj

Run/Load            
Value     Binding   Name (Section)
--------  --------  ---------------
003edb1c  local     $10 (.text)
00000000  local     .bss (.bss)
00000000  local     .data (.data)
003edb0e  local     .text (.text)
003edb0e  global    L$$TOFD (.text)
003edb28  local     OP_ZERO (.text)
003edb27  local     RETURN (.text)
003edb25  local     RETURN_VALUE (.text)


================================================================================

rts2800_ml.lib : fd_tofs28.asm.obj

Run/Load            
Value     Binding   Name (Section)
--------  --------  ---------------
00000000  local     .bss (.bss)
00000000  local     .data (.data)
003ed8b3  local     .text (.text)
003ed8c0  local     EXP_EVAL (.text)
003ed8b3  global    FD$$TOFS (.text)
003ed8cc  local     OVERFLOW (.text)
003ed8cb  local     RETURN_VALUE (.text)
003ed8d2  local     UNDERFLOW (.text)


================================================================================

rts2800_ml.lib : errno.c.obj

Run/Load            
Value     Binding   Name (Section)
--------  --------  ---------------
00000000  local     .bss (.bss)
003f0dfe  local     .cinit (.cinit)
00000000  local     .data (.data)
0000c120  local     .ebss (.ebss)
00000000  local     .text (.text)
0000c120  global    _errno (.ebss)


================================================================================

