******************************************************************************
             TMS320C2000 Linker PC v22.6.0                     
******************************************************************************
>> Linked Fri Oct  7 16:36:52 2022

OUTPUT FILE NAME:   <../../../04_Output_Files/Motor28062/TEST_CSMON_C28xx.out>
ENTRY POINT SYMBOL: "_c_int00"  address: 003ed536


MEMORY CONFIGURATION

         name            origin    length      used     unused   attr    fill
----------------------  --------  ---------  --------  --------  ----  --------
PAGE 0:
  RAML0                 00008000   00000800  00000029  000007d7  RWIX
  RAML1                 00008800   00000400  00000000  00000400  RWIX
  OTP                   003d7800   00000400  00000000  00000400  RWIX
  FLASH_APP             003e8000   0000dff0  000091bf  00004e31  RWIX
  CSM_RSVD              003f7f80   00000076  00000076  00000000  RWIX
  BEGIN                 003f7ff6   00000002  00000002  00000000  RWIX
  CSM_PWL_P0            003f7ff8   00000008  00000008  00000000  RWIX
  FPUTABLES             003fd590   000006a0  00000000  000006a0  RWIX
  IQTABLES              003fdf00   00000b50  00000000  00000b50  RWIX
  IQTABLES2             003fea50   0000008c  00000000  0000008c  RWIX
  IQTABLES3             003feadc   000000aa  00000000  000000aa  RWIX
  ROM                   003ff3b0   00000c10  00000000  00000c10  RWIX
  RESET                 003fffc0   00000002  00000000  00000002  RWIX
  VECTORS               003fffc2   0000003e  00000000  0000003e  RWIX

PAGE 1:
  BOOT_RSVD             00000000   00000050  00000000  00000050  RWIX
  RAMM0                 00000050   000003b0  00000380  00000030  RWIX
  RAMM1                 00000400   00000400  00000000  00000400  RWIX
  DEV_EMU               00000880   00000105  00000004  00000101  RWIX
  SYS_PWR_CTL           00000985   00000003  00000003  00000000  RWIX
  FLASH_REGS            00000a80   00000060  00000008  00000058  RWIX
  CSM                   00000ae0   00000020  00000010  00000010  RWIX
  ADC_RESULT            00000b00   00000020  00000010  00000010  RWIX
  CPU_TIMER0            00000c00   00000008  00000008  00000000  RWIX
  CPU_TIMER1            00000c08   00000008  00000008  00000000  RWIX
  CPU_TIMER2            00000c10   00000008  00000008  00000000  RWIX
  PIE_CTRL              00000ce0   00000020  0000001a  00000006  RWIX
  PIE_VECT              00000d00   00000100  00000100  00000000  RWIX
  DMA                   00001000   00000200  000000e0  00000120  RWIX
  CLA1                  00001400   00000080  00000040  00000040  RWIX
  USB0                  00004000   00001000  00000454  00000bac  RWIX
  McBSPA                00005000   00000040  00000024  0000001c  RWIX
  ECANA                 00006000   00000040  00000034  0000000c  RWIX
  ECANA_LAM             00006040   00000040  00000040  00000000  RWIX
  ECANA_MOTS            00006080   00000040  00000040  00000000  RWIX
  ECANA_MOTO            000060c0   00000040  00000040  00000000  RWIX
  ECANA_MBOX            00006100   00000100  00000100  00000000  RWIX
  COMP1                 00006400   00000020  00000014  0000000c  RWIX
  COMP2                 00006420   00000020  00000014  0000000c  RWIX
  COMP3                 00006440   00000020  00000014  0000000c  RWIX
  EPWM1                 00006800   00000040  00000040  00000000  RWIX
  EPWM2                 00006840   00000040  00000040  00000000  RWIX
  EPWM3                 00006880   00000040  00000040  00000000  RWIX
  EPWM4                 000068c0   00000040  00000040  00000000  RWIX
  EPWM5                 00006900   00000040  00000040  00000000  RWIX
  EPWM6                 00006940   00000040  00000040  00000000  RWIX
  EPWM7                 00006980   00000040  00000040  00000000  RWIX
  EPWM8                 000069c0   00000040  00000040  00000000  RWIX
  ECAP1                 00006a00   00000020  00000020  00000000  RWIX
  ECAP2                 00006a20   00000020  00000020  00000000  RWIX
  ECAP3                 00006a40   00000020  00000020  00000000  RWIX
  HRCAP1                00006ac0   00000020  00000020  00000000  RWIX
  HRCAP2                00006ae0   00000020  00000020  00000000  RWIX
  EQEP1                 00006b00   00000040  00000022  0000001e  RWIX
  EQEP2                 00006b40   00000040  00000022  0000001e  RWIX
  HRCAP3                00006c80   00000020  00000020  00000000  RWIX
  HRCAP4                00006ca0   00000020  00000020  00000000  RWIX
  GPIOCTRL              00006f80   00000040  00000040  00000000  RWIX
  GPIODAT               00006fc0   00000020  00000020  00000000  RWIX
  GPIOINT               00006fe0   00000020  00000020  00000000  RWIX
  SYSTEM                00007010   00000030  00000030  00000000  RWIX
  SPIA                  00007040   00000010  00000010  00000000  RWIX
  SCIA                  00007050   00000010  00000010  00000000  RWIX
  NMIINTRUPT            00007060   00000010  00000010  00000000  RWIX
  XINTRUPT              00007070   00000010  00000010  00000000  RWIX
  ADC                   00007100   00000080  00000050  00000030  RWIX
  SPIB                  00007740   00000010  00000010  00000000  RWIX
  SCIB                  00007750   00000010  00000010  00000000  RWIX
  I2CA                  00007900   00000040  00000022  0000001e  RWIX
  RAML2                 00008c00   00000400  00000400  00000000  RWIX
  RAML3                 00009000   00001000  00001000  00000000  RWIX
  RAML4                 0000a000   00002000  00002000  00000000  RWIX
  RAML5                 0000c000   00002000  00000d40  000012c0  RWIX
  RAML6                 0000e000   00006000  00005000  00001000  RWIX
  USB_RAM               00040000   00000800  00000000  00000800  RWIX
  PARTID                003d7e80   00000001  00000001  00000000  RWIX
  CSM_PWL               003f7ff8   00000008  00000008  00000000  RWIX


SECTION ALLOCATION MAP

 output                                  attributes/
section   page    origin      length       input sections
--------  ----  ----------  ----------   ----------------
.cinit     0    003f0983    0000081d     
                  003f0983    000001b6     CSMON_C28xx.lib : hmmodbus.obj (.cinit)
                  003f0b39    00000173     main.obj (.cinit)
                  003f0cac    000000ca     CSMON_C28xx.lib : csmon.obj (.cinit)
                  003f0d76    00000081                     : modbusreg.obj (.cinit)
                  003f0df7    0000003f                     : csmon.obj (.cinit:_CSMON_au8FileRecorderDataElementsSizeTable)
                  003f0e36    00000033                     : hmrecparam.obj (.cinit:_sRecStatusParam)
                  003f0e69    00000030                     : csmon.obj (.cinit:_CSMON_au8FileRecorderConfigElementsSizeTable)
                  003f0e99    0000002b                     : csmon.obj (.cinit:_CSMON_au8FileScopeConfigurationElementsSizeTable)
                  003f0ec4    0000001f                     : hmrecparam.obj (.cinit:_sRecStatusParamInternal)
                  003f0ee3    00000016     main.obj (.cinit:_sExternalRecoderHandle)
                  003f0ef9    00000015     CSMON_C28xx.lib : csmon.obj (.cinit:_CSMON_sFileAutorization)
                  003f0f0e    00000014                     : hmdrv.obj (.cinit)
                  003f0f22    00000014                     : hmprotocol.obj (.cinit)
                  003f0f36    00000013                     : modbusreg.obj (.cinit:_MODBUSREG_au8DeviceIDUserApplicationName)
                  003f0f49    00000013                     : modbusreg.obj (.cinit:_MODBUSREG_au8DeviceIDVendorUrl)
                  003f0f5c    00000013                     : modbusreg.obj (.cinit:_MODBUSREG_au8ServerIDData)
                  003f0f6f    00000010     rtc_drv.obj (.cinit)
                  003f0f7f    0000000f     CSMON_C28xx.lib : csmon.obj (.cinit:_CSMON_sDateTime)
                  003f0f8e    0000000f                     : csmon.obj (.cinit:_CSMON_sDateTimeApplication)
                  003f0f9d    0000000f                     : csmon.obj (.cinit:_CSMON_sDateTimeDefault)
                  003f0fac    0000000f                     : modbusreg.obj (.cinit:_MODBUSREG_au8DeviceIDModelName)
                  003f0fbb    0000000f     device.obj (.cinit)
                  003f0fca    0000000e     rts2800_ml.lib : exit.c.obj (.cinit)
                  003f0fd8    0000000d     CSMON_C28xx.lib : csmon.obj (.cinit:_CSMON_au8FileParameterCountElementsSizeTable)
                  003f0fe5    0000000d                     : csmon.obj (.cinit:_CSMON_au8FileRTCElementsSizeTable)
                  003f0ff2    0000000d                     : csmon.obj (.cinit:_sHashKey)
                  003f0fff    0000000d     tmr_drv.obj (.cinit)
                  003f100c    0000000c     CSMON_C28xx.lib : csmon.obj (.cinit:_CSMON_au8FileParameterNumericElementsSizeTable)
                  003f1018    0000000c                     : modbusreg.obj (.cinit:_MODBUSREG_au8DeviceIDProductName)
                  003f1024    0000000c                     : modbusreg.obj (.cinit:_MODBUSREG_au8DeviceIDUserReserve0)
                  003f1030    0000000c                     : modbusreg.obj (.cinit:_MODBUSREG_au8DeviceIDUserReserve1)
                  003f103c    0000000c                     : modbusreg.obj (.cinit:_MODBUSREG_au8DeviceIDUserReserve2)
                  003f1048    0000000c                     : modbusreg.obj (.cinit:_MODBUSREG_au8DeviceIDVendorName)
                  003f1054    0000000b                     : hmrecparam.obj (.cinit:_HMRECPRM_sDateTime)
                  003f105f    0000000b     main.obj (.cinit:_MAIN_sDateTimeGet)
                  003f106a    0000000b     main.obj (.cinit:_MAIN_sDateTimeSet)
                  003f1075    0000000b     uart_driver.obj (.cinit:_UART_DRV_RXIntOverflowCounter)
                  003f1080    0000000b     uart_driver.obj (.cinit:_UART_DRV_u32TimeDiffLast)
                  003f108b    0000000b     uart_driver.obj (.cinit:_UART_DRV_u32TimeDiffNow)
                  003f1096    0000000b     CSMON_C28xx.lib : uart_drv.obj (.cinit:_UART_RXIntOverflowCounter)
                  003f10a1    0000000b     tmr_drv.obj (.cinit:_pfDelayedFunction)
                  003f10ac    0000000b     tmr_drv.obj (.cinit:_pfDelayedFunction_u8)
                  003f10b7    0000000b     CSMON_C28xx.lib : uart_drv.obj (.cinit:_u32TimeDiffLast)
                  003f10c2    0000000b                     : uart_drv.obj (.cinit:_u32TimeDiffNow)
                  003f10cd    0000000b                     : uart_drv.obj (.cinit:_u32TimeDiffRead)
                  003f10d8    00000009                     : hmserial.obj (.cinit)
                  003f10e1    00000009                     : csmon.obj (.cinit:_CSMON_au32FileAutorization_FunctionAfterWriteFileRecord)
                  003f10ea    00000009                     : csmon.obj (.cinit:_CSMON_sFileParameterCount)
                  003f10f3    00000009                     : hmscopeparam.obj (.cinit:_pBufferScope)
                  003f10fc    00000008                     : hmlib.obj (.cinit)
                  003f1104    00000007                     : csmon.obj (.cinit:_CSMON_au8FileParameterListElementsSizeTablePart1)
                  003f110b    00000007                     : csmon.obj (.cinit:_CSMON_au8FileRecorderStatusElementsSizeTable)
                  003f1112    00000007                     : modbusreg.obj (.cinit:_MODBUSREG_au8DeviceIDMajorMinorRevision)
                  003f1119    00000007                     : modbusreg.obj (.cinit:_MODBUSREG_au8DeviceIDProductCode)
                  003f1120    00000007                     : uart_drv.obj (.cinit:_UARTRxBufferRDCount)
                  003f1127    00000007                     : uart_drv.obj (.cinit:_UARTRxBufferRDIndex)
                  003f112e    00000007                     : uart_drv.obj (.cinit:_UARTRxBufferWRCount)
                  003f1135    00000007                     : uart_drv.obj (.cinit:_UARTRxBufferWRIndex)
                  003f113c    00000007     uart_driver.obj (.cinit:_UART_DRV_RxBufferRDCount)
                  003f1143    00000007     uart_driver.obj (.cinit:_UART_DRV_RxBufferWRCount)
                  003f114a    00000007     uart_driver.obj (.cinit:_UART_DRV_RxBufferWRIndex)
                  003f1151    00000006     CSMON_C28xx.lib : csmon.obj (.cinit:_CSMON_abFileAutorization_RecordReadOnly)
                  003f1157    00000006                     : csmon.obj (.cinit:_CSMON_abFileAutorization_RecordStringData)
                  003f115d    00000006                     : csmon.obj (.cinit:_CSMON_au16FileAutorization_RecordOffsets)
                  003f1163    00000006                     : csmon.obj (.cinit:_CSMON_au8FileRecorderDataElementsSizeTableUsedLength)
                  003f1169    00000006                     : csmon.obj (.cinit:_CSMON_sFileProtocolVersion)
                  003f116f    00000005                     : hmmodbus.obj (.cinit:_HMMODBUS_u32RegisterAddressInRamDummy)
                  003f1174    00000005     rts2800_ml.lib : _lock.c.obj (.cinit:__lock)
                  003f1179    00000005                    : _lock.c.obj (.cinit:__unlock)
                  003f117e    00000004     CSMON_C28xx.lib : hmscopeparam.obj (.cinit)
                  003f1182    00000004                     : uart_drv.obj (.cinit)
                  003f1186    00000004                     : csmon.obj (.cinit:_CSMON_au8FileParameterListElementsSizeTablePart2)
                  003f118a    00000004                     : csmon.obj (.cinit:_CSMON_au8FileParameterListElementsSizeTablePart3)
                  003f118e    00000004                     : csmon.obj (.cinit:_CSMON_au8FileScopeStatusElementsSizeTable)
                  003f1192    00000004                     : csmon.obj (.cinit:_CSMON_sFileParameterAccessList)
                  003f1196    00000004                     : modbusreg.obj (.cinit:_MODBUSREG_asFileTable)
                  003f119a    00000004     rts2800_ml.lib : errno.c.obj (.cinit)
                  003f119e    00000002     --HOLE-- [fill = 0]

.pinit     0    003e8000    00000000     UNINITIALIZED

.text      0    003e8000    00007040     
                  003e8000    00001328     CSMON_C28xx.lib : hmmodbus.obj (.text:_HMMODBUS_bDecoder)
                  003e9328    00000a2e                     : modbusreg.obj (.text:_MODBUSREG_AddressTablesInit)
                  003e9d56    00000698     rts2800_ml.lib : k_rem_pio2.c.obj (.text)
                  003ea3ee    0000046f     CSMON_C28xx.lib : csmon.obj (.text:_CSMON_eSetParameter)
                  003ea85d    000001d3                     : csmon.obj (.text:_CSMON_eInit)
                  003eaa30    000001ac     main.obj (.text:_main)
                  003eabdc    00000178     CSMON_C28xx.lib : csmon.obj (.text:_CSMON_eSetUpRecParam)
                  003ead54    0000016f                     : csmon.obj (.text:_CSMON_eProcess)
                  003eaec3    0000013c                     : csmon.obj (.text:_CSMON_vCheckLoadRecorderTable)
                  003eafff    00000136                     : hmmodbus.obj (.text:_HMMODBUS_Rx)
                  003eb135    0000011b                     : hmmodbus.obj (.text:_HMMODBUS_vSetFreeRunTimerPrescaller)
                  003eb250    00000114     rts2800_ml.lib : s_sinf.c.obj (.text)
                  003eb364    00000107                    : ll_div28.asm.obj (.text)
                  003eb46b    000000fa     CSMON_C28xx.lib : csmon.obj (.text:_CSMON_vCheckSaveRecorderTable)
                  003eb565    000000f8                     : hmprotocol.obj (.text:_HMPROTOCOL_bDecoder)
                  003eb65d    000000f5                     : hmdrv.obj (.text:_HMDRV_vInit)
                  003eb752    000000f1                     : csmon.obj (.text:_CSMON_vFileRecoderStatusFix)
                  003eb843    000000ef                     : hmmodbus.obj (.text:_HMMODBUS_GetRealRegisterAddressAndSize)
                  003eb932    000000e9                     : csmon.obj (.text:_CSMON_vSaveRecorderConfiguration)
                  003eba1b    000000e8                     : hmrecparam.obj (.text:_HMRECPRM_vProcess)
                  003ebb03    000000e8     rts2800_ml.lib : s_floor.c.obj (.text)
                  003ebbeb    000000e4     main.obj (.text:_ControlProcess)
                  003ebccf    000000c1     main.obj (.text:_RecordersInitialization)
                  003ebd90    000000bd     CSMON_C28xx.lib : csmon.obj (.text:_CSMON_u32GetParameterListCheckSum)
                  003ebe4d    000000bc                     : hmrecparam.obj (.text:_HMRECPRM_SetUpRec)
                  003ebf09    000000b8                     : hmrec.obj (.text:_HMREC_SetUpRec)
                  003ebfc1    000000aa                     : hmdrv.obj (.text:_HMDRV_CopyFromBufferInternalModbusBitField)
                  003ec06b    000000aa     rts2800_ml.lib : s_scalbn.c.obj (.text)
                  003ec115    000000a7                    : e_rem_pio2f.c.obj (.text)
                  003ec1bc    000000a6     main.obj (.text:_ParameterInitialization)
                  003ec262    000000a3     CSMON_C28xx.lib : csmon.obj (.text:_CSMON_vSaveRecorderConfigTrigger)
                  003ec305    000000a3     tmr_drv.obj (.text:_TMR2_ISR)
                  003ec3a8    000000a0     CSMON_C28xx.lib : csmon.obj (.text:_CSMON_vSetupHoldingRegistersAndCoilsAddressTableFromCSMONParameterList)
                  003ec448    0000009c     rts2800_ml.lib : fd_add28.asm.obj (.text)
                  003ec4e4    00000095     CSMON_C28xx.lib : csmon.obj (.text:_CSMON_vLoadRecorderConfiguration)
                  003ec579    00000092                     : hmdrv.obj (.text:_HMDRV_CopyMemory)
                  003ec60b    00000092                     : hmdrv.obj (.text:_HMDRV_CopyToBufferInternalModbus)
                  003ec69d    00000092     rts2800_ml.lib : k_sinf.c.obj (.text)
                  003ec72f    00000090     CSMON_C28xx.lib : csmon.obj (.text:_CSMON_vSetDateTimeAutorization)
                  003ec7bf    0000008d                     : csmon.obj (.text:_CSMON_vInitRecorders)
                  003ec84c    0000008b     rts2800_ml.lib : fd_div28.asm.obj (.text)
                  003ec8d7    00000087     CSMON_C28xx.lib : hmrecparam.obj (.text:_HMRECPRM_SetUpRecParamStatusDateTime)
                  003ec95e    00000087     rts2800_ml.lib : k_cosf.c.obj (.text)
                  003ec9e5    00000083     CSMON_C28xx.lib : hmdrv.obj (.text:_HMDRV_CopyFromBufferInternalModbus)
                  003eca68    00000083     rts2800_ml.lib : fd_mpy28.asm.obj (.text)
                  003ecaeb    00000083                    : fs_div28.asm.obj (.text)
                  003ecb6e    00000080     CSMON_C28xx.lib : csmon.obj (.text:_CSMON_vPrepareFileParameterAccessList)
                  003ecbee    0000007f                     : hmserial.obj (.text:_HMSERIAL_vProcessSCI)
                  003ecc6d    0000007e                     : hmrecparam.obj (.text:_HMRECPRM_vTimeSync)
                  003ecceb    00000078     rts2800_ml.lib : fs_add28.asm.obj (.text)
                  003ecd63    00000076     main.obj (.text:_ScopesInitialization)
                  003ecdd9    00000070     CSMON_C28xx.lib : csmon.obj (.text:_CSMON_u32GetParameterStringCheckSum)
                  003ece49    0000006d                     : modbusreg.obj (.text:_MODBUSREG_vInit)
                  003eceb6    0000006a                     : hmprotocol.obj (.text:_HMPROTOCOL_GetBoardInfo)
                  003ecf20    0000006a                     : hmserial.obj (.text:_HMSERIAL_Rx)
                  003ecf8a    00000067                     : hmmodbus.obj (.text:_HMMODBUS_CopyFromBuffer)
                  003ecff1    00000066                     : hmmodbus.obj (.text:_HMMODBUS_vProcessSCI)
                  003ed057    00000064                     : hmrec.obj (.text:_HMREC_vProcess)
                  003ed0bb    0000005f     F2806x_SysCtrl.obj (.text:_InitPeripheralClocks)
                  003ed11a    0000005d     CSMON_C28xx.lib : uart_drv.obj (.text:_UART_RXInterrupt)
                  003ed177    0000005a                     : csmon.obj (.text:_CSMON_vRecorderParamStartStopProcess)
                  003ed1d1    0000005a     gpio.obj (.text:_GPIO_setPinConfigOutput)
                  003ed22b    0000005a     rts2800_ml.lib : fs_mpy28.asm.obj (.text)
                  003ed285    00000059     CSMON_C28xx.lib : csmon.obj (.text:_CSMON_vUpdateDateTimeFromApplication)
                  003ed2de    00000059                     : hmmodbus.obj (.text:_vSetElementsSize)
                  003ed337    00000057                     : csmon.obj (.text:_CSMON_bCheckValidDateTime)
                  003ed38e    00000057     uart_driver.obj (.text:_UART_DRV_RXInterrupt)
                  003ed3e5    00000055     CSMON_C28xx.lib : modbusreg.obj (.text:_MODBUSREG_FileRecorderExternalUpdateInit)
                  003ed43a    00000054                     : csmon.obj (.text:_CSMON_u32GetParameterNumbCheckSum)
                  003ed48e    00000054                     : csmon.obj (.text:_CSMON_u32GetParameterShortNameCheckSum)
                  003ed4e2    00000054                     : hmlib.obj (.text:_HMLIB_vInit)
                  003ed536    00000054     rts2800_ml.lib : boot28.asm.obj (.text)
                  003ed58a    00000052     CSMON_C28xx.lib : csmon.obj (.text:_CSMON_vLoadRecorderConfigTrigger)
                  003ed5dc    00000051     F2806x_SysCtrl.obj (.text:_InitPll)
                  003ed62d    00000050     CSMON_C28xx.lib : csmon.obj (.text:_CSMON_eSetExternalRecorderUsage)
                  003ed67d    0000004f     device.obj (.text:_Device_CsmUnlock)
                  003ed6cc    0000004e     CSMON_C28xx.lib : hmrecparam.obj (.text:_HMRECPRM_StartRecParam)
                  003ed71a    0000004a                     : csmon.obj (.text:_CSMON_eSetRecorderTriggerAtPosition)
                  003ed764    0000004a                     : hmmodbus.obj (.text:_HMMODBUS_GetRegisterFunction)
                  003ed7ae    00000047                     : hmmodbus.obj (.text:_HMMODBUS_CopyToBuffer)
                  003ed7f5    00000047                     : hmscopeparam.obj (.text:_HMSCOPEPRM_SetUpScope)
                  003ed83c    00000043                     : hmscopeparam.obj (.text:_HMSCOPEPRM_ReadScope)
                  003ed87f    00000042                     : hmmodbus.obj (.text:_HMMODBUS_vSendResponse)
                  003ed8c1    00000042     interrupt.obj (.text:_Interrupt_enable)
                  003ed903    0000003f     CSMON_C28xx.lib : hmdrv.obj (.text:_HMDRV_CopyFromBufferInternal)
                  003ed942    0000003d                     : hmmodbus.obj (.text:_vSetStartSampleIndex)
                  003ed97f    0000003c     tmr_drv.obj (.text:_configCPUTimer)
                  003ed9bb    0000003b     CSMON_C28xx.lib : csmon.obj (.text:_CSMON_eSetRecorderConfigurationSkipSamples)
                  003ed9f6    0000003b     main.obj (.text:_ExternalParametersInitialization)
                  003eda31    0000003b     CSMON_C28xx.lib : hmscope.obj (.text:_HMSCOPE_SetUpScope)
                  003eda6c    00000038     device.obj (.text:_Device_init)
                  003edaa4    00000038     CSMON_C28xx.lib : uart_drv.obj (.text:_UART_ReadDataRx)
                  003edadc    00000037                     : csmon.obj (.text:_CSMON_u32GetRealAddressAndSizeOffsetFromParameter)
                  003edb13    00000036                     : hmscope.obj (.text:_HMSCOPE_ReadScope)
                  003edb49    00000036                     : hmserial.obj (.text:_HMSERIAL_vSendResponse)
                  003edb7f    00000035                     : hmdrv.obj (.text:_HMDRV_CopyToBufferInternal)
                  003edbb4    00000034                     : csmon.obj (.text:_CSMON_eSetParameterInRecorderAtPosition)
                  003edbe8    00000033                     : hmmodbus.obj (.text:_HMMODBUS_Listen)
                  003edc1b    00000032                     : csmon.obj (.text:_CSMON_eSetParameterInScopeAtPosition)
                  003edc4d    0000002e                     : csmon.obj (.text:_CSMON_vRecorderParamSetupProcess)
                  003edc7b    0000002e                     : hmserial.obj (.text:_HMSERIAL_vProcessSCIFreemasterOnly)
                  003edca9    0000002d                     : hmserial.obj (.text:_HMSERIAL_Listen)
                  003edcd6    0000002d                     : hmrecparam.obj (.text:_RecorderTimeFromLocalDateTime)
                  003edd03    0000002b                     : hmrecparam.obj (.text:_FillTimeData)
                  003edd2e    0000002a     rts2800_ml.lib : fd_cmp28.asm.obj (.text)
                  003edd58    00000029                    : exit.c.obj (.text)
                  003edd81    00000029                    : fs_tol28.asm.obj (.text)
                  003eddaa    00000028     CSMON_C28xx.lib : csmon.obj (.text:_CSMON_bAutorizationPasswordCheck)
                  003eddd2    00000028                     : csmon.obj (.text:_CSMON_vSetupHoldingRegistersAndCoilsAddressTableAccessAll)
                  003eddfa    00000027                     : csmon.obj (.text:_CSMON_u32GetParameterCheckSum)
                  003ede21    00000027                     : csmon.obj (.text:_CSMON_vSaveRecorderConfig)
                  003ede48    00000027                     : hmserial.obj (.text:_HMSERIAL_vProcessSCITXISR)
                  003ede6f    00000026                     : csmon.obj (.text:_CSMON_u32GetParameterAuxCheckSum)
                  003ede95    00000026                     : hmdrv.obj (.text:_HMDRV_CopyFromBufferInternalWithMaskModbus)
                  003edebb    00000025                     : hmserial.obj (.text:_HMSERIAL_Tx)
                  003edee0    00000025     rts2800_ml.lib : fs_toi28.asm.obj (.text)
                  003edf05    00000024     CSMON_C28xx.lib : csmon.obj (.text:_CSMON_vAutorizationReset)
                  003edf29    00000024                     : hmprotocol.obj (.text:_HMPROTOCOL_ReadMem)
                  003edf4d    00000024                     : hmrecparam.obj (.text:_RecorderDateFromLocalDateTime)
                  003edf71    00000024     sci_driver.obj (.text:_SCIA_DRV_RXFIFOISR)
                  003edf95    00000024     sci_driver.obj (.text:_SCIA_DRV_TXFIFOISR)
                  003edfb9    00000024     sci_drv.obj (.text:_SCIA_RXFIFOISR)
                  003edfdd    00000024     sci_drv.obj (.text:_SCIA_TXFIFOISR)
                  003ee001    00000024     sci_driver.obj (.text:_SCIB_DRV_RXFIFOISR)
                  003ee025    00000024     sci_driver.obj (.text:_SCIB_DRV_TXFIFOISR)
                  003ee049    00000024     sci_drv.obj (.text:_SCIB_RXFIFOISR)
                  003ee06d    00000024     sci_drv.obj (.text:_SCIB_TXFIFOISR)
                  003ee091    00000024     tmr_drv.obj (.text:_TMR_vInit)
                  003ee0b5    00000024     CSMON_C28xx.lib : hmmodbus.obj (.text:_vSetSampleCountAvailable)
                  003ee0d9    00000024     rts2800_ml.lib : cpy_tbl.c.obj (.text)
                  003ee0fd    00000023     CSMON_C28xx.lib : modbusreg.obj (.text:_MODBUSREG_FileRecorderElementSizeTableUsedSizeUpdateInit)
                  003ee120    00000023     rts2800_ml.lib : s_copysign.c.obj (.text)
                  003ee143    00000022                    : i_div28.asm.obj (.text)
                  003ee165    00000021     CSMON_C28xx.lib : hmdrv.obj (.text:_HMDRV_CopyFromBufferInternalWithMask)
                  003ee186    00000021     sci.obj (.text:_SCI_setConfig)
                  003ee1a7    00000021     rts2800_ml.lib : fd_tofs28.asm.obj (.text)
                  003ee1c8    00000021                    : fs_toul28.asm.obj (.text)
                  003ee1e9    00000020     CSMON_C28xx.lib : hmdrv.obj (.text:_HMDRV_vProcess)
                  003ee209    00000020     tmr_drv.obj (.text:_TMR_vInitCPUTimers)
                  003ee229    00000020     CSMON_C28xx.lib : hmmodbus.obj (.text:_vSetSampleCountBuffer)
                  003ee249    0000001f                     : csmon.obj (.text:_CSMON_u16FindIndexParameterTable)
                  003ee268    0000001f     F2806x_PieCtrl.obj (.text:_InitPieCtrl)
                  003ee287    0000001f     CSMON_C28xx.lib : hmmodbus.obj (.text:_vSetSampleSize)
                  003ee2a6    0000001f     rts2800_ml.lib : fd_tol28.asm.obj (.text)
                  003ee2c5    0000001e     CSMON_C28xx.lib : csmon.obj (.text:_CSMON_eApplyParameterChanges)
                  003ee2e3    0000001d                     : hmrecparam.obj (.text:_HMRECPRM_GetRecBuffFreemaster)
                  003ee300    0000001d                     : hmrec.obj (.text:_HMREC_GetRecBuffFreemaster)
                  003ee31d    0000001d     rts2800_ml.lib : fs_tou28.asm.obj (.text)
                  003ee33a    0000001d                    : memcpy.c.obj (.text)
                  003ee357    0000001c     main.obj (.text:_CSMON_vGetDateTime)
                  003ee373    0000001c     CSMON_C28xx.lib : csmon.obj (.text:_HMRECPRM_vGetDateTime)
                  003ee38f    0000001c     sci.obj (.text:_SCI_clearInterruptStatus)
                  003ee3ab    0000001c     CSMON_C28xx.lib : hmmodbus.obj (.text:_vSetIndexFileTable)
                  003ee3c7    0000001c     rts2800_ml.lib : fs_tofd28.asm.obj (.text)
                  003ee3e3    0000001c                    : l_tofd28.asm.obj (.text)
                  003ee3ff    0000001b     CSMON_C28xx.lib : csmon.obj (.text:_CSMON_eSetParameterCountInRecorder)
                  003ee41a    0000001b                     : csmon.obj (.text:_CSMON_vFileParameterCountCheckSumUpdate)
                  003ee435    0000001b     device.obj (.text:_Device_initGPIO)
                  003ee450    0000001b     CSMON_C28xx.lib : hmdrv.obj (.text:_HMDRV_AddressToBuffer)
                  003ee46b    0000001b                     : hmmodbus.obj (.text:_HMMODBUS_vInit)
                  003ee486    0000001b     rts2800_ml.lib : fd_toul28.asm.obj (.text)
                  003ee4a1    0000001a     CSMON_C28xx.lib : csmon.obj (.text:_CSMON_eSetParameterListRealAddress)
                  003ee4bb    0000001a                     : hmmodbus.obj (.text:_HMMODBUS_vProcessSCITXISR)
                  003ee4d5    0000001a                     : hmrecparam.obj (.text:_HMRECPRM_StartRec)
                  003ee4ef    0000001a                     : hmserial.obj (.text:_HMSERIAL_vProcessSCITXISRFreemasterOnly)
                  003ee509    0000001a     sci.obj (.text:_SCI_disableInterrupt)
                  003ee523    0000001a     sci.obj (.text:_SCI_enableInterrupt)
                  003ee53d    0000001a     rts2800_ml.lib : l_tofs28.asm.obj (.text)
                  003ee557    00000019     CSMON_C28xx.lib : hmdrv.obj (.text:_HMDRV_AddressFromBuffer)
                  003ee570    00000019                     : uart_drv.obj (.text:_UART_vInit)
                  003ee589    00000019                     : hmmodbus.obj (.text:_bGetFileReadAccess)
                  003ee5a2    00000019     rts2800_ml.lib : prolog28.asm.obj (.text)
                  003ee5bb    00000018     CSMON_C28xx.lib : csmon.obj (.text:_CSMON_u32GetFreeRunningTimerMicroseconds)
                  003ee5d3    00000018                     : hmlib.obj (.text:_HMLIB_vProcessSCITXISRWithIndex)
                  003ee5eb    00000018     F2806x_SysCtrl.obj (.text:_InitSysCtrl)
                  003ee603    00000018     rts2800_ml.lib : ll_aox28.asm.obj (.text)
                  003ee61b    00000017     CSMON_C28xx.lib : hmmodbus.obj (.text:_HMMODBUS_Tx)
                  003ee632    00000017                     : hmmodbus.obj (.text:_HMMODBUS_vProcessTxDelay)
                  003ee649    00000017                     : hmprotocol.obj (.text:_HMPROTOCOL_WriteMem)
                  003ee660    00000017                     : hmprotocol.obj (.text:_HMPROTOCOL_WriteMemMask)
                  003ee677    00000017                     : hmmodbus.obj (.text:_vSetBufferAddressStart)
                  003ee68e    00000017     rts2800_ml.lib : fs_cmp28.asm.obj (.text)
                  003ee6a5    00000017                    : u_tofd28.asm.obj (.text)
                  003ee6bc    00000016     CSMON_C28xx.lib : csmon.obj (.text:_CSMON_eSetParameterCountInScope)
                  003ee6d2    00000016                     : hmdrv.obj (.text:_HMDRV_AddressFromBufferBigEndian)
                  003ee6e8    00000015                     : csmon.obj (.text:_CSMON_eResetParameterTable)
                  003ee6fd    00000015                     : hmrecparam.obj (.text:_HMRECPRM_Comparefloat)
                  003ee712    00000015                     : hmrec.obj (.text:_HMREC_Comparefloat)
                  003ee727    00000015                     : hmrec.obj (.text:_HMREC_StartRec)
                  003ee73c    00000015     F2806x_Gpio.obj (.text:_InitGpio)
                  003ee751    00000014     CSMON_C28xx.lib : hmlib.obj (.text:_HMLIB_vProcessFastTD)
                  003ee765    00000014                     : hmmodbus.obj (.text:_HMMODBUS_DelayedTx)
                  003ee779    00000014                     : hmrecparam.obj (.text:_HMRECPRM_StopRecParam)
                  003ee78d    00000014                     : hmserial.obj (.text:_HMSERIAL_DelayedTx)
                  003ee7a1    00000013                     : csmon.obj (.text:_CSMON_eSetFlagProcessPassed)
                  003ee7b4    00000013     rts2800_ml.lib : ul_tofs28.asm.obj (.text)
                  003ee7c7    00000012     CSMON_C28xx.lib : hmdrv.obj (.text:_HMDRV_GetStringLengthFromWordInternal)
                  003ee7d9    00000012                     : hmmodbus.obj (.text:_HMMODBUS_vSetupRegisterDummy)
                  003ee7eb    00000012                     : hmrecparam.obj (.text:_HMRECPRM_CompareBOOL)
                  003ee7fd    00000012                     : modbusreg.obj (.text:_MODBUSREG_vFileDenyAccess)
                  003ee80f    00000012                     : modbusreg.obj (.text:_MODBUSREG_vInitHoldingRegistersTableChanges)
                  003ee821    00000012                     : uart_drv.obj (.text:_UART_TxIntDis)
                  003ee833    00000012                     : uart_drv.obj (.text:_UART_TxIntEna)
                  003ee845    00000011     main.obj (.text:_CSMON_vSetDateTime)
                  003ee856    00000011     CSMON_C28xx.lib : hmserial.obj (.text:_HMSERIAL_vInit)
                  003ee867    00000011     F2806x_PieVect.obj (.text:_InitPieVectTable)
                  003ee878    00000011     main.obj (.text:_vSetWatchdogPrescalerTimeDiv)
                  003ee889    00000011     rts2800_ml.lib : args_main.c.obj (.text)
                  003ee89a    00000010     device.obj (.text:_Example_MemCopy)
                  003ee8aa    00000010     CSMON_C28xx.lib : hmlib.obj (.text:_HMLIB_vInitRecParamBuff)
                  003ee8ba    00000010     F2806x_SysCtrl.obj (.text:_IntOsc1Sel)
                  003ee8ca    00000010     CSMON_C28xx.lib : hmmodbus.obj (.text:_bIsValidEndAddressInBuffer)
                  003ee8da    00000010                     : hmmodbus.obj (.text:_u32BytesMemoryToBytesModbus)
                  003ee8ea    00000010                     : hmmodbus.obj (.text:_u32BytesModbusToBytesMemory)
                  003ee8fa    00000010     main.obj (.text:_vGetWatchdogPrescaler)
                  003ee90a    00000010     rts2800_ml.lib : u_tofs28.asm.obj (.text)
                  003ee91a    0000000f     CSMON_C28xx.lib : hmlib.obj (.text:_HMLIB_vProcessRecorders)
                  003ee929    0000000f                     : hmmodbus.obj (.text:_HMMODBUS_CalcCRC)
                  003ee938    0000000f                     : uart_drv.obj (.text:_UART_IsTxEmpty)
                  003ee947    0000000e                     : hmdrv.obj (.text:_HMDRV_GetStringLengthInternal)
                  003ee955    0000000e                     : hmrecparam.obj (.text:_HMRECPRM_Compare16S)
                  003ee963    0000000e                     : hmrecparam.obj (.text:_HMRECPRM_Compare16U)
                  003ee971    0000000e                     : hmrecparam.obj (.text:_HMRECPRM_Compare32S)
                  003ee97f    0000000e                     : hmrecparam.obj (.text:_HMRECPRM_Compare32U)
                  003ee98d    0000000e                     : hmrecparam.obj (.text:_HMRECPRM_Compare8S)
                  003ee99b    0000000e                     : hmrecparam.obj (.text:_HMRECPRM_Compare8U)
                  003ee9a9    0000000e                     : hmrec.obj (.text:_HMREC_Compare16S)
                  003ee9b7    0000000e                     : hmrec.obj (.text:_HMREC_Compare16U)
                  003ee9c5    0000000e                     : hmrec.obj (.text:_HMREC_Compare32S)
                  003ee9d3    0000000e                     : hmrec.obj (.text:_HMREC_Compare32U)
                  003ee9e1    0000000e                     : hmrec.obj (.text:_HMREC_Compare8S)
                  003ee9ef    0000000e                     : hmrec.obj (.text:_HMREC_Compare8U)
                  003ee9fd    0000000e                     : hmmodbus.obj (.text:_u32FitAddressCircleBufferInside)
                  003eea0b    0000000e     rts2800_ml.lib : fd_sub28.asm.obj (.text)
                  003eea19    0000000d     CSMON_C28xx.lib : csmon.obj (.text:_CSMON_vInitHoldingRegistersTableChanges)
                  003eea26    0000000d                     : hmmodbus.obj (.text:_HMMODBUS_vSetupHoldingRegistersAddressTableInRam)
                  003eea33    0000000d                     : hmrecparam.obj (.text:_HMRECPRM_IsJustStopped)
                  003eea40    0000000d                     : hmrecparam.obj (.text:_HMRECPRM_StopRec)
                  003eea4d    0000000d                     : hmrec.obj (.text:_HMREC_StopRec)
                  003eea5a    0000000d                     : modbusreg.obj (.text:_MODBUSREG_vFileAllowAccess)
                  003eea67    0000000d     tmr_drv.obj (.text:_TIMER_vSetupTimerMainFunctionDelayCompare)
                  003eea74    0000000d     CSMON_C28xx.lib : uart_drv.obj (.text:_UART_ReadDataRxAvailable)
                  003eea81    0000000c                     : hmlib.obj (.text:_HMLIB_vProcess)
                  003eea8d    0000000c                     : hmrecparam.obj (.text:_HMRECPRM_GetBufferRecParamPtrAddress)
                  003eea99    0000000c                     : hmrecparam.obj (.text:_HMRECPRM_TriggerRec)
                  003eeaa5    0000000c                     : hmmodbus.obj (.text:_u32FixAddressCircleBufferOverflow)
                  003eeab1    0000000c     rts2800_ml.lib : epilog28.asm.obj (.text)
                  003eeabd    0000000b     CSMON_C28xx.lib : hmmodbus.obj (.text:_HMMODBUS_vProcessFastTD)
                  003eeac8    0000000b                     : hmrecparam.obj (.text:_HMRECPRM_IsRunning)
                  003eead3    0000000b                     : hmrecparam.obj (.text:_HMRECPRM_vResetAllStopDetections)
                  003eeade    0000000b                     : hmserial.obj (.text:_HMSERIAL_vProcessFastTD)
                  003eeae9    0000000b                     : modbusreg.obj (.text:_MODBUSREG_vDataZero)
                  003eeaf4    0000000b     sci_driver.obj (.text:_SCI_DRV_eGetModuleIndexFromBase)
                  003eeaff    0000000b     sci_drv.obj (.text:_SCI_eGetModuleIndexFromBase)
                  003eeb0a    0000000b     CSMON_C28xx.lib : uart_drv.obj (.text:_UART_TxDis)
                  003eeb15    0000000b                     : uart_drv.obj (.text:_UART_TxEna)
                  003eeb20    0000000b                     : hmmodbus.obj (.text:_bIsValidIndexFileTable)
                  003eeb2b    0000000b     rts2800_ml.lib : u_div28.asm.obj (.text)
                  003eeb36    0000000a     CSMON_C28xx.lib : hmrecparam.obj (.text:_HMRECPRM_ClrLastStopDetectionToRecorderStopSamplesCounter)
                  003eeb40    0000000a                     : hmrecparam.obj (.text:_HMRECPRM_GetRecStatus)
                  003eeb4a    0000000a                     : hmrec.obj (.text:_HMREC_GetRecStatus)
                  003eeb54    00000009                     : csmon.obj (.text:_CSMON_eSetServerOnStatus)
                  003eeb5d    00000009                     : hmmodbus.obj (.text:_HMMODBUS_vProcessFreeTimer)
                  003eeb66    00000009                     : hmmodbus.obj (.text:_HMMODBUS_vProcessRxDelay)
                  003eeb6f    00000009                     : hmrecparam.obj (.text:_HMRECPRM_GetExternBufferRecParamLastPointedAddress)
                  003eeb78    00000009                     : hmrecparam.obj (.text:_HMRECPRM_GetExternBufferRecParamPtrAddress)
                  003eeb81    00000009                     : hmrecparam.obj (.text:_HMRECPRM_vDisableAllStopDetections)
                  003eeb8a    00000009                     : hmrec.obj (.text:_HMREC_TriggerRec)
                  003eeb93    00000009                     : hmscopeparam.obj (.text:_HMSCOPEPRM_GetBufferScopeParamAddress)
                  003eeb9c    00000009                     : hmserial.obj (.text:_HMSERIAL_vProcessFreeTimer)
                  003eeba5    00000009     tmr_drv.obj (.text:_TIMER_vResetTimerMainFunctionDelayCounter)
                  003eebae    00000009     tmr_drv.obj (.text:_TIMER_vSetupTimerMainDelayedFunctionSendData)
                  003eebb7    00000009     CSMON_C28xx.lib : uart_drv.obj (.text:_UART_PutChar)
                  003eebc0    00000009                     : uart_drv.obj (.text:_UART_ReadDataRxTimeDiff)
                  003eebc9    00000009     rts2800_ml.lib : _lock.c.obj (.text)
                  003eebd2    00000009                    : fd_neg28.asm.obj (.text)
                  003eebdb    00000008     Example_Flash2806x_CsmKeys.obj (.text)
                  003eebe3    00000008     F2806x_CodeStartBranch.obj (.text)
                  003eebeb    00000008     CSMON_C28xx.lib : csmon.obj (.text:_CSMON_vInitScopes)
                  003eebf3    00000008     F2806x_SysCtrl.obj (.text:_DisableDog)
                  003eebfb    00000008     CSMON_C28xx.lib : hmdrv.obj (.text:_HMDRV_CopyFromBufferWithMaskModbus)
                  003eec03    00000008                     : hmmodbus.obj (.text:_HMMODBUS_vSetupHoldingRegistersRealAddressTable)
                  003eec0b    00000008                     : hmrecparam.obj (.text:_HMRECPRM_GetExternRecParamAddress)
                  003eec13    00000008                     : hmrecparam.obj (.text:_HMRECPRM_GetExternRecParamPtrMaximumUsedSampleCount)
                  003eec1b    00000008                     : hmrecparam.obj (.text:_HMRECPRM_GetExternRecParamPtrSampleSize)
                  003eec23    00000008                     : hmrecparam.obj (.text:_HMRECPRM_GetRecParamPtrAvailableSampleCount)
                  003eec2b    00000008                     : hmrecparam.obj (.text:_HMRECPRM_GetRecParamPtrLastSampleIndex)
                  003eec33    00000008                     : hmrecparam.obj (.text:_HMRECPRM_GetRecParamPtrMaximumUsedSampleCount)
                  003eec3b    00000008                     : hmrecparam.obj (.text:_HMRECPRM_GetRecParamPtrSampleSize)
                  003eec43    00000008                     : hmrecparam.obj (.text:_HMRECPRM_GetStatusInternalRecParamAddress)
                  003eec4b    00000008                     : hmrecparam.obj (.text:_HMRECPRM_GetStatusRecParamAddress)
                  003eec53    00000008                     : hmrecparam.obj (.text:_HMRECPRM_vInit)
                  003eec5b    00000008                     : hmrec.obj (.text:_HMREC_vInit)
                  003eec63    00000008                     : modbusreg.obj (.text:_MODBUSREG_vInitHoldingRegistersTableChangesExternalList)
                  003eec6b    00000007     F2806x_DisInt.obj (.text)
                  003eec72    00000007     CSMON_C28xx.lib : hmlib.obj (.text:_HMLIB_vProcessDifferentPorts)
                  003eec79    00000007                     : hmscopeparam.obj (.text:_HMSCOPEPRM_GetStatusScopeParamAddress)
                  003eec80    00000007     sci_driver.obj (.text:_SCI_DRV_u32GetBaseFromModuleIndex)
                  003eec87    00000007     sci_drv.obj (.text:_SCI_u32GetBaseFromModuleIndex)
                  003eec8e    00000006     cputimer.obj (.text:_CPUTimer_setEmulationMode)
                  003eec94    00000006     CSMON_C28xx.lib : hmmodbus.obj (.text:_HMMODBUS_vSetupHoldingRegistersAddressTable)
                  003eec9a    00000006                     : hmrecparam.obj (.text:_HMRECPRM_SetUpRecBuff)
                  003eeca0    00000006                     : hmrec.obj (.text:_HMREC_SetUpRecBuff)
                  003eeca6    00000006     tmr_drv.obj (.text:_TIMER_u16ResetTimerMainPeriod)
                  003eecac    00000006     uart_driver.obj (.text:_UART_DRV_GetChar)
                  003eecb2    00000006     CSMON_C28xx.lib : uart_drv.obj (.text:_UART_GetChar)
                  003eecb8    00000005     F2806x_DefaultIsr.obj (.text:_ADCINT1_ISR)
                  003eecbd    00000005     F2806x_DefaultIsr.obj (.text:_ADCINT2_ISR)
                  003eecc2    00000005     F2806x_DefaultIsr.obj (.text:_ADCINT3_ISR)
                  003eecc7    00000005     F2806x_DefaultIsr.obj (.text:_ADCINT4_ISR)
                  003eeccc    00000005     F2806x_DefaultIsr.obj (.text:_ADCINT5_ISR)
                  003eecd1    00000005     F2806x_DefaultIsr.obj (.text:_ADCINT6_ISR)
                  003eecd6    00000005     F2806x_DefaultIsr.obj (.text:_ADCINT7_ISR)
                  003eecdb    00000005     F2806x_DefaultIsr.obj (.text:_ADCINT8_ISR)
                  003eece0    00000005     F2806x_DefaultIsr.obj (.text:_ADCINT9_ISR)
                  003eece5    00000005     F2806x_DefaultIsr.obj (.text:_CLA1_INT1_ISR)
                  003eecea    00000005     F2806x_DefaultIsr.obj (.text:_CLA1_INT2_ISR)
                  003eecef    00000005     F2806x_DefaultIsr.obj (.text:_CLA1_INT3_ISR)
                  003eecf4    00000005     F2806x_DefaultIsr.obj (.text:_CLA1_INT4_ISR)
                  003eecf9    00000005     F2806x_DefaultIsr.obj (.text:_CLA1_INT5_ISR)
                  003eecfe    00000005     F2806x_DefaultIsr.obj (.text:_CLA1_INT6_ISR)
                  003eed03    00000005     F2806x_DefaultIsr.obj (.text:_CLA1_INT7_ISR)
                  003eed08    00000005     F2806x_DefaultIsr.obj (.text:_CLA1_INT8_ISR)
                  003eed0d    00000005     CSMON_C28xx.lib : csmon.obj (.text:_CSMON_eSetAutoServiceWatchdogInternalSlowCalculationsInMainLoop)
                  003eed12    00000005                     : csmon.obj (.text:_CSMON_eSetFirmwareApplicationVersion)
                  003eed17    00000005                     : csmon.obj (.text:_CSMON_eSetMaxTimeInISR)
                  003eed1c    00000005                     : csmon.obj (.text:_CSMON_eSetMinGuaranteedTimeBetweenTwoISRs)
                  003eed21    00000005                     : csmon.obj (.text:_CSMON_u16ParametersAccessListIndexGenerate)
                  003eed26    00000005                     : csmon.obj (.text:_CSMON_u32GetFreeRunningTimerTicks)
                  003eed2b    00000005                     : csmon.obj (.text:_CSMON_vSetDateTimeRequest)
                  003eed30    00000005     F2806x_DefaultIsr.obj (.text:_DATALOG_ISR)
                  003eed35    00000005     F2806x_DefaultIsr.obj (.text:_DINTCH1_ISR)
                  003eed3a    00000005     F2806x_DefaultIsr.obj (.text:_DINTCH2_ISR)
                  003eed3f    00000005     F2806x_DefaultIsr.obj (.text:_DINTCH3_ISR)
                  003eed44    00000005     F2806x_DefaultIsr.obj (.text:_DINTCH4_ISR)
                  003eed49    00000005     F2806x_DefaultIsr.obj (.text:_DINTCH5_ISR)
                  003eed4e    00000005     F2806x_DefaultIsr.obj (.text:_DINTCH6_ISR)
                  003eed53    00000005     F2806x_DefaultIsr.obj (.text:_ECAN0INTA_ISR)
                  003eed58    00000005     F2806x_DefaultIsr.obj (.text:_ECAN1INTA_ISR)
                  003eed5d    00000005     F2806x_DefaultIsr.obj (.text:_ECAP1_INT_ISR)
                  003eed62    00000005     F2806x_DefaultIsr.obj (.text:_ECAP2_INT_ISR)
                  003eed67    00000005     F2806x_DefaultIsr.obj (.text:_ECAP3_INT_ISR)
                  003eed6c    00000005     F2806x_DefaultIsr.obj (.text:_EMPTY_ISR)
                  003eed71    00000005     F2806x_DefaultIsr.obj (.text:_EMUINT_ISR)
                  003eed76    00000005     F2806x_DefaultIsr.obj (.text:_EPWM1_INT_ISR)
                  003eed7b    00000005     F2806x_DefaultIsr.obj (.text:_EPWM1_TZINT_ISR)
                  003eed80    00000005     F2806x_DefaultIsr.obj (.text:_EPWM2_INT_ISR)
                  003eed85    00000005     F2806x_DefaultIsr.obj (.text:_EPWM2_TZINT_ISR)
                  003eed8a    00000005     F2806x_DefaultIsr.obj (.text:_EPWM3_INT_ISR)
                  003eed8f    00000005     F2806x_DefaultIsr.obj (.text:_EPWM3_TZINT_ISR)
                  003eed94    00000005     F2806x_DefaultIsr.obj (.text:_EPWM4_INT_ISR)
                  003eed99    00000005     F2806x_DefaultIsr.obj (.text:_EPWM4_TZINT_ISR)
                  003eed9e    00000005     F2806x_DefaultIsr.obj (.text:_EPWM5_INT_ISR)
                  003eeda3    00000005     F2806x_DefaultIsr.obj (.text:_EPWM5_TZINT_ISR)
                  003eeda8    00000005     F2806x_DefaultIsr.obj (.text:_EPWM6_INT_ISR)
                  003eedad    00000005     F2806x_DefaultIsr.obj (.text:_EPWM6_TZINT_ISR)
                  003eedb2    00000005     F2806x_DefaultIsr.obj (.text:_EPWM7_INT_ISR)
                  003eedb7    00000005     F2806x_DefaultIsr.obj (.text:_EPWM7_TZINT_ISR)
                  003eedbc    00000005     F2806x_DefaultIsr.obj (.text:_EPWM8_INT_ISR)
                  003eedc1    00000005     F2806x_DefaultIsr.obj (.text:_EPWM8_TZINT_ISR)
                  003eedc6    00000005     F2806x_DefaultIsr.obj (.text:_EQEP1_INT_ISR)
                  003eedcb    00000005     F2806x_DefaultIsr.obj (.text:_EQEP2_INT_ISR)
                  003eedd0    00000005     CSMON_C28xx.lib : hmlib.obj (.text:_HMLIB_vProcessSamePort)
                  003eedd5    00000005                     : hmlib.obj (.text:_HMLIB_vRecorder0)
                  003eedda    00000005                     : hmlib.obj (.text:_HMLIB_vRecorder1)
                  003eeddf    00000005                     : hmlib.obj (.text:_HMLIB_vRecorder2)
                  003eede4    00000005                     : hmmodbus.obj (.text:_HMMODBUS_bGetReceivedMessage)
                  003eede9    00000005                     : hmmodbus.obj (.text:_HMMODBUS_vFileTable)
                  003eedee    00000005     F2806x_DefaultIsr.obj (.text:_HRCAP1_INT_ISR)
                  003eedf3    00000005     F2806x_DefaultIsr.obj (.text:_HRCAP2_INT_ISR)
                  003eedf8    00000005     F2806x_DefaultIsr.obj (.text:_HRCAP3_INT_ISR)
                  003eedfd    00000005     F2806x_DefaultIsr.obj (.text:_HRCAP4_INT_ISR)
                  003eee02    00000005     F2806x_DefaultIsr.obj (.text:_I2CINT1A_ISR)
                  003eee07    00000005     F2806x_DefaultIsr.obj (.text:_I2CINT2A_ISR)
                  003eee0c    00000005     F2806x_DefaultIsr.obj (.text:_ILLEGAL_ISR)
                  003eee11    00000005     F2806x_DefaultIsr.obj (.text:_INT13_ISR)
                  003eee16    00000005     F2806x_DefaultIsr.obj (.text:_INT14_ISR)
                  003eee1b    00000005     interrupt.obj (.text:_IntDefaultHandler)
                  003eee20    00000005     F2806x_DefaultIsr.obj (.text:_LUF_ISR)
                  003eee25    00000005     F2806x_DefaultIsr.obj (.text:_LVF_ISR)
                  003eee2a    00000005     CSMON_C28xx.lib : modbusreg.obj (.text:_MODBUSREG_vSetTableRealAddressInRam)
                  003eee2f    00000005     F2806x_DefaultIsr.obj (.text:_MRINTA_ISR)
                  003eee34    00000005     F2806x_DefaultIsr.obj (.text:_MXINTA_ISR)
                  003eee39    00000005     F2806x_DefaultIsr.obj (.text:_NMI_ISR)
                  003eee3e    00000005     F2806x_DefaultIsr.obj (.text:_PIE_RESERVED)
                  003eee43    00000005     F2806x_DefaultIsr.obj (.text:_RTOSINT_ISR)
                  003eee48    00000005     F2806x_DefaultIsr.obj (.text:_SCIRXINTA_ISR)
                  003eee4d    00000005     F2806x_DefaultIsr.obj (.text:_SCIRXINTB_ISR)
                  003eee52    00000005     F2806x_DefaultIsr.obj (.text:_SCITXINTA_ISR)
                  003eee57    00000005     F2806x_DefaultIsr.obj (.text:_SCITXINTB_ISR)
                  003eee5c    00000005     F2806x_DefaultIsr.obj (.text:_SPIRXINTA_ISR)
                  003eee61    00000005     F2806x_DefaultIsr.obj (.text:_SPIRXINTB_ISR)
                  003eee66    00000005     F2806x_DefaultIsr.obj (.text:_SPITXINTA_ISR)
                  003eee6b    00000005     F2806x_DefaultIsr.obj (.text:_SPITXINTB_ISR)
                  003eee70    00000005     tmr_drv.obj (.text:_TIMER_vSetupTimerMainDelayedData)
                  003eee75    00000005     F2806x_DefaultIsr.obj (.text:_TINT0_ISR)
                  003eee7a    00000005     F2806x_DefaultIsr.obj (.text:_USB0_INT_ISR)
                  003eee7f    00000005     F2806x_DefaultIsr.obj (.text:_USER10_ISR)
                  003eee84    00000005     F2806x_DefaultIsr.obj (.text:_USER11_ISR)
                  003eee89    00000005     F2806x_DefaultIsr.obj (.text:_USER12_ISR)
                  003eee8e    00000005     F2806x_DefaultIsr.obj (.text:_USER1_ISR)
                  003eee93    00000005     F2806x_DefaultIsr.obj (.text:_USER2_ISR)
                  003eee98    00000005     F2806x_DefaultIsr.obj (.text:_USER3_ISR)
                  003eee9d    00000005     F2806x_DefaultIsr.obj (.text:_USER4_ISR)
                  003eeea2    00000005     F2806x_DefaultIsr.obj (.text:_USER5_ISR)
                  003eeea7    00000005     F2806x_DefaultIsr.obj (.text:_USER6_ISR)
                  003eeeac    00000005     F2806x_DefaultIsr.obj (.text:_USER7_ISR)
                  003eeeb1    00000005     F2806x_DefaultIsr.obj (.text:_USER8_ISR)
                  003eeeb6    00000005     F2806x_DefaultIsr.obj (.text:_USER9_ISR)
                  003eeebb    00000005     F2806x_DefaultIsr.obj (.text:_WAKEINT_ISR)
                  003eeec0    00000005     F2806x_DefaultIsr.obj (.text:_XINT1_ISR)
                  003eeec5    00000005     F2806x_DefaultIsr.obj (.text:_XINT2_ISR)
                  003eeeca    00000005     F2806x_DefaultIsr.obj (.text:_XINT3_ISR)
                  003eeecf    00000005     F2806x_DefaultIsr.obj (.text:_rsvd_ISR)
                  003eeed4    00000005     rts2800_ml.lib : fs_neg28.asm.obj (.text)
                  003eeed9    00000004     CSMON_C28xx.lib : csmon.obj (.text:_CSMON_eRegisterWriteParElementCallbackFunction)
                  003eeedd    00000004                     : csmon.obj (.text:_CSMON_eSetInternalTimerPeriod)
                  003eeee1    00000004                     : csmon.obj (.text:_CSMON_eSetTimerPeriodISRFunctionRegister)
                  003eeee5    00000004                     : csmon.obj (.text:_CSMON_u32GetBaudError_PPM)
                  003eeee9    00000004                     : csmon.obj (.text:_CSMON_vAddSetupRecorderParameterMask)
                  003eeeed    00000004                     : csmon.obj (.text:_CSMON_vSetStartRecorderParameterMask)
                  003eeef1    00000004                     : hmdrv.obj (.text:_HMDRV_SetExAddr)
                  003eeef5    00000004                     : hmdrv.obj (.text:_HMDRV_u32GetDeviceSYSCLKFreq)
                  003eeef9    00000004                     : hmdrv.obj (.text:_HMDRV_u32GetSCIErrorPPM)
                  003eeefd    00000004                     : hmlib.obj (.text:_HMLIB_vRecorderParam0)
                  003eef01    00000004                     : hmlib.obj (.text:_HMLIB_vRecorderParam1)
                  003eef05    00000004                     : hmlib.obj (.text:_HMLIB_vRecorderParam2)
                  003eef09    00000004                     : hmmodbus.obj (.text:_HMMODBUS_u32GetAddressMessageCounterThisDevice)
                  003eef0d    00000004                     : hmmodbus.obj (.text:_HMMODBUS_vSetAddressMessageCounterThisDevice)
                  003eef11    00000004                     : hmmodbus.obj (.text:_HMMODBUS_vSetDeviceIDMajorMinorRevision)
                  003eef15    00000004                     : hmmodbus.obj (.text:_HMMODBUS_vSetDeviceIDMajorMinorRevisionLength)
                  003eef19    00000004                     : hmmodbus.obj (.text:_HMMODBUS_vSetDeviceIDModelName)
                  003eef1d    00000004                     : hmmodbus.obj (.text:_HMMODBUS_vSetDeviceIDModelNameLength)
                  003eef21    00000004                     : hmmodbus.obj (.text:_HMMODBUS_vSetDeviceIDProductCode)
                  003eef25    00000004                     : hmmodbus.obj (.text:_HMMODBUS_vSetDeviceIDProductCodeLength)
                  003eef29    00000004                     : hmmodbus.obj (.text:_HMMODBUS_vSetDeviceIDProductName)
                  003eef2d    00000004                     : hmmodbus.obj (.text:_HMMODBUS_vSetDeviceIDProductNameLength)
                  003eef31    00000004                     : hmmodbus.obj (.text:_HMMODBUS_vSetDeviceIDUserApplicationName)
                  003eef35    00000004                     : hmmodbus.obj (.text:_HMMODBUS_vSetDeviceIDUserApplicationNameLength)
                  003eef39    00000004                     : hmmodbus.obj (.text:_HMMODBUS_vSetDeviceIDUserReserve0)
                  003eef3d    00000004                     : hmmodbus.obj (.text:_HMMODBUS_vSetDeviceIDUserReserve0Length)
                  003eef41    00000004                     : hmmodbus.obj (.text:_HMMODBUS_vSetDeviceIDUserReserve1)
                  003eef45    00000004                     : hmmodbus.obj (.text:_HMMODBUS_vSetDeviceIDUserReserve1Length)
                  003eef49    00000004                     : hmmodbus.obj (.text:_HMMODBUS_vSetDeviceIDUserReserve2)
                  003eef4d    00000004                     : hmmodbus.obj (.text:_HMMODBUS_vSetDeviceIDUserReserve2Length)
                  003eef51    00000004                     : hmmodbus.obj (.text:_HMMODBUS_vSetDeviceIDVendorName)
                  003eef55    00000004                     : hmmodbus.obj (.text:_HMMODBUS_vSetDeviceIDVendorNameLength)
                  003eef59    00000004                     : hmmodbus.obj (.text:_HMMODBUS_vSetDeviceIDVendorUrl)
                  003eef5d    00000004                     : hmmodbus.obj (.text:_HMMODBUS_vSetDeviceIDVendorUrlLength)
                  003eef61    00000004                     : hmmodbus.obj (.text:_HMMODBUS_vSetServerIDDataAddress)
                  003eef65    00000004                     : hmmodbus.obj (.text:_HMMODBUS_vSetServerIDLength)
                  003eef69    00000004                     : hmmodbus.obj (.text:_HMMODBUS_vSetServerIDNumber)
                  003eef6d    00000004                     : hmmodbus.obj (.text:_HMMODBUS_vSetServerOnStatus)
                  003eef71    00000004                     : hmmodbus.obj (.text:_HMMODBUS_vSetupWriteParElementCallbackFunction)
                  003eef75    00000004     interrupt.obj (.text:_IntMasterDisable)
                  003eef79    00000004     interrupt.obj (.text:_IntMasterEnable)
                  003eef7d    00000004     CSMON_C28xx.lib : modbusreg.obj (.text:_MODBUSREG_u16GetHoldRegFillCount)
                  003eef81    00000004                     : modbusreg.obj (.text:_MODBUSREG_u16GetHoldRegUsedCount)
                  003eef85    00000004                     : modbusreg.obj (.text:_MODBUSREG_u32GetRegisterAccessTableInRam)
                  003eef89    00000004                     : modbusreg.obj (.text:_MODBUSREG_u32GetRegisterAddressTable)
                  003eef8d    00000004                     : modbusreg.obj (.text:_MODBUSREG_u32GetRegisterAddressTableInRam)
                  003eef91    00000004                     : modbusreg.obj (.text:_MODBUSREG_vSetFileAutorization_FunctionAfterWriteFileRecordTable)
                  003eef95    00000004                     : modbusreg.obj (.text:_MODBUSREG_vSetFileParamCount_FunctionBeforeReadFileRecord)
                  003eef99    00000004                     : modbusreg.obj (.text:_MODBUSREG_vSetFileRTC_FunctionAfterReadFileRecord)
                  003eef9d    00000004                     : modbusreg.obj (.text:_MODBUSREG_vSetFileRTC_FunctionAfterWriteFileRecord)
                  003eefa1    00000004                     : modbusreg.obj (.text:_MODBUSREG_vSetFileRecConfig_FunctionAfterWriteFileRecord)
                  003eefa5    00000004                     : modbusreg.obj (.text:_MODBUSREG_vSetFileRecStatus_FunctionIndexGenerationFileRecord)
                  003eefa9    00000004                     : modbusreg.obj (.text:_MODBUSREG_vSetHoldRegFillCount)
                  003eefad    00000004                     : modbusreg.obj (.text:_MODBUSREG_vSetModbusParamCount)
                  003eefb1    00000004                     : modbusreg.obj (.text:_MODBUSREG_vSetParamAuxAddress)
                  003eefb5    00000004                     : modbusreg.obj (.text:_MODBUSREG_vSetParamCount)
                  003eefb9    00000004                     : modbusreg.obj (.text:_MODBUSREG_vSetParamListAddress)
                  003eefbd    00000004                     : modbusreg.obj (.text:_MODBUSREG_vSetParamNameAddress)
                  003eefc1    00000004                     : modbusreg.obj (.text:_MODBUSREG_vSetParamNumbAddress)
                  003eefc5    00000004                     : modbusreg.obj (.text:_MODBUSREG_vSetParamRecorderConfigAddress)
                  003eefc9    00000004                     : modbusreg.obj (.text:_MODBUSREG_vSetParamReservedAddress)
                  003eefcd    00000004                     : modbusreg.obj (.text:_MODBUSREG_vSetParamScopeConfigAddress)
                  003eefd1    00000004                     : modbusreg.obj (.text:_MODBUSREG_vSetParamStringAddress)
                  003eefd5    00000004     tmr_drv.obj (.text:_TIMER_vGetTimerMainRollingCounter)
                  003eefd9    00000004     tmr_drv.obj (.text:_TIMER_vSetupTimerMainCSMONFunction)
                  003eefdd    00000004     tmr_drv.obj (.text:_TMR_u16GetFreeRunTimerPrescaller)
                  003eefe1    00000004     CSMON_C28xx.lib : hmmodbus.obj (.text:_bGetElementsDifference)
                  003eefe5    00000004                     : hmmodbus.obj (.text:_u16GetIndexFileTable)
                  003eefe9    00000004                     : hmmodbus.obj (.text:_u32GetBufferAddressStart)
                  003eefed    00000004                     : hmmodbus.obj (.text:_u32GetBufferSize)
                  003eeff1    00000004                     : hmmodbus.obj (.text:_u32GetSampleCountAvailable)
                  003eeff5    00000004                     : hmmodbus.obj (.text:_u32GetSampleCountBuffer)
                  003eeff9    00000004                     : hmmodbus.obj (.text:_u32GetStartSampleIndex)
                  003eeffd    00000004                     : hmmodbus.obj (.text:_u8GetSampleSize)
                  003ef001    00000004                     : hmmodbus.obj (.text:_vSetBufferSize)
                  003ef005    00000003     F2806x_DBGIER.obj (.text)
                  003ef008    00000003     CSMON_C28xx.lib : csmon.obj (.text:_CSMON_u32GetModbusMessageCounterRegisterRealAddress)
                  003ef00b    00000003                     : csmon.obj (.text:_CSMON_vSetModbusMessageCounterRegisterRealAddress)
                  003ef00e    00000003                     : hmlib.obj (.text:_HMLIB_vRecorderParamTimeSync)
                  003ef011    00000003                     : hmrecparam.obj (.text:_HMRECPRM_GetTimeBase)
                  003ef014    00000003                     : modbusreg.obj (.text:_MODBUSREG_u32GetAddressMessageCounterThisDevice)
                  003ef017    00000003                     : modbusreg.obj (.text:_MODBUSREG_vSetAddressMessageCounterThisDevice)
                  003ef01a    00000003                     : uart_drv.obj (.text:_UART_TXInterrupt)
                  003ef01d    00000002                     : csmon.obj (.text:_CSMON_eSetParameterListCntBitEleSz)
                  003ef01f    00000002                     : csmon.obj (.text:_CSMON_eSetParameterListDataDefault)
                  003ef021    00000002                     : csmon.obj (.text:_CSMON_eSetParameterListDataMaximum)
                  003ef023    00000002                     : csmon.obj (.text:_CSMON_eSetParameterListDataMinimum)
                  003ef025    00000002                     : csmon.obj (.text:_CSMON_eSetParameterListParamAttrib)
                  003ef027    00000002                     : csmon.obj (.text:_CSMON_eSetParameterListParameterID)
                  003ef029    00000002                     : csmon.obj (.text:_CSMON_eSetParameterListShortNaming)
                  003ef02b    00000002                     : csmon.obj (.text:_CSMON_eSetParameterListStBitEleCnt)
                  003ef02d    00000002                     : csmon.obj (.text:_CSMON_eSetParameterListStringUnits)
                  003ef02f    00000002                     : csmon.obj (.text:_CSMON_eSetParameterListValueFormat)
                  003ef031    00000002                     : hmrecparam.obj (.text:_HMRECPRM_AbortRec)
                  003ef033    00000002                     : hmrecparam.obj (.text:_HMRECPRM_GetRecBuffSize)
                  003ef035    00000002                     : hmrec.obj (.text:_HMREC_AbortRec)
                  003ef037    00000002                     : hmrec.obj (.text:_HMREC_GetRecBuffSize)
                  003ef039    00000002     main.obj (.text:_eWriteParElement)
                  003ef03b    00000002     rts2800_ml.lib : pre_init.c.obj (.text)
                  003ef03d    00000001     CSMON_C28xx.lib : hmprotocol.obj (.text:_HMPROTOCOL_vInit)
                  003ef03e    00000001     uart_driver.obj (.text:_UART_DRV_TXInterrupt)
                  003ef03f    00000001     rts2800_ml.lib : startup.c.obj (.text)

ramfuncs   0    003ef040    00000029     RUN ADDR = 00008000
                  003ef040    0000001d     F2806x_SysCtrl.obj (ramfuncs:_InitFlash)
                  003ef05d    00000008     device.obj (ramfuncs:_MyCallbackFunction)
                  003ef065    00000004     F2806x_usDelay.obj (ramfuncs)

csm_rsvd   0    003f7f80    00000076     
                  003f7f80    00000076     F2806x_CSMPasswords.obj (csm_rsvd)

codestart 
*          0    003f7ff6    00000002     
                  003f7ff6    00000002     F2806x_CodeStartBranch.obj (codestart)

csmpasswds 
*          0    003f7ff8    00000008     
                  003f7ff8    00000008     F2806x_CSMPasswords.obj (csmpasswds)

.stack     1    00000050    00000380     UNINITIALIZED
                  00000050    00000380     --HOLE--

.econst    0    003ef06a    00001919     
                  003ef06a    00001400     main.obj (.econst:_asParameterList)
                  003f046a    00000100     CSMON_C28xx.lib : hmmodbus.obj (.econst:.string:_auchCRCHi)
                  003f056a    00000100                     : hmmodbus.obj (.econst:.string:_auchCRCLo)
                  003f066a    00000100     F2806x_PieVect.obj (.econst:_PieVectTableInit)
                  003f076a    00000084     rts2800_ml.lib : k_rem_pio2.c.obj (.econst:_ipio2)
                  003f07ee    00000050     CSMON_C28xx.lib : csmon.obj (.econst:_CSMON_asAccessLevelPasswords)
                  003f083e    0000002c     rts2800_ml.lib : k_rem_pio2.c.obj (.econst)
                  003f086a    00000028                    : k_cosf.c.obj (.econst)
                  003f0892    00000020                    : k_rem_pio2.c.obj (.econst:_PIo2)
                  003f08b2    00000020                    : k_sinf.c.obj (.econst)
                  003f08d2    0000001c                    : e_rem_pio2f.c.obj (.econst)
                  003f08ee    0000001c                    : s_scalbn.c.obj (.econst)
                  003f090a    00000018     CSMON_C28xx.lib : csmon.obj (.econst:_$P$T45$2)
                  003f0922    00000018     rts2800_ml.lib : s_sinf.c.obj (.econst)
                  003f093a    00000014     CSMON_C28xx.lib : csmon.obj (.econst:_CSMON_au8FileImplementedFunctionCodes)
                  003f094e    00000010     main.obj (.econst)
                  003f095e    0000000c     CSMON_C28xx.lib : hmprotocol.obj (.econst:.string)
                  003f096a    0000000c     rts2800_ml.lib : s_floor.c.obj (.econst)
                  003f0976    00000006     CSMON_C28xx.lib : csmon.obj (.econst:_$P$T44$1)
                  003f097c    00000004     rts2800_ml.lib : k_rem_pio2.c.obj (.econst:_init_jk)
                  003f0980    00000003     CSMON_C28xx.lib : csmon.obj (.econst:_CSMON_au8FileParameterListElementsCountInPartTable)

.switch    0    003f11a0    00000020     
                  003f11a0    00000020     CSMON_C28xx.lib : csmon.obj (.switch:_CSMON_eSetParameter)

.reset     0    003fffc0    00000002     DSECT
                  003fffc0    00000002     rts2800_ml.lib : boot28.asm.obj (.reset)

vectors    0    003fffc2    00000000     DSECT

DevEmuRegsFile 
*          1    00000880    00000004     UNINITIALIZED
                  00000880    00000004     F2806x_GlobalVariableDefs.obj (DevEmuRegsFile)

SysPwrCtrlRegsFile 
*          1    00000985    00000003     UNINITIALIZED
                  00000985    00000003     F2806x_GlobalVariableDefs.obj (SysPwrCtrlRegsFile)

FlashRegsFile 
*          1    00000a80    00000008     UNINITIALIZED
                  00000a80    00000008     F2806x_GlobalVariableDefs.obj (FlashRegsFile)

CsmRegsFile 
*          1    00000ae0    00000010     UNINITIALIZED
                  00000ae0    00000010     F2806x_GlobalVariableDefs.obj (CsmRegsFile)

AdcResultFile 
*          1    00000b00    00000010     UNINITIALIZED
                  00000b00    00000010     F2806x_GlobalVariableDefs.obj (AdcResultFile)

CpuTimer0RegsFile 
*          1    00000c00    00000008     UNINITIALIZED
                  00000c00    00000008     F2806x_GlobalVariableDefs.obj (CpuTimer0RegsFile)

CpuTimer1RegsFile 
*          1    00000c08    00000008     UNINITIALIZED
                  00000c08    00000008     F2806x_GlobalVariableDefs.obj (CpuTimer1RegsFile)

CpuTimer2RegsFile 
*          1    00000c10    00000008     UNINITIALIZED
                  00000c10    00000008     F2806x_GlobalVariableDefs.obj (CpuTimer2RegsFile)

PieCtrlRegsFile 
*          1    00000ce0    0000001a     UNINITIALIZED
                  00000ce0    0000001a     F2806x_GlobalVariableDefs.obj (PieCtrlRegsFile)

PieVectTableFile 
*          1    00000d00    00000100     UNINITIALIZED
                  00000d00    00000100     F2806x_GlobalVariableDefs.obj (PieVectTableFile)

EmuKeyVar 
*          1    00000d00    00000001     UNINITIALIZED
                  00000d00    00000001     F2806x_GlobalVariableDefs.obj (EmuKeyVar)

EmuBModeVar 
*          1    00000d01    00000001     UNINITIALIZED
                  00000d01    00000001     F2806x_GlobalVariableDefs.obj (EmuBModeVar)

FlashCallbackVar 
*          1    00000d02    00000002     UNINITIALIZED
                  00000d02    00000002     F2806x_GlobalVariableDefs.obj (FlashCallbackVar)

FlashScalingVar 
*          1    00000d04    00000002     UNINITIALIZED
                  00000d04    00000002     F2806x_GlobalVariableDefs.obj (FlashScalingVar)

DmaRegsFile 
*          1    00001000    000000e0     UNINITIALIZED
                  00001000    000000e0     F2806x_GlobalVariableDefs.obj (DmaRegsFile)

Cla1RegsFile 
*          1    00001400    00000040     UNINITIALIZED
                  00001400    00000040     F2806x_GlobalVariableDefs.obj (Cla1RegsFile)

Usb0RegsFile 
*          1    00004000    00000454     UNINITIALIZED
                  00004000    00000454     F2806x_GlobalVariableDefs.obj (Usb0RegsFile)

McbspaRegsFile 
*          1    00005000    00000024     UNINITIALIZED
                  00005000    00000024     F2806x_GlobalVariableDefs.obj (McbspaRegsFile)

ECanaRegsFile 
*          1    00006000    00000034     UNINITIALIZED
                  00006000    00000034     F2806x_GlobalVariableDefs.obj (ECanaRegsFile)

ECanaLAMRegsFile 
*          1    00006040    00000040     UNINITIALIZED
                  00006040    00000040     F2806x_GlobalVariableDefs.obj (ECanaLAMRegsFile)

ECanaMOTSRegsFile 
*          1    00006080    00000040     UNINITIALIZED
                  00006080    00000040     F2806x_GlobalVariableDefs.obj (ECanaMOTSRegsFile)

ECanaMOTORegsFile 
*          1    000060c0    00000040     UNINITIALIZED
                  000060c0    00000040     F2806x_GlobalVariableDefs.obj (ECanaMOTORegsFile)

ECanaMboxesFile 
*          1    00006100    00000100     UNINITIALIZED
                  00006100    00000100     F2806x_GlobalVariableDefs.obj (ECanaMboxesFile)

Comp1RegsFile 
*          1    00006400    00000014     UNINITIALIZED
                  00006400    00000014     F2806x_GlobalVariableDefs.obj (Comp1RegsFile)

Comp2RegsFile 
*          1    00006420    00000014     UNINITIALIZED
                  00006420    00000014     F2806x_GlobalVariableDefs.obj (Comp2RegsFile)

Comp3RegsFile 
*          1    00006440    00000014     UNINITIALIZED
                  00006440    00000014     F2806x_GlobalVariableDefs.obj (Comp3RegsFile)

EPwm1RegsFile 
*          1    00006800    00000040     UNINITIALIZED
                  00006800    00000040     F2806x_GlobalVariableDefs.obj (EPwm1RegsFile)

EPwm2RegsFile 
*          1    00006840    00000040     UNINITIALIZED
                  00006840    00000040     F2806x_GlobalVariableDefs.obj (EPwm2RegsFile)

EPwm3RegsFile 
*          1    00006880    00000040     UNINITIALIZED
                  00006880    00000040     F2806x_GlobalVariableDefs.obj (EPwm3RegsFile)

EPwm4RegsFile 
*          1    000068c0    00000040     UNINITIALIZED
                  000068c0    00000040     F2806x_GlobalVariableDefs.obj (EPwm4RegsFile)

EPwm5RegsFile 
*          1    00006900    00000040     UNINITIALIZED
                  00006900    00000040     F2806x_GlobalVariableDefs.obj (EPwm5RegsFile)

EPwm6RegsFile 
*          1    00006940    00000040     UNINITIALIZED
                  00006940    00000040     F2806x_GlobalVariableDefs.obj (EPwm6RegsFile)

EPwm7RegsFile 
*          1    00006980    00000040     UNINITIALIZED
                  00006980    00000040     F2806x_GlobalVariableDefs.obj (EPwm7RegsFile)

EPwm8RegsFile 
*          1    000069c0    00000040     UNINITIALIZED
                  000069c0    00000040     F2806x_GlobalVariableDefs.obj (EPwm8RegsFile)

ECap1RegsFile 
*          1    00006a00    00000020     UNINITIALIZED
                  00006a00    00000020     F2806x_GlobalVariableDefs.obj (ECap1RegsFile)

ECap2RegsFile 
*          1    00006a20    00000020     UNINITIALIZED
                  00006a20    00000020     F2806x_GlobalVariableDefs.obj (ECap2RegsFile)

ECap3RegsFile 
*          1    00006a40    00000020     UNINITIALIZED
                  00006a40    00000020     F2806x_GlobalVariableDefs.obj (ECap3RegsFile)

HRCap1RegsFile 
*          1    00006ac0    00000020     UNINITIALIZED
                  00006ac0    00000020     F2806x_GlobalVariableDefs.obj (HRCap1RegsFile)

HRCap2RegsFile 
*          1    00006ae0    00000020     UNINITIALIZED
                  00006ae0    00000020     F2806x_GlobalVariableDefs.obj (HRCap2RegsFile)

EQep1RegsFile 
*          1    00006b00    00000022     UNINITIALIZED
                  00006b00    00000022     F2806x_GlobalVariableDefs.obj (EQep1RegsFile)

EQep2RegsFile 
*          1    00006b40    00000022     UNINITIALIZED
                  00006b40    00000022     F2806x_GlobalVariableDefs.obj (EQep2RegsFile)

HRCap3RegsFile 
*          1    00006c80    00000020     UNINITIALIZED
                  00006c80    00000020     F2806x_GlobalVariableDefs.obj (HRCap3RegsFile)

HRCap4RegsFile 
*          1    00006ca0    00000020     UNINITIALIZED
                  00006ca0    00000020     F2806x_GlobalVariableDefs.obj (HRCap4RegsFile)

GpioCtrlRegsFile 
*          1    00006f80    00000040     UNINITIALIZED
                  00006f80    00000040     F2806x_GlobalVariableDefs.obj (GpioCtrlRegsFile)

GpioDataRegsFile 
*          1    00006fc0    00000020     UNINITIALIZED
                  00006fc0    00000020     F2806x_GlobalVariableDefs.obj (GpioDataRegsFile)

GpioIntRegsFile 
*          1    00006fe0    00000020     UNINITIALIZED
                  00006fe0    00000020     F2806x_GlobalVariableDefs.obj (GpioIntRegsFile)

SysCtrlRegsFile 
*          1    00007010    00000030     UNINITIALIZED
                  00007010    00000030     F2806x_GlobalVariableDefs.obj (SysCtrlRegsFile)

SpiaRegsFile 
*          1    00007040    00000010     UNINITIALIZED
                  00007040    00000010     F2806x_GlobalVariableDefs.obj (SpiaRegsFile)

SciaRegsFile 
*          1    00007050    00000010     UNINITIALIZED
                  00007050    00000010     F2806x_GlobalVariableDefs.obj (SciaRegsFile)

NmiIntruptRegsFile 
*          1    00007060    00000010     UNINITIALIZED
                  00007060    00000010     F2806x_GlobalVariableDefs.obj (NmiIntruptRegsFile)

XIntruptRegsFile 
*          1    00007070    00000010     UNINITIALIZED
                  00007070    00000010     F2806x_GlobalVariableDefs.obj (XIntruptRegsFile)

AdcRegsFile 
*          1    00007100    00000050     UNINITIALIZED
                  00007100    00000050     F2806x_GlobalVariableDefs.obj (AdcRegsFile)

SpibRegsFile 
*          1    00007740    00000010     UNINITIALIZED
                  00007740    00000010     F2806x_GlobalVariableDefs.obj (SpibRegsFile)

ScibRegsFile 
*          1    00007750    00000010     UNINITIALIZED
                  00007750    00000010     F2806x_GlobalVariableDefs.obj (ScibRegsFile)

I2caRegsFile 
*          1    00007900    00000022     UNINITIALIZED
                  00007900    00000022     F2806x_GlobalVariableDefs.obj (I2caRegsFile)

PartIdRegsFile 
*          1    003d7e80    00000001     UNINITIALIZED
                  003d7e80    00000001     F2806x_GlobalVariableDefs.obj (PartIdRegsFile)

CsmPwlFile 
*          1    003f7ff8    00000008     UNINITIALIZED
                  003f7ff8    00000008     F2806x_GlobalVariableDefs.obj (CsmPwlFile)

.ebss.1    1    00008c00    00000400     UNINITIALIZED
                  00008c00    00000400     CSMON_C28xx.lib : modbusreg.obj (.ebss:_MODBUSREG_u32RegisterAccessTableInRam)

.ebss.2    1    00009000    00001000     UNINITIALIZED
                  00009000    00000800     CSMON_C28xx.lib : csmon.obj (.ebss:_CSMON_pasFileParameterShortNameRealocatable)
                  00009800    00000800                     : uart_drv.obj (.ebss:_UARTRxBufferTimeDiff)

.ebss.3    1    0000a000    00002000     UNINITIALIZED
                  0000a000    00000800     CSMON_C28xx.lib : hmrec.obj (.ebss:_au8RecBuffer0)
                  0000a800    00000600                     : csmon.obj (.ebss:_CSMON_pauFileParameterNumericRealocatable)
                  0000ae00    00000516                     : modbusreg.obj (.ebss:_MODBUSREG_asFileTable)
                  0000b316    0000002a                     : csmon.obj (.ebss:_CSMON_au8FileScopeConfigurationElementsSizeTable)
[...]
003eb3b9  local     $30 (.text)
003eb3e7  local     $35 (.text)
003eb416  local     $40 (.text)
003eb378  local     $5_$2 (.text)
00000000  local     .bss (.bss)
00000000  local     .data (.data)
003eb364  local     .text (.text)
003eb388  local     CHECK_SIGN1 (.text)
003eb3c3  local     CHECK_SIGN2 (.text)
003eb3fb  local     DGT3 (.text)
003eb3fd  local     DIVUDenHighZero (.text)
003eb392  local     EQ0 (.text)
003eb38d  local     EQ1 (.text)
003eb3cb  local     EQ2 (.text)
003eb3f6  local     EQ3 (.text)
003eb427  local     EQ4 (.text)
003eb364  global    LL$$DIV (.text)
003eb3a0  global    LL$$MOD (.text)
003eb446  local     LOOP (.text)
003eb435  local     MAINDIV (.text)
003eb454  local     MD_NEQ (.text)
003eb429  local     MODUDenHighZero (.text)
003eb38b  local     RET1 (.text)
003eb3c6  local     RET2 (.text)
003eb3f4  local     RET3 (.text)
003eb423  local     RET4 (.text)
003eb3c8  local     RET_NUM1 (.text)
003eb425  local     RET_NUM2 (.text)
003eb394  local     SDIVUDenHighZero (.text)
003eb45e  local     SKIP (.text)
003eb460  local     SKIP1 (.text)
003eb3ce  local     SMODUDenHighZero (.text)
003eb3da  global    ULL$$DIV (.text)
003eb409  global    ULL$$MOD (.text)


================================================================================

rts2800_ml.lib : u_div28.asm.obj

Run/Load            
Value     Binding   Name (Section)
--------  --------  ---------------
00000000  local     .bss (.bss)
00000000  local     .data (.data)
003eeb2b  local     .text (.text)
003eeb2b  global    U$$DIV (.text)
003eeb30  global    U$$MOD (.text)


================================================================================

rts2800_ml.lib : u_tofd28.asm.obj

Run/Load            
Value     Binding   Name (Section)
--------  --------  ---------------
00000000  local     .bss (.bss)
00000000  local     .data (.data)
003ee6a5  local     .text (.text)
003ee6b2  local     NORMALIZE (.text)
003ee6ba  local     OP_ZERO (.text)
003ee6b4  local     PACK (.text)
003ee6b9  local     RETURN (.text)
003ee6b7  local     RETURN_VALUE (.text)
003ee6a5  global    U$$TOFD (.text)


================================================================================

rts2800_ml.lib : u_tofs28.asm.obj

Run/Load            
Value     Binding   Name (Section)
--------  --------  ---------------
00000000  local     .bss (.bss)
00000000  local     .data (.data)
003ee90a  local     .text (.text)
003ee919  local     RESTORE (.text)
003ee90a  global    U$$TOFS (.text)
003ee919  local     ZERO (.text)


================================================================================

rts2800_ml.lib : l_tofs28.asm.obj

Run/Load            
Value     Binding   Name (Section)
--------  --------  ---------------
00000000  local     .bss (.bss)
00000000  local     .data (.data)
003ee53d  local     .text (.text)
003ee53d  global    L$$TOFS (.text)
003ee553  local     OVERFLOW (.text)
003ee552  local     RETURN (.text)
003ee552  local     ZERO (.text)


================================================================================

rts2800_ml.lib : ul_tofs28.asm.obj

Run/Load            
Value     Binding   Name (Section)
--------  --------  ---------------
00000000  local     .bss (.bss)
00000000  local     .data (.data)
003ee7b4  local     .text (.text)
003ee7bc  local     LEFT_SHIFT (.text)
003ee7be  local     PACK (.text)
003ee7c6  local     RETURN (.text)
003ee7b4  global    UL$$TOFS (.text)
003ee7c6  local     ZERO (.text)


================================================================================

rts2800_ml.lib : prolog28.asm.obj

Run/Load            
Value     Binding   Name (Section)
--------  --------  ---------------
00000000  local     .bss (.bss)
00000000  local     .data (.data)
003ee5a2  local     .text (.text)
003ee5a2  global    _prolog_c28x_1 (.text)
003ee5a6  global    _prolog_c28x_2 (.text)
003ee5ae  global    _prolog_c28x_3 (.text)


================================================================================

rts2800_ml.lib : fs_tofd28.asm.obj

Run/Load            
Value     Binding   Name (Section)
--------  --------  ---------------
00000000  local     .bss (.bss)
00000000  local     .data (.data)
003ee3c7  local     .text (.text)
003ee3c7  global    FS$$TOFD (.text)
003ee3db  local     OVERFLOW (.text)
003ee3da  local     RETURN (.text)
003ee3d8  local     RETURN_VALUE (.text)
003ee3e1  local     UNDERFLOW (.text)


================================================================================

rts2800_ml.lib : fd_div28.asm.obj

Run/Load            
Value     Binding   Name (Section)
--------  --------  ---------------
003ec888  local     $1_$3 (.text)
003ec893  local     $2_$3 (.text)
00000000  local     .bss (.bss)
00000000  local     .data (.data)
003ec84c  local     .text (.text)
003ec8a2  local     DIV_END (.text)
003ec883  local     DIV_START (.text)
003ec84c  global    FD$$DIV (.text)
003ec8a5  local     NORMALIZE (.text)
003ec8cf  local     OVERFLOW (.text)
003ec8ca  local     RETURN (.text)
003ec8c8  local     RETURN_VALUE (.text)
003ec8ba  local     RND64_SET_MANT$3$ (.text)
003ec8ae  local     ROUND (.text)
003ec8d5  local     UNDERFLOW (.text)


================================================================================

rts2800_ml.lib : cpy_tbl.c.obj

Run/Load            
Value     Binding   Name (Section)
--------  --------  ---------------
003ee0e1  local     $C$L1 (.text)
003ee0f4  local     $C$L2 (.text)
003ee0f5  local     $C$L3 (.text)
00000000  local     .bss (.bss)
00000000  local     .data (.data)
003ee0d9  local     .text (.text)
003ee0d9  global    _copy_in (.text)


================================================================================

rts2800_ml.lib : memcpy.c.obj

Run/Load            
Value     Binding   Name (Section)
--------  --------  ---------------
003ee340  local     $C$L1 (.text)
003ee344  local     $C$L2 (.text)
003ee34b  local     $C$L3 (.text)
003ee34d  local     $C$L4 (.text)
003ee355  local     $C$L5 (.text)
00000000  local     .bss (.bss)
00000000  local     .data (.data)
003ee33a  local     .text (.text)
003ee33a  global    _memcpy (.text)


================================================================================

rts2800_ml.lib : pre_init.c.obj

Run/Load            
Value     Binding   Name (Section)
--------  --------  ---------------
00000000  local     .bss (.bss)
00000000  local     .data (.data)
003ef03b  local     .text (.text)
003ef03b  global    __system_pre_init (.text)


================================================================================

rts2800_ml.lib : startup.c.obj

Run/Load            
Value     Binding   Name (Section)
--------  --------  ---------------
00000000  local     .bss (.bss)
00000000  local     .data (.data)
003ef03f  local     .text (.text)
003ef03f  global    __system_post_cinit (.text)


================================================================================

rts2800_ml.lib : e_rem_pio2f.c.obj

Run/Load            
Value     Binding   Name (Section)
--------  --------  ---------------
003f08de  local     $C$FL1 (.econst)
003f08e2  local     $C$FL2 (.econst)
003f08e6  local     $C$FL3 (.econst)
003f08ea  local     $C$FL4 (.econst)
003ec178  local     $C$L1 (.text)
003ec186  local     $C$L2 (.text)
003ec1b2  local     $C$L3 (.text)
003ec1b7  local     $C$L4 (.text)
00000000  local     .bss (.bss)
00000000  local     .data (.data)
003f08d2  local     .econst (.econst)
003ec115  local     .text (.text)
003ec115  global    ___rem_pio2f (.text)
003f08d2  local     _invpio2 (.econst)
003f08d6  local     _pio2_1 (.econst)
003f08da  local     _pio2_1t (.econst)


================================================================================

rts2800_ml.lib : k_rem_pio2.c.obj

Run/Load            
Value     Binding   Name (Section)
--------  --------  ---------------
003f084e  local     $C$FL1 (.econst)
003f0852  local     $C$FL2 (.econst)
003f0856  local     $C$FL3 (.econst)
003f085a  local     $C$FL4 (.econst)
003f085e  local     $C$FL5 (.econst)
003f0862  local     $C$FL6 (.econst)
003f0866  local     $C$FL7 (.econst)
003e9d84  local     $C$L1 (.text)
003e9e3e  local     $C$L10 (.text)
003e9e6b  local     $C$L11 (.text)
003e9e8b  local     $C$L12 (.text)
003e9eb0  local     $C$L13 (.text)
003e9ecf  local     $C$L14 (.text)
003e9ed6  local     $C$L15 (.text)
003e9ef3  local     $C$L16 (.text)
003e9f41  local     $C$L17 (.text)
003e9fad  local     $C$L18 (.text)
003e9fb1  local     $C$L19 (.text)
003e9dac  local     $C$L2 (.text)
003e9fbf  local     $C$L20 (.text)
003e9fe8  local     $C$L21 (.text)
003e9fed  local     $C$L22 (.text)
003e9ff8  local     $C$L23 (.text)
003ea004  local     $C$L24 (.text)
003ea009  local     $C$L25 (.text)
003ea00f  local     $C$L26 (.text)
003ea02c  local     $C$L27 (.text)
003ea038  local     $C$L28 (.text)
003ea063  local     $C$L29 (.text)
003e9db7  local     $C$L3 (.text)
003ea091  local     $C$L30 (.text)
003ea0dc  local     $C$L31 (.text)
003ea0e1  local     $C$L32 (.text)
003ea0f9  local     $C$L33 (.text)
003ea103  local     $C$L34 (.text)
003ea112  local     $C$L35 (.text)
003ea11c  local     $C$L36 (.text)
003ea137  local     $C$L37 (.text)
003ea147  local     $C$L38 (.text)
003ea149  local     $C$L39 (.text)
003e9dc3  local     $C$L4 (.text)
003ea169  local     $C$L40 (.text)
003ea191  local     $C$L41 (.text)
003ea1a8  local     $C$L42 (.text)
003ea1bc  local     $C$L43 (.text)
003ea1ea  local     $C$L44 (.text)
003ea208  local     $C$L45 (.text)
003ea226  local     $C$L46 (.text)
003ea275  local     $C$L47 (.text)
003ea2af  local     $C$L48 (.text)
003ea2c7  local     $C$L49 (.text)
003e9dd4  local     $C$L5 (.text)
003ea2d8  local     $C$L50 (.text)
003ea2f5  local     $C$L51 (.text)
003ea310  local     $C$L52 (.text)
003ea323  local     $C$L53 (.text)
003ea334  local     $C$L54 (.text)
003ea342  local     $C$L55 (.text)
003ea34c  local     $C$L56 (.text)
003ea36d  local     $C$L57 (.text)
003ea37e  local     $C$L58 (.text)
003ea38c  local     $C$L59 (.text)
003e9de0  local     $C$L6 (.text)
003ea396  local     $C$L60 (.text)
003ea3a0  local     $C$L61 (.text)
003ea3b3  local     $C$L62 (.text)
003ea3c4  local     $C$L63 (.text)
003ea3d2  local     $C$L64 (.text)
003ea3dc  local     $C$L65 (.text)
003ea3e5  local     $C$L66 (.text)
003e9dfd  local     $C$L7 (.text)
003e9e22  local     $C$L8 (.text)
003e9e37  local     $C$L9 (.text)
00000000  local     .bss (.bss)
00000000  local     .data (.data)
003f083e  local     .econst (.econst)
003f0892  local     .econst:_PIo2 (.econst:_PIo2)
003f097c  local     .econst:_init_jk (.econst:_init_jk)
003f076a  local     .econst:_ipio2 (.econst:_ipio2)
003e9d56  local     .text (.text)
003f0892  local     _PIo2 (.econst:_PIo2)
003e9d56  global    ___kernel_rem_pio2 (.text)
003f097c  local     _init_jk (.econst:_init_jk)
003f076a  local     _ipio2 (.econst:_ipio2)
003f0842  local     _one (.econst)
003f0846  local     _two24 (.econst)
003f084a  local     _twon24 (.econst)
003f083e  local     _zero (.econst)


================================================================================

rts2800_ml.lib : exit.c.obj

Run/Load            
Value     Binding   Name (Section)
--------  --------  ---------------
003edd59  local     $C$L1 (.text)
003edd6c  local     $C$L2 (.text)
003edd77  local     $C$L3 (.text)
003edd7d  local     $C$L4 (.text)
00000000  local     .bss (.bss)
003f0fca  local     .cinit (.cinit)
00000000  local     .data (.data)
0000ccd2  local     .ebss (.ebss)
003edd58  local     .text (.text)
003edd58  global    C$$EXIT (.text)
0000ccd4  global    ___TI_cleanup_ptr (.ebss)
0000ccd6  global    ___TI_dtors_ptr (.ebss)
0000ccd2  global    ___TI_enable_exit_profile_output (.ebss)
003edd58  global    _abort (.text)
003edd5a  global    _exit (.text)


================================================================================

rts2800_ml.lib : _lock.c.obj

Run/Load            
Value     Binding   Name (Section)
--------  --------  ---------------
00000000  local     .bss (.bss)
003f1174  local     .cinit:__lock (.cinit:__lock)
003f1179  local     .cinit:__unlock (.cinit:__unlock)
00000000  local     .data (.data)
0000cd34  local     .ebss:__lock (.ebss:__lock)
0000cd36  local     .ebss:__unlock (.ebss:__unlock)
003eebc9  local     .text (.text)
0000cd34  global    __lock (.ebss:__lock)
003eebd1  global    __nop (.text)
003eebcd  global    __register_lock (.text)
003eebc9  global    __register_unlock (.text)
0000cd36  global    __unlock (.ebss:__unlock)


================================================================================

rts2800_ml.lib : args_main.c.obj

Run/Load            
Value     Binding   Name (Section)
--------  --------  ---------------
003ee894  local     $C$L1 (.text)
003ee897  local     $C$L2 (.text)
00000000  local     .bss (.bss)
00000000  local     .data (.data)
003ee889  local     .text (.text)
003ee889  global    __args_main (.text)


================================================================================

rts2800_ml.lib : s_floor.c.obj

Run/Load            
Value     Binding   Name (Section)
--------  --------  ---------------
003f096e  local     $C$FL1 (.econst)
003f0972  local     $C$FL2 (.econst)
003ebb5b  local     $C$L1 (.text)
003ebbb3  local     $C$L10 (.text)
003ebbd3  local     $C$L11 (.text)
003ebbd5  local     $C$L12 (.text)
003ebbe1  local     $C$L13 (.text)
003ebbe6  local     $C$L14 (.text)
003ebb60  local     $C$L2 (.text)
003ebb61  local     $C$L3 (.text)
003ebb69  local     $C$L4 (.text)
003ebb7c  local     $C$L5 (.text)
003ebb8b  local     $C$L6 (.text)
003ebb8e  local     $C$L7 (.text)
003ebbaa  local     $C$L8 (.text)
003ebbb0  local     $C$L9 (.text)
00000000  local     .bss (.bss)
00000000  local     .data (.data)
003f096a  local     .econst (.econst)
003ebb03  local     .text (.text)
003ebb03  global    _floorl (.text)
003f096a  local     _huge (.econst)


================================================================================

rts2800_ml.lib : s_scalbn.c.obj

Run/Load            
Value     Binding   Name (Section)
--------  --------  ---------------
003f08fa  local     $C$FL1 (.econst)
003f08fe  local     $C$FL2 (.econst)
003f0902  local     $C$FL3 (.econst)
003f0906  local     $C$FL4 (.econst)
003ec091  local     $C$L1 (.text)
003ec0aa  local     $C$L2 (.text)
003ec0bc  local     $C$L3 (.text)
003ec0c7  local     $C$L4 (.text)
003ec0dc  local     $C$L5 (.text)
003ec0e2  local     $C$L6 (.text)
003ec0ed  local     $C$L7 (.text)
003ec10d  local     $C$L8 (.text)
003ec111  local     $C$L9 (.text)
00000000  local     .bss (.bss)
00000000  local     .data (.data)
003f08ee  local     .econst (.econst)
003ec06b  local     .text (.text)
003ec06b  global    _ldexpl (.text)
003ec06b  global    _scalbnl (.text)
003f08f6  local     _tiny (.econst)
003f08ee  local     _two54 (.econst)
003f08f2  local     _twom54 (.econst)


================================================================================

rts2800_ml.lib : s_copysign.c.obj

Run/Load            
Value     Binding   Name (Section)
--------  --------  ---------------
003ee141  local     $C$L1 (.text)
00000000  local     .bss (.bss)
00000000  local     .data (.data)
003ee120  local     .text (.text)
003ee120  global    _copysignl (.text)


================================================================================

rts2800_ml.lib : k_cosf.c.obj

Run/Load            
Value     Binding   Name (Section)
--------  --------  ---------------
003f087e  local     $C$FL1 (.econst)
003f0882  local     $C$FL2 (.econst)
003f0886  local     $C$FL3 (.econst)
003f088a  local     $C$FL4 (.econst)
003f088e  local     $C$FL5 (.econst)
00000000  local     .bss (.bss)
00000000  local     .data (.data)
003f086a  local     .econst (.econst)
003ec95e  local     .text (.text)
003f086e  local     _C0 (.econst)
003f0872  local     _C1 (.econst)
003f0876  local     _C2 (.econst)
003f087a  local     _C3 (.econst)
003ec95e  global    ___kernel_cosdf (.text)
003f086a  local     _one (.econst)


================================================================================

rts2800_ml.lib : k_sinf.c.obj

Run/Load            
Value     Binding   Name (Section)
--------  --------  ---------------
003f08c2  local     $C$FL1 (.econst)
003f08c6  local     $C$FL2 (.econst)
003f08ca  local     $C$FL3 (.econst)
003f08ce  local     $C$FL4 (.econst)
00000000  local     .bss (.bss)
00000000  local     .data (.data)
003f08b2  local     .econst (.econst)
003ec69d  local     .text (.text)
003f08b2  local     _S1 (.econst)
003f08b6  local     _S2 (.econst)
003f08ba  local     _S3 (.econst)
003f08be  local     _S4 (.econst)
003ec69d  global    ___kernel_sindf (.text)


================================================================================

rts2800_ml.lib : fd_cmp28.asm.obj

Run/Load            
Value     Binding   Name (Section)
--------  --------  ---------------
00000000  local     .bss (.bss)
00000000  local     .data (.data)
003edd2e  local     .text (.text)
003edd3e  local     CHECK_INF (.text)
003edd2e  global    FD$$CMP (.text)
003edd55  local     NO_NEG (.text)
003edd56  local     OP_EQUAL (.text)
003edd4e  local     RETURN (.text)


================================================================================

rts2800_ml.lib : fd_tol28.asm.obj

Run/Load            
Value     Binding   Name (Section)
--------  --------  ---------------
00000000  local     .bss (.bss)
00000000  local     .data (.data)
003ee2a6  local     .text (.text)
003ee2a6  global    FD$$TOL (.text)
003ee2bf  local     OVERFLOW (.text)
003ee2be  local     RETURN_VALUE (.text)
003ee2c3  local     UNDERFLOW (.text)


================================================================================

rts2800_ml.lib : ll_aox28.asm.obj

Run/Load            
Value     Binding   Name (Section)
--------  --------  ---------------
00000000  local     .bss (.bss)
00000000  local     .data (.data)
003ee603  local     .text (.text)
003ee603  global    LL$$AND (.text)
003ee60b  global    LL$$OR (.text)
003ee613  global    LL$$XOR (.text)


================================================================================

rts2800_ml.lib : i_div28.asm.obj

Run/Load            
Value     Binding   Name (Section)
--------  --------  ---------------
00000000  local     .bss (.bss)
00000000  local     .data (.data)
003ee143  local     .text (.text)
003ee143  global    I$$DIV (.text)
003ee154  global    I$$MOD (.text)
003ee153  local     RET1 (.text)
003ee163  local     RET2 (.text)


================================================================================

rts2800_ml.lib : l_tofd28.asm.obj

Run/Load            
Value     Binding   Name (Section)
--------  --------  ---------------
003ee3f1  local     $10 (.text)
00000000  local     .bss (.bss)
00000000  local     .data (.data)
003ee3e3  local     .text (.text)
003ee3e3  global    L$$TOFD (.text)
003ee3fd  local     OP_ZERO (.text)
003ee3fc  local     RETURN (.text)
003ee3fa  local     RETURN_VALUE (.text)


================================================================================

rts2800_ml.lib : fd_tofs28.asm.obj

Run/Load            
Value     Binding   Name (Section)
--------  --------  ---------------
00000000  local     .bss (.bss)
00000000  local     .data (.data)
003ee1a7  local     .text (.text)
003ee1b4  local     EXP_EVAL (.text)
003ee1a7  global    FD$$TOFS (.text)
003ee1c0  local     OVERFLOW (.text)
003ee1bf  local     RETURN_VALUE (.text)
003ee1c6  local     UNDERFLOW (.text)


================================================================================

rts2800_ml.lib : errno.c.obj

Run/Load            
Value     Binding   Name (Section)
--------  --------  ---------------
00000000  local     .bss (.bss)
003f119a  local     .cinit (.cinit)
00000000  local     .data (.data)
0000cd3f  local     .ebss (.ebss)
00000000  local     .text (.text)
0000cd3f  global    _errno (.ebss)


================================================================================

