******************************************************************************
             TMS320C2000 Linker PC v22.6.0                     
******************************************************************************
>> Linked Mon Sep 26 01:26:54 2022

OUTPUT FILE NAME:   <../../../04_Output_Files/Motor28062/TEST_CSMON_C28xx.out>
ENTRY POINT SYMBOL: "_c_int00"  address: 003edc61


MEMORY CONFIGURATION

         name            origin    length      used     unused   attr    fill
----------------------  --------  ---------  --------  --------  ----  --------
PAGE 0:
  RAML0                 00008000   00000800  0000002d  000007d3  RWIX
  RAML1                 00008800   00000400  00000000  00000400  RWIX
  OTP                   003d7800   00000400  00000000  00000400  RWIX
  FLASH_APP             003e8000   0000dff0  0000b047  00002fa9  RWIX
  CSM_RSVD              003f7f80   00000076  00000076  00000000  RWIX
  BEGIN                 003f7ff6   00000002  00000000  00000002  RWIX
  CSM_PWL_P0            003f7ff8   00000008  00000008  00000000  RWIX
  FPUTABLES             003fd590   000006a0  00000000  000006a0  RWIX
  IQTABLES              003fdf00   00000b50  00000000  00000b50  RWIX
  IQTABLES2             003fea50   0000008c  00000000  0000008c  RWIX
  IQTABLES3             003feadc   000000aa  00000000  000000aa  RWIX
  ROM                   003ff3b0   00000c10  00000000  00000c10  RWIX
  RESET                 003fffc0   00000002  00000000  00000002  RWIX
  VECTORS               003fffc2   0000003e  00000000  0000003e  RWIX

PAGE 1:
  BOOT_RSVD             00000000   00000050  00000000  00000050  RWIX
  RAMM0                 00000050   000003b0  00000380  00000030  RWIX
  RAMM1                 00000400   00000400  00000000  00000400  RWIX
  DEV_EMU               00000880   00000105  00000004  00000101  RWIX
  SYS_PWR_CTL           00000985   00000003  00000003  00000000  RWIX
  FLASH_REGS            00000a80   00000060  00000008  00000058  RWIX
  CSM                   00000ae0   00000020  00000010  00000010  RWIX
  ADC_RESULT            00000b00   00000020  00000010  00000010  RWIX
  CPU_TIMER0            00000c00   00000008  00000008  00000000  RWIX
  CPU_TIMER1            00000c08   00000008  00000008  00000000  RWIX
  CPU_TIMER2            00000c10   00000008  00000008  00000000  RWIX
  PIE_CTRL              00000ce0   00000020  0000001a  00000006  RWIX
  PIE_VECT              00000d00   00000100  00000100  00000000  RWIX
  DMA                   00001000   00000200  000000e0  00000120  RWIX
  CLA1                  00001400   00000080  00000040  00000040  RWIX
  USB0                  00004000   00001000  00000454  00000bac  RWIX
  McBSPA                00005000   00000040  00000024  0000001c  RWIX
  ECANA                 00006000   00000040  00000034  0000000c  RWIX
  ECANA_LAM             00006040   00000040  00000040  00000000  RWIX
  ECANA_MOTS            00006080   00000040  00000040  00000000  RWIX
  ECANA_MOTO            000060c0   00000040  00000040  00000000  RWIX
  ECANA_MBOX            00006100   00000100  00000100  00000000  RWIX
  COMP1                 00006400   00000020  00000014  0000000c  RWIX
  COMP2                 00006420   00000020  00000014  0000000c  RWIX
  COMP3                 00006440   00000020  00000014  0000000c  RWIX
  EPWM1                 00006800   00000040  00000040  00000000  RWIX
  EPWM2                 00006840   00000040  00000040  00000000  RWIX
  EPWM3                 00006880   00000040  00000040  00000000  RWIX
  EPWM4                 000068c0   00000040  00000040  00000000  RWIX
  EPWM5                 00006900   00000040  00000040  00000000  RWIX
  EPWM6                 00006940   00000040  00000040  00000000  RWIX
  EPWM7                 00006980   00000040  00000040  00000000  RWIX
  EPWM8                 000069c0   00000040  00000040  00000000  RWIX
  ECAP1                 00006a00   00000020  00000020  00000000  RWIX
  ECAP2                 00006a20   00000020  00000020  00000000  RWIX
  ECAP3                 00006a40   00000020  00000020  00000000  RWIX
  HRCAP1                00006ac0   00000020  00000020  00000000  RWIX
  HRCAP2                00006ae0   00000020  00000020  00000000  RWIX
  EQEP1                 00006b00   00000040  00000022  0000001e  RWIX
  EQEP2                 00006b40   00000040  00000022  0000001e  RWIX
  HRCAP3                00006c80   00000020  00000020  00000000  RWIX
  HRCAP4                00006ca0   00000020  00000020  00000000  RWIX
  GPIOCTRL              00006f80   00000040  00000040  00000000  RWIX
  GPIODAT               00006fc0   00000020  00000020  00000000  RWIX
  GPIOINT               00006fe0   00000020  00000020  00000000  RWIX
  SYSTEM                00007010   00000030  00000030  00000000  RWIX
  SPIA                  00007040   00000010  00000010  00000000  RWIX
  SCIA                  00007050   00000010  00000010  00000000  RWIX
  NMIINTRUPT            00007060   00000010  00000010  00000000  RWIX
  XINTRUPT              00007070   00000010  00000010  00000000  RWIX
  ADC                   00007100   00000080  00000050  00000030  RWIX
  SPIB                  00007740   00000010  00000010  00000000  RWIX
  SCIB                  00007750   00000010  00000010  00000000  RWIX
  I2CA                  00007900   00000040  00000022  0000001e  RWIX
  RAML2                 00008c00   00000400  00000000  00000400  RWIX
  RAML3                 00009000   00001000  00000000  00001000  RWIX
  RAML4                 0000a000   00002000  00002000  00000000  RWIX
  RAML5                 0000c000   00002000  000018bc  00000744  RWIX
  RAML6                 0000e000   00002000  00000000  00002000  RWIX
  RAML7                 00010000   00002000  00000000  00002000  RWIX
  RAML8                 00012000   00002000  00000000  00002000  RWIX
  USB_RAM               00040000   00000800  00000000  00000800  RWIX
  PARTID                003d7e80   00000001  00000001  00000000  RWIX
  CSM_PWL               003f7ff8   00000008  00000008  00000000  RWIX


SECTION ALLOCATION MAP

 output                                  attributes/
section   page    origin      length       input sections
--------  ----  ----------  ----------   ----------------
.cinit     0    003f2708    00000920     
                  003f2708    0000021f     CSMON_C28xx.lib : hmmodbus.obj (.cinit)
                  003f2927    0000013e     main.obj (.cinit)
                  003f2a65    000000ca     CSMON_C28xx.lib : csmon.obj (.cinit)
                  003f2b2f    000000c3                     : modbusreg.obj (.cinit:_QueueTestTable)
                  003f2bf2    00000078                     : modbusreg.obj (.cinit)
                  003f2c6a    0000003f                     : csmon.obj (.cinit:_CSMON_au8FileRecorderDataElementsSizeTable)
                  003f2ca9    00000033                     : hmrecparam.obj (.cinit:_sRecStatusParam)
                  003f2cdc    00000030                     : csmon.obj (.cinit:_CSMON_au8FileRecorderConfigElementsSizeTable)
                  003f2d0c    0000002b                     : csmon.obj (.cinit:_CSMON_au8FileScopeConfigurationElementsSizeTable)
                  003f2d37    0000001f                     : hmrecparam.obj (.cinit:_sRecStatusParamInternal)
                  003f2d56    00000016     main.obj (.cinit:_sExternalRecoderHandle)
                  003f2d6c    00000015     CSMON_C28xx.lib : csmon.obj (.cinit:_CSMON_sFileAutorization)
                  003f2d81    00000014                     : hmdrv.obj (.cinit)
                  003f2d95    00000014                     : hmprotocol.obj (.cinit)
                  003f2da9    00000013                     : modbusreg.obj (.cinit:_MODBUSREG_au8DeviceIDUserApplicationName)
                  003f2dbc    00000013                     : modbusreg.obj (.cinit:_MODBUSREG_au8DeviceIDVendorUrl)
                  003f2dcf    00000013                     : modbusreg.obj (.cinit:_MODBUSREG_au8ServerIDData)
                  003f2de2    00000010     rtc_drv.obj (.cinit)
                  003f2df2    0000000f     CSMON_C28xx.lib : csmon.obj (.cinit:_CSMON_sDateTime)
                  003f2e01    0000000f                     : csmon.obj (.cinit:_CSMON_sDateTimeApplication)
                  003f2e10    0000000f                     : csmon.obj (.cinit:_CSMON_sDateTimeDefault)
                  003f2e1f    0000000f                     : modbusreg.obj (.cinit:_MODBUSREG_au8DeviceIDModelName)
                  003f2e2e    0000000f     device.obj (.cinit)
                  003f2e3d    0000000e     rts2800_ml.lib : exit.c.obj (.cinit)
                  003f2e4b    0000000d     CSMON_C28xx.lib : csmon.obj (.cinit:_CSMON_au8FileParameterCountElementsSizeTable)
                  003f2e58    0000000d                     : csmon.obj (.cinit:_CSMON_au8FileRTCElementsSizeTable)
                  003f2e65    0000000d                     : csmon.obj (.cinit:_sHashKey)
                  003f2e72    0000000d     tmr_drv.obj (.cinit)
                  003f2e7f    0000000c     CSMON_C28xx.lib : csmon.obj (.cinit:_CSMON_au8FileParameterNumericElementsSizeTable)
                  003f2e8b    0000000c                     : modbusreg.obj (.cinit:_MODBUSREG_au8DeviceIDProductName)
                  003f2e97    0000000c                     : modbusreg.obj (.cinit:_MODBUSREG_au8DeviceIDUserReserve0)
                  003f2ea3    0000000c                     : modbusreg.obj (.cinit:_MODBUSREG_au8DeviceIDUserReserve1)
                  003f2eaf    0000000c                     : modbusreg.obj (.cinit:_MODBUSREG_au8DeviceIDUserReserve2)
                  003f2ebb    0000000c                     : modbusreg.obj (.cinit:_MODBUSREG_au8DeviceIDVendorName)
                  003f2ec7    0000000c     io_drv.obj (.cinit)
                  003f2ed3    0000000b     CSMON_C28xx.lib : hmrecparam.obj (.cinit:_HMRECPRM_sDateTime)
                  003f2ede    0000000b     main.obj (.cinit:_MAIN_sDateTimeGet)
                  003f2ee9    0000000b     main.obj (.cinit:_MAIN_sDateTimeSet)
                  003f2ef4    0000000b     uart_driver.obj (.cinit:_UART_DRV_RXIntOverflowCounter)
                  003f2eff    0000000b     uart_driver.obj (.cinit:_UART_DRV_u32TimeDiffLast)
                  003f2f0a    0000000b     uart_driver.obj (.cinit:_UART_DRV_u32TimeDiffNow)
                  003f2f15    0000000b     CSMON_C28xx.lib : uart_drv.obj (.cinit:_UART_RXIntOverflowCounter)
                  003f2f20    0000000b     tmr_drv.obj (.cinit:_pfDelayedFunction)
                  003f2f2b    0000000b     tmr_drv.obj (.cinit:_pfDelayedFunction_u8)
                  003f2f36    0000000b     CSMON_C28xx.lib : uart_drv.obj (.cinit:_u32TimeDiffLast)
                  003f2f41    0000000b                     : uart_drv.obj (.cinit:_u32TimeDiffNow)
                  003f2f4c    0000000b                     : uart_drv.obj (.cinit:_u32TimeDiffRead)
                  003f2f57    00000009                     : hmserial.obj (.cinit)
                  003f2f60    00000009                     : csmon.obj (.cinit:_CSMON_au32FileAutorization_FunctionAfterWriteFileRecord)
                  003f2f69    00000009                     : csmon.obj (.cinit:_CSMON_sFileParameterCount)
                  003f2f72    00000009                     : hmscopeparam.obj (.cinit:_pBufferScope)
                  003f2f7b    00000008                     : hmlib.obj (.cinit)
                  003f2f83    00000007                     : csmon.obj (.cinit:_CSMON_au8FileParameterListElementsSizeTablePart1)
                  003f2f8a    00000007                     : csmon.obj (.cinit:_CSMON_au8FileRecorderStatusElementsSizeTable)
                  003f2f91    00000007                     : modbusreg.obj (.cinit:_MODBUSREG_au8DeviceIDMajorMinorRevision)
                  003f2f98    00000007                     : modbusreg.obj (.cinit:_MODBUSREG_au8DeviceIDProductCode)
                  003f2f9f    00000007                     : uart_drv.obj (.cinit:_UARTRxBufferRDCount)
                  003f2fa6    00000007                     : uart_drv.obj (.cinit:_UARTRxBufferRDIndex)
                  003f2fad    00000007                     : uart_drv.obj (.cinit:_UARTRxBufferWRCount)
                  003f2fb4    00000007                     : uart_drv.obj (.cinit:_UARTRxBufferWRIndex)
                  003f2fbb    00000007     uart_driver.obj (.cinit:_UART_DRV_RxBufferRDCount)
                  003f2fc2    00000007     uart_driver.obj (.cinit:_UART_DRV_RxBufferWRCount)
                  003f2fc9    00000007     uart_driver.obj (.cinit:_UART_DRV_RxBufferWRIndex)
                  003f2fd0    00000006     CSMON_C28xx.lib : csmon.obj (.cinit:_CSMON_abFileAutorization_RecordReadOnly)
                  003f2fd6    00000006                     : csmon.obj (.cinit:_CSMON_abFileAutorization_RecordStringData)
                  003f2fdc    00000006                     : csmon.obj (.cinit:_CSMON_au16FileAutorization_RecordOffsets)
                  003f2fe2    00000006                     : csmon.obj (.cinit:_CSMON_au8FileRecorderDataElementsSizeTableUsedLength)
                  003f2fe8    00000006                     : csmon.obj (.cinit:_CSMON_sFileProtocolVersion)
                  003f2fee    00000005                     : modbusreg.obj (.cinit:_HMMODBUS_u32CoilAddressTableInRam)
                  003f2ff3    00000005                     : modbusreg.obj (.cinit:_MODBUSREG_sInputCoilAddressTableInRam)
                  003f2ff8    00000005     rts2800_ml.lib : _lock.c.obj (.cinit:__lock)
                  003f2ffd    00000005                    : _lock.c.obj (.cinit:__unlock)
                  003f3002    00000004     CSMON_C28xx.lib : hmscopeparam.obj (.cinit)
                  003f3006    00000004                     : uart_drv.obj (.cinit)
                  003f300a    00000004                     : csmon.obj (.cinit:_CSMON_au8FileParameterListElementsSizeTablePart2)
                  003f300e    00000004                     : csmon.obj (.cinit:_CSMON_au8FileParameterListElementsSizeTablePart3)
                  003f3012    00000004                     : csmon.obj (.cinit:_CSMON_au8FileScopeStatusElementsSizeTable)
                  003f3016    00000004                     : csmon.obj (.cinit:_CSMON_sFileParameterAccessList)
                  003f301a    00000004                     : modbusreg.obj (.cinit:_MODBUSREG_asFileTable)
                  003f301e    00000004                     : modbusreg.obj (.cinit:_MODBUSREG_asQueueTable)
                  003f3022    00000004     rts2800_ml.lib : errno.c.obj (.cinit)
                  003f3026    00000002     --HOLE-- [fill = 0]

.pinit     0    003e8000    00000000     UNINITIALIZED

.text      0    003e8000    000079b8     
                  003e8000    0000154a     CSMON_C28xx.lib : hmmodbus.obj (.text:_HMMODBUS_bDecoder)
                  003e954a    00000ac2                     : modbusreg.obj (.text:_MODBUSREG_AddressTablesInit)
                  003ea00c    00000698     rts2800_ml.lib : k_rem_pio2.c.obj (.text)
                  003ea6a4    0000048d     CSMON_C28xx.lib : csmon.obj (.text:_CSMON_eSetParameter)
                  003eab31    000001db                     : csmon.obj (.text:_CSMON_eInit)
                  003ead0c    00000194     main.obj (.text:_main)
                  003eaea0    0000017c     CSMON_C28xx.lib : csmon.obj (.text:_CSMON_eProcess)
                  003eb01c    00000178                     : csmon.obj (.text:_CSMON_eSetUpRecParam)
                  003eb194    00000151     device.obj (.text:_Device_initGPIO)
                  003eb2e5    0000013c     CSMON_C28xx.lib : csmon.obj (.text:_CSMON_vCheckLoadRecorderTable)
                  003eb421    0000013c                     : csmon.obj (.text:_CSMON_vSetupHoldingRegistersAndCoilsAddressTableFromCSMONParameterList)
                  003eb55d    0000012c                     : hmmodbus.obj (.text:_HMMODBUS_vSetFreeRunTimerPrescaller)
                  003eb689    00000127                     : hmmodbus.obj (.text:_HMMODBUS_Rx)
                  003eb7b0    00000114     rts2800_ml.lib : s_sinf.c.obj (.text)
                  003eb8c4    00000107                    : ll_div28.asm.obj (.text)
                  003eb9cb    00000101     CSMON_C28xx.lib : hmmodbus.obj (.text:_HMMODBUS_GetRealRegisterAddressAndSize)
                  003ebacc    000000fa                     : csmon.obj (.text:_CSMON_vCheckSaveRecorderTable)
                  003ebbc6    000000f8                     : hmprotocol.obj (.text:_HMPROTOCOL_bDecoder)
                  003ebcbe    000000f1                     : csmon.obj (.text:_CSMON_vFileRecoderStatusFix)
                  003ebdaf    000000e9                     : csmon.obj (.text:_CSMON_vSaveRecorderConfiguration)
                  003ebe98    000000e8                     : hmrecparam.obj (.text:_HMRECPRM_vProcess)
                  003ebf80    000000e8     rts2800_ml.lib : s_floor.c.obj (.text)
                  003ec068    000000e5     CSMON_C28xx.lib : csmon.obj (.text:_CSMON_u32GetParameterListCheckSum)
                  003ec14d    000000d9                     : csmon.obj (.text:_CSMON_vSetupInputRegistersAndCoilsAddressTableFromCSMONParameterList)
                  003ec226    000000cf     main.obj (.text:_ControlProcess)
                  003ec2f5    000000c1     main.obj (.text:_RecordersInitialization)
                  003ec3b6    000000bc     CSMON_C28xx.lib : hmrecparam.obj (.text:_HMRECPRM_SetUpRec)
                  003ec472    000000b8                     : hmrec.obj (.text:_HMREC_SetUpRec)
                  003ec52a    000000aa                     : hmdrv.obj (.text:_HMDRV_CopyFromBufferInternalModbusBitField)
                  003ec5d4    000000aa     rts2800_ml.lib : s_scalbn.c.obj (.text)
                  003ec67e    000000a7                    : e_rem_pio2f.c.obj (.text)
                  003ec725    000000a3     CSMON_C28xx.lib : csmon.obj (.text:_CSMON_vSaveRecorderConfigTrigger)
                  003ec7c8    000000a3                     : modbusreg.obj (.text:_MODBUSREG_vInit)
                  003ec86b    000000a3     tmr_drv.obj (.text:_TMR2_ISR)
                  003ec90e    0000009c     rts2800_ml.lib : fd_add28.asm.obj (.text)
                  003ec9aa    00000099     main.obj (.text:_ParameterInitialization)
                  003eca43    00000095     CSMON_C28xx.lib : csmon.obj (.text:_CSMON_vLoadRecorderConfiguration)
                  003ecad8    00000092                     : hmdrv.obj (.text:_HMDRV_CopyMemory)
                  003ecb6a    00000092                     : hmdrv.obj (.text:_HMDRV_CopyToBufferInternalModbus)
                  003ecbfc    00000092                     : hmdrv.obj (.text:_HMDRV_vInit)
                  003ecc8e    00000092     rts2800_ml.lib : k_sinf.c.obj (.text)
                  003ecd20    00000090     CSMON_C28xx.lib : csmon.obj (.text:_CSMON_vSetDateTimeAutorization)
                  003ecdb0    0000008d                     : csmon.obj (.text:_CSMON_vInitRecorders)
                  003ece3d    0000008c                     : csmon.obj (.text:_CSMON_vPrepareFileParameterAccessList)
                  003ecec9    0000008b     rts2800_ml.lib : fd_div28.asm.obj (.text)
                  003ecf54    00000087     CSMON_C28xx.lib : hmrecparam.obj (.text:_HMRECPRM_SetUpRecParamStatusDateTime)
                  003ecfdb    00000087     rts2800_ml.lib : k_cosf.c.obj (.text)
                  003ed062    00000083     CSMON_C28xx.lib : hmdrv.obj (.text:_HMDRV_CopyFromBufferInternalModbus)
                  003ed0e5    00000083     rts2800_ml.lib : fd_mpy28.asm.obj (.text)
                  003ed168    00000083                    : fs_div28.asm.obj (.text)
                  003ed1eb    0000007f     CSMON_C28xx.lib : hmserial.obj (.text:_HMSERIAL_vProcessSCI)
                  003ed26a    0000007e                     : hmrecparam.obj (.text:_HMRECPRM_vTimeSync)
                  003ed2e8    0000007c                     : csmon.obj (.text:_CSMON_u32GetParameterStringCheckSum)
                  003ed364    00000078     rts2800_ml.lib : fs_add28.asm.obj (.text)
                  003ed3dc    00000076     main.obj (.text:_ScopesInitialization)
                  003ed452    0000006a     CSMON_C28xx.lib : hmprotocol.obj (.text:_HMPROTOCOL_GetBoardInfo)
                  003ed4bc    0000006a                     : hmserial.obj (.text:_HMSERIAL_Rx)
                  003ed526    00000067                     : hmmodbus.obj (.text:_HMMODBUS_CopyFromBuffer)
                  003ed58d    00000066                     : hmmodbus.obj (.text:_HMMODBUS_vProcessSCI)
                  003ed5f3    00000064                     : hmrec.obj (.text:_HMREC_vProcess)
                  003ed657    00000063                     : hmmodbus.obj (.text:_HMMODBUS_CopyToBufferCoil)
                  003ed6ba    0000005f                     : csmon.obj (.text:_CSMON_u32GetParameterNumbCheckSum)
                  003ed719    0000005f                     : csmon.obj (.text:_CSMON_u32GetParameterShortNameCheckSum)
                  003ed778    0000005f                     : hmmodbus.obj (.text:_HMMODBUS_CopyFromBufferCoil)
                  003ed7d7    0000005f     F2806x_SysCtrl.obj (.text:_InitPeripheralClocks)
                  003ed836    0000005d     CSMON_C28xx.lib : uart_drv.obj (.text:_UART_RXInterrupt)
                  003ed893    0000005c                     : hmmodbus.obj (.text:_HMMODBUS_GetCoilFunction)
                  003ed8ef    0000005c                     : hmmodbus.obj (.text:_HMMODBUS_GetRegisterFunction)
                  003ed94b    0000005a                     : csmon.obj (.text:_CSMON_vRecorderParamStartStopProcess)
                  003ed9a5    0000005a     rts2800_ml.lib : fs_mpy28.asm.obj (.text)
                  003ed9ff    00000059     CSMON_C28xx.lib : csmon.obj (.text:_CSMON_vSetupHoldingRegistersAndCoilsAddressTableAccessAll)
                  003eda58    00000059                     : csmon.obj (.text:_CSMON_vUpdateDateTimeFromApplication)
                  003edab1    00000059                     : hmmodbus.obj (.text:_vSetElementsSize)
                  003edb0a    00000057                     : csmon.obj (.text:_CSMON_bCheckValidDateTime)
                  003edb61    00000057     uart_driver.obj (.text:_UART_DRV_RXInterrupt)
                  003edbb8    00000055     CSMON_C28xx.lib : modbusreg.obj (.text:_MODBUSREG_FileRecorderExternalUpdateInit)
                  003edc0d    00000054                     : hmlib.obj (.text:_HMLIB_vInit)
                  003edc61    00000054     rts2800_ml.lib : boot28.asm.obj (.text)
                  003edcb5    00000052     CSMON_C28xx.lib : csmon.obj (.text:_CSMON_vLoadRecorderConfigTrigger)
                  003edd07    00000051     F2806x_SysCtrl.obj (.text:_InitPll)
                  003edd58    00000050     CSMON_C28xx.lib : csmon.obj (.text:_CSMON_eSetExternalRecorderUsage)
                  003edda8    0000004f     device.obj (.text:_Device_CsmUnlock)
                  003eddf7    0000004e     CSMON_C28xx.lib : hmrecparam.obj (.text:_HMRECPRM_StartRecParam)
                  003ede45    0000004b                     : csmon.obj (.text:_CSMON_vSetupInputRegistersAndCoilsAddressTableAccessAll)
                  003ede90    0000004a                     : csmon.obj (.text:_CSMON_eSetRecorderTriggerAtPosition)
                  003ededa    00000047                     : hmmodbus.obj (.text:_HMMODBUS_CopyToBuffer)
                  003edf21    00000047                     : hmscopeparam.obj (.text:_HMSCOPEPRM_SetUpScope)
                  003edf68    00000043                     : hmscopeparam.obj (.text:_HMSCOPEPRM_ReadScope)
                  003edfab    00000042                     : hmdrv.obj (.text:_HMDRV_CopyFromBufferInternalCoil)
                  003edfed    00000042                     : hmmodbus.obj (.text:_HMMODBUS_vSendResponse)
                  003ee02f    00000042     interrupt.obj (.text:_Interrupt_enable)
                  003ee071    0000003f     gpio.obj (.text:_GPIO_setPadConfig)
                  003ee0b0    0000003f     CSMON_C28xx.lib : hmdrv.obj (.text:_HMDRV_CopyFromBufferInternal)
                  003ee0ef    0000003d                     : hmmodbus.obj (.text:_vSetStartSampleIndex)
                  003ee12c    0000003c     tmr_drv.obj (.text:_configCPUTimer)
                  003ee168    0000003b     CSMON_C28xx.lib : csmon.obj (.text:_CSMON_eSetRecorderConfigurationSkipSamples)
                  003ee1a3    0000003b                     : hmscope.obj (.text:_HMSCOPE_SetUpScope)
                  003ee1de    00000038                     : hmdrv.obj (.text:_HMDRV_CopyToBufferInternalCoil)
                  003ee216    00000038                     : uart_drv.obj (.text:_UART_ReadDataRx)
                  003ee24e    00000037                     : csmon.obj (.text:_CSMON_u32GetRealAddressAndSizeOffsetFromParameter)
                  003ee285    00000036                     : hmscope.obj (.text:_HMSCOPE_ReadScope)
                  003ee2bb    00000036                     : hmserial.obj (.text:_HMSERIAL_vSendResponse)
                  003ee2f1    00000035                     : hmdrv.obj (.text:_HMDRV_CopyToBufferInternal)
                  003ee326    00000035     tmr_drv.obj (.text:_TMR_vInit)
                  003ee35b    00000034     CSMON_C28xx.lib : csmon.obj (.text:_CSMON_eSetParameterInRecorderAtPosition)
                  003ee38f    00000033                     : hmmodbus.obj (.text:_HMMODBUS_Listen)
                  003ee3c2    00000032                     : csmon.obj (.text:_CSMON_eSetParameterInScopeAtPosition)
                  003ee3f4    00000032     device.obj (.text:_Device_init)
                  003ee426    00000031     CSMON_C28xx.lib : csmon.obj (.text:_CSMON_u32GetParameterAuxCheckSum)
                  003ee457    00000030     gpio.obj (.text:_GPIO_setPinConfig)
                  003ee487    0000002f     CSMON_C28xx.lib : hmmodbus.obj (.text:_HMMODBUS_CopyFromBufferSingleCoil)
                  003ee4b6    0000002e                     : csmon.obj (.text:_CSMON_vRecorderParamSetupProcess)
                  003ee4e4    0000002e                     : hmserial.obj (.text:_HMSERIAL_vProcessSCIFreemasterOnly)
                  003ee512    0000002d                     : hmdrv.obj (.text:_HMDRV_CopyToBufferInternalModbusCoil)
                  003ee53f    0000002d                     : hmserial.obj (.text:_HMSERIAL_Listen)
                  003ee56c    0000002d                     : hmrecparam.obj (.text:_RecorderTimeFromLocalDateTime)
                  003ee599    0000002d     tmr_drv.obj (.text:_TMR_vInitCPUTimers)
                  003ee5c6    0000002b     CSMON_C28xx.lib : hmrecparam.obj (.text:_FillTimeData)
                  003ee5f1    0000002a     rts2800_ml.lib : fd_cmp28.asm.obj (.text)
                  003ee61b    00000029                    : exit.c.obj (.text)
                  003ee644    00000029                    : fs_tol28.asm.obj (.text)
                  003ee66d    00000028     CSMON_C28xx.lib : csmon.obj (.text:_CSMON_bAutorizationPasswordCheck)
                  003ee695    00000027                     : csmon.obj (.text:_CSMON_u32GetParameterCheckSum)
                  003ee6bc    00000027                     : csmon.obj (.text:_CSMON_vSaveRecorderConfig)
                  003ee6e3    00000027                     : hmdrv.obj (.text:_HMDRV_CopyFromBufferInternalModbusSingleCoil)
                  003ee70a    00000027                     : hmserial.obj (.text:_HMSERIAL_vProcessSCITXISR)
                  003ee731    00000026                     : hmdrv.obj (.text:_HMDRV_CopyFromBufferInternalWithMaskModbus)
                  003ee757    00000026                     : hmmodbus.obj (.text:_HMMODBUS_CopyToBufferSingleCoil)
                  003ee77d    00000025                     : hmserial.obj (.text:_HMSERIAL_Tx)
                  003ee7a2    00000025     rts2800_ml.lib : fs_toi28.asm.obj (.text)
                  003ee7c7    00000024     CSMON_C28xx.lib : csmon.obj (.text:_CSMON_vAutorizationReset)
                  003ee7eb    00000024                     : hmprotocol.obj (.text:_HMPROTOCOL_ReadMem)
                  003ee80f    00000024                     : hmrecparam.obj (.text:_RecorderDateFromLocalDateTime)
                  003ee833    00000024     sci_driver.obj (.text:_SCIA_DRV_RXFIFOISR)
                  003ee857    00000024     sci_driver.obj (.text:_SCIA_DRV_TXFIFOISR)
                  003ee87b    00000024     sci_drv.obj (.text:_SCIA_RXFIFOISR)
                  003ee89f    00000024     sci_drv.obj (.text:_SCIA_TXFIFOISR)
                  003ee8c3    00000024     sci_driver.obj (.text:_SCIB_DRV_RXFIFOISR)
                  003ee8e7    00000024     sci_driver.obj (.text:_SCIB_DRV_TXFIFOISR)
                  003ee90b    00000024     sci_drv.obj (.text:_SCIB_RXFIFOISR)
                  003ee92f    00000024     sci_drv.obj (.text:_SCIB_TXFIFOISR)
                  003ee953    00000024     CSMON_C28xx.lib : hmmodbus.obj (.text:_vSetSampleCountAvailable)
                  003ee977    00000024     rts2800_ml.lib : cpy_tbl.c.obj (.text)
                  003ee99b    00000023     CSMON_C28xx.lib : modbusreg.obj (.text:_MODBUSREG_FileRecorderElementSizeTableUsedSizeUpdateInit)
                  003ee9be    00000023     rts2800_ml.lib : s_copysign.c.obj (.text)
                  003ee9e1    00000022     gpio.obj (.text:_GPIO_setQualificationMode)
                  003eea03    00000022     CSMON_C28xx.lib : hmdrv.obj (.text:_HMDRV_CopyFromBufferInternalModbusCoil)
                  003eea25    00000022     rts2800_ml.lib : i_div28.asm.obj (.text)
                  003eea47    00000021     CSMON_C28xx.lib : hmdrv.obj (.text:_HMDRV_CopyFromBufferInternalWithMask)
                  003eea68    00000021                     : hmdrv.obj (.text:_HMDRV_vProcess)
                  003eea89    00000021     rts2800_ml.lib : fd_tofs28.asm.obj (.text)
                  003eeaaa    00000021                    : fs_toul28.asm.obj (.text)
                  003eeacb    00000020     CSMON_C28xx.lib : hmmodbus.obj (.text:_vSetSampleCountBuffer)
                  003eeaeb    0000001f                     : csmon.obj (.text:_CSMON_u16FindIndexParameterTable)
                  003eeb0a    0000001f     gpio.obj (.text:_GPIO_setDirectionMode)
                  003eeb29    0000001f     F2806x_PieCtrl.obj (.text:_InitPieCtrl)
                  003eeb48    0000001f     CSMON_C28xx.lib : hmmodbus.obj (.text:_vSetSampleSize)
                  003eeb67    0000001f     rts2800_ml.lib : fd_tol28.asm.obj (.text)
                  003eeb86    0000001e     CSMON_C28xx.lib : csmon.obj (.text:_CSMON_eApplyParameterChanges)
                  003eeba4    0000001d                     : hmrecparam.obj (.text:_HMRECPRM_GetRecBuffFreemaster)
                  003eebc1    0000001d                     : hmrec.obj (.text:_HMREC_GetRecBuffFreemaster)
                  003eebde    0000001d     rts2800_ml.lib : fs_tou28.asm.obj (.text)
                  003eebfb    0000001d                    : memcpy.c.obj (.text)
                  003eec18    0000001c     main.obj (.text:_CSMON_vGetDateTime)
                  003eec34    0000001c     CSMON_C28xx.lib : csmon.obj (.text:_HMRECPRM_vGetDateTime)
                  003eec50    0000001c     sci.obj (.text:_SCI_clearInterruptStatus)
                  003eec6c    0000001c     CSMON_C28xx.lib : hmmodbus.obj (.text:_vSetIndexFileTable)
                  003eec88    0000001c     rts2800_ml.lib : fs_tofd28.asm.obj (.text)
                  003eeca4    0000001c                    : l_tofd28.asm.obj (.text)
                  003eecc0    0000001b     CSMON_C28xx.lib : csmon.obj (.text:_CSMON_eSetParameterCountInRecorder)
                  003eecdb    0000001b                     : csmon.obj (.text:_CSMON_vFileParameterCountCheckSumUpdate)
                  003eecf6    0000001b                     : hmdrv.obj (.text:_HMDRV_AddressToBuffer)
                  003eed11    0000001b                     : hmmodbus.obj (.text:_HMMODBUS_vInit)
                  003eed2c    0000001b     rts2800_ml.lib : fd_toul28.asm.obj (.text)
                  003eed47    0000001a     CSMON_C28xx.lib : hmmodbus.obj (.text:_HMMODBUS_vProcessSCITXISR)
                  003eed61    0000001a                     : hmrecparam.obj (.text:_HMRECPRM_StartRec)
                  003eed7b    0000001a                     : hmserial.obj (.text:_HMSERIAL_vProcessSCITXISRFreemasterOnly)
                  003eed95    0000001a     sci.obj (.text:_SCI_disableInterrupt)
                  003eedaf    0000001a     sci.obj (.text:_SCI_enableInterrupt)
                  003eedc9    0000001a     rts2800_ml.lib : l_tofs28.asm.obj (.text)
                  003eede3    00000019     CSMON_C28xx.lib : hmdrv.obj (.text:_HMDRV_AddressFromBuffer)
                  003eedfc    00000019                     : hmmodbus.obj (.text:_HMMODBUS_GetRealQueueNumber)
                  003eee15    00000019                     : uart_drv.obj (.text:_UART_vInit)
                  003eee2e    00000019                     : hmmodbus.obj (.text:_bGetFileReadAccess)
                  003eee47    00000019     rts2800_ml.lib : prolog28.asm.obj (.text)
                  003eee60    00000018     CSMON_C28xx.lib : csmon.obj (.text:_CSMON_u32GetFreeRunningTimerMicroseconds)
                  003eee78    00000018                     : hmlib.obj (.text:_HMLIB_vProcessSCITXISRWithIndex)
                  003eee90    00000018     F2806x_SysCtrl.obj (.text:_InitSysCtrl)
                  003eeea8    00000018     rts2800_ml.lib : ll_aox28.asm.obj (.text)
                  003eeec0    00000017     CSMON_C28xx.lib : hmmodbus.obj (.text:_HMMODBUS_Tx)
                  003eeed7    00000017                     : hmmodbus.obj (.text:_HMMODBUS_vProcessTxDelay)
                  003eeeee    00000017                     : hmprotocol.obj (.text:_HMPROTOCOL_WriteMem)
                  003eef05    00000017                     : hmprotocol.obj (.text:_HMPROTOCOL_WriteMemMask)
                  003eef1c    00000017                     : hmmodbus.obj (.text:_vSetBufferAddressStart)
                  003eef33    00000017     rts2800_ml.lib : fs_cmp28.asm.obj (.text)
                  003eef4a    00000017                    : u_tofd28.asm.obj (.text)
                  003eef61    00000016     CSMON_C28xx.lib : csmon.obj (.text:_CSMON_eSetParameterCountInScope)
                  003eef77    00000016                     : hmdrv.obj (.text:_HMDRV_AddressFromBufferBigEndian)
                  003eef8d    00000016                     : hmdrv.obj (.text:_HMDRV_CopyToBufferInternalModbusSingleCoil)
                  003eefa3    00000015                     : csmon.obj (.text:_CSMON_eResetParameterTable)
                  003eefb8    00000015                     : csmon.obj (.text:_GPIO_writePin)
                  003eefcd    00000015                     : hmrecparam.obj (.text:_HMRECPRM_Comparefloat)
                  003eefe2    00000015                     : hmrec.obj (.text:_HMREC_Comparefloat)
                  003eeff7    00000015                     : hmrec.obj (.text:_HMREC_StartRec)
                  003ef00c    00000015     F2806x_Gpio.obj (.text:_InitGpio)
                  003ef021    00000014     CSMON_C28xx.lib : hmlib.obj (.text:_HMLIB_vProcessFastTD)
                  003ef035    00000014                     : hmmodbus.obj (.text:_HMMODBUS_DelayedTx)
                  003ef049    00000014                     : hmrecparam.obj (.text:_HMRECPRM_StopRecParam)
                  003ef05d    00000014                     : hmserial.obj (.text:_HMSERIAL_DelayedTx)
                  003ef071    00000013                     : csmon.obj (.text:_CSMON_eSetFlagProcessPassed)
                  003ef084    00000013                     : hmmodbus.obj (.text:_HMMODBUS_vSetupQueueRegistersAddressTable)
                  003ef097    00000013     rts2800_ml.lib : ul_tofs28.asm.obj (.text)
                  003ef0aa    00000012     CSMON_C28xx.lib : csmon.obj (.text:_CSMON_vInitHoldingRegistersTableChanges)
                  003ef0bc    00000012                     : hmdrv.obj (.text:_HMDRV_GetStringLengthFromWordInternal)
                  003ef0ce    00000012                     : hmrecparam.obj (.text:_HMRECPRM_CompareBOOL)
                  003ef0e0    00000012                     : modbusreg.obj (.text:_MODBUSREG_vFileDenyAccess)
                  003ef0f2    00000012                     : modbusreg.obj (.text:_MODBUSREG_vInitHoldingRegistersTableChanges)
                  003ef104    00000012                     : uart_drv.obj (.text:_UART_TxDis)
                  003ef116    00000012                     : uart_drv.obj (.text:_UART_TxEna)
                  003ef128    00000012                     : uart_drv.obj (.text:_UART_TxIntDis)
                  003ef13a    00000012                     : uart_drv.obj (.text:_UART_TxIntEna)
                  003ef14c    00000011     main.obj (.text:_CSMON_vSetDateTime)
                  003ef15d    00000011     CSMON_C28xx.lib : hmserial.obj (.text:_HMSERIAL_vInit)
                  003ef16e    00000011     F2806x_PieVect.obj (.text:_InitPieVectTable)
                  003ef17f    00000011     main.obj (.text:_vSetWatchdogPrescalerTimeDiv)
                  003ef190    00000011     rts2800_ml.lib : args_main.c.obj (.text)
                  003ef1a1    00000010     device.obj (.text:_Example_MemCopy)
                  003ef1b1    00000010     CSMON_C28xx.lib : hmlib.obj (.text:_HMLIB_vInitRecParamBuff)
                  003ef1c1    00000010     F2806x_SysCtrl.obj (.text:_IntOsc1Sel)
                  003ef1d1    00000010     CSMON_C28xx.lib : hmmodbus.obj (.text:_bIsValidEndAddressInBuffer)
                  003ef1e1    00000010                     : hmdrv.obj (.text:_scia_echoback_init)
                  003ef1f1    00000010                     : hmdrv.obj (.text:_scib_echoback_init)
                  003ef201    00000010                     : hmmodbus.obj (.text:_u32BytesMemoryToBytesModbus)
                  003ef211    00000010                     : hmmodbus.obj (.text:_u32BytesModbusToBytesMemory)
                  003ef221    00000010     main.obj (.text:_vGetWatchdogPrescaler)
                  003ef231    00000010     rts2800_ml.lib : u_tofs28.asm.obj (.text)
                  003ef241    0000000f     CSMON_C28xx.lib : hmlib.obj (.text:_HMLIB_GetRecBuffAddress)
                  003ef250    0000000f                     : hmlib.obj (.text:_HMLIB_vProcessRecorders)
                  003ef25f    0000000f                     : hmmodbus.obj (.text:_HMMODBUS_CalcCRC)
                  003ef26e    0000000f                     : uart_drv.obj (.text:_UART_IsTxEmpty)
                  003ef27d    0000000e                     : hmdrv.obj (.text:_HMDRV_GetStringLengthInternal)
                  003ef28b    0000000e                     : hmlib.obj (.text:_HMLIB_GetRecBufferSize)
                  003ef299    0000000e                     : hmlib.obj (.text:_HMLIB_GetRecSampleSize)
                  003ef2a7    0000000e                     : hmrecparam.obj (.text:_HMRECPRM_Compare16S)
                  003ef2b5    0000000e                     : hmrecparam.obj (.text:_HMRECPRM_Compare16U)
                  003ef2c3    0000000e                     : hmrecparam.obj (.text:_HMRECPRM_Compare32S)
                  003ef2d1    0000000e                     : hmrecparam.obj (.text:_HMRECPRM_Compare32U)
                  003ef2df    0000000e                     : hmrecparam.obj (.text:_HMRECPRM_Compare8S)
                  003ef2ed    0000000e                     : hmrecparam.obj (.text:_HMRECPRM_Compare8U)
                  003ef2fb    0000000e                     : hmrec.obj (.text:_HMREC_Compare16S)
                  003ef309    0000000e                     : hmrec.obj (.text:_HMREC_Compare16U)
                  003ef317    0000000e                     : hmrec.obj (.text:_HMREC_Compare32S)
                  003ef325    0000000e                     : hmrec.obj (.text:_HMREC_Compare32U)
                  003ef333    0000000e                     : hmrec.obj (.text:_HMREC_Compare8S)
                  003ef341    0000000e                     : hmrec.obj (.text:_HMREC_Compare8U)
                  003ef34f    0000000e                     : hmmodbus.obj (.text:_u32FitAddressCircleBufferInside)
                  003ef35d    0000000e     rts2800_ml.lib : fd_sub28.asm.obj (.text)
                  003ef36b    0000000d     CSMON_C28xx.lib : hmdrv.obj (.text:_HMDRV_CopyFromBufferInternalSingleCoil)
                  003ef378    0000000d                     : hmrecparam.obj (.text:_HMRECPRM_IsJustStopped)
                  003ef385    0000000d                     : hmrecparam.obj (.text:_HMRECPRM_StopRec)
                  003ef392    0000000d                     : hmrec.obj (.text:_HMREC_StopRec)
                  003ef39f    0000000d                     : modbusreg.obj (.text:_MODBUSREG_vFileAllowAccess)
                  003ef3ac    0000000d     tmr_drv.obj (.text:_TIMER_vSetupTimerMainFunctionDelayCompare)
                  003ef3b9    0000000d     CSMON_C28xx.lib : uart_drv.obj (.text:_UART_ReadDataRxAvailable)
                  003ef3c6    0000000c                     : hmdrv.obj (.text:_HMDRV_CopyToBufferInternalSingleCoil)
                  003ef3d2    0000000c                     : hmlib.obj (.text:_HMLIB_vProcess)
                  003ef3de    0000000c                     : hmrecparam.obj (.text:_HMRECPRM_GetBufferRecParamPtrAddress)
                  003ef3ea    0000000c                     : hmrecparam.obj (.text:_HMRECPRM_TriggerRec)
                  003ef3f6    0000000c                     : hmmodbus.obj (.text:_u32FixAddressCircleBufferOverflow)
                  003ef402    0000000c     rts2800_ml.lib : epilog28.asm.obj (.text)
                  003ef40e    0000000b     CSMON_C28xx.lib : hmmodbus.obj (.text:_HMMODBUS_vProcessFastTD)
                  003ef419    0000000b                     : hmrecparam.obj (.text:_HMRECPRM_IsRunning)
                  003ef424    0000000b                     : hmrecparam.obj (.text:_HMRECPRM_vResetAllStopDetections)
                  003ef42f    0000000b                     : hmserial.obj (.text:_HMSERIAL_vProcessFastTD)
                  003ef43a    0000000b                     : modbusreg.obj (.text:_MODBUSREG_vDataZero)
                  003ef445    0000000b     sci_driver.obj (.text:_SCI_DRV_eGetModuleIndexFromBase)
                  003ef450    0000000b     sci_drv.obj (.text:_SCI_eGetModuleIndexFromBase)
                  003ef45b    0000000b     tmr_drv.obj (.text:_TMR1_ISR)
                  003ef466    0000000b     CSMON_C28xx.lib : hmmodbus.obj (.text:_bIsValidIndexFileTable)
                  003ef471    0000000b     rts2800_ml.lib : u_div28.asm.obj (.text)
                  003ef47c    0000000a     CSMON_C28xx.lib : hmrecparam.obj (.text:_HMRECPRM_ClrLastStopDetectionToRecorderStopSamplesCounter)
                  003ef486    0000000a                     : hmrecparam.obj (.text:_HMRECPRM_GetRecStatus)
                  003ef490    0000000a                     : hmrec.obj (.text:_HMREC_GetRecStatus)
                  003ef49a    00000009                     : csmon.obj (.text:_CSMON_eSetServerOnStatus)
                  003ef4a3    00000009                     : hmmodbus.obj (.text:_HMMODBUS_vProcessFreeTimer)
                  003ef4ac    00000009                     : hmmodbus.obj (.text:_HMMODBUS_vProcessRxDelay)
                  003ef4b5    00000009                     : hmmodbus.obj (.text:_HMMODBUS_vSetupRegisterDummy)
                  003ef4be    00000009                     : hmrecparam.obj (.text:_HMRECPRM_GetExternBufferRecParamLastPointedAddress)
                  003ef4c7    00000009                     : hmrecparam.obj (.text:_HMRECPRM_GetExternBufferRecParamPtrAddress)
                  003ef4d0    00000009                     : hmrecparam.obj (.text:_HMRECPRM_vDisableAllStopDetections)
                  003ef4d9    00000009                     : hmrec.obj (.text:_HMREC_TriggerRec)
                  003ef4e2    00000009                     : hmscopeparam.obj (.text:_HMSCOPEPRM_GetBufferScopeParamAddress)
                  003ef4eb    00000009                     : hmserial.obj (.text:_HMSERIAL_vProcessFreeTimer)
                  003ef4f4    00000009     tmr_drv.obj (.text:_TIMER_vResetTimerMainFunctionDelayCounter)
                  003ef4fd    00000009     tmr_drv.obj (.text:_TIMER_vSetupTimerMainDelayedFunctionSendData)
                  003ef506    00000009     CSMON_C28xx.lib : uart_drv.obj (.text:_UART_PutChar)
                  003ef50f    00000009                     : uart_drv.obj (.text:_UART_ReadDataRxTimeDiff)
                  003ef518    00000009     rts2800_ml.lib : _lock.c.obj (.text)
                  003ef521    00000009                    : fd_neg28.asm.obj (.text)
                  003ef52a    00000008     Example_Flash2806x_CsmKeys.obj (.text)
                  003ef532    00000008     CSMON_C28xx.lib : csmon.obj (.text:_CSMON_vInitScopes)
                  003ef53a    00000008     F2806x_SysCtrl.obj (.text:_DisableDog)
                  003ef542    00000008     CSMON_C28xx.lib : hmdrv.obj (.text:_HMDRV_CopyFromBufferWithMaskModbus)
                  003ef54a    00000008                     : hmmodbus.obj (.text:_HMMODBUS_vSetupHoldingRegistersAddressTable)
                  003ef552    00000008                     : hmrecparam.obj (.text:_HMRECPRM_GetExternRecParamAddress)
                  003ef55a    00000008                     : hmrecparam.obj (.text:_HMRECPRM_GetExternRecParamPtrMaximumUsedSampleCount)
                  003ef562    00000008                     : hmrecparam.obj (.text:_HMRECPRM_GetExternRecParamPtrSampleSize)
                  003ef56a    00000008                     : hmrecparam.obj (.text:_HMRECPRM_GetRecParamPtrAvailableSampleCount)
                  003ef572    00000008                     : hmrecparam.obj (.text:_HMRECPRM_GetRecParamPtrLastSampleIndex)
                  003ef57a    00000008                     : hmrecparam.obj (.text:_HMRECPRM_GetRecParamPtrMaximumUsedSampleCount)
                  003ef582    00000008                     : hmrecparam.obj (.text:_HMRECPRM_GetRecParamPtrSampleSize)
                  003ef58a    00000008                     : hmrecparam.obj (.text:_HMRECPRM_GetStatusInternalRecParamAddress)
                  003ef592    00000008                     : hmrecparam.obj (.text:_HMRECPRM_GetStatusRecParamAddress)
                  003ef59a    00000008                     : hmrecparam.obj (.text:_HMRECPRM_vInit)
                  003ef5a2    00000008                     : hmrec.obj (.text:_HMREC_vInit)
                  003ef5aa    00000008                     : hmdrv.obj (.text:_scia_fifo_init)
                  003ef5b2    00000008                     : hmdrv.obj (.text:_scib_fifo_init)
                  003ef5ba    00000007     F2806x_DisInt.obj (.text)
                  003ef5c1    00000007     CSMON_C28xx.lib : hmlib.obj (.text:_HMLIB_vProcessDifferentPorts)
                  003ef5c8    00000007                     : hmscopeparam.obj (.text:_HMSCOPEPRM_GetStatusScopeParamAddress)
                  003ef5cf    00000007     sci_driver.obj (.text:_SCI_DRV_u32GetBaseFromModuleIndex)
                  003ef5d6    00000007     sci_drv.obj (.text:_SCI_u32GetBaseFromModuleIndex)
                  003ef5dd    00000006     cputimer.obj (.text:_CPUTimer_setEmulationMode)
                  003ef5e3    00000006     CSMON_C28xx.lib : hmmodbus.obj (.text:_HMMODBUS_vSetupActiveQueueIndex)
                  003ef5e9    00000006                     : hmmodbus.obj (.text:_HMMODBUS_vSetupCoilDummy)
                  003ef5ef    00000006                     : hmmodbus.obj (.text:_HMMODBUS_vSetupHoldingCoilsAddressTable)
                  003ef5f5    00000006                     : hmmodbus.obj (.text:_HMMODBUS_vSetupHoldingRegistersAddressTableInRam)
                  003ef5fb    00000006                     : hmmodbus.obj (.text:_HMMODBUS_vSetupInputCoilsAddressTable)
                  003ef601    00000006                     : hmmodbus.obj (.text:_HMMODBUS_vSetupInputRegistersAddressTable)
                  003ef607    00000006                     : hmmodbus.obj (.text:_HMMODBUS_vSetupInputRegistersAddressTableInRam)
                  003ef60d    00000006                     : hmrecparam.obj (.text:_HMRECPRM_SetUpRecBuff)
                  003ef613    00000006                     : hmrec.obj (.text:_HMREC_SetUpRecBuff)
                  003ef619    00000006     tmr_drv.obj (.text:_TIMER_u16ResetTimerMainPeriod)
                  003ef61f    00000006     uart_driver.obj (.text:_UART_DRV_GetChar)
                  003ef625    00000006     CSMON_C28xx.lib : uart_drv.obj (.text:_UART_GetChar)
                  003ef62b    00000005     F2806x_DefaultIsr.obj (.text:_ADCINT1_ISR)
                  003ef630    00000005     F2806x_DefaultIsr.obj (.text:_ADCINT2_ISR)
                  003ef635    00000005     F2806x_DefaultIsr.obj (.text:_ADCINT3_ISR)
                  003ef63a    00000005     F2806x_DefaultIsr.obj (.text:_ADCINT4_ISR)
                  003ef63f    00000005     F2806x_DefaultIsr.obj (.text:_ADCINT5_ISR)
                  003ef644    00000005     F2806x_DefaultIsr.obj (.text:_ADCINT6_ISR)
                  003ef649    00000005     F2806x_DefaultIsr.obj (.text:_ADCINT7_ISR)
                  003ef64e    00000005     F2806x_DefaultIsr.obj (.text:_ADCINT8_ISR)
                  003ef653    00000005     F2806x_DefaultIsr.obj (.text:_ADCINT9_ISR)
                  003ef658    00000005     F2806x_DefaultIsr.obj (.text:_CLA1_INT1_ISR)
                  003ef65d    00000005     F2806x_DefaultIsr.obj (.text:_CLA1_INT2_ISR)
                  003ef662    00000005     F2806x_DefaultIsr.obj (.text:_CLA1_INT3_ISR)
                  003ef667    00000005     F2806x_DefaultIsr.obj (.text:_CLA1_INT4_ISR)
                  003ef66c    00000005     F2806x_DefaultIsr.obj (.text:_CLA1_INT5_ISR)
                  003ef671    00000005     F2806x_DefaultIsr.obj (.text:_CLA1_INT6_ISR)
                  003ef676    00000005     F2806x_DefaultIsr.obj (.text:_CLA1_INT7_ISR)
                  003ef67b    00000005     F2806x_DefaultIsr.obj (.text:_CLA1_INT8_ISR)
                  003ef680    00000005     CSMON_C28xx.lib : csmon.obj (.text:_CSMON_eSetAutoServiceWatchdogInternalSlowCalculationsInMainLoop)
                  003ef685    00000005                     : csmon.obj (.text:_CSMON_eSetFirmwareApplicationVersion)
                  003ef68a    00000005                     : csmon.obj (.text:_CSMON_eSetMaxTimeInISR)
                  003ef68f    00000005                     : csmon.obj (.text:_CSMON_eSetMinGuaranteedTimeBetweenTwoISRs)
                  003ef694    00000005                     : csmon.obj (.text:_CSMON_u16ParametersAccessListIndexGenerate)
                  003ef699    00000005                     : csmon.obj (.text:_CSMON_u32GetFreeRunningTimerTicks)
                  003ef69e    00000005                     : csmon.obj (.text:_CSMON_vSetDateTimeRequest)
                  003ef6a3    00000005     F2806x_DefaultIsr.obj (.text:_DATALOG_ISR)
                  003ef6a8    00000005     F2806x_DefaultIsr.obj (.text:_DINTCH1_ISR)
                  003ef6ad    00000005     F2806x_DefaultIsr.obj (.text:_DINTCH2_ISR)
                  003ef6b2    00000005     F2806x_DefaultIsr.obj (.text:_DINTCH3_ISR)
                  003ef6b7    00000005     F2806x_DefaultIsr.obj (.text:_DINTCH4_ISR)
                  003ef6bc    00000005     F2806x_DefaultIsr.obj (.text:_DINTCH5_ISR)
                  003ef6c1    00000005     F2806x_DefaultIsr.obj (.text:_DINTCH6_ISR)
                  003ef6c6    00000005     F2806x_DefaultIsr.obj (.text:_ECAN0INTA_ISR)
                  003ef6cb    00000005     F2806x_DefaultIsr.obj (.text:_ECAN1INTA_ISR)
                  003ef6d0    00000005     F2806x_DefaultIsr.obj (.text:_ECAP1_INT_ISR)
                  003ef6d5    00000005     F2806x_DefaultIsr.obj (.text:_ECAP2_INT_ISR)
                  003ef6da    00000005     F2806x_DefaultIsr.obj (.text:_ECAP3_INT_ISR)
                  003ef6df    00000005     F2806x_DefaultIsr.obj (.text:_EMPTY_ISR)
                  003ef6e4    00000005     F2806x_DefaultIsr.obj (.text:_EMUINT_ISR)
                  003ef6e9    00000005     F2806x_DefaultIsr.obj (.text:_EPWM1_INT_ISR)
                  003ef6ee    00000005     F2806x_DefaultIsr.obj (.text:_EPWM1_TZINT_ISR)
                  003ef6f3    00000005     F2806x_DefaultIsr.obj (.text:_EPWM2_INT_ISR)
                  003ef6f8    00000005     F2806x_DefaultIsr.obj (.text:_EPWM2_TZINT_ISR)
                  003ef6fd    00000005     F2806x_DefaultIsr.obj (.text:_EPWM3_INT_ISR)
                  003ef702    00000005     F2806x_DefaultIsr.obj (.text:_EPWM3_TZINT_ISR)
                  003ef707    00000005     F2806x_DefaultIsr.obj (.text:_EPWM4_INT_ISR)
                  003ef70c    00000005     F2806x_DefaultIsr.obj (.text:_EPWM4_TZINT_ISR)
                  003ef711    00000005     F2806x_DefaultIsr.obj (.text:_EPWM5_INT_ISR)
                  003ef716    00000005     F2806x_DefaultIsr.obj (.text:_EPWM5_TZINT_ISR)
                  003ef71b    00000005     F2806x_DefaultIsr.obj (.text:_EPWM6_INT_ISR)
                  003ef720    00000005     F2806x_DefaultIsr.obj (.text:_EPWM6_TZINT_ISR)
                  003ef725    00000005     F2806x_DefaultIsr.obj (.text:_EPWM7_INT_ISR)
                  003ef72a    00000005     F2806x_DefaultIsr.obj (.text:_EPWM7_TZINT_ISR)
                  003ef72f    00000005     F2806x_DefaultIsr.obj (.text:_EPWM8_INT_ISR)
                  003ef734    00000005     F2806x_DefaultIsr.obj (.text:_EPWM8_TZINT_ISR)
                  003ef739    00000005     F2806x_DefaultIsr.obj (.text:_EQEP1_INT_ISR)
                  003ef73e    00000005     F2806x_DefaultIsr.obj (.text:_EQEP2_INT_ISR)
                  003ef743    00000005     CSMON_C28xx.lib : hmlib.obj (.text:_HMLIB_vProcessSamePort)
                  003ef748    00000005                     : hmlib.obj (.text:_HMLIB_vRecorder0)
                  003ef74d    00000005                     : hmlib.obj (.text:_HMLIB_vRecorder1)
                  003ef752    00000005                     : hmlib.obj (.text:_HMLIB_vRecorder2)
                  003ef757    00000005                     : hmmodbus.obj (.text:_HMMODBUS_bGetReceivedMessage)
                  003ef75c    00000005                     : hmmodbus.obj (.text:_HMMODBUS_vFileTable)
                  003ef761    00000005                     : hmmodbus.obj (.text:_HMMODBUS_vSetupHoldingCoilsAddressTableInRam)
                  003ef766    00000005                     : hmmodbus.obj (.text:_HMMODBUS_vSetupInputCoilsAddressTableInRam)
                  003ef76b    00000005     F2806x_DefaultIsr.obj (.text:_HRCAP1_INT_ISR)
                  003ef770    00000005     F2806x_DefaultIsr.obj (.text:_HRCAP2_INT_ISR)
                  003ef775    00000005     F2806x_DefaultIsr.obj (.text:_HRCAP3_INT_ISR)
                  003ef77a    00000005     F2806x_DefaultIsr.obj (.text:_HRCAP4_INT_ISR)
                  003ef77f    00000005     F2806x_DefaultIsr.obj (.text:_I2CINT1A_ISR)
                  003ef784    00000005     F2806x_DefaultIsr.obj (.text:_I2CINT2A_ISR)
                  003ef789    00000005     F2806x_DefaultIsr.obj (.text:_ILLEGAL_ISR)
                  003ef78e    00000005     F2806x_DefaultIsr.obj (.text:_INT13_ISR)
                  003ef793    00000005     F2806x_DefaultIsr.obj (.text:_INT14_ISR)
                  003ef798    00000005     interrupt.obj (.text:_IntDefaultHandler)
                  003ef79d    00000005     F2806x_DefaultIsr.obj (.text:_LUF_ISR)
                  003ef7a2    00000005     F2806x_DefaultIsr.obj (.text:_LVF_ISR)
                  003ef7a7    00000005     F2806x_DefaultIsr.obj (.text:_MRINTA_ISR)
                  003ef7ac    00000005     F2806x_DefaultIsr.obj (.text:_MXINTA_ISR)
                  003ef7b1    00000005     F2806x_DefaultIsr.obj (.text:_NMI_ISR)
                  003ef7b6    00000005     F2806x_DefaultIsr.obj (.text:_PIE_RESERVED)
                  003ef7bb    00000005     F2806x_DefaultIsr.obj (.text:_RTOSINT_ISR)
                  003ef7c0    00000005     F2806x_DefaultIsr.obj (.text:_SCIRXINTA_ISR)
                  003ef7c5    00000005     F2806x_DefaultIsr.obj (.text:_SCIRXINTB_ISR)
                  003ef7ca    00000005     F2806x_DefaultIsr.obj (.text:_SCITXINTA_ISR)
                  003ef7cf    00000005     F2806x_DefaultIsr.obj (.text:_SCITXINTB_ISR)
                  003ef7d4    00000005     F2806x_DefaultIsr.obj (.text:_SPIRXINTA_ISR)
                  003ef7d9    00000005     F2806x_DefaultIsr.obj (.text:_SPIRXINTB_ISR)
                  003ef7de    00000005     F2806x_DefaultIsr.obj (.text:_SPITXINTA_ISR)
                  003ef7e3    00000005     F2806x_DefaultIsr.obj (.text:_SPITXINTB_ISR)
                  003ef7e8    00000005     tmr_drv.obj (.text:_TIMER_vSetupTimerMainDelayedData)
                  003ef7ed    00000005     F2806x_DefaultIsr.obj (.text:_TINT0_ISR)
                  003ef7f2    00000005     F2806x_DefaultIsr.obj (.text:_USB0_INT_ISR)
                  003ef7f7    00000005     F2806x_DefaultIsr.obj (.text:_USER10_ISR)
                  003ef7fc    00000005     F2806x_DefaultIsr.obj (.text:_USER11_ISR)
                  003ef801    00000005     F2806x_DefaultIsr.obj (.text:_USER12_ISR)
                  003ef806    00000005     F2806x_DefaultIsr.obj (.text:_USER1_ISR)
                  003ef80b    00000005     F2806x_DefaultIsr.obj (.text:_USER2_ISR)
                  003ef810    00000005     F2806x_DefaultIsr.obj (.text:_USER3_ISR)
                  003ef815    00000005     F2806x_DefaultIsr.obj (.text:_USER4_ISR)
                  003ef81a    00000005     F2806x_DefaultIsr.obj (.text:_USER5_ISR)
                  003ef81f    00000005     F2806x_DefaultIsr.obj (.text:_USER6_ISR)
                  003ef824    00000005     F2806x_DefaultIsr.obj (.text:_USER7_ISR)
                  003ef829    00000005     F2806x_DefaultIsr.obj (.text:_USER8_ISR)
                  003ef82e    00000005     F2806x_DefaultIsr.obj (.text:_USER9_ISR)
                  003ef833    00000005     F2806x_DefaultIsr.obj (.text:_WAKEINT_ISR)
                  003ef838    00000005     F2806x_DefaultIsr.obj (.text:_XINT1_ISR)
                  003ef83d    00000005     F2806x_DefaultIsr.obj (.text:_XINT2_ISR)
                  003ef842    00000005     F2806x_DefaultIsr.obj (.text:_XINT3_ISR)
                  003ef847    00000005     F2806x_DefaultIsr.obj (.text:_rsvd_ISR)
                  003ef84c    00000005     rts2800_ml.lib : fs_neg28.asm.obj (.text)
                  003ef851    00000004     CSMON_C28xx.lib : csmon.obj (.text:_CSMON_eRegisterWriteParElementCallbackFunction)
                  003ef855    00000004                     : csmon.obj (.text:_CSMON_eSetInternalTimerPeriod)
                  003ef859    00000004                     : csmon.obj (.text:_CSMON_eSetTimerPeriodISRFunctionRegister)
                  003ef85d    00000004                     : csmon.obj (.text:_CSMON_u32GetBaudError_PPM)
                  003ef861    00000004                     : csmon.obj (.text:_CSMON_vAddSetupRecorderParameterMask)
                  003ef865    00000004                     : csmon.obj (.text:_CSMON_vSetStartRecorderParameterMask)
                  003ef869    00000004                     : hmdrv.obj (.text:_HMDRV_SetExAddr)
                  003ef86d    00000004                     : hmdrv.obj (.text:_HMDRV_u32GetDeviceSYSCLKFreq)
                  003ef871    00000004                     : hmdrv.obj (.text:_HMDRV_u32GetSCIErrorPPM)
                  003ef875    00000004                     : hmlib.obj (.text:_HMLIB_vRecorderParam0)
                  003ef879    00000004                     : hmlib.obj (.text:_HMLIB_vRecorderParam1)
                  003ef87d    00000004                     : hmlib.obj (.text:_HMLIB_vRecorderParam2)
                  003ef881    00000004                     : hmmodbus.obj (.text:_HMMODBUS_u32GetAddressMessageCounterThisDevice)
                  003ef885    00000004                     : hmmodbus.obj (.text:_HMMODBUS_vSetDeviceIDMajorMinorRevision)
                  003ef889    00000004                     : hmmodbus.obj (.text:_HMMODBUS_vSetDeviceIDMajorMinorRevisionLength)
                  003ef88d    00000004                     : hmmodbus.obj (.text:_HMMODBUS_vSetDeviceIDModelName)
                  003ef891    00000004                     : hmmodbus.obj (.text:_HMMODBUS_vSetDeviceIDModelNameLength)
                  003ef895    00000004                     : hmmodbus.obj (.text:_HMMODBUS_vSetDeviceIDProductCode)
                  003ef899    00000004                     : hmmodbus.obj (.text:_HMMODBUS_vSetDeviceIDProductCodeLength)
                  003ef89d    00000004                     : hmmodbus.obj (.text:_HMMODBUS_vSetDeviceIDProductName)
                  003ef8a1    00000004                     : hmmodbus.obj (.text:_HMMODBUS_vSetDeviceIDProductNameLength)
                  003ef8a5    00000004                     : hmmodbus.obj (.text:_HMMODBUS_vSetDeviceIDUserApplicationName)
                  003ef8a9    00000004                     : hmmodbus.obj (.text:_HMMODBUS_vSetDeviceIDUserApplicationNameLength)
                  003ef8ad    00000004                     : hmmodbus.obj (.text:_HMMODBUS_vSetDeviceIDUserReserve0)
                  003ef8b1    00000004                     : hmmodbus.obj (.text:_HMMODBUS_vSetDeviceIDUserReserve0Length)
                  003ef8b5    00000004                     : hmmodbus.obj (.text:_HMMODBUS_vSetDeviceIDUserReserve1)
                  003ef8b9    00000004                     : hmmodbus.obj (.text:_HMMODBUS_vSetDeviceIDUserReserve1Length)
                  003ef8bd    00000004                     : hmmodbus.obj (.text:_HMMODBUS_vSetDeviceIDUserReserve2)
                  003ef8c1    00000004                     : hmmodbus.obj (.text:_HMMODBUS_vSetDeviceIDUserReserve2Length)
                  003ef8c5    00000004                     : hmmodbus.obj (.text:_HMMODBUS_vSetDeviceIDVendorName)
                  003ef8c9    00000004                     : hmmodbus.obj (.text:_HMMODBUS_vSetDeviceIDVendorNameLength)
                  003ef8cd    00000004                     : hmmodbus.obj (.text:_HMMODBUS_vSetDeviceIDVendorUrl)
                  003ef8d1    00000004                     : hmmodbus.obj (.text:_HMMODBUS_vSetDeviceIDVendorUrlLength)
                  003ef8d5    00000004                     : hmmodbus.obj (.text:_HMMODBUS_vSetServerIDDataAddress)
                  003ef8d9    00000004                     : hmmodbus.obj (.text:_HMMODBUS_vSetServerIDLength)
                  003ef8dd    00000004                     : hmmodbus.obj (.text:_HMMODBUS_vSetServerIDNumber)
                  003ef8e1    00000004                     : hmmodbus.obj (.text:_HMMODBUS_vSetServerOnStatus)
                  003ef8e5    00000004                     : hmmodbus.obj (.text:_HMMODBUS_vSetupWriteParElementCallbackFunction)
                  003ef8e9    00000004     interrupt.obj (.text:_IntMasterDisable)
                  003ef8ed    00000004     interrupt.obj (.text:_IntMasterEnable)
                  003ef8f1    00000004     CSMON_C28xx.lib : modbusreg.obj (.text:_MODBUSREG_u16GetHoldRegFillCount)
                  003ef8f5    00000004                     : modbusreg.obj (.text:_MODBUSREG_u16GetHoldRegUsedCount)
                  003ef8f9    00000004                     : modbusreg.obj (.text:_MODBUSREG_u32GetHoldingCoilAddressTable)
                  003ef8fd    00000004                     : modbusreg.obj (.text:_MODBUSREG_u32GetHoldingCoilAddressTableInRam)
                  003ef901    00000004                     : modbusreg.obj (.text:_MODBUSREG_u32GetInputCoilAddressTable)
                  003ef905    00000004                     : modbusreg.obj (.text:_MODBUSREG_u32GetInputCoilAddressTableInRam)
                  003ef909    00000004                     : modbusreg.obj (.text:_MODBUSREG_u32GetInputRegisterAccessTableInRam)
                  003ef90d    00000004                     : modbusreg.obj (.text:_MODBUSREG_u32GetInputRegisterAddressTable)
                  003ef911    00000004                     : modbusreg.obj (.text:_MODBUSREG_u32GetRegisterAccessTableInRam)
                  003ef915    00000004                     : modbusreg.obj (.text:_MODBUSREG_u32GetRegisterAddressTable)
                  003ef919    00000004                     : modbusreg.obj (.text:_MODBUSREG_u32GetRegisterAddressTableInRam)
                  003ef91d    00000004                     : modbusreg.obj (.text:_MODBUSREG_vSetFileAutorization_FunctionAfterWriteFileRecordTable)
                  003ef921    00000004                     : modbusreg.obj (.text:_MODBUSREG_vSetFileParamCount_FunctionBeforeReadFileRecord)
                  003ef925    00000004                     : modbusreg.obj (.text:_MODBUSREG_vSetFileRTC_FunctionAfterReadFileRecord)
                  003ef929    00000004                     : modbusreg.obj (.text:_MODBUSREG_vSetFileRTC_FunctionAfterWriteFileRecord)
                  003ef92d    00000004                     : modbusreg.obj (.text:_MODBUSREG_vSetFileRecConfig_FunctionAfterWriteFileRecord)
                  003ef931    00000004                     : modbusreg.obj (.text:_MODBUSREG_vSetFileRecStatus_FunctionIndexGenerationFileRecord)
                  003ef935    00000004                     : modbusreg.obj (.text:_MODBUSREG_vSetHoldRegFillCount)
                  003ef939    00000004                     : modbusreg.obj (.text:_MODBUSREG_vSetModbusParamCount)
                  003ef93d    00000004                     : modbusreg.obj (.text:_MODBUSREG_vSetParamAuxAddress)
                  003ef941    00000004                     : modbusreg.obj (.text:_MODBUSREG_vSetParamCount)
                  003ef945    00000004                     : modbusreg.obj (.text:_MODBUSREG_vSetParamListAddress)
                  003ef949    00000004                     : modbusreg.obj (.text:_MODBUSREG_vSetParamNameAddress)
                  003ef94d    00000004                     : modbusreg.obj (.text:_MODBUSREG_vSetParamNumbAddress)
                  003ef951    00000004                     : modbusreg.obj (.text:_MODBUSREG_vSetParamRecorderConfigAddress)
                  003ef955    00000004                     : modbusreg.obj (.text:_MODBUSREG_vSetParamReservedAddress)
                  003ef959    00000004                     : modbusreg.obj (.text:_MODBUSREG_vSetParamScopeConfigAddress)
                  003ef95d    00000004                     : modbusreg.obj (.text:_MODBUSREG_vSetParamStringAddress)
                  003ef961    00000004     tmr_drv.obj (.text:_TIMER_vGetTimerMainRollingCounter)
                  003ef965    00000004     tmr_drv.obj (.text:_TIMER_vSetupTimerMainCSMONFunction)
                  003ef969    00000004     tmr_drv.obj (.text:_TMR_u16GetFreeRunTimerPrescaller)
                  003ef96d    00000004     CSMON_C28xx.lib : hmmodbus.obj (.text:_bGetElementsDifference)
                  003ef971    00000004                     : hmmodbus.obj (.text:_u16GetIndexFileTable)
                  003ef975    00000004                     : hmmodbus.obj (.text:_u32GetBufferAddressStart)
                  003ef979    00000004                     : hmmodbus.obj (.text:_u32GetBufferSize)
                  003ef97d    00000004                     : hmmodbus.obj (.text:_u32GetSampleCountAvailable)
                  003ef981    00000004                     : hmmodbus.obj (.text:_u32GetSampleCountBuffer)
                  003ef985    00000004                     : hmmodbus.obj (.text:_u32GetStartSampleIndex)
                  003ef989    00000004                     : hmmodbus.obj (.text:_u8GetSampleSize)
                  003ef98d    00000004                     : hmmodbus.obj (.text:_vSetBufferSize)
                  003ef991    00000003     F2806x_DBGIER.obj (.text)
                  003ef994    00000003     CSMON_C28xx.lib : csmon.obj (.text:_CSMON_u32GetModbusMessageCounterRegisterRealAddress)
                  003ef997    00000003                     : hmlib.obj (.text:_HMLIB_vRecorderParamTimeSync)
                  003ef99a    00000003                     : hmrecparam.obj (.text:_HMRECPRM_GetTimeBase)
                  003ef99d    00000003                     : modbusreg.obj (.text:_MODBUSREG_u32GetAddressMessageCounterThisDevice)
                  003ef9a0    00000003                     : uart_drv.obj (.text:_UART_TXInterrupt)
                  003ef9a3    00000002                     : hmrecparam.obj (.text:_HMRECPRM_AbortRec)
                  003ef9a5    00000002                     : hmrecparam.obj (.text:_HMRECPRM_GetRecBuffSize)
                  003ef9a7    00000002                     : hmrec.obj (.text:_HMREC_AbortRec)
                  003ef9a9    00000002                     : hmrec.obj (.text:_HMREC_GetRecBuffSize)
                  003ef9ab    00000002                     : modbusreg.obj (.text:_MODBUSREG_u16GetHoldingCoilUsedCount)
                  003ef9ad    00000002                     : modbusreg.obj (.text:_MODBUSREG_u16GetInputCoilUsedCount)
                  003ef9af    00000002                     : modbusreg.obj (.text:_MODBUSREG_u16GetInputRegisterUsedCount)
                  003ef9b1    00000002     main.obj (.text:_eWriteParElement)
                  003ef9b3    00000002     rts2800_ml.lib : pre_init.c.obj (.text)
                  003ef9b5    00000001     CSMON_C28xx.lib : hmprotocol.obj (.text:_HMPROTOCOL_vInit)
                  003ef9b6    00000001     uart_driver.obj (.text:_UART_DRV_TXInterrupt)
                  003ef9b7    00000001     rts2800_ml.lib : startup.c.obj (.text)

ramfuncs   0    003ef9b8    0000002d     RUN ADDR = 00008000
                  003ef9b8    0000001d     F2806x_SysCtrl.obj (ramfuncs:_InitFlash)
                  003ef9d5    00000008     device.obj (ramfuncs:_MyCallbackFunction)
                  003ef9dd    00000004     sysctl.obj (ramfuncs)
                  003ef9e1    00000004     F2806x_usDelay.obj (ramfuncs)

csm_rsvd   0    003f7f80    00000076     
                  003f7f80    00000076     F2806x_CSMPasswords.obj (csm_rsvd)

csmpasswds 
*          0    003f7ff8    00000008     
                  003f7ff8    00000008     F2806x_CSMPasswords.obj (csmpasswds)

.stack     1    00000050    00000380     UNINITIALIZED
                  00000050    00000380     --HOLE--

.econst    0    003ef9e6    00002d22     
                  003ef9e6    00002800     main.obj (.econst:_asParameterList)
                  003f21e6    00000100     CSMON_C28xx.lib : hmmodbus.obj (.econst:.string:_auchCRCHi)
                  003f22e6    00000100                     : hmmodbus.obj (.econst:.string:_auchCRCLo)
                  003f23e6    00000100     F2806x_PieVect.obj (.econst:_PieVectTableInit)
                  003f24e6    00000084     rts2800_ml.lib : k_rem_pio2.c.obj (.econst:_ipio2)
                  003f256a    00000050     CSMON_C28xx.lib : csmon.obj (.econst:_CSMON_asAccessLevelPasswords)
                  003f25ba    0000002c     rts2800_ml.lib : k_rem_pio2.c.obj (.econst)
                  003f25e6    00000028                    : k_cosf.c.obj (.econst)
                  003f260e    00000020                    : k_rem_pio2.c.obj (.econst:_PIo2)
                  003f262e    00000020                    : k_sinf.c.obj (.econst)
                  003f264e    0000001c                    : e_rem_pio2f.c.obj (.econst)
                  003f266a    0000001c                    : s_scalbn.c.obj (.econst)
                  003f2686    00000018     CSMON_C28xx.lib : csmon.obj (.econst:_$P$T45$2)
                  003f269e    00000018     rts2800_ml.lib : s_sinf.c.obj (.econst)
                  003f26b6    00000014     CSMON_C28xx.lib : csmon.obj (.econst:_CSMON_au8FileImplementedFunctionCodes)
                  003f26ca    00000010     main.obj (.econst)
                  003f26da    0000000c     CSMON_C28xx.lib : hmprotocol.obj (.econst:.string)
                  003f26e6    0000000c     rts2800_ml.lib : s_floor.c.obj (.econst)
                  003f26f2    00000006     CSMON_C28xx.lib : csmon.obj (.econst:_$P$T44$1)
                  003f26f8    00000004     rts2800_ml.lib : k_rem_pio2.c.obj (.econst:_init_jk)
                  003f26fc    00000003     CSMON_C28xx.lib : csmon.obj (.econst:_CSMON_au8FileParameterListElementsCountInPartTable)
                  003f26ff    00000003                     : modbusreg.obj (.econst:_HMMODBUS_u32CoilAddressTable)
                  003f2702    00000003                     : modbusreg.obj (.econst:_MODBUSREG_sInputCoilAddressTable)
                  003f2705    00000003                     : modbusreg.obj (.econst:_MODBUSREG_sInputRegisterAddressTable)

.switch    0    003f3028    00000020     
                  003f3028    00000020     CSMON_C28xx.lib : csmon.obj (.switch:_CSMON_eSetParameter)

.reset     0    003fffc0    00000002     DSECT
                  003fffc0    00000002     rts2800_ml.lib : boot28.asm.obj (.reset)

vectors    0    003fffc2    00000000     DSECT

DevEmuRegsFile 
*          1    00000880    00000004     UNINITIALIZED
                  00000880    00000004     F2806x_GlobalVariableDefs.obj (DevEmuRegsFile)

SysPwrCtrlRegsFile 
*          1    00000985    00000003     UNINITIALIZED
                  00000985    00000003     F2806x_GlobalVariableDefs.obj (SysPwrCtrlRegsFile)

FlashRegsFile 
*          1    00000a80    00000008     UNINITIALIZED
                  00000a80    00000008     F2806x_GlobalVariableDefs.obj (FlashRegsFile)

CsmRegsFile 
*          1    00000ae0    00000010     UNINITIALIZED
                  00000ae0    00000010     F2806x_GlobalVariableDefs.obj (CsmRegsFile)

AdcResultFile 
*          1    00000b00    00000010     UNINITIALIZED
                  00000b00    00000010     F2806x_GlobalVariableDefs.obj (AdcResultFile)

CpuTimer0RegsFile 
*          1    00000c00    00000008     UNINITIALIZED
                  00000c00    00000008     F2806x_GlobalVariableDefs.obj (CpuTimer0RegsFile)

CpuTimer1RegsFile 
*          1    00000c08    00000008     UNINITIALIZED
                  00000c08    00000008     F2806x_GlobalVariableDefs.obj (CpuTimer1RegsFile)

CpuTimer2RegsFile 
*          1    00000c10    00000008     UNINITIALIZED
                  00000c10    00000008     F2806x_GlobalVariableDefs.obj (CpuTimer2RegsFile)

PieCtrlRegsFile 
*          1    00000ce0    0000001a     UNINITIALIZED
                  00000ce0    0000001a     F2806x_GlobalVariableDefs.obj (PieCtrlRegsFile)

PieVectTableFile 
*          1    00000d00    00000100     UNINITIALIZED
                  00000d00    00000100     F2806x_GlobalVariableDefs.obj (PieVectTableFile)

EmuKeyVar 
*          1    00000d00    00000001     UNINITIALIZED
                  00000d00    00000001     F2806x_GlobalVariableDefs.obj (EmuKeyVar)

EmuBModeVar 
*          1    00000d01    00000001     UNINITIALIZED
                  00000d01    00000001     F2806x_GlobalVariableDefs.obj (EmuBModeVar)

FlashCallbackVar 
*          1    00000d02    00000002     UNINITIALIZED
                  00000d02    00000002     F2806x_GlobalVariableDefs.obj (FlashCallbackVar)

FlashScalingVar 
*          1    00000d04    00000002     UNINITIALIZED
                  00000d04    00000002     F2806x_GlobalVariableDefs.obj (FlashScalingVar)

DmaRegsFile 
*          1    00001000    000000e0     UNINITIALIZED
                  00001000    000000e0     F2806x_GlobalVariableDefs.obj (DmaRegsFile)

Cla1RegsFile 
*          1    00001400    00000040     UNINITIALIZED
                  00001400    00000040     F2806x_GlobalVariableDefs.obj (Cla1RegsFile)

Usb0RegsFile 
*          1    00004000    00000454     UNINITIALIZED
                  00004000    00000454     F2806x_GlobalVariableDefs.obj (Usb0RegsFile)

McbspaRegsFile 
*          1    00005000    00000024     UNINITIALIZED
                  00005000    00000024     F2806x_GlobalVariableDefs.obj (McbspaRegsFile)

ECanaRegsFile 
*          1    00006000    00000034     UNINITIALIZED
                  00006000    00000034     F2806x_GlobalVariableDefs.obj (ECanaRegsFile)

ECanaLAMRegsFile 
*          1    00006040    00000040     UNINITIALIZED
                  00006040    00000040     F2806x_GlobalVariableDefs.obj (ECanaLAMRegsFile)

ECanaMOTSRegsFile 
*          1    00006080    00000040     UNINITIALIZED
                  00006080    00000040     F2806x_GlobalVariableDefs.obj (ECanaMOTSRegsFile)

ECanaMOTORegsFile 
*          1    000060c0    00000040     UNINITIALIZED
                  000060c0    00000040     F2806x_GlobalVariableDefs.obj (ECanaMOTORegsFile)

ECanaMboxesFile 
*          1    00006100    00000100     UNINITIALIZED
                  00006100    00000100     F2806x_GlobalVariableDefs.obj (ECanaMboxesFile)

Comp1RegsFile 
*          1    00006400    00000014     UNINITIALIZED
                  00006400    00000014     F2806x_GlobalVariableDefs.obj (Comp1RegsFile)

Comp2RegsFile 
*          1    00006420    00000014     UNINITIALIZED
                  00006420    00000014     F2806x_GlobalVariableDefs.obj (Comp2RegsFile)

Comp3RegsFile 
*          1    00006440    00000014     UNINITIALIZED
                  00006440    00000014     F2806x_GlobalVariableDefs.obj (Comp3RegsFile)

EPwm1RegsFile 
*          1    00006800    00000040     UNINITIALIZED
                  00006800    00000040     F2806x_GlobalVariableDefs.obj (EPwm1RegsFile)

EPwm2RegsFile 
*          1    00006840    00000040     UNINITIALIZED
                  00006840    00000040     F2806x_GlobalVariableDefs.obj (EPwm2RegsFile)

EPwm3RegsFile 
*          1    00006880    00000040     UNINITIALIZED
                  00006880    00000040     F2806x_GlobalVariableDefs.obj (EPwm3RegsFile)

EPwm4RegsFile 
*          1    000068c0    00000040     UNINITIALIZED
                  000068c0    00000040     F2806x_GlobalVariableDefs.obj (EPwm4RegsFile)

EPwm5RegsFile 
*          1    00006900    00000040     UNINITIALIZED
                  00006900    00000040     F2806x_GlobalVariableDefs.obj (EPwm5RegsFile)

EPwm6RegsFile 
*          1    00006940    00000040     UNINITIALIZED
                  00006940    00000040     F2806x_GlobalVariableDefs.obj (EPwm6RegsFile)

EPwm7RegsFile 
*          1    00006980    00000040     UNINITIALIZED
                  00006980    00000040     F2806x_GlobalVariableDefs.obj (EPwm7RegsFile)

EPwm8RegsFile 
*          1    000069c0    00000040     UNINITIALIZED
                  000069c0    00000040     F2806x_GlobalVariableDefs.obj (EPwm8RegsFile)

ECap1RegsFile 
*          1    00006a00    00000020     UNINITIALIZED
                  00006a00    00000020     F2806x_GlobalVariableDefs.obj (ECap1RegsFile)

ECap2RegsFile 
*          1    00006a20    00000020     UNINITIALIZED
                  00006a20    00000020     F2806x_GlobalVariableDefs.obj (ECap2RegsFile)

ECap3RegsFile 
*          1    00006a40    00000020     UNINITIALIZED
                  00006a40    00000020     F2806x_GlobalVariableDefs.obj (ECap3RegsFile)

HRCap1RegsFile 
*          1    00006ac0    00000020     UNINITIALIZED
                  00006ac0    00000020     F2806x_GlobalVariableDefs.obj (HRCap1RegsFile)

HRCap2RegsFile 
*          1    00006ae0    00000020     UNINITIALIZED
                  00006ae0    00000020     F2806x_GlobalVariableDefs.obj (HRCap2RegsFile)

EQep1RegsFile 
*          1    00006b00    00000022     UNINITIALIZED
                  00006b00    00000022     F2806x_GlobalVariableDefs.obj (EQep1RegsFile)

EQep2RegsFile 
[...]
003eb919  local     $30 (.text)
003eb947  local     $35 (.text)
003eb976  local     $40 (.text)
003eb8d8  local     $5_$2 (.text)
00000000  local     .bss (.bss)
00000000  local     .data (.data)
003eb8c4  local     .text (.text)
003eb8e8  local     CHECK_SIGN1 (.text)
003eb923  local     CHECK_SIGN2 (.text)
003eb95b  local     DGT3 (.text)
003eb95d  local     DIVUDenHighZero (.text)
003eb8f2  local     EQ0 (.text)
003eb8ed  local     EQ1 (.text)
003eb92b  local     EQ2 (.text)
003eb956  local     EQ3 (.text)
003eb987  local     EQ4 (.text)
003eb8c4  global    LL$$DIV (.text)
003eb900  global    LL$$MOD (.text)
003eb9a6  local     LOOP (.text)
003eb995  local     MAINDIV (.text)
003eb9b4  local     MD_NEQ (.text)
003eb989  local     MODUDenHighZero (.text)
003eb8eb  local     RET1 (.text)
003eb926  local     RET2 (.text)
003eb954  local     RET3 (.text)
003eb983  local     RET4 (.text)
003eb928  local     RET_NUM1 (.text)
003eb985  local     RET_NUM2 (.text)
003eb8f4  local     SDIVUDenHighZero (.text)
003eb9be  local     SKIP (.text)
003eb9c0  local     SKIP1 (.text)
003eb92e  local     SMODUDenHighZero (.text)
003eb93a  global    ULL$$DIV (.text)
003eb969  global    ULL$$MOD (.text)


================================================================================

rts2800_ml.lib : u_div28.asm.obj

Run/Load            
Value     Binding   Name (Section)
--------  --------  ---------------
00000000  local     .bss (.bss)
00000000  local     .data (.data)
003ef471  local     .text (.text)
003ef471  global    U$$DIV (.text)
003ef476  global    U$$MOD (.text)


================================================================================

rts2800_ml.lib : u_tofd28.asm.obj

Run/Load            
Value     Binding   Name (Section)
--------  --------  ---------------
00000000  local     .bss (.bss)
00000000  local     .data (.data)
003eef4a  local     .text (.text)
003eef57  local     NORMALIZE (.text)
003eef5f  local     OP_ZERO (.text)
003eef59  local     PACK (.text)
003eef5e  local     RETURN (.text)
003eef5c  local     RETURN_VALUE (.text)
003eef4a  global    U$$TOFD (.text)


================================================================================

rts2800_ml.lib : u_tofs28.asm.obj

Run/Load            
Value     Binding   Name (Section)
--------  --------  ---------------
00000000  local     .bss (.bss)
00000000  local     .data (.data)
003ef231  local     .text (.text)
003ef240  local     RESTORE (.text)
003ef231  global    U$$TOFS (.text)
003ef240  local     ZERO (.text)


================================================================================

rts2800_ml.lib : l_tofs28.asm.obj

Run/Load            
Value     Binding   Name (Section)
--------  --------  ---------------
00000000  local     .bss (.bss)
00000000  local     .data (.data)
003eedc9  local     .text (.text)
003eedc9  global    L$$TOFS (.text)
003eeddf  local     OVERFLOW (.text)
003eedde  local     RETURN (.text)
003eedde  local     ZERO (.text)


================================================================================

rts2800_ml.lib : ul_tofs28.asm.obj

Run/Load            
Value     Binding   Name (Section)
--------  --------  ---------------
00000000  local     .bss (.bss)
00000000  local     .data (.data)
003ef097  local     .text (.text)
003ef09f  local     LEFT_SHIFT (.text)
003ef0a1  local     PACK (.text)
003ef0a9  local     RETURN (.text)
003ef097  global    UL$$TOFS (.text)
003ef0a9  local     ZERO (.text)


================================================================================

rts2800_ml.lib : prolog28.asm.obj

Run/Load            
Value     Binding   Name (Section)
--------  --------  ---------------
00000000  local     .bss (.bss)
00000000  local     .data (.data)
003eee47  local     .text (.text)
003eee47  global    _prolog_c28x_1 (.text)
003eee4b  global    _prolog_c28x_2 (.text)
003eee53  global    _prolog_c28x_3 (.text)


================================================================================

rts2800_ml.lib : fs_tofd28.asm.obj

Run/Load            
Value     Binding   Name (Section)
--------  --------  ---------------
00000000  local     .bss (.bss)
00000000  local     .data (.data)
003eec88  local     .text (.text)
003eec88  global    FS$$TOFD (.text)
003eec9c  local     OVERFLOW (.text)
003eec9b  local     RETURN (.text)
003eec99  local     RETURN_VALUE (.text)
003eeca2  local     UNDERFLOW (.text)


================================================================================

rts2800_ml.lib : fd_div28.asm.obj

Run/Load            
Value     Binding   Name (Section)
--------  --------  ---------------
003ecf05  local     $1_$3 (.text)
003ecf10  local     $2_$3 (.text)
00000000  local     .bss (.bss)
00000000  local     .data (.data)
003ecec9  local     .text (.text)
003ecf1f  local     DIV_END (.text)
003ecf00  local     DIV_START (.text)
003ecec9  global    FD$$DIV (.text)
003ecf22  local     NORMALIZE (.text)
003ecf4c  local     OVERFLOW (.text)
003ecf47  local     RETURN (.text)
003ecf45  local     RETURN_VALUE (.text)
003ecf37  local     RND64_SET_MANT$3$ (.text)
003ecf2b  local     ROUND (.text)
003ecf52  local     UNDERFLOW (.text)


================================================================================

rts2800_ml.lib : cpy_tbl.c.obj

Run/Load            
Value     Binding   Name (Section)
--------  --------  ---------------
003ee97f  local     $C$L1 (.text)
003ee992  local     $C$L2 (.text)
003ee993  local     $C$L3 (.text)
00000000  local     .bss (.bss)
00000000  local     .data (.data)
003ee977  local     .text (.text)
003ee977  global    _copy_in (.text)


================================================================================

rts2800_ml.lib : memcpy.c.obj

Run/Load            
Value     Binding   Name (Section)
--------  --------  ---------------
003eec01  local     $C$L1 (.text)
003eec05  local     $C$L2 (.text)
003eec0c  local     $C$L3 (.text)
003eec0e  local     $C$L4 (.text)
003eec16  local     $C$L5 (.text)
00000000  local     .bss (.bss)
00000000  local     .data (.data)
003eebfb  local     .text (.text)
003eebfb  global    _memcpy (.text)


================================================================================

rts2800_ml.lib : pre_init.c.obj

Run/Load            
Value     Binding   Name (Section)
--------  --------  ---------------
00000000  local     .bss (.bss)
00000000  local     .data (.data)
003ef9b3  local     .text (.text)
003ef9b3  global    __system_pre_init (.text)


================================================================================

rts2800_ml.lib : startup.c.obj

Run/Load            
Value     Binding   Name (Section)
--------  --------  ---------------
00000000  local     .bss (.bss)
00000000  local     .data (.data)
003ef9b7  local     .text (.text)
003ef9b7  global    __system_post_cinit (.text)


================================================================================

rts2800_ml.lib : e_rem_pio2f.c.obj

Run/Load            
Value     Binding   Name (Section)
--------  --------  ---------------
003f265a  local     $C$FL1 (.econst)
003f265e  local     $C$FL2 (.econst)
003f2662  local     $C$FL3 (.econst)
003f2666  local     $C$FL4 (.econst)
003ec6e1  local     $C$L1 (.text)
003ec6ef  local     $C$L2 (.text)
003ec71b  local     $C$L3 (.text)
003ec720  local     $C$L4 (.text)
00000000  local     .bss (.bss)
00000000  local     .data (.data)
003f264e  local     .econst (.econst)
003ec67e  local     .text (.text)
003ec67e  global    ___rem_pio2f (.text)
003f264e  local     _invpio2 (.econst)
003f2652  local     _pio2_1 (.econst)
003f2656  local     _pio2_1t (.econst)


================================================================================

rts2800_ml.lib : k_rem_pio2.c.obj

Run/Load            
Value     Binding   Name (Section)
--------  --------  ---------------
003f25ca  local     $C$FL1 (.econst)
003f25ce  local     $C$FL2 (.econst)
003f25d2  local     $C$FL3 (.econst)
003f25d6  local     $C$FL4 (.econst)
003f25da  local     $C$FL5 (.econst)
003f25de  local     $C$FL6 (.econst)
003f25e2  local     $C$FL7 (.econst)
003ea03a  local     $C$L1 (.text)
003ea0f4  local     $C$L10 (.text)
003ea121  local     $C$L11 (.text)
003ea141  local     $C$L12 (.text)
003ea166  local     $C$L13 (.text)
003ea185  local     $C$L14 (.text)
003ea18c  local     $C$L15 (.text)
003ea1a9  local     $C$L16 (.text)
003ea1f7  local     $C$L17 (.text)
003ea263  local     $C$L18 (.text)
003ea267  local     $C$L19 (.text)
003ea062  local     $C$L2 (.text)
003ea275  local     $C$L20 (.text)
003ea29e  local     $C$L21 (.text)
003ea2a3  local     $C$L22 (.text)
003ea2ae  local     $C$L23 (.text)
003ea2ba  local     $C$L24 (.text)
003ea2bf  local     $C$L25 (.text)
003ea2c5  local     $C$L26 (.text)
003ea2e2  local     $C$L27 (.text)
003ea2ee  local     $C$L28 (.text)
003ea319  local     $C$L29 (.text)
003ea06d  local     $C$L3 (.text)
003ea347  local     $C$L30 (.text)
003ea392  local     $C$L31 (.text)
003ea397  local     $C$L32 (.text)
003ea3af  local     $C$L33 (.text)
003ea3b9  local     $C$L34 (.text)
003ea3c8  local     $C$L35 (.text)
003ea3d2  local     $C$L36 (.text)
003ea3ed  local     $C$L37 (.text)
003ea3fd  local     $C$L38 (.text)
003ea3ff  local     $C$L39 (.text)
003ea079  local     $C$L4 (.text)
003ea41f  local     $C$L40 (.text)
003ea447  local     $C$L41 (.text)
003ea45e  local     $C$L42 (.text)
003ea472  local     $C$L43 (.text)
003ea4a0  local     $C$L44 (.text)
003ea4be  local     $C$L45 (.text)
003ea4dc  local     $C$L46 (.text)
003ea52b  local     $C$L47 (.text)
003ea565  local     $C$L48 (.text)
003ea57d  local     $C$L49 (.text)
003ea08a  local     $C$L5 (.text)
003ea58e  local     $C$L50 (.text)
003ea5ab  local     $C$L51 (.text)
003ea5c6  local     $C$L52 (.text)
003ea5d9  local     $C$L53 (.text)
003ea5ea  local     $C$L54 (.text)
003ea5f8  local     $C$L55 (.text)
003ea602  local     $C$L56 (.text)
003ea623  local     $C$L57 (.text)
003ea634  local     $C$L58 (.text)
003ea642  local     $C$L59 (.text)
003ea096  local     $C$L6 (.text)
003ea64c  local     $C$L60 (.text)
003ea656  local     $C$L61 (.text)
003ea669  local     $C$L62 (.text)
003ea67a  local     $C$L63 (.text)
003ea688  local     $C$L64 (.text)
003ea692  local     $C$L65 (.text)
003ea69b  local     $C$L66 (.text)
003ea0b3  local     $C$L7 (.text)
003ea0d8  local     $C$L8 (.text)
003ea0ed  local     $C$L9 (.text)
00000000  local     .bss (.bss)
00000000  local     .data (.data)
003f25ba  local     .econst (.econst)
003f260e  local     .econst:_PIo2 (.econst:_PIo2)
003f26f8  local     .econst:_init_jk (.econst:_init_jk)
003f24e6  local     .econst:_ipio2 (.econst:_ipio2)
003ea00c  local     .text (.text)
003f260e  local     _PIo2 (.econst:_PIo2)
003ea00c  global    ___kernel_rem_pio2 (.text)
003f26f8  local     _init_jk (.econst:_init_jk)
003f24e6  local     _ipio2 (.econst:_ipio2)
003f25be  local     _one (.econst)
003f25c2  local     _two24 (.econst)
003f25c6  local     _twon24 (.econst)
003f25ba  local     _zero (.econst)


================================================================================

rts2800_ml.lib : exit.c.obj

Run/Load            
Value     Binding   Name (Section)
--------  --------  ---------------
003ee61c  local     $C$L1 (.text)
003ee62f  local     $C$L2 (.text)
003ee63a  local     $C$L3 (.text)
003ee640  local     $C$L4 (.text)
00000000  local     .bss (.bss)
003f2e3d  local     .cinit (.cinit)
00000000  local     .data (.data)
0000d84c  local     .ebss (.ebss)
003ee61b  local     .text (.text)
003ee61b  global    C$$EXIT (.text)
0000d84e  global    ___TI_cleanup_ptr (.ebss)
0000d850  global    ___TI_dtors_ptr (.ebss)
0000d84c  global    ___TI_enable_exit_profile_output (.ebss)
003ee61b  global    _abort (.text)
003ee61d  global    _exit (.text)


================================================================================

rts2800_ml.lib : _lock.c.obj

Run/Load            
Value     Binding   Name (Section)
--------  --------  ---------------
00000000  local     .bss (.bss)
003f2ff8  local     .cinit:__lock (.cinit:__lock)
003f2ffd  local     .cinit:__unlock (.cinit:__unlock)
00000000  local     .data (.data)
0000d87e  local     .ebss:__lock (.ebss:__lock)
0000d8b2  local     .ebss:__unlock (.ebss:__unlock)
003ef518  local     .text (.text)
0000d87e  global    __lock (.ebss:__lock)
003ef520  global    __nop (.text)
003ef51c  global    __register_lock (.text)
003ef518  global    __register_unlock (.text)
0000d8b2  global    __unlock (.ebss:__unlock)


================================================================================

rts2800_ml.lib : args_main.c.obj

Run/Load            
Value     Binding   Name (Section)
--------  --------  ---------------
003ef19b  local     $C$L1 (.text)
003ef19e  local     $C$L2 (.text)
00000000  local     .bss (.bss)
00000000  local     .data (.data)
003ef190  local     .text (.text)
003ef190  global    __args_main (.text)


================================================================================

rts2800_ml.lib : s_floor.c.obj

Run/Load            
Value     Binding   Name (Section)
--------  --------  ---------------
003f26ea  local     $C$FL1 (.econst)
003f26ee  local     $C$FL2 (.econst)
003ebfd8  local     $C$L1 (.text)
003ec030  local     $C$L10 (.text)
003ec050  local     $C$L11 (.text)
003ec052  local     $C$L12 (.text)
003ec05e  local     $C$L13 (.text)
003ec063  local     $C$L14 (.text)
003ebfdd  local     $C$L2 (.text)
003ebfde  local     $C$L3 (.text)
003ebfe6  local     $C$L4 (.text)
003ebff9  local     $C$L5 (.text)
003ec008  local     $C$L6 (.text)
003ec00b  local     $C$L7 (.text)
003ec027  local     $C$L8 (.text)
003ec02d  local     $C$L9 (.text)
00000000  local     .bss (.bss)
00000000  local     .data (.data)
003f26e6  local     .econst (.econst)
003ebf80  local     .text (.text)
003ebf80  global    _floorl (.text)
003f26e6  local     _huge (.econst)


================================================================================

rts2800_ml.lib : s_scalbn.c.obj

Run/Load            
Value     Binding   Name (Section)
--------  --------  ---------------
003f2676  local     $C$FL1 (.econst)
003f267a  local     $C$FL2 (.econst)
003f267e  local     $C$FL3 (.econst)
003f2682  local     $C$FL4 (.econst)
003ec5fa  local     $C$L1 (.text)
003ec613  local     $C$L2 (.text)
003ec625  local     $C$L3 (.text)
003ec630  local     $C$L4 (.text)
003ec645  local     $C$L5 (.text)
003ec64b  local     $C$L6 (.text)
003ec656  local     $C$L7 (.text)
003ec676  local     $C$L8 (.text)
003ec67a  local     $C$L9 (.text)
00000000  local     .bss (.bss)
00000000  local     .data (.data)
003f266a  local     .econst (.econst)
003ec5d4  local     .text (.text)
003ec5d4  global    _ldexpl (.text)
003ec5d4  global    _scalbnl (.text)
003f2672  local     _tiny (.econst)
003f266a  local     _two54 (.econst)
003f266e  local     _twom54 (.econst)


================================================================================

rts2800_ml.lib : s_copysign.c.obj

Run/Load            
Value     Binding   Name (Section)
--------  --------  ---------------
003ee9df  local     $C$L1 (.text)
00000000  local     .bss (.bss)
00000000  local     .data (.data)
003ee9be  local     .text (.text)
003ee9be  global    _copysignl (.text)


================================================================================

rts2800_ml.lib : k_cosf.c.obj

Run/Load            
Value     Binding   Name (Section)
--------  --------  ---------------
003f25fa  local     $C$FL1 (.econst)
003f25fe  local     $C$FL2 (.econst)
003f2602  local     $C$FL3 (.econst)
003f2606  local     $C$FL4 (.econst)
003f260a  local     $C$FL5 (.econst)
00000000  local     .bss (.bss)
00000000  local     .data (.data)
003f25e6  local     .econst (.econst)
003ecfdb  local     .text (.text)
003f25ea  local     _C0 (.econst)
003f25ee  local     _C1 (.econst)
003f25f2  local     _C2 (.econst)
003f25f6  local     _C3 (.econst)
003ecfdb  global    ___kernel_cosdf (.text)
003f25e6  local     _one (.econst)


================================================================================

rts2800_ml.lib : k_sinf.c.obj

Run/Load            
Value     Binding   Name (Section)
--------  --------  ---------------
003f263e  local     $C$FL1 (.econst)
003f2642  local     $C$FL2 (.econst)
003f2646  local     $C$FL3 (.econst)
003f264a  local     $C$FL4 (.econst)
00000000  local     .bss (.bss)
00000000  local     .data (.data)
003f262e  local     .econst (.econst)
003ecc8e  local     .text (.text)
003f262e  local     _S1 (.econst)
003f2632  local     _S2 (.econst)
003f2636  local     _S3 (.econst)
003f263a  local     _S4 (.econst)
003ecc8e  global    ___kernel_sindf (.text)


================================================================================

rts2800_ml.lib : fd_cmp28.asm.obj

Run/Load            
Value     Binding   Name (Section)
--------  --------  ---------------
00000000  local     .bss (.bss)
00000000  local     .data (.data)
003ee5f1  local     .text (.text)
003ee601  local     CHECK_INF (.text)
003ee5f1  global    FD$$CMP (.text)
003ee618  local     NO_NEG (.text)
003ee619  local     OP_EQUAL (.text)
003ee611  local     RETURN (.text)


================================================================================

rts2800_ml.lib : fd_tol28.asm.obj

Run/Load            
Value     Binding   Name (Section)
--------  --------  ---------------
00000000  local     .bss (.bss)
00000000  local     .data (.data)
003eeb67  local     .text (.text)
003eeb67  global    FD$$TOL (.text)
003eeb80  local     OVERFLOW (.text)
003eeb7f  local     RETURN_VALUE (.text)
003eeb84  local     UNDERFLOW (.text)


================================================================================

rts2800_ml.lib : ll_aox28.asm.obj

Run/Load            
Value     Binding   Name (Section)
--------  --------  ---------------
00000000  local     .bss (.bss)
00000000  local     .data (.data)
003eeea8  local     .text (.text)
003eeea8  global    LL$$AND (.text)
003eeeb0  global    LL$$OR (.text)
003eeeb8  global    LL$$XOR (.text)


================================================================================

rts2800_ml.lib : i_div28.asm.obj

Run/Load            
Value     Binding   Name (Section)
--------  --------  ---------------
00000000  local     .bss (.bss)
00000000  local     .data (.data)
003eea25  local     .text (.text)
003eea25  global    I$$DIV (.text)
003eea36  global    I$$MOD (.text)
003eea35  local     RET1 (.text)
003eea45  local     RET2 (.text)


================================================================================

rts2800_ml.lib : l_tofd28.asm.obj

Run/Load            
Value     Binding   Name (Section)
--------  --------  ---------------
003eecb2  local     $10 (.text)
00000000  local     .bss (.bss)
00000000  local     .data (.data)
003eeca4  local     .text (.text)
003eeca4  global    L$$TOFD (.text)
003eecbe  local     OP_ZERO (.text)
003eecbd  local     RETURN (.text)
003eecbb  local     RETURN_VALUE (.text)


================================================================================

rts2800_ml.lib : fd_tofs28.asm.obj

Run/Load            
Value     Binding   Name (Section)
--------  --------  ---------------
00000000  local     .bss (.bss)
00000000  local     .data (.data)
003eea89  local     .text (.text)
003eea96  local     EXP_EVAL (.text)
003eea89  global    FD$$TOFS (.text)
003eeaa2  local     OVERFLOW (.text)
003eeaa1  local     RETURN_VALUE (.text)
003eeaa8  local     UNDERFLOW (.text)


================================================================================

rts2800_ml.lib : errno.c.obj

Run/Load            
Value     Binding   Name (Section)
--------  --------  ---------------
00000000  local     .bss (.bss)
003f3022  local     .cinit (.cinit)
00000000  local     .data (.data)
0000d8bb  local     .ebss (.ebss)
00000000  local     .text (.text)
0000d8bb  global    _errno (.ebss)


================================================================================

