******************************************************************************
             TMS320C2000 Linker PC v22.6.0                     
******************************************************************************
>> Linked Mon Oct 10 18:03:21 2022

OUTPUT FILE NAME:   <../../../04_Output_Files/Motor28062/TEST_CSMON_C28xx.out>
ENTRY POINT SYMBOL: "_c_int00"  address: 003ed41e


MEMORY CONFIGURATION

         name            origin    length      used     unused   attr    fill
----------------------  --------  ---------  --------  --------  ----  --------
PAGE 0:
  RAML0                 00008000   00000800  00000029  000007d7  RWIX
  RAML1                 00008800   00000400  00000000  00000400  RWIX
  OTP                   003d7800   00000400  00000000  00000400  RWIX
  FLASH_APP             003e8000   0000dff0  000095a9  00004a47  RWIX
  CSM_RSVD              003f7f80   00000076  00000076  00000000  RWIX
  BEGIN                 003f7ff6   00000002  00000002  00000000  RWIX
  CSM_PWL_P0            003f7ff8   00000008  00000008  00000000  RWIX
  FPUTABLES             003fd590   000006a0  00000000  000006a0  RWIX
  IQTABLES              003fdf00   00000b50  00000000  00000b50  RWIX
  IQTABLES2             003fea50   0000008c  00000000  0000008c  RWIX
  IQTABLES3             003feadc   000000aa  00000000  000000aa  RWIX
  ROM                   003ff3b0   00000c10  00000000  00000c10  RWIX
  RESET                 003fffc0   00000002  00000000  00000002  RWIX
  VECTORS               003fffc2   0000003e  00000000  0000003e  RWIX

PAGE 1:
  BOOT_RSVD             00000000   00000050  00000000  00000050  RWIX
  RAMM0                 00000050   000003b0  00000380  00000030  RWIX
  RAMM1                 00000400   00000400  00000000  00000400  RWIX
  DEV_EMU               00000880   00000105  00000004  00000101  RWIX
  SYS_PWR_CTL           00000985   00000003  00000003  00000000  RWIX
  FLASH_REGS            00000a80   00000060  00000008  00000058  RWIX
  CSM                   00000ae0   00000020  00000010  00000010  RWIX
  ADC_RESULT            00000b00   00000020  00000010  00000010  RWIX
  CPU_TIMER0            00000c00   00000008  00000008  00000000  RWIX
  CPU_TIMER1            00000c08   00000008  00000008  00000000  RWIX
  CPU_TIMER2            00000c10   00000008  00000008  00000000  RWIX
  PIE_CTRL              00000ce0   00000020  0000001a  00000006  RWIX
  PIE_VECT              00000d00   00000100  00000100  00000000  RWIX
  DMA                   00001000   00000200  000000e0  00000120  RWIX
  CLA1                  00001400   00000080  00000040  00000040  RWIX
  USB0                  00004000   00001000  00000454  00000bac  RWIX
  McBSPA                00005000   00000040  00000024  0000001c  RWIX
  ECANA                 00006000   00000040  00000034  0000000c  RWIX
  ECANA_LAM             00006040   00000040  00000040  00000000  RWIX
  ECANA_MOTS            00006080   00000040  00000040  00000000  RWIX
  ECANA_MOTO            000060c0   00000040  00000040  00000000  RWIX
  ECANA_MBOX            00006100   00000100  00000100  00000000  RWIX
  COMP1                 00006400   00000020  00000014  0000000c  RWIX
  COMP2                 00006420   00000020  00000014  0000000c  RWIX
  COMP3                 00006440   00000020  00000014  0000000c  RWIX
  EPWM1                 00006800   00000040  00000040  00000000  RWIX
  EPWM2                 00006840   00000040  00000040  00000000  RWIX
  EPWM3                 00006880   00000040  00000040  00000000  RWIX
  EPWM4                 000068c0   00000040  00000040  00000000  RWIX
  EPWM5                 00006900   00000040  00000040  00000000  RWIX
  EPWM6                 00006940   00000040  00000040  00000000  RWIX
  EPWM7                 00006980   00000040  00000040  00000000  RWIX
  EPWM8                 000069c0   00000040  00000040  00000000  RWIX
  ECAP1                 00006a00   00000020  00000020  00000000  RWIX
  ECAP2                 00006a20   00000020  00000020  00000000  RWIX
  ECAP3                 00006a40   00000020  00000020  00000000  RWIX
  HRCAP1                00006ac0   00000020  00000020  00000000  RWIX
  HRCAP2                00006ae0   00000020  00000020  00000000  RWIX
  EQEP1                 00006b00   00000040  00000022  0000001e  RWIX
  EQEP2                 00006b40   00000040  00000022  0000001e  RWIX
  HRCAP3                00006c80   00000020  00000020  00000000  RWIX
  HRCAP4                00006ca0   00000020  00000020  00000000  RWIX
  GPIOCTRL              00006f80   00000040  00000040  00000000  RWIX
  GPIODAT               00006fc0   00000020  00000020  00000000  RWIX
  GPIOINT               00006fe0   00000020  00000020  00000000  RWIX
  SYSTEM                00007010   00000030  00000030  00000000  RWIX
  SPIA                  00007040   00000010  00000010  00000000  RWIX
  SCIA                  00007050   00000010  00000010  00000000  RWIX
  NMIINTRUPT            00007060   00000010  00000010  00000000  RWIX
  XINTRUPT              00007070   00000010  00000010  00000000  RWIX
  ADC                   00007100   00000080  00000050  00000030  RWIX
  SPIB                  00007740   00000010  00000010  00000000  RWIX
  SCIB                  00007750   00000010  00000010  00000000  RWIX
  I2CA                  00007900   00000040  00000022  0000001e  RWIX
  RAML2                 00008c00   00000400  00000400  00000000  RWIX
  RAML3456              00009000   00007000  00007000  00000000  RWIX
  RAML78                00010000   00004000  00003510  00000af0  RWIX
  USB_RAM               00040000   00000800  00000000  00000800  RWIX
  PARTID                003d7e80   00000001  00000001  00000000  RWIX
  CSM_PWL               003f7ff8   00000008  00000008  00000000  RWIX


SECTION ALLOCATION MAP

 output                                  attributes/
section   page    origin      length       input sections
--------  ----  ----------  ----------   ----------------
.cinit     0    003f0d65    00000824     
                  003f0d65    000001c3     CSMON_C28xx.lib : hmmodbus.obj (.cinit)
                  003f0f28    00000173     main.obj (.cinit)
                  003f109b    000000c5     CSMON_C28xx.lib : csmon.obj (.cinit)
                  003f1160    00000085                     : modbusreg.obj (.cinit)
                  003f11e5    0000003f                     : csmon.obj (.cinit:_CSMON_au8FileRecorderDataElementsSizeTable)
                  003f1224    00000033                     : hmrecparam.obj (.cinit:_sRecStatusParam)
                  003f1257    00000030                     : csmon.obj (.cinit:_CSMON_au8FileRecorderConfigElementsSizeTable)
                  003f1287    0000002b                     : csmon.obj (.cinit:_CSMON_au8FileScopeConfigurationElementsSizeTable)
                  003f12b2    0000001f                     : hmrecparam.obj (.cinit:_sRecStatusParamInternal)
                  003f12d1    00000016     main.obj (.cinit:_sExternalRecoderHandle)
                  003f12e7    00000015     CSMON_C28xx.lib : csmon.obj (.cinit:_CSMON_sFileAutorization)
                  003f12fc    00000014                     : hmdrv.obj (.cinit)
                  003f1310    00000014                     : hmprotocol.obj (.cinit)
                  003f1324    00000013                     : modbusreg.obj (.cinit:_MODBUSREG_au8DeviceIDUserApplicationName)
                  003f1337    00000013                     : modbusreg.obj (.cinit:_MODBUSREG_au8DeviceIDVendorUrl)
                  003f134a    00000013                     : modbusreg.obj (.cinit:_MODBUSREG_au8ServerIDData)
                  003f135d    00000010     rtc_drv.obj (.cinit)
                  003f136d    0000000f     CSMON_C28xx.lib : csmon.obj (.cinit:_CSMON_sDateTime)
                  003f137c    0000000f                     : csmon.obj (.cinit:_CSMON_sDateTimeApplication)
                  003f138b    0000000f                     : csmon.obj (.cinit:_CSMON_sDateTimeDefault)
                  003f139a    0000000f                     : modbusreg.obj (.cinit:_MODBUSREG_au8DeviceIDModelName)
                  003f13a9    0000000f     device.obj (.cinit)
                  003f13b8    0000000e     rts2800_ml.lib : exit.c.obj (.cinit)
                  003f13c6    0000000d     CSMON_C28xx.lib : csmon.obj (.cinit:_CSMON_au8FileParameterCountElementsSizeTable)
                  003f13d3    0000000d                     : csmon.obj (.cinit:_CSMON_au8FileRTCElementsSizeTable)
                  003f13e0    0000000d                     : csmon.obj (.cinit:_sHashKey)
                  003f13ed    0000000d     tmr_drv.obj (.cinit)
                  003f13fa    0000000c     CSMON_C28xx.lib : csmon.obj (.cinit:_CSMON_au8FileParameterNumericElementsSizeTable)
                  003f1406    0000000c                     : modbusreg.obj (.cinit:_MODBUSREG_au8DeviceIDProductName)
                  003f1412    0000000c                     : modbusreg.obj (.cinit:_MODBUSREG_au8DeviceIDUserReserve0)
                  003f141e    0000000c                     : modbusreg.obj (.cinit:_MODBUSREG_au8DeviceIDUserReserve1)
                  003f142a    0000000c                     : modbusreg.obj (.cinit:_MODBUSREG_au8DeviceIDUserReserve2)
                  003f1436    0000000c                     : modbusreg.obj (.cinit:_MODBUSREG_au8DeviceIDVendorName)
                  003f1442    0000000b                     : hmrecparam.obj (.cinit:_HMRECPRM_sDateTime)
                  003f144d    0000000b     main.obj (.cinit:_MAIN_sDateTimeGet)
                  003f1458    0000000b     main.obj (.cinit:_MAIN_sDateTimeSet)
                  003f1463    0000000b     uart_driver.obj (.cinit:_UART_DRV_RXIntOverflowCounter)
                  003f146e    0000000b     uart_driver.obj (.cinit:_UART_DRV_u32TimeDiffLast)
                  003f1479    0000000b     uart_driver.obj (.cinit:_UART_DRV_u32TimeDiffNow)
                  003f1484    0000000b     CSMON_C28xx.lib : uart_drv.obj (.cinit:_UART_RXIntOverflowCounter)
                  003f148f    0000000b     tmr_drv.obj (.cinit:_pfDelayedFunction)
                  003f149a    0000000b     tmr_drv.obj (.cinit:_pfDelayedFunction_u8)
                  003f14a5    0000000b     CSMON_C28xx.lib : uart_drv.obj (.cinit:_u32TimeDiffLast)
                  003f14b0    0000000b                     : uart_drv.obj (.cinit:_u32TimeDiffNow)
                  003f14bb    0000000b                     : uart_drv.obj (.cinit:_u32TimeDiffRead)
                  003f14c6    00000009                     : hmserial.obj (.cinit)
                  003f14cf    00000009                     : csmon.obj (.cinit:_CSMON_au32FileAutorization_FunctionAfterWriteFileRecord)
                  003f14d8    00000009                     : csmon.obj (.cinit:_CSMON_sFileParameterCount)
                  003f14e1    00000009                     : hmscopeparam.obj (.cinit:_pBufferScope)
                  003f14ea    00000008                     : hmlib.obj (.cinit)
                  003f14f2    00000007                     : csmon.obj (.cinit:_CSMON_au8FileParameterListElementsSizeTablePart1)
                  003f14f9    00000007                     : csmon.obj (.cinit:_CSMON_au8FileRecorderStatusElementsSizeTable)
                  003f1500    00000007                     : modbusreg.obj (.cinit:_MODBUSREG_au8DeviceIDMajorMinorRevision)
                  003f1507    00000007                     : modbusreg.obj (.cinit:_MODBUSREG_au8DeviceIDProductCode)
                  003f150e    00000007                     : uart_drv.obj (.cinit:_UARTRxBufferRDCount)
                  003f1515    00000007                     : uart_drv.obj (.cinit:_UARTRxBufferRDIndex)
                  003f151c    00000007                     : uart_drv.obj (.cinit:_UARTRxBufferWRCount)
                  003f1523    00000007                     : uart_drv.obj (.cinit:_UARTRxBufferWRIndex)
                  003f152a    00000007     uart_driver.obj (.cinit:_UART_DRV_RxBufferRDCount)
                  003f1531    00000007     uart_driver.obj (.cinit:_UART_DRV_RxBufferWRCount)
                  003f1538    00000007     uart_driver.obj (.cinit:_UART_DRV_RxBufferWRIndex)
                  003f153f    00000006     CSMON_C28xx.lib : csmon.obj (.cinit:_CSMON_abFileAutorization_RecordReadOnly)
                  003f1545    00000006                     : csmon.obj (.cinit:_CSMON_abFileAutorization_RecordStringData)
                  003f154b    00000006                     : csmon.obj (.cinit:_CSMON_au16FileAutorization_RecordOffsets)
                  003f1551    00000006                     : csmon.obj (.cinit:_CSMON_au8FileRecorderDataElementsSizeTableUsedLength)
                  003f1557    00000006                     : csmon.obj (.cinit:_CSMON_sFileProtocolVersion)
                  003f155d    00000005     rts2800_ml.lib : _lock.c.obj (.cinit:__lock)
                  003f1562    00000005                    : _lock.c.obj (.cinit:__unlock)
                  003f1567    00000004     CSMON_C28xx.lib : hmscopeparam.obj (.cinit)
                  003f156b    00000004                     : uart_drv.obj (.cinit)
                  003f156f    00000004                     : csmon.obj (.cinit:_CSMON_au8FileParameterListElementsSizeTablePart2)
                  003f1573    00000004                     : csmon.obj (.cinit:_CSMON_au8FileParameterListElementsSizeTablePart3)
                  003f1577    00000004                     : csmon.obj (.cinit:_CSMON_au8FileScopeStatusElementsSizeTable)
                  003f157b    00000004                     : csmon.obj (.cinit:_CSMON_sFileParameterAccessList)
                  003f157f    00000004                     : modbusreg.obj (.cinit:_MODBUSREG_asFileTable)
                  003f1583    00000004     rts2800_ml.lib : errno.c.obj (.cinit)
                  003f1587    00000002     --HOLE-- [fill = 0]

.pinit     0    003e8000    00000000     UNINITIALIZED

.text      0    003e8000    00006f23     
                  003e8000    00001328     CSMON_C28xx.lib : hmmodbus.obj (.text:_HMMODBUS_bDecoder)
                  003e9328    00000a2e                     : modbusreg.obj (.text:_MODBUSREG_AddressTablesInit)
                  003e9d56    00000698     rts2800_ml.lib : k_rem_pio2.c.obj (.text)
                  003ea3ee    00000441     CSMON_C28xx.lib : csmon.obj (.text:_CSMON_eSetParameter)
                  003ea82f    000001ce                     : csmon.obj (.text:_CSMON_eInit)
                  003ea9fd    000001ac     main.obj (.text:_main)
                  003eaba9    00000178     CSMON_C28xx.lib : csmon.obj (.text:_CSMON_eSetUpRecParam)
                  003ead21    0000016d                     : csmon.obj (.text:_CSMON_eProcess)
                  003eae8e    0000013c                     : csmon.obj (.text:_CSMON_vCheckLoadRecorderTable)
                  003eafca    00000136                     : hmmodbus.obj (.text:_HMMODBUS_Rx)
                  003eb100    0000011b                     : hmmodbus.obj (.text:_HMMODBUS_vSetFreeRunTimerPrescaller)
                  003eb21b    00000114     rts2800_ml.lib : s_sinf.c.obj (.text)
                  003eb32f    00000107                    : ll_div28.asm.obj (.text)
                  003eb436    000000fa     CSMON_C28xx.lib : csmon.obj (.text:_CSMON_vCheckSaveRecorderTable)
                  003eb530    000000f8                     : hmprotocol.obj (.text:_HMPROTOCOL_bDecoder)
                  003eb628    000000f5                     : hmdrv.obj (.text:_HMDRV_vInit)
                  003eb71d    000000f1                     : csmon.obj (.text:_CSMON_vFileRecoderStatusFix)
                  003eb80e    000000e9                     : csmon.obj (.text:_CSMON_vSaveRecorderConfiguration)
                  003eb8f7    000000e8                     : hmrecparam.obj (.text:_HMRECPRM_vProcess)
                  003eb9df    000000e8     rts2800_ml.lib : s_floor.c.obj (.text)
                  003ebac7    000000e4     main.obj (.text:_ControlProcess)
                  003ebbab    000000cc     CSMON_C28xx.lib : hmmodbus.obj (.text:_HMMODBUS_GetRealRegisterAddressAndSize)
                  003ebc77    000000c1     main.obj (.text:_RecordersInitialization)
                  003ebd38    000000bc     CSMON_C28xx.lib : hmrecparam.obj (.text:_HMRECPRM_SetUpRec)
                  003ebdf4    000000b8                     : hmrec.obj (.text:_HMREC_SetUpRec)
                  003ebeac    000000aa                     : hmdrv.obj (.text:_HMDRV_CopyFromBufferInternalModbusBitField)
                  003ebf56    000000aa     rts2800_ml.lib : s_scalbn.c.obj (.text)
                  003ec000    000000a7                    : e_rem_pio2f.c.obj (.text)
                  003ec0a7    000000a6     main.obj (.text:_ParameterInitialization)
                  003ec14d    000000a3     CSMON_C28xx.lib : csmon.obj (.text:_CSMON_vSaveRecorderConfigTrigger)
                  003ec1f0    000000a3     tmr_drv.obj (.text:_TMR2_ISR)
                  003ec293    000000a0     CSMON_C28xx.lib : csmon.obj (.text:_CSMON_vSetupHoldingRegistersAndCoilsAddressTableFromCSMONParameterList)
                  003ec333    0000009c     rts2800_ml.lib : fd_add28.asm.obj (.text)
                  003ec3cf    00000095     CSMON_C28xx.lib : csmon.obj (.text:_CSMON_vLoadRecorderConfiguration)
                  003ec464    00000092                     : hmdrv.obj (.text:_HMDRV_CopyMemory)
                  003ec4f6    00000092                     : hmdrv.obj (.text:_HMDRV_CopyToBufferInternalModbus)
                  003ec588    00000092     rts2800_ml.lib : k_sinf.c.obj (.text)
                  003ec61a    00000090     CSMON_C28xx.lib : csmon.obj (.text:_CSMON_vSetDateTimeAutorization)
                  003ec6aa    0000008d                     : csmon.obj (.text:_CSMON_vInitRecorders)
                  003ec737    0000008b     rts2800_ml.lib : fd_div28.asm.obj (.text)
                  003ec7c2    00000087     CSMON_C28xx.lib : hmrecparam.obj (.text:_HMRECPRM_SetUpRecParamStatusDateTime)
                  003ec849    00000087     rts2800_ml.lib : k_cosf.c.obj (.text)
                  003ec8d0    00000083     CSMON_C28xx.lib : hmdrv.obj (.text:_HMDRV_CopyFromBufferInternalModbus)
                  003ec953    00000083     rts2800_ml.lib : fd_mpy28.asm.obj (.text)
                  003ec9d6    00000083                    : fs_div28.asm.obj (.text)
                  003eca59    00000080     CSMON_C28xx.lib : csmon.obj (.text:_CSMON_vPrepareFileParameterAccessList)
                  003ecad9    0000007f                     : hmserial.obj (.text:_HMSERIAL_vProcessSCI)
                  003ecb58    0000007e                     : hmrecparam.obj (.text:_HMRECPRM_vTimeSync)
                  003ecbd6    00000078     rts2800_ml.lib : fs_add28.asm.obj (.text)
                  003ecc4e    00000076     main.obj (.text:_ScopesInitialization)
                  003eccc4    00000070     CSMON_C28xx.lib : csmon.obj (.text:_CSMON_u32GetParameterStringCheckSum)
                  003ecd34    0000006a                     : hmprotocol.obj (.text:_HMPROTOCOL_GetBoardInfo)
                  003ecd9e    0000006a                     : hmserial.obj (.text:_HMSERIAL_Rx)
                  003ece08    0000006a                     : modbusreg.obj (.text:_MODBUSREG_vInit)
                  003ece72    00000067                     : hmmodbus.obj (.text:_HMMODBUS_CopyFromBuffer)
                  003eced9    00000066                     : hmmodbus.obj (.text:_HMMODBUS_vProcessSCI)
                  003ecf3f    00000064                     : hmrec.obj (.text:_HMREC_vProcess)
                  003ecfa3    0000005f     F2806x_SysCtrl.obj (.text:_InitPeripheralClocks)
                  003ed002    0000005d     CSMON_C28xx.lib : uart_drv.obj (.text:_UART_RXInterrupt)
                  003ed05f    0000005a                     : csmon.obj (.text:_CSMON_vRecorderParamStartStopProcess)
                  003ed0b9    0000005a     gpio.obj (.text:_GPIO_setPinConfigOutput)
                  003ed113    0000005a     rts2800_ml.lib : fs_mpy28.asm.obj (.text)
                  003ed16d    00000059     CSMON_C28xx.lib : csmon.obj (.text:_CSMON_vUpdateDateTimeFromApplication)
                  003ed1c6    00000059                     : hmmodbus.obj (.text:_vSetElementsSize)
                  003ed21f    00000057                     : csmon.obj (.text:_CSMON_bCheckValidDateTime)
                  003ed276    00000057     uart_driver.obj (.text:_UART_DRV_RXInterrupt)
                  003ed2cd    00000055     CSMON_C28xx.lib : modbusreg.obj (.text:_MODBUSREG_FileRecorderExternalUpdateInit)
                  003ed322    00000054                     : csmon.obj (.text:_CSMON_u32GetParameterNumbCheckSum)
                  003ed376    00000054                     : csmon.obj (.text:_CSMON_u32GetParameterShortNameCheckSum)
                  003ed3ca    00000054                     : hmlib.obj (.text:_HMLIB_vInit)
                  003ed41e    00000054     rts2800_ml.lib : boot28.asm.obj (.text)
                  003ed472    00000052     CSMON_C28xx.lib : csmon.obj (.text:_CSMON_vLoadRecorderConfigTrigger)
                  003ed4c4    00000051     F2806x_SysCtrl.obj (.text:_InitPll)
                  003ed515    00000050     CSMON_C28xx.lib : csmon.obj (.text:_CSMON_eSetExternalRecorderUsage)
                  003ed565    0000004f     device.obj (.text:_Device_CsmUnlock)
                  003ed5b4    0000004e     CSMON_C28xx.lib : hmrecparam.obj (.text:_HMRECPRM_StartRecParam)
                  003ed602    0000004a                     : csmon.obj (.text:_CSMON_eSetRecorderTriggerAtPosition)
                  003ed64c    00000047                     : hmmodbus.obj (.text:_HMMODBUS_CopyToBuffer)
                  003ed693    00000047                     : hmscopeparam.obj (.text:_HMSCOPEPRM_SetUpScope)
                  003ed6da    00000045                     : hmmodbus.obj (.text:_HMMODBUS_GetRegisterFunction)
                  003ed71f    00000043                     : hmscopeparam.obj (.text:_HMSCOPEPRM_ReadScope)
                  003ed762    00000042                     : hmmodbus.obj (.text:_HMMODBUS_vSendResponse)
                  003ed7a4    00000042     interrupt.obj (.text:_Interrupt_enable)
                  003ed7e6    0000003f     CSMON_C28xx.lib : hmdrv.obj (.text:_HMDRV_CopyFromBufferInternal)
                  003ed825    0000003d                     : hmmodbus.obj (.text:_vSetStartSampleIndex)
                  003ed862    0000003c     tmr_drv.obj (.text:_configCPUTimer)
                  003ed89e    0000003b     CSMON_C28xx.lib : csmon.obj (.text:_CSMON_eSetRecorderConfigurationSkipSamples)
                  003ed8d9    0000003b     main.obj (.text:_ExternalParametersInitialization)
                  003ed914    0000003b     CSMON_C28xx.lib : hmscope.obj (.text:_HMSCOPE_SetUpScope)
                  003ed94f    00000038     device.obj (.text:_Device_init)
                  003ed987    00000038     CSMON_C28xx.lib : uart_drv.obj (.text:_UART_ReadDataRx)
                  003ed9bf    00000037                     : csmon.obj (.text:_CSMON_u32GetRealAddressAndSizeOffsetFromParameter)
                  003ed9f6    00000036                     : hmscope.obj (.text:_HMSCOPE_ReadScope)
                  003eda2c    00000036                     : hmserial.obj (.text:_HMSERIAL_vSendResponse)
                  003eda62    00000035                     : hmdrv.obj (.text:_HMDRV_CopyToBufferInternal)
                  003eda97    00000034                     : csmon.obj (.text:_CSMON_eSetParameterInRecorderAtPosition)
                  003edacb    00000033                     : hmmodbus.obj (.text:_HMMODBUS_Listen)
                  003edafe    00000032                     : csmon.obj (.text:_CSMON_eSetParameterInScopeAtPosition)
                  003edb30    0000002e                     : csmon.obj (.text:_CSMON_vRecorderParamSetupProcess)
                  003edb5e    0000002e                     : hmserial.obj (.text:_HMSERIAL_vProcessSCIFreemasterOnly)
                  003edb8c    0000002d                     : hmserial.obj (.text:_HMSERIAL_Listen)
                  003edbb9    0000002d                     : hmrecparam.obj (.text:_RecorderTimeFromLocalDateTime)
                  003edbe6    0000002b                     : hmrecparam.obj (.text:_FillTimeData)
                  003edc11    0000002a     rts2800_ml.lib : fd_cmp28.asm.obj (.text)
                  003edc3b    00000029                    : exit.c.obj (.text)
                  003edc64    00000029                    : fs_tol28.asm.obj (.text)
                  003edc8d    00000028     CSMON_C28xx.lib : csmon.obj (.text:_CSMON_bAutorizationPasswordCheck)
                  003edcb5    00000028                     : csmon.obj (.text:_CSMON_vSetupHoldingRegistersAndCoilsAddressTableAccessAll)
                  003edcdd    00000027                     : csmon.obj (.text:_CSMON_u32GetParameterCheckSum)
                  003edd04    00000027                     : csmon.obj (.text:_CSMON_vSaveRecorderConfig)
                  003edd2b    00000027                     : hmserial.obj (.text:_HMSERIAL_vProcessSCITXISR)
                  003edd52    00000026                     : csmon.obj (.text:_CSMON_u32GetParameterAuxCheckSum)
                  003edd78    00000026                     : hmdrv.obj (.text:_HMDRV_CopyFromBufferInternalWithMaskModbus)
                  003edd9e    00000025                     : hmserial.obj (.text:_HMSERIAL_Tx)
                  003eddc3    00000025     rts2800_ml.lib : fs_toi28.asm.obj (.text)
                  003edde8    00000024     CSMON_C28xx.lib : csmon.obj (.text:_CSMON_vAutorizationReset)
                  003ede0c    00000024                     : hmprotocol.obj (.text:_HMPROTOCOL_ReadMem)
                  003ede30    00000024                     : hmrecparam.obj (.text:_RecorderDateFromLocalDateTime)
                  003ede54    00000024     sci_driver.obj (.text:_SCIA_DRV_RXFIFOISR)
                  003ede78    00000024     sci_driver.obj (.text:_SCIA_DRV_TXFIFOISR)
                  003ede9c    00000024     sci_drv.obj (.text:_SCIA_RXFIFOISR)
                  003edec0    00000024     sci_drv.obj (.text:_SCIA_TXFIFOISR)
                  003edee4    00000024     sci_driver.obj (.text:_SCIB_DRV_RXFIFOISR)
                  003edf08    00000024     sci_driver.obj (.text:_SCIB_DRV_TXFIFOISR)
                  003edf2c    00000024     sci_drv.obj (.text:_SCIB_RXFIFOISR)
                  003edf50    00000024     sci_drv.obj (.text:_SCIB_TXFIFOISR)
                  003edf74    00000024     tmr_drv.obj (.text:_TMR_vInit)
                  003edf98    00000024     CSMON_C28xx.lib : hmmodbus.obj (.text:_vSetSampleCountAvailable)
                  003edfbc    00000024     rts2800_ml.lib : cpy_tbl.c.obj (.text)
                  003edfe0    00000023     CSMON_C28xx.lib : modbusreg.obj (.text:_MODBUSREG_FileRecorderElementSizeTableUsedSizeUpdateInit)
                  003ee003    00000023     rts2800_ml.lib : s_copysign.c.obj (.text)
                  003ee026    00000022                    : i_div28.asm.obj (.text)
                  003ee048    00000021     CSMON_C28xx.lib : hmdrv.obj (.text:_HMDRV_CopyFromBufferInternalWithMask)
                  003ee069    00000021     sci.obj (.text:_SCI_setConfig)
                  003ee08a    00000021     rts2800_ml.lib : fd_tofs28.asm.obj (.text)
                  003ee0ab    00000021                    : fs_toul28.asm.obj (.text)
                  003ee0cc    00000020     CSMON_C28xx.lib : hmdrv.obj (.text:_HMDRV_vProcess)
                  003ee0ec    00000020     tmr_drv.obj (.text:_TMR_vInitCPUTimers)
                  003ee10c    00000020     CSMON_C28xx.lib : hmmodbus.obj (.text:_vSetSampleCountBuffer)
                  003ee12c    0000001f                     : csmon.obj (.text:_CSMON_u16FindIndexParameterTable)
                  003ee14b    0000001f     F2806x_PieCtrl.obj (.text:_InitPieCtrl)
                  003ee16a    0000001f     CSMON_C28xx.lib : hmmodbus.obj (.text:_vSetSampleSize)
                  003ee189    0000001f     rts2800_ml.lib : fd_tol28.asm.obj (.text)
                  003ee1a8    0000001e     CSMON_C28xx.lib : csmon.obj (.text:_CSMON_eApplyParameterChanges)
                  003ee1c6    0000001d                     : hmrecparam.obj (.text:_HMRECPRM_GetRecBuffFreemaster)
                  003ee1e3    0000001d                     : hmrec.obj (.text:_HMREC_GetRecBuffFreemaster)
                  003ee200    0000001d     rts2800_ml.lib : fs_tou28.asm.obj (.text)
                  003ee21d    0000001d                    : memcpy.c.obj (.text)
                  003ee23a    0000001c     main.obj (.text:_CSMON_vGetDateTime)
                  003ee256    0000001c     CSMON_C28xx.lib : csmon.obj (.text:_HMRECPRM_vGetDateTime)
                  003ee272    0000001c     sci.obj (.text:_SCI_clearInterruptStatus)
                  003ee28e    0000001c     CSMON_C28xx.lib : hmmodbus.obj (.text:_vSetIndexFileTable)
                  003ee2aa    0000001c     rts2800_ml.lib : fs_tofd28.asm.obj (.text)
                  003ee2c6    0000001c                    : l_tofd28.asm.obj (.text)
                  003ee2e2    0000001b     CSMON_C28xx.lib : csmon.obj (.text:_CSMON_eSetParameterCountInRecorder)
                  003ee2fd    0000001b                     : csmon.obj (.text:_CSMON_vFileParameterCountCheckSumUpdate)
                  003ee318    0000001b     device.obj (.text:_Device_initGPIO)
                  003ee333    0000001b     CSMON_C28xx.lib : hmdrv.obj (.text:_HMDRV_AddressToBuffer)
                  003ee34e    0000001b                     : hmmodbus.obj (.text:_HMMODBUS_vInit)
                  003ee369    0000001b     rts2800_ml.lib : fd_toul28.asm.obj (.text)
                  003ee384    0000001a     CSMON_C28xx.lib : csmon.obj (.text:_CSMON_eSetParameterListRealAddress)
                  003ee39e    0000001a                     : hmmodbus.obj (.text:_HMMODBUS_vProcessSCITXISR)
                  003ee3b8    0000001a                     : hmrecparam.obj (.text:_HMRECPRM_StartRec)
                  003ee3d2    0000001a                     : hmserial.obj (.text:_HMSERIAL_vProcessSCITXISRFreemasterOnly)
                  003ee3ec    0000001a     sci.obj (.text:_SCI_disableInterrupt)
                  003ee406    0000001a     sci.obj (.text:_SCI_enableInterrupt)
                  003ee420    0000001a     rts2800_ml.lib : l_tofs28.asm.obj (.text)
                  003ee43a    00000019     CSMON_C28xx.lib : hmdrv.obj (.text:_HMDRV_AddressFromBuffer)
                  003ee453    00000019                     : uart_drv.obj (.text:_UART_vInit)
                  003ee46c    00000019                     : hmmodbus.obj (.text:_bGetFileReadAccess)
                  003ee485    00000019     rts2800_ml.lib : prolog28.asm.obj (.text)
                  003ee49e    00000018     CSMON_C28xx.lib : csmon.obj (.text:_CSMON_u32GetFreeRunningTimerMicroseconds)
                  003ee4b6    00000018                     : hmlib.obj (.text:_HMLIB_vProcessSCITXISRWithIndex)
                  003ee4ce    00000018     F2806x_SysCtrl.obj (.text:_InitSysCtrl)
                  003ee4e6    00000018     rts2800_ml.lib : ll_aox28.asm.obj (.text)
                  003ee4fe    00000017     CSMON_C28xx.lib : hmmodbus.obj (.text:_HMMODBUS_Tx)
                  003ee515    00000017                     : hmmodbus.obj (.text:_HMMODBUS_vProcessTxDelay)
                  003ee52c    00000017                     : hmprotocol.obj (.text:_HMPROTOCOL_WriteMem)
                  003ee543    00000017                     : hmprotocol.obj (.text:_HMPROTOCOL_WriteMemMask)
                  003ee55a    00000017                     : hmmodbus.obj (.text:_vSetBufferAddressStart)
                  003ee571    00000017     rts2800_ml.lib : fs_cmp28.asm.obj (.text)
                  003ee588    00000017                    : u_tofd28.asm.obj (.text)
                  003ee59f    00000016     CSMON_C28xx.lib : csmon.obj (.text:_CSMON_eSetParameterCountInScope)
                  003ee5b5    00000016                     : hmdrv.obj (.text:_HMDRV_AddressFromBufferBigEndian)
                  003ee5cb    00000015                     : csmon.obj (.text:_CSMON_eResetParameterTable)
                  003ee5e0    00000015                     : hmrecparam.obj (.text:_HMRECPRM_Comparefloat)
                  003ee5f5    00000015                     : hmrec.obj (.text:_HMREC_Comparefloat)
                  003ee60a    00000015                     : hmrec.obj (.text:_HMREC_StartRec)
                  003ee61f    00000015     F2806x_Gpio.obj (.text:_InitGpio)
                  003ee634    00000014     CSMON_C28xx.lib : hmlib.obj (.text:_HMLIB_vProcessFastTD)
                  003ee648    00000014                     : hmmodbus.obj (.text:_HMMODBUS_DelayedTx)
                  003ee65c    00000014                     : hmrecparam.obj (.text:_HMRECPRM_StopRecParam)
                  003ee670    00000014                     : hmserial.obj (.text:_HMSERIAL_DelayedTx)
                  003ee684    00000013                     : csmon.obj (.text:_CSMON_eSetFlagProcessPassed)
                  003ee697    00000013     rts2800_ml.lib : ul_tofs28.asm.obj (.text)
                  003ee6aa    00000012     CSMON_C28xx.lib : hmdrv.obj (.text:_HMDRV_GetStringLengthFromWordInternal)
                  003ee6bc    00000012                     : hmrecparam.obj (.text:_HMRECPRM_CompareBOOL)
                  003ee6ce    00000012                     : modbusreg.obj (.text:_MODBUSREG_vFileDenyAccess)
                  003ee6e0    00000012                     : uart_drv.obj (.text:_UART_TxIntDis)
                  003ee6f2    00000012                     : uart_drv.obj (.text:_UART_TxIntEna)
                  003ee704    00000011     main.obj (.text:_CSMON_vSetDateTime)
                  003ee715    00000011     CSMON_C28xx.lib : hmserial.obj (.text:_HMSERIAL_vInit)
                  003ee726    00000011     F2806x_PieVect.obj (.text:_InitPieVectTable)
                  003ee737    00000011     main.obj (.text:_vSetWatchdogPrescalerTimeDiv)
                  003ee748    00000011     rts2800_ml.lib : args_main.c.obj (.text)
                  003ee759    00000010     device.obj (.text:_Example_MemCopy)
                  003ee769    00000010     CSMON_C28xx.lib : hmlib.obj (.text:_HMLIB_vInitRecParamBuff)
                  003ee779    00000010                     : hmmodbus.obj (.text:_HMMODBUS_vSetupRegisterDummy)
                  003ee789    00000010     F2806x_SysCtrl.obj (.text:_IntOsc1Sel)
                  003ee799    00000010     CSMON_C28xx.lib : modbusreg.obj (.text:_MODBUSREG_vInitHoldingRegistersTableChanges)
                  003ee7a9    00000010                     : hmmodbus.obj (.text:_bIsValidEndAddressInBuffer)
                  003ee7b9    00000010                     : hmmodbus.obj (.text:_u32BytesMemoryToBytesModbus)
                  003ee7c9    00000010                     : hmmodbus.obj (.text:_u32BytesModbusToBytesMemory)
                  003ee7d9    00000010     main.obj (.text:_vGetWatchdogPrescaler)
                  003ee7e9    00000010     rts2800_ml.lib : u_tofs28.asm.obj (.text)
                  003ee7f9    0000000f     CSMON_C28xx.lib : hmlib.obj (.text:_HMLIB_vProcessRecorders)
                  003ee808    0000000f                     : hmmodbus.obj (.text:_HMMODBUS_CalcCRC)
                  003ee817    0000000f                     : modbusreg.obj (.text:_MODBUSREG_vInitHoldingRegistersTableChangesExternalList)
                  003ee826    0000000f                     : uart_drv.obj (.text:_UART_IsTxEmpty)
                  003ee835    0000000e                     : hmdrv.obj (.text:_HMDRV_GetStringLengthInternal)
                  003ee843    0000000e                     : hmrecparam.obj (.text:_HMRECPRM_Compare16S)
                  003ee851    0000000e                     : hmrecparam.obj (.text:_HMRECPRM_Compare16U)
                  003ee85f    0000000e                     : hmrecparam.obj (.text:_HMRECPRM_Compare32S)
                  003ee86d    0000000e                     : hmrecparam.obj (.text:_HMRECPRM_Compare32U)
                  003ee87b    0000000e                     : hmrecparam.obj (.text:_HMRECPRM_Compare8S)
                  003ee889    0000000e                     : hmrecparam.obj (.text:_HMRECPRM_Compare8U)
                  003ee897    0000000e                     : hmrec.obj (.text:_HMREC_Compare16S)
                  003ee8a5    0000000e                     : hmrec.obj (.text:_HMREC_Compare16U)
                  003ee8b3    0000000e                     : hmrec.obj (.text:_HMREC_Compare32S)
                  003ee8c1    0000000e                     : hmrec.obj (.text:_HMREC_Compare32U)
                  003ee8cf    0000000e                     : hmrec.obj (.text:_HMREC_Compare8S)
                  003ee8dd    0000000e                     : hmrec.obj (.text:_HMREC_Compare8U)
                  003ee8eb    0000000e                     : hmmodbus.obj (.text:_u32FitAddressCircleBufferInside)
                  003ee8f9    0000000e     rts2800_ml.lib : fd_sub28.asm.obj (.text)
                  003ee907    0000000d     CSMON_C28xx.lib : csmon.obj (.text:_CSMON_vInitHoldingRegistersTableChanges)
                  003ee914    0000000d                     : hmrecparam.obj (.text:_HMRECPRM_IsJustStopped)
                  003ee921    0000000d                     : hmrecparam.obj (.text:_HMRECPRM_StopRec)
                  003ee92e    0000000d                     : hmrec.obj (.text:_HMREC_StopRec)
                  003ee93b    0000000d                     : modbusreg.obj (.text:_MODBUSREG_vFileAllowAccess)
                  003ee948    0000000d     tmr_drv.obj (.text:_TIMER_vSetupTimerMainFunctionDelayCompare)
                  003ee955    0000000d     CSMON_C28xx.lib : uart_drv.obj (.text:_UART_ReadDataRxAvailable)
                  003ee962    0000000c                     : hmlib.obj (.text:_HMLIB_vProcess)
                  003ee96e    0000000c                     : hmrecparam.obj (.text:_HMRECPRM_GetBufferRecParamPtrAddress)
                  003ee97a    0000000c                     : hmrecparam.obj (.text:_HMRECPRM_TriggerRec)
                  003ee986    0000000c                     : hmmodbus.obj (.text:_u32FixAddressCircleBufferOverflow)
                  003ee992    0000000c     rts2800_ml.lib : epilog28.asm.obj (.text)
                  003ee99e    0000000b     CSMON_C28xx.lib : hmmodbus.obj (.text:_HMMODBUS_vProcessFastTD)
                  003ee9a9    0000000b                     : hmrecparam.obj (.text:_HMRECPRM_IsRunning)
                  003ee9b4    0000000b                     : hmrecparam.obj (.text:_HMRECPRM_vResetAllStopDetections)
                  003ee9bf    0000000b                     : hmserial.obj (.text:_HMSERIAL_vProcessFastTD)
                  003ee9ca    0000000b                     : modbusreg.obj (.text:_MODBUSREG_vDataZero)
                  003ee9d5    0000000b     sci_driver.obj (.text:_SCI_DRV_eGetModuleIndexFromBase)
                  003ee9e0    0000000b     sci_drv.obj (.text:_SCI_eGetModuleIndexFromBase)
                  003ee9eb    0000000b     CSMON_C28xx.lib : uart_drv.obj (.text:_UART_TxDis)
                  003ee9f6    0000000b                     : uart_drv.obj (.text:_UART_TxEna)
                  003eea01    0000000b                     : hmmodbus.obj (.text:_bIsValidIndexFileTable)
                  003eea0c    0000000b     rts2800_ml.lib : u_div28.asm.obj (.text)
                  003eea17    0000000a     CSMON_C28xx.lib : hmrecparam.obj (.text:_HMRECPRM_ClrLastStopDetectionToRecorderStopSamplesCounter)
                  003eea21    0000000a                     : hmrecparam.obj (.text:_HMRECPRM_GetRecStatus)
                  003eea2b    0000000a                     : hmrec.obj (.text:_HMREC_GetRecStatus)
                  003eea35    00000009                     : csmon.obj (.text:_CSMON_eSetServerOnStatus)
                  003eea3e    00000009                     : hmmodbus.obj (.text:_HMMODBUS_vProcessFreeTimer)
                  003eea47    00000009                     : hmmodbus.obj (.text:_HMMODBUS_vProcessRxDelay)
                  003eea50    00000009                     : hmrecparam.obj (.text:_HMRECPRM_GetExternBufferRecParamLastPointedAddress)
                  003eea59    00000009                     : hmrecparam.obj (.text:_HMRECPRM_GetExternBufferRecParamPtrAddress)
                  003eea62    00000009                     : hmrecparam.obj (.text:_HMRECPRM_vDisableAllStopDetections)
                  003eea6b    00000009                     : hmrec.obj (.text:_HMREC_TriggerRec)
                  003eea74    00000009                     : hmscopeparam.obj (.text:_HMSCOPEPRM_GetBufferScopeParamAddress)
                  003eea7d    00000009                     : hmserial.obj (.text:_HMSERIAL_vProcessFreeTimer)
                  003eea86    00000009     tmr_drv.obj (.text:_TIMER_vResetTimerMainFunctionDelayCounter)
                  003eea8f    00000009     tmr_drv.obj (.text:_TIMER_vSetupTimerMainDelayedFunctionSendData)
                  003eea98    00000009     CSMON_C28xx.lib : uart_drv.obj (.text:_UART_PutChar)
                  003eeaa1    00000009                     : uart_drv.obj (.text:_UART_ReadDataRxTimeDiff)
                  003eeaaa    00000009     rts2800_ml.lib : _lock.c.obj (.text)
                  003eeab3    00000009                    : fd_neg28.asm.obj (.text)
                  003eeabc    00000008     Example_Flash2806x_CsmKeys.obj (.text)
                  003eeac4    00000008     F2806x_CodeStartBranch.obj (.text)
                  003eeacc    00000008     CSMON_C28xx.lib : csmon.obj (.text:_CSMON_vInitScopes)
                  003eead4    00000008     F2806x_SysCtrl.obj (.text:_DisableDog)
                  003eeadc    00000008     CSMON_C28xx.lib : hmdrv.obj (.text:_HMDRV_CopyFromBufferWithMaskModbus)
                  003eeae4    00000008                     : hmmodbus.obj (.text:_HMMODBUS_vSetupHoldingRegistersProcessFuncTable)
                  003eeaec    00000008                     : hmmodbus.obj (.text:_HMMODBUS_vSetupHoldingRegistersRealAddressTable)
                  003eeaf4    00000008                     : hmrecparam.obj (.text:_HMRECPRM_GetExternRecParamAddress)
                  003eeafc    00000008                     : hmrecparam.obj (.text:_HMRECPRM_GetExternRecParamPtrMaximumUsedSampleCount)
                  003eeb04    00000008                     : hmrecparam.obj (.text:_HMRECPRM_GetExternRecParamPtrSampleSize)
                  003eeb0c    00000008                     : hmrecparam.obj (.text:_HMRECPRM_GetRecParamPtrAvailableSampleCount)
                  003eeb14    00000008                     : hmrecparam.obj (.text:_HMRECPRM_GetRecParamPtrLastSampleIndex)
                  003eeb1c    00000008                     : hmrecparam.obj (.text:_HMRECPRM_GetRecParamPtrMaximumUsedSampleCount)
                  003eeb24    00000008                     : hmrecparam.obj (.text:_HMRECPRM_GetRecParamPtrSampleSize)
                  003eeb2c    00000008                     : hmrecparam.obj (.text:_HMRECPRM_GetStatusInternalRecParamAddress)
                  003eeb34    00000008                     : hmrecparam.obj (.text:_HMRECPRM_GetStatusRecParamAddress)
                  003eeb3c    00000008                     : hmrecparam.obj (.text:_HMRECPRM_vInit)
                  003eeb44    00000008                     : hmrec.obj (.text:_HMREC_vInit)
                  003eeb4c    00000007     F2806x_DisInt.obj (.text)
                  003eeb53    00000007     CSMON_C28xx.lib : hmlib.obj (.text:_HMLIB_vProcessDifferentPorts)
                  003eeb5a    00000007                     : hmscopeparam.obj (.text:_HMSCOPEPRM_GetStatusScopeParamAddress)
                  003eeb61    00000007     sci_driver.obj (.text:_SCI_DRV_u32GetBaseFromModuleIndex)
                  003eeb68    00000007     sci_drv.obj (.text:_SCI_u32GetBaseFromModuleIndex)
                  003eeb6f    00000006     cputimer.obj (.text:_CPUTimer_setEmulationMode)
                  003eeb75    00000006     CSMON_C28xx.lib : hmmodbus.obj (.text:_HMMODBUS_vSetupHoldingRegistersAddressTable)
                  003eeb7b    00000006                     : hmrecparam.obj (.text:_HMRECPRM_SetUpRecBuff)
                  003eeb81    00000006                     : hmrec.obj (.text:_HMREC_SetUpRecBuff)
                  003eeb87    00000006     tmr_drv.obj (.text:_TIMER_u16ResetTimerMainPeriod)
                  003eeb8d    00000006     uart_driver.obj (.text:_UART_DRV_GetChar)
                  003eeb93    00000006     CSMON_C28xx.lib : uart_drv.obj (.text:_UART_GetChar)
                  003eeb99    00000005     F2806x_DefaultIsr.obj (.text:_ADCINT1_ISR)
                  003eeb9e    00000005     F2806x_DefaultIsr.obj (.text:_ADCINT2_ISR)
                  003eeba3    00000005     F2806x_DefaultIsr.obj (.text:_ADCINT3_ISR)
                  003eeba8    00000005     F2806x_DefaultIsr.obj (.text:_ADCINT4_ISR)
                  003eebad    00000005     F2806x_DefaultIsr.obj (.text:_ADCINT5_ISR)
                  003eebb2    00000005     F2806x_DefaultIsr.obj (.text:_ADCINT6_ISR)
                  003eebb7    00000005     F2806x_DefaultIsr.obj (.text:_ADCINT7_ISR)
                  003eebbc    00000005     F2806x_DefaultIsr.obj (.text:_ADCINT8_ISR)
                  003eebc1    00000005     F2806x_DefaultIsr.obj (.text:_ADCINT9_ISR)
                  003eebc6    00000005     F2806x_DefaultIsr.obj (.text:_CLA1_INT1_ISR)
                  003eebcb    00000005     F2806x_DefaultIsr.obj (.text:_CLA1_INT2_ISR)
                  003eebd0    00000005     F2806x_DefaultIsr.obj (.text:_CLA1_INT3_ISR)
                  003eebd5    00000005     F2806x_DefaultIsr.obj (.text:_CLA1_INT4_ISR)
                  003eebda    00000005     F2806x_DefaultIsr.obj (.text:_CLA1_INT5_ISR)
                  003eebdf    00000005     F2806x_DefaultIsr.obj (.text:_CLA1_INT6_ISR)
                  003eebe4    00000005     F2806x_DefaultIsr.obj (.text:_CLA1_INT7_ISR)
                  003eebe9    00000005     F2806x_DefaultIsr.obj (.text:_CLA1_INT8_ISR)
                  003eebee    00000005     CSMON_C28xx.lib : csmon.obj (.text:_CSMON_eSetAutoServiceWatchdogInternalSlowCalculationsInMainLoop)
                  003eebf3    00000005                     : csmon.obj (.text:_CSMON_eSetFirmwareApplicationVersion)
                  003eebf8    00000005                     : csmon.obj (.text:_CSMON_eSetMaxTimeInISR)
                  003eebfd    00000005                     : csmon.obj (.text:_CSMON_eSetMinGuaranteedTimeBetweenTwoISRs)
                  003eec02    00000005                     : csmon.obj (.text:_CSMON_u16ParametersAccessListIndexGenerate)
                  003eec07    00000005                     : csmon.obj (.text:_CSMON_u32GetFreeRunningTimerTicks)
                  003eec0c    00000005                     : csmon.obj (.text:_CSMON_vSetDateTimeRequest)
                  003eec11    00000005     F2806x_DefaultIsr.obj (.text:_DATALOG_ISR)
                  003eec16    00000005     F2806x_DefaultIsr.obj (.text:_DINTCH1_ISR)
                  003eec1b    00000005     F2806x_DefaultIsr.obj (.text:_DINTCH2_ISR)
                  003eec20    00000005     F2806x_DefaultIsr.obj (.text:_DINTCH3_ISR)
                  003eec25    00000005     F2806x_DefaultIsr.obj (.text:_DINTCH4_ISR)
                  003eec2a    00000005     F2806x_DefaultIsr.obj (.text:_DINTCH5_ISR)
                  003eec2f    00000005     F2806x_DefaultIsr.obj (.text:_DINTCH6_ISR)
                  003eec34    00000005     F2806x_DefaultIsr.obj (.text:_ECAN0INTA_ISR)
                  003eec39    00000005     F2806x_DefaultIsr.obj (.text:_ECAN1INTA_ISR)
                  003eec3e    00000005     F2806x_DefaultIsr.obj (.text:_ECAP1_INT_ISR)
                  003eec43    00000005     F2806x_DefaultIsr.obj (.text:_ECAP2_INT_ISR)
                  003eec48    00000005     F2806x_DefaultIsr.obj (.text:_ECAP3_INT_ISR)
                  003eec4d    00000005     F2806x_DefaultIsr.obj (.text:_EMPTY_ISR)
                  003eec52    00000005     F2806x_DefaultIsr.obj (.text:_EMUINT_ISR)
                  003eec57    00000005     F2806x_DefaultIsr.obj (.text:_EPWM1_INT_ISR)
                  003eec5c    00000005     F2806x_DefaultIsr.obj (.text:_EPWM1_TZINT_ISR)
                  003eec61    00000005     F2806x_DefaultIsr.obj (.text:_EPWM2_INT_ISR)
                  003eec66    00000005     F2806x_DefaultIsr.obj (.text:_EPWM2_TZINT_ISR)
                  003eec6b    00000005     F2806x_DefaultIsr.obj (.text:_EPWM3_INT_ISR)
                  003eec70    00000005     F2806x_DefaultIsr.obj (.text:_EPWM3_TZINT_ISR)
                  003eec75    00000005     F2806x_DefaultIsr.obj (.text:_EPWM4_INT_ISR)
                  003eec7a    00000005     F2806x_DefaultIsr.obj (.text:_EPWM4_TZINT_ISR)
                  003eec7f    00000005     F2806x_DefaultIsr.obj (.text:_EPWM5_INT_ISR)
                  003eec84    00000005     F2806x_DefaultIsr.obj (.text:_EPWM5_TZINT_ISR)
                  003eec89    00000005     F2806x_DefaultIsr.obj (.text:_EPWM6_INT_ISR)
                  003eec8e    00000005     F2806x_DefaultIsr.obj (.text:_EPWM6_TZINT_ISR)
                  003eec93    00000005     F2806x_DefaultIsr.obj (.text:_EPWM7_INT_ISR)
                  003eec98    00000005     F2806x_DefaultIsr.obj (.text:_EPWM7_TZINT_ISR)
                  003eec9d    00000005     F2806x_DefaultIsr.obj (.text:_EPWM8_INT_ISR)
                  003eeca2    00000005     F2806x_DefaultIsr.obj (.text:_EPWM8_TZINT_ISR)
                  003eeca7    00000005     F2806x_DefaultIsr.obj (.text:_EQEP1_INT_ISR)
                  003eecac    00000005     F2806x_DefaultIsr.obj (.text:_EQEP2_INT_ISR)
                  003eecb1    00000005     CSMON_C28xx.lib : hmlib.obj (.text:_HMLIB_vProcessSamePort)
                  003eecb6    00000005                     : hmlib.obj (.text:_HMLIB_vRecorder0)
                  003eecbb    00000005                     : hmlib.obj (.text:_HMLIB_vRecorder1)
                  003eecc0    00000005                     : hmlib.obj (.text:_HMLIB_vRecorder2)
                  003eecc5    00000005                     : hmmodbus.obj (.text:_HMMODBUS_bGetReceivedMessage)
                  003eecca    00000005                     : hmmodbus.obj (.text:_HMMODBUS_vFileTable)
                  003eeccf    00000005     F2806x_DefaultIsr.obj (.text:_HRCAP1_INT_ISR)
                  003eecd4    00000005     F2806x_DefaultIsr.obj (.text:_HRCAP2_INT_ISR)
                  003eecd9    00000005     F2806x_DefaultIsr.obj (.text:_HRCAP3_INT_ISR)
                  003eecde    00000005     F2806x_DefaultIsr.obj (.text:_HRCAP4_INT_ISR)
                  003eece3    00000005     F2806x_DefaultIsr.obj (.text:_I2CINT1A_ISR)
                  003eece8    00000005     F2806x_DefaultIsr.obj (.text:_I2CINT2A_ISR)
                  003eeced    00000005     F2806x_DefaultIsr.obj (.text:_ILLEGAL_ISR)
                  003eecf2    00000005     F2806x_DefaultIsr.obj (.text:_INT13_ISR)
                  003eecf7    00000005     F2806x_DefaultIsr.obj (.text:_INT14_ISR)
                  003eecfc    00000005     interrupt.obj (.text:_IntDefaultHandler)
                  003eed01    00000005     F2806x_DefaultIsr.obj (.text:_LUF_ISR)
                  003eed06    00000005     F2806x_DefaultIsr.obj (.text:_LVF_ISR)
                  003eed0b    00000005     CSMON_C28xx.lib : modbusreg.obj (.text:_MODBUSREG_vSetTableRealAddressInRam)
                  003eed10    00000005     F2806x_DefaultIsr.obj (.text:_MRINTA_ISR)
                  003eed15    00000005     F2806x_DefaultIsr.obj (.text:_MXINTA_ISR)
                  003eed1a    00000005     F2806x_DefaultIsr.obj (.text:_NMI_ISR)
                  003eed1f    00000005     F2806x_DefaultIsr.obj (.text:_PIE_RESERVED)
                  003eed24    00000005     F2806x_DefaultIsr.obj (.text:_RTOSINT_ISR)
                  003eed29    00000005     F2806x_DefaultIsr.obj (.text:_SCIRXINTA_ISR)
                  003eed2e    00000005     F2806x_DefaultIsr.obj (.text:_SCIRXINTB_ISR)
                  003eed33    00000005     F2806x_DefaultIsr.obj (.text:_SCITXINTA_ISR)
                  003eed38    00000005     F2806x_DefaultIsr.obj (.text:_SCITXINTB_ISR)
                  003eed3d    00000005     F2806x_DefaultIsr.obj (.text:_SPIRXINTA_ISR)
                  003eed42    00000005     F2806x_DefaultIsr.obj (.text:_SPIRXINTB_ISR)
                  003eed47    00000005     F2806x_DefaultIsr.obj (.text:_SPITXINTA_ISR)
                  003eed4c    00000005     F2806x_DefaultIsr.obj (.text:_SPITXINTB_ISR)
                  003eed51    00000005     tmr_drv.obj (.text:_TIMER_vSetupTimerMainDelayedData)
                  003eed56    00000005     F2806x_DefaultIsr.obj (.text:_TINT0_ISR)
                  003eed5b    00000005     F2806x_DefaultIsr.obj (.text:_USB0_INT_ISR)
                  003eed60    00000005     F2806x_DefaultIsr.obj (.text:_USER10_ISR)
                  003eed65    00000005     F2806x_DefaultIsr.obj (.text:_USER11_ISR)
                  003eed6a    00000005     F2806x_DefaultIsr.obj (.text:_USER12_ISR)
                  003eed6f    00000005     F2806x_DefaultIsr.obj (.text:_USER1_ISR)
                  003eed74    00000005     F2806x_DefaultIsr.obj (.text:_USER2_ISR)
                  003eed79    00000005     F2806x_DefaultIsr.obj (.text:_USER3_ISR)
                  003eed7e    00000005     F2806x_DefaultIsr.obj (.text:_USER4_ISR)
                  003eed83    00000005     F2806x_DefaultIsr.obj (.text:_USER5_ISR)
                  003eed88    00000005     F2806x_DefaultIsr.obj (.text:_USER6_ISR)
                  003eed8d    00000005     F2806x_DefaultIsr.obj (.text:_USER7_ISR)
                  003eed92    00000005     F2806x_DefaultIsr.obj (.text:_USER8_ISR)
                  003eed97    00000005     F2806x_DefaultIsr.obj (.text:_USER9_ISR)
                  003eed9c    00000005     F2806x_DefaultIsr.obj (.text:_WAKEINT_ISR)
                  003eeda1    00000005     F2806x_DefaultIsr.obj (.text:_XINT1_ISR)
                  003eeda6    00000005     F2806x_DefaultIsr.obj (.text:_XINT2_ISR)
                  003eedab    00000005     F2806x_DefaultIsr.obj (.text:_XINT3_ISR)
                  003eedb0    00000005     F2806x_DefaultIsr.obj (.text:_rsvd_ISR)
                  003eedb5    00000005     rts2800_ml.lib : fs_neg28.asm.obj (.text)
                  003eedba    00000004     CSMON_C28xx.lib : csmon.obj (.text:_CSMON_eRegisterWriteParElementCallbackFunction)
                  003eedbe    00000004                     : csmon.obj (.text:_CSMON_eSetInternalTimerPeriod)
                  003eedc2    00000004                     : csmon.obj (.text:_CSMON_eSetTimerPeriodISRFunctionRegister)
                  003eedc6    00000004                     : csmon.obj (.text:_CSMON_u32GetBaudError_PPM)
                  003eedca    00000004                     : csmon.obj (.text:_CSMON_vAddSetupRecorderParameterMask)
                  003eedce    00000004                     : csmon.obj (.text:_CSMON_vSetStartRecorderParameterMask)
                  003eedd2    00000004                     : hmdrv.obj (.text:_HMDRV_SetExAddr)
                  003eedd6    00000004                     : hmdrv.obj (.text:_HMDRV_u32GetDeviceSYSCLKFreq)
                  003eedda    00000004                     : hmdrv.obj (.text:_HMDRV_u32GetSCIErrorPPM)
                  003eedde    00000004                     : hmlib.obj (.text:_HMLIB_vRecorderParam0)
                  003eede2    00000004                     : hmlib.obj (.text:_HMLIB_vRecorderParam1)
                  003eede6    00000004                     : hmlib.obj (.text:_HMLIB_vRecorderParam2)
                  003eedea    00000004                     : hmmodbus.obj (.text:_HMMODBUS_u32GetAddressMessageCounterThisDevice)
                  003eedee    00000004                     : hmmodbus.obj (.text:_HMMODBUS_vSetAddressMessageCounterThisDevice)
                  003eedf2    00000004                     : hmmodbus.obj (.text:_HMMODBUS_vSetDeviceIDMajorMinorRevision)
                  003eedf6    00000004                     : hmmodbus.obj (.text:_HMMODBUS_vSetDeviceIDMajorMinorRevisionLength)
                  003eedfa    00000004                     : hmmodbus.obj (.text:_HMMODBUS_vSetDeviceIDModelName)
                  003eedfe    00000004                     : hmmodbus.obj (.text:_HMMODBUS_vSetDeviceIDModelNameLength)
                  003eee02    00000004                     : hmmodbus.obj (.text:_HMMODBUS_vSetDeviceIDProductCode)
                  003eee06    00000004                     : hmmodbus.obj (.text:_HMMODBUS_vSetDeviceIDProductCodeLength)
                  003eee0a    00000004                     : hmmodbus.obj (.text:_HMMODBUS_vSetDeviceIDProductName)
                  003eee0e    00000004                     : hmmodbus.obj (.text:_HMMODBUS_vSetDeviceIDProductNameLength)
                  003eee12    00000004                     : hmmodbus.obj (.text:_HMMODBUS_vSetDeviceIDUserApplicationName)
                  003eee16    00000004                     : hmmodbus.obj (.text:_HMMODBUS_vSetDeviceIDUserApplicationNameLength)
                  003eee1a    00000004                     : hmmodbus.obj (.text:_HMMODBUS_vSetDeviceIDUserReserve0)
                  003eee1e    00000004                     : hmmodbus.obj (.text:_HMMODBUS_vSetDeviceIDUserReserve0Length)
                  003eee22    00000004                     : hmmodbus.obj (.text:_HMMODBUS_vSetDeviceIDUserReserve1)
                  003eee26    00000004                     : hmmodbus.obj (.text:_HMMODBUS_vSetDeviceIDUserReserve1Length)
                  003eee2a    00000004                     : hmmodbus.obj (.text:_HMMODBUS_vSetDeviceIDUserReserve2)
                  003eee2e    00000004                     : hmmodbus.obj (.text:_HMMODBUS_vSetDeviceIDUserReserve2Length)
                  003eee32    00000004                     : hmmodbus.obj (.text:_HMMODBUS_vSetDeviceIDVendorName)
                  003eee36    00000004                     : hmmodbus.obj (.text:_HMMODBUS_vSetDeviceIDVendorNameLength)
                  003eee3a    00000004                     : hmmodbus.obj (.text:_HMMODBUS_vSetDeviceIDVendorUrl)
                  003eee3e    00000004                     : hmmodbus.obj (.text:_HMMODBUS_vSetDeviceIDVendorUrlLength)
                  003eee42    00000004                     : hmmodbus.obj (.text:_HMMODBUS_vSetServerIDDataAddress)
                  003eee46    00000004                     : hmmodbus.obj (.text:_HMMODBUS_vSetServerIDLength)
                  003eee4a    00000004                     : hmmodbus.obj (.text:_HMMODBUS_vSetServerIDNumber)
                  003eee4e    00000004                     : hmmodbus.obj (.text:_HMMODBUS_vSetServerOnStatus)
                  003eee52    00000004                     : hmmodbus.obj (.text:_HMMODBUS_vSetupHoldingRegistersAccessTableInRam)
                  003eee56    00000004                     : hmmodbus.obj (.text:_HMMODBUS_vSetupWriteParElementCallbackFunction)
                  003eee5a    00000004     interrupt.obj (.text:_IntMasterDisable)
                  003eee5e    00000004     interrupt.obj (.text:_IntMasterEnable)
                  003eee62    00000004     CSMON_C28xx.lib : modbusreg.obj (.text:_MODBUSREG_u16GetHoldRegFillCount)
                  003eee66    00000004                     : modbusreg.obj (.text:_MODBUSREG_u16GetHoldRegUsedCount)
                  003eee6a    00000004                     : modbusreg.obj (.text:_MODBUSREG_u32GetRegisterAccessTableInRam)
                  003eee6e    00000004                     : modbusreg.obj (.text:_MODBUSREG_u32GetRegisterAddressTable)
                  003eee72    00000004                     : modbusreg.obj (.text:_MODBUSREG_vSetFileAutorization_FunctionAfterWriteFileRecordTable)
                  003eee76    00000004                     : modbusreg.obj (.text:_MODBUSREG_vSetFileParamCount_FunctionBeforeReadFileRecord)
                  003eee7a    00000004                     : modbusreg.obj (.text:_MODBUSREG_vSetFileRTC_FunctionAfterReadFileRecord)
                  003eee7e    00000004                     : modbusreg.obj (.text:_MODBUSREG_vSetFileRTC_FunctionAfterWriteFileRecord)
                  003eee82    00000004                     : modbusreg.obj (.text:_MODBUSREG_vSetFileRecConfig_FunctionAfterWriteFileRecord)
                  003eee86    00000004                     : modbusreg.obj (.text:_MODBUSREG_vSetFileRecStatus_FunctionIndexGenerationFileRecord)
                  003eee8a    00000004                     : modbusreg.obj (.text:_MODBUSREG_vSetHoldRegFillCount)
                  003eee8e    00000004                     : modbusreg.obj (.text:_MODBUSREG_vSetModbusParamCount)
                  003eee92    00000004                     : modbusreg.obj (.text:_MODBUSREG_vSetParamAuxAddress)
                  003eee96    00000004                     : modbusreg.obj (.text:_MODBUSREG_vSetParamCount)
                  003eee9a    00000004                     : modbusreg.obj (.text:_MODBUSREG_vSetParamListAddress)
                  003eee9e    00000004                     : modbusreg.obj (.text:_MODBUSREG_vSetParamNameAddress)
                  003eeea2    00000004                     : modbusreg.obj (.text:_MODBUSREG_vSetParamNumbAddress)
                  003eeea6    00000004                     : modbusreg.obj (.text:_MODBUSREG_vSetParamRecorderConfigAddress)
                  003eeeaa    00000004                     : modbusreg.obj (.text:_MODBUSREG_vSetParamReservedAddress)
                  003eeeae    00000004                     : modbusreg.obj (.text:_MODBUSREG_vSetParamScopeConfigAddress)
                  003eeeb2    00000004                     : modbusreg.obj (.text:_MODBUSREG_vSetParamStringAddress)
                  003eeeb6    00000004     tmr_drv.obj (.text:_TIMER_vGetTimerMainRollingCounter)
                  003eeeba    00000004     tmr_drv.obj (.text:_TIMER_vSetupTimerMainCSMONFunction)
                  003eeebe    00000004     tmr_drv.obj (.text:_TMR_u16GetFreeRunTimerPrescaller)
                  003eeec2    00000004     CSMON_C28xx.lib : hmmodbus.obj (.text:_bGetElementsDifference)
                  003eeec6    00000004                     : hmmodbus.obj (.text:_u16GetIndexFileTable)
                  003eeeca    00000004                     : hmmodbus.obj (.text:_u32GetBufferAddressStart)
                  003eeece    00000004                     : hmmodbus.obj (.text:_u32GetBufferSize)
                  003eeed2    00000004                     : hmmodbus.obj (.text:_u32GetSampleCountAvailable)
                  003eeed6    00000004                     : hmmodbus.obj (.text:_u32GetSampleCountBuffer)
                  003eeeda    00000004                     : hmmodbus.obj (.text:_u32GetStartSampleIndex)
                  003eeede    00000004                     : hmmodbus.obj (.text:_u8GetSampleSize)
                  003eeee2    00000004                     : hmmodbus.obj (.text:_vSetBufferSize)
                  003eeee6    00000003     F2806x_DBGIER.obj (.text)
                  003eeee9    00000003     CSMON_C28xx.lib : csmon.obj (.text:_CSMON_u32GetModbusMessageCounterRegisterRealAddress)
                  003eeeec    00000003                     : csmon.obj (.text:_CSMON_vSetModbusMessageCounterRegisterRealAddress)
                  003eeeef    00000003                     : hmlib.obj (.text:_HMLIB_vRecorderParamTimeSync)
                  003eeef2    00000003                     : hmrecparam.obj (.text:_HMRECPRM_GetTimeBase)
                  003eeef5    00000003                     : modbusreg.obj (.text:_MODBUSREG_u32GetAddressMessageCounterThisDevice)
                  003eeef8    00000003                     : modbusreg.obj (.text:_MODBUSREG_vSetAddressMessageCounterThisDevice)
                  003eeefb    00000003                     : uart_drv.obj (.text:_UART_TXInterrupt)
                  003eeefe    00000002                     : csmon.obj (.text:_CSMON_eSetParameterListCntBitEleSz)
                  003eef00    00000002                     : csmon.obj (.text:_CSMON_eSetParameterListDataDefault)
                  003eef02    00000002                     : csmon.obj (.text:_CSMON_eSetParameterListDataMaximum)
                  003eef04    00000002                     : csmon.obj (.text:_CSMON_eSetParameterListDataMinimum)
                  003eef06    00000002                     : csmon.obj (.text:_CSMON_eSetParameterListParamAttrib)
                  003eef08    00000002                     : csmon.obj (.text:_CSMON_eSetParameterListParameterID)
                  003eef0a    00000002                     : csmon.obj (.text:_CSMON_eSetParameterListShortNaming)
                  003eef0c    00000002                     : csmon.obj (.text:_CSMON_eSetParameterListStBitEleCnt)
                  003eef0e    00000002                     : csmon.obj (.text:_CSMON_eSetParameterListStringUnits)
                  003eef10    00000002                     : csmon.obj (.text:_CSMON_eSetParameterListValueFormat)
                  003eef12    00000002                     : csmon.obj (.text:_CSMON_u32GetParameterListCheckSum)
                  003eef14    00000002                     : hmrecparam.obj (.text:_HMRECPRM_AbortRec)
                  003eef16    00000002                     : hmrecparam.obj (.text:_HMRECPRM_GetRecBuffSize)
                  003eef18    00000002                     : hmrec.obj (.text:_HMREC_AbortRec)
                  003eef1a    00000002                     : hmrec.obj (.text:_HMREC_GetRecBuffSize)
                  003eef1c    00000002     main.obj (.text:_eWriteParElement)
                  003eef1e    00000002     rts2800_ml.lib : pre_init.c.obj (.text)
                  003eef20    00000001     CSMON_C28xx.lib : hmprotocol.obj (.text:_HMPROTOCOL_vInit)
                  003eef21    00000001     uart_driver.obj (.text:_UART_DRV_TXInterrupt)
                  003eef22    00000001     rts2800_ml.lib : startup.c.obj (.text)

ramfuncs   0    003eef23    00000029     RUN ADDR = 00008000
                  003eef23    0000001d     F2806x_SysCtrl.obj (ramfuncs:_InitFlash)
                  003eef40    00000008     device.obj (ramfuncs:_MyCallbackFunction)
                  003eef48    00000004     F2806x_usDelay.obj (ramfuncs)

csm_rsvd   0    003f7f80    00000076     
                  003f7f80    00000076     F2806x_CSMPasswords.obj (csm_rsvd)

codestart 
*          0    003f7ff6    00000002     
                  003f7ff6    00000002     F2806x_CodeStartBranch.obj (codestart)

csmpasswds 
*          0    003f7ff8    00000008     
                  003f7ff8    00000008     F2806x_CSMPasswords.obj (csmpasswds)

.stack     1    00000050    00000380     UNINITIALIZED
                  00000050    00000380     --HOLE--

.econst    0    003eef4c    00001e19     
                  003eef4c    00001900     main.obj (.econst:_asParameterList)
                  003f084c    00000100     CSMON_C28xx.lib : hmmodbus.obj (.econst:.string:_auchCRCHi)
                  003f094c    00000100                     : hmmodbus.obj (.econst:.string:_auchCRCLo)
                  003f0a4c    00000100     F2806x_PieVect.obj (.econst:_PieVectTableInit)
                  003f0b4c    00000084     rts2800_ml.lib : k_rem_pio2.c.obj (.econst:_ipio2)
                  003f0bd0    00000050     CSMON_C28xx.lib : csmon.obj (.econst:_CSMON_asAccessLevelPasswords)
                  003f0c20    0000002c     rts2800_ml.lib : k_rem_pio2.c.obj (.econst)
                  003f0c4c    00000028                    : k_cosf.c.obj (.econst)
                  003f0c74    00000020                    : k_rem_pio2.c.obj (.econst:_PIo2)
                  003f0c94    00000020                    : k_sinf.c.obj (.econst)
                  003f0cb4    0000001c                    : e_rem_pio2f.c.obj (.econst)
                  003f0cd0    0000001c                    : s_scalbn.c.obj (.econst)
                  003f0cec    00000018     CSMON_C28xx.lib : csmon.obj (.econst:_$P$T45$2)
                  003f0d04    00000018     rts2800_ml.lib : s_sinf.c.obj (.econst)
                  003f0d1c    00000014     CSMON_C28xx.lib : csmon.obj (.econst:_CSMON_au8FileImplementedFunctionCodes)
                  003f0d30    00000010     main.obj (.econst)
                  003f0d40    0000000c     CSMON_C28xx.lib : hmprotocol.obj (.econst:.string)
                  003f0d4c    0000000c     rts2800_ml.lib : s_floor.c.obj (.econst)
                  003f0d58    00000006     CSMON_C28xx.lib : csmon.obj (.econst:_$P$T44$1)
                  003f0d5e    00000004     rts2800_ml.lib : k_rem_pio2.c.obj (.econst:_init_jk)
                  003f0d62    00000003     CSMON_C28xx.lib : csmon.obj (.econst:_CSMON_au8FileParameterListElementsCountInPartTable)

.switch    0    003f158a    00000020     
                  003f158a    00000020     CSMON_C28xx.lib : csmon.obj (.switch:_CSMON_eSetParameter)

.reset     0    003fffc0    00000002     DSECT
                  003fffc0    00000002     rts2800_ml.lib : boot28.asm.obj (.reset)

vectors    0    003fffc2    00000000     DSECT

DevEmuRegsFile 
*          1    00000880    00000004     UNINITIALIZED
                  00000880    00000004     F2806x_GlobalVariableDefs.obj (DevEmuRegsFile)

SysPwrCtrlRegsFile 
*          1    00000985    00000003     UNINITIALIZED
                  00000985    00000003     F2806x_GlobalVariableDefs.obj (SysPwrCtrlRegsFile)

FlashRegsFile 
*          1    00000a80    00000008     UNINITIALIZED
                  00000a80    00000008     F2806x_GlobalVariableDefs.obj (FlashRegsFile)

CsmRegsFile 
*          1    00000ae0    00000010     UNINITIALIZED
                  00000ae0    00000010     F2806x_GlobalVariableDefs.obj (CsmRegsFile)

AdcResultFile 
*          1    00000b00    00000010     UNINITIALIZED
                  00000b00    00000010     F2806x_GlobalVariableDefs.obj (AdcResultFile)

CpuTimer0RegsFile 
*          1    00000c00    00000008     UNINITIALIZED
                  00000c00    00000008     F2806x_GlobalVariableDefs.obj (CpuTimer0RegsFile)

CpuTimer1RegsFile 
*          1    00000c08    00000008     UNINITIALIZED
                  00000c08    00000008     F2806x_GlobalVariableDefs.obj (CpuTimer1RegsFile)

CpuTimer2RegsFile 
*          1    00000c10    00000008     UNINITIALIZED
                  00000c10    00000008     F2806x_GlobalVariableDefs.obj (CpuTimer2RegsFile)

PieCtrlRegsFile 
*          1    00000ce0    0000001a     UNINITIALIZED
                  00000ce0    0000001a     F2806x_GlobalVariableDefs.obj (PieCtrlRegsFile)

PieVectTableFile 
*          1    00000d00    00000100     UNINITIALIZED
                  00000d00    00000100     F2806x_GlobalVariableDefs.obj (PieVectTableFile)

EmuKeyVar 
*          1    00000d00    00000001     UNINITIALIZED
                  00000d00    00000001     F2806x_GlobalVariableDefs.obj (EmuKeyVar)

EmuBModeVar 
*          1    00000d01    00000001     UNINITIALIZED
                  00000d01    00000001     F2806x_GlobalVariableDefs.obj (EmuBModeVar)

FlashCallbackVar 
*          1    00000d02    00000002     UNINITIALIZED
                  00000d02    00000002     F2806x_GlobalVariableDefs.obj (FlashCallbackVar)

FlashScalingVar 
*          1    00000d04    00000002     UNINITIALIZED
                  00000d04    00000002     F2806x_GlobalVariableDefs.obj (FlashScalingVar)

DmaRegsFile 
*          1    00001000    000000e0     UNINITIALIZED
                  00001000    000000e0     F2806x_GlobalVariableDefs.obj (DmaRegsFile)

Cla1RegsFile 
*          1    00001400    00000040     UNINITIALIZED
                  00001400    00000040     F2806x_GlobalVariableDefs.obj (Cla1RegsFile)

Usb0RegsFile 
*          1    00004000    00000454     UNINITIALIZED
                  00004000    00000454     F2806x_GlobalVariableDefs.obj (Usb0RegsFile)

McbspaRegsFile 
*          1    00005000    00000024     UNINITIALIZED
                  00005000    00000024     F2806x_GlobalVariableDefs.obj (McbspaRegsFile)

ECanaRegsFile 
*          1    00006000    00000034     UNINITIALIZED
                  00006000    00000034     F2806x_GlobalVariableDefs.obj (ECanaRegsFile)

ECanaLAMRegsFile 
*          1    00006040    00000040     UNINITIALIZED
                  00006040    00000040     F2806x_GlobalVariableDefs.obj (ECanaLAMRegsFile)

ECanaMOTSRegsFile 
*          1    00006080    00000040     UNINITIALIZED
                  00006080    00000040     F2806x_GlobalVariableDefs.obj (ECanaMOTSRegsFile)

ECanaMOTORegsFile 
*          1    000060c0    00000040     UNINITIALIZED
                  000060c0    00000040     F2806x_GlobalVariableDefs.obj (ECanaMOTORegsFile)

ECanaMboxesFile 
*          1    00006100    00000100     UNINITIALIZED
                  00006100    00000100     F2806x_GlobalVariableDefs.obj (ECanaMboxesFile)

Comp1RegsFile 
*          1    00006400    00000014     UNINITIALIZED
                  00006400    00000014     F2806x_GlobalVariableDefs.obj (Comp1RegsFile)

Comp2RegsFile 
*          1    00006420    00000014     UNINITIALIZED
                  00006420    00000014     F2806x_GlobalVariableDefs.obj (Comp2RegsFile)

Comp3RegsFile 
*          1    00006440    00000014     UNINITIALIZED
                  00006440    00000014     F2806x_GlobalVariableDefs.obj (Comp3RegsFile)

EPwm1RegsFile 
*          1    00006800    00000040     UNINITIALIZED
                  00006800    00000040     F2806x_GlobalVariableDefs.obj (EPwm1RegsFile)

EPwm2RegsFile 
*          1    00006840    00000040     UNINITIALIZED
                  00006840    00000040     F2806x_GlobalVariableDefs.obj (EPwm2RegsFile)

EPwm3RegsFile 
*          1    00006880    00000040     UNINITIALIZED
                  00006880    00000040     F2806x_GlobalVariableDefs.obj (EPwm3RegsFile)

EPwm4RegsFile 
*          1    000068c0    00000040     UNINITIALIZED
                  000068c0    00000040     F2806x_GlobalVariableDefs.obj (EPwm4RegsFile)

EPwm5RegsFile 
*          1    00006900    00000040     UNINITIALIZED
                  00006900    00000040     F2806x_GlobalVariableDefs.obj (EPwm5RegsFile)

EPwm6RegsFile 
*          1    00006940    00000040     UNINITIALIZED
                  00006940    00000040     F2806x_GlobalVariableDefs.obj (EPwm6RegsFile)

EPwm7RegsFile 
*          1    00006980    00000040     UNINITIALIZED
                  00006980    00000040     F2806x_GlobalVariableDefs.obj (EPwm7RegsFile)

EPwm8RegsFile 
*          1    000069c0    00000040     UNINITIALIZED
                  000069c0    00000040     F2806x_GlobalVariableDefs.obj (EPwm8RegsFile)

ECap1RegsFile 
*          1    00006a00    00000020     UNINITIALIZED
                  00006a00    00000020     F2806x_GlobalVariableDefs.obj (ECap1RegsFile)

ECap2RegsFile 
*          1    00006a20    00000020     UNINITIALIZED
                  00006a20    00000020     F2806x_GlobalVariableDefs.obj (ECap2RegsFile)

ECap3RegsFile 
*          1    00006a40    00000020     UNINITIALIZED
                  00006a40    00000020     F2806x_GlobalVariableDefs.obj (ECap3RegsFile)

HRCap1RegsFile 
*          1    00006ac0    00000020     UNINITIALIZED
                  00006ac0    00000020     F2806x_GlobalVariableDefs.obj (HRCap1RegsFile)

HRCap2RegsFile 
*          1    00006ae0    00000020     UNINITIALIZED
                  00006ae0    00000020     F2806x_GlobalVariableDefs.obj (HRCap2RegsFile)

EQep1RegsFile 
*          1    00006b00    00000022     UNINITIALIZED
                  00006b00    00000022     F2806x_GlobalVariableDefs.obj (EQep1RegsFile)

EQep2RegsFile 
*          1    00006b40    00000022     UNINITIALIZED
                  00006b40    00000022     F2806x_GlobalVariableDefs.obj (EQep2RegsFile)

HRCap3RegsFile 
*          1    00006c80    00000020     UNINITIALIZED
                  00006c80    00000020     F2806x_GlobalVariableDefs.obj (HRCap3RegsFile)

HRCap4RegsFile 
*          1    00006ca0    00000020     UNINITIALIZED
                  00006ca0    00000020     F2806x_GlobalVariableDefs.obj (HRCap4RegsFile)

GpioCtrlRegsFile 
*          1    00006f80    00000040     UNINITIALIZED
                  00006f80    00000040     F2806x_GlobalVariableDefs.obj (GpioCtrlRegsFile)

GpioDataRegsFile 
*          1    00006fc0    00000020     UNINITIALIZED
                  00006fc0    00000020     F2806x_GlobalVariableDefs.obj (GpioDataRegsFile)

GpioIntRegsFile 
*          1    00006fe0    00000020     UNINITIALIZED
                  00006fe0    00000020     F2806x_GlobalVariableDefs.obj (GpioIntRegsFile)

SysCtrlRegsFile 
*          1    00007010    00000030     UNINITIALIZED
                  00007010    00000030     F2806x_GlobalVariableDefs.obj (SysCtrlRegsFile)

SpiaRegsFile 
*          1    00007040    00000010     UNINITIALIZED
                  00007040    00000010     F2806x_GlobalVariableDefs.obj (SpiaRegsFile)

SciaRegsFile 
*          1    00007050    00000010     UNINITIALIZED
                  00007050    00000010     F2806x_GlobalVariableDefs.obj (SciaRegsFile)

NmiIntruptRegsFile 
*          1    00007060    00000010     UNINITIALIZED
                  00007060    00000010     F2806x_GlobalVariableDefs.obj (NmiIntruptRegsFile)

XIntruptRegsFile 
*          1    00007070    00000010     UNINITIALIZED
                  00007070    00000010     F2806x_GlobalVariableDefs.obj (XIntruptRegsFile)

AdcRegsFile 
*          1    00007100    00000050     UNINITIALIZED
                  00007100    00000050     F2806x_GlobalVariableDefs.obj (AdcRegsFile)

SpibRegsFile 
*          1    00007740    00000010     UNINITIALIZED
                  00007740    00000010     F2806x_GlobalVariableDefs.obj (SpibRegsFile)

ScibRegsFile 
*          1    00007750    00000010     UNINITIALIZED
                  00007750    00000010     F2806x_GlobalVariableDefs.obj (ScibRegsFile)

I2caRegsFile 
*          1    00007900    00000022     UNINITIALIZED
                  00007900    00000022     F2806x_GlobalVariableDefs.obj (I2caRegsFile)

PartIdRegsFile 
*          1    003d7e80    00000001     UNINITIALIZED
                  003d7e80    00000001     F2806x_GlobalVariableDefs.obj (PartIdRegsFile)

CsmPwlFile 
*          1    003f7ff8    00000008     UNINITIALIZED
                  003f7ff8    00000008     F2806x_GlobalVariableDefs.obj (CsmPwlFile)

.ebss.1    1    00008c00    00000400     UNINITIALIZED
                  00008c00    00000400     CSMON_C28xx.lib : modbusreg.obj (.ebss:_MODBUSREG_u32RegisterAccessTableInRam)

.ebss.2    1    00009000    00007000     UNINITIALIZED
                  00009000    00006400     CSMON_C28xx.lib : csmon.obj (.ebss:_CSMON_psFileParameterAuxRealocatable)
                  0000f400    00000a00                     : csmon.obj (.ebss:_CSMON_pasFileParameterShortNameRealocatable)
                  0000fe00    00000200     uart_driver.obj (.ebss:_UART_DRV_RxBufferTimeDiff)

.ebss.3    1    00010000    00003510     UNINITIALIZED
                  00010000    00000800     CSMON_C28xx.lib : uart_drv.obj (.ebss:_UARTRxBufferTimeDiff)
                  00010800    00000800                     : hmrec.obj (.ebss:_au8RecBuffer0)
                  00011000    00000780                     : csmon.obj (.ebss:_CSMON_pauFileParameterNumericRealocatable)
                  00011780    00000516                     : modbusreg.obj (.ebss:_MODBUSREG_asFileTable)
                  00011c96    0000002a                     : csmon.obj (.ebss:_CSMON_au8FileScopeConfigurationElementsSizeTable)
                  00011cc0    00000400                     : uart_drv.obj (.ebss:_UARTRxBuffer)
[...]
003eb384  local     $30 (.text)
003eb3b2  local     $35 (.text)
003eb3e1  local     $40 (.text)
003eb343  local     $5_$2 (.text)
00000000  local     .bss (.bss)
00000000  local     .data (.data)
003eb32f  local     .text (.text)
003eb353  local     CHECK_SIGN1 (.text)
003eb38e  local     CHECK_SIGN2 (.text)
003eb3c6  local     DGT3 (.text)
003eb3c8  local     DIVUDenHighZero (.text)
003eb35d  local     EQ0 (.text)
003eb358  local     EQ1 (.text)
003eb396  local     EQ2 (.text)
003eb3c1  local     EQ3 (.text)
003eb3f2  local     EQ4 (.text)
003eb32f  global    LL$$DIV (.text)
003eb36b  global    LL$$MOD (.text)
003eb411  local     LOOP (.text)
003eb400  local     MAINDIV (.text)
003eb41f  local     MD_NEQ (.text)
003eb3f4  local     MODUDenHighZero (.text)
003eb356  local     RET1 (.text)
003eb391  local     RET2 (.text)
003eb3bf  local     RET3 (.text)
003eb3ee  local     RET4 (.text)
003eb393  local     RET_NUM1 (.text)
003eb3f0  local     RET_NUM2 (.text)
003eb35f  local     SDIVUDenHighZero (.text)
003eb429  local     SKIP (.text)
003eb42b  local     SKIP1 (.text)
003eb399  local     SMODUDenHighZero (.text)
003eb3a5  global    ULL$$DIV (.text)
003eb3d4  global    ULL$$MOD (.text)


================================================================================

rts2800_ml.lib : u_div28.asm.obj

Run/Load            
Value     Binding   Name (Section)
--------  --------  ---------------
00000000  local     .bss (.bss)
00000000  local     .data (.data)
003eea0c  local     .text (.text)
003eea0c  global    U$$DIV (.text)
003eea11  global    U$$MOD (.text)


================================================================================

rts2800_ml.lib : u_tofd28.asm.obj

Run/Load            
Value     Binding   Name (Section)
--------  --------  ---------------
00000000  local     .bss (.bss)
00000000  local     .data (.data)
003ee588  local     .text (.text)
003ee595  local     NORMALIZE (.text)
003ee59d  local     OP_ZERO (.text)
003ee597  local     PACK (.text)
003ee59c  local     RETURN (.text)
003ee59a  local     RETURN_VALUE (.text)
003ee588  global    U$$TOFD (.text)


================================================================================

rts2800_ml.lib : u_tofs28.asm.obj

Run/Load            
Value     Binding   Name (Section)
--------  --------  ---------------
00000000  local     .bss (.bss)
00000000  local     .data (.data)
003ee7e9  local     .text (.text)
003ee7f8  local     RESTORE (.text)
003ee7e9  global    U$$TOFS (.text)
003ee7f8  local     ZERO (.text)


================================================================================

rts2800_ml.lib : l_tofs28.asm.obj

Run/Load            
Value     Binding   Name (Section)
--------  --------  ---------------
00000000  local     .bss (.bss)
00000000  local     .data (.data)
003ee420  local     .text (.text)
003ee420  global    L$$TOFS (.text)
003ee436  local     OVERFLOW (.text)
003ee435  local     RETURN (.text)
003ee435  local     ZERO (.text)


================================================================================

rts2800_ml.lib : ul_tofs28.asm.obj

Run/Load            
Value     Binding   Name (Section)
--------  --------  ---------------
00000000  local     .bss (.bss)
00000000  local     .data (.data)
003ee697  local     .text (.text)
003ee69f  local     LEFT_SHIFT (.text)
003ee6a1  local     PACK (.text)
003ee6a9  local     RETURN (.text)
003ee697  global    UL$$TOFS (.text)
003ee6a9  local     ZERO (.text)


================================================================================

rts2800_ml.lib : prolog28.asm.obj

Run/Load            
Value     Binding   Name (Section)
--------  --------  ---------------
00000000  local     .bss (.bss)
00000000  local     .data (.data)
003ee485  local     .text (.text)
003ee485  global    _prolog_c28x_1 (.text)
003ee489  global    _prolog_c28x_2 (.text)
003ee491  global    _prolog_c28x_3 (.text)


================================================================================

rts2800_ml.lib : fs_tofd28.asm.obj

Run/Load            
Value     Binding   Name (Section)
--------  --------  ---------------
00000000  local     .bss (.bss)
00000000  local     .data (.data)
003ee2aa  local     .text (.text)
003ee2aa  global    FS$$TOFD (.text)
003ee2be  local     OVERFLOW (.text)
003ee2bd  local     RETURN (.text)
003ee2bb  local     RETURN_VALUE (.text)
003ee2c4  local     UNDERFLOW (.text)


================================================================================

rts2800_ml.lib : fd_div28.asm.obj

Run/Load            
Value     Binding   Name (Section)
--------  --------  ---------------
003ec773  local     $1_$3 (.text)
003ec77e  local     $2_$3 (.text)
00000000  local     .bss (.bss)
00000000  local     .data (.data)
003ec737  local     .text (.text)
003ec78d  local     DIV_END (.text)
003ec76e  local     DIV_START (.text)
003ec737  global    FD$$DIV (.text)
003ec790  local     NORMALIZE (.text)
003ec7ba  local     OVERFLOW (.text)
003ec7b5  local     RETURN (.text)
003ec7b3  local     RETURN_VALUE (.text)
003ec7a5  local     RND64_SET_MANT$3$ (.text)
003ec799  local     ROUND (.text)
003ec7c0  local     UNDERFLOW (.text)


================================================================================

rts2800_ml.lib : cpy_tbl.c.obj

Run/Load            
Value     Binding   Name (Section)
--------  --------  ---------------
003edfc4  local     $C$L1 (.text)
003edfd7  local     $C$L2 (.text)
003edfd8  local     $C$L3 (.text)
00000000  local     .bss (.bss)
00000000  local     .data (.data)
003edfbc  local     .text (.text)
003edfbc  global    _copy_in (.text)


================================================================================

rts2800_ml.lib : memcpy.c.obj

Run/Load            
Value     Binding   Name (Section)
--------  --------  ---------------
003ee223  local     $C$L1 (.text)
003ee227  local     $C$L2 (.text)
003ee22e  local     $C$L3 (.text)
003ee230  local     $C$L4 (.text)
003ee238  local     $C$L5 (.text)
00000000  local     .bss (.bss)
00000000  local     .data (.data)
003ee21d  local     .text (.text)
003ee21d  global    _memcpy (.text)


================================================================================

rts2800_ml.lib : pre_init.c.obj

Run/Load            
Value     Binding   Name (Section)
--------  --------  ---------------
00000000  local     .bss (.bss)
00000000  local     .data (.data)
003eef1e  local     .text (.text)
003eef1e  global    __system_pre_init (.text)


================================================================================

rts2800_ml.lib : startup.c.obj

Run/Load            
Value     Binding   Name (Section)
--------  --------  ---------------
00000000  local     .bss (.bss)
00000000  local     .data (.data)
003eef22  local     .text (.text)
003eef22  global    __system_post_cinit (.text)


================================================================================

rts2800_ml.lib : e_rem_pio2f.c.obj

Run/Load            
Value     Binding   Name (Section)
--------  --------  ---------------
003f0cc0  local     $C$FL1 (.econst)
003f0cc4  local     $C$FL2 (.econst)
003f0cc8  local     $C$FL3 (.econst)
003f0ccc  local     $C$FL4 (.econst)
003ec063  local     $C$L1 (.text)
003ec071  local     $C$L2 (.text)
003ec09d  local     $C$L3 (.text)
003ec0a2  local     $C$L4 (.text)
00000000  local     .bss (.bss)
00000000  local     .data (.data)
003f0cb4  local     .econst (.econst)
003ec000  local     .text (.text)
003ec000  global    ___rem_pio2f (.text)
003f0cb4  local     _invpio2 (.econst)
003f0cb8  local     _pio2_1 (.econst)
003f0cbc  local     _pio2_1t (.econst)


================================================================================

rts2800_ml.lib : k_rem_pio2.c.obj

Run/Load            
Value     Binding   Name (Section)
--------  --------  ---------------
003f0c30  local     $C$FL1 (.econst)
003f0c34  local     $C$FL2 (.econst)
003f0c38  local     $C$FL3 (.econst)
003f0c3c  local     $C$FL4 (.econst)
003f0c40  local     $C$FL5 (.econst)
003f0c44  local     $C$FL6 (.econst)
003f0c48  local     $C$FL7 (.econst)
003e9d84  local     $C$L1 (.text)
003e9e3e  local     $C$L10 (.text)
003e9e6b  local     $C$L11 (.text)
003e9e8b  local     $C$L12 (.text)
003e9eb0  local     $C$L13 (.text)
003e9ecf  local     $C$L14 (.text)
003e9ed6  local     $C$L15 (.text)
003e9ef3  local     $C$L16 (.text)
003e9f41  local     $C$L17 (.text)
003e9fad  local     $C$L18 (.text)
003e9fb1  local     $C$L19 (.text)
003e9dac  local     $C$L2 (.text)
003e9fbf  local     $C$L20 (.text)
003e9fe8  local     $C$L21 (.text)
003e9fed  local     $C$L22 (.text)
003e9ff8  local     $C$L23 (.text)
003ea004  local     $C$L24 (.text)
003ea009  local     $C$L25 (.text)
003ea00f  local     $C$L26 (.text)
003ea02c  local     $C$L27 (.text)
003ea038  local     $C$L28 (.text)
003ea063  local     $C$L29 (.text)
003e9db7  local     $C$L3 (.text)
003ea091  local     $C$L30 (.text)
003ea0dc  local     $C$L31 (.text)
003ea0e1  local     $C$L32 (.text)
003ea0f9  local     $C$L33 (.text)
003ea103  local     $C$L34 (.text)
003ea112  local     $C$L35 (.text)
003ea11c  local     $C$L36 (.text)
003ea137  local     $C$L37 (.text)
003ea147  local     $C$L38 (.text)
003ea149  local     $C$L39 (.text)
003e9dc3  local     $C$L4 (.text)
003ea169  local     $C$L40 (.text)
003ea191  local     $C$L41 (.text)
003ea1a8  local     $C$L42 (.text)
003ea1bc  local     $C$L43 (.text)
003ea1ea  local     $C$L44 (.text)
003ea208  local     $C$L45 (.text)
003ea226  local     $C$L46 (.text)
003ea275  local     $C$L47 (.text)
003ea2af  local     $C$L48 (.text)
003ea2c7  local     $C$L49 (.text)
003e9dd4  local     $C$L5 (.text)
003ea2d8  local     $C$L50 (.text)
003ea2f5  local     $C$L51 (.text)
003ea310  local     $C$L52 (.text)
003ea323  local     $C$L53 (.text)
003ea334  local     $C$L54 (.text)
003ea342  local     $C$L55 (.text)
003ea34c  local     $C$L56 (.text)
003ea36d  local     $C$L57 (.text)
003ea37e  local     $C$L58 (.text)
003ea38c  local     $C$L59 (.text)
003e9de0  local     $C$L6 (.text)
003ea396  local     $C$L60 (.text)
003ea3a0  local     $C$L61 (.text)
003ea3b3  local     $C$L62 (.text)
003ea3c4  local     $C$L63 (.text)
003ea3d2  local     $C$L64 (.text)
003ea3dc  local     $C$L65 (.text)
003ea3e5  local     $C$L66 (.text)
003e9dfd  local     $C$L7 (.text)
003e9e22  local     $C$L8 (.text)
003e9e37  local     $C$L9 (.text)
00000000  local     .bss (.bss)
00000000  local     .data (.data)
003f0c20  local     .econst (.econst)
003f0c74  local     .econst:_PIo2 (.econst:_PIo2)
003f0d5e  local     .econst:_init_jk (.econst:_init_jk)
003f0b4c  local     .econst:_ipio2 (.econst:_ipio2)
003e9d56  local     .text (.text)
003f0c74  local     _PIo2 (.econst:_PIo2)
003e9d56  global    ___kernel_rem_pio2 (.text)
003f0d5e  local     _init_jk (.econst:_init_jk)
003f0b4c  local     _ipio2 (.econst:_ipio2)
003f0c24  local     _one (.econst)
003f0c28  local     _two24 (.econst)
003f0c2c  local     _twon24 (.econst)
003f0c20  local     _zero (.econst)


================================================================================

rts2800_ml.lib : exit.c.obj

Run/Load            
Value     Binding   Name (Section)
--------  --------  ---------------
003edc3c  local     $C$L1 (.text)
003edc4f  local     $C$L2 (.text)
003edc5a  local     $C$L3 (.text)
003edc60  local     $C$L4 (.text)
00000000  local     .bss (.bss)
003f13b8  local     .cinit (.cinit)
00000000  local     .data (.data)
000134b0  local     .ebss (.ebss)
003edc3b  local     .text (.text)
003edc3b  global    C$$EXIT (.text)
000134b2  global    ___TI_cleanup_ptr (.ebss)
000134b4  global    ___TI_dtors_ptr (.ebss)
000134b0  global    ___TI_enable_exit_profile_output (.ebss)
003edc3b  global    _abort (.text)
003edc3d  global    _exit (.text)


================================================================================

rts2800_ml.lib : _lock.c.obj

Run/Load            
Value     Binding   Name (Section)
--------  --------  ---------------
00000000  local     .bss (.bss)
003f155d  local     .cinit:__lock (.cinit:__lock)
003f1562  local     .cinit:__unlock (.cinit:__unlock)
00000000  local     .data (.data)
00013504  local     .ebss:__lock (.ebss:__lock)
00013506  local     .ebss:__unlock (.ebss:__unlock)
003eeaaa  local     .text (.text)
00013504  global    __lock (.ebss:__lock)
003eeab2  global    __nop (.text)
003eeaae  global    __register_lock (.text)
003eeaaa  global    __register_unlock (.text)
00013506  global    __unlock (.ebss:__unlock)


================================================================================

rts2800_ml.lib : args_main.c.obj

Run/Load            
Value     Binding   Name (Section)
--------  --------  ---------------
003ee753  local     $C$L1 (.text)
003ee756  local     $C$L2 (.text)
00000000  local     .bss (.bss)
00000000  local     .data (.data)
003ee748  local     .text (.text)
003ee748  global    __args_main (.text)


================================================================================

rts2800_ml.lib : s_floor.c.obj

Run/Load            
Value     Binding   Name (Section)
--------  --------  ---------------
003f0d50  local     $C$FL1 (.econst)
003f0d54  local     $C$FL2 (.econst)
003eba37  local     $C$L1 (.text)
003eba8f  local     $C$L10 (.text)
003ebaaf  local     $C$L11 (.text)
003ebab1  local     $C$L12 (.text)
003ebabd  local     $C$L13 (.text)
003ebac2  local     $C$L14 (.text)
003eba3c  local     $C$L2 (.text)
003eba3d  local     $C$L3 (.text)
003eba45  local     $C$L4 (.text)
003eba58  local     $C$L5 (.text)
003eba67  local     $C$L6 (.text)
003eba6a  local     $C$L7 (.text)
003eba86  local     $C$L8 (.text)
003eba8c  local     $C$L9 (.text)
00000000  local     .bss (.bss)
00000000  local     .data (.data)
003f0d4c  local     .econst (.econst)
003eb9df  local     .text (.text)
003eb9df  global    _floorl (.text)
003f0d4c  local     _huge (.econst)


================================================================================

rts2800_ml.lib : s_scalbn.c.obj

Run/Load            
Value     Binding   Name (Section)
--------  --------  ---------------
003f0cdc  local     $C$FL1 (.econst)
003f0ce0  local     $C$FL2 (.econst)
003f0ce4  local     $C$FL3 (.econst)
003f0ce8  local     $C$FL4 (.econst)
003ebf7c  local     $C$L1 (.text)
003ebf95  local     $C$L2 (.text)
003ebfa7  local     $C$L3 (.text)
003ebfb2  local     $C$L4 (.text)
003ebfc7  local     $C$L5 (.text)
003ebfcd  local     $C$L6 (.text)
003ebfd8  local     $C$L7 (.text)
003ebff8  local     $C$L8 (.text)
003ebffc  local     $C$L9 (.text)
00000000  local     .bss (.bss)
00000000  local     .data (.data)
003f0cd0  local     .econst (.econst)
003ebf56  local     .text (.text)
003ebf56  global    _ldexpl (.text)
003ebf56  global    _scalbnl (.text)
003f0cd8  local     _tiny (.econst)
003f0cd0  local     _two54 (.econst)
003f0cd4  local     _twom54 (.econst)


================================================================================

rts2800_ml.lib : s_copysign.c.obj

Run/Load            
Value     Binding   Name (Section)
--------  --------  ---------------
003ee024  local     $C$L1 (.text)
00000000  local     .bss (.bss)
00000000  local     .data (.data)
003ee003  local     .text (.text)
003ee003  global    _copysignl (.text)


================================================================================

rts2800_ml.lib : k_cosf.c.obj

Run/Load            
Value     Binding   Name (Section)
--------  --------  ---------------
003f0c60  local     $C$FL1 (.econst)
003f0c64  local     $C$FL2 (.econst)
003f0c68  local     $C$FL3 (.econst)
003f0c6c  local     $C$FL4 (.econst)
003f0c70  local     $C$FL5 (.econst)
00000000  local     .bss (.bss)
00000000  local     .data (.data)
003f0c4c  local     .econst (.econst)
003ec849  local     .text (.text)
003f0c50  local     _C0 (.econst)
003f0c54  local     _C1 (.econst)
003f0c58  local     _C2 (.econst)
003f0c5c  local     _C3 (.econst)
003ec849  global    ___kernel_cosdf (.text)
003f0c4c  local     _one (.econst)


================================================================================

rts2800_ml.lib : k_sinf.c.obj

Run/Load            
Value     Binding   Name (Section)
--------  --------  ---------------
003f0ca4  local     $C$FL1 (.econst)
003f0ca8  local     $C$FL2 (.econst)
003f0cac  local     $C$FL3 (.econst)
003f0cb0  local     $C$FL4 (.econst)
00000000  local     .bss (.bss)
00000000  local     .data (.data)
003f0c94  local     .econst (.econst)
003ec588  local     .text (.text)
003f0c94  local     _S1 (.econst)
003f0c98  local     _S2 (.econst)
003f0c9c  local     _S3 (.econst)
003f0ca0  local     _S4 (.econst)
003ec588  global    ___kernel_sindf (.text)


================================================================================

rts2800_ml.lib : fd_cmp28.asm.obj

Run/Load            
Value     Binding   Name (Section)
--------  --------  ---------------
00000000  local     .bss (.bss)
00000000  local     .data (.data)
003edc11  local     .text (.text)
003edc21  local     CHECK_INF (.text)
003edc11  global    FD$$CMP (.text)
003edc38  local     NO_NEG (.text)
003edc39  local     OP_EQUAL (.text)
003edc31  local     RETURN (.text)


================================================================================

rts2800_ml.lib : fd_tol28.asm.obj

Run/Load            
Value     Binding   Name (Section)
--------  --------  ---------------
00000000  local     .bss (.bss)
00000000  local     .data (.data)
003ee189  local     .text (.text)
003ee189  global    FD$$TOL (.text)
003ee1a2  local     OVERFLOW (.text)
003ee1a1  local     RETURN_VALUE (.text)
003ee1a6  local     UNDERFLOW (.text)


================================================================================

rts2800_ml.lib : ll_aox28.asm.obj

Run/Load            
Value     Binding   Name (Section)
--------  --------  ---------------
00000000  local     .bss (.bss)
00000000  local     .data (.data)
003ee4e6  local     .text (.text)
003ee4e6  global    LL$$AND (.text)
003ee4ee  global    LL$$OR (.text)
003ee4f6  global    LL$$XOR (.text)


================================================================================

rts2800_ml.lib : i_div28.asm.obj

Run/Load            
Value     Binding   Name (Section)
--------  --------  ---------------
00000000  local     .bss (.bss)
00000000  local     .data (.data)
003ee026  local     .text (.text)
003ee026  global    I$$DIV (.text)
003ee037  global    I$$MOD (.text)
003ee036  local     RET1 (.text)
003ee046  local     RET2 (.text)


================================================================================

rts2800_ml.lib : l_tofd28.asm.obj

Run/Load            
Value     Binding   Name (Section)
--------  --------  ---------------
003ee2d4  local     $10 (.text)
00000000  local     .bss (.bss)
00000000  local     .data (.data)
003ee2c6  local     .text (.text)
003ee2c6  global    L$$TOFD (.text)
003ee2e0  local     OP_ZERO (.text)
003ee2df  local     RETURN (.text)
003ee2dd  local     RETURN_VALUE (.text)


================================================================================

rts2800_ml.lib : fd_tofs28.asm.obj

Run/Load            
Value     Binding   Name (Section)
--------  --------  ---------------
00000000  local     .bss (.bss)
00000000  local     .data (.data)
003ee08a  local     .text (.text)
003ee097  local     EXP_EVAL (.text)
003ee08a  global    FD$$TOFS (.text)
003ee0a3  local     OVERFLOW (.text)
003ee0a2  local     RETURN_VALUE (.text)
003ee0a9  local     UNDERFLOW (.text)


================================================================================

rts2800_ml.lib : errno.c.obj

Run/Load            
Value     Binding   Name (Section)
--------  --------  ---------------
00000000  local     .bss (.bss)
003f1583  local     .cinit (.cinit)
00000000  local     .data (.data)
0001350f  local     .ebss (.ebss)
00000000  local     .text (.text)
0001350f  global    _errno (.ebss)


================================================================================

