******************************************************************************
             TMS320C2000 Linker PC v22.6.0                     
******************************************************************************
>> Linked Tue Jan 24 11:54:23 2023

OUTPUT FILE NAME:   <../../../04_Output_Files/Motor28062/TEST_CSMON_C28xx.out>
ENTRY POINT SYMBOL: "_c_int00"  address: 003ecba0


MEMORY CONFIGURATION

         name            origin    length      used     unused   attr    fill
----------------------  --------  ---------  --------  --------  ----  --------
PAGE 0:
  RAML0                 00008000   00000800  00000029  000007d7  RWIX
  RAML1                 00008800   00000400  00000000  00000400  RWIX
  OTP                   003d7800   00000400  00000000  00000400  RWIX
  FLASH_APP             003e8000   0000dff0  00008e0d  000051e3  RWIX
  CSM_RSVD              003f7f80   00000076  00000076  00000000  RWIX
  BEGIN                 003f7ff6   00000002  00000002  00000000  RWIX
  CSM_PWL_P0            003f7ff8   00000008  00000008  00000000  RWIX
  FPUTABLES             003fd590   000006a0  00000000  000006a0  RWIX
  IQTABLES              003fdf00   00000b50  00000000  00000b50  RWIX
  IQTABLES2             003fea50   0000008c  00000000  0000008c  RWIX
  IQTABLES3             003feadc   000000aa  00000000  000000aa  RWIX
  ROM                   003ff3b0   00000c10  00000000  00000c10  RWIX
  RESET                 003fffc0   00000002  00000000  00000002  RWIX
  VECTORS               003fffc2   0000003e  00000000  0000003e  RWIX

PAGE 1:
  BOOT_RSVD             00000000   00000050  00000000  00000050  RWIX
  RAMM0                 00000050   000003b0  00000380  00000030  RWIX
  RAMM1                 00000400   00000400  00000000  00000400  RWIX
  DEV_EMU               00000880   00000105  00000004  00000101  RWIX
  SYS_PWR_CTL           00000985   00000003  00000003  00000000  RWIX
  FLASH_REGS            00000a80   00000060  00000008  00000058  RWIX
  CSM                   00000ae0   00000020  00000010  00000010  RWIX
  ADC_RESULT            00000b00   00000020  00000010  00000010  RWIX
  CPU_TIMER0            00000c00   00000008  00000008  00000000  RWIX
  CPU_TIMER1            00000c08   00000008  00000008  00000000  RWIX
  CPU_TIMER2            00000c10   00000008  00000008  00000000  RWIX
  PIE_CTRL              00000ce0   00000020  0000001a  00000006  RWIX
  PIE_VECT              00000d00   00000100  00000100  00000000  RWIX
  DMA                   00001000   00000200  000000e0  00000120  RWIX
  CLA1                  00001400   00000080  00000040  00000040  RWIX
  USB0                  00004000   00001000  00000454  00000bac  RWIX
  McBSPA                00005000   00000040  00000024  0000001c  RWIX
  ECANA                 00006000   00000040  00000034  0000000c  RWIX
  ECANA_LAM             00006040   00000040  00000040  00000000  RWIX
  ECANA_MOTS            00006080   00000040  00000040  00000000  RWIX
  ECANA_MOTO            000060c0   00000040  00000040  00000000  RWIX
  ECANA_MBOX            00006100   00000100  00000100  00000000  RWIX
  COMP1                 00006400   00000020  00000014  0000000c  RWIX
  COMP2                 00006420   00000020  00000014  0000000c  RWIX
  COMP3                 00006440   00000020  00000014  0000000c  RWIX
  EPWM1                 00006800   00000040  00000040  00000000  RWIX
  EPWM2                 00006840   00000040  00000040  00000000  RWIX
  EPWM3                 00006880   00000040  00000040  00000000  RWIX
  EPWM4                 000068c0   00000040  00000040  00000000  RWIX
  EPWM5                 00006900   00000040  00000040  00000000  RWIX
  EPWM6                 00006940   00000040  00000040  00000000  RWIX
  EPWM7                 00006980   00000040  00000040  00000000  RWIX
  EPWM8                 000069c0   00000040  00000040  00000000  RWIX
  ECAP1                 00006a00   00000020  00000020  00000000  RWIX
  ECAP2                 00006a20   00000020  00000020  00000000  RWIX
  ECAP3                 00006a40   00000020  00000020  00000000  RWIX
  HRCAP1                00006ac0   00000020  00000020  00000000  RWIX
  HRCAP2                00006ae0   00000020  00000020  00000000  RWIX
  EQEP1                 00006b00   00000040  00000022  0000001e  RWIX
  EQEP2                 00006b40   00000040  00000022  0000001e  RWIX
  HRCAP3                00006c80   00000020  00000020  00000000  RWIX
  HRCAP4                00006ca0   00000020  00000020  00000000  RWIX
  GPIOCTRL              00006f80   00000040  00000040  00000000  RWIX
  GPIODAT               00006fc0   00000020  00000020  00000000  RWIX
  GPIOINT               00006fe0   00000020  00000020  00000000  RWIX
  SYSTEM                00007010   00000030  00000030  00000000  RWIX
  SPIA                  00007040   00000010  00000010  00000000  RWIX
  SCIA                  00007050   00000010  00000010  00000000  RWIX
  NMIINTRUPT            00007060   00000010  00000010  00000000  RWIX
  XINTRUPT              00007070   00000010  00000010  00000000  RWIX
  ADC                   00007100   00000080  00000050  00000030  RWIX
  SPIB                  00007740   00000010  00000010  00000000  RWIX
  SCIB                  00007750   00000010  00000010  00000000  RWIX
  I2CA                  00007900   00000040  00000022  0000001e  RWIX
  RAML2                 00008c00   00000400  00000400  00000000  RWIX
  RAML34                00009000   00003000  00003000  00000000  RWIX
  RAML5                 0000c000   00002000  00000121  00001edf  RWIX
  RAML6                 0000e000   00002000  00000000  00002000  RWIX
  RAML7                 00010000   00002000  00000000  00002000  RWIX
  RAML8                 00012000   00002000  00000000  00002000  RWIX
  USB_RAM               00040000   00000800  00000000  00000800  RWIX
  PARTID                003d7e80   00000001  00000001  00000000  RWIX
  CSM_PWL               003f7ff8   00000008  00000008  00000000  RWIX


SECTION ALLOCATION MAP

 output                                  attributes/
section   page    origin      length       input sections
--------  ----  ----------  ----------   ----------------
.cinit     0    003f05ae    00000860     
                  003f05ae    00000216     CSMON_C28xx.lib : hmmodbus.obj (.cinit)
                  003f07c4    0000017b     main.obj (.cinit)
                  003f093f    00000105     CSMON_C28xx.lib : csmon.obj (.cinit)
                  003f0a44    0000009c                     : modbusreg.obj (.cinit)
                  003f0ae0    00000030                     : csmon.obj (.cinit:_CSMON_au8FileRecorderConfigElementsSizeTable)
                  003f0b10    0000002b                     : csmon.obj (.cinit:_CSMON_au8FileScopeConfigurationElementsSizeTable)
                  003f0b3b    00000017                     : csmon.obj (.cinit:_CSMON_au8FileRecorderDataElementsSizeTable)
                  003f0b52    00000015                     : csmon.obj (.cinit:_CSMON_sFileAutorization)
                  003f0b67    00000014                     : hmdrv.obj (.cinit)
                  003f0b7b    00000014                     : hmprotocol.obj (.cinit)
                  003f0b8f    00000013                     : modbusreg.obj (.cinit:_MODBUSREG_au8DeviceIDUserApplicationName)
                  003f0ba2    00000013                     : modbusreg.obj (.cinit:_MODBUSREG_au8DeviceIDVendorUrl)
                  003f0bb5    00000013                     : modbusreg.obj (.cinit:_MODBUSREG_au8ServerIDData)
                  003f0bc8    00000013                     : hmrecparam.obj (.cinit:_sRecStatusParam)
                  003f0bdb    0000000f                     : csmon.obj (.cinit:_CSMON_sDateTime)
                  003f0bea    0000000f                     : csmon.obj (.cinit:_CSMON_sDateTimeApplication)
                  003f0bf9    0000000f                     : csmon.obj (.cinit:_CSMON_sDateTimeDefault)
                  003f0c08    0000000f                     : modbusreg.obj (.cinit:_MODBUSREG_au8DeviceIDModelName)
                  003f0c17    0000000f     device.obj (.cinit)
                  003f0c26    0000000e     rts2800_ml.lib : exit.c.obj (.cinit)
                  003f0c34    0000000d     CSMON_C28xx.lib : tmr_drv.obj (.cinit)
                  003f0c41    0000000d                     : csmon.obj (.cinit:_CSMON_au8FileParameterCountElementsSizeTable)
                  003f0c4e    0000000d                     : csmon.obj (.cinit:_CSMON_au8FileRTCElementsSizeTable)
                  003f0c5b    0000000d                     : csmon.obj (.cinit:_sHashKey)
                  003f0c68    0000000c                     : modbusreg.obj (.cinit:_MODBUSREG_au8DeviceIDProductName)
                  003f0c74    0000000c                     : modbusreg.obj (.cinit:_MODBUSREG_au8DeviceIDUserReserve0)
                  003f0c80    0000000c                     : modbusreg.obj (.cinit:_MODBUSREG_au8DeviceIDUserReserve1)
                  003f0c8c    0000000c                     : modbusreg.obj (.cinit:_MODBUSREG_au8DeviceIDUserReserve2)
                  003f0c98    0000000c                     : modbusreg.obj (.cinit:_MODBUSREG_au8DeviceIDVendorName)
                  003f0ca4    0000000b                     : hmrecparam.obj (.cinit:_HMRECPRM_sDateTime)
                  003f0caf    0000000b     main.obj (.cinit:_MAIN_sDateTimeGet)
                  003f0cba    0000000b     main.obj (.cinit:_MAIN_sDateTimeSet)
                  003f0cc5    0000000b     uart_driver.obj (.cinit:_UART_DRV_RXIntOverflowCounter)
                  003f0cd0    0000000b     uart_driver.obj (.cinit:_UART_DRV_u32TimeDiffLast)
                  003f0cdb    0000000b     uart_driver.obj (.cinit:_UART_DRV_u32TimeDiffNow)
                  003f0ce6    0000000b     CSMON_C28xx.lib : uart_drv.obj (.cinit:_UART_RXIntOverflowCounter)
                  003f0cf1    0000000b                     : tmr_drv.obj (.cinit:_pfDelayedFunction)
                  003f0cfc    0000000b                     : tmr_drv.obj (.cinit:_pfDelayedFunction_u8)
                  003f0d07    0000000b                     : hmrecparam.obj (.cinit:_sRecStatusParamInternal)
                  003f0d12    0000000b                     : uart_drv.obj (.cinit:_u32TimeDiffLast)
                  003f0d1d    0000000b                     : uart_drv.obj (.cinit:_u32TimeDiffNow)
                  003f0d28    0000000b                     : uart_drv.obj (.cinit:_u32TimeDiffRead)
                  003f0d33    00000009                     : hmserial.obj (.cinit)
                  003f0d3c    00000009                     : csmon.obj (.cinit:_CSMON_au32FileAutorization_FunctionAfterWriteFileRecord)
                  003f0d45    00000009                     : csmon.obj (.cinit:_CSMON_sFileParameterCount)
                  003f0d4e    00000008                     : hmlib.obj (.cinit)
                  003f0d56    00000007                     : csmon.obj (.cinit:_CSMON_au8FileRecorderStatusElementsSizeTable)
                  003f0d5d    00000007                     : modbusreg.obj (.cinit:_MODBUSREG_au8DeviceIDMajorMinorRevision)
                  003f0d64    00000007                     : modbusreg.obj (.cinit:_MODBUSREG_au8DeviceIDProductCode)
                  003f0d6b    00000007                     : uart_drv.obj (.cinit:_UARTRxBufferRDCount)
                  003f0d72    00000007                     : uart_drv.obj (.cinit:_UARTRxBufferRDIndex)
                  003f0d79    00000007                     : uart_drv.obj (.cinit:_UARTRxBufferWRCount)
                  003f0d80    00000007                     : uart_drv.obj (.cinit:_UARTRxBufferWRIndex)
                  003f0d87    00000007     uart_driver.obj (.cinit:_UART_DRV_RxBufferRDCount)
                  003f0d8e    00000007     uart_driver.obj (.cinit:_UART_DRV_RxBufferWRCount)
                  003f0d95    00000007     uart_driver.obj (.cinit:_UART_DRV_RxBufferWRIndex)
                  003f0d9c    00000006     CSMON_C28xx.lib : csmon.obj (.cinit:_CSMON_abFileAutorization_RecordReadOnly)
                  003f0da2    00000006                     : csmon.obj (.cinit:_CSMON_abFileAutorization_RecordStringData)
                  003f0da8    00000006                     : csmon.obj (.cinit:_CSMON_au16FileAutorization_RecordOffsets)
                  003f0dae    00000006                     : csmon.obj (.cinit:_CSMON_sFileProtocolVersion)
                  003f0db4    00000005     rts2800_ml.lib : _lock.c.obj (.cinit:__lock)
                  003f0db9    00000005                    : _lock.c.obj (.cinit:__unlock)
                  003f0dbe    00000005     CSMON_C28xx.lib : hmscopeparam.obj (.cinit:_pBufferScope)
                  003f0dc3    00000005                     : csmon.obj (.cinit:_sFileParameterNumericOffsetDefault)
                  003f0dc8    00000004                     : hmscopeparam.obj (.cinit)
                  003f0dcc    00000004                     : uart_drv.obj (.cinit)
                  003f0dd0    00000004                     : csmon.obj (.cinit:_CSMON_au8FileParameterListElementsSizeTablePart1_1)
                  003f0dd4    00000004                     : csmon.obj (.cinit:_CSMON_au8FileParameterListElementsSizeTablePart1_2)
                  003f0dd8    00000004                     : csmon.obj (.cinit:_CSMON_au8FileParameterListElementsSizeTablePart1_3)
                  003f0ddc    00000004                     : csmon.obj (.cinit:_CSMON_au8FileParameterListElementsSizeTablePart1_4)
                  003f0de0    00000004                     : csmon.obj (.cinit:_CSMON_au8FileParameterListElementsSizeTablePart2)
                  003f0de4    00000004                     : csmon.obj (.cinit:_CSMON_au8FileParameterListElementsSizeTablePart3)
                  003f0de8    00000004                     : csmon.obj (.cinit:_CSMON_au8FileParameterNumbElementsSizeTablePart16Bits)
                  003f0dec    00000004                     : csmon.obj (.cinit:_CSMON_au8FileParameterNumbElementsSizeTablePart32Bits)
                  003f0df0    00000004                     : csmon.obj (.cinit:_CSMON_au8FileRecorderDataElementsSizeTableUsedLength)
                  003f0df4    00000004                     : csmon.obj (.cinit:_CSMON_au8FileScopeStatusElementsSizeTable)
                  003f0df8    00000004                     : csmon.obj (.cinit:_CSMON_sFileParameterAccessList)
                  003f0dfc    00000004                     : hmmodbus.obj (.cinit:_HMMODBUS_u32RegisterAddressDummyuSize)
                  003f0e00    00000004                     : modbusreg.obj (.cinit:_MODBUSREG_asFileTable)
                  003f0e04    00000004                     : csmon.obj (.cinit:_sFileParameterNumericVisualTypeDefault)
                  003f0e08    00000004     rts2800_ml.lib : errno.c.obj (.cinit)
                  003f0e0c    00000002     --HOLE-- [fill = 0]

.pinit     0    003e8000    00000000     UNINITIALIZED

.text      0    003e8000    00006778     
                  003e8000    000008c2     CSMON_C28xx.lib : hmmodbus.obj (.text:_HMMODBUS_ReadFileRecord)
                  003e88c2    00000893                     : hmmodbus.obj (.text:_HMMODBUS_bDecoder_OPT)
                  003e9155    0000077b                     : modbusreg.obj (.text:_MODBUSREG_AddressTablesInit)
                  003e98d0    00000698     rts2800_ml.lib : k_rem_pio2.c.obj (.text)
                  003e9f68    00000687     CSMON_C28xx.lib : hmmodbus.obj (.text:_HMMODBUS_WriteFileRecord)
                  003ea5ef    000001b2     main.obj (.text:_main)
                  003ea7a1    0000017f     CSMON_C28xx.lib : csmon.obj (.text:_CSMON_eSetUpRecParam)
                  003ea920    0000016a                     : csmon.obj (.text:_CSMON_eProcess)
                  003eaa8a    00000146                     : hmmodbus.obj (.text:_HMMODBUS_Rx)
                  003eabd0    0000011b                     : hmmodbus.obj (.text:_HMMODBUS_vSetFreeRunTimerPrescaller)
                  003eaceb    00000114     rts2800_ml.lib : s_sinf.c.obj (.text)
                  003eadff    00000107                    : ll_div28.asm.obj (.text)
                  003eaf06    000000f1     CSMON_C28xx.lib : csmon.obj (.text:_CSMON_vFileRecoderStatusFix)
                  003eaff7    000000ef                     : hmmodbus.obj (.text:_HMMODBUS_WriteHoldingRegister)
                  003eb0e6    000000e9                     : hmmodbus.obj (.text:_HMMODBUS_ReadHoldingRegister)
                  003eb1cf    000000e9                     : hmprotocol.obj (.text:_HMPROTOCOL_bDecoder)
                  003eb2b8    000000e8                     : hmrecparam.obj (.text:_HMRECPRM_vProcess)
                  003eb3a0    000000e8     rts2800_ml.lib : s_floor.c.obj (.text)
                  003eb488    000000e4     main.obj (.text:_ControlProcess)
                  003eb56c    000000d6     CSMON_C28xx.lib : csmon.obj (.text:_CSMON_vSetupHoldingRegistersAndCoilsAddressTableFromCSMONParameterList)
                  003eb642    000000c6                     : csmon.obj (.text:_CSMON_vInitParameterListRealAddressRecordTables)
                  003eb708    000000c2                     : hmdrv.obj (.text:_HMDRV_vInit)
                  003eb7ca    000000bc                     : csmon.obj (.text:_CSMON_vPrepareFileParameterAccessList)
                  003eb886    000000bc                     : hmrecparam.obj (.text:_HMRECPRM_SetUpRec)
                  003eb942    000000ba                     : csmon.obj (.text:_CSMON_eInit)
                  003eb9fc    000000b8                     : hmrec.obj (.text:_HMREC_SetUpRec)
                  003ebab4    000000aa                     : hmdrv.obj (.text:_HMDRV_CopyFromBufferInternalModbusBitField)
                  003ebb5e    000000aa     rts2800_ml.lib : s_scalbn.c.obj (.text)
                  003ebc08    000000a7                    : e_rem_pio2f.c.obj (.text)
                  003ebcaf    000000a3     CSMON_C28xx.lib : tmr_drv.obj (.text:_TMR2_ISR)
                  003ebd52    0000009d                     : hmmodbus.obj (.text:_HMMODBUS_GetRealRegisterAddressAndSize)
                  003ebdef    0000009c     rts2800_ml.lib : fd_add28.asm.obj (.text)
                  003ebe8b    00000097     main.obj (.text:_RecordersInitialization)
                  003ebf22    00000093     main.obj (.text:_ParameterInitialization)
                  003ebfb5    00000092     CSMON_C28xx.lib : hmdrv.obj (.text:_HMDRV_CopyMemory)
                  003ec047    00000092                     : hmdrv.obj (.text:_HMDRV_CopyToBufferInternalModbus)
                  003ec0d9    00000092     rts2800_ml.lib : k_sinf.c.obj (.text)
                  003ec16b    00000090     CSMON_C28xx.lib : csmon.obj (.text:_CSMON_vSetDateTimeAutorization)
                  003ec1fb    0000008b     rts2800_ml.lib : fd_div28.asm.obj (.text)
                  003ec286    00000087     CSMON_C28xx.lib : hmrecparam.obj (.text:_HMRECPRM_SetUpRecParamStatusDateTime)
                  003ec30d    00000087     rts2800_ml.lib : k_cosf.c.obj (.text)
                  003ec394    00000083     CSMON_C28xx.lib : hmdrv.obj (.text:_HMDRV_CopyFromBufferInternalModbus)
                  003ec417    00000083     rts2800_ml.lib : fd_mpy28.asm.obj (.text)
                  003ec49a    00000083                    : fs_div28.asm.obj (.text)
                  003ec51d    0000007f     CSMON_C28xx.lib : hmserial.obj (.text:_HMSERIAL_vProcessSCI)
                  003ec59c    00000078     rts2800_ml.lib : fs_add28.asm.obj (.text)
                  003ec614    0000006a     CSMON_C28xx.lib : hmserial.obj (.text:_HMSERIAL_Rx)
                  003ec67e    00000068                     : hmmodbus.obj (.text:_HMMODBUS_vProcessSCI)
                  003ec6e6    00000068                     : hmprotocol.obj (.text:_HMPROTOCOL_GetBoardInfo)
                  003ec74e    00000067                     : hmmodbus.obj (.text:_HMMODBUS_CopyFromBuffer)
                  003ec7b5    00000064                     : hmrec.obj (.text:_HMREC_vProcess)
                  003ec819    00000062                     : modbusreg.obj (.text:_MODBUSREG_vInit)
                  003ec87b    0000005f     F2806x_SysCtrl.obj (.text:_InitPeripheralClocks)
                  003ec8da    0000005d     CSMON_C28xx.lib : uart_drv.obj (.text:_UART_RXInterrupt)
                  003ec937    0000005a                     : gpio.obj (.text:_GPIO_setPinConfigOutput)
                  003ec991    0000005a     rts2800_ml.lib : fs_mpy28.asm.obj (.text)
                  003ec9eb    00000059     CSMON_C28xx.lib : csmon.obj (.text:_CSMON_vUpdateDateTimeFromApplication)
                  003eca44    00000059                     : hmmodbus.obj (.text:_vSetElementsSize)
                  003eca9d    00000057                     : csmon.obj (.text:_CSMON_bCheckValidDateTime)
                  003ecaf4    00000057     uart_driver.obj (.text:_UART_DRV_RXInterrupt)
                  003ecb4b    00000055     CSMON_C28xx.lib : modbusreg.obj (.text:_MODBUSREG_FileRecorderExternalUpdateInit)
                  003ecba0    00000054     rts2800_ml.lib : boot28.asm.obj (.text)
                  003ecbf4    00000052     CSMON_C28xx.lib : csmon.obj (.text:_CSMON_eSetRecorderTriggerAtPosition)
                  003ecc46    00000051     F2806x_SysCtrl.obj (.text:_InitPll)
                  003ecc97    0000004f     device.obj (.text:_Device_CsmUnlock)
                  003ecce6    0000004e     CSMON_C28xx.lib : hmmodbus.obj (.text:_HMMODBUS_GetRegisterFunction)
                  003ecd34    0000004e                     : hmrecparam.obj (.text:_HMRECPRM_StartRecParam)
                  003ecd82    0000004c                     : hmmodbus.obj (.text:_HMMODBUS_vSendResponse)
                  003ecdce    0000004c                     : hmrecparam.obj (.text:_HMRECPRM_vTimeSync)
                  003ece1a    00000047                     : hmmodbus.obj (.text:_HMMODBUS_CopyToBuffer)
                  003ece61    00000047                     : hmscopeparam.obj (.text:_HMSCOPEPRM_SetUpScope)
                  003ecea8    00000045     main.obj (.text:_ExternalParametersInitialization)
                  003eceed    00000043     CSMON_C28xx.lib : hmscopeparam.obj (.text:_HMSCOPEPRM_ReadScope)
                  003ecf30    00000042     interrupt.obj (.text:_Interrupt_enable)
                  003ecf72    0000003f     CSMON_C28xx.lib : hmdrv.obj (.text:_HMDRV_CopyFromBufferInternal)
                  003ecfb1    0000003d                     : hmmodbus.obj (.text:_vSetStartSampleIndex)
                  003ecfee    0000003c                     : tmr_drv.obj (.text:_configCPUTimer)
                  003ed02a    0000003b                     : hmscope.obj (.text:_HMSCOPE_SetUpScope)
                  003ed065    00000039                     : csmon.obj (.text:_CSMON_u16FindIndexParameterTable)
                  003ed09e    00000038                     : csmon.obj (.text:_CSMON_eSetRecorderConfigurationSkipSamples)
                  003ed0d6    00000038     device.obj (.text:_Device_init)
                  003ed10e    00000038     CSMON_C28xx.lib : hmmodbus.obj (.text:_HMMODBUS_bDecoderInit_OPT)
                  003ed146    00000038                     : uart_drv.obj (.text:_UART_ReadDataRx)
                  003ed17e    00000036                     : csmon.obj (.text:_CSMON_vRecorderParamStartStopProcess)
                  003ed1b4    00000036                     : hmscope.obj (.text:_HMSCOPE_ReadScope)
                  003ed1ea    00000036                     : hmserial.obj (.text:_HMSERIAL_vSendResponse)
                  003ed220    00000035                     : csmon.obj (.text:_CSMON_u32GetRealAddressAndSizeOffsetFromParameter)
                  003ed255    00000035                     : hmdrv.obj (.text:_HMDRV_CopyToBufferInternal)
                  003ed28a    00000033                     : hmmodbus.obj (.text:_HMMODBUS_Listen)
                  003ed2bd    0000002e                     : hmserial.obj (.text:_HMSERIAL_vProcessSCIFreemasterOnly)
                  003ed2eb    0000002d                     : csmon.obj (.text:_CSMON_eSetParameterInRecorderAtPosition)
                  003ed318    0000002d                     : csmon.obj (.text:_CSMON_eSetParameterInScopeAtPosition)
                  003ed345    0000002d                     : csmon.obj (.text:_CSMON_vInitRecorders)
                  003ed372    0000002d                     : csmon.obj (.text:_CSMON_vSetupHoldingRegistersAndCoilsAddressTableAccessAll)
                  003ed39f    0000002d                     : hmserial.obj (.text:_HMSERIAL_Listen)
                  003ed3cc    0000002d                     : hmrecparam.obj (.text:_RecorderTimeFromLocalDateTime)
                  003ed3f9    0000002b                     : hmrecparam.obj (.text:_FillTimeData)
                  003ed424    0000002a     rts2800_ml.lib : fd_cmp28.asm.obj (.text)
                  003ed44e    00000029                    : exit.c.obj (.text)
                  003ed477    00000029                    : fs_tol28.asm.obj (.text)
                  003ed4a0    00000028     CSMON_C28xx.lib : csmon.obj (.text:_CSMON_bAutorizationPasswordCheck)
                  003ed4c8    00000028     main.obj (.text:_ScopesInitialization)
                  003ed4f0    00000027     CSMON_C28xx.lib : hmserial.obj (.text:_HMSERIAL_vProcessSCITXISR)
                  003ed517    00000027                     : hmdrv.obj (.text:_sci_echoback_init)
                  003ed53e    00000026                     : hmdrv.obj (.text:_HMDRV_CopyFromBufferInternalWithMaskModbus)
                  003ed564    00000026                     : modbusreg.obj (.text:_MODBUSREG_vInitHoldingRegistersTableChangesExternalList)
                  003ed58a    00000025                     : hmserial.obj (.text:_HMSERIAL_Tx)
                  003ed5af    00000025     rts2800_ml.lib : fs_toi28.asm.obj (.text)
                  003ed5d4    00000024     CSMON_C28xx.lib : csmon.obj (.text:_CSMON_vAutorizationReset)
                  003ed5f8    00000024                     : hmprotocol.obj (.text:_HMPROTOCOL_ReadMem)
                  003ed61c    00000024                     : hmrecparam.obj (.text:_RecorderDateFromLocalDateTime)
                  003ed640    00000024     sci_driver.obj (.text:_SCIA_DRV_RXFIFOISR)
                  003ed664    00000024     sci_driver.obj (.text:_SCIA_DRV_TXFIFOISR)
                  003ed688    00000024     CSMON_C28xx.lib : sci_drv.obj (.text:_SCIA_RXFIFOISR)
                  003ed6ac    00000024                     : sci_drv.obj (.text:_SCIA_TXFIFOISR)
                  003ed6d0    00000024     sci_driver.obj (.text:_SCIB_DRV_RXFIFOISR)
                  003ed6f4    00000024     sci_driver.obj (.text:_SCIB_DRV_TXFIFOISR)
                  003ed718    00000024     CSMON_C28xx.lib : sci_drv.obj (.text:_SCIB_RXFIFOISR)
                  003ed73c    00000024                     : sci_drv.obj (.text:_SCIB_TXFIFOISR)
                  003ed760    00000024                     : tmr_drv.obj (.text:_TMR_vInit)
                  003ed784    00000024                     : hmmodbus.obj (.text:_vSetSampleCountAvailable)
                  003ed7a8    00000024     rts2800_ml.lib : cpy_tbl.c.obj (.text)
                  003ed7cc    00000023     CSMON_C28xx.lib : csmon.obj (.text:_CSMON_vRecorderParamSetupProcess)
                  003ed7ef    00000023                     : hmlib.obj (.text:_HMLIB_vInit)
                  003ed812    00000023                     : modbusreg.obj (.text:_MODBUSREG_FileRecorderElementSizeTableUsedSizeUpdateInit)
                  003ed835    00000023     rts2800_ml.lib : s_copysign.c.obj (.text)
                  003ed858    00000022                    : i_div28.asm.obj (.text)
                  003ed87a    00000021     CSMON_C28xx.lib : csmon.obj (.text:_CSMON_eSetParameterListParameterID)
                  003ed89b    00000021                     : hmdrv.obj (.text:_HMDRV_CopyFromBufferInternalWithMask)
                  003ed8bc    00000021     rts2800_ml.lib : fd_tofs28.asm.obj (.text)
                  003ed8dd    00000021                    : fs_toul28.asm.obj (.text)
                  003ed8fe    00000020     CSMON_C28xx.lib : csmon.obj (.text:_CSMON_eSetParameterListRealAddress)
                  003ed91e    00000020                     : hmdrv.obj (.text:_HMDRV_vProcess)
                  003ed93e    00000020                     : tmr_drv.obj (.text:_TMR_vInitCPUTimers)
                  003ed95e    00000020                     : hmmodbus.obj (.text:_vSetSampleCountBuffer)
                  003ed97e    0000001f                     : hmmodbus.obj (.text:_HMMODBUS_vInit)
                  003ed99d    0000001f     F2806x_PieCtrl.obj (.text:_InitPieCtrl)
                  003ed9bc    0000001f     CSMON_C28xx.lib : hmmodbus.obj (.text:_vSetSampleSize)
                  003ed9db    0000001f     rts2800_ml.lib : fd_tol28.asm.obj (.text)
                  003ed9fa    0000001d     CSMON_C28xx.lib : hmmodbus.obj (.text:_HMMODBUS_Tx)
                  003eda17    0000001d                     : hmrecparam.obj (.text:_HMRECPRM_GetRecBuffFreemaster)
                  003eda34    0000001d                     : hmrec.obj (.text:_HMREC_GetRecBuffFreemaster)
                  003eda51    0000001d     rts2800_ml.lib : fs_tou28.asm.obj (.text)
                  003eda6e    0000001d                    : memcpy.c.obj (.text)
                  003eda8b    0000001c     main.obj (.text:_CSMON_vGetDateTime)
                  003edaa7    0000001c     CSMON_C28xx.lib : csmon.obj (.text:_HMRECPRM_vGetDateTime)
                  003edac3    0000001c                     : sci.obj (.text:_SCI_clearInterruptStatus)
                  003edadf    0000001c                     : hmmodbus.obj (.text:_vSetIndexFileTable)
                  003edafb    0000001c     rts2800_ml.lib : fs_tofd28.asm.obj (.text)
                  003edb17    0000001c                    : l_tofd28.asm.obj (.text)
                  003edb33    0000001b     device.obj (.text:_Device_initGPIO)
                  003edb4e    0000001b     CSMON_C28xx.lib : hmdrv.obj (.text:_HMDRV_AddressToBuffer)
                  003edb69    0000001b     rts2800_ml.lib : fd_toul28.asm.obj (.text)
                  003edb84    0000001a     CSMON_C28xx.lib : hmmodbus.obj (.text:_HMMODBUS_vProcessSCITXISR)
                  003edb9e    0000001a                     : hmrecparam.obj (.text:_HMRECPRM_StartRec)
                  003edbb8    0000001a                     : hmserial.obj (.text:_HMSERIAL_vProcessSCITXISRFreemasterOnly)
                  003edbd2    0000001a                     : sci.obj (.text:_SCI_disableInterrupt)
                  003edbec    0000001a                     : sci.obj (.text:_SCI_enableInterrupt)
                  003edc06    0000001a     rts2800_ml.lib : l_tofs28.asm.obj (.text)
                  003edc20    00000019     CSMON_C28xx.lib : csmon.obj (.text:_CSMON_eSetParameterCountInRecorder)
                  003edc39    00000019                     : hmdrv.obj (.text:_HMDRV_AddressFromBuffer)
                  003edc52    00000019                     : uart_drv.obj (.text:_UART_vInit)
                  003edc6b    00000019                     : hmmodbus.obj (.text:_bGetFileReadAccess)
                  003edc84    00000019     rts2800_ml.lib : prolog28.asm.obj (.text)
                  003edc9d    00000018     CSMON_C28xx.lib : csmon.obj (.text:_CSMON_u32GetFreeRunningTimerMicroseconds)
                  003edcb5    00000018                     : hmlib.obj (.text:_HMLIB_vProcessSCITXISRWithIndex)
                  003edccd    00000018     F2806x_SysCtrl.obj (.text:_InitSysCtrl)
                  003edce5    00000018     rts2800_ml.lib : ll_aox28.asm.obj (.text)
                  003edcfd    00000017     CSMON_C28xx.lib : csmon.obj (.text:_CSMON_vSaveRecorderConfig)
                  003edd14    00000017                     : hmmodbus.obj (.text:_HMMODBUS_vProcessTxDelay)
                  003edd2b    00000017                     : hmprotocol.obj (.text:_HMPROTOCOL_WriteMem)
                  003edd42    00000017                     : hmprotocol.obj (.text:_HMPROTOCOL_WriteMemMask)
                  003edd59    00000017                     : hmmodbus.obj (.text:_vSetBufferAddressStart)
                  003edd70    00000017     rts2800_ml.lib : fs_cmp28.asm.obj (.text)
                  003edd87    00000017                    : u_tofd28.asm.obj (.text)
                  003edd9e    00000016     CSMON_C28xx.lib : csmon.obj (.text:_CSMON_eSetParameterCountInScope)
                  003eddb4    00000016                     : hmdrv.obj (.text:_HMDRV_AddressFromBufferBigEndian)
                  003eddca    00000015                     : hmrecparam.obj (.text:_HMRECPRM_Comparefloat)
                  003edddf    00000015                     : hmrec.obj (.text:_HMREC_Comparefloat)
                  003eddf4    00000015                     : hmrec.obj (.text:_HMREC_StartRec)
                  003ede09    00000015     F2806x_Gpio.obj (.text:_InitGpio)
                  003ede1e    00000014     CSMON_C28xx.lib : hmlib.obj (.text:_HMLIB_vProcessFastTD)
                  003ede32    00000014                     : hmmodbus.obj (.text:_HMMODBUS_DelayedTx)
                  003ede46    00000014                     : hmrecparam.obj (.text:_HMRECPRM_StopRecParam)
                  003ede5a    00000014                     : hmserial.obj (.text:_HMSERIAL_DelayedTx)
                  003ede6e    00000013                     : csmon.obj (.text:_CSMON_eSetFlagProcessPassed)
                  003ede81    00000013     rts2800_ml.lib : ul_tofs28.asm.obj (.text)
                  003ede94    00000012     CSMON_C28xx.lib : csmon.obj (.text:_CSMON_vFileParameterCountCheckSumUpdate)
                  003edea6    00000012                     : hmdrv.obj (.text:_HMDRV_GetStringLengthFromWordInternal)
                  003edeb8    00000012                     : hmmodbus.obj (.text:_HMMODBUS_vSetupRegisterDummy)
                  003edeca    00000012                     : hmrecparam.obj (.text:_HMRECPRM_CompareBOOL)
                  003ededc    00000012                     : modbusreg.obj (.text:_MODBUSREG_FileShortNameElementSizeandAddressUpdateInit)
                  003edeee    00000012                     : modbusreg.obj (.text:_MODBUSREG_vFileDenyAccess)
                  003edf00    00000012                     : uart_drv.obj (.text:_UART_TxIntDis)
                  003edf12    00000012                     : uart_drv.obj (.text:_UART_TxIntEna)
                  003edf24    00000011     main.obj (.text:_CSMON_vSetDateTime)
                  003edf35    00000011     CSMON_C28xx.lib : hmserial.obj (.text:_HMSERIAL_vInit)
                  003edf46    00000011     F2806x_PieVect.obj (.text:_InitPieVectTable)
                  003edf57    00000011     main.obj (.text:_vSetWatchdogPrescalerTimeDiv)
                  003edf68    00000011     rts2800_ml.lib : args_main.c.obj (.text)
                  003edf79    00000010     CSMON_C28xx.lib : csmon.obj (.text:_CSMON_eSetParameterListRegisterFlags)
                  003edf89    00000010     device.obj (.text:_Example_MemCopy)
                  003edf99    00000010     F2806x_SysCtrl.obj (.text:_IntOsc1Sel)
                  003edfa9    00000010     CSMON_C28xx.lib : hmmodbus.obj (.text:_bIsValidEndAddressInBuffer)
                  003edfb9    00000010                     : hmmodbus.obj (.text:_u32BytesMemoryToBytesModbus)
                  003edfc9    00000010                     : hmmodbus.obj (.text:_u32BytesModbusToBytesMemory)
                  003edfd9    00000010     main.obj (.text:_vGetWatchdogPrescaler)
                  003edfe9    00000010     rts2800_ml.lib : u_tofs28.asm.obj (.text)
                  003edff9    0000000f     CSMON_C28xx.lib : hmmodbus.obj (.text:_HMMODBUS_CalcCRC)
                  003ee008    0000000f                     : uart_drv.obj (.text:_UART_IsTxEmpty)
                  003ee017    0000000e                     : hmdrv.obj (.text:_HMDRV_GetStringLengthInternal)
                  003ee025    0000000e                     : hmrecparam.obj (.text:_HMRECPRM_Compare16S)
                  003ee033    0000000e                     : hmrecparam.obj (.text:_HMRECPRM_Compare16U)
                  003ee041    0000000e                     : hmrecparam.obj (.text:_HMRECPRM_Compare32S)
                  003ee04f    0000000e                     : hmrecparam.obj (.text:_HMRECPRM_Compare32U)
                  003ee05d    0000000e                     : hmrecparam.obj (.text:_HMRECPRM_Compare8S)
                  003ee06b    0000000e                     : hmrecparam.obj (.text:_HMRECPRM_Compare8U)
                  003ee079    0000000e                     : hmrec.obj (.text:_HMREC_Compare16S)
                  003ee087    0000000e                     : hmrec.obj (.text:_HMREC_Compare16U)
                  003ee095    0000000e                     : hmrec.obj (.text:_HMREC_Compare32S)
                  003ee0a3    0000000e                     : hmrec.obj (.text:_HMREC_Compare32U)
                  003ee0b1    0000000e                     : hmrec.obj (.text:_HMREC_Compare8S)
                  003ee0bf    0000000e                     : hmrec.obj (.text:_HMREC_Compare8U)
                  003ee0cd    0000000e                     : hmmodbus.obj (.text:_u32FitAddressCircleBufferInside)
                  003ee0db    0000000e     rts2800_ml.lib : fd_sub28.asm.obj (.text)
                  003ee0e9    0000000d     CSMON_C28xx.lib : csmon.obj (.text:_CSMON_eResetParameterTable)
                  003ee0f6    0000000d                     : csmon.obj (.text:_CSMON_vInitHoldingRegistersTableChanges)
                  003ee103    0000000d                     : hmrecparam.obj (.text:_HMRECPRM_IsJustStopped)
                  003ee110    0000000d                     : hmrecparam.obj (.text:_HMRECPRM_StopRec)
                  003ee11d    0000000d                     : hmrec.obj (.text:_HMREC_StopRec)
                  003ee12a    0000000d                     : modbusreg.obj (.text:_MODBUSREG_vFileAllowAccess)
                  003ee137    0000000d                     : tmr_drv.obj (.text:_TIMER_vSetupTimerMainFunctionDelayCompare)
                  003ee144    0000000d                     : uart_drv.obj (.text:_UART_ReadDataRxAvailable)
                  003ee151    0000000c                     : hmlib.obj (.text:_HMLIB_vProcess)
                  003ee15d    0000000c                     : hmrecparam.obj (.text:_HMRECPRM_GetBufferRecParamPtrAddress)
                  003ee169    0000000c                     : hmrecparam.obj (.text:_HMRECPRM_TriggerRec)
                  003ee175    0000000c                     : hmmodbus.obj (.text:_u32FixAddressCircleBufferOverflow)
                  003ee181    0000000c     rts2800_ml.lib : epilog28.asm.obj (.text)
                  003ee18d    0000000b     CSMON_C28xx.lib : hmmodbus.obj (.text:_HMMODBUS_vProcessFastTD)
                  003ee198    0000000b                     : hmrecparam.obj (.text:_HMRECPRM_IsRunning)
                  003ee1a3    0000000b                     : hmserial.obj (.text:_HMSERIAL_vProcessFastTD)
                  003ee1ae    0000000b                     : modbusreg.obj (.text:_MODBUSREG_vDataZero)
                  003ee1b9    0000000b     sci_driver.obj (.text:_SCI_DRV_eGetModuleIndexFromBase)
                  003ee1c4    0000000b     CSMON_C28xx.lib : sci_drv.obj (.text:_SCI_eGetModuleIndexFromBase)
                  003ee1cf    0000000b                     : hmmodbus.obj (.text:_bIsValidIndexFileTable)
                  003ee1da    0000000b     rts2800_ml.lib : u_div28.asm.obj (.text)
                  003ee1e5    0000000a     CSMON_C28xx.lib : hmrecparam.obj (.text:_HMRECPRM_ClrLastStopDetectionToRecorderStopSamplesCounter)
                  003ee1ef    0000000a                     : hmrecparam.obj (.text:_HMRECPRM_GetRecStatus)
                  003ee1f9    0000000a                     : hmrec.obj (.text:_HMREC_GetRecStatus)
                  003ee203    0000000a                     : hmdrv.obj (.text:_sci_fifo_init)
                  003ee20d    00000009                     : csmon.obj (.text:_CSMON_eSetParameterListRegisterSize)
                  003ee216    00000009                     : csmon.obj (.text:_CSMON_eSetParameterListShortNaming)
                  003ee21f    00000009                     : csmon.obj (.text:_CSMON_eSetServerOnStatus)
                  003ee228    00000009                     : hmlib.obj (.text:_HMLIB_vInitRecParamBuff)
                  003ee231    00000009                     : hmmodbus.obj (.text:_HMMODBUS_vProcessFreeTimer)
                  003ee23a    00000009                     : hmmodbus.obj (.text:_HMMODBUS_vProcessRxDelay)
                  003ee243    00000009                     : hmrecparam.obj (.text:_HMRECPRM_GetExternBufferRecParamLastPointedAddress)
                  003ee24c    00000009                     : hmrecparam.obj (.text:_HMRECPRM_GetExternBufferRecParamPtrAddress)
                  003ee255    00000009                     : hmrec.obj (.text:_HMREC_TriggerRec)
                  003ee25e    00000009                     : hmscopeparam.obj (.text:_HMSCOPEPRM_GetBufferScopeParamAddress)
                  003ee267    00000009                     : hmserial.obj (.text:_HMSERIAL_vProcessFreeTimer)
                  003ee270    00000009                     : tmr_drv.obj (.text:_TIMER_vResetTimerMainFunctionDelayCounter)
                  003ee279    00000009                     : tmr_drv.obj (.text:_TIMER_vSetupTimerMainDelayedFunctionSendData)
                  003ee282    00000009                     : uart_drv.obj (.text:_UART_PutChar)
                  003ee28b    00000009                     : uart_drv.obj (.text:_UART_ReadDataRxTimeDiff)
                  003ee294    00000009     rts2800_ml.lib : _lock.c.obj (.text)
                  003ee29d    00000009                    : fd_neg28.asm.obj (.text)
                  003ee2a6    00000008     Example_Flash2806x_CsmKeys.obj (.text)
                  003ee2ae    00000008     F2806x_CodeStartBranch.obj (.text)
                  003ee2b6    00000008     F2806x_SysCtrl.obj (.text:_DisableDog)
                  003ee2be    00000008     CSMON_C28xx.lib : hmdrv.obj (.text:_HMDRV_CopyFromBufferWithMaskModbus)
                  003ee2c6    00000008                     : hmmodbus.obj (.text:_HMMODBUS_vSetupHoldingRegistersProcessFuncTable)
                  003ee2ce    00000008                     : hmmodbus.obj (.text:_HMMODBUS_vSetupHoldingRegistersRealAddressTable)
                  003ee2d6    00000008                     : hmmodbus.obj (.text:_HMMODBUS_vSetupHoldingRegistersRegisterFlagsTable)
                  003ee2de    00000008                     : hmmodbus.obj (.text:_HMMODBUS_vSetupHoldingRegistersRegisterSizeTable)
                  003ee2e6    00000008                     : hmmodbus.obj (.text:_HMMODBUS_vSetupHoldingRegistersVirtAddressTable)
                  003ee2ee    00000008                     : hmrecparam.obj (.text:_HMRECPRM_GetExternRecParamAddress)
                  003ee2f6    00000008                     : hmrecparam.obj (.text:_HMRECPRM_GetExternRecParamPtrMaximumUsedSampleCount)
                  003ee2fe    00000008                     : hmrecparam.obj (.text:_HMRECPRM_GetExternRecParamPtrSampleSize)
                  003ee306    00000008                     : hmrecparam.obj (.text:_HMRECPRM_GetRecParamPtrAvailableSampleCount)
                  003ee30e    00000008                     : hmrecparam.obj (.text:_HMRECPRM_GetRecParamPtrLastSampleIndex)
                  003ee316    00000008                     : hmrecparam.obj (.text:_HMRECPRM_GetRecParamPtrMaximumUsedSampleCount)
                  003ee31e    00000008                     : hmrecparam.obj (.text:_HMRECPRM_GetRecParamPtrSampleSize)
                  003ee326    00000008                     : hmrecparam.obj (.text:_HMRECPRM_GetStatusRecParamAddress)
                  003ee32e    00000008                     : hmrecparam.obj (.text:_HMRECPRM_vInit)
                  003ee336    00000008                     : hmrec.obj (.text:_HMREC_vInit)
                  003ee33e    00000007     F2806x_DisInt.obj (.text)
                  003ee345    00000007     CSMON_C28xx.lib : csmon.obj (.text:_CSMON_eSetParameterListAccessLevel)
                  003ee34c    00000007                     : csmon.obj (.text:_CSMON_eSetParameterListBitsCount)
                  003ee353    00000007                     : csmon.obj (.text:_CSMON_eSetParameterListDataDefault)
                  003ee35a    00000007                     : csmon.obj (.text:_CSMON_eSetParameterListDataMaximum)
                  003ee361    00000007                     : csmon.obj (.text:_CSMON_eSetParameterListDataMinimum)
                  003ee368    00000007                     : csmon.obj (.text:_CSMON_eSetParameterListDataType)
                  003ee36f    00000007                     : csmon.obj (.text:_CSMON_eSetParameterListFunctionCode)
                  003ee376    00000007                     : csmon.obj (.text:_CSMON_eSetParameterListValueFormat)
                  003ee37d    00000007                     : hmlib.obj (.text:_HMLIB_vProcessDifferentPorts)
                  003ee384    00000007                     : hmlib.obj (.text:_HMLIB_vProcessRecorders)
                  003ee38b    00000007                     : hmrecparam.obj (.text:_HMRECPRM_vResetAllStopDetections)
                  003ee392    00000007                     : hmscopeparam.obj (.text:_HMSCOPEPRM_GetStatusScopeParamAddress)
                  003ee399    00000007                     : modbusreg.obj (.text:_MODBUSREG_vInitHoldingRegistersTableChanges)
                  003ee3a0    00000007     sci_driver.obj (.text:_SCI_DRV_u32GetBaseFromModuleIndex)
                  003ee3a7    00000007     CSMON_C28xx.lib : sci_drv.obj (.text:_SCI_u32GetBaseFromModuleIndex)
                  003ee3ae    00000006                     : cputimer.obj (.text:_CPUTimer_setEmulationMode)
                  003ee3b4    00000006                     : hmrecparam.obj (.text:_HMRECPRM_SetUpRecBuff)
                  003ee3ba    00000006                     : hmrec.obj (.text:_HMREC_SetUpRecBuff)
                  003ee3c0    00000006                     : tmr_drv.obj (.text:_TIMER_u16ResetTimerMainPeriod)
                  003ee3c6    00000006     uart_driver.obj (.text:_UART_DRV_GetChar)
                  003ee3cc    00000006     CSMON_C28xx.lib : uart_drv.obj (.text:_UART_GetChar)
                  003ee3d2    00000005     F2806x_DefaultIsr.obj (.text:_ADCINT1_ISR)
                  003ee3d7    00000005     F2806x_DefaultIsr.obj (.text:_ADCINT2_ISR)
                  003ee3dc    00000005     F2806x_DefaultIsr.obj (.text:_ADCINT3_ISR)
                  003ee3e1    00000005     F2806x_DefaultIsr.obj (.text:_ADCINT4_ISR)
                  003ee3e6    00000005     F2806x_DefaultIsr.obj (.text:_ADCINT5_ISR)
                  003ee3eb    00000005     F2806x_DefaultIsr.obj (.text:_ADCINT6_ISR)
                  003ee3f0    00000005     F2806x_DefaultIsr.obj (.text:_ADCINT7_ISR)
                  003ee3f5    00000005     F2806x_DefaultIsr.obj (.text:_ADCINT8_ISR)
                  003ee3fa    00000005     F2806x_DefaultIsr.obj (.text:_ADCINT9_ISR)
                  003ee3ff    00000005     F2806x_DefaultIsr.obj (.text:_CLA1_INT1_ISR)
                  003ee404    00000005     F2806x_DefaultIsr.obj (.text:_CLA1_INT2_ISR)
                  003ee409    00000005     F2806x_DefaultIsr.obj (.text:_CLA1_INT3_ISR)
                  003ee40e    00000005     F2806x_DefaultIsr.obj (.text:_CLA1_INT4_ISR)
                  003ee413    00000005     F2806x_DefaultIsr.obj (.text:_CLA1_INT5_ISR)
                  003ee418    00000005     F2806x_DefaultIsr.obj (.text:_CLA1_INT6_ISR)
                  003ee41d    00000005     F2806x_DefaultIsr.obj (.text:_CLA1_INT7_ISR)
                  003ee422    00000005     F2806x_DefaultIsr.obj (.text:_CLA1_INT8_ISR)
                  003ee427    00000005     CSMON_C28xx.lib : csmon.obj (.text:_CSMON_eSetAutoServiceWatchdogInternalSlowCalculationsInMainLoop)
                  003ee42c    00000005                     : csmon.obj (.text:_CSMON_eSetFirmwareApplicationVersion)
                  003ee431    00000005                     : csmon.obj (.text:_CSMON_eSetMaxTimeInISR)
                  003ee436    00000005                     : csmon.obj (.text:_CSMON_eSetMinGuaranteedTimeBetweenTwoISRs)
                  003ee43b    00000005                     : csmon.obj (.text:_CSMON_u16ParametersAccessListIndexGenerate)
                  003ee440    00000005                     : csmon.obj (.text:_CSMON_u32GetFreeRunningTimerTicks)
                  003ee445    00000005                     : csmon.obj (.text:_CSMON_u32GetParameterAuxCheckSum)
                  003ee44a    00000005                     : csmon.obj (.text:_CSMON_u32GetParameterCheckSum)
                  003ee44f    00000005                     : csmon.obj (.text:_CSMON_u32GetParameterListCheckSum)
                  003ee454    00000005                     : csmon.obj (.text:_CSMON_u32GetParameterNumbCheckSum)
                  003ee459    00000005                     : csmon.obj (.text:_CSMON_u32GetParameterShortNameCheckSum)
                  003ee45e    00000005                     : csmon.obj (.text:_CSMON_u32GetParameterStringCheckSum)
                  003ee463    00000005                     : csmon.obj (.text:_CSMON_vSetDateTimeRequest)
                  003ee468    00000005     F2806x_DefaultIsr.obj (.text:_DATALOG_ISR)
                  003ee46d    00000005     F2806x_DefaultIsr.obj (.text:_DINTCH1_ISR)
                  003ee472    00000005     F2806x_DefaultIsr.obj (.text:_DINTCH2_ISR)
                  003ee477    00000005     F2806x_DefaultIsr.obj (.text:_DINTCH3_ISR)
                  003ee47c    00000005     F2806x_DefaultIsr.obj (.text:_DINTCH4_ISR)
                  003ee481    00000005     F2806x_DefaultIsr.obj (.text:_DINTCH5_ISR)
                  003ee486    00000005     F2806x_DefaultIsr.obj (.text:_DINTCH6_ISR)
                  003ee48b    00000005     F2806x_DefaultIsr.obj (.text:_ECAN0INTA_ISR)
                  003ee490    00000005     F2806x_DefaultIsr.obj (.text:_ECAN1INTA_ISR)
                  003ee495    00000005     F2806x_DefaultIsr.obj (.text:_ECAP1_INT_ISR)
                  003ee49a    00000005     F2806x_DefaultIsr.obj (.text:_ECAP2_INT_ISR)
                  003ee49f    00000005     F2806x_DefaultIsr.obj (.text:_ECAP3_INT_ISR)
                  003ee4a4    00000005     F2806x_DefaultIsr.obj (.text:_EMPTY_ISR)
                  003ee4a9    00000005     F2806x_DefaultIsr.obj (.text:_EMUINT_ISR)
                  003ee4ae    00000005     F2806x_DefaultIsr.obj (.text:_EPWM1_INT_ISR)
                  003ee4b3    00000005     F2806x_DefaultIsr.obj (.text:_EPWM1_TZINT_ISR)
                  003ee4b8    00000005     F2806x_DefaultIsr.obj (.text:_EPWM2_INT_ISR)
                  003ee4bd    00000005     F2806x_DefaultIsr.obj (.text:_EPWM2_TZINT_ISR)
                  003ee4c2    00000005     F2806x_DefaultIsr.obj (.text:_EPWM3_INT_ISR)
                  003ee4c7    00000005     F2806x_DefaultIsr.obj (.text:_EPWM3_TZINT_ISR)
                  003ee4cc    00000005     F2806x_DefaultIsr.obj (.text:_EPWM4_INT_ISR)
                  003ee4d1    00000005     F2806x_DefaultIsr.obj (.text:_EPWM4_TZINT_ISR)
                  003ee4d6    00000005     F2806x_DefaultIsr.obj (.text:_EPWM5_INT_ISR)
                  003ee4db    00000005     F2806x_DefaultIsr.obj (.text:_EPWM5_TZINT_ISR)
                  003ee4e0    00000005     F2806x_DefaultIsr.obj (.text:_EPWM6_INT_ISR)
                  003ee4e5    00000005     F2806x_DefaultIsr.obj (.text:_EPWM6_TZINT_ISR)
                  003ee4ea    00000005     F2806x_DefaultIsr.obj (.text:_EPWM7_INT_ISR)
                  003ee4ef    00000005     F2806x_DefaultIsr.obj (.text:_EPWM7_TZINT_ISR)
                  003ee4f4    00000005     F2806x_DefaultIsr.obj (.text:_EPWM8_INT_ISR)
                  003ee4f9    00000005     F2806x_DefaultIsr.obj (.text:_EPWM8_TZINT_ISR)
                  003ee4fe    00000005     F2806x_DefaultIsr.obj (.text:_EQEP1_INT_ISR)
                  003ee503    00000005     F2806x_DefaultIsr.obj (.text:_EQEP2_INT_ISR)
                  003ee508    00000005     CSMON_C28xx.lib : hmlib.obj (.text:_HMLIB_vProcessSamePort)
                  003ee50d    00000005                     : hmlib.obj (.text:_HMLIB_vRecorder0)
                  003ee512    00000005                     : hmmodbus.obj (.text:_HMMODBUS_bGetReceivedMessage)
                  003ee517    00000005                     : hmmodbus.obj (.text:_HMMODBUS_vFileTable)
                  003ee51c    00000005                     : hmrecparam.obj (.text:_HMRECPRM_vDisableAllStopDetections)
                  003ee521    00000005     F2806x_DefaultIsr.obj (.text:_HRCAP1_INT_ISR)
                  003ee526    00000005     F2806x_DefaultIsr.obj (.text:_HRCAP2_INT_ISR)
                  003ee52b    00000005     F2806x_DefaultIsr.obj (.text:_HRCAP3_INT_ISR)
                  003ee530    00000005     F2806x_DefaultIsr.obj (.text:_HRCAP4_INT_ISR)
                  003ee535    00000005     F2806x_DefaultIsr.obj (.text:_I2CINT1A_ISR)
                  003ee53a    00000005     F2806x_DefaultIsr.obj (.text:_I2CINT2A_ISR)
                  003ee53f    00000005     F2806x_DefaultIsr.obj (.text:_ILLEGAL_ISR)
                  003ee544    00000005     F2806x_DefaultIsr.obj (.text:_INT13_ISR)
                  003ee549    00000005     F2806x_DefaultIsr.obj (.text:_INT14_ISR)
                  003ee54e    00000005     interrupt.obj (.text:_IntDefaultHandler)
                  003ee553    00000005     F2806x_DefaultIsr.obj (.text:_LUF_ISR)
                  003ee558    00000005     F2806x_DefaultIsr.obj (.text:_LVF_ISR)
                  003ee55d    00000005     CSMON_C28xx.lib : modbusreg.obj (.text:_MODBUSREG_vSetTableNameAddress)
                  003ee562    00000005                     : modbusreg.obj (.text:_MODBUSREG_vSetTableRealAddressInRam)
                  003ee567    00000005                     : modbusreg.obj (.text:_MODBUSREG_vSetTableRegisterFlags)
                  003ee56c    00000005                     : modbusreg.obj (.text:_MODBUSREG_vSetTableRegisterSize)
                  003ee571    00000005                     : modbusreg.obj (.text:_MODBUSREG_vSetTableVirtAddress)
                  003ee576    00000005     F2806x_DefaultIsr.obj (.text:_MRINTA_ISR)
                  003ee57b    00000005     F2806x_DefaultIsr.obj (.text:_MXINTA_ISR)
                  003ee580    00000005     F2806x_DefaultIsr.obj (.text:_NMI_ISR)
                  003ee585    00000005     F2806x_DefaultIsr.obj (.text:_PIE_RESERVED)
                  003ee58a    00000005     F2806x_DefaultIsr.obj (.text:_RTOSINT_ISR)
                  003ee58f    00000005     F2806x_DefaultIsr.obj (.text:_SCIRXINTA_ISR)
                  003ee594    00000005     F2806x_DefaultIsr.obj (.text:_SCIRXINTB_ISR)
                  003ee599    00000005     F2806x_DefaultIsr.obj (.text:_SCITXINTA_ISR)
                  003ee59e    00000005     F2806x_DefaultIsr.obj (.text:_SCITXINTB_ISR)
                  003ee5a3    00000005     F2806x_DefaultIsr.obj (.text:_SPIRXINTA_ISR)
                  003ee5a8    00000005     F2806x_DefaultIsr.obj (.text:_SPIRXINTB_ISR)
                  003ee5ad    00000005     F2806x_DefaultIsr.obj (.text:_SPITXINTA_ISR)
                  003ee5b2    00000005     F2806x_DefaultIsr.obj (.text:_SPITXINTB_ISR)
                  003ee5b7    00000005     CSMON_C28xx.lib : tmr_drv.obj (.text:_TIMER_vSetupTimerMainDelayedData)
                  003ee5bc    00000005     F2806x_DefaultIsr.obj (.text:_TINT0_ISR)
                  003ee5c1    00000005     F2806x_DefaultIsr.obj (.text:_USB0_INT_ISR)
                  003ee5c6    00000005     F2806x_DefaultIsr.obj (.text:_USER10_ISR)
                  003ee5cb    00000005     F2806x_DefaultIsr.obj (.text:_USER11_ISR)
                  003ee5d0    00000005     F2806x_DefaultIsr.obj (.text:_USER12_ISR)
                  003ee5d5    00000005     F2806x_DefaultIsr.obj (.text:_USER1_ISR)
                  003ee5da    00000005     F2806x_DefaultIsr.obj (.text:_USER2_ISR)
                  003ee5df    00000005     F2806x_DefaultIsr.obj (.text:_USER3_ISR)
                  003ee5e4    00000005     F2806x_DefaultIsr.obj (.text:_USER4_ISR)
                  003ee5e9    00000005     F2806x_DefaultIsr.obj (.text:_USER5_ISR)
                  003ee5ee    00000005     F2806x_DefaultIsr.obj (.text:_USER6_ISR)
                  003ee5f3    00000005     F2806x_DefaultIsr.obj (.text:_USER7_ISR)
                  003ee5f8    00000005     F2806x_DefaultIsr.obj (.text:_USER8_ISR)
                  003ee5fd    00000005     F2806x_DefaultIsr.obj (.text:_USER9_ISR)
                  003ee602    00000005     F2806x_DefaultIsr.obj (.text:_WAKEINT_ISR)
                  003ee607    00000005     F2806x_DefaultIsr.obj (.text:_XINT1_ISR)
                  003ee60c    00000005     F2806x_DefaultIsr.obj (.text:_XINT2_ISR)
                  003ee611    00000005     F2806x_DefaultIsr.obj (.text:_XINT3_ISR)
                  003ee616    00000005     F2806x_DefaultIsr.obj (.text:_rsvd_ISR)
                  003ee61b    00000005     rts2800_ml.lib : fs_neg28.asm.obj (.text)
                  003ee620    00000004     CSMON_C28xx.lib : csmon.obj (.text:_CSMON_eApplyParameterChanges)
                  003ee624    00000004                     : csmon.obj (.text:_CSMON_eRegisterWriteParElementCallbackFunction)
                  003ee628    00000004                     : csmon.obj (.text:_CSMON_eSetInternalTimerPeriod)
                  003ee62c    00000004                     : csmon.obj (.text:_CSMON_eSetTimerPeriodISRFunctionRegister)
                  003ee630    00000004                     : csmon.obj (.text:_CSMON_u32GetBaudError_PPM)
                  003ee634    00000004                     : csmon.obj (.text:_CSMON_vAddSetupRecorderParameterMask)
                  003ee638    00000004                     : csmon.obj (.text:_CSMON_vInitScopes)
                  003ee63c    00000004                     : csmon.obj (.text:_CSMON_vSetStartRecorderParameterMask)
                  003ee640    00000004                     : hmdrv.obj (.text:_HMDRV_SetExAddr)
                  003ee644    00000004                     : hmdrv.obj (.text:_HMDRV_u32GetDeviceSYSCLKFreq)
                  003ee648    00000004                     : hmdrv.obj (.text:_HMDRV_u32GetSCIErrorPPM)
                  003ee64c    00000004                     : hmlib.obj (.text:_HMLIB_vRecorderParam0)
                  003ee650    00000004                     : hmmodbus.obj (.text:_HMMODBUS_u32GetAddressMessageCounterThisDevice)
                  003ee654    00000004                     : hmmodbus.obj (.text:_HMMODBUS_vSetAddressMessageCounterThisDevice)
                  003ee658    00000004                     : hmmodbus.obj (.text:_HMMODBUS_vSetDeviceIDMajorMinorRevision)
                  003ee65c    00000004                     : hmmodbus.obj (.text:_HMMODBUS_vSetDeviceIDMajorMinorRevisionLength)
                  003ee660    00000004                     : hmmodbus.obj (.text:_HMMODBUS_vSetDeviceIDModelName)
                  003ee664    00000004                     : hmmodbus.obj (.text:_HMMODBUS_vSetDeviceIDModelNameLength)
                  003ee668    00000004                     : hmmodbus.obj (.text:_HMMODBUS_vSetDeviceIDProductCode)
                  003ee66c    00000004                     : hmmodbus.obj (.text:_HMMODBUS_vSetDeviceIDProductCodeLength)
                  003ee670    00000004                     : hmmodbus.obj (.text:_HMMODBUS_vSetDeviceIDProductName)
                  003ee674    00000004                     : hmmodbus.obj (.text:_HMMODBUS_vSetDeviceIDProductNameLength)
                  003ee678    00000004                     : hmmodbus.obj (.text:_HMMODBUS_vSetDeviceIDUserApplicationName)
                  003ee67c    00000004                     : hmmodbus.obj (.text:_HMMODBUS_vSetDeviceIDUserApplicationNameLength)
                  003ee680    00000004                     : hmmodbus.obj (.text:_HMMODBUS_vSetDeviceIDUserReserve0)
                  003ee684    00000004                     : hmmodbus.obj (.text:_HMMODBUS_vSetDeviceIDUserReserve0Length)
                  003ee688    00000004                     : hmmodbus.obj (.text:_HMMODBUS_vSetDeviceIDUserReserve1)
                  003ee68c    00000004                     : hmmodbus.obj (.text:_HMMODBUS_vSetDeviceIDUserReserve1Length)
                  003ee690    00000004                     : hmmodbus.obj (.text:_HMMODBUS_vSetDeviceIDUserReserve2)
                  003ee694    00000004                     : hmmodbus.obj (.text:_HMMODBUS_vSetDeviceIDUserReserve2Length)
                  003ee698    00000004                     : hmmodbus.obj (.text:_HMMODBUS_vSetDeviceIDVendorName)
                  003ee69c    00000004                     : hmmodbus.obj (.text:_HMMODBUS_vSetDeviceIDVendorNameLength)
                  003ee6a0    00000004                     : hmmodbus.obj (.text:_HMMODBUS_vSetDeviceIDVendorUrl)
                  003ee6a4    00000004                     : hmmodbus.obj (.text:_HMMODBUS_vSetDeviceIDVendorUrlLength)
                  003ee6a8    00000004                     : hmmodbus.obj (.text:_HMMODBUS_vSetServerIDDataAddress)
                  003ee6ac    00000004                     : hmmodbus.obj (.text:_HMMODBUS_vSetServerIDLength)
                  003ee6b0    00000004                     : hmmodbus.obj (.text:_HMMODBUS_vSetServerIDNumber)
                  003ee6b4    00000004                     : hmmodbus.obj (.text:_HMMODBUS_vSetServerOnStatus)
                  003ee6b8    00000004                     : hmmodbus.obj (.text:_HMMODBUS_vSetupHoldingRegistersAccessTableInRam)
                  003ee6bc    00000004                     : hmmodbus.obj (.text:_HMMODBUS_vSetupWriteParElementCallbackFunction)
                  003ee6c0    00000004     interrupt.obj (.text:_IntMasterDisable)
                  003ee6c4    00000004     interrupt.obj (.text:_IntMasterEnable)
                  003ee6c8    00000004     CSMON_C28xx.lib : modbusreg.obj (.text:_MODBUSREG_u16GetHoldRegFillCount)
                  003ee6cc    00000004                     : modbusreg.obj (.text:_MODBUSREG_u16GetTableRegisterFlagsElementOffset)
                  003ee6d0    00000004                     : modbusreg.obj (.text:_MODBUSREG_u16GetTableRegisterSizeElementOffset)
                  003ee6d4    00000004                     : modbusreg.obj (.text:_MODBUSREG_u16GetTableVirtAddressElementOffset)
                  003ee6d8    00000004                     : modbusreg.obj (.text:_MODBUSREG_u32GetRegisterAccessTableInRam)
                  003ee6dc    00000004                     : modbusreg.obj (.text:_MODBUSREG_u32GetTableRegisterFlags)
                  003ee6e0    00000004                     : modbusreg.obj (.text:_MODBUSREG_u32GetTableRegisterSize)
                  003ee6e4    00000004                     : modbusreg.obj (.text:_MODBUSREG_u32GetTableVirtAddress)
                  003ee6e8    00000004                     : modbusreg.obj (.text:_MODBUSREG_vSetFileAutorization_FunctionAfterWriteFileRecordTable)
                  003ee6ec    00000004                     : modbusreg.obj (.text:_MODBUSREG_vSetFileParamCount_FunctionBeforeReadFileRecord)
                  003ee6f0    00000004                     : modbusreg.obj (.text:_MODBUSREG_vSetFileRTC_FunctionAfterReadFileRecord)
                  003ee6f4    00000004                     : modbusreg.obj (.text:_MODBUSREG_vSetFileRTC_FunctionAfterWriteFileRecord)
                  003ee6f8    00000004                     : modbusreg.obj (.text:_MODBUSREG_vSetFileRecConfig_FunctionAfterWriteFileRecord)
                  003ee6fc    00000004                     : modbusreg.obj (.text:_MODBUSREG_vSetFileRecStatus_FunctionIndexGenerationFileRecord)
                  003ee700    00000004                     : modbusreg.obj (.text:_MODBUSREG_vSetHoldRegFillCount)
                  003ee704    00000004                     : modbusreg.obj (.text:_MODBUSREG_vSetParamCount)
                  003ee708    00000004                     : modbusreg.obj (.text:_MODBUSREG_vSetParamListAddress)
                  003ee70c    00000004                     : modbusreg.obj (.text:_MODBUSREG_vSetParamNumbAddress)
                  003ee710    00000004                     : modbusreg.obj (.text:_MODBUSREG_vSetParamRecorderConfigAddress)
                  003ee714    00000004                     : modbusreg.obj (.text:_MODBUSREG_vSetParamScopeConfigAddress)
                  003ee718    00000004                     : tmr_drv.obj (.text:_TIMER_vGetTimerMainRollingCounter)
                  003ee71c    00000004                     : tmr_drv.obj (.text:_TIMER_vSetupTimerMainCSMONFunction)
                  003ee720    00000004                     : tmr_drv.obj (.text:_TMR_u16GetFreeRunTimerPrescaller)
                  003ee724    00000004                     : hmmodbus.obj (.text:_bGetElementsDifference)
                  003ee728    00000004                     : hmmodbus.obj (.text:_u16GetIndexFileTable)
                  003ee72c    00000004                     : hmmodbus.obj (.text:_u32GetBufferAddressStart)
                  003ee730    00000004                     : hmmodbus.obj (.text:_u32GetBufferSize)
                  003ee734    00000004                     : hmmodbus.obj (.text:_u32GetSampleCountAvailable)
                  003ee738    00000004                     : hmmodbus.obj (.text:_u32GetSampleCountBuffer)
                  003ee73c    00000004                     : hmmodbus.obj (.text:_u32GetStartSampleIndex)
                  003ee740    00000004                     : hmmodbus.obj (.text:_u8GetSampleSize)
                  003ee744    00000004                     : hmmodbus.obj (.text:_vSetBufferAddressStartFromFunction)
                  003ee748    00000004                     : hmmodbus.obj (.text:_vSetBufferSize)
                  003ee74c    00000003     F2806x_DBGIER.obj (.text)
                  003ee74f    00000003     CSMON_C28xx.lib : csmon.obj (.text:_CSMON_eSetParameter)
                  003ee752    00000003                     : csmon.obj (.text:_CSMON_u32GetModbusMessageCounterRegisterRealAddress)
                  003ee755    00000003                     : csmon.obj (.text:_CSMON_vSetModbusMessageCounterRegisterRealAddress)
                  003ee758    00000003                     : hmlib.obj (.text:_HMLIB_vRecorderParamTimeSync)
                  003ee75b    00000003                     : hmrecparam.obj (.text:_HMRECPRM_GetTimeBase)
                  003ee75e    00000003                     : modbusreg.obj (.text:_MODBUSREG_u32GetAddressMessageCounterThisDevice)
                  003ee761    00000003                     : modbusreg.obj (.text:_MODBUSREG_vSetAddressMessageCounterThisDevice)
                  003ee764    00000003                     : uart_drv.obj (.text:_UART_TXInterrupt)
                  003ee767    00000002                     : hmrecparam.obj (.text:_HMRECPRM_AbortRec)
                  003ee769    00000002                     : hmrecparam.obj (.text:_HMRECPRM_GetRecBuffSize)
                  003ee76b    00000002                     : hmrec.obj (.text:_HMREC_AbortRec)
                  003ee76d    00000002                     : hmrec.obj (.text:_HMREC_GetRecBuffSize)
                  003ee76f    00000002     main.obj (.text:_eWriteParElement)
                  003ee771    00000002     rts2800_ml.lib : pre_init.c.obj (.text)
                  003ee773    00000001     CSMON_C28xx.lib : hmprotocol.obj (.text:_HMPROTOCOL_vInit)
                  003ee774    00000001     uart_driver.obj (.text:_UART_DRV_TXInterrupt)
                  003ee775    00000001     CSMON_C28xx.lib : uart_drv.obj (.text:_UART_TxDis)
                  003ee776    00000001                     : uart_drv.obj (.text:_UART_TxEna)
                  003ee777    00000001     rts2800_ml.lib : startup.c.obj (.text)

ramfuncs   0    003ee778    00000029     RUN ADDR = 00008000
                  003ee778    0000001d     F2806x_SysCtrl.obj (ramfuncs:_InitFlash)
                  003ee795    00000008     device.obj (ramfuncs:_MyCallbackFunction)
                  003ee79d    00000004     F2806x_usDelay.obj (ramfuncs)

csm_rsvd   0    003f7f80    00000076     
                  003f7f80    00000076     F2806x_CSMPasswords.obj (csm_rsvd)

codestart 
*          0    003f7ff6    00000002     
                  003f7ff6    00000002     F2806x_CodeStartBranch.obj (codestart)

csmpasswds 
*          0    003f7ff8    00000008     
                  003f7ff8    00000008     F2806x_CSMPasswords.obj (csmpasswds)

.stack     1    00000050    00000380     UNINITIALIZED
                  00000050    00000380     --HOLE--

.econst    0    003ee7a2    00001e0c     
                  003ee7a2    00001900     csmon_config.obj (.econst:_asParameterList)
                  003f00a2    00000100     CSMON_C28xx.lib : hmmodbus.obj (.econst:.string:_auchCRCHi)
                  003f01a2    00000100                     : hmmodbus.obj (.econst:.string:_auchCRCLo)
                  003f02a2    00000100     F2806x_PieVect.obj (.econst:_PieVectTableInit)
                  003f03a2    00000084     rts2800_ml.lib : k_rem_pio2.c.obj (.econst:_ipio2)
                  003f0426    00000050     CSMON_C28xx.lib : csmon.obj (.econst:_CSMON_asAccessLevelPasswords)
                  003f0476    0000002c     rts2800_ml.lib : k_rem_pio2.c.obj (.econst)
                  003f04a2    00000028                    : k_cosf.c.obj (.econst)
                  003f04ca    00000020                    : k_rem_pio2.c.obj (.econst:_PIo2)
                  003f04ea    00000020                    : k_sinf.c.obj (.econst)
                  003f050a    0000001c                    : e_rem_pio2f.c.obj (.econst)
                  003f0526    0000001c                    : s_scalbn.c.obj (.econst)
                  003f0542    00000018                    : s_sinf.c.obj (.econst)
                  003f055a    00000014     CSMON_C28xx.lib : csmon.obj (.econst:_CSMON_au8FileImplementedFunctionCodes)
                  003f056e    00000010     main.obj (.econst)
                  003f057e    0000000e     CSMON_C28xx.lib : csmon.obj (.econst:_CSMON_au8FileParameterNumbElementsCountInPartTable)
                  003f058c    0000000c                     : hmprotocol.obj (.econst:.string)
                  003f0598    0000000c     rts2800_ml.lib : s_floor.c.obj (.econst)
                  003f05a4    00000006     CSMON_C28xx.lib : csmon.obj (.econst:_CSMON_au8FileParameterListElementsCountInPartTable)
                  003f05aa    00000004     rts2800_ml.lib : k_rem_pio2.c.obj (.econst:_init_jk)

.reset     0    003fffc0    00000002     DSECT
                  003fffc0    00000002     rts2800_ml.lib : boot28.asm.obj (.reset)

vectors    0    003fffc2    00000000     DSECT

DevEmuRegsFile 
*          1    00000880    00000004     UNINITIALIZED
                  00000880    00000004     F2806x_GlobalVariableDefs.obj (DevEmuRegsFile)

SysPwrCtrlRegsFile 
*          1    00000985    00000003     UNINITIALIZED
                  00000985    00000003     F2806x_GlobalVariableDefs.obj (SysPwrCtrlRegsFile)

FlashRegsFile 
*          1    00000a80    00000008     UNINITIALIZED
                  00000a80    00000008     F2806x_GlobalVariableDefs.obj (FlashRegsFile)

CsmRegsFile 
*          1    00000ae0    00000010     UNINITIALIZED
                  00000ae0    00000010     F2806x_GlobalVariableDefs.obj (CsmRegsFile)

AdcResultFile 
*          1    00000b00    00000010     UNINITIALIZED
                  00000b00    00000010     F2806x_GlobalVariableDefs.obj (AdcResultFile)

CpuTimer0RegsFile 
*          1    00000c00    00000008     UNINITIALIZED
                  00000c00    00000008     F2806x_GlobalVariableDefs.obj (CpuTimer0RegsFile)

CpuTimer1RegsFile 
*          1    00000c08    00000008     UNINITIALIZED
                  00000c08    00000008     F2806x_GlobalVariableDefs.obj (CpuTimer1RegsFile)

CpuTimer2RegsFile 
*          1    00000c10    00000008     UNINITIALIZED
                  00000c10    00000008     F2806x_GlobalVariableDefs.obj (CpuTimer2RegsFile)

PieCtrlRegsFile 
*          1    00000ce0    0000001a     UNINITIALIZED
                  00000ce0    0000001a     F2806x_GlobalVariableDefs.obj (PieCtrlRegsFile)

PieVectTableFile 
*          1    00000d00    00000100     UNINITIALIZED
                  00000d00    00000100     F2806x_GlobalVariableDefs.obj (PieVectTableFile)

EmuKeyVar 
*          1    00000d00    00000001     UNINITIALIZED
                  00000d00    00000001     F2806x_GlobalVariableDefs.obj (EmuKeyVar)

EmuBModeVar 
*          1    00000d01    00000001     UNINITIALIZED
                  00000d01    00000001     F2806x_GlobalVariableDefs.obj (EmuBModeVar)

FlashCallbackVar 
*          1    00000d02    00000002     UNINITIALIZED
                  00000d02    00000002     F2806x_GlobalVariableDefs.obj (FlashCallbackVar)

FlashScalingVar 
*          1    00000d04    00000002     UNINITIALIZED
                  00000d04    00000002     F2806x_GlobalVariableDefs.obj (FlashScalingVar)

DmaRegsFile 
*          1    00001000    000000e0     UNINITIALIZED
                  00001000    000000e0     F2806x_GlobalVariableDefs.obj (DmaRegsFile)

Cla1RegsFile 
*          1    00001400    00000040     UNINITIALIZED
                  00001400    00000040     F2806x_GlobalVariableDefs.obj (Cla1RegsFile)

Usb0RegsFile 
*          1    00004000    00000454     UNINITIALIZED
                  00004000    00000454     F2806x_GlobalVariableDefs.obj (Usb0RegsFile)

McbspaRegsFile 
*          1    00005000    00000024     UNINITIALIZED
                  00005000    00000024     F2806x_GlobalVariableDefs.obj (McbspaRegsFile)

ECanaRegsFile 
*          1    00006000    00000034     UNINITIALIZED
                  00006000    00000034     F2806x_GlobalVariableDefs.obj (ECanaRegsFile)

ECanaLAMRegsFile 
*          1    00006040    00000040     UNINITIALIZED
                  00006040    00000040     F2806x_GlobalVariableDefs.obj (ECanaLAMRegsFile)

ECanaMOTSRegsFile 
*          1    00006080    00000040     UNINITIALIZED
                  00006080    00000040     F2806x_GlobalVariableDefs.obj (ECanaMOTSRegsFile)

ECanaMOTORegsFile 
*          1    000060c0    00000040     UNINITIALIZED
                  000060c0    00000040     F2806x_GlobalVariableDefs.obj (ECanaMOTORegsFile)

ECanaMboxesFile 
*          1    00006100    00000100     UNINITIALIZED
                  00006100    00000100     F2806x_GlobalVariableDefs.obj (ECanaMboxesFile)

Comp1RegsFile 
*          1    00006400    00000014     UNINITIALIZED
                  00006400    00000014     F2806x_GlobalVariableDefs.obj (Comp1RegsFile)

Comp2RegsFile 
*          1    00006420    00000014     UNINITIALIZED
                  00006420    00000014     F2806x_GlobalVariableDefs.obj (Comp2RegsFile)

Comp3RegsFile 
*          1    00006440    00000014     UNINITIALIZED
                  00006440    00000014     F2806x_GlobalVariableDefs.obj (Comp3RegsFile)

EPwm1RegsFile 
*          1    00006800    00000040     UNINITIALIZED
                  00006800    00000040     F2806x_GlobalVariableDefs.obj (EPwm1RegsFile)

EPwm2RegsFile 
*          1    00006840    00000040     UNINITIALIZED
                  00006840    00000040     F2806x_GlobalVariableDefs.obj (EPwm2RegsFile)

EPwm3RegsFile 
*          1    00006880    00000040     UNINITIALIZED
                  00006880    00000040     F2806x_GlobalVariableDefs.obj (EPwm3RegsFile)

EPwm4RegsFile 
*          1    000068c0    00000040     UNINITIALIZED
                  000068c0    00000040     F2806x_GlobalVariableDefs.obj (EPwm4RegsFile)

EPwm5RegsFile 
*          1    00006900    00000040     UNINITIALIZED
                  00006900    00000040     F2806x_GlobalVariableDefs.obj (EPwm5RegsFile)

EPwm6RegsFile 
*          1    00006940    00000040     UNINITIALIZED
                  00006940    00000040     F2806x_GlobalVariableDefs.obj (EPwm6RegsFile)

EPwm7RegsFile 
*          1    00006980    00000040     UNINITIALIZED
                  00006980    00000040     F2806x_GlobalVariableDefs.obj (EPwm7RegsFile)

EPwm8RegsFile 
*          1    000069c0    00000040     UNINITIALIZED
                  000069c0    00000040     F2806x_GlobalVariableDefs.obj (EPwm8RegsFile)

ECap1RegsFile 
*          1    00006a00    00000020     UNINITIALIZED
                  00006a00    00000020     F2806x_GlobalVariableDefs.obj (ECap1RegsFile)

ECap2RegsFile 
*          1    00006a20    00000020     UNINITIALIZED
                  00006a20    00000020     F2806x_GlobalVariableDefs.obj (ECap2RegsFile)

ECap3RegsFile 
*          1    00006a40    00000020     UNINITIALIZED
                  00006a40    00000020     F2806x_GlobalVariableDefs.obj (ECap3RegsFile)

HRCap1RegsFile 
*          1    00006ac0    00000020     UNINITIALIZED
                  00006ac0    00000020     F2806x_GlobalVariableDefs.obj (HRCap1RegsFile)

HRCap2RegsFile 
*          1    00006ae0    00000020     UNINITIALIZED
                  00006ae0    00000020     F2806x_GlobalVariableDefs.obj (HRCap2RegsFile)

EQep1RegsFile 
*          1    00006b00    00000022     UNINITIALIZED
                  00006b00    00000022     F2806x_GlobalVariableDefs.obj (EQep1RegsFile)

EQep2RegsFile 
*          1    00006b40    00000022     UNINITIALIZED
                  00006b40    00000022     F2806x_GlobalVariableDefs.obj (EQep2RegsFile)

HRCap3RegsFile 
*          1    00006c80    00000020     UNINITIALIZED
                  00006c80    00000020     F2806x_GlobalVariableDefs.obj (HRCap3RegsFile)

HRCap4RegsFile 
*          1    00006ca0    00000020     UNINITIALIZED
                  00006ca0    00000020     F2806x_GlobalVariableDefs.obj (HRCap4RegsFile)

GpioCtrlRegsFile 
*          1    00006f80    00000040     UNINITIALIZED
                  00006f80    00000040     F2806x_GlobalVariableDefs.obj (GpioCtrlRegsFile)

GpioDataRegsFile 
*          1    00006fc0    00000020     UNINITIALIZED
                  00006fc0    00000020     F2806x_GlobalVariableDefs.obj (GpioDataRegsFile)

GpioIntRegsFile 
*          1    00006fe0    00000020     UNINITIALIZED
                  00006fe0    00000020     F2806x_GlobalVariableDefs.obj (GpioIntRegsFile)

SysCtrlRegsFile 
*          1    00007010    00000030     UNINITIALIZED
                  00007010    00000030     F2806x_GlobalVariableDefs.obj (SysCtrlRegsFile)

SpiaRegsFile 
*          1    00007040    00000010     UNINITIALIZED
                  00007040    00000010     F2806x_GlobalVariableDefs.obj (SpiaRegsFile)

SciaRegsFile 
*          1    00007050    00000010     UNINITIALIZED
                  00007050    00000010     F2806x_GlobalVariableDefs.obj (SciaRegsFile)

NmiIntruptRegsFile 
*          1    00007060    00000010     UNINITIALIZED
                  00007060    00000010     F2806x_GlobalVariableDefs.obj (NmiIntruptRegsFile)

XIntruptRegsFile 
*          1    00007070    00000010     UNINITIALIZED
                  00007070    00000010     F2806x_GlobalVariableDefs.obj (XIntruptRegsFile)

AdcRegsFile 
*          1    00007100    00000050     UNINITIALIZED
                  00007100    00000050     F2806x_GlobalVariableDefs.obj (AdcRegsFile)

SpibRegsFile 
*          1    00007740    00000010     UNINITIALIZED
                  00007740    00000010     F2806x_GlobalVariableDefs.obj (SpibRegsFile)

ScibRegsFile 
[...]
003eae54  local     $30 (.text)
003eae82  local     $35 (.text)
003eaeb1  local     $40 (.text)
003eae13  local     $5_$2 (.text)
00000000  local     .bss (.bss)
00000000  local     .data (.data)
003eadff  local     .text (.text)
003eae23  local     CHECK_SIGN1 (.text)
003eae5e  local     CHECK_SIGN2 (.text)
003eae96  local     DGT3 (.text)
003eae98  local     DIVUDenHighZero (.text)
003eae2d  local     EQ0 (.text)
003eae28  local     EQ1 (.text)
003eae66  local     EQ2 (.text)
003eae91  local     EQ3 (.text)
003eaec2  local     EQ4 (.text)
003eadff  global    LL$$DIV (.text)
003eae3b  global    LL$$MOD (.text)
003eaee1  local     LOOP (.text)
003eaed0  local     MAINDIV (.text)
003eaeef  local     MD_NEQ (.text)
003eaec4  local     MODUDenHighZero (.text)
003eae26  local     RET1 (.text)
003eae61  local     RET2 (.text)
003eae8f  local     RET3 (.text)
003eaebe  local     RET4 (.text)
003eae63  local     RET_NUM1 (.text)
003eaec0  local     RET_NUM2 (.text)
003eae2f  local     SDIVUDenHighZero (.text)
003eaef9  local     SKIP (.text)
003eaefb  local     SKIP1 (.text)
003eae69  local     SMODUDenHighZero (.text)
003eae75  global    ULL$$DIV (.text)
003eaea4  global    ULL$$MOD (.text)


================================================================================

rts2800_ml.lib : u_div28.asm.obj

Run/Load            
Value     Binding   Name (Section)
--------  --------  ---------------
00000000  local     .bss (.bss)
00000000  local     .data (.data)
003ee1da  local     .text (.text)
003ee1da  global    U$$DIV (.text)
003ee1df  global    U$$MOD (.text)


================================================================================

rts2800_ml.lib : u_tofd28.asm.obj

Run/Load            
Value     Binding   Name (Section)
--------  --------  ---------------
00000000  local     .bss (.bss)
00000000  local     .data (.data)
003edd87  local     .text (.text)
003edd94  local     NORMALIZE (.text)
003edd9c  local     OP_ZERO (.text)
003edd96  local     PACK (.text)
003edd9b  local     RETURN (.text)
003edd99  local     RETURN_VALUE (.text)
003edd87  global    U$$TOFD (.text)


================================================================================

rts2800_ml.lib : u_tofs28.asm.obj

Run/Load            
Value     Binding   Name (Section)
--------  --------  ---------------
00000000  local     .bss (.bss)
00000000  local     .data (.data)
003edfe9  local     .text (.text)
003edff8  local     RESTORE (.text)
003edfe9  global    U$$TOFS (.text)
003edff8  local     ZERO (.text)


================================================================================

rts2800_ml.lib : l_tofs28.asm.obj

Run/Load            
Value     Binding   Name (Section)
--------  --------  ---------------
00000000  local     .bss (.bss)
00000000  local     .data (.data)
003edc06  local     .text (.text)
003edc06  global    L$$TOFS (.text)
003edc1c  local     OVERFLOW (.text)
003edc1b  local     RETURN (.text)
003edc1b  local     ZERO (.text)


================================================================================

rts2800_ml.lib : ul_tofs28.asm.obj

Run/Load            
Value     Binding   Name (Section)
--------  --------  ---------------
00000000  local     .bss (.bss)
00000000  local     .data (.data)
003ede81  local     .text (.text)
003ede89  local     LEFT_SHIFT (.text)
003ede8b  local     PACK (.text)
003ede93  local     RETURN (.text)
003ede81  global    UL$$TOFS (.text)
003ede93  local     ZERO (.text)


================================================================================

rts2800_ml.lib : prolog28.asm.obj

Run/Load            
Value     Binding   Name (Section)
--------  --------  ---------------
00000000  local     .bss (.bss)
00000000  local     .data (.data)
003edc84  local     .text (.text)
003edc84  global    _prolog_c28x_1 (.text)
003edc88  global    _prolog_c28x_2 (.text)
003edc90  global    _prolog_c28x_3 (.text)


================================================================================

rts2800_ml.lib : fs_tofd28.asm.obj

Run/Load            
Value     Binding   Name (Section)
--------  --------  ---------------
00000000  local     .bss (.bss)
00000000  local     .data (.data)
003edafb  local     .text (.text)
003edafb  global    FS$$TOFD (.text)
003edb0f  local     OVERFLOW (.text)
003edb0e  local     RETURN (.text)
003edb0c  local     RETURN_VALUE (.text)
003edb15  local     UNDERFLOW (.text)


================================================================================

rts2800_ml.lib : fd_div28.asm.obj

Run/Load            
Value     Binding   Name (Section)
--------  --------  ---------------
003ec237  local     $1_$3 (.text)
003ec242  local     $2_$3 (.text)
00000000  local     .bss (.bss)
00000000  local     .data (.data)
003ec1fb  local     .text (.text)
003ec251  local     DIV_END (.text)
003ec232  local     DIV_START (.text)
003ec1fb  global    FD$$DIV (.text)
003ec254  local     NORMALIZE (.text)
003ec27e  local     OVERFLOW (.text)
003ec279  local     RETURN (.text)
003ec277  local     RETURN_VALUE (.text)
003ec269  local     RND64_SET_MANT$3$ (.text)
003ec25d  local     ROUND (.text)
003ec284  local     UNDERFLOW (.text)


================================================================================

rts2800_ml.lib : cpy_tbl.c.obj

Run/Load            
Value     Binding   Name (Section)
--------  --------  ---------------
003ed7b0  local     $C$L1 (.text)
003ed7c3  local     $C$L2 (.text)
003ed7c4  local     $C$L3 (.text)
00000000  local     .bss (.bss)
00000000  local     .data (.data)
003ed7a8  local     .text (.text)
003ed7a8  global    _copy_in (.text)


================================================================================

rts2800_ml.lib : memcpy.c.obj

Run/Load            
Value     Binding   Name (Section)
--------  --------  ---------------
003eda74  local     $C$L1 (.text)
003eda78  local     $C$L2 (.text)
003eda7f  local     $C$L3 (.text)
003eda81  local     $C$L4 (.text)
003eda89  local     $C$L5 (.text)
00000000  local     .bss (.bss)
00000000  local     .data (.data)
003eda6e  local     .text (.text)
003eda6e  global    _memcpy (.text)


================================================================================

rts2800_ml.lib : pre_init.c.obj

Run/Load            
Value     Binding   Name (Section)
--------  --------  ---------------
00000000  local     .bss (.bss)
00000000  local     .data (.data)
003ee771  local     .text (.text)
003ee771  global    __system_pre_init (.text)


================================================================================

rts2800_ml.lib : startup.c.obj

Run/Load            
Value     Binding   Name (Section)
--------  --------  ---------------
00000000  local     .bss (.bss)
00000000  local     .data (.data)
003ee777  local     .text (.text)
003ee777  global    __system_post_cinit (.text)


================================================================================

rts2800_ml.lib : e_rem_pio2f.c.obj

Run/Load            
Value     Binding   Name (Section)
--------  --------  ---------------
003f0516  local     $C$FL1 (.econst)
003f051a  local     $C$FL2 (.econst)
003f051e  local     $C$FL3 (.econst)
003f0522  local     $C$FL4 (.econst)
003ebc6b  local     $C$L1 (.text)
003ebc79  local     $C$L2 (.text)
003ebca5  local     $C$L3 (.text)
003ebcaa  local     $C$L4 (.text)
00000000  local     .bss (.bss)
00000000  local     .data (.data)
003f050a  local     .econst (.econst)
003ebc08  local     .text (.text)
003ebc08  global    ___rem_pio2f (.text)
003f050a  local     _invpio2 (.econst)
003f050e  local     _pio2_1 (.econst)
003f0512  local     _pio2_1t (.econst)


================================================================================

rts2800_ml.lib : k_rem_pio2.c.obj

Run/Load            
Value     Binding   Name (Section)
--------  --------  ---------------
003f0486  local     $C$FL1 (.econst)
003f048a  local     $C$FL2 (.econst)
003f048e  local     $C$FL3 (.econst)
003f0492  local     $C$FL4 (.econst)
003f0496  local     $C$FL5 (.econst)
003f049a  local     $C$FL6 (.econst)
003f049e  local     $C$FL7 (.econst)
003e98fe  local     $C$L1 (.text)
003e99b8  local     $C$L10 (.text)
003e99e5  local     $C$L11 (.text)
003e9a05  local     $C$L12 (.text)
003e9a2a  local     $C$L13 (.text)
003e9a49  local     $C$L14 (.text)
003e9a50  local     $C$L15 (.text)
003e9a6d  local     $C$L16 (.text)
003e9abb  local     $C$L17 (.text)
003e9b27  local     $C$L18 (.text)
003e9b2b  local     $C$L19 (.text)
003e9926  local     $C$L2 (.text)
003e9b39  local     $C$L20 (.text)
003e9b62  local     $C$L21 (.text)
003e9b67  local     $C$L22 (.text)
003e9b72  local     $C$L23 (.text)
003e9b7e  local     $C$L24 (.text)
003e9b83  local     $C$L25 (.text)
003e9b89  local     $C$L26 (.text)
003e9ba6  local     $C$L27 (.text)
003e9bb2  local     $C$L28 (.text)
003e9bdd  local     $C$L29 (.text)
003e9931  local     $C$L3 (.text)
003e9c0b  local     $C$L30 (.text)
003e9c56  local     $C$L31 (.text)
003e9c5b  local     $C$L32 (.text)
003e9c73  local     $C$L33 (.text)
003e9c7d  local     $C$L34 (.text)
003e9c8c  local     $C$L35 (.text)
003e9c96  local     $C$L36 (.text)
003e9cb1  local     $C$L37 (.text)
003e9cc1  local     $C$L38 (.text)
003e9cc3  local     $C$L39 (.text)
003e993d  local     $C$L4 (.text)
003e9ce3  local     $C$L40 (.text)
003e9d0b  local     $C$L41 (.text)
003e9d22  local     $C$L42 (.text)
003e9d36  local     $C$L43 (.text)
003e9d64  local     $C$L44 (.text)
003e9d82  local     $C$L45 (.text)
003e9da0  local     $C$L46 (.text)
003e9def  local     $C$L47 (.text)
003e9e29  local     $C$L48 (.text)
003e9e41  local     $C$L49 (.text)
003e994e  local     $C$L5 (.text)
003e9e52  local     $C$L50 (.text)
003e9e6f  local     $C$L51 (.text)
003e9e8a  local     $C$L52 (.text)
003e9e9d  local     $C$L53 (.text)
003e9eae  local     $C$L54 (.text)
003e9ebc  local     $C$L55 (.text)
003e9ec6  local     $C$L56 (.text)
003e9ee7  local     $C$L57 (.text)
003e9ef8  local     $C$L58 (.text)
003e9f06  local     $C$L59 (.text)
003e995a  local     $C$L6 (.text)
003e9f10  local     $C$L60 (.text)
003e9f1a  local     $C$L61 (.text)
003e9f2d  local     $C$L62 (.text)
003e9f3e  local     $C$L63 (.text)
003e9f4c  local     $C$L64 (.text)
003e9f56  local     $C$L65 (.text)
003e9f5f  local     $C$L66 (.text)
003e9977  local     $C$L7 (.text)
003e999c  local     $C$L8 (.text)
003e99b1  local     $C$L9 (.text)
00000000  local     .bss (.bss)
00000000  local     .data (.data)
003f0476  local     .econst (.econst)
003f04ca  local     .econst:_PIo2 (.econst:_PIo2)
003f05aa  local     .econst:_init_jk (.econst:_init_jk)
003f03a2  local     .econst:_ipio2 (.econst:_ipio2)
003e98d0  local     .text (.text)
003f04ca  local     _PIo2 (.econst:_PIo2)
003e98d0  global    ___kernel_rem_pio2 (.text)
003f05aa  local     _init_jk (.econst:_init_jk)
003f03a2  local     _ipio2 (.econst:_ipio2)
003f047a  local     _one (.econst)
003f047e  local     _two24 (.econst)
003f0482  local     _twon24 (.econst)
003f0476  local     _zero (.econst)


================================================================================

rts2800_ml.lib : exit.c.obj

Run/Load            
Value     Binding   Name (Section)
--------  --------  ---------------
003ed44f  local     $C$L1 (.text)
003ed462  local     $C$L2 (.text)
003ed46d  local     $C$L3 (.text)
003ed473  local     $C$L4 (.text)
00000000  local     .bss (.bss)
003f0c26  local     .cinit (.cinit)
00000000  local     .data (.data)
0000bdfa  local     .ebss (.ebss)
003ed44e  local     .text (.text)
003ed44e  global    C$$EXIT (.text)
0000bdfc  global    ___TI_cleanup_ptr (.ebss)
0000bdfe  global    ___TI_dtors_ptr (.ebss)
0000bdfa  global    ___TI_enable_exit_profile_output (.ebss)
003ed44e  global    _abort (.text)
003ed450  global    _exit (.text)


================================================================================

rts2800_ml.lib : _lock.c.obj

Run/Load            
Value     Binding   Name (Section)
--------  --------  ---------------
00000000  local     .bss (.bss)
003f0db4  local     .cinit:__lock (.cinit:__lock)
003f0db9  local     .cinit:__unlock (.cinit:__unlock)
00000000  local     .data (.data)
0000c100  local     .ebss:__lock (.ebss:__lock)
0000c102  local     .ebss:__unlock (.ebss:__unlock)
003ee294  local     .text (.text)
0000c100  global    __lock (.ebss:__lock)
003ee29c  global    __nop (.text)
003ee298  global    __register_lock (.text)
003ee294  global    __register_unlock (.text)
0000c102  global    __unlock (.ebss:__unlock)


================================================================================

rts2800_ml.lib : args_main.c.obj

Run/Load            
Value     Binding   Name (Section)
--------  --------  ---------------
003edf73  local     $C$L1 (.text)
003edf76  local     $C$L2 (.text)
00000000  local     .bss (.bss)
00000000  local     .data (.data)
003edf68  local     .text (.text)
003edf68  global    __args_main (.text)


================================================================================

rts2800_ml.lib : s_floor.c.obj

Run/Load            
Value     Binding   Name (Section)
--------  --------  ---------------
003f059c  local     $C$FL1 (.econst)
003f05a0  local     $C$FL2 (.econst)
003eb3f8  local     $C$L1 (.text)
003eb450  local     $C$L10 (.text)
003eb470  local     $C$L11 (.text)
003eb472  local     $C$L12 (.text)
003eb47e  local     $C$L13 (.text)
003eb483  local     $C$L14 (.text)
003eb3fd  local     $C$L2 (.text)
003eb3fe  local     $C$L3 (.text)
003eb406  local     $C$L4 (.text)
003eb419  local     $C$L5 (.text)
003eb428  local     $C$L6 (.text)
003eb42b  local     $C$L7 (.text)
003eb447  local     $C$L8 (.text)
003eb44d  local     $C$L9 (.text)
00000000  local     .bss (.bss)
00000000  local     .data (.data)
003f0598  local     .econst (.econst)
003eb3a0  local     .text (.text)
003eb3a0  global    _floorl (.text)
003f0598  local     _huge (.econst)


================================================================================

rts2800_ml.lib : s_scalbn.c.obj

Run/Load            
Value     Binding   Name (Section)
--------  --------  ---------------
003f0532  local     $C$FL1 (.econst)
003f0536  local     $C$FL2 (.econst)
003f053a  local     $C$FL3 (.econst)
003f053e  local     $C$FL4 (.econst)
003ebb84  local     $C$L1 (.text)
003ebb9d  local     $C$L2 (.text)
003ebbaf  local     $C$L3 (.text)
003ebbba  local     $C$L4 (.text)
003ebbcf  local     $C$L5 (.text)
003ebbd5  local     $C$L6 (.text)
003ebbe0  local     $C$L7 (.text)
003ebc00  local     $C$L8 (.text)
003ebc04  local     $C$L9 (.text)
00000000  local     .bss (.bss)
00000000  local     .data (.data)
003f0526  local     .econst (.econst)
003ebb5e  local     .text (.text)
003ebb5e  global    _ldexpl (.text)
003ebb5e  global    _scalbnl (.text)
003f052e  local     _tiny (.econst)
003f0526  local     _two54 (.econst)
003f052a  local     _twom54 (.econst)


================================================================================

rts2800_ml.lib : s_copysign.c.obj

Run/Load            
Value     Binding   Name (Section)
--------  --------  ---------------
003ed856  local     $C$L1 (.text)
00000000  local     .bss (.bss)
00000000  local     .data (.data)
003ed835  local     .text (.text)
003ed835  global    _copysignl (.text)


================================================================================

rts2800_ml.lib : k_cosf.c.obj

Run/Load            
Value     Binding   Name (Section)
--------  --------  ---------------
003f04b6  local     $C$FL1 (.econst)
003f04ba  local     $C$FL2 (.econst)
003f04be  local     $C$FL3 (.econst)
003f04c2  local     $C$FL4 (.econst)
003f04c6  local     $C$FL5 (.econst)
00000000  local     .bss (.bss)
00000000  local     .data (.data)
003f04a2  local     .econst (.econst)
003ec30d  local     .text (.text)
003f04a6  local     _C0 (.econst)
003f04aa  local     _C1 (.econst)
003f04ae  local     _C2 (.econst)
003f04b2  local     _C3 (.econst)
003ec30d  global    ___kernel_cosdf (.text)
003f04a2  local     _one (.econst)


================================================================================

rts2800_ml.lib : k_sinf.c.obj

Run/Load            
Value     Binding   Name (Section)
--------  --------  ---------------
003f04fa  local     $C$FL1 (.econst)
003f04fe  local     $C$FL2 (.econst)
003f0502  local     $C$FL3 (.econst)
003f0506  local     $C$FL4 (.econst)
00000000  local     .bss (.bss)
00000000  local     .data (.data)
003f04ea  local     .econst (.econst)
003ec0d9  local     .text (.text)
003f04ea  local     _S1 (.econst)
003f04ee  local     _S2 (.econst)
003f04f2  local     _S3 (.econst)
003f04f6  local     _S4 (.econst)
003ec0d9  global    ___kernel_sindf (.text)


================================================================================

rts2800_ml.lib : fd_cmp28.asm.obj

Run/Load            
Value     Binding   Name (Section)
--------  --------  ---------------
00000000  local     .bss (.bss)
00000000  local     .data (.data)
003ed424  local     .text (.text)
003ed434  local     CHECK_INF (.text)
003ed424  global    FD$$CMP (.text)
003ed44b  local     NO_NEG (.text)
003ed44c  local     OP_EQUAL (.text)
003ed444  local     RETURN (.text)


================================================================================

rts2800_ml.lib : fd_tol28.asm.obj

Run/Load            
Value     Binding   Name (Section)
--------  --------  ---------------
00000000  local     .bss (.bss)
00000000  local     .data (.data)
003ed9db  local     .text (.text)
003ed9db  global    FD$$TOL (.text)
003ed9f4  local     OVERFLOW (.text)
003ed9f3  local     RETURN_VALUE (.text)
003ed9f8  local     UNDERFLOW (.text)


================================================================================

rts2800_ml.lib : ll_aox28.asm.obj

Run/Load            
Value     Binding   Name (Section)
--------  --------  ---------------
00000000  local     .bss (.bss)
00000000  local     .data (.data)
003edce5  local     .text (.text)
003edce5  global    LL$$AND (.text)
003edced  global    LL$$OR (.text)
003edcf5  global    LL$$XOR (.text)


================================================================================

rts2800_ml.lib : i_div28.asm.obj

Run/Load            
Value     Binding   Name (Section)
--------  --------  ---------------
00000000  local     .bss (.bss)
00000000  local     .data (.data)
003ed858  local     .text (.text)
003ed858  global    I$$DIV (.text)
003ed869  global    I$$MOD (.text)
003ed868  local     RET1 (.text)
003ed878  local     RET2 (.text)


================================================================================

rts2800_ml.lib : l_tofd28.asm.obj

Run/Load            
Value     Binding   Name (Section)
--------  --------  ---------------
003edb25  local     $10 (.text)
00000000  local     .bss (.bss)
00000000  local     .data (.data)
003edb17  local     .text (.text)
003edb17  global    L$$TOFD (.text)
003edb31  local     OP_ZERO (.text)
003edb30  local     RETURN (.text)
003edb2e  local     RETURN_VALUE (.text)


================================================================================

rts2800_ml.lib : fd_tofs28.asm.obj

Run/Load            
Value     Binding   Name (Section)
--------  --------  ---------------
00000000  local     .bss (.bss)
00000000  local     .data (.data)
003ed8bc  local     .text (.text)
003ed8c9  local     EXP_EVAL (.text)
003ed8bc  global    FD$$TOFS (.text)
003ed8d5  local     OVERFLOW (.text)
003ed8d4  local     RETURN_VALUE (.text)
003ed8db  local     UNDERFLOW (.text)


================================================================================

rts2800_ml.lib : errno.c.obj

Run/Load            
Value     Binding   Name (Section)
--------  --------  ---------------
00000000  local     .bss (.bss)
003f0e08  local     .cinit (.cinit)
00000000  local     .data (.data)
0000c120  local     .ebss (.ebss)
00000000  local     .text (.text)
0000c120  global    _errno (.ebss)


================================================================================

