******************************************************************************
             TMS320C2000 Linker PC v22.6.0                     
******************************************************************************
>> Linked Sat Oct 15 19:21:22 2022

OUTPUT FILE NAME:   <../../../04_Output_Files/Motor28062/TEST_CSMON_C28xx.out>
ENTRY POINT SYMBOL: "_c_int00"  address: 003ec5e2


MEMORY CONFIGURATION

         name            origin    length      used     unused   attr    fill
----------------------  --------  ---------  --------  --------  ----  --------
PAGE 0:
  RAML0                 00008000   00000800  00000029  000007d7  RWIX
  RAML1                 00008800   00000400  00000000  00000400  RWIX
  OTP                   003d7800   00000400  00000000  00000400  RWIX
  FLASH_APP             003e8000   0000dff0  00007b7a  00006476  RWIX
  CSM_RSVD              003f7f80   00000076  00000076  00000000  RWIX
  BEGIN                 003f7ff6   00000002  00000002  00000000  RWIX
  CSM_PWL_P0            003f7ff8   00000008  00000008  00000000  RWIX
  FPUTABLES             003fd590   000006a0  00000000  000006a0  RWIX
  IQTABLES              003fdf00   00000b50  00000000  00000b50  RWIX
  IQTABLES2             003fea50   0000008c  00000000  0000008c  RWIX
  IQTABLES3             003feadc   000000aa  00000000  000000aa  RWIX
  ROM                   003ff3b0   00000c10  00000000  00000c10  RWIX
  RESET                 003fffc0   00000002  00000000  00000002  RWIX
  VECTORS               003fffc2   0000003e  00000000  0000003e  RWIX

PAGE 1:
  BOOT_RSVD             00000000   00000050  00000000  00000050  RWIX
  RAMM0                 00000050   000003b0  00000380  00000030  RWIX
  RAMM1                 00000400   00000400  00000000  00000400  RWIX
  DEV_EMU               00000880   00000105  00000004  00000101  RWIX
  SYS_PWR_CTL           00000985   00000003  00000003  00000000  RWIX
  FLASH_REGS            00000a80   00000060  00000008  00000058  RWIX
  CSM                   00000ae0   00000020  00000010  00000010  RWIX
  ADC_RESULT            00000b00   00000020  00000010  00000010  RWIX
  CPU_TIMER0            00000c00   00000008  00000008  00000000  RWIX
  CPU_TIMER1            00000c08   00000008  00000008  00000000  RWIX
  CPU_TIMER2            00000c10   00000008  00000008  00000000  RWIX
  PIE_CTRL              00000ce0   00000020  0000001a  00000006  RWIX
  PIE_VECT              00000d00   00000100  00000100  00000000  RWIX
  DMA                   00001000   00000200  000000e0  00000120  RWIX
  CLA1                  00001400   00000080  00000040  00000040  RWIX
  USB0                  00004000   00001000  00000454  00000bac  RWIX
  McBSPA                00005000   00000040  00000024  0000001c  RWIX
  ECANA                 00006000   00000040  00000034  0000000c  RWIX
  ECANA_LAM             00006040   00000040  00000040  00000000  RWIX
  ECANA_MOTS            00006080   00000040  00000040  00000000  RWIX
  ECANA_MOTO            000060c0   00000040  00000040  00000000  RWIX
  ECANA_MBOX            00006100   00000100  00000100  00000000  RWIX
  COMP1                 00006400   00000020  00000014  0000000c  RWIX
  COMP2                 00006420   00000020  00000014  0000000c  RWIX
  COMP3                 00006440   00000020  00000014  0000000c  RWIX
  EPWM1                 00006800   00000040  00000040  00000000  RWIX
  EPWM2                 00006840   00000040  00000040  00000000  RWIX
  EPWM3                 00006880   00000040  00000040  00000000  RWIX
  EPWM4                 000068c0   00000040  00000040  00000000  RWIX
  EPWM5                 00006900   00000040  00000040  00000000  RWIX
  EPWM6                 00006940   00000040  00000040  00000000  RWIX
  EPWM7                 00006980   00000040  00000040  00000000  RWIX
  EPWM8                 000069c0   00000040  00000040  00000000  RWIX
  ECAP1                 00006a00   00000020  00000020  00000000  RWIX
  ECAP2                 00006a20   00000020  00000020  00000000  RWIX
  ECAP3                 00006a40   00000020  00000020  00000000  RWIX
  HRCAP1                00006ac0   00000020  00000020  00000000  RWIX
  HRCAP2                00006ae0   00000020  00000020  00000000  RWIX
  EQEP1                 00006b00   00000040  00000022  0000001e  RWIX
  EQEP2                 00006b40   00000040  00000022  0000001e  RWIX
  HRCAP3                00006c80   00000020  00000020  00000000  RWIX
  HRCAP4                00006ca0   00000020  00000020  00000000  RWIX
  GPIOCTRL              00006f80   00000040  00000040  00000000  RWIX
  GPIODAT               00006fc0   00000020  00000020  00000000  RWIX
  GPIOINT               00006fe0   00000020  00000020  00000000  RWIX
  SYSTEM                00007010   00000030  00000030  00000000  RWIX
  SPIA                  00007040   00000010  00000010  00000000  RWIX
  SCIA                  00007050   00000010  00000010  00000000  RWIX
  NMIINTRUPT            00007060   00000010  00000010  00000000  RWIX
  XINTRUPT              00007070   00000010  00000010  00000000  RWIX
  ADC                   00007100   00000080  00000050  00000030  RWIX
  SPIB                  00007740   00000010  00000010  00000000  RWIX
  SCIB                  00007750   00000010  00000010  00000000  RWIX
  I2CA                  00007900   00000040  00000022  0000001e  RWIX
  RAML2                 00008c00   00000400  00000400  00000000  RWIX
  RAML34                00009000   00003000  00003000  00000000  RWIX
  RAML5                 0000c000   00002000  00000531  00001acf  RWIX
  RAML6                 0000e000   00002000  00000000  00002000  RWIX
  RAML7                 00010000   00002000  00000000  00002000  RWIX
  RAML8                 00012000   00002000  00000000  00002000  RWIX
  USB_RAM               00040000   00000800  00000000  00000800  RWIX
  PARTID                003d7e80   00000001  00000001  00000000  RWIX
  CSM_PWL               003f7ff8   00000008  00000008  00000000  RWIX


SECTION ALLOCATION MAP

 output                                  attributes/
section   page    origin      length       input sections
--------  ----  ----------  ----------   ----------------
.cinit     0    003ef356    00000805     
                  003ef356    000001f3     CSMON_C28xx.lib : hmmodbus.obj (.cinit)
                  003ef549    00000173     main.obj (.cinit)
                  003ef6bc    000000ce     CSMON_C28xx.lib : csmon.obj (.cinit)
                  003ef78a    00000098                     : modbusreg.obj (.cinit)
                  003ef822    00000030                     : csmon.obj (.cinit:_CSMON_au8FileRecorderConfigElementsSizeTable)
                  003ef852    0000002b                     : csmon.obj (.cinit:_CSMON_au8FileScopeConfigurationElementsSizeTable)
                  003ef87d    00000017                     : csmon.obj (.cinit:_CSMON_au8FileRecorderDataElementsSizeTable)
                  003ef894    00000015                     : csmon.obj (.cinit:_CSMON_sFileAutorization)
                  003ef8a9    00000014                     : hmdrv.obj (.cinit)
                  003ef8bd    00000014                     : hmprotocol.obj (.cinit)
                  003ef8d1    00000013                     : modbusreg.obj (.cinit:_MODBUSREG_au8DeviceIDUserApplicationName)
                  003ef8e4    00000013                     : modbusreg.obj (.cinit:_MODBUSREG_au8DeviceIDVendorUrl)
                  003ef8f7    00000013                     : modbusreg.obj (.cinit:_MODBUSREG_au8ServerIDData)
                  003ef90a    00000013                     : hmrecparam.obj (.cinit:_sRecStatusParam)
                  003ef91d    00000010     rtc_drv.obj (.cinit)
                  003ef92d    0000000f     CSMON_C28xx.lib : csmon.obj (.cinit:_CSMON_sDateTime)
                  003ef93c    0000000f                     : csmon.obj (.cinit:_CSMON_sDateTimeApplication)
                  003ef94b    0000000f                     : csmon.obj (.cinit:_CSMON_sDateTimeDefault)
                  003ef95a    0000000f                     : modbusreg.obj (.cinit:_MODBUSREG_au8DeviceIDModelName)
                  003ef969    0000000f     device.obj (.cinit)
                  003ef978    0000000e     rts2800_ml.lib : exit.c.obj (.cinit)
                  003ef986    0000000d     CSMON_C28xx.lib : csmon.obj (.cinit:_CSMON_au8FileParameterCountElementsSizeTable)
                  003ef993    0000000d                     : csmon.obj (.cinit:_CSMON_au8FileRTCElementsSizeTable)
                  003ef9a0    0000000d                     : csmon.obj (.cinit:_sHashKey)
                  003ef9ad    0000000d     tmr_drv.obj (.cinit)
                  003ef9ba    0000000c     CSMON_C28xx.lib : csmon.obj (.cinit:_CSMON_au8FileParameterNumericElementsSizeTable)
                  003ef9c6    0000000c                     : modbusreg.obj (.cinit:_MODBUSREG_au8DeviceIDProductName)
                  003ef9d2    0000000c                     : modbusreg.obj (.cinit:_MODBUSREG_au8DeviceIDUserReserve0)
                  003ef9de    0000000c                     : modbusreg.obj (.cinit:_MODBUSREG_au8DeviceIDUserReserve1)
                  003ef9ea    0000000c                     : modbusreg.obj (.cinit:_MODBUSREG_au8DeviceIDUserReserve2)
                  003ef9f6    0000000c                     : modbusreg.obj (.cinit:_MODBUSREG_au8DeviceIDVendorName)
                  003efa02    0000000b                     : hmrecparam.obj (.cinit:_HMRECPRM_sDateTime)
                  003efa0d    0000000b     main.obj (.cinit:_MAIN_sDateTimeGet)
                  003efa18    0000000b     main.obj (.cinit:_MAIN_sDateTimeSet)
                  003efa23    0000000b     uart_driver.obj (.cinit:_UART_DRV_RXIntOverflowCounter)
                  003efa2e    0000000b     uart_driver.obj (.cinit:_UART_DRV_u32TimeDiffLast)
                  003efa39    0000000b     uart_driver.obj (.cinit:_UART_DRV_u32TimeDiffNow)
                  003efa44    0000000b     CSMON_C28xx.lib : uart_drv.obj (.cinit:_UART_RXIntOverflowCounter)
                  003efa4f    0000000b     tmr_drv.obj (.cinit:_pfDelayedFunction)
                  003efa5a    0000000b     tmr_drv.obj (.cinit:_pfDelayedFunction_u8)
                  003efa65    0000000b     CSMON_C28xx.lib : hmrecparam.obj (.cinit:_sRecStatusParamInternal)
                  003efa70    0000000b                     : uart_drv.obj (.cinit:_u32TimeDiffLast)
                  003efa7b    0000000b                     : uart_drv.obj (.cinit:_u32TimeDiffNow)
                  003efa86    0000000b                     : uart_drv.obj (.cinit:_u32TimeDiffRead)
                  003efa91    00000009                     : hmserial.obj (.cinit)
                  003efa9a    00000009                     : csmon.obj (.cinit:_CSMON_au32FileAutorization_FunctionAfterWriteFileRecord)
                  003efaa3    00000009                     : csmon.obj (.cinit:_CSMON_sFileParameterCount)
                  003efaac    00000008                     : hmlib.obj (.cinit)
                  003efab4    00000007                     : csmon.obj (.cinit:_CSMON_au8FileRecorderStatusElementsSizeTable)
                  003efabb    00000007                     : modbusreg.obj (.cinit:_MODBUSREG_au8DeviceIDMajorMinorRevision)
                  003efac2    00000007                     : modbusreg.obj (.cinit:_MODBUSREG_au8DeviceIDProductCode)
                  003efac9    00000007                     : uart_drv.obj (.cinit:_UARTRxBufferRDCount)
                  003efad0    00000007                     : uart_drv.obj (.cinit:_UARTRxBufferRDIndex)
                  003efad7    00000007                     : uart_drv.obj (.cinit:_UARTRxBufferWRCount)
                  003efade    00000007                     : uart_drv.obj (.cinit:_UARTRxBufferWRIndex)
                  003efae5    00000007     uart_driver.obj (.cinit:_UART_DRV_RxBufferRDCount)
                  003efaec    00000007     uart_driver.obj (.cinit:_UART_DRV_RxBufferWRCount)
                  003efaf3    00000007     uart_driver.obj (.cinit:_UART_DRV_RxBufferWRIndex)
                  003efafa    00000006     CSMON_C28xx.lib : csmon.obj (.cinit:_CSMON_abFileAutorization_RecordReadOnly)
                  003efb00    00000006                     : csmon.obj (.cinit:_CSMON_abFileAutorization_RecordStringData)
                  003efb06    00000006                     : csmon.obj (.cinit:_CSMON_au16FileAutorization_RecordOffsets)
                  003efb0c    00000006                     : csmon.obj (.cinit:_CSMON_sFileProtocolVersion)
                  003efb12    00000005     rts2800_ml.lib : _lock.c.obj (.cinit:__lock)
                  003efb17    00000005                    : _lock.c.obj (.cinit:__unlock)
                  003efb1c    00000005     CSMON_C28xx.lib : hmscopeparam.obj (.cinit:_pBufferScope)
                  003efb21    00000004                     : hmscopeparam.obj (.cinit)
                  003efb25    00000004                     : uart_drv.obj (.cinit)
                  003efb29    00000004                     : csmon.obj (.cinit:_CSMON_au8FileParameterListElementsSizeTablePart1_1)
                  003efb2d    00000004                     : csmon.obj (.cinit:_CSMON_au8FileParameterListElementsSizeTablePart1_2)
                  003efb31    00000004                     : csmon.obj (.cinit:_CSMON_au8FileParameterListElementsSizeTablePart1_3)
                  003efb35    00000004                     : csmon.obj (.cinit:_CSMON_au8FileParameterListElementsSizeTablePart1_4)
                  003efb39    00000004                     : csmon.obj (.cinit:_CSMON_au8FileParameterListElementsSizeTablePart2)
                  003efb3d    00000004                     : csmon.obj (.cinit:_CSMON_au8FileParameterListElementsSizeTablePart3)
                  003efb41    00000004                     : csmon.obj (.cinit:_CSMON_au8FileRecorderDataElementsSizeTableUsedLength)
                  003efb45    00000004                     : csmon.obj (.cinit:_CSMON_au8FileScopeStatusElementsSizeTable)
                  003efb49    00000004                     : csmon.obj (.cinit:_CSMON_sFileParameterAccessList)
                  003efb4d    00000004                     : hmmodbus.obj (.cinit:_HMMODBUS_u32RegisterAddressDummyuSize)
                  003efb51    00000004                     : modbusreg.obj (.cinit:_MODBUSREG_asFileTable)
                  003efb55    00000004     rts2800_ml.lib : errno.c.obj (.cinit)
                  003efb59    00000002     --HOLE-- [fill = 0]

.pinit     0    003e8000    00000000     UNINITIALIZED

.text      0    003e8000    00006196     
                  003e8000    00001343     CSMON_C28xx.lib : hmmodbus.obj (.text:_HMMODBUS_bDecoder)
                  003e9343    000006e1                     : modbusreg.obj (.text:_MODBUSREG_AddressTablesInit)
                  003e9a24    00000698     rts2800_ml.lib : k_rem_pio2.c.obj (.text)
                  003ea0bc    000001fd     CSMON_C28xx.lib : csmon.obj (.text:_CSMON_eSetParameter)
                  003ea2b9    000001ac     main.obj (.text:_main)
                  003ea465    0000017f     CSMON_C28xx.lib : csmon.obj (.text:_CSMON_eSetUpRecParam)
                  003ea5e4    00000167                     : csmon.obj (.text:_CSMON_eProcess)
                  003ea74b    00000146                     : hmmodbus.obj (.text:_HMMODBUS_Rx)
                  003ea891    0000011b                     : hmmodbus.obj (.text:_HMMODBUS_vSetFreeRunTimerPrescaller)
                  003ea9ac    00000114     rts2800_ml.lib : s_sinf.c.obj (.text)
                  003eaac0    00000107                    : ll_div28.asm.obj (.text)
                  003eabc7    000000f5     CSMON_C28xx.lib : hmdrv.obj (.text:_HMDRV_vInit)
                  003eacbc    000000f1                     : csmon.obj (.text:_CSMON_vFileRecoderStatusFix)
                  003eadad    000000e9                     : hmprotocol.obj (.text:_HMPROTOCOL_bDecoder)
                  003eae96    000000e8                     : hmrecparam.obj (.text:_HMRECPRM_vProcess)
                  003eaf7e    000000e8     rts2800_ml.lib : s_floor.c.obj (.text)
                  003eb066    000000e4     main.obj (.text:_ControlProcess)
                  003eb14a    000000d3     CSMON_C28xx.lib : csmon.obj (.text:_CSMON_vSetupHoldingRegistersAndCoilsAddressTableFromCSMONParameterList)
                  003eb21d    000000c1                     : csmon.obj (.text:_CSMON_eInit)
                  003eb2de    000000bc                     : hmrecparam.obj (.text:_HMRECPRM_SetUpRec)
                  003eb39a    000000b8                     : hmrec.obj (.text:_HMREC_SetUpRec)
                  003eb452    000000aa                     : hmdrv.obj (.text:_HMDRV_CopyFromBufferInternalModbusBitField)
                  003eb4fc    000000aa     rts2800_ml.lib : s_scalbn.c.obj (.text)
                  003eb5a6    000000a7                    : e_rem_pio2f.c.obj (.text)
                  003eb64d    000000a3     tmr_drv.obj (.text:_TMR2_ISR)
                  003eb6f0    0000009d     CSMON_C28xx.lib : csmon.obj (.text:_CSMON_vPrepareFileParameterAccessList)
                  003eb78d    0000009d                     : hmmodbus.obj (.text:_HMMODBUS_GetRealRegisterAddressAndSize)
                  003eb82a    0000009c     rts2800_ml.lib : fd_add28.asm.obj (.text)
                  003eb8c6    00000099     main.obj (.text:_RecordersInitialization)
                  003eb95f    00000096     main.obj (.text:_ParameterInitialization)
                  003eb9f5    00000092     CSMON_C28xx.lib : hmdrv.obj (.text:_HMDRV_CopyMemory)
                  003eba87    00000092                     : hmdrv.obj (.text:_HMDRV_CopyToBufferInternalModbus)
                  003ebb19    00000092     rts2800_ml.lib : k_sinf.c.obj (.text)
                  003ebbab    00000090     CSMON_C28xx.lib : csmon.obj (.text:_CSMON_vSetDateTimeAutorization)
                  003ebc3b    0000008b     rts2800_ml.lib : fd_div28.asm.obj (.text)
                  003ebcc6    00000087     CSMON_C28xx.lib : hmrecparam.obj (.text:_HMRECPRM_SetUpRecParamStatusDateTime)
                  003ebd4d    00000087     rts2800_ml.lib : k_cosf.c.obj (.text)
                  003ebdd4    00000083     CSMON_C28xx.lib : hmdrv.obj (.text:_HMDRV_CopyFromBufferInternalModbus)
                  003ebe57    00000083     rts2800_ml.lib : fd_mpy28.asm.obj (.text)
                  003ebeda    00000083                    : fs_div28.asm.obj (.text)
                  003ebf5d    0000007f     CSMON_C28xx.lib : hmserial.obj (.text:_HMSERIAL_vProcessSCI)
                  003ebfdc    00000078     rts2800_ml.lib : fs_add28.asm.obj (.text)
                  003ec054    0000006a     CSMON_C28xx.lib : hmserial.obj (.text:_HMSERIAL_Rx)
                  003ec0be    00000068                     : hmmodbus.obj (.text:_HMMODBUS_vProcessSCI)
                  003ec126    00000068                     : hmprotocol.obj (.text:_HMPROTOCOL_GetBoardInfo)
                  003ec18e    00000067                     : hmmodbus.obj (.text:_HMMODBUS_CopyFromBuffer)
                  003ec1f5    00000064                     : hmrec.obj (.text:_HMREC_vProcess)
                  003ec259    00000064                     : modbusreg.obj (.text:_MODBUSREG_vInit)
                  003ec2bd    0000005f     F2806x_SysCtrl.obj (.text:_InitPeripheralClocks)
                  003ec31c    0000005d     CSMON_C28xx.lib : uart_drv.obj (.text:_UART_RXInterrupt)
                  003ec379    0000005a     gpio.obj (.text:_GPIO_setPinConfigOutput)
                  003ec3d3    0000005a     rts2800_ml.lib : fs_mpy28.asm.obj (.text)
                  003ec42d    00000059     CSMON_C28xx.lib : csmon.obj (.text:_CSMON_vUpdateDateTimeFromApplication)
                  003ec486    00000059                     : hmmodbus.obj (.text:_vSetElementsSize)
                  003ec4df    00000057                     : csmon.obj (.text:_CSMON_bCheckValidDateTime)
                  003ec536    00000057     uart_driver.obj (.text:_UART_DRV_RXInterrupt)
                  003ec58d    00000055     CSMON_C28xx.lib : modbusreg.obj (.text:_MODBUSREG_FileRecorderExternalUpdateInit)
                  003ec5e2    00000054     rts2800_ml.lib : boot28.asm.obj (.text)
                  003ec636    00000051     F2806x_SysCtrl.obj (.text:_InitPll)
                  003ec687    0000004f     device.obj (.text:_Device_CsmUnlock)
                  003ec6d6    0000004e     CSMON_C28xx.lib : hmmodbus.obj (.text:_HMMODBUS_GetRegisterFunction)
                  003ec724    0000004e                     : hmrecparam.obj (.text:_HMRECPRM_StartRecParam)
                  003ec772    0000004c                     : hmmodbus.obj (.text:_HMMODBUS_vSendResponse)
                  003ec7be    0000004c                     : hmrecparam.obj (.text:_HMRECPRM_vTimeSync)
                  003ec80a    00000047                     : hmmodbus.obj (.text:_HMMODBUS_CopyToBuffer)
                  003ec851    00000047                     : hmscopeparam.obj (.text:_HMSCOPEPRM_SetUpScope)
                  003ec898    00000043                     : csmon.obj (.text:_CSMON_eSetRecorderTriggerAtPosition)
                  003ec8db    00000043                     : hmscopeparam.obj (.text:_HMSCOPEPRM_ReadScope)
                  003ec91e    00000042     interrupt.obj (.text:_Interrupt_enable)
                  003ec960    00000040     main.obj (.text:_ExternalParametersInitialization)
                  003ec9a0    0000003f     CSMON_C28xx.lib : hmdrv.obj (.text:_HMDRV_CopyFromBufferInternal)
                  003ec9df    0000003d                     : hmmodbus.obj (.text:_vSetStartSampleIndex)
                  003eca1c    0000003c     tmr_drv.obj (.text:_configCPUTimer)
                  003eca58    0000003b     CSMON_C28xx.lib : csmon.obj (.text:_CSMON_u16FindIndexParameterTable)
                  003eca93    0000003b                     : csmon.obj (.text:_CSMON_u32GetRealAddressAndSizeOffsetFromParameter)
                  003ecace    0000003b                     : csmon.obj (.text:_CSMON_vInitParameterListRealAddressRecordTables)
                  003ecb09    0000003b                     : hmscope.obj (.text:_HMSCOPE_SetUpScope)
                  003ecb44    00000038                     : csmon.obj (.text:_CSMON_eSetRecorderConfigurationSkipSamples)
                  003ecb7c    00000038     device.obj (.text:_Device_init)
                  003ecbb4    00000038     CSMON_C28xx.lib : uart_drv.obj (.text:_UART_ReadDataRx)
                  003ecbec    00000036                     : csmon.obj (.text:_CSMON_vRecorderParamStartStopProcess)
                  003ecc22    00000036                     : hmscope.obj (.text:_HMSCOPE_ReadScope)
                  003ecc58    00000036                     : hmserial.obj (.text:_HMSERIAL_vSendResponse)
                  003ecc8e    00000035                     : hmdrv.obj (.text:_HMDRV_CopyToBufferInternal)
                  003eccc3    00000033                     : hmmodbus.obj (.text:_HMMODBUS_Listen)
                  003eccf6    0000002e                     : hmserial.obj (.text:_HMSERIAL_vProcessSCIFreemasterOnly)
                  003ecd24    0000002d                     : csmon.obj (.text:_CSMON_eSetParameterInRecorderAtPosition)
                  003ecd51    0000002d                     : csmon.obj (.text:_CSMON_eSetParameterInScopeAtPosition)
                  003ecd7e    0000002d                     : csmon.obj (.text:_CSMON_vInitRecorders)
                  003ecdab    0000002d                     : csmon.obj (.text:_CSMON_vSetupHoldingRegistersAndCoilsAddressTableAccessAll)
                  003ecdd8    0000002d                     : hmserial.obj (.text:_HMSERIAL_Listen)
                  003ece05    0000002d                     : hmrecparam.obj (.text:_RecorderTimeFromLocalDateTime)
                  003ece32    0000002b                     : hmrecparam.obj (.text:_FillTimeData)
                  003ece5d    0000002a     rts2800_ml.lib : fd_cmp28.asm.obj (.text)
                  003ece87    00000029                    : exit.c.obj (.text)
                  003eceb0    00000029                    : fs_tol28.asm.obj (.text)
                  003eced9    00000028     CSMON_C28xx.lib : csmon.obj (.text:_CSMON_bAutorizationPasswordCheck)
                  003ecf01    00000028                     : modbusreg.obj (.text:_MODBUSREG_vInitHoldingRegistersTableChangesExternalList)
                  003ecf29    00000028     main.obj (.text:_ScopesInitialization)
                  003ecf51    00000027     CSMON_C28xx.lib : hmserial.obj (.text:_HMSERIAL_vProcessSCITXISR)
                  003ecf78    00000026                     : hmdrv.obj (.text:_HMDRV_CopyFromBufferInternalWithMaskModbus)
                  003ecf9e    00000025                     : hmserial.obj (.text:_HMSERIAL_Tx)
                  003ecfc3    00000025     rts2800_ml.lib : fs_toi28.asm.obj (.text)
                  003ecfe8    00000024     CSMON_C28xx.lib : csmon.obj (.text:_CSMON_vAutorizationReset)
                  003ed00c    00000024                     : hmprotocol.obj (.text:_HMPROTOCOL_ReadMem)
                  003ed030    00000024                     : hmrecparam.obj (.text:_RecorderDateFromLocalDateTime)
                  003ed054    00000024     sci_driver.obj (.text:_SCIA_DRV_RXFIFOISR)
                  003ed078    00000024     sci_driver.obj (.text:_SCIA_DRV_TXFIFOISR)
                  003ed09c    00000024     sci_drv.obj (.text:_SCIA_RXFIFOISR)
                  003ed0c0    00000024     sci_drv.obj (.text:_SCIA_TXFIFOISR)
                  003ed0e4    00000024     sci_driver.obj (.text:_SCIB_DRV_RXFIFOISR)
                  003ed108    00000024     sci_driver.obj (.text:_SCIB_DRV_TXFIFOISR)
                  003ed12c    00000024     sci_drv.obj (.text:_SCIB_RXFIFOISR)
                  003ed150    00000024     sci_drv.obj (.text:_SCIB_TXFIFOISR)
                  003ed174    00000024     tmr_drv.obj (.text:_TMR_vInit)
                  003ed198    00000024     CSMON_C28xx.lib : hmmodbus.obj (.text:_vSetSampleCountAvailable)
                  003ed1bc    00000024     rts2800_ml.lib : cpy_tbl.c.obj (.text)
                  003ed1e0    00000023     CSMON_C28xx.lib : csmon.obj (.text:_CSMON_vRecorderParamSetupProcess)
                  003ed203    00000023                     : hmlib.obj (.text:_HMLIB_vInit)
                  003ed226    00000023                     : modbusreg.obj (.text:_MODBUSREG_FileRecorderElementSizeTableUsedSizeUpdateInit)
                  003ed249    00000023     rts2800_ml.lib : s_copysign.c.obj (.text)
                  003ed26c    00000022                    : i_div28.asm.obj (.text)
                  003ed28e    00000021     CSMON_C28xx.lib : hmdrv.obj (.text:_HMDRV_CopyFromBufferInternalWithMask)
                  003ed2af    00000021     sci.obj (.text:_SCI_setConfig)
                  003ed2d0    00000021     rts2800_ml.lib : fd_tofs28.asm.obj (.text)
                  003ed2f1    00000021                    : fs_toul28.asm.obj (.text)
                  003ed312    00000020     CSMON_C28xx.lib : hmdrv.obj (.text:_HMDRV_vProcess)
                  003ed332    00000020     tmr_drv.obj (.text:_TMR_vInitCPUTimers)
                  003ed352    00000020     CSMON_C28xx.lib : hmmodbus.obj (.text:_vSetSampleCountBuffer)
                  003ed372    0000001f                     : hmmodbus.obj (.text:_HMMODBUS_vInit)
                  003ed391    0000001f     F2806x_PieCtrl.obj (.text:_InitPieCtrl)
                  003ed3b0    0000001f     CSMON_C28xx.lib : hmmodbus.obj (.text:_vSetSampleSize)
                  003ed3cf    0000001f     rts2800_ml.lib : fd_tol28.asm.obj (.text)
                  003ed3ee    0000001d     CSMON_C28xx.lib : hmmodbus.obj (.text:_HMMODBUS_Tx)
                  003ed40b    0000001d                     : hmrecparam.obj (.text:_HMRECPRM_GetRecBuffFreemaster)
                  003ed428    0000001d                     : hmrec.obj (.text:_HMREC_GetRecBuffFreemaster)
                  003ed445    0000001d     rts2800_ml.lib : fs_tou28.asm.obj (.text)
                  003ed462    0000001d                    : memcpy.c.obj (.text)
                  003ed47f    0000001c     CSMON_C28xx.lib : csmon.obj (.text:_CSMON_eSetParameterListParameterID)
                  003ed49b    0000001c     main.obj (.text:_CSMON_vGetDateTime)
                  003ed4b7    0000001c     CSMON_C28xx.lib : csmon.obj (.text:_HMRECPRM_vGetDateTime)
                  003ed4d3    0000001c     sci.obj (.text:_SCI_clearInterruptStatus)
                  003ed4ef    0000001c     CSMON_C28xx.lib : hmmodbus.obj (.text:_vSetIndexFileTable)
                  003ed50b    0000001c     rts2800_ml.lib : fs_tofd28.asm.obj (.text)
                  003ed527    0000001c                    : l_tofd28.asm.obj (.text)
                  003ed543    0000001b     device.obj (.text:_Device_initGPIO)
                  003ed55e    0000001b     CSMON_C28xx.lib : hmdrv.obj (.text:_HMDRV_AddressToBuffer)
                  003ed579    0000001b     rts2800_ml.lib : fd_toul28.asm.obj (.text)
                  003ed594    0000001a     CSMON_C28xx.lib : csmon.obj (.text:_CSMON_eSetParameterListRealAddress)
                  003ed5ae    0000001a                     : hmmodbus.obj (.text:_HMMODBUS_vProcessSCITXISR)
                  003ed5c8    0000001a                     : hmrecparam.obj (.text:_HMRECPRM_StartRec)
                  003ed5e2    0000001a                     : hmserial.obj (.text:_HMSERIAL_vProcessSCITXISRFreemasterOnly)
                  003ed5fc    0000001a     sci.obj (.text:_SCI_disableInterrupt)
                  003ed616    0000001a     sci.obj (.text:_SCI_enableInterrupt)
                  003ed630    0000001a     rts2800_ml.lib : l_tofs28.asm.obj (.text)
                  003ed64a    00000019     CSMON_C28xx.lib : csmon.obj (.text:_CSMON_eSetParameterCountInRecorder)
                  003ed663    00000019                     : hmdrv.obj (.text:_HMDRV_AddressFromBuffer)
                  003ed67c    00000019                     : uart_drv.obj (.text:_UART_vInit)
                  003ed695    00000019                     : hmmodbus.obj (.text:_bGetFileReadAccess)
                  003ed6ae    00000019     rts2800_ml.lib : prolog28.asm.obj (.text)
                  003ed6c7    00000018     CSMON_C28xx.lib : csmon.obj (.text:_CSMON_u32GetFreeRunningTimerMicroseconds)
                  003ed6df    00000018                     : hmlib.obj (.text:_HMLIB_vProcessSCITXISRWithIndex)
                  003ed6f7    00000018     F2806x_SysCtrl.obj (.text:_InitSysCtrl)
                  003ed70f    00000018     rts2800_ml.lib : ll_aox28.asm.obj (.text)
                  003ed727    00000017     CSMON_C28xx.lib : csmon.obj (.text:_CSMON_vSaveRecorderConfig)
                  003ed73e    00000017                     : hmmodbus.obj (.text:_HMMODBUS_vProcessTxDelay)
                  003ed755    00000017                     : hmprotocol.obj (.text:_HMPROTOCOL_WriteMem)
                  003ed76c    00000017                     : hmprotocol.obj (.text:_HMPROTOCOL_WriteMemMask)
                  003ed783    00000017                     : hmmodbus.obj (.text:_vSetBufferAddressStart)
                  003ed79a    00000017     rts2800_ml.lib : fs_cmp28.asm.obj (.text)
                  003ed7b1    00000017                    : u_tofd28.asm.obj (.text)
                  003ed7c8    00000016     CSMON_C28xx.lib : csmon.obj (.text:_CSMON_eSetParameterCountInScope)
                  003ed7de    00000016                     : hmdrv.obj (.text:_HMDRV_AddressFromBufferBigEndian)
                  003ed7f4    00000015                     : hmrecparam.obj (.text:_HMRECPRM_Comparefloat)
                  003ed809    00000015                     : hmrec.obj (.text:_HMREC_Comparefloat)
                  003ed81e    00000015                     : hmrec.obj (.text:_HMREC_StartRec)
                  003ed833    00000015     F2806x_Gpio.obj (.text:_InitGpio)
                  003ed848    00000014     CSMON_C28xx.lib : csmon.obj (.text:_CSMON_vFileParameterCountCheckSumUpdate)
                  003ed85c    00000014                     : hmlib.obj (.text:_HMLIB_vProcessFastTD)
                  003ed870    00000014                     : hmmodbus.obj (.text:_HMMODBUS_DelayedTx)
                  003ed884    00000014                     : hmrecparam.obj (.text:_HMRECPRM_StopRecParam)
                  003ed898    00000014                     : hmserial.obj (.text:_HMSERIAL_DelayedTx)
                  003ed8ac    00000013                     : csmon.obj (.text:_CSMON_eSetFlagProcessPassed)
                  003ed8bf    00000013     rts2800_ml.lib : ul_tofs28.asm.obj (.text)
                  003ed8d2    00000012     CSMON_C28xx.lib : hmdrv.obj (.text:_HMDRV_GetStringLengthFromWordInternal)
                  003ed8e4    00000012                     : hmmodbus.obj (.text:_HMMODBUS_vSetupRegisterDummy)
                  003ed8f6    00000012                     : hmrecparam.obj (.text:_HMRECPRM_CompareBOOL)
                  003ed908    00000012                     : modbusreg.obj (.text:_MODBUSREG_FileShortNameElementSizeandAddressUpdateInit)
                  003ed91a    00000012                     : modbusreg.obj (.text:_MODBUSREG_vFileDenyAccess)
                  003ed92c    00000012                     : uart_drv.obj (.text:_UART_TxIntDis)
                  003ed93e    00000012                     : uart_drv.obj (.text:_UART_TxIntEna)
                  003ed950    00000011     main.obj (.text:_CSMON_vSetDateTime)
                  003ed961    00000011     CSMON_C28xx.lib : hmserial.obj (.text:_HMSERIAL_vInit)
                  003ed972    00000011     F2806x_PieVect.obj (.text:_InitPieVectTable)
                  003ed983    00000011     main.obj (.text:_vSetWatchdogPrescalerTimeDiv)
                  003ed994    00000011     rts2800_ml.lib : args_main.c.obj (.text)
                  003ed9a5    00000010     CSMON_C28xx.lib : csmon.obj (.text:_CSMON_eSetParameterListRegisterFlags)
                  003ed9b5    00000010     device.obj (.text:_Example_MemCopy)
                  003ed9c5    00000010     F2806x_SysCtrl.obj (.text:_IntOsc1Sel)
                  003ed9d5    00000010     CSMON_C28xx.lib : hmmodbus.obj (.text:_bIsValidEndAddressInBuffer)
                  003ed9e5    00000010                     : hmmodbus.obj (.text:_u32BytesMemoryToBytesModbus)
                  003ed9f5    00000010                     : hmmodbus.obj (.text:_u32BytesModbusToBytesMemory)
                  003eda05    00000010     main.obj (.text:_vGetWatchdogPrescaler)
                  003eda15    00000010     rts2800_ml.lib : u_tofs28.asm.obj (.text)
                  003eda25    0000000f     CSMON_C28xx.lib : hmmodbus.obj (.text:_HMMODBUS_CalcCRC)
                  003eda34    0000000f                     : modbusreg.obj (.text:_MODBUSREG_FileParameterListAddressUpdateInit)
                  003eda43    0000000f                     : uart_drv.obj (.text:_UART_IsTxEmpty)
                  003eda52    0000000e                     : hmdrv.obj (.text:_HMDRV_GetStringLengthInternal)
                  003eda60    0000000e                     : hmrecparam.obj (.text:_HMRECPRM_Compare16S)
                  003eda6e    0000000e                     : hmrecparam.obj (.text:_HMRECPRM_Compare16U)
                  003eda7c    0000000e                     : hmrecparam.obj (.text:_HMRECPRM_Compare32S)
                  003eda8a    0000000e                     : hmrecparam.obj (.text:_HMRECPRM_Compare32U)
                  003eda98    0000000e                     : hmrecparam.obj (.text:_HMRECPRM_Compare8S)
                  003edaa6    0000000e                     : hmrecparam.obj (.text:_HMRECPRM_Compare8U)
                  003edab4    0000000e                     : hmrec.obj (.text:_HMREC_Compare16S)
                  003edac2    0000000e                     : hmrec.obj (.text:_HMREC_Compare16U)
                  003edad0    0000000e                     : hmrec.obj (.text:_HMREC_Compare32S)
                  003edade    0000000e                     : hmrec.obj (.text:_HMREC_Compare32U)
                  003edaec    0000000e                     : hmrec.obj (.text:_HMREC_Compare8S)
                  003edafa    0000000e                     : hmrec.obj (.text:_HMREC_Compare8U)
                  003edb08    0000000e                     : hmmodbus.obj (.text:_u32FitAddressCircleBufferInside)
                  003edb16    0000000e     rts2800_ml.lib : fd_sub28.asm.obj (.text)
                  003edb24    0000000d     CSMON_C28xx.lib : csmon.obj (.text:_CSMON_eResetParameterTable)
                  003edb31    0000000d                     : csmon.obj (.text:_CSMON_vInitHoldingRegistersTableChanges)
                  003edb3e    0000000d                     : hmrecparam.obj (.text:_HMRECPRM_IsJustStopped)
                  003edb4b    0000000d                     : hmrecparam.obj (.text:_HMRECPRM_StopRec)
                  003edb58    0000000d                     : hmrec.obj (.text:_HMREC_StopRec)
                  003edb65    0000000d                     : modbusreg.obj (.text:_MODBUSREG_vFileAllowAccess)
                  003edb72    0000000d     tmr_drv.obj (.text:_TIMER_vSetupTimerMainFunctionDelayCompare)
                  003edb7f    0000000d     CSMON_C28xx.lib : uart_drv.obj (.text:_UART_ReadDataRxAvailable)
                  003edb8c    0000000c                     : hmlib.obj (.text:_HMLIB_vProcess)
                  003edb98    0000000c                     : hmrecparam.obj (.text:_HMRECPRM_GetBufferRecParamPtrAddress)
                  003edba4    0000000c                     : hmrecparam.obj (.text:_HMRECPRM_TriggerRec)
                  003edbb0    0000000c                     : hmmodbus.obj (.text:_u32FixAddressCircleBufferOverflow)
                  003edbbc    0000000c     rts2800_ml.lib : epilog28.asm.obj (.text)
                  003edbc8    0000000b     CSMON_C28xx.lib : hmmodbus.obj (.text:_HMMODBUS_vProcessFastTD)
                  003edbd3    0000000b                     : hmrecparam.obj (.text:_HMRECPRM_IsRunning)
                  003edbde    0000000b                     : hmserial.obj (.text:_HMSERIAL_vProcessFastTD)
                  003edbe9    0000000b                     : modbusreg.obj (.text:_MODBUSREG_vDataZero)
                  003edbf4    0000000b     sci_driver.obj (.text:_SCI_DRV_eGetModuleIndexFromBase)
                  003edbff    0000000b     sci_drv.obj (.text:_SCI_eGetModuleIndexFromBase)
                  003edc0a    0000000b     CSMON_C28xx.lib : uart_drv.obj (.text:_UART_TxDis)
                  003edc15    0000000b                     : uart_drv.obj (.text:_UART_TxEna)
                  003edc20    0000000b                     : hmmodbus.obj (.text:_bIsValidIndexFileTable)
                  003edc2b    0000000b     rts2800_ml.lib : u_div28.asm.obj (.text)
                  003edc36    0000000a     CSMON_C28xx.lib : hmrecparam.obj (.text:_HMRECPRM_ClrLastStopDetectionToRecorderStopSamplesCounter)
                  003edc40    0000000a                     : hmrecparam.obj (.text:_HMRECPRM_GetRecStatus)
                  003edc4a    0000000a                     : hmrec.obj (.text:_HMREC_GetRecStatus)
                  003edc54    00000009                     : csmon.obj (.text:_CSMON_eSetParameterListRegisterSize)
                  003edc5d    00000009                     : csmon.obj (.text:_CSMON_eSetParameterListShortNaming)
                  003edc66    00000009                     : csmon.obj (.text:_CSMON_eSetServerOnStatus)
                  003edc6f    00000009                     : hmlib.obj (.text:_HMLIB_vInitRecParamBuff)
                  003edc78    00000009                     : hmmodbus.obj (.text:_HMMODBUS_vProcessFreeTimer)
                  003edc81    00000009                     : hmmodbus.obj (.text:_HMMODBUS_vProcessRxDelay)
                  003edc8a    00000009                     : hmrecparam.obj (.text:_HMRECPRM_GetExternBufferRecParamLastPointedAddress)
                  003edc93    00000009                     : hmrecparam.obj (.text:_HMRECPRM_GetExternBufferRecParamPtrAddress)
                  003edc9c    00000009                     : hmrec.obj (.text:_HMREC_TriggerRec)
                  003edca5    00000009                     : hmscopeparam.obj (.text:_HMSCOPEPRM_GetBufferScopeParamAddress)
                  003edcae    00000009                     : hmserial.obj (.text:_HMSERIAL_vProcessFreeTimer)
                  003edcb7    00000009     tmr_drv.obj (.text:_TIMER_vResetTimerMainFunctionDelayCounter)
                  003edcc0    00000009     tmr_drv.obj (.text:_TIMER_vSetupTimerMainDelayedFunctionSendData)
                  003edcc9    00000009     CSMON_C28xx.lib : uart_drv.obj (.text:_UART_PutChar)
                  003edcd2    00000009                     : uart_drv.obj (.text:_UART_ReadDataRxTimeDiff)
                  003edcdb    00000009     rts2800_ml.lib : _lock.c.obj (.text)
                  003edce4    00000009                    : fd_neg28.asm.obj (.text)
                  003edced    00000008     Example_Flash2806x_CsmKeys.obj (.text)
                  003edcf5    00000008     F2806x_CodeStartBranch.obj (.text)
                  003edcfd    00000008     F2806x_SysCtrl.obj (.text:_DisableDog)
                  003edd05    00000008     CSMON_C28xx.lib : hmdrv.obj (.text:_HMDRV_CopyFromBufferWithMaskModbus)
                  003edd0d    00000008                     : hmmodbus.obj (.text:_HMMODBUS_vSetupHoldingRegistersProcessFuncTable)
                  003edd15    00000008                     : hmmodbus.obj (.text:_HMMODBUS_vSetupHoldingRegistersRealAddressTable)
                  003edd1d    00000008                     : hmmodbus.obj (.text:_HMMODBUS_vSetupHoldingRegistersRegisterFlagsTable)
                  003edd25    00000008                     : hmmodbus.obj (.text:_HMMODBUS_vSetupHoldingRegistersRegisterSizeTable)
                  003edd2d    00000008                     : hmmodbus.obj (.text:_HMMODBUS_vSetupHoldingRegistersVirtAddressTable)
                  003edd35    00000008                     : hmrecparam.obj (.text:_HMRECPRM_GetExternRecParamAddress)
                  003edd3d    00000008                     : hmrecparam.obj (.text:_HMRECPRM_GetExternRecParamPtrMaximumUsedSampleCount)
                  003edd45    00000008                     : hmrecparam.obj (.text:_HMRECPRM_GetExternRecParamPtrSampleSize)
                  003edd4d    00000008                     : hmrecparam.obj (.text:_HMRECPRM_GetRecParamPtrAvailableSampleCount)
                  003edd55    00000008                     : hmrecparam.obj (.text:_HMRECPRM_GetRecParamPtrLastSampleIndex)
                  003edd5d    00000008                     : hmrecparam.obj (.text:_HMRECPRM_GetRecParamPtrMaximumUsedSampleCount)
                  003edd65    00000008                     : hmrecparam.obj (.text:_HMRECPRM_GetRecParamPtrSampleSize)
                  003edd6d    00000008                     : hmrecparam.obj (.text:_HMRECPRM_GetStatusRecParamAddress)
                  003edd75    00000008                     : hmrecparam.obj (.text:_HMRECPRM_vInit)
                  003edd7d    00000008                     : hmrec.obj (.text:_HMREC_vInit)
                  003edd85    00000007     F2806x_DisInt.obj (.text)
                  003edd8c    00000007     CSMON_C28xx.lib : csmon.obj (.text:_CSMON_eSetParameterListAccessLevel)
                  003edd93    00000007                     : csmon.obj (.text:_CSMON_eSetParameterListBitsCount)
                  003edd9a    00000007                     : csmon.obj (.text:_CSMON_eSetParameterListFunctionCode)
                  003edda1    00000007                     : hmlib.obj (.text:_HMLIB_vProcessDifferentPorts)
                  003edda8    00000007                     : hmlib.obj (.text:_HMLIB_vProcessRecorders)
                  003eddaf    00000007                     : hmrecparam.obj (.text:_HMRECPRM_vResetAllStopDetections)
                  003eddb6    00000007                     : hmscopeparam.obj (.text:_HMSCOPEPRM_GetStatusScopeParamAddress)
                  003eddbd    00000007                     : modbusreg.obj (.text:_MODBUSREG_vInitHoldingRegistersTableChanges)
                  003eddc4    00000007     sci_driver.obj (.text:_SCI_DRV_u32GetBaseFromModuleIndex)
                  003eddcb    00000007     sci_drv.obj (.text:_SCI_u32GetBaseFromModuleIndex)
                  003eddd2    00000006     cputimer.obj (.text:_CPUTimer_setEmulationMode)
                  003eddd8    00000006     CSMON_C28xx.lib : hmrecparam.obj (.text:_HMRECPRM_SetUpRecBuff)
                  003eddde    00000006                     : hmrec.obj (.text:_HMREC_SetUpRecBuff)
                  003edde4    00000006     tmr_drv.obj (.text:_TIMER_u16ResetTimerMainPeriod)
                  003eddea    00000006     uart_driver.obj (.text:_UART_DRV_GetChar)
                  003eddf0    00000006     CSMON_C28xx.lib : uart_drv.obj (.text:_UART_GetChar)
                  003eddf6    00000005     F2806x_DefaultIsr.obj (.text:_ADCINT1_ISR)
                  003eddfb    00000005     F2806x_DefaultIsr.obj (.text:_ADCINT2_ISR)
                  003ede00    00000005     F2806x_DefaultIsr.obj (.text:_ADCINT3_ISR)
                  003ede05    00000005     F2806x_DefaultIsr.obj (.text:_ADCINT4_ISR)
                  003ede0a    00000005     F2806x_DefaultIsr.obj (.text:_ADCINT5_ISR)
                  003ede0f    00000005     F2806x_DefaultIsr.obj (.text:_ADCINT6_ISR)
                  003ede14    00000005     F2806x_DefaultIsr.obj (.text:_ADCINT7_ISR)
                  003ede19    00000005     F2806x_DefaultIsr.obj (.text:_ADCINT8_ISR)
                  003ede1e    00000005     F2806x_DefaultIsr.obj (.text:_ADCINT9_ISR)
                  003ede23    00000005     F2806x_DefaultIsr.obj (.text:_CLA1_INT1_ISR)
                  003ede28    00000005     F2806x_DefaultIsr.obj (.text:_CLA1_INT2_ISR)
                  003ede2d    00000005     F2806x_DefaultIsr.obj (.text:_CLA1_INT3_ISR)
                  003ede32    00000005     F2806x_DefaultIsr.obj (.text:_CLA1_INT4_ISR)
                  003ede37    00000005     F2806x_DefaultIsr.obj (.text:_CLA1_INT5_ISR)
                  003ede3c    00000005     F2806x_DefaultIsr.obj (.text:_CLA1_INT6_ISR)
                  003ede41    00000005     F2806x_DefaultIsr.obj (.text:_CLA1_INT7_ISR)
                  003ede46    00000005     F2806x_DefaultIsr.obj (.text:_CLA1_INT8_ISR)
                  003ede4b    00000005     CSMON_C28xx.lib : csmon.obj (.text:_CSMON_eSetAutoServiceWatchdogInternalSlowCalculationsInMainLoop)
                  003ede50    00000005                     : csmon.obj (.text:_CSMON_eSetFirmwareApplicationVersion)
                  003ede55    00000005                     : csmon.obj (.text:_CSMON_eSetMaxTimeInISR)
                  003ede5a    00000005                     : csmon.obj (.text:_CSMON_eSetMinGuaranteedTimeBetweenTwoISRs)
                  003ede5f    00000005                     : csmon.obj (.text:_CSMON_u16ParametersAccessListIndexGenerate)
                  003ede64    00000005                     : csmon.obj (.text:_CSMON_u32GetFreeRunningTimerTicks)
                  003ede69    00000005                     : csmon.obj (.text:_CSMON_u32GetParameterAuxCheckSum)
                  003ede6e    00000005                     : csmon.obj (.text:_CSMON_u32GetParameterCheckSum)
                  003ede73    00000005                     : csmon.obj (.text:_CSMON_u32GetParameterStringCheckSum)
                  003ede78    00000005                     : csmon.obj (.text:_CSMON_vSetDateTimeRequest)
                  003ede7d    00000005     F2806x_DefaultIsr.obj (.text:_DATALOG_ISR)
                  003ede82    00000005     F2806x_DefaultIsr.obj (.text:_DINTCH1_ISR)
                  003ede87    00000005     F2806x_DefaultIsr.obj (.text:_DINTCH2_ISR)
                  003ede8c    00000005     F2806x_DefaultIsr.obj (.text:_DINTCH3_ISR)
                  003ede91    00000005     F2806x_DefaultIsr.obj (.text:_DINTCH4_ISR)
                  003ede96    00000005     F2806x_DefaultIsr.obj (.text:_DINTCH5_ISR)
                  003ede9b    00000005     F2806x_DefaultIsr.obj (.text:_DINTCH6_ISR)
                  003edea0    00000005     F2806x_DefaultIsr.obj (.text:_ECAN0INTA_ISR)
                  003edea5    00000005     F2806x_DefaultIsr.obj (.text:_ECAN1INTA_ISR)
                  003edeaa    00000005     F2806x_DefaultIsr.obj (.text:_ECAP1_INT_ISR)
                  003edeaf    00000005     F2806x_DefaultIsr.obj (.text:_ECAP2_INT_ISR)
                  003edeb4    00000005     F2806x_DefaultIsr.obj (.text:_ECAP3_INT_ISR)
                  003edeb9    00000005     F2806x_DefaultIsr.obj (.text:_EMPTY_ISR)
                  003edebe    00000005     F2806x_DefaultIsr.obj (.text:_EMUINT_ISR)
                  003edec3    00000005     F2806x_DefaultIsr.obj (.text:_EPWM1_INT_ISR)
                  003edec8    00000005     F2806x_DefaultIsr.obj (.text:_EPWM1_TZINT_ISR)
                  003edecd    00000005     F2806x_DefaultIsr.obj (.text:_EPWM2_INT_ISR)
                  003eded2    00000005     F2806x_DefaultIsr.obj (.text:_EPWM2_TZINT_ISR)
                  003eded7    00000005     F2806x_DefaultIsr.obj (.text:_EPWM3_INT_ISR)
                  003ededc    00000005     F2806x_DefaultIsr.obj (.text:_EPWM3_TZINT_ISR)
                  003edee1    00000005     F2806x_DefaultIsr.obj (.text:_EPWM4_INT_ISR)
                  003edee6    00000005     F2806x_DefaultIsr.obj (.text:_EPWM4_TZINT_ISR)
                  003edeeb    00000005     F2806x_DefaultIsr.obj (.text:_EPWM5_INT_ISR)
                  003edef0    00000005     F2806x_DefaultIsr.obj (.text:_EPWM5_TZINT_ISR)
                  003edef5    00000005     F2806x_DefaultIsr.obj (.text:_EPWM6_INT_ISR)
                  003edefa    00000005     F2806x_DefaultIsr.obj (.text:_EPWM6_TZINT_ISR)
                  003edeff    00000005     F2806x_DefaultIsr.obj (.text:_EPWM7_INT_ISR)
                  003edf04    00000005     F2806x_DefaultIsr.obj (.text:_EPWM7_TZINT_ISR)
                  003edf09    00000005     F2806x_DefaultIsr.obj (.text:_EPWM8_INT_ISR)
                  003edf0e    00000005     F2806x_DefaultIsr.obj (.text:_EPWM8_TZINT_ISR)
                  003edf13    00000005     F2806x_DefaultIsr.obj (.text:_EQEP1_INT_ISR)
                  003edf18    00000005     F2806x_DefaultIsr.obj (.text:_EQEP2_INT_ISR)
                  003edf1d    00000005     CSMON_C28xx.lib : hmlib.obj (.text:_HMLIB_vProcessSamePort)
                  003edf22    00000005                     : hmlib.obj (.text:_HMLIB_vRecorder0)
                  003edf27    00000005                     : hmmodbus.obj (.text:_HMMODBUS_bGetReceivedMessage)
                  003edf2c    00000005                     : hmmodbus.obj (.text:_HMMODBUS_vFileTable)
                  003edf31    00000005                     : hmrecparam.obj (.text:_HMRECPRM_vDisableAllStopDetections)
                  003edf36    00000005     F2806x_DefaultIsr.obj (.text:_HRCAP1_INT_ISR)
                  003edf3b    00000005     F2806x_DefaultIsr.obj (.text:_HRCAP2_INT_ISR)
                  003edf40    00000005     F2806x_DefaultIsr.obj (.text:_HRCAP3_INT_ISR)
                  003edf45    00000005     F2806x_DefaultIsr.obj (.text:_HRCAP4_INT_ISR)
                  003edf4a    00000005     F2806x_DefaultIsr.obj (.text:_I2CINT1A_ISR)
                  003edf4f    00000005     F2806x_DefaultIsr.obj (.text:_I2CINT2A_ISR)
                  003edf54    00000005     F2806x_DefaultIsr.obj (.text:_ILLEGAL_ISR)
                  003edf59    00000005     F2806x_DefaultIsr.obj (.text:_INT13_ISR)
                  003edf5e    00000005     F2806x_DefaultIsr.obj (.text:_INT14_ISR)
                  003edf63    00000005     interrupt.obj (.text:_IntDefaultHandler)
                  003edf68    00000005     F2806x_DefaultIsr.obj (.text:_LUF_ISR)
                  003edf6d    00000005     F2806x_DefaultIsr.obj (.text:_LVF_ISR)
                  003edf72    00000005     CSMON_C28xx.lib : modbusreg.obj (.text:_MODBUSREG_vSetTableNameAddress)
                  003edf77    00000005                     : modbusreg.obj (.text:_MODBUSREG_vSetTableRealAddressInRam)
                  003edf7c    00000005                     : modbusreg.obj (.text:_MODBUSREG_vSetTableRegisterFlags)
                  003edf81    00000005                     : modbusreg.obj (.text:_MODBUSREG_vSetTableRegisterSize)
                  003edf86    00000005                     : modbusreg.obj (.text:_MODBUSREG_vSetTableVirtAddress)
                  003edf8b    00000005     F2806x_DefaultIsr.obj (.text:_MRINTA_ISR)
                  003edf90    00000005     F2806x_DefaultIsr.obj (.text:_MXINTA_ISR)
                  003edf95    00000005     F2806x_DefaultIsr.obj (.text:_NMI_ISR)
                  003edf9a    00000005     F2806x_DefaultIsr.obj (.text:_PIE_RESERVED)
                  003edf9f    00000005     F2806x_DefaultIsr.obj (.text:_RTOSINT_ISR)
                  003edfa4    00000005     F2806x_DefaultIsr.obj (.text:_SCIRXINTA_ISR)
                  003edfa9    00000005     F2806x_DefaultIsr.obj (.text:_SCIRXINTB_ISR)
                  003edfae    00000005     F2806x_DefaultIsr.obj (.text:_SCITXINTA_ISR)
                  003edfb3    00000005     F2806x_DefaultIsr.obj (.text:_SCITXINTB_ISR)
                  003edfb8    00000005     F2806x_DefaultIsr.obj (.text:_SPIRXINTA_ISR)
                  003edfbd    00000005     F2806x_DefaultIsr.obj (.text:_SPIRXINTB_ISR)
                  003edfc2    00000005     F2806x_DefaultIsr.obj (.text:_SPITXINTA_ISR)
                  003edfc7    00000005     F2806x_DefaultIsr.obj (.text:_SPITXINTB_ISR)
                  003edfcc    00000005     tmr_drv.obj (.text:_TIMER_vSetupTimerMainDelayedData)
                  003edfd1    00000005     F2806x_DefaultIsr.obj (.text:_TINT0_ISR)
                  003edfd6    00000005     F2806x_DefaultIsr.obj (.text:_USB0_INT_ISR)
                  003edfdb    00000005     F2806x_DefaultIsr.obj (.text:_USER10_ISR)
                  003edfe0    00000005     F2806x_DefaultIsr.obj (.text:_USER11_ISR)
                  003edfe5    00000005     F2806x_DefaultIsr.obj (.text:_USER12_ISR)
                  003edfea    00000005     F2806x_DefaultIsr.obj (.text:_USER1_ISR)
                  003edfef    00000005     F2806x_DefaultIsr.obj (.text:_USER2_ISR)
                  003edff4    00000005     F2806x_DefaultIsr.obj (.text:_USER3_ISR)
                  003edff9    00000005     F2806x_DefaultIsr.obj (.text:_USER4_ISR)
                  003edffe    00000005     F2806x_DefaultIsr.obj (.text:_USER5_ISR)
                  003ee003    00000005     F2806x_DefaultIsr.obj (.text:_USER6_ISR)
                  003ee008    00000005     F2806x_DefaultIsr.obj (.text:_USER7_ISR)
                  003ee00d    00000005     F2806x_DefaultIsr.obj (.text:_USER8_ISR)
                  003ee012    00000005     F2806x_DefaultIsr.obj (.text:_USER9_ISR)
                  003ee017    00000005     F2806x_DefaultIsr.obj (.text:_WAKEINT_ISR)
                  003ee01c    00000005     F2806x_DefaultIsr.obj (.text:_XINT1_ISR)
                  003ee021    00000005     F2806x_DefaultIsr.obj (.text:_XINT2_ISR)
                  003ee026    00000005     F2806x_DefaultIsr.obj (.text:_XINT3_ISR)
                  003ee02b    00000005     F2806x_DefaultIsr.obj (.text:_rsvd_ISR)
                  003ee030    00000005     rts2800_ml.lib : fs_neg28.asm.obj (.text)
                  003ee035    00000004     CSMON_C28xx.lib : csmon.obj (.text:_CSMON_eApplyParameterChanges)
                  003ee039    00000004                     : csmon.obj (.text:_CSMON_eRegisterWriteParElementCallbackFunction)
                  003ee03d    00000004                     : csmon.obj (.text:_CSMON_eSetInternalTimerPeriod)
                  003ee041    00000004                     : csmon.obj (.text:_CSMON_eSetTimerPeriodISRFunctionRegister)
                  003ee045    00000004                     : csmon.obj (.text:_CSMON_u32GetBaudError_PPM)
                  003ee049    00000004                     : csmon.obj (.text:_CSMON_vAddSetupRecorderParameterMask)
                  003ee04d    00000004                     : csmon.obj (.text:_CSMON_vInitScopes)
                  003ee051    00000004                     : csmon.obj (.text:_CSMON_vSetStartRecorderParameterMask)
                  003ee055    00000004                     : hmdrv.obj (.text:_HMDRV_SetExAddr)
                  003ee059    00000004                     : hmdrv.obj (.text:_HMDRV_u32GetDeviceSYSCLKFreq)
                  003ee05d    00000004                     : hmdrv.obj (.text:_HMDRV_u32GetSCIErrorPPM)
                  003ee061    00000004                     : hmlib.obj (.text:_HMLIB_vRecorderParam0)
                  003ee065    00000004                     : hmmodbus.obj (.text:_HMMODBUS_u32GetAddressMessageCounterThisDevice)
                  003ee069    00000004                     : hmmodbus.obj (.text:_HMMODBUS_vSetAddressMessageCounterThisDevice)
                  003ee06d    00000004                     : hmmodbus.obj (.text:_HMMODBUS_vSetDeviceIDMajorMinorRevision)
                  003ee071    00000004                     : hmmodbus.obj (.text:_HMMODBUS_vSetDeviceIDMajorMinorRevisionLength)
                  003ee075    00000004                     : hmmodbus.obj (.text:_HMMODBUS_vSetDeviceIDModelName)
                  003ee079    00000004                     : hmmodbus.obj (.text:_HMMODBUS_vSetDeviceIDModelNameLength)
                  003ee07d    00000004                     : hmmodbus.obj (.text:_HMMODBUS_vSetDeviceIDProductCode)
                  003ee081    00000004                     : hmmodbus.obj (.text:_HMMODBUS_vSetDeviceIDProductCodeLength)
                  003ee085    00000004                     : hmmodbus.obj (.text:_HMMODBUS_vSetDeviceIDProductName)
                  003ee089    00000004                     : hmmodbus.obj (.text:_HMMODBUS_vSetDeviceIDProductNameLength)
                  003ee08d    00000004                     : hmmodbus.obj (.text:_HMMODBUS_vSetDeviceIDUserApplicationName)
                  003ee091    00000004                     : hmmodbus.obj (.text:_HMMODBUS_vSetDeviceIDUserApplicationNameLength)
                  003ee095    00000004                     : hmmodbus.obj (.text:_HMMODBUS_vSetDeviceIDUserReserve0)
                  003ee099    00000004                     : hmmodbus.obj (.text:_HMMODBUS_vSetDeviceIDUserReserve0Length)
                  003ee09d    00000004                     : hmmodbus.obj (.text:_HMMODBUS_vSetDeviceIDUserReserve1)
                  003ee0a1    00000004                     : hmmodbus.obj (.text:_HMMODBUS_vSetDeviceIDUserReserve1Length)
                  003ee0a5    00000004                     : hmmodbus.obj (.text:_HMMODBUS_vSetDeviceIDUserReserve2)
                  003ee0a9    00000004                     : hmmodbus.obj (.text:_HMMODBUS_vSetDeviceIDUserReserve2Length)
                  003ee0ad    00000004                     : hmmodbus.obj (.text:_HMMODBUS_vSetDeviceIDVendorName)
                  003ee0b1    00000004                     : hmmodbus.obj (.text:_HMMODBUS_vSetDeviceIDVendorNameLength)
                  003ee0b5    00000004                     : hmmodbus.obj (.text:_HMMODBUS_vSetDeviceIDVendorUrl)
                  003ee0b9    00000004                     : hmmodbus.obj (.text:_HMMODBUS_vSetDeviceIDVendorUrlLength)
                  003ee0bd    00000004                     : hmmodbus.obj (.text:_HMMODBUS_vSetServerIDDataAddress)
                  003ee0c1    00000004                     : hmmodbus.obj (.text:_HMMODBUS_vSetServerIDLength)
                  003ee0c5    00000004                     : hmmodbus.obj (.text:_HMMODBUS_vSetServerIDNumber)
                  003ee0c9    00000004                     : hmmodbus.obj (.text:_HMMODBUS_vSetServerOnStatus)
                  003ee0cd    00000004                     : hmmodbus.obj (.text:_HMMODBUS_vSetupHoldingRegistersAccessTableInRam)
                  003ee0d1    00000004                     : hmmodbus.obj (.text:_HMMODBUS_vSetupWriteParElementCallbackFunction)
                  003ee0d5    00000004     interrupt.obj (.text:_IntMasterDisable)
                  003ee0d9    00000004     interrupt.obj (.text:_IntMasterEnable)
                  003ee0dd    00000004     CSMON_C28xx.lib : modbusreg.obj (.text:_MODBUSREG_u16GetHoldRegFillCount)
                  003ee0e1    00000004                     : modbusreg.obj (.text:_MODBUSREG_u16GetHoldRegUsedCount)
                  003ee0e5    00000004                     : modbusreg.obj (.text:_MODBUSREG_u16GetTableRegisterFlagsElementOffset)
                  003ee0e9    00000004                     : modbusreg.obj (.text:_MODBUSREG_u16GetTableRegisterSizeElementOffset)
                  003ee0ed    00000004                     : modbusreg.obj (.text:_MODBUSREG_u16GetTableVirtAddressElementOffset)
                  003ee0f1    00000004                     : modbusreg.obj (.text:_MODBUSREG_u32GetRegisterAccessTableInRam)
                  003ee0f5    00000004                     : modbusreg.obj (.text:_MODBUSREG_u32GetTableRegisterFlags)
                  003ee0f9    00000004                     : modbusreg.obj (.text:_MODBUSREG_u32GetTableRegisterSize)
                  003ee0fd    00000004                     : modbusreg.obj (.text:_MODBUSREG_u32GetTableVirtAddress)
                  003ee101    00000004                     : modbusreg.obj (.text:_MODBUSREG_vSetFileAutorization_FunctionAfterWriteFileRecordTable)
                  003ee105    00000004                     : modbusreg.obj (.text:_MODBUSREG_vSetFileParamCount_FunctionBeforeReadFileRecord)
                  003ee109    00000004                     : modbusreg.obj (.text:_MODBUSREG_vSetFileRTC_FunctionAfterReadFileRecord)
                  003ee10d    00000004                     : modbusreg.obj (.text:_MODBUSREG_vSetFileRTC_FunctionAfterWriteFileRecord)
                  003ee111    00000004                     : modbusreg.obj (.text:_MODBUSREG_vSetFileRecConfig_FunctionAfterWriteFileRecord)
                  003ee115    00000004                     : modbusreg.obj (.text:_MODBUSREG_vSetFileRecStatus_FunctionIndexGenerationFileRecord)
                  003ee119    00000004                     : modbusreg.obj (.text:_MODBUSREG_vSetHoldRegFillCount)
                  003ee11d    00000004                     : modbusreg.obj (.text:_MODBUSREG_vSetParamCount)
                  003ee121    00000004                     : modbusreg.obj (.text:_MODBUSREG_vSetParamListAddress)
                  003ee125    00000004                     : modbusreg.obj (.text:_MODBUSREG_vSetParamNumbAddress)
                  003ee129    00000004                     : modbusreg.obj (.text:_MODBUSREG_vSetParamRecorderConfigAddress)
                  003ee12d    00000004                     : modbusreg.obj (.text:_MODBUSREG_vSetParamScopeConfigAddress)
                  003ee131    00000004     tmr_drv.obj (.text:_TIMER_vGetTimerMainRollingCounter)
                  003ee135    00000004     tmr_drv.obj (.text:_TIMER_vSetupTimerMainCSMONFunction)
                  003ee139    00000004     tmr_drv.obj (.text:_TMR_u16GetFreeRunTimerPrescaller)
                  003ee13d    00000004     CSMON_C28xx.lib : hmmodbus.obj (.text:_bGetElementsDifference)
                  003ee141    00000004                     : hmmodbus.obj (.text:_u16GetIndexFileTable)
                  003ee145    00000004                     : hmmodbus.obj (.text:_u32GetBufferAddressStart)
                  003ee149    00000004                     : hmmodbus.obj (.text:_u32GetBufferSize)
                  003ee14d    00000004                     : hmmodbus.obj (.text:_u32GetSampleCountAvailable)
                  003ee151    00000004                     : hmmodbus.obj (.text:_u32GetSampleCountBuffer)
                  003ee155    00000004                     : hmmodbus.obj (.text:_u32GetStartSampleIndex)
                  003ee159    00000004                     : hmmodbus.obj (.text:_u8GetSampleSize)
                  003ee15d    00000004                     : hmmodbus.obj (.text:_vSetBufferSize)
                  003ee161    00000003     F2806x_DBGIER.obj (.text)
                  003ee164    00000003     CSMON_C28xx.lib : csmon.obj (.text:_CSMON_u32GetModbusMessageCounterRegisterRealAddress)
                  003ee167    00000003                     : csmon.obj (.text:_CSMON_vSetModbusMessageCounterRegisterRealAddress)
                  003ee16a    00000003                     : hmlib.obj (.text:_HMLIB_vRecorderParamTimeSync)
                  003ee16d    00000003                     : hmrecparam.obj (.text:_HMRECPRM_GetTimeBase)
                  003ee170    00000003                     : modbusreg.obj (.text:_MODBUSREG_u32GetAddressMessageCounterThisDevice)
                  003ee173    00000003                     : modbusreg.obj (.text:_MODBUSREG_vSetAddressMessageCounterThisDevice)
                  003ee176    00000003                     : uart_drv.obj (.text:_UART_TXInterrupt)
                  003ee179    00000002                     : csmon.obj (.text:_CSMON_eSetParameterListDataDefault)
                  003ee17b    00000002                     : csmon.obj (.text:_CSMON_eSetParameterListDataMaximum)
                  003ee17d    00000002                     : csmon.obj (.text:_CSMON_eSetParameterListDataMinimum)
                  003ee17f    00000002                     : csmon.obj (.text:_CSMON_eSetParameterListValueFormat)
                  003ee181    00000002                     : csmon.obj (.text:_CSMON_u32GetParameterListCheckSum)
                  003ee183    00000002                     : csmon.obj (.text:_CSMON_u32GetParameterNumbCheckSum)
                  003ee185    00000002                     : csmon.obj (.text:_CSMON_u32GetParameterShortNameCheckSum)
                  003ee187    00000002                     : hmrecparam.obj (.text:_HMRECPRM_AbortRec)
                  003ee189    00000002                     : hmrecparam.obj (.text:_HMRECPRM_GetRecBuffSize)
                  003ee18b    00000002                     : hmrec.obj (.text:_HMREC_AbortRec)
                  003ee18d    00000002                     : hmrec.obj (.text:_HMREC_GetRecBuffSize)
                  003ee18f    00000002     main.obj (.text:_eWriteParElement)
                  003ee191    00000002     rts2800_ml.lib : pre_init.c.obj (.text)
                  003ee193    00000001     CSMON_C28xx.lib : hmprotocol.obj (.text:_HMPROTOCOL_vInit)
                  003ee194    00000001     uart_driver.obj (.text:_UART_DRV_TXInterrupt)
                  003ee195    00000001     rts2800_ml.lib : startup.c.obj (.text)

ramfuncs   0    003ee196    00000029     RUN ADDR = 00008000
                  003ee196    0000001d     F2806x_SysCtrl.obj (ramfuncs:_InitFlash)
                  003ee1b3    00000008     device.obj (ramfuncs:_MyCallbackFunction)
                  003ee1bb    00000004     F2806x_usDelay.obj (ramfuncs)

csm_rsvd   0    003f7f80    00000076     
                  003f7f80    00000076     F2806x_CSMPasswords.obj (csm_rsvd)

codestart 
*          0    003f7ff6    00000002     
                  003f7ff6    00000002     F2806x_CodeStartBranch.obj (codestart)

csmpasswds 
*          0    003f7ff8    00000008     
                  003f7ff8    00000008     F2806x_CSMPasswords.obj (csmpasswds)

.stack     1    00000050    00000380     UNINITIALIZED
                  00000050    00000380     --HOLE--

.econst    0    003ee1c0    00001196     
                  003ee1c0    00000c80     main.obj (.econst:_asParameterList)
                  003eee40    00000100     CSMON_C28xx.lib : hmmodbus.obj (.econst:.string:_auchCRCHi)
                  003eef40    00000100                     : hmmodbus.obj (.econst:.string:_auchCRCLo)
                  003ef040    00000100     F2806x_PieVect.obj (.econst:_PieVectTableInit)
                  003ef140    00000084     rts2800_ml.lib : k_rem_pio2.c.obj (.econst:_ipio2)
                  003ef1c4    00000050     CSMON_C28xx.lib : csmon.obj (.econst:_CSMON_asAccessLevelPasswords)
                  003ef214    0000002c     rts2800_ml.lib : k_rem_pio2.c.obj (.econst)
                  003ef240    00000028                    : k_cosf.c.obj (.econst)
                  003ef268    00000020                    : k_rem_pio2.c.obj (.econst:_PIo2)
                  003ef288    00000020                    : k_sinf.c.obj (.econst)
                  003ef2a8    0000001c                    : e_rem_pio2f.c.obj (.econst)
                  003ef2c4    0000001c                    : s_scalbn.c.obj (.econst)
                  003ef2e0    00000018     CSMON_C28xx.lib : csmon.obj (.econst:_$P$T8$1)
                  003ef2f8    00000018     rts2800_ml.lib : s_sinf.c.obj (.econst)
                  003ef310    00000014     CSMON_C28xx.lib : csmon.obj (.econst:_CSMON_au8FileImplementedFunctionCodes)
                  003ef324    00000010     main.obj (.econst)
                  003ef334    0000000c     CSMON_C28xx.lib : hmprotocol.obj (.econst:.string)
                  003ef340    0000000c     rts2800_ml.lib : s_floor.c.obj (.econst)
                  003ef34c    00000006     CSMON_C28xx.lib : csmon.obj (.econst:_CSMON_au8FileParameterListElementsCountInPartTable)
                  003ef352    00000004     rts2800_ml.lib : k_rem_pio2.c.obj (.econst:_init_jk)

.switch    0    003efb5c    00000020     
                  003efb5c    00000020     CSMON_C28xx.lib : csmon.obj (.switch:_CSMON_eSetParameter)

.reset     0    003fffc0    00000002     DSECT
                  003fffc0    00000002     rts2800_ml.lib : boot28.asm.obj (.reset)

vectors    0    003fffc2    00000000     DSECT

DevEmuRegsFile 
*          1    00000880    00000004     UNINITIALIZED
                  00000880    00000004     F2806x_GlobalVariableDefs.obj (DevEmuRegsFile)

SysPwrCtrlRegsFile 
*          1    00000985    00000003     UNINITIALIZED
                  00000985    00000003     F2806x_GlobalVariableDefs.obj (SysPwrCtrlRegsFile)

FlashRegsFile 
*          1    00000a80    00000008     UNINITIALIZED
                  00000a80    00000008     F2806x_GlobalVariableDefs.obj (FlashRegsFile)

CsmRegsFile 
*          1    00000ae0    00000010     UNINITIALIZED
                  00000ae0    00000010     F2806x_GlobalVariableDefs.obj (CsmRegsFile)

AdcResultFile 
*          1    00000b00    00000010     UNINITIALIZED
                  00000b00    00000010     F2806x_GlobalVariableDefs.obj (AdcResultFile)

CpuTimer0RegsFile 
*          1    00000c00    00000008     UNINITIALIZED
                  00000c00    00000008     F2806x_GlobalVariableDefs.obj (CpuTimer0RegsFile)

CpuTimer1RegsFile 
*          1    00000c08    00000008     UNINITIALIZED
                  00000c08    00000008     F2806x_GlobalVariableDefs.obj (CpuTimer1RegsFile)

CpuTimer2RegsFile 
*          1    00000c10    00000008     UNINITIALIZED
                  00000c10    00000008     F2806x_GlobalVariableDefs.obj (CpuTimer2RegsFile)

PieCtrlRegsFile 
*          1    00000ce0    0000001a     UNINITIALIZED
                  00000ce0    0000001a     F2806x_GlobalVariableDefs.obj (PieCtrlRegsFile)

PieVectTableFile 
*          1    00000d00    00000100     UNINITIALIZED
                  00000d00    00000100     F2806x_GlobalVariableDefs.obj (PieVectTableFile)

EmuKeyVar 
*          1    00000d00    00000001     UNINITIALIZED
                  00000d00    00000001     F2806x_GlobalVariableDefs.obj (EmuKeyVar)

EmuBModeVar 
*          1    00000d01    00000001     UNINITIALIZED
                  00000d01    00000001     F2806x_GlobalVariableDefs.obj (EmuBModeVar)

FlashCallbackVar 
*          1    00000d02    00000002     UNINITIALIZED
                  00000d02    00000002     F2806x_GlobalVariableDefs.obj (FlashCallbackVar)

FlashScalingVar 
*          1    00000d04    00000002     UNINITIALIZED
                  00000d04    00000002     F2806x_GlobalVariableDefs.obj (FlashScalingVar)

DmaRegsFile 
*          1    00001000    000000e0     UNINITIALIZED
                  00001000    000000e0     F2806x_GlobalVariableDefs.obj (DmaRegsFile)

Cla1RegsFile 
*          1    00001400    00000040     UNINITIALIZED
                  00001400    00000040     F2806x_GlobalVariableDefs.obj (Cla1RegsFile)

Usb0RegsFile 
*          1    00004000    00000454     UNINITIALIZED
                  00004000    00000454     F2806x_GlobalVariableDefs.obj (Usb0RegsFile)

McbspaRegsFile 
*          1    00005000    00000024     UNINITIALIZED
                  00005000    00000024     F2806x_GlobalVariableDefs.obj (McbspaRegsFile)

ECanaRegsFile 
*          1    00006000    00000034     UNINITIALIZED
                  00006000    00000034     F2806x_GlobalVariableDefs.obj (ECanaRegsFile)

ECanaLAMRegsFile 
*          1    00006040    00000040     UNINITIALIZED
                  00006040    00000040     F2806x_GlobalVariableDefs.obj (ECanaLAMRegsFile)

ECanaMOTSRegsFile 
*          1    00006080    00000040     UNINITIALIZED
                  00006080    00000040     F2806x_GlobalVariableDefs.obj (ECanaMOTSRegsFile)

ECanaMOTORegsFile 
*          1    000060c0    00000040     UNINITIALIZED
                  000060c0    00000040     F2806x_GlobalVariableDefs.obj (ECanaMOTORegsFile)

ECanaMboxesFile 
*          1    00006100    00000100     UNINITIALIZED
                  00006100    00000100     F2806x_GlobalVariableDefs.obj (ECanaMboxesFile)

Comp1RegsFile 
*          1    00006400    00000014     UNINITIALIZED
                  00006400    00000014     F2806x_GlobalVariableDefs.obj (Comp1RegsFile)

Comp2RegsFile 
*          1    00006420    00000014     UNINITIALIZED
                  00006420    00000014     F2806x_GlobalVariableDefs.obj (Comp2RegsFile)

Comp3RegsFile 
*          1    00006440    00000014     UNINITIALIZED
                  00006440    00000014     F2806x_GlobalVariableDefs.obj (Comp3RegsFile)

EPwm1RegsFile 
*          1    00006800    00000040     UNINITIALIZED
                  00006800    00000040     F2806x_GlobalVariableDefs.obj (EPwm1RegsFile)

EPwm2RegsFile 
*          1    00006840    00000040     UNINITIALIZED
                  00006840    00000040     F2806x_GlobalVariableDefs.obj (EPwm2RegsFile)

EPwm3RegsFile 
*          1    00006880    00000040     UNINITIALIZED
                  00006880    00000040     F2806x_GlobalVariableDefs.obj (EPwm3RegsFile)

EPwm4RegsFile 
*          1    000068c0    00000040     UNINITIALIZED
                  000068c0    00000040     F2806x_GlobalVariableDefs.obj (EPwm4RegsFile)

EPwm5RegsFile 
*          1    00006900    00000040     UNINITIALIZED
                  00006900    00000040     F2806x_GlobalVariableDefs.obj (EPwm5RegsFile)

EPwm6RegsFile 
*          1    00006940    00000040     UNINITIALIZED
                  00006940    00000040     F2806x_GlobalVariableDefs.obj (EPwm6RegsFile)

EPwm7RegsFile 
*          1    00006980    00000040     UNINITIALIZED
                  00006980    00000040     F2806x_GlobalVariableDefs.obj (EPwm7RegsFile)

EPwm8RegsFile 
*          1    000069c0    00000040     UNINITIALIZED
                  000069c0    00000040     F2806x_GlobalVariableDefs.obj (EPwm8RegsFile)

ECap1RegsFile 
*          1    00006a00    00000020     UNINITIALIZED
                  00006a00    00000020     F2806x_GlobalVariableDefs.obj (ECap1RegsFile)

ECap2RegsFile 
*          1    00006a20    00000020     UNINITIALIZED
                  00006a20    00000020     F2806x_GlobalVariableDefs.obj (ECap2RegsFile)

ECap3RegsFile 
*          1    00006a40    00000020     UNINITIALIZED
                  00006a40    00000020     F2806x_GlobalVariableDefs.obj (ECap3RegsFile)

HRCap1RegsFile 
*          1    00006ac0    00000020     UNINITIALIZED
                  00006ac0    00000020     F2806x_GlobalVariableDefs.obj (HRCap1RegsFile)

HRCap2RegsFile 
*          1    00006ae0    00000020     UNINITIALIZED
                  00006ae0    00000020     F2806x_GlobalVariableDefs.obj (HRCap2RegsFile)

EQep1RegsFile 
*          1    00006b00    00000022     UNINITIALIZED
                  00006b00    00000022     F2806x_GlobalVariableDefs.obj (EQep1RegsFile)

EQep2RegsFile 
*          1    00006b40    00000022     UNINITIALIZED
                  00006b40    00000022     F2806x_GlobalVariableDefs.obj (EQep2RegsFile)

HRCap3RegsFile 
*          1    00006c80    00000020     UNINITIALIZED
                  00006c80    00000020     F2806x_GlobalVariableDefs.obj (HRCap3RegsFile)

HRCap4RegsFile 
*          1    00006ca0    00000020     UNINITIALIZED
                  00006ca0    00000020     F2806x_GlobalVariableDefs.obj (HRCap4RegsFile)

GpioCtrlRegsFile 
*          1    00006f80    00000040     UNINITIALIZED
                  00006f80    00000040     F2806x_GlobalVariableDefs.obj (GpioCtrlRegsFile)

GpioDataRegsFile 
*          1    00006fc0    00000020     UNINITIALIZED
                  00006fc0    00000020     F2806x_GlobalVariableDefs.obj (GpioDataRegsFile)

GpioIntRegsFile 
*          1    00006fe0    00000020     UNINITIALIZED
                  00006fe0    00000020     F2806x_GlobalVariableDefs.obj (GpioIntRegsFile)

SysCtrlRegsFile 
*          1    00007010    00000030     UNINITIALIZED
                  00007010    00000030     F2806x_GlobalVariableDefs.obj (SysCtrlRegsFile)

SpiaRegsFile 
*          1    00007040    00000010     UNINITIALIZED
                  00007040    00000010     F2806x_GlobalVariableDefs.obj (SpiaRegsFile)

SciaRegsFile 
*          1    00007050    00000010     UNINITIALIZED
                  00007050    00000010     F2806x_GlobalVariableDefs.obj (SciaRegsFile)

NmiIntruptRegsFile 
*          1    00007060    00000010     UNINITIALIZED
                  00007060    00000010     F2806x_GlobalVariableDefs.obj (NmiIntruptRegsFile)

XIntruptRegsFile 
*          1    00007070    00000010     UNINITIALIZED
                  00007070    00000010     F2806x_GlobalVariableDefs.obj (XIntruptRegsFile)

AdcRegsFile 
*          1    00007100    00000050     UNINITIALIZED
                  00007100    00000050     F2806x_GlobalVariableDefs.obj (AdcRegsFile)

SpibRegsFile 
*          1    00007740    00000010     UNINITIALIZED
                  00007740    00000010     F2806x_GlobalVariableDefs.obj (SpibRegsFile)

ScibRegsFile 
*          1    00007750    00000010     UNINITIALIZED
                  00007750    00000010     F2806x_GlobalVariableDefs.obj (ScibRegsFile)

I2caRegsFile 
*          1    00007900    00000022     UNINITIALIZED
                  00007900    00000022     F2806x_GlobalVariableDefs.obj (I2caRegsFile)

PartIdRegsFile 
*          1    003d7e80    00000001     UNINITIALIZED
                  003d7e80    00000001     F2806x_GlobalVariableDefs.obj (PartIdRegsFile)

CsmPwlFile 
*          1    003f7ff8    00000008     UNINITIALIZED
                  003f7ff8    00000008     F2806x_GlobalVariableDefs.obj (CsmPwlFile)

.ebss.1    1    00008c00    00000400     UNINITIALIZED
                  00008c00    00000400     CSMON_C28xx.lib : modbusreg.obj (.ebss:_MODBUSREG_u32RegisterAccessTableInRam)

.ebss.2    1    00009000    00003000     UNINITIALIZED
                  00009000    00000800     CSMON_C28xx.lib : uart_drv.obj (.ebss:_UARTRxBufferTimeDiff)
                  00009800    00000800                     : hmrec.obj (.ebss:_au8RecBuffer0)
                  0000a000    00000800                     : hmrecparam.obj (.ebss:_au8RecParamBuffer0)
                  0000a800    00000600                     : csmon.obj (.ebss:_CSMON_pauFileParameterNumericRealocatable)
                  0000ae00    00000400                     : uart_drv.obj (.ebss:_UARTRxBuffer)
[...]
003eab15  local     $30 (.text)
003eab43  local     $35 (.text)
003eab72  local     $40 (.text)
003eaad4  local     $5_$2 (.text)
00000000  local     .bss (.bss)
00000000  local     .data (.data)
003eaac0  local     .text (.text)
003eaae4  local     CHECK_SIGN1 (.text)
003eab1f  local     CHECK_SIGN2 (.text)
003eab57  local     DGT3 (.text)
003eab59  local     DIVUDenHighZero (.text)
003eaaee  local     EQ0 (.text)
003eaae9  local     EQ1 (.text)
003eab27  local     EQ2 (.text)
003eab52  local     EQ3 (.text)
003eab83  local     EQ4 (.text)
003eaac0  global    LL$$DIV (.text)
003eaafc  global    LL$$MOD (.text)
003eaba2  local     LOOP (.text)
003eab91  local     MAINDIV (.text)
003eabb0  local     MD_NEQ (.text)
003eab85  local     MODUDenHighZero (.text)
003eaae7  local     RET1 (.text)
003eab22  local     RET2 (.text)
003eab50  local     RET3 (.text)
003eab7f  local     RET4 (.text)
003eab24  local     RET_NUM1 (.text)
003eab81  local     RET_NUM2 (.text)
003eaaf0  local     SDIVUDenHighZero (.text)
003eabba  local     SKIP (.text)
003eabbc  local     SKIP1 (.text)
003eab2a  local     SMODUDenHighZero (.text)
003eab36  global    ULL$$DIV (.text)
003eab65  global    ULL$$MOD (.text)


================================================================================

rts2800_ml.lib : u_div28.asm.obj

Run/Load            
Value     Binding   Name (Section)
--------  --------  ---------------
00000000  local     .bss (.bss)
00000000  local     .data (.data)
003edc2b  local     .text (.text)
003edc2b  global    U$$DIV (.text)
003edc30  global    U$$MOD (.text)


================================================================================

rts2800_ml.lib : u_tofd28.asm.obj

Run/Load            
Value     Binding   Name (Section)
--------  --------  ---------------
00000000  local     .bss (.bss)
00000000  local     .data (.data)
003ed7b1  local     .text (.text)
003ed7be  local     NORMALIZE (.text)
003ed7c6  local     OP_ZERO (.text)
003ed7c0  local     PACK (.text)
003ed7c5  local     RETURN (.text)
003ed7c3  local     RETURN_VALUE (.text)
003ed7b1  global    U$$TOFD (.text)


================================================================================

rts2800_ml.lib : u_tofs28.asm.obj

Run/Load            
Value     Binding   Name (Section)
--------  --------  ---------------
00000000  local     .bss (.bss)
00000000  local     .data (.data)
003eda15  local     .text (.text)
003eda24  local     RESTORE (.text)
003eda15  global    U$$TOFS (.text)
003eda24  local     ZERO (.text)


================================================================================

rts2800_ml.lib : l_tofs28.asm.obj

Run/Load            
Value     Binding   Name (Section)
--------  --------  ---------------
00000000  local     .bss (.bss)
00000000  local     .data (.data)
003ed630  local     .text (.text)
003ed630  global    L$$TOFS (.text)
003ed646  local     OVERFLOW (.text)
003ed645  local     RETURN (.text)
003ed645  local     ZERO (.text)


================================================================================

rts2800_ml.lib : ul_tofs28.asm.obj

Run/Load            
Value     Binding   Name (Section)
--------  --------  ---------------
00000000  local     .bss (.bss)
00000000  local     .data (.data)
003ed8bf  local     .text (.text)
003ed8c7  local     LEFT_SHIFT (.text)
003ed8c9  local     PACK (.text)
003ed8d1  local     RETURN (.text)
003ed8bf  global    UL$$TOFS (.text)
003ed8d1  local     ZERO (.text)


================================================================================

rts2800_ml.lib : prolog28.asm.obj

Run/Load            
Value     Binding   Name (Section)
--------  --------  ---------------
00000000  local     .bss (.bss)
00000000  local     .data (.data)
003ed6ae  local     .text (.text)
003ed6ae  global    _prolog_c28x_1 (.text)
003ed6b2  global    _prolog_c28x_2 (.text)
003ed6ba  global    _prolog_c28x_3 (.text)


================================================================================

rts2800_ml.lib : fs_tofd28.asm.obj

Run/Load            
Value     Binding   Name (Section)
--------  --------  ---------------
00000000  local     .bss (.bss)
00000000  local     .data (.data)
003ed50b  local     .text (.text)
003ed50b  global    FS$$TOFD (.text)
003ed51f  local     OVERFLOW (.text)
003ed51e  local     RETURN (.text)
003ed51c  local     RETURN_VALUE (.text)
003ed525  local     UNDERFLOW (.text)


================================================================================

rts2800_ml.lib : fd_div28.asm.obj

Run/Load            
Value     Binding   Name (Section)
--------  --------  ---------------
003ebc77  local     $1_$3 (.text)
003ebc82  local     $2_$3 (.text)
00000000  local     .bss (.bss)
00000000  local     .data (.data)
003ebc3b  local     .text (.text)
003ebc91  local     DIV_END (.text)
003ebc72  local     DIV_START (.text)
003ebc3b  global    FD$$DIV (.text)
003ebc94  local     NORMALIZE (.text)
003ebcbe  local     OVERFLOW (.text)
003ebcb9  local     RETURN (.text)
003ebcb7  local     RETURN_VALUE (.text)
003ebca9  local     RND64_SET_MANT$3$ (.text)
003ebc9d  local     ROUND (.text)
003ebcc4  local     UNDERFLOW (.text)


================================================================================

rts2800_ml.lib : cpy_tbl.c.obj

Run/Load            
Value     Binding   Name (Section)
--------  --------  ---------------
003ed1c4  local     $C$L1 (.text)
003ed1d7  local     $C$L2 (.text)
003ed1d8  local     $C$L3 (.text)
00000000  local     .bss (.bss)
00000000  local     .data (.data)
003ed1bc  local     .text (.text)
003ed1bc  global    _copy_in (.text)


================================================================================

rts2800_ml.lib : memcpy.c.obj

Run/Load            
Value     Binding   Name (Section)
--------  --------  ---------------
003ed468  local     $C$L1 (.text)
003ed46c  local     $C$L2 (.text)
003ed473  local     $C$L3 (.text)
003ed475  local     $C$L4 (.text)
003ed47d  local     $C$L5 (.text)
00000000  local     .bss (.bss)
00000000  local     .data (.data)
003ed462  local     .text (.text)
003ed462  global    _memcpy (.text)


================================================================================

rts2800_ml.lib : pre_init.c.obj

Run/Load            
Value     Binding   Name (Section)
--------  --------  ---------------
00000000  local     .bss (.bss)
00000000  local     .data (.data)
003ee191  local     .text (.text)
003ee191  global    __system_pre_init (.text)


================================================================================

rts2800_ml.lib : startup.c.obj

Run/Load            
Value     Binding   Name (Section)
--------  --------  ---------------
00000000  local     .bss (.bss)
00000000  local     .data (.data)
003ee195  local     .text (.text)
003ee195  global    __system_post_cinit (.text)


================================================================================

rts2800_ml.lib : e_rem_pio2f.c.obj

Run/Load            
Value     Binding   Name (Section)
--------  --------  ---------------
003ef2b4  local     $C$FL1 (.econst)
003ef2b8  local     $C$FL2 (.econst)
003ef2bc  local     $C$FL3 (.econst)
003ef2c0  local     $C$FL4 (.econst)
003eb609  local     $C$L1 (.text)
003eb617  local     $C$L2 (.text)
003eb643  local     $C$L3 (.text)
003eb648  local     $C$L4 (.text)
00000000  local     .bss (.bss)
00000000  local     .data (.data)
003ef2a8  local     .econst (.econst)
003eb5a6  local     .text (.text)
003eb5a6  global    ___rem_pio2f (.text)
003ef2a8  local     _invpio2 (.econst)
003ef2ac  local     _pio2_1 (.econst)
003ef2b0  local     _pio2_1t (.econst)


================================================================================

rts2800_ml.lib : k_rem_pio2.c.obj

Run/Load            
Value     Binding   Name (Section)
--------  --------  ---------------
003ef224  local     $C$FL1 (.econst)
003ef228  local     $C$FL2 (.econst)
003ef22c  local     $C$FL3 (.econst)
003ef230  local     $C$FL4 (.econst)
003ef234  local     $C$FL5 (.econst)
003ef238  local     $C$FL6 (.econst)
003ef23c  local     $C$FL7 (.econst)
003e9a52  local     $C$L1 (.text)
003e9b0c  local     $C$L10 (.text)
003e9b39  local     $C$L11 (.text)
003e9b59  local     $C$L12 (.text)
003e9b7e  local     $C$L13 (.text)
003e9b9d  local     $C$L14 (.text)
003e9ba4  local     $C$L15 (.text)
003e9bc1  local     $C$L16 (.text)
003e9c0f  local     $C$L17 (.text)
003e9c7b  local     $C$L18 (.text)
003e9c7f  local     $C$L19 (.text)
003e9a7a  local     $C$L2 (.text)
003e9c8d  local     $C$L20 (.text)
003e9cb6  local     $C$L21 (.text)
003e9cbb  local     $C$L22 (.text)
003e9cc6  local     $C$L23 (.text)
003e9cd2  local     $C$L24 (.text)
003e9cd7  local     $C$L25 (.text)
003e9cdd  local     $C$L26 (.text)
003e9cfa  local     $C$L27 (.text)
003e9d06  local     $C$L28 (.text)
003e9d31  local     $C$L29 (.text)
003e9a85  local     $C$L3 (.text)
003e9d5f  local     $C$L30 (.text)
003e9daa  local     $C$L31 (.text)
003e9daf  local     $C$L32 (.text)
003e9dc7  local     $C$L33 (.text)
003e9dd1  local     $C$L34 (.text)
003e9de0  local     $C$L35 (.text)
003e9dea  local     $C$L36 (.text)
003e9e05  local     $C$L37 (.text)
003e9e15  local     $C$L38 (.text)
003e9e17  local     $C$L39 (.text)
003e9a91  local     $C$L4 (.text)
003e9e37  local     $C$L40 (.text)
003e9e5f  local     $C$L41 (.text)
003e9e76  local     $C$L42 (.text)
003e9e8a  local     $C$L43 (.text)
003e9eb8  local     $C$L44 (.text)
003e9ed6  local     $C$L45 (.text)
003e9ef4  local     $C$L46 (.text)
003e9f43  local     $C$L47 (.text)
003e9f7d  local     $C$L48 (.text)
003e9f95  local     $C$L49 (.text)
003e9aa2  local     $C$L5 (.text)
003e9fa6  local     $C$L50 (.text)
003e9fc3  local     $C$L51 (.text)
003e9fde  local     $C$L52 (.text)
003e9ff1  local     $C$L53 (.text)
003ea002  local     $C$L54 (.text)
003ea010  local     $C$L55 (.text)
003ea01a  local     $C$L56 (.text)
003ea03b  local     $C$L57 (.text)
003ea04c  local     $C$L58 (.text)
003ea05a  local     $C$L59 (.text)
003e9aae  local     $C$L6 (.text)
003ea064  local     $C$L60 (.text)
003ea06e  local     $C$L61 (.text)
003ea081  local     $C$L62 (.text)
003ea092  local     $C$L63 (.text)
003ea0a0  local     $C$L64 (.text)
003ea0aa  local     $C$L65 (.text)
003ea0b3  local     $C$L66 (.text)
003e9acb  local     $C$L7 (.text)
003e9af0  local     $C$L8 (.text)
003e9b05  local     $C$L9 (.text)
00000000  local     .bss (.bss)
00000000  local     .data (.data)
003ef214  local     .econst (.econst)
003ef268  local     .econst:_PIo2 (.econst:_PIo2)
003ef352  local     .econst:_init_jk (.econst:_init_jk)
003ef140  local     .econst:_ipio2 (.econst:_ipio2)
003e9a24  local     .text (.text)
003ef268  local     _PIo2 (.econst:_PIo2)
003e9a24  global    ___kernel_rem_pio2 (.text)
003ef352  local     _init_jk (.econst:_init_jk)
003ef140  local     _ipio2 (.econst:_ipio2)
003ef218  local     _one (.econst)
003ef21c  local     _two24 (.econst)
003ef220  local     _twon24 (.econst)
003ef214  local     _zero (.econst)


================================================================================

rts2800_ml.lib : exit.c.obj

Run/Load            
Value     Binding   Name (Section)
--------  --------  ---------------
003ece88  local     $C$L1 (.text)
003ece9b  local     $C$L2 (.text)
003ecea6  local     $C$L3 (.text)
003eceac  local     $C$L4 (.text)
00000000  local     .bss (.bss)
003ef978  local     .cinit (.cinit)
00000000  local     .data (.data)
0000c33a  local     .ebss (.ebss)
003ece87  local     .text (.text)
003ece87  global    C$$EXIT (.text)
0000c33c  global    ___TI_cleanup_ptr (.ebss)
0000c33e  global    ___TI_dtors_ptr (.ebss)
0000c33a  global    ___TI_enable_exit_profile_output (.ebss)
003ece87  global    _abort (.text)
003ece89  global    _exit (.text)


================================================================================

rts2800_ml.lib : _lock.c.obj

Run/Load            
Value     Binding   Name (Section)
--------  --------  ---------------
00000000  local     .bss (.bss)
003efb12  local     .cinit:__lock (.cinit:__lock)
003efb17  local     .cinit:__unlock (.cinit:__unlock)
00000000  local     .data (.data)
0000c514  local     .ebss:__lock (.ebss:__lock)
0000c516  local     .ebss:__unlock (.ebss:__unlock)
003edcdb  local     .text (.text)
0000c514  global    __lock (.ebss:__lock)
003edce3  global    __nop (.text)
003edcdf  global    __register_lock (.text)
003edcdb  global    __register_unlock (.text)
0000c516  global    __unlock (.ebss:__unlock)


================================================================================

rts2800_ml.lib : args_main.c.obj

Run/Load            
Value     Binding   Name (Section)
--------  --------  ---------------
003ed99f  local     $C$L1 (.text)
003ed9a2  local     $C$L2 (.text)
00000000  local     .bss (.bss)
00000000  local     .data (.data)
003ed994  local     .text (.text)
003ed994  global    __args_main (.text)


================================================================================

rts2800_ml.lib : s_floor.c.obj

Run/Load            
Value     Binding   Name (Section)
--------  --------  ---------------
003ef344  local     $C$FL1 (.econst)
003ef348  local     $C$FL2 (.econst)
003eafd6  local     $C$L1 (.text)
003eb02e  local     $C$L10 (.text)
003eb04e  local     $C$L11 (.text)
003eb050  local     $C$L12 (.text)
003eb05c  local     $C$L13 (.text)
003eb061  local     $C$L14 (.text)
003eafdb  local     $C$L2 (.text)
003eafdc  local     $C$L3 (.text)
003eafe4  local     $C$L4 (.text)
003eaff7  local     $C$L5 (.text)
003eb006  local     $C$L6 (.text)
003eb009  local     $C$L7 (.text)
003eb025  local     $C$L8 (.text)
003eb02b  local     $C$L9 (.text)
00000000  local     .bss (.bss)
00000000  local     .data (.data)
003ef340  local     .econst (.econst)
003eaf7e  local     .text (.text)
003eaf7e  global    _floorl (.text)
003ef340  local     _huge (.econst)


================================================================================

rts2800_ml.lib : s_scalbn.c.obj

Run/Load            
Value     Binding   Name (Section)
--------  --------  ---------------
003ef2d0  local     $C$FL1 (.econst)
003ef2d4  local     $C$FL2 (.econst)
003ef2d8  local     $C$FL3 (.econst)
003ef2dc  local     $C$FL4 (.econst)
003eb522  local     $C$L1 (.text)
003eb53b  local     $C$L2 (.text)
003eb54d  local     $C$L3 (.text)
003eb558  local     $C$L4 (.text)
003eb56d  local     $C$L5 (.text)
003eb573  local     $C$L6 (.text)
003eb57e  local     $C$L7 (.text)
003eb59e  local     $C$L8 (.text)
003eb5a2  local     $C$L9 (.text)
00000000  local     .bss (.bss)
00000000  local     .data (.data)
003ef2c4  local     .econst (.econst)
003eb4fc  local     .text (.text)
003eb4fc  global    _ldexpl (.text)
003eb4fc  global    _scalbnl (.text)
003ef2cc  local     _tiny (.econst)
003ef2c4  local     _two54 (.econst)
003ef2c8  local     _twom54 (.econst)


================================================================================

rts2800_ml.lib : s_copysign.c.obj

Run/Load            
Value     Binding   Name (Section)
--------  --------  ---------------
003ed26a  local     $C$L1 (.text)
00000000  local     .bss (.bss)
00000000  local     .data (.data)
003ed249  local     .text (.text)
003ed249  global    _copysignl (.text)


================================================================================

rts2800_ml.lib : k_cosf.c.obj

Run/Load            
Value     Binding   Name (Section)
--------  --------  ---------------
003ef254  local     $C$FL1 (.econst)
003ef258  local     $C$FL2 (.econst)
003ef25c  local     $C$FL3 (.econst)
003ef260  local     $C$FL4 (.econst)
003ef264  local     $C$FL5 (.econst)
00000000  local     .bss (.bss)
00000000  local     .data (.data)
003ef240  local     .econst (.econst)
003ebd4d  local     .text (.text)
003ef244  local     _C0 (.econst)
003ef248  local     _C1 (.econst)
003ef24c  local     _C2 (.econst)
003ef250  local     _C3 (.econst)
003ebd4d  global    ___kernel_cosdf (.text)
003ef240  local     _one (.econst)


================================================================================

rts2800_ml.lib : k_sinf.c.obj

Run/Load            
Value     Binding   Name (Section)
--------  --------  ---------------
003ef298  local     $C$FL1 (.econst)
003ef29c  local     $C$FL2 (.econst)
003ef2a0  local     $C$FL3 (.econst)
003ef2a4  local     $C$FL4 (.econst)
00000000  local     .bss (.bss)
00000000  local     .data (.data)
003ef288  local     .econst (.econst)
003ebb19  local     .text (.text)
003ef288  local     _S1 (.econst)
003ef28c  local     _S2 (.econst)
003ef290  local     _S3 (.econst)
003ef294  local     _S4 (.econst)
003ebb19  global    ___kernel_sindf (.text)


================================================================================

rts2800_ml.lib : fd_cmp28.asm.obj

Run/Load            
Value     Binding   Name (Section)
--------  --------  ---------------
00000000  local     .bss (.bss)
00000000  local     .data (.data)
003ece5d  local     .text (.text)
003ece6d  local     CHECK_INF (.text)
003ece5d  global    FD$$CMP (.text)
003ece84  local     NO_NEG (.text)
003ece85  local     OP_EQUAL (.text)
003ece7d  local     RETURN (.text)


================================================================================

rts2800_ml.lib : fd_tol28.asm.obj

Run/Load            
Value     Binding   Name (Section)
--------  --------  ---------------
00000000  local     .bss (.bss)
00000000  local     .data (.data)
003ed3cf  local     .text (.text)
003ed3cf  global    FD$$TOL (.text)
003ed3e8  local     OVERFLOW (.text)
003ed3e7  local     RETURN_VALUE (.text)
003ed3ec  local     UNDERFLOW (.text)


================================================================================

rts2800_ml.lib : ll_aox28.asm.obj

Run/Load            
Value     Binding   Name (Section)
--------  --------  ---------------
00000000  local     .bss (.bss)
00000000  local     .data (.data)
003ed70f  local     .text (.text)
003ed70f  global    LL$$AND (.text)
003ed717  global    LL$$OR (.text)
003ed71f  global    LL$$XOR (.text)


================================================================================

rts2800_ml.lib : i_div28.asm.obj

Run/Load            
Value     Binding   Name (Section)
--------  --------  ---------------
00000000  local     .bss (.bss)
00000000  local     .data (.data)
003ed26c  local     .text (.text)
003ed26c  global    I$$DIV (.text)
003ed27d  global    I$$MOD (.text)
003ed27c  local     RET1 (.text)
003ed28c  local     RET2 (.text)


================================================================================

rts2800_ml.lib : l_tofd28.asm.obj

Run/Load            
Value     Binding   Name (Section)
--------  --------  ---------------
003ed535  local     $10 (.text)
00000000  local     .bss (.bss)
00000000  local     .data (.data)
003ed527  local     .text (.text)
003ed527  global    L$$TOFD (.text)
003ed541  local     OP_ZERO (.text)
003ed540  local     RETURN (.text)
003ed53e  local     RETURN_VALUE (.text)


================================================================================

rts2800_ml.lib : fd_tofs28.asm.obj

Run/Load            
Value     Binding   Name (Section)
--------  --------  ---------------
00000000  local     .bss (.bss)
00000000  local     .data (.data)
003ed2d0  local     .text (.text)
003ed2dd  local     EXP_EVAL (.text)
003ed2d0  global    FD$$TOFS (.text)
003ed2e9  local     OVERFLOW (.text)
003ed2e8  local     RETURN_VALUE (.text)
003ed2ef  local     UNDERFLOW (.text)


================================================================================

rts2800_ml.lib : errno.c.obj

Run/Load            
Value     Binding   Name (Section)
--------  --------  ---------------
00000000  local     .bss (.bss)
003efb55  local     .cinit (.cinit)
00000000  local     .data (.data)
0000c530  local     .ebss (.ebss)
00000000  local     .text (.text)
0000c530  global    _errno (.ebss)


================================================================================

