******************************************************************************
             TMS320C2000 Linker PC v22.6.0                     
******************************************************************************
>> Linked Mon Jan 23 15:34:41 2023

OUTPUT FILE NAME:   <../../../04_Output_Files/Motor28062/TEST_CSMON_C28xx.out>
ENTRY POINT SYMBOL: "_c_int00"  address: 003ecb3d


MEMORY CONFIGURATION

         name            origin    length      used     unused   attr    fill
----------------------  --------  ---------  --------  --------  ----  --------
PAGE 0:
  RAML0                 00008000   00000800  00000029  000007d7  RWIX
  RAML1                 00008800   00000400  00000000  00000400  RWIX
  OTP                   003d7800   00000400  00000000  00000400  RWIX
  FLASH_APP             003e8000   0000dff0  00008da7  00005249  RWIX
  CSM_RSVD              003f7f80   00000076  00000076  00000000  RWIX
  BEGIN                 003f7ff6   00000002  00000002  00000000  RWIX
  CSM_PWL_P0            003f7ff8   00000008  00000008  00000000  RWIX
  FPUTABLES             003fd590   000006a0  00000000  000006a0  RWIX
  IQTABLES              003fdf00   00000b50  00000000  00000b50  RWIX
  IQTABLES2             003fea50   0000008c  00000000  0000008c  RWIX
  IQTABLES3             003feadc   000000aa  00000000  000000aa  RWIX
  ROM                   003ff3b0   00000c10  00000000  00000c10  RWIX
  RESET                 003fffc0   00000002  00000000  00000002  RWIX
  VECTORS               003fffc2   0000003e  00000000  0000003e  RWIX

PAGE 1:
  BOOT_RSVD             00000000   00000050  00000000  00000050  RWIX
  RAMM0                 00000050   000003b0  00000380  00000030  RWIX
  RAMM1                 00000400   00000400  00000000  00000400  RWIX
  DEV_EMU               00000880   00000105  00000004  00000101  RWIX
  SYS_PWR_CTL           00000985   00000003  00000003  00000000  RWIX
  FLASH_REGS            00000a80   00000060  00000008  00000058  RWIX
  CSM                   00000ae0   00000020  00000010  00000010  RWIX
  ADC_RESULT            00000b00   00000020  00000010  00000010  RWIX
  CPU_TIMER0            00000c00   00000008  00000008  00000000  RWIX
  CPU_TIMER1            00000c08   00000008  00000008  00000000  RWIX
  CPU_TIMER2            00000c10   00000008  00000008  00000000  RWIX
  PIE_CTRL              00000ce0   00000020  0000001a  00000006  RWIX
  PIE_VECT              00000d00   00000100  00000100  00000000  RWIX
  DMA                   00001000   00000200  000000e0  00000120  RWIX
  CLA1                  00001400   00000080  00000040  00000040  RWIX
  USB0                  00004000   00001000  00000454  00000bac  RWIX
  McBSPA                00005000   00000040  00000024  0000001c  RWIX
  ECANA                 00006000   00000040  00000034  0000000c  RWIX
  ECANA_LAM             00006040   00000040  00000040  00000000  RWIX
  ECANA_MOTS            00006080   00000040  00000040  00000000  RWIX
  ECANA_MOTO            000060c0   00000040  00000040  00000000  RWIX
  ECANA_MBOX            00006100   00000100  00000100  00000000  RWIX
  COMP1                 00006400   00000020  00000014  0000000c  RWIX
  COMP2                 00006420   00000020  00000014  0000000c  RWIX
  COMP3                 00006440   00000020  00000014  0000000c  RWIX
  EPWM1                 00006800   00000040  00000040  00000000  RWIX
  EPWM2                 00006840   00000040  00000040  00000000  RWIX
  EPWM3                 00006880   00000040  00000040  00000000  RWIX
  EPWM4                 000068c0   00000040  00000040  00000000  RWIX
  EPWM5                 00006900   00000040  00000040  00000000  RWIX
  EPWM6                 00006940   00000040  00000040  00000000  RWIX
  EPWM7                 00006980   00000040  00000040  00000000  RWIX
  EPWM8                 000069c0   00000040  00000040  00000000  RWIX
  ECAP1                 00006a00   00000020  00000020  00000000  RWIX
  ECAP2                 00006a20   00000020  00000020  00000000  RWIX
  ECAP3                 00006a40   00000020  00000020  00000000  RWIX
  HRCAP1                00006ac0   00000020  00000020  00000000  RWIX
  HRCAP2                00006ae0   00000020  00000020  00000000  RWIX
  EQEP1                 00006b00   00000040  00000022  0000001e  RWIX
  EQEP2                 00006b40   00000040  00000022  0000001e  RWIX
  HRCAP3                00006c80   00000020  00000020  00000000  RWIX
  HRCAP4                00006ca0   00000020  00000020  00000000  RWIX
  GPIOCTRL              00006f80   00000040  00000040  00000000  RWIX
  GPIODAT               00006fc0   00000020  00000020  00000000  RWIX
  GPIOINT               00006fe0   00000020  00000020  00000000  RWIX
  SYSTEM                00007010   00000030  00000030  00000000  RWIX
  SPIA                  00007040   00000010  00000010  00000000  RWIX
  SCIA                  00007050   00000010  00000010  00000000  RWIX
  NMIINTRUPT            00007060   00000010  00000010  00000000  RWIX
  XINTRUPT              00007070   00000010  00000010  00000000  RWIX
  ADC                   00007100   00000080  00000050  00000030  RWIX
  SPIB                  00007740   00000010  00000010  00000000  RWIX
  SCIB                  00007750   00000010  00000010  00000000  RWIX
  I2CA                  00007900   00000040  00000022  0000001e  RWIX
  RAML2                 00008c00   00000400  00000400  00000000  RWIX
  RAML34                00009000   00003000  00003000  00000000  RWIX
  RAML5                 0000c000   00002000  00000121  00001edf  RWIX
  RAML6                 0000e000   00002000  00000000  00002000  RWIX
  RAML7                 00010000   00002000  00000000  00002000  RWIX
  RAML8                 00012000   00002000  00000000  00002000  RWIX
  USB_RAM               00040000   00000800  00000000  00000800  RWIX
  PARTID                003d7e80   00000001  00000001  00000000  RWIX
  CSM_PWL               003f7ff8   00000008  00000008  00000000  RWIX


SECTION ALLOCATION MAP

 output                                  attributes/
section   page    origin      length       input sections
--------  ----  ----------  ----------   ----------------
.cinit     0    003f0548    00000860     
                  003f0548    00000216     CSMON_C28xx.lib : hmmodbus.obj (.cinit)
                  003f075e    0000017b     main.obj (.cinit)
                  003f08d9    00000105     CSMON_C28xx.lib : csmon.obj (.cinit)
                  003f09de    0000009c                     : modbusreg.obj (.cinit)
                  003f0a7a    00000030                     : csmon.obj (.cinit:_CSMON_au8FileRecorderConfigElementsSizeTable)
                  003f0aaa    0000002b                     : csmon.obj (.cinit:_CSMON_au8FileScopeConfigurationElementsSizeTable)
                  003f0ad5    00000017                     : csmon.obj (.cinit:_CSMON_au8FileRecorderDataElementsSizeTable)
                  003f0aec    00000015                     : csmon.obj (.cinit:_CSMON_sFileAutorization)
                  003f0b01    00000014                     : hmdrv.obj (.cinit)
                  003f0b15    00000014                     : hmprotocol.obj (.cinit)
                  003f0b29    00000013                     : modbusreg.obj (.cinit:_MODBUSREG_au8DeviceIDUserApplicationName)
                  003f0b3c    00000013                     : modbusreg.obj (.cinit:_MODBUSREG_au8DeviceIDVendorUrl)
                  003f0b4f    00000013                     : modbusreg.obj (.cinit:_MODBUSREG_au8ServerIDData)
                  003f0b62    00000013                     : hmrecparam.obj (.cinit:_sRecStatusParam)
                  003f0b75    0000000f                     : csmon.obj (.cinit:_CSMON_sDateTime)
                  003f0b84    0000000f                     : csmon.obj (.cinit:_CSMON_sDateTimeApplication)
                  003f0b93    0000000f                     : csmon.obj (.cinit:_CSMON_sDateTimeDefault)
                  003f0ba2    0000000f                     : modbusreg.obj (.cinit:_MODBUSREG_au8DeviceIDModelName)
                  003f0bb1    0000000f     device.obj (.cinit)
                  003f0bc0    0000000e     rts2800_ml.lib : exit.c.obj (.cinit)
                  003f0bce    0000000d     CSMON_C28xx.lib : tmr_drv.obj (.cinit)
                  003f0bdb    0000000d                     : csmon.obj (.cinit:_CSMON_au8FileParameterCountElementsSizeTable)
                  003f0be8    0000000d                     : csmon.obj (.cinit:_CSMON_au8FileRTCElementsSizeTable)
                  003f0bf5    0000000d                     : csmon.obj (.cinit:_sHashKey)
                  003f0c02    0000000c                     : modbusreg.obj (.cinit:_MODBUSREG_au8DeviceIDProductName)
                  003f0c0e    0000000c                     : modbusreg.obj (.cinit:_MODBUSREG_au8DeviceIDUserReserve0)
                  003f0c1a    0000000c                     : modbusreg.obj (.cinit:_MODBUSREG_au8DeviceIDUserReserve1)
                  003f0c26    0000000c                     : modbusreg.obj (.cinit:_MODBUSREG_au8DeviceIDUserReserve2)
                  003f0c32    0000000c                     : modbusreg.obj (.cinit:_MODBUSREG_au8DeviceIDVendorName)
                  003f0c3e    0000000b                     : hmrecparam.obj (.cinit:_HMRECPRM_sDateTime)
                  003f0c49    0000000b     main.obj (.cinit:_MAIN_sDateTimeGet)
                  003f0c54    0000000b     main.obj (.cinit:_MAIN_sDateTimeSet)
                  003f0c5f    0000000b     uart_driver.obj (.cinit:_UART_DRV_RXIntOverflowCounter)
                  003f0c6a    0000000b     uart_driver.obj (.cinit:_UART_DRV_u32TimeDiffLast)
                  003f0c75    0000000b     uart_driver.obj (.cinit:_UART_DRV_u32TimeDiffNow)
                  003f0c80    0000000b     CSMON_C28xx.lib : uart_drv.obj (.cinit:_UART_RXIntOverflowCounter)
                  003f0c8b    0000000b                     : tmr_drv.obj (.cinit:_pfDelayedFunction)
                  003f0c96    0000000b                     : tmr_drv.obj (.cinit:_pfDelayedFunction_u8)
                  003f0ca1    0000000b                     : hmrecparam.obj (.cinit:_sRecStatusParamInternal)
                  003f0cac    0000000b                     : uart_drv.obj (.cinit:_u32TimeDiffLast)
                  003f0cb7    0000000b                     : uart_drv.obj (.cinit:_u32TimeDiffNow)
                  003f0cc2    0000000b                     : uart_drv.obj (.cinit:_u32TimeDiffRead)
                  003f0ccd    00000009                     : hmserial.obj (.cinit)
                  003f0cd6    00000009                     : csmon.obj (.cinit:_CSMON_au32FileAutorization_FunctionAfterWriteFileRecord)
                  003f0cdf    00000009                     : csmon.obj (.cinit:_CSMON_sFileParameterCount)
                  003f0ce8    00000008                     : hmlib.obj (.cinit)
                  003f0cf0    00000007                     : csmon.obj (.cinit:_CSMON_au8FileRecorderStatusElementsSizeTable)
                  003f0cf7    00000007                     : modbusreg.obj (.cinit:_MODBUSREG_au8DeviceIDMajorMinorRevision)
                  003f0cfe    00000007                     : modbusreg.obj (.cinit:_MODBUSREG_au8DeviceIDProductCode)
                  003f0d05    00000007                     : uart_drv.obj (.cinit:_UARTRxBufferRDCount)
                  003f0d0c    00000007                     : uart_drv.obj (.cinit:_UARTRxBufferRDIndex)
                  003f0d13    00000007                     : uart_drv.obj (.cinit:_UARTRxBufferWRCount)
                  003f0d1a    00000007                     : uart_drv.obj (.cinit:_UARTRxBufferWRIndex)
                  003f0d21    00000007     uart_driver.obj (.cinit:_UART_DRV_RxBufferRDCount)
                  003f0d28    00000007     uart_driver.obj (.cinit:_UART_DRV_RxBufferWRCount)
                  003f0d2f    00000007     uart_driver.obj (.cinit:_UART_DRV_RxBufferWRIndex)
                  003f0d36    00000006     CSMON_C28xx.lib : csmon.obj (.cinit:_CSMON_abFileAutorization_RecordReadOnly)
                  003f0d3c    00000006                     : csmon.obj (.cinit:_CSMON_abFileAutorization_RecordStringData)
                  003f0d42    00000006                     : csmon.obj (.cinit:_CSMON_au16FileAutorization_RecordOffsets)
                  003f0d48    00000006                     : csmon.obj (.cinit:_CSMON_sFileProtocolVersion)
                  003f0d4e    00000005     rts2800_ml.lib : _lock.c.obj (.cinit:__lock)
                  003f0d53    00000005                    : _lock.c.obj (.cinit:__unlock)
                  003f0d58    00000005     CSMON_C28xx.lib : hmscopeparam.obj (.cinit:_pBufferScope)
                  003f0d5d    00000005                     : csmon.obj (.cinit:_sFileParameterNumericOffsetDefault)
                  003f0d62    00000004                     : hmscopeparam.obj (.cinit)
                  003f0d66    00000004                     : uart_drv.obj (.cinit)
                  003f0d6a    00000004                     : csmon.obj (.cinit:_CSMON_au8FileParameterListElementsSizeTablePart1_1)
                  003f0d6e    00000004                     : csmon.obj (.cinit:_CSMON_au8FileParameterListElementsSizeTablePart1_2)
                  003f0d72    00000004                     : csmon.obj (.cinit:_CSMON_au8FileParameterListElementsSizeTablePart1_3)
                  003f0d76    00000004                     : csmon.obj (.cinit:_CSMON_au8FileParameterListElementsSizeTablePart1_4)
                  003f0d7a    00000004                     : csmon.obj (.cinit:_CSMON_au8FileParameterListElementsSizeTablePart2)
                  003f0d7e    00000004                     : csmon.obj (.cinit:_CSMON_au8FileParameterListElementsSizeTablePart3)
                  003f0d82    00000004                     : csmon.obj (.cinit:_CSMON_au8FileParameterNumbElementsSizeTablePart16Bits)
                  003f0d86    00000004                     : csmon.obj (.cinit:_CSMON_au8FileParameterNumbElementsSizeTablePart32Bits)
                  003f0d8a    00000004                     : csmon.obj (.cinit:_CSMON_au8FileRecorderDataElementsSizeTableUsedLength)
                  003f0d8e    00000004                     : csmon.obj (.cinit:_CSMON_au8FileScopeStatusElementsSizeTable)
                  003f0d92    00000004                     : csmon.obj (.cinit:_CSMON_sFileParameterAccessList)
                  003f0d96    00000004                     : hmmodbus.obj (.cinit:_HMMODBUS_u32RegisterAddressDummyuSize)
                  003f0d9a    00000004                     : modbusreg.obj (.cinit:_MODBUSREG_asFileTable)
                  003f0d9e    00000004                     : csmon.obj (.cinit:_sFileParameterNumericVisualTypeDefault)
                  003f0da2    00000004     rts2800_ml.lib : errno.c.obj (.cinit)
                  003f0da6    00000002     --HOLE-- [fill = 0]

.pinit     0    003e8000    00000000     UNINITIALIZED

.text      0    003e8000    00006712     
                  003e8000    000008b2     CSMON_C28xx.lib : hmmodbus.obj (.text:_HMMODBUS_ReadFileRecord)
                  003e88b2    00000893                     : hmmodbus.obj (.text:_HMMODBUS_bDecoder_OPT)
                  003e9145    0000077b                     : modbusreg.obj (.text:_MODBUSREG_AddressTablesInit)
                  003e98c0    00000698     rts2800_ml.lib : k_rem_pio2.c.obj (.text)
                  003e9f58    0000066f     CSMON_C28xx.lib : hmmodbus.obj (.text:_HMMODBUS_WriteFileRecord)
                  003ea5c7    000001ae     main.obj (.text:_main)
                  003ea775    0000017f     CSMON_C28xx.lib : csmon.obj (.text:_CSMON_eSetUpRecParam)
                  003ea8f4    0000016a                     : csmon.obj (.text:_CSMON_eProcess)
                  003eaa5e    00000146                     : hmmodbus.obj (.text:_HMMODBUS_Rx)
                  003eaba4    0000011b                     : hmmodbus.obj (.text:_HMMODBUS_vSetFreeRunTimerPrescaller)
                  003eacbf    00000114     rts2800_ml.lib : s_sinf.c.obj (.text)
                  003eadd3    00000107                    : ll_div28.asm.obj (.text)
                  003eaeda    000000f1     CSMON_C28xx.lib : csmon.obj (.text:_CSMON_vFileRecoderStatusFix)
                  003eafcb    000000ef                     : hmmodbus.obj (.text:_HMMODBUS_WriteHoldingRegister)
                  003eb0ba    000000e9                     : hmmodbus.obj (.text:_HMMODBUS_ReadHoldingRegister)
                  003eb1a3    000000e9                     : hmprotocol.obj (.text:_HMPROTOCOL_bDecoder)
                  003eb28c    000000e8                     : hmrecparam.obj (.text:_HMRECPRM_vProcess)
                  003eb374    000000e8     rts2800_ml.lib : s_floor.c.obj (.text)
                  003eb45c    000000e4     main.obj (.text:_ControlProcess)
                  003eb540    000000d6     CSMON_C28xx.lib : csmon.obj (.text:_CSMON_vSetupHoldingRegistersAndCoilsAddressTableFromCSMONParameterList)
                  003eb616    000000c6                     : csmon.obj (.text:_CSMON_vInitParameterListRealAddressRecordTables)
                  003eb6dc    000000c2                     : hmdrv.obj (.text:_HMDRV_vInit)
                  003eb79e    000000bc                     : hmrecparam.obj (.text:_HMRECPRM_SetUpRec)
                  003eb85a    000000ba                     : csmon.obj (.text:_CSMON_eInit)
                  003eb914    000000b8                     : hmrec.obj (.text:_HMREC_SetUpRec)
                  003eb9cc    000000aa                     : hmdrv.obj (.text:_HMDRV_CopyFromBufferInternalModbusBitField)
                  003eba76    000000aa     rts2800_ml.lib : s_scalbn.c.obj (.text)
                  003ebb20    000000a7                    : e_rem_pio2f.c.obj (.text)
                  003ebbc7    000000a3     CSMON_C28xx.lib : tmr_drv.obj (.text:_TMR2_ISR)
                  003ebc6a    0000009d                     : hmmodbus.obj (.text:_HMMODBUS_GetRealRegisterAddressAndSize)
                  003ebd07    0000009c     rts2800_ml.lib : fd_add28.asm.obj (.text)
                  003ebda3    00000099     main.obj (.text:_RecordersInitialization)
                  003ebe3c    00000097     main.obj (.text:_ParameterInitialization)
                  003ebed3    00000092     CSMON_C28xx.lib : hmdrv.obj (.text:_HMDRV_CopyMemory)
                  003ebf65    00000092                     : hmdrv.obj (.text:_HMDRV_CopyToBufferInternalModbus)
                  003ebff7    00000092     rts2800_ml.lib : k_sinf.c.obj (.text)
                  003ec089    00000090     CSMON_C28xx.lib : csmon.obj (.text:_CSMON_vSetDateTimeAutorization)
                  003ec119    0000008b     rts2800_ml.lib : fd_div28.asm.obj (.text)
                  003ec1a4    00000087     CSMON_C28xx.lib : hmrecparam.obj (.text:_HMRECPRM_SetUpRecParamStatusDateTime)
                  003ec22b    00000087     rts2800_ml.lib : k_cosf.c.obj (.text)
                  003ec2b2    00000083     CSMON_C28xx.lib : hmdrv.obj (.text:_HMDRV_CopyFromBufferInternalModbus)
                  003ec335    00000083     rts2800_ml.lib : fd_mpy28.asm.obj (.text)
                  003ec3b8    00000083                    : fs_div28.asm.obj (.text)
                  003ec43b    0000007f     CSMON_C28xx.lib : csmon.obj (.text:_CSMON_vPrepareFileParameterAccessList)
                  003ec4ba    0000007f                     : hmserial.obj (.text:_HMSERIAL_vProcessSCI)
                  003ec539    00000078     rts2800_ml.lib : fs_add28.asm.obj (.text)
                  003ec5b1    0000006a     CSMON_C28xx.lib : hmserial.obj (.text:_HMSERIAL_Rx)
                  003ec61b    00000068                     : hmmodbus.obj (.text:_HMMODBUS_vProcessSCI)
                  003ec683    00000068                     : hmprotocol.obj (.text:_HMPROTOCOL_GetBoardInfo)
                  003ec6eb    00000067                     : hmmodbus.obj (.text:_HMMODBUS_CopyFromBuffer)
                  003ec752    00000064                     : hmrec.obj (.text:_HMREC_vProcess)
                  003ec7b6    00000062                     : modbusreg.obj (.text:_MODBUSREG_vInit)
                  003ec818    0000005f     F2806x_SysCtrl.obj (.text:_InitPeripheralClocks)
                  003ec877    0000005d     CSMON_C28xx.lib : uart_drv.obj (.text:_UART_RXInterrupt)
                  003ec8d4    0000005a                     : gpio.obj (.text:_GPIO_setPinConfigOutput)
                  003ec92e    0000005a     rts2800_ml.lib : fs_mpy28.asm.obj (.text)
                  003ec988    00000059     CSMON_C28xx.lib : csmon.obj (.text:_CSMON_vUpdateDateTimeFromApplication)
                  003ec9e1    00000059                     : hmmodbus.obj (.text:_vSetElementsSize)
                  003eca3a    00000057                     : csmon.obj (.text:_CSMON_bCheckValidDateTime)
                  003eca91    00000057     uart_driver.obj (.text:_UART_DRV_RXInterrupt)
                  003ecae8    00000055     CSMON_C28xx.lib : modbusreg.obj (.text:_MODBUSREG_FileRecorderExternalUpdateInit)
                  003ecb3d    00000054     rts2800_ml.lib : boot28.asm.obj (.text)
                  003ecb91    00000052     CSMON_C28xx.lib : csmon.obj (.text:_CSMON_eSetRecorderTriggerAtPosition)
                  003ecbe3    00000051     F2806x_SysCtrl.obj (.text:_InitPll)
                  003ecc34    0000004f     device.obj (.text:_Device_CsmUnlock)
                  003ecc83    0000004e     CSMON_C28xx.lib : hmmodbus.obj (.text:_HMMODBUS_GetRegisterFunction)
                  003eccd1    0000004e                     : hmrecparam.obj (.text:_HMRECPRM_StartRecParam)
                  003ecd1f    0000004c                     : hmmodbus.obj (.text:_HMMODBUS_vSendResponse)
                  003ecd6b    0000004c                     : hmrecparam.obj (.text:_HMRECPRM_vTimeSync)
                  003ecdb7    00000047                     : hmmodbus.obj (.text:_HMMODBUS_CopyToBuffer)
                  003ecdfe    00000047                     : hmscopeparam.obj (.text:_HMSCOPEPRM_SetUpScope)
                  003ece45    00000045     main.obj (.text:_ExternalParametersInitialization)
                  003ece8a    00000043     CSMON_C28xx.lib : hmscopeparam.obj (.text:_HMSCOPEPRM_ReadScope)
                  003ececd    00000042     interrupt.obj (.text:_Interrupt_enable)
                  003ecf0f    0000003f     CSMON_C28xx.lib : hmdrv.obj (.text:_HMDRV_CopyFromBufferInternal)
                  003ecf4e    0000003d                     : hmmodbus.obj (.text:_vSetStartSampleIndex)
                  003ecf8b    0000003c                     : tmr_drv.obj (.text:_configCPUTimer)
                  003ecfc7    0000003b                     : hmscope.obj (.text:_HMSCOPE_SetUpScope)
                  003ed002    00000039                     : csmon.obj (.text:_CSMON_u16FindIndexParameterTable)
                  003ed03b    00000038                     : csmon.obj (.text:_CSMON_eSetRecorderConfigurationSkipSamples)
                  003ed073    00000038     device.obj (.text:_Device_init)
                  003ed0ab    00000038     CSMON_C28xx.lib : hmmodbus.obj (.text:_HMMODBUS_bDecoderInit_OPT)
                  003ed0e3    00000038                     : uart_drv.obj (.text:_UART_ReadDataRx)
                  003ed11b    00000036                     : csmon.obj (.text:_CSMON_vRecorderParamStartStopProcess)
                  003ed151    00000036                     : hmscope.obj (.text:_HMSCOPE_ReadScope)
                  003ed187    00000036                     : hmserial.obj (.text:_HMSERIAL_vSendResponse)
                  003ed1bd    00000035                     : csmon.obj (.text:_CSMON_u32GetRealAddressAndSizeOffsetFromParameter)
                  003ed1f2    00000035                     : hmdrv.obj (.text:_HMDRV_CopyToBufferInternal)
                  003ed227    00000033                     : hmmodbus.obj (.text:_HMMODBUS_Listen)
                  003ed25a    0000002e                     : hmserial.obj (.text:_HMSERIAL_vProcessSCIFreemasterOnly)
                  003ed288    0000002d                     : csmon.obj (.text:_CSMON_eSetParameterInRecorderAtPosition)
                  003ed2b5    0000002d                     : csmon.obj (.text:_CSMON_eSetParameterInScopeAtPosition)
                  003ed2e2    0000002d                     : csmon.obj (.text:_CSMON_vInitRecorders)
                  003ed30f    0000002d                     : csmon.obj (.text:_CSMON_vSetupHoldingRegistersAndCoilsAddressTableAccessAll)
                  003ed33c    0000002d                     : hmserial.obj (.text:_HMSERIAL_Listen)
                  003ed369    0000002d                     : hmrecparam.obj (.text:_RecorderTimeFromLocalDateTime)
                  003ed396    0000002b                     : hmrecparam.obj (.text:_FillTimeData)
                  003ed3c1    0000002a     rts2800_ml.lib : fd_cmp28.asm.obj (.text)
                  003ed3eb    00000029                    : exit.c.obj (.text)
                  003ed414    00000029                    : fs_tol28.asm.obj (.text)
                  003ed43d    00000028     CSMON_C28xx.lib : csmon.obj (.text:_CSMON_bAutorizationPasswordCheck)
                  003ed465    00000028     main.obj (.text:_ScopesInitialization)
                  003ed48d    00000027     CSMON_C28xx.lib : hmserial.obj (.text:_HMSERIAL_vProcessSCITXISR)
                  003ed4b4    00000027                     : hmdrv.obj (.text:_sci_echoback_init)
                  003ed4db    00000026                     : hmdrv.obj (.text:_HMDRV_CopyFromBufferInternalWithMaskModbus)
                  003ed501    00000026                     : modbusreg.obj (.text:_MODBUSREG_vInitHoldingRegistersTableChangesExternalList)
                  003ed527    00000025                     : hmserial.obj (.text:_HMSERIAL_Tx)
                  003ed54c    00000025     rts2800_ml.lib : fs_toi28.asm.obj (.text)
                  003ed571    00000024     CSMON_C28xx.lib : csmon.obj (.text:_CSMON_vAutorizationReset)
                  003ed595    00000024                     : hmprotocol.obj (.text:_HMPROTOCOL_ReadMem)
                  003ed5b9    00000024                     : hmrecparam.obj (.text:_RecorderDateFromLocalDateTime)
                  003ed5dd    00000024     sci_driver.obj (.text:_SCIA_DRV_RXFIFOISR)
                  003ed601    00000024     sci_driver.obj (.text:_SCIA_DRV_TXFIFOISR)
                  003ed625    00000024     CSMON_C28xx.lib : sci_drv.obj (.text:_SCIA_RXFIFOISR)
                  003ed649    00000024                     : sci_drv.obj (.text:_SCIA_TXFIFOISR)
                  003ed66d    00000024     sci_driver.obj (.text:_SCIB_DRV_RXFIFOISR)
                  003ed691    00000024     sci_driver.obj (.text:_SCIB_DRV_TXFIFOISR)
                  003ed6b5    00000024     CSMON_C28xx.lib : sci_drv.obj (.text:_SCIB_RXFIFOISR)
                  003ed6d9    00000024                     : sci_drv.obj (.text:_SCIB_TXFIFOISR)
                  003ed6fd    00000024                     : tmr_drv.obj (.text:_TMR_vInit)
                  003ed721    00000024                     : hmmodbus.obj (.text:_vSetSampleCountAvailable)
                  003ed745    00000024     rts2800_ml.lib : cpy_tbl.c.obj (.text)
                  003ed769    00000023     CSMON_C28xx.lib : csmon.obj (.text:_CSMON_vRecorderParamSetupProcess)
                  003ed78c    00000023                     : hmlib.obj (.text:_HMLIB_vInit)
                  003ed7af    00000023                     : modbusreg.obj (.text:_MODBUSREG_FileRecorderElementSizeTableUsedSizeUpdateInit)
                  003ed7d2    00000023     rts2800_ml.lib : s_copysign.c.obj (.text)
                  003ed7f5    00000022                    : i_div28.asm.obj (.text)
                  003ed817    00000021     CSMON_C28xx.lib : csmon.obj (.text:_CSMON_eSetParameterListParameterID)
                  003ed838    00000021                     : hmdrv.obj (.text:_HMDRV_CopyFromBufferInternalWithMask)
                  003ed859    00000021     rts2800_ml.lib : fd_tofs28.asm.obj (.text)
                  003ed87a    00000021                    : fs_toul28.asm.obj (.text)
                  003ed89b    00000020     CSMON_C28xx.lib : hmdrv.obj (.text:_HMDRV_vProcess)
                  003ed8bb    00000020                     : tmr_drv.obj (.text:_TMR_vInitCPUTimers)
                  003ed8db    00000020                     : hmmodbus.obj (.text:_vSetSampleCountBuffer)
                  003ed8fb    0000001f                     : hmmodbus.obj (.text:_HMMODBUS_vInit)
                  003ed91a    0000001f     F2806x_PieCtrl.obj (.text:_InitPieCtrl)
                  003ed939    0000001f     CSMON_C28xx.lib : hmmodbus.obj (.text:_vSetSampleSize)
                  003ed958    0000001f     rts2800_ml.lib : fd_tol28.asm.obj (.text)
                  003ed977    0000001d     CSMON_C28xx.lib : csmon.obj (.text:_CSMON_eSetParameterListRealAddress)
                  003ed994    0000001d                     : hmmodbus.obj (.text:_HMMODBUS_Tx)
                  003ed9b1    0000001d                     : hmrecparam.obj (.text:_HMRECPRM_GetRecBuffFreemaster)
                  003ed9ce    0000001d                     : hmrec.obj (.text:_HMREC_GetRecBuffFreemaster)
                  003ed9eb    0000001d     rts2800_ml.lib : fs_tou28.asm.obj (.text)
                  003eda08    0000001d                    : memcpy.c.obj (.text)
                  003eda25    0000001c     main.obj (.text:_CSMON_vGetDateTime)
                  003eda41    0000001c     CSMON_C28xx.lib : csmon.obj (.text:_HMRECPRM_vGetDateTime)
                  003eda5d    0000001c                     : sci.obj (.text:_SCI_clearInterruptStatus)
                  003eda79    0000001c                     : hmmodbus.obj (.text:_vSetIndexFileTable)
                  003eda95    0000001c     rts2800_ml.lib : fs_tofd28.asm.obj (.text)
                  003edab1    0000001c                    : l_tofd28.asm.obj (.text)
                  003edacd    0000001b     device.obj (.text:_Device_initGPIO)
                  003edae8    0000001b     CSMON_C28xx.lib : hmdrv.obj (.text:_HMDRV_AddressToBuffer)
                  003edb03    0000001b     rts2800_ml.lib : fd_toul28.asm.obj (.text)
                  003edb1e    0000001a     CSMON_C28xx.lib : hmmodbus.obj (.text:_HMMODBUS_vProcessSCITXISR)
                  003edb38    0000001a                     : hmrecparam.obj (.text:_HMRECPRM_StartRec)
                  003edb52    0000001a                     : hmserial.obj (.text:_HMSERIAL_vProcessSCITXISRFreemasterOnly)
                  003edb6c    0000001a                     : sci.obj (.text:_SCI_disableInterrupt)
                  003edb86    0000001a                     : sci.obj (.text:_SCI_enableInterrupt)
                  003edba0    0000001a     rts2800_ml.lib : l_tofs28.asm.obj (.text)
                  003edbba    00000019     CSMON_C28xx.lib : csmon.obj (.text:_CSMON_eSetParameterCountInRecorder)
                  003edbd3    00000019                     : hmdrv.obj (.text:_HMDRV_AddressFromBuffer)
                  003edbec    00000019                     : uart_drv.obj (.text:_UART_vInit)
                  003edc05    00000019                     : hmmodbus.obj (.text:_bGetFileReadAccess)
                  003edc1e    00000019     rts2800_ml.lib : prolog28.asm.obj (.text)
                  003edc37    00000018     CSMON_C28xx.lib : csmon.obj (.text:_CSMON_u32GetFreeRunningTimerMicroseconds)
                  003edc4f    00000018                     : hmlib.obj (.text:_HMLIB_vProcessSCITXISRWithIndex)
                  003edc67    00000018     F2806x_SysCtrl.obj (.text:_InitSysCtrl)
                  003edc7f    00000018     rts2800_ml.lib : ll_aox28.asm.obj (.text)
                  003edc97    00000017     CSMON_C28xx.lib : csmon.obj (.text:_CSMON_vSaveRecorderConfig)
                  003edcae    00000017                     : hmmodbus.obj (.text:_HMMODBUS_vProcessTxDelay)
                  003edcc5    00000017                     : hmprotocol.obj (.text:_HMPROTOCOL_WriteMem)
                  003edcdc    00000017                     : hmprotocol.obj (.text:_HMPROTOCOL_WriteMemMask)
                  003edcf3    00000017                     : hmmodbus.obj (.text:_vSetBufferAddressStart)
                  003edd0a    00000017     rts2800_ml.lib : fs_cmp28.asm.obj (.text)
                  003edd21    00000017                    : u_tofd28.asm.obj (.text)
                  003edd38    00000016     CSMON_C28xx.lib : csmon.obj (.text:_CSMON_eSetParameterCountInScope)
                  003edd4e    00000016                     : hmdrv.obj (.text:_HMDRV_AddressFromBufferBigEndian)
                  003edd64    00000015                     : hmrecparam.obj (.text:_HMRECPRM_Comparefloat)
                  003edd79    00000015                     : hmrec.obj (.text:_HMREC_Comparefloat)
                  003edd8e    00000015                     : hmrec.obj (.text:_HMREC_StartRec)
                  003edda3    00000015     F2806x_Gpio.obj (.text:_InitGpio)
                  003eddb8    00000014     CSMON_C28xx.lib : hmlib.obj (.text:_HMLIB_vProcessFastTD)
                  003eddcc    00000014                     : hmmodbus.obj (.text:_HMMODBUS_DelayedTx)
                  003edde0    00000014                     : hmrecparam.obj (.text:_HMRECPRM_StopRecParam)
                  003eddf4    00000014                     : hmserial.obj (.text:_HMSERIAL_DelayedTx)
                  003ede08    00000013                     : csmon.obj (.text:_CSMON_eSetFlagProcessPassed)
                  003ede1b    00000013     rts2800_ml.lib : ul_tofs28.asm.obj (.text)
                  003ede2e    00000012     CSMON_C28xx.lib : csmon.obj (.text:_CSMON_vFileParameterCountCheckSumUpdate)
                  003ede40    00000012                     : hmdrv.obj (.text:_HMDRV_GetStringLengthFromWordInternal)
                  003ede52    00000012                     : hmmodbus.obj (.text:_HMMODBUS_vSetupRegisterDummy)
                  003ede64    00000012                     : hmrecparam.obj (.text:_HMRECPRM_CompareBOOL)
                  003ede76    00000012                     : modbusreg.obj (.text:_MODBUSREG_FileShortNameElementSizeandAddressUpdateInit)
                  003ede88    00000012                     : modbusreg.obj (.text:_MODBUSREG_vFileDenyAccess)
                  003ede9a    00000012                     : uart_drv.obj (.text:_UART_TxIntDis)
                  003edeac    00000012                     : uart_drv.obj (.text:_UART_TxIntEna)
                  003edebe    00000011     main.obj (.text:_CSMON_vSetDateTime)
                  003edecf    00000011     CSMON_C28xx.lib : hmserial.obj (.text:_HMSERIAL_vInit)
                  003edee0    00000011     F2806x_PieVect.obj (.text:_InitPieVectTable)
                  003edef1    00000011     main.obj (.text:_vSetWatchdogPrescalerTimeDiv)
                  003edf02    00000011     rts2800_ml.lib : args_main.c.obj (.text)
                  003edf13    00000010     CSMON_C28xx.lib : csmon.obj (.text:_CSMON_eSetParameterListRegisterFlags)
                  003edf23    00000010     device.obj (.text:_Example_MemCopy)
                  003edf33    00000010     F2806x_SysCtrl.obj (.text:_IntOsc1Sel)
                  003edf43    00000010     CSMON_C28xx.lib : hmmodbus.obj (.text:_bIsValidEndAddressInBuffer)
                  003edf53    00000010                     : hmmodbus.obj (.text:_u32BytesMemoryToBytesModbus)
                  003edf63    00000010                     : hmmodbus.obj (.text:_u32BytesModbusToBytesMemory)
                  003edf73    00000010     main.obj (.text:_vGetWatchdogPrescaler)
                  003edf83    00000010     rts2800_ml.lib : u_tofs28.asm.obj (.text)
                  003edf93    0000000f     CSMON_C28xx.lib : hmmodbus.obj (.text:_HMMODBUS_CalcCRC)
                  003edfa2    0000000f                     : uart_drv.obj (.text:_UART_IsTxEmpty)
                  003edfb1    0000000e                     : hmdrv.obj (.text:_HMDRV_GetStringLengthInternal)
                  003edfbf    0000000e                     : hmrecparam.obj (.text:_HMRECPRM_Compare16S)
                  003edfcd    0000000e                     : hmrecparam.obj (.text:_HMRECPRM_Compare16U)
                  003edfdb    0000000e                     : hmrecparam.obj (.text:_HMRECPRM_Compare32S)
                  003edfe9    0000000e                     : hmrecparam.obj (.text:_HMRECPRM_Compare32U)
                  003edff7    0000000e                     : hmrecparam.obj (.text:_HMRECPRM_Compare8S)
                  003ee005    0000000e                     : hmrecparam.obj (.text:_HMRECPRM_Compare8U)
                  003ee013    0000000e                     : hmrec.obj (.text:_HMREC_Compare16S)
                  003ee021    0000000e                     : hmrec.obj (.text:_HMREC_Compare16U)
                  003ee02f    0000000e                     : hmrec.obj (.text:_HMREC_Compare32S)
                  003ee03d    0000000e                     : hmrec.obj (.text:_HMREC_Compare32U)
                  003ee04b    0000000e                     : hmrec.obj (.text:_HMREC_Compare8S)
                  003ee059    0000000e                     : hmrec.obj (.text:_HMREC_Compare8U)
                  003ee067    0000000e                     : hmmodbus.obj (.text:_u32FitAddressCircleBufferInside)
                  003ee075    0000000e     rts2800_ml.lib : fd_sub28.asm.obj (.text)
                  003ee083    0000000d     CSMON_C28xx.lib : csmon.obj (.text:_CSMON_eResetParameterTable)
                  003ee090    0000000d                     : csmon.obj (.text:_CSMON_vInitHoldingRegistersTableChanges)
                  003ee09d    0000000d                     : hmrecparam.obj (.text:_HMRECPRM_IsJustStopped)
                  003ee0aa    0000000d                     : hmrecparam.obj (.text:_HMRECPRM_StopRec)
                  003ee0b7    0000000d                     : hmrec.obj (.text:_HMREC_StopRec)
                  003ee0c4    0000000d                     : modbusreg.obj (.text:_MODBUSREG_vFileAllowAccess)
                  003ee0d1    0000000d                     : tmr_drv.obj (.text:_TIMER_vSetupTimerMainFunctionDelayCompare)
                  003ee0de    0000000d                     : uart_drv.obj (.text:_UART_ReadDataRxAvailable)
                  003ee0eb    0000000c                     : hmlib.obj (.text:_HMLIB_vProcess)
                  003ee0f7    0000000c                     : hmrecparam.obj (.text:_HMRECPRM_GetBufferRecParamPtrAddress)
                  003ee103    0000000c                     : hmrecparam.obj (.text:_HMRECPRM_TriggerRec)
                  003ee10f    0000000c                     : hmmodbus.obj (.text:_u32FixAddressCircleBufferOverflow)
                  003ee11b    0000000c     rts2800_ml.lib : epilog28.asm.obj (.text)
                  003ee127    0000000b     CSMON_C28xx.lib : hmmodbus.obj (.text:_HMMODBUS_vProcessFastTD)
                  003ee132    0000000b                     : hmrecparam.obj (.text:_HMRECPRM_IsRunning)
                  003ee13d    0000000b                     : hmserial.obj (.text:_HMSERIAL_vProcessFastTD)
                  003ee148    0000000b                     : modbusreg.obj (.text:_MODBUSREG_vDataZero)
                  003ee153    0000000b     sci_driver.obj (.text:_SCI_DRV_eGetModuleIndexFromBase)
                  003ee15e    0000000b     CSMON_C28xx.lib : sci_drv.obj (.text:_SCI_eGetModuleIndexFromBase)
                  003ee169    0000000b                     : hmmodbus.obj (.text:_bIsValidIndexFileTable)
                  003ee174    0000000b     rts2800_ml.lib : u_div28.asm.obj (.text)
                  003ee17f    0000000a     CSMON_C28xx.lib : hmrecparam.obj (.text:_HMRECPRM_ClrLastStopDetectionToRecorderStopSamplesCounter)
                  003ee189    0000000a                     : hmrecparam.obj (.text:_HMRECPRM_GetRecStatus)
                  003ee193    0000000a                     : hmrec.obj (.text:_HMREC_GetRecStatus)
                  003ee19d    0000000a                     : hmdrv.obj (.text:_sci_fifo_init)
                  003ee1a7    00000009                     : csmon.obj (.text:_CSMON_eSetParameterListRegisterSize)
                  003ee1b0    00000009                     : csmon.obj (.text:_CSMON_eSetParameterListShortNaming)
                  003ee1b9    00000009                     : csmon.obj (.text:_CSMON_eSetServerOnStatus)
                  003ee1c2    00000009                     : hmlib.obj (.text:_HMLIB_vInitRecParamBuff)
                  003ee1cb    00000009                     : hmmodbus.obj (.text:_HMMODBUS_vProcessFreeTimer)
                  003ee1d4    00000009                     : hmmodbus.obj (.text:_HMMODBUS_vProcessRxDelay)
                  003ee1dd    00000009                     : hmrecparam.obj (.text:_HMRECPRM_GetExternBufferRecParamLastPointedAddress)
                  003ee1e6    00000009                     : hmrecparam.obj (.text:_HMRECPRM_GetExternBufferRecParamPtrAddress)
                  003ee1ef    00000009                     : hmrec.obj (.text:_HMREC_TriggerRec)
                  003ee1f8    00000009                     : hmscopeparam.obj (.text:_HMSCOPEPRM_GetBufferScopeParamAddress)
                  003ee201    00000009                     : hmserial.obj (.text:_HMSERIAL_vProcessFreeTimer)
                  003ee20a    00000009                     : tmr_drv.obj (.text:_TIMER_vResetTimerMainFunctionDelayCounter)
                  003ee213    00000009                     : tmr_drv.obj (.text:_TIMER_vSetupTimerMainDelayedFunctionSendData)
                  003ee21c    00000009                     : uart_drv.obj (.text:_UART_PutChar)
                  003ee225    00000009                     : uart_drv.obj (.text:_UART_ReadDataRxTimeDiff)
                  003ee22e    00000009     rts2800_ml.lib : _lock.c.obj (.text)
                  003ee237    00000009                    : fd_neg28.asm.obj (.text)
                  003ee240    00000008     Example_Flash2806x_CsmKeys.obj (.text)
                  003ee248    00000008     F2806x_CodeStartBranch.obj (.text)
                  003ee250    00000008     F2806x_SysCtrl.obj (.text:_DisableDog)
                  003ee258    00000008     CSMON_C28xx.lib : hmdrv.obj (.text:_HMDRV_CopyFromBufferWithMaskModbus)
                  003ee260    00000008                     : hmmodbus.obj (.text:_HMMODBUS_vSetupHoldingRegistersProcessFuncTable)
                  003ee268    00000008                     : hmmodbus.obj (.text:_HMMODBUS_vSetupHoldingRegistersRealAddressTable)
                  003ee270    00000008                     : hmmodbus.obj (.text:_HMMODBUS_vSetupHoldingRegistersRegisterFlagsTable)
                  003ee278    00000008                     : hmmodbus.obj (.text:_HMMODBUS_vSetupHoldingRegistersRegisterSizeTable)
                  003ee280    00000008                     : hmmodbus.obj (.text:_HMMODBUS_vSetupHoldingRegistersVirtAddressTable)
                  003ee288    00000008                     : hmrecparam.obj (.text:_HMRECPRM_GetExternRecParamAddress)
                  003ee290    00000008                     : hmrecparam.obj (.text:_HMRECPRM_GetExternRecParamPtrMaximumUsedSampleCount)
                  003ee298    00000008                     : hmrecparam.obj (.text:_HMRECPRM_GetExternRecParamPtrSampleSize)
                  003ee2a0    00000008                     : hmrecparam.obj (.text:_HMRECPRM_GetRecParamPtrAvailableSampleCount)
                  003ee2a8    00000008                     : hmrecparam.obj (.text:_HMRECPRM_GetRecParamPtrLastSampleIndex)
                  003ee2b0    00000008                     : hmrecparam.obj (.text:_HMRECPRM_GetRecParamPtrMaximumUsedSampleCount)
                  003ee2b8    00000008                     : hmrecparam.obj (.text:_HMRECPRM_GetRecParamPtrSampleSize)
                  003ee2c0    00000008                     : hmrecparam.obj (.text:_HMRECPRM_GetStatusRecParamAddress)
                  003ee2c8    00000008                     : hmrecparam.obj (.text:_HMRECPRM_vInit)
                  003ee2d0    00000008                     : hmrec.obj (.text:_HMREC_vInit)
                  003ee2d8    00000007     F2806x_DisInt.obj (.text)
                  003ee2df    00000007     CSMON_C28xx.lib : csmon.obj (.text:_CSMON_eSetParameterListAccessLevel)
                  003ee2e6    00000007                     : csmon.obj (.text:_CSMON_eSetParameterListBitsCount)
                  003ee2ed    00000007                     : csmon.obj (.text:_CSMON_eSetParameterListDataDefault)
                  003ee2f4    00000007                     : csmon.obj (.text:_CSMON_eSetParameterListDataMaximum)
                  003ee2fb    00000007                     : csmon.obj (.text:_CSMON_eSetParameterListDataMinimum)
                  003ee302    00000007                     : csmon.obj (.text:_CSMON_eSetParameterListDataType)
                  003ee309    00000007                     : csmon.obj (.text:_CSMON_eSetParameterListFunctionCode)
                  003ee310    00000007                     : csmon.obj (.text:_CSMON_eSetParameterListValueFormat)
                  003ee317    00000007                     : hmlib.obj (.text:_HMLIB_vProcessDifferentPorts)
                  003ee31e    00000007                     : hmlib.obj (.text:_HMLIB_vProcessRecorders)
                  003ee325    00000007                     : hmrecparam.obj (.text:_HMRECPRM_vResetAllStopDetections)
                  003ee32c    00000007                     : hmscopeparam.obj (.text:_HMSCOPEPRM_GetStatusScopeParamAddress)
                  003ee333    00000007                     : modbusreg.obj (.text:_MODBUSREG_vInitHoldingRegistersTableChanges)
                  003ee33a    00000007     sci_driver.obj (.text:_SCI_DRV_u32GetBaseFromModuleIndex)
                  003ee341    00000007     CSMON_C28xx.lib : sci_drv.obj (.text:_SCI_u32GetBaseFromModuleIndex)
                  003ee348    00000006                     : cputimer.obj (.text:_CPUTimer_setEmulationMode)
                  003ee34e    00000006                     : hmrecparam.obj (.text:_HMRECPRM_SetUpRecBuff)
                  003ee354    00000006                     : hmrec.obj (.text:_HMREC_SetUpRecBuff)
                  003ee35a    00000006                     : tmr_drv.obj (.text:_TIMER_u16ResetTimerMainPeriod)
                  003ee360    00000006     uart_driver.obj (.text:_UART_DRV_GetChar)
                  003ee366    00000006     CSMON_C28xx.lib : uart_drv.obj (.text:_UART_GetChar)
                  003ee36c    00000005     F2806x_DefaultIsr.obj (.text:_ADCINT1_ISR)
                  003ee371    00000005     F2806x_DefaultIsr.obj (.text:_ADCINT2_ISR)
                  003ee376    00000005     F2806x_DefaultIsr.obj (.text:_ADCINT3_ISR)
                  003ee37b    00000005     F2806x_DefaultIsr.obj (.text:_ADCINT4_ISR)
                  003ee380    00000005     F2806x_DefaultIsr.obj (.text:_ADCINT5_ISR)
                  003ee385    00000005     F2806x_DefaultIsr.obj (.text:_ADCINT6_ISR)
                  003ee38a    00000005     F2806x_DefaultIsr.obj (.text:_ADCINT7_ISR)
                  003ee38f    00000005     F2806x_DefaultIsr.obj (.text:_ADCINT8_ISR)
                  003ee394    00000005     F2806x_DefaultIsr.obj (.text:_ADCINT9_ISR)
                  003ee399    00000005     F2806x_DefaultIsr.obj (.text:_CLA1_INT1_ISR)
                  003ee39e    00000005     F2806x_DefaultIsr.obj (.text:_CLA1_INT2_ISR)
                  003ee3a3    00000005     F2806x_DefaultIsr.obj (.text:_CLA1_INT3_ISR)
                  003ee3a8    00000005     F2806x_DefaultIsr.obj (.text:_CLA1_INT4_ISR)
                  003ee3ad    00000005     F2806x_DefaultIsr.obj (.text:_CLA1_INT5_ISR)
                  003ee3b2    00000005     F2806x_DefaultIsr.obj (.text:_CLA1_INT6_ISR)
                  003ee3b7    00000005     F2806x_DefaultIsr.obj (.text:_CLA1_INT7_ISR)
                  003ee3bc    00000005     F2806x_DefaultIsr.obj (.text:_CLA1_INT8_ISR)
                  003ee3c1    00000005     CSMON_C28xx.lib : csmon.obj (.text:_CSMON_eSetAutoServiceWatchdogInternalSlowCalculationsInMainLoop)
                  003ee3c6    00000005                     : csmon.obj (.text:_CSMON_eSetFirmwareApplicationVersion)
                  003ee3cb    00000005                     : csmon.obj (.text:_CSMON_eSetMaxTimeInISR)
                  003ee3d0    00000005                     : csmon.obj (.text:_CSMON_eSetMinGuaranteedTimeBetweenTwoISRs)
                  003ee3d5    00000005                     : csmon.obj (.text:_CSMON_u16ParametersAccessListIndexGenerate)
                  003ee3da    00000005                     : csmon.obj (.text:_CSMON_u32GetFreeRunningTimerTicks)
                  003ee3df    00000005                     : csmon.obj (.text:_CSMON_u32GetParameterAuxCheckSum)
                  003ee3e4    00000005                     : csmon.obj (.text:_CSMON_u32GetParameterCheckSum)
                  003ee3e9    00000005                     : csmon.obj (.text:_CSMON_u32GetParameterListCheckSum)
                  003ee3ee    00000005                     : csmon.obj (.text:_CSMON_u32GetParameterNumbCheckSum)
                  003ee3f3    00000005                     : csmon.obj (.text:_CSMON_u32GetParameterShortNameCheckSum)
                  003ee3f8    00000005                     : csmon.obj (.text:_CSMON_u32GetParameterStringCheckSum)
                  003ee3fd    00000005                     : csmon.obj (.text:_CSMON_vSetDateTimeRequest)
                  003ee402    00000005     F2806x_DefaultIsr.obj (.text:_DATALOG_ISR)
                  003ee407    00000005     F2806x_DefaultIsr.obj (.text:_DINTCH1_ISR)
                  003ee40c    00000005     F2806x_DefaultIsr.obj (.text:_DINTCH2_ISR)
                  003ee411    00000005     F2806x_DefaultIsr.obj (.text:_DINTCH3_ISR)
                  003ee416    00000005     F2806x_DefaultIsr.obj (.text:_DINTCH4_ISR)
                  003ee41b    00000005     F2806x_DefaultIsr.obj (.text:_DINTCH5_ISR)
                  003ee420    00000005     F2806x_DefaultIsr.obj (.text:_DINTCH6_ISR)
                  003ee425    00000005     F2806x_DefaultIsr.obj (.text:_ECAN0INTA_ISR)
                  003ee42a    00000005     F2806x_DefaultIsr.obj (.text:_ECAN1INTA_ISR)
                  003ee42f    00000005     F2806x_DefaultIsr.obj (.text:_ECAP1_INT_ISR)
                  003ee434    00000005     F2806x_DefaultIsr.obj (.text:_ECAP2_INT_ISR)
                  003ee439    00000005     F2806x_DefaultIsr.obj (.text:_ECAP3_INT_ISR)
                  003ee43e    00000005     F2806x_DefaultIsr.obj (.text:_EMPTY_ISR)
                  003ee443    00000005     F2806x_DefaultIsr.obj (.text:_EMUINT_ISR)
                  003ee448    00000005     F2806x_DefaultIsr.obj (.text:_EPWM1_INT_ISR)
                  003ee44d    00000005     F2806x_DefaultIsr.obj (.text:_EPWM1_TZINT_ISR)
                  003ee452    00000005     F2806x_DefaultIsr.obj (.text:_EPWM2_INT_ISR)
                  003ee457    00000005     F2806x_DefaultIsr.obj (.text:_EPWM2_TZINT_ISR)
                  003ee45c    00000005     F2806x_DefaultIsr.obj (.text:_EPWM3_INT_ISR)
                  003ee461    00000005     F2806x_DefaultIsr.obj (.text:_EPWM3_TZINT_ISR)
                  003ee466    00000005     F2806x_DefaultIsr.obj (.text:_EPWM4_INT_ISR)
                  003ee46b    00000005     F2806x_DefaultIsr.obj (.text:_EPWM4_TZINT_ISR)
                  003ee470    00000005     F2806x_DefaultIsr.obj (.text:_EPWM5_INT_ISR)
                  003ee475    00000005     F2806x_DefaultIsr.obj (.text:_EPWM5_TZINT_ISR)
                  003ee47a    00000005     F2806x_DefaultIsr.obj (.text:_EPWM6_INT_ISR)
                  003ee47f    00000005     F2806x_DefaultIsr.obj (.text:_EPWM6_TZINT_ISR)
                  003ee484    00000005     F2806x_DefaultIsr.obj (.text:_EPWM7_INT_ISR)
                  003ee489    00000005     F2806x_DefaultIsr.obj (.text:_EPWM7_TZINT_ISR)
                  003ee48e    00000005     F2806x_DefaultIsr.obj (.text:_EPWM8_INT_ISR)
                  003ee493    00000005     F2806x_DefaultIsr.obj (.text:_EPWM8_TZINT_ISR)
                  003ee498    00000005     F2806x_DefaultIsr.obj (.text:_EQEP1_INT_ISR)
                  003ee49d    00000005     F2806x_DefaultIsr.obj (.text:_EQEP2_INT_ISR)
                  003ee4a2    00000005     CSMON_C28xx.lib : hmlib.obj (.text:_HMLIB_vProcessSamePort)
                  003ee4a7    00000005                     : hmlib.obj (.text:_HMLIB_vRecorder0)
                  003ee4ac    00000005                     : hmmodbus.obj (.text:_HMMODBUS_bGetReceivedMessage)
                  003ee4b1    00000005                     : hmmodbus.obj (.text:_HMMODBUS_vFileTable)
                  003ee4b6    00000005                     : hmrecparam.obj (.text:_HMRECPRM_vDisableAllStopDetections)
                  003ee4bb    00000005     F2806x_DefaultIsr.obj (.text:_HRCAP1_INT_ISR)
                  003ee4c0    00000005     F2806x_DefaultIsr.obj (.text:_HRCAP2_INT_ISR)
                  003ee4c5    00000005     F2806x_DefaultIsr.obj (.text:_HRCAP3_INT_ISR)
                  003ee4ca    00000005     F2806x_DefaultIsr.obj (.text:_HRCAP4_INT_ISR)
                  003ee4cf    00000005     F2806x_DefaultIsr.obj (.text:_I2CINT1A_ISR)
                  003ee4d4    00000005     F2806x_DefaultIsr.obj (.text:_I2CINT2A_ISR)
                  003ee4d9    00000005     F2806x_DefaultIsr.obj (.text:_ILLEGAL_ISR)
                  003ee4de    00000005     F2806x_DefaultIsr.obj (.text:_INT13_ISR)
                  003ee4e3    00000005     F2806x_DefaultIsr.obj (.text:_INT14_ISR)
                  003ee4e8    00000005     interrupt.obj (.text:_IntDefaultHandler)
                  003ee4ed    00000005     F2806x_DefaultIsr.obj (.text:_LUF_ISR)
                  003ee4f2    00000005     F2806x_DefaultIsr.obj (.text:_LVF_ISR)
                  003ee4f7    00000005     CSMON_C28xx.lib : modbusreg.obj (.text:_MODBUSREG_vSetTableNameAddress)
                  003ee4fc    00000005                     : modbusreg.obj (.text:_MODBUSREG_vSetTableRealAddressInRam)
                  003ee501    00000005                     : modbusreg.obj (.text:_MODBUSREG_vSetTableRegisterFlags)
                  003ee506    00000005                     : modbusreg.obj (.text:_MODBUSREG_vSetTableRegisterSize)
                  003ee50b    00000005                     : modbusreg.obj (.text:_MODBUSREG_vSetTableVirtAddress)
                  003ee510    00000005     F2806x_DefaultIsr.obj (.text:_MRINTA_ISR)
                  003ee515    00000005     F2806x_DefaultIsr.obj (.text:_MXINTA_ISR)
                  003ee51a    00000005     F2806x_DefaultIsr.obj (.text:_NMI_ISR)
                  003ee51f    00000005     F2806x_DefaultIsr.obj (.text:_PIE_RESERVED)
                  003ee524    00000005     F2806x_DefaultIsr.obj (.text:_RTOSINT_ISR)
                  003ee529    00000005     F2806x_DefaultIsr.obj (.text:_SCIRXINTA_ISR)
                  003ee52e    00000005     F2806x_DefaultIsr.obj (.text:_SCIRXINTB_ISR)
                  003ee533    00000005     F2806x_DefaultIsr.obj (.text:_SCITXINTA_ISR)
                  003ee538    00000005     F2806x_DefaultIsr.obj (.text:_SCITXINTB_ISR)
                  003ee53d    00000005     F2806x_DefaultIsr.obj (.text:_SPIRXINTA_ISR)
                  003ee542    00000005     F2806x_DefaultIsr.obj (.text:_SPIRXINTB_ISR)
                  003ee547    00000005     F2806x_DefaultIsr.obj (.text:_SPITXINTA_ISR)
                  003ee54c    00000005     F2806x_DefaultIsr.obj (.text:_SPITXINTB_ISR)
                  003ee551    00000005     CSMON_C28xx.lib : tmr_drv.obj (.text:_TIMER_vSetupTimerMainDelayedData)
                  003ee556    00000005     F2806x_DefaultIsr.obj (.text:_TINT0_ISR)
                  003ee55b    00000005     F2806x_DefaultIsr.obj (.text:_USB0_INT_ISR)
                  003ee560    00000005     F2806x_DefaultIsr.obj (.text:_USER10_ISR)
                  003ee565    00000005     F2806x_DefaultIsr.obj (.text:_USER11_ISR)
                  003ee56a    00000005     F2806x_DefaultIsr.obj (.text:_USER12_ISR)
                  003ee56f    00000005     F2806x_DefaultIsr.obj (.text:_USER1_ISR)
                  003ee574    00000005     F2806x_DefaultIsr.obj (.text:_USER2_ISR)
                  003ee579    00000005     F2806x_DefaultIsr.obj (.text:_USER3_ISR)
                  003ee57e    00000005     F2806x_DefaultIsr.obj (.text:_USER4_ISR)
                  003ee583    00000005     F2806x_DefaultIsr.obj (.text:_USER5_ISR)
                  003ee588    00000005     F2806x_DefaultIsr.obj (.text:_USER6_ISR)
                  003ee58d    00000005     F2806x_DefaultIsr.obj (.text:_USER7_ISR)
                  003ee592    00000005     F2806x_DefaultIsr.obj (.text:_USER8_ISR)
                  003ee597    00000005     F2806x_DefaultIsr.obj (.text:_USER9_ISR)
                  003ee59c    00000005     F2806x_DefaultIsr.obj (.text:_WAKEINT_ISR)
                  003ee5a1    00000005     F2806x_DefaultIsr.obj (.text:_XINT1_ISR)
                  003ee5a6    00000005     F2806x_DefaultIsr.obj (.text:_XINT2_ISR)
                  003ee5ab    00000005     F2806x_DefaultIsr.obj (.text:_XINT3_ISR)
                  003ee5b0    00000005     F2806x_DefaultIsr.obj (.text:_rsvd_ISR)
                  003ee5b5    00000005     rts2800_ml.lib : fs_neg28.asm.obj (.text)
                  003ee5ba    00000004     CSMON_C28xx.lib : csmon.obj (.text:_CSMON_eApplyParameterChanges)
                  003ee5be    00000004                     : csmon.obj (.text:_CSMON_eRegisterWriteParElementCallbackFunction)
                  003ee5c2    00000004                     : csmon.obj (.text:_CSMON_eSetInternalTimerPeriod)
                  003ee5c6    00000004                     : csmon.obj (.text:_CSMON_eSetTimerPeriodISRFunctionRegister)
                  003ee5ca    00000004                     : csmon.obj (.text:_CSMON_u32GetBaudError_PPM)
                  003ee5ce    00000004                     : csmon.obj (.text:_CSMON_vAddSetupRecorderParameterMask)
                  003ee5d2    00000004                     : csmon.obj (.text:_CSMON_vInitScopes)
                  003ee5d6    00000004                     : csmon.obj (.text:_CSMON_vSetStartRecorderParameterMask)
                  003ee5da    00000004                     : hmdrv.obj (.text:_HMDRV_SetExAddr)
                  003ee5de    00000004                     : hmdrv.obj (.text:_HMDRV_u32GetDeviceSYSCLKFreq)
                  003ee5e2    00000004                     : hmdrv.obj (.text:_HMDRV_u32GetSCIErrorPPM)
                  003ee5e6    00000004                     : hmlib.obj (.text:_HMLIB_vRecorderParam0)
                  003ee5ea    00000004                     : hmmodbus.obj (.text:_HMMODBUS_u32GetAddressMessageCounterThisDevice)
                  003ee5ee    00000004                     : hmmodbus.obj (.text:_HMMODBUS_vSetAddressMessageCounterThisDevice)
                  003ee5f2    00000004                     : hmmodbus.obj (.text:_HMMODBUS_vSetDeviceIDMajorMinorRevision)
                  003ee5f6    00000004                     : hmmodbus.obj (.text:_HMMODBUS_vSetDeviceIDMajorMinorRevisionLength)
                  003ee5fa    00000004                     : hmmodbus.obj (.text:_HMMODBUS_vSetDeviceIDModelName)
                  003ee5fe    00000004                     : hmmodbus.obj (.text:_HMMODBUS_vSetDeviceIDModelNameLength)
                  003ee602    00000004                     : hmmodbus.obj (.text:_HMMODBUS_vSetDeviceIDProductCode)
                  003ee606    00000004                     : hmmodbus.obj (.text:_HMMODBUS_vSetDeviceIDProductCodeLength)
                  003ee60a    00000004                     : hmmodbus.obj (.text:_HMMODBUS_vSetDeviceIDProductName)
                  003ee60e    00000004                     : hmmodbus.obj (.text:_HMMODBUS_vSetDeviceIDProductNameLength)
                  003ee612    00000004                     : hmmodbus.obj (.text:_HMMODBUS_vSetDeviceIDUserApplicationName)
                  003ee616    00000004                     : hmmodbus.obj (.text:_HMMODBUS_vSetDeviceIDUserApplicationNameLength)
                  003ee61a    00000004                     : hmmodbus.obj (.text:_HMMODBUS_vSetDeviceIDUserReserve0)
                  003ee61e    00000004                     : hmmodbus.obj (.text:_HMMODBUS_vSetDeviceIDUserReserve0Length)
                  003ee622    00000004                     : hmmodbus.obj (.text:_HMMODBUS_vSetDeviceIDUserReserve1)
                  003ee626    00000004                     : hmmodbus.obj (.text:_HMMODBUS_vSetDeviceIDUserReserve1Length)
                  003ee62a    00000004                     : hmmodbus.obj (.text:_HMMODBUS_vSetDeviceIDUserReserve2)
                  003ee62e    00000004                     : hmmodbus.obj (.text:_HMMODBUS_vSetDeviceIDUserReserve2Length)
                  003ee632    00000004                     : hmmodbus.obj (.text:_HMMODBUS_vSetDeviceIDVendorName)
                  003ee636    00000004                     : hmmodbus.obj (.text:_HMMODBUS_vSetDeviceIDVendorNameLength)
                  003ee63a    00000004                     : hmmodbus.obj (.text:_HMMODBUS_vSetDeviceIDVendorUrl)
                  003ee63e    00000004                     : hmmodbus.obj (.text:_HMMODBUS_vSetDeviceIDVendorUrlLength)
                  003ee642    00000004                     : hmmodbus.obj (.text:_HMMODBUS_vSetServerIDDataAddress)
                  003ee646    00000004                     : hmmodbus.obj (.text:_HMMODBUS_vSetServerIDLength)
                  003ee64a    00000004                     : hmmodbus.obj (.text:_HMMODBUS_vSetServerIDNumber)
                  003ee64e    00000004                     : hmmodbus.obj (.text:_HMMODBUS_vSetServerOnStatus)
                  003ee652    00000004                     : hmmodbus.obj (.text:_HMMODBUS_vSetupHoldingRegistersAccessTableInRam)
                  003ee656    00000004                     : hmmodbus.obj (.text:_HMMODBUS_vSetupWriteParElementCallbackFunction)
                  003ee65a    00000004     interrupt.obj (.text:_IntMasterDisable)
                  003ee65e    00000004     interrupt.obj (.text:_IntMasterEnable)
                  003ee662    00000004     CSMON_C28xx.lib : modbusreg.obj (.text:_MODBUSREG_u16GetHoldRegFillCount)
                  003ee666    00000004                     : modbusreg.obj (.text:_MODBUSREG_u16GetTableRegisterFlagsElementOffset)
                  003ee66a    00000004                     : modbusreg.obj (.text:_MODBUSREG_u16GetTableRegisterSizeElementOffset)
                  003ee66e    00000004                     : modbusreg.obj (.text:_MODBUSREG_u16GetTableVirtAddressElementOffset)
                  003ee672    00000004                     : modbusreg.obj (.text:_MODBUSREG_u32GetRegisterAccessTableInRam)
                  003ee676    00000004                     : modbusreg.obj (.text:_MODBUSREG_u32GetTableRegisterFlags)
                  003ee67a    00000004                     : modbusreg.obj (.text:_MODBUSREG_u32GetTableRegisterSize)
                  003ee67e    00000004                     : modbusreg.obj (.text:_MODBUSREG_u32GetTableVirtAddress)
                  003ee682    00000004                     : modbusreg.obj (.text:_MODBUSREG_vSetFileAutorization_FunctionAfterWriteFileRecordTable)
                  003ee686    00000004                     : modbusreg.obj (.text:_MODBUSREG_vSetFileParamCount_FunctionBeforeReadFileRecord)
                  003ee68a    00000004                     : modbusreg.obj (.text:_MODBUSREG_vSetFileRTC_FunctionAfterReadFileRecord)
                  003ee68e    00000004                     : modbusreg.obj (.text:_MODBUSREG_vSetFileRTC_FunctionAfterWriteFileRecord)
                  003ee692    00000004                     : modbusreg.obj (.text:_MODBUSREG_vSetFileRecConfig_FunctionAfterWriteFileRecord)
                  003ee696    00000004                     : modbusreg.obj (.text:_MODBUSREG_vSetFileRecStatus_FunctionIndexGenerationFileRecord)
                  003ee69a    00000004                     : modbusreg.obj (.text:_MODBUSREG_vSetHoldRegFillCount)
                  003ee69e    00000004                     : modbusreg.obj (.text:_MODBUSREG_vSetParamCount)
                  003ee6a2    00000004                     : modbusreg.obj (.text:_MODBUSREG_vSetParamListAddress)
                  003ee6a6    00000004                     : modbusreg.obj (.text:_MODBUSREG_vSetParamNumbAddress)
                  003ee6aa    00000004                     : modbusreg.obj (.text:_MODBUSREG_vSetParamRecorderConfigAddress)
                  003ee6ae    00000004                     : modbusreg.obj (.text:_MODBUSREG_vSetParamScopeConfigAddress)
                  003ee6b2    00000004                     : tmr_drv.obj (.text:_TIMER_vGetTimerMainRollingCounter)
                  003ee6b6    00000004                     : tmr_drv.obj (.text:_TIMER_vSetupTimerMainCSMONFunction)
                  003ee6ba    00000004                     : tmr_drv.obj (.text:_TMR_u16GetFreeRunTimerPrescaller)
                  003ee6be    00000004                     : hmmodbus.obj (.text:_bGetElementsDifference)
                  003ee6c2    00000004                     : hmmodbus.obj (.text:_u16GetIndexFileTable)
                  003ee6c6    00000004                     : hmmodbus.obj (.text:_u32GetBufferAddressStart)
                  003ee6ca    00000004                     : hmmodbus.obj (.text:_u32GetBufferSize)
                  003ee6ce    00000004                     : hmmodbus.obj (.text:_u32GetSampleCountAvailable)
                  003ee6d2    00000004                     : hmmodbus.obj (.text:_u32GetSampleCountBuffer)
                  003ee6d6    00000004                     : hmmodbus.obj (.text:_u32GetStartSampleIndex)
                  003ee6da    00000004                     : hmmodbus.obj (.text:_u8GetSampleSize)
                  003ee6de    00000004                     : hmmodbus.obj (.text:_vSetBufferAddressStartFromFunction)
                  003ee6e2    00000004                     : hmmodbus.obj (.text:_vSetBufferSize)
                  003ee6e6    00000003     F2806x_DBGIER.obj (.text)
                  003ee6e9    00000003     CSMON_C28xx.lib : csmon.obj (.text:_CSMON_eSetParameter)
                  003ee6ec    00000003                     : csmon.obj (.text:_CSMON_u32GetModbusMessageCounterRegisterRealAddress)
                  003ee6ef    00000003                     : csmon.obj (.text:_CSMON_vSetModbusMessageCounterRegisterRealAddress)
                  003ee6f2    00000003                     : hmlib.obj (.text:_HMLIB_vRecorderParamTimeSync)
                  003ee6f5    00000003                     : hmrecparam.obj (.text:_HMRECPRM_GetTimeBase)
                  003ee6f8    00000003                     : modbusreg.obj (.text:_MODBUSREG_u32GetAddressMessageCounterThisDevice)
                  003ee6fb    00000003                     : modbusreg.obj (.text:_MODBUSREG_vSetAddressMessageCounterThisDevice)
                  003ee6fe    00000003                     : uart_drv.obj (.text:_UART_TXInterrupt)
                  003ee701    00000002                     : hmrecparam.obj (.text:_HMRECPRM_AbortRec)
                  003ee703    00000002                     : hmrecparam.obj (.text:_HMRECPRM_GetRecBuffSize)
                  003ee705    00000002                     : hmrec.obj (.text:_HMREC_AbortRec)
                  003ee707    00000002                     : hmrec.obj (.text:_HMREC_GetRecBuffSize)
                  003ee709    00000002     main.obj (.text:_eWriteParElement)
                  003ee70b    00000002     rts2800_ml.lib : pre_init.c.obj (.text)
                  003ee70d    00000001     CSMON_C28xx.lib : hmprotocol.obj (.text:_HMPROTOCOL_vInit)
                  003ee70e    00000001     uart_driver.obj (.text:_UART_DRV_TXInterrupt)
                  003ee70f    00000001     CSMON_C28xx.lib : uart_drv.obj (.text:_UART_TxDis)
                  003ee710    00000001                     : uart_drv.obj (.text:_UART_TxEna)
                  003ee711    00000001     rts2800_ml.lib : startup.c.obj (.text)

ramfuncs   0    003ee712    00000029     RUN ADDR = 00008000
                  003ee712    0000001d     F2806x_SysCtrl.obj (ramfuncs:_InitFlash)
                  003ee72f    00000008     device.obj (ramfuncs:_MyCallbackFunction)
                  003ee737    00000004     F2806x_usDelay.obj (ramfuncs)

csm_rsvd   0    003f7f80    00000076     
                  003f7f80    00000076     F2806x_CSMPasswords.obj (csm_rsvd)

codestart 
*          0    003f7ff6    00000002     
                  003f7ff6    00000002     F2806x_CodeStartBranch.obj (codestart)

csmpasswds 
*          0    003f7ff8    00000008     
                  003f7ff8    00000008     F2806x_CSMPasswords.obj (csmpasswds)

.stack     1    00000050    00000380     UNINITIALIZED
                  00000050    00000380     --HOLE--

.econst    0    003ee73c    00001e0c     
                  003ee73c    00001900     csmon_config.obj (.econst:_asParameterList)
                  003f003c    00000100     CSMON_C28xx.lib : hmmodbus.obj (.econst:.string:_auchCRCHi)
                  003f013c    00000100                     : hmmodbus.obj (.econst:.string:_auchCRCLo)
                  003f023c    00000100     F2806x_PieVect.obj (.econst:_PieVectTableInit)
                  003f033c    00000084     rts2800_ml.lib : k_rem_pio2.c.obj (.econst:_ipio2)
                  003f03c0    00000050     CSMON_C28xx.lib : csmon.obj (.econst:_CSMON_asAccessLevelPasswords)
                  003f0410    0000002c     rts2800_ml.lib : k_rem_pio2.c.obj (.econst)
                  003f043c    00000028                    : k_cosf.c.obj (.econst)
                  003f0464    00000020                    : k_rem_pio2.c.obj (.econst:_PIo2)
                  003f0484    00000020                    : k_sinf.c.obj (.econst)
                  003f04a4    0000001c                    : e_rem_pio2f.c.obj (.econst)
                  003f04c0    0000001c                    : s_scalbn.c.obj (.econst)
                  003f04dc    00000018                    : s_sinf.c.obj (.econst)
                  003f04f4    00000014     CSMON_C28xx.lib : csmon.obj (.econst:_CSMON_au8FileImplementedFunctionCodes)
                  003f0508    00000010     main.obj (.econst)
                  003f0518    0000000e     CSMON_C28xx.lib : csmon.obj (.econst:_CSMON_au8FileParameterNumbElementsCountInPartTable)
                  003f0526    0000000c                     : hmprotocol.obj (.econst:.string)
                  003f0532    0000000c     rts2800_ml.lib : s_floor.c.obj (.econst)
                  003f053e    00000006     CSMON_C28xx.lib : csmon.obj (.econst:_CSMON_au8FileParameterListElementsCountInPartTable)
                  003f0544    00000004     rts2800_ml.lib : k_rem_pio2.c.obj (.econst:_init_jk)

.reset     0    003fffc0    00000002     DSECT
                  003fffc0    00000002     rts2800_ml.lib : boot28.asm.obj (.reset)

vectors    0    003fffc2    00000000     DSECT

DevEmuRegsFile 
*          1    00000880    00000004     UNINITIALIZED
                  00000880    00000004     F2806x_GlobalVariableDefs.obj (DevEmuRegsFile)

SysPwrCtrlRegsFile 
*          1    00000985    00000003     UNINITIALIZED
                  00000985    00000003     F2806x_GlobalVariableDefs.obj (SysPwrCtrlRegsFile)

FlashRegsFile 
*          1    00000a80    00000008     UNINITIALIZED
                  00000a80    00000008     F2806x_GlobalVariableDefs.obj (FlashRegsFile)

CsmRegsFile 
*          1    00000ae0    00000010     UNINITIALIZED
                  00000ae0    00000010     F2806x_GlobalVariableDefs.obj (CsmRegsFile)

AdcResultFile 
*          1    00000b00    00000010     UNINITIALIZED
                  00000b00    00000010     F2806x_GlobalVariableDefs.obj (AdcResultFile)

CpuTimer0RegsFile 
*          1    00000c00    00000008     UNINITIALIZED
                  00000c00    00000008     F2806x_GlobalVariableDefs.obj (CpuTimer0RegsFile)

CpuTimer1RegsFile 
*          1    00000c08    00000008     UNINITIALIZED
                  00000c08    00000008     F2806x_GlobalVariableDefs.obj (CpuTimer1RegsFile)

CpuTimer2RegsFile 
*          1    00000c10    00000008     UNINITIALIZED
                  00000c10    00000008     F2806x_GlobalVariableDefs.obj (CpuTimer2RegsFile)

PieCtrlRegsFile 
*          1    00000ce0    0000001a     UNINITIALIZED
                  00000ce0    0000001a     F2806x_GlobalVariableDefs.obj (PieCtrlRegsFile)

PieVectTableFile 
*          1    00000d00    00000100     UNINITIALIZED
                  00000d00    00000100     F2806x_GlobalVariableDefs.obj (PieVectTableFile)

EmuKeyVar 
*          1    00000d00    00000001     UNINITIALIZED
                  00000d00    00000001     F2806x_GlobalVariableDefs.obj (EmuKeyVar)

EmuBModeVar 
*          1    00000d01    00000001     UNINITIALIZED
                  00000d01    00000001     F2806x_GlobalVariableDefs.obj (EmuBModeVar)

FlashCallbackVar 
*          1    00000d02    00000002     UNINITIALIZED
                  00000d02    00000002     F2806x_GlobalVariableDefs.obj (FlashCallbackVar)

FlashScalingVar 
*          1    00000d04    00000002     UNINITIALIZED
                  00000d04    00000002     F2806x_GlobalVariableDefs.obj (FlashScalingVar)

DmaRegsFile 
*          1    00001000    000000e0     UNINITIALIZED
                  00001000    000000e0     F2806x_GlobalVariableDefs.obj (DmaRegsFile)

Cla1RegsFile 
*          1    00001400    00000040     UNINITIALIZED
                  00001400    00000040     F2806x_GlobalVariableDefs.obj (Cla1RegsFile)

Usb0RegsFile 
*          1    00004000    00000454     UNINITIALIZED
                  00004000    00000454     F2806x_GlobalVariableDefs.obj (Usb0RegsFile)

McbspaRegsFile 
*          1    00005000    00000024     UNINITIALIZED
                  00005000    00000024     F2806x_GlobalVariableDefs.obj (McbspaRegsFile)

ECanaRegsFile 
*          1    00006000    00000034     UNINITIALIZED
                  00006000    00000034     F2806x_GlobalVariableDefs.obj (ECanaRegsFile)

ECanaLAMRegsFile 
*          1    00006040    00000040     UNINITIALIZED
                  00006040    00000040     F2806x_GlobalVariableDefs.obj (ECanaLAMRegsFile)

ECanaMOTSRegsFile 
*          1    00006080    00000040     UNINITIALIZED
                  00006080    00000040     F2806x_GlobalVariableDefs.obj (ECanaMOTSRegsFile)

ECanaMOTORegsFile 
*          1    000060c0    00000040     UNINITIALIZED
                  000060c0    00000040     F2806x_GlobalVariableDefs.obj (ECanaMOTORegsFile)

ECanaMboxesFile 
*          1    00006100    00000100     UNINITIALIZED
                  00006100    00000100     F2806x_GlobalVariableDefs.obj (ECanaMboxesFile)

Comp1RegsFile 
*          1    00006400    00000014     UNINITIALIZED
                  00006400    00000014     F2806x_GlobalVariableDefs.obj (Comp1RegsFile)

Comp2RegsFile 
*          1    00006420    00000014     UNINITIALIZED
                  00006420    00000014     F2806x_GlobalVariableDefs.obj (Comp2RegsFile)

Comp3RegsFile 
*          1    00006440    00000014     UNINITIALIZED
                  00006440    00000014     F2806x_GlobalVariableDefs.obj (Comp3RegsFile)

EPwm1RegsFile 
*          1    00006800    00000040     UNINITIALIZED
                  00006800    00000040     F2806x_GlobalVariableDefs.obj (EPwm1RegsFile)

EPwm2RegsFile 
*          1    00006840    00000040     UNINITIALIZED
                  00006840    00000040     F2806x_GlobalVariableDefs.obj (EPwm2RegsFile)

EPwm3RegsFile 
*          1    00006880    00000040     UNINITIALIZED
                  00006880    00000040     F2806x_GlobalVariableDefs.obj (EPwm3RegsFile)

EPwm4RegsFile 
*          1    000068c0    00000040     UNINITIALIZED
                  000068c0    00000040     F2806x_GlobalVariableDefs.obj (EPwm4RegsFile)

EPwm5RegsFile 
*          1    00006900    00000040     UNINITIALIZED
                  00006900    00000040     F2806x_GlobalVariableDefs.obj (EPwm5RegsFile)

EPwm6RegsFile 
*          1    00006940    00000040     UNINITIALIZED
                  00006940    00000040     F2806x_GlobalVariableDefs.obj (EPwm6RegsFile)

EPwm7RegsFile 
*          1    00006980    00000040     UNINITIALIZED
                  00006980    00000040     F2806x_GlobalVariableDefs.obj (EPwm7RegsFile)

EPwm8RegsFile 
*          1    000069c0    00000040     UNINITIALIZED
                  000069c0    00000040     F2806x_GlobalVariableDefs.obj (EPwm8RegsFile)

ECap1RegsFile 
*          1    00006a00    00000020     UNINITIALIZED
                  00006a00    00000020     F2806x_GlobalVariableDefs.obj (ECap1RegsFile)

ECap2RegsFile 
*          1    00006a20    00000020     UNINITIALIZED
                  00006a20    00000020     F2806x_GlobalVariableDefs.obj (ECap2RegsFile)

ECap3RegsFile 
*          1    00006a40    00000020     UNINITIALIZED
                  00006a40    00000020     F2806x_GlobalVariableDefs.obj (ECap3RegsFile)

HRCap1RegsFile 
*          1    00006ac0    00000020     UNINITIALIZED
                  00006ac0    00000020     F2806x_GlobalVariableDefs.obj (HRCap1RegsFile)

HRCap2RegsFile 
*          1    00006ae0    00000020     UNINITIALIZED
                  00006ae0    00000020     F2806x_GlobalVariableDefs.obj (HRCap2RegsFile)

EQep1RegsFile 
*          1    00006b00    00000022     UNINITIALIZED
                  00006b00    00000022     F2806x_GlobalVariableDefs.obj (EQep1RegsFile)

EQep2RegsFile 
*          1    00006b40    00000022     UNINITIALIZED
                  00006b40    00000022     F2806x_GlobalVariableDefs.obj (EQep2RegsFile)

HRCap3RegsFile 
*          1    00006c80    00000020     UNINITIALIZED
                  00006c80    00000020     F2806x_GlobalVariableDefs.obj (HRCap3RegsFile)

HRCap4RegsFile 
*          1    00006ca0    00000020     UNINITIALIZED
                  00006ca0    00000020     F2806x_GlobalVariableDefs.obj (HRCap4RegsFile)

GpioCtrlRegsFile 
*          1    00006f80    00000040     UNINITIALIZED
                  00006f80    00000040     F2806x_GlobalVariableDefs.obj (GpioCtrlRegsFile)

GpioDataRegsFile 
*          1    00006fc0    00000020     UNINITIALIZED
                  00006fc0    00000020     F2806x_GlobalVariableDefs.obj (GpioDataRegsFile)

GpioIntRegsFile 
*          1    00006fe0    00000020     UNINITIALIZED
                  00006fe0    00000020     F2806x_GlobalVariableDefs.obj (GpioIntRegsFile)

SysCtrlRegsFile 
*          1    00007010    00000030     UNINITIALIZED
                  00007010    00000030     F2806x_GlobalVariableDefs.obj (SysCtrlRegsFile)

SpiaRegsFile 
*          1    00007040    00000010     UNINITIALIZED
                  00007040    00000010     F2806x_GlobalVariableDefs.obj (SpiaRegsFile)

SciaRegsFile 
*          1    00007050    00000010     UNINITIALIZED
                  00007050    00000010     F2806x_GlobalVariableDefs.obj (SciaRegsFile)

NmiIntruptRegsFile 
*          1    00007060    00000010     UNINITIALIZED
                  00007060    00000010     F2806x_GlobalVariableDefs.obj (NmiIntruptRegsFile)

XIntruptRegsFile 
*          1    00007070    00000010     UNINITIALIZED
                  00007070    00000010     F2806x_GlobalVariableDefs.obj (XIntruptRegsFile)

AdcRegsFile 
*          1    00007100    00000050     UNINITIALIZED
                  00007100    00000050     F2806x_GlobalVariableDefs.obj (AdcRegsFile)

SpibRegsFile 
*          1    00007740    00000010     UNINITIALIZED
                  00007740    00000010     F2806x_GlobalVariableDefs.obj (SpibRegsFile)

ScibRegsFile 
[...]
003eae28  local     $30 (.text)
003eae56  local     $35 (.text)
003eae85  local     $40 (.text)
003eade7  local     $5_$2 (.text)
00000000  local     .bss (.bss)
00000000  local     .data (.data)
003eadd3  local     .text (.text)
003eadf7  local     CHECK_SIGN1 (.text)
003eae32  local     CHECK_SIGN2 (.text)
003eae6a  local     DGT3 (.text)
003eae6c  local     DIVUDenHighZero (.text)
003eae01  local     EQ0 (.text)
003eadfc  local     EQ1 (.text)
003eae3a  local     EQ2 (.text)
003eae65  local     EQ3 (.text)
003eae96  local     EQ4 (.text)
003eadd3  global    LL$$DIV (.text)
003eae0f  global    LL$$MOD (.text)
003eaeb5  local     LOOP (.text)
003eaea4  local     MAINDIV (.text)
003eaec3  local     MD_NEQ (.text)
003eae98  local     MODUDenHighZero (.text)
003eadfa  local     RET1 (.text)
003eae35  local     RET2 (.text)
003eae63  local     RET3 (.text)
003eae92  local     RET4 (.text)
003eae37  local     RET_NUM1 (.text)
003eae94  local     RET_NUM2 (.text)
003eae03  local     SDIVUDenHighZero (.text)
003eaecd  local     SKIP (.text)
003eaecf  local     SKIP1 (.text)
003eae3d  local     SMODUDenHighZero (.text)
003eae49  global    ULL$$DIV (.text)
003eae78  global    ULL$$MOD (.text)


================================================================================

rts2800_ml.lib : u_div28.asm.obj

Run/Load            
Value     Binding   Name (Section)
--------  --------  ---------------
00000000  local     .bss (.bss)
00000000  local     .data (.data)
003ee174  local     .text (.text)
003ee174  global    U$$DIV (.text)
003ee179  global    U$$MOD (.text)


================================================================================

rts2800_ml.lib : u_tofd28.asm.obj

Run/Load            
Value     Binding   Name (Section)
--------  --------  ---------------
00000000  local     .bss (.bss)
00000000  local     .data (.data)
003edd21  local     .text (.text)
003edd2e  local     NORMALIZE (.text)
003edd36  local     OP_ZERO (.text)
003edd30  local     PACK (.text)
003edd35  local     RETURN (.text)
003edd33  local     RETURN_VALUE (.text)
003edd21  global    U$$TOFD (.text)


================================================================================

rts2800_ml.lib : u_tofs28.asm.obj

Run/Load            
Value     Binding   Name (Section)
--------  --------  ---------------
00000000  local     .bss (.bss)
00000000  local     .data (.data)
003edf83  local     .text (.text)
003edf92  local     RESTORE (.text)
003edf83  global    U$$TOFS (.text)
003edf92  local     ZERO (.text)


================================================================================

rts2800_ml.lib : l_tofs28.asm.obj

Run/Load            
Value     Binding   Name (Section)
--------  --------  ---------------
00000000  local     .bss (.bss)
00000000  local     .data (.data)
003edba0  local     .text (.text)
003edba0  global    L$$TOFS (.text)
003edbb6  local     OVERFLOW (.text)
003edbb5  local     RETURN (.text)
003edbb5  local     ZERO (.text)


================================================================================

rts2800_ml.lib : ul_tofs28.asm.obj

Run/Load            
Value     Binding   Name (Section)
--------  --------  ---------------
00000000  local     .bss (.bss)
00000000  local     .data (.data)
003ede1b  local     .text (.text)
003ede23  local     LEFT_SHIFT (.text)
003ede25  local     PACK (.text)
003ede2d  local     RETURN (.text)
003ede1b  global    UL$$TOFS (.text)
003ede2d  local     ZERO (.text)


================================================================================

rts2800_ml.lib : prolog28.asm.obj

Run/Load            
Value     Binding   Name (Section)
--------  --------  ---------------
00000000  local     .bss (.bss)
00000000  local     .data (.data)
003edc1e  local     .text (.text)
003edc1e  global    _prolog_c28x_1 (.text)
003edc22  global    _prolog_c28x_2 (.text)
003edc2a  global    _prolog_c28x_3 (.text)


================================================================================

rts2800_ml.lib : fs_tofd28.asm.obj

Run/Load            
Value     Binding   Name (Section)
--------  --------  ---------------
00000000  local     .bss (.bss)
00000000  local     .data (.data)
003eda95  local     .text (.text)
003eda95  global    FS$$TOFD (.text)
003edaa9  local     OVERFLOW (.text)
003edaa8  local     RETURN (.text)
003edaa6  local     RETURN_VALUE (.text)
003edaaf  local     UNDERFLOW (.text)


================================================================================

rts2800_ml.lib : fd_div28.asm.obj

Run/Load            
Value     Binding   Name (Section)
--------  --------  ---------------
003ec155  local     $1_$3 (.text)
003ec160  local     $2_$3 (.text)
00000000  local     .bss (.bss)
00000000  local     .data (.data)
003ec119  local     .text (.text)
003ec16f  local     DIV_END (.text)
003ec150  local     DIV_START (.text)
003ec119  global    FD$$DIV (.text)
003ec172  local     NORMALIZE (.text)
003ec19c  local     OVERFLOW (.text)
003ec197  local     RETURN (.text)
003ec195  local     RETURN_VALUE (.text)
003ec187  local     RND64_SET_MANT$3$ (.text)
003ec17b  local     ROUND (.text)
003ec1a2  local     UNDERFLOW (.text)


================================================================================

rts2800_ml.lib : cpy_tbl.c.obj

Run/Load            
Value     Binding   Name (Section)
--------  --------  ---------------
003ed74d  local     $C$L1 (.text)
003ed760  local     $C$L2 (.text)
003ed761  local     $C$L3 (.text)
00000000  local     .bss (.bss)
00000000  local     .data (.data)
003ed745  local     .text (.text)
003ed745  global    _copy_in (.text)


================================================================================

rts2800_ml.lib : memcpy.c.obj

Run/Load            
Value     Binding   Name (Section)
--------  --------  ---------------
003eda0e  local     $C$L1 (.text)
003eda12  local     $C$L2 (.text)
003eda19  local     $C$L3 (.text)
003eda1b  local     $C$L4 (.text)
003eda23  local     $C$L5 (.text)
00000000  local     .bss (.bss)
00000000  local     .data (.data)
003eda08  local     .text (.text)
003eda08  global    _memcpy (.text)


================================================================================

rts2800_ml.lib : pre_init.c.obj

Run/Load            
Value     Binding   Name (Section)
--------  --------  ---------------
00000000  local     .bss (.bss)
00000000  local     .data (.data)
003ee70b  local     .text (.text)
003ee70b  global    __system_pre_init (.text)


================================================================================

rts2800_ml.lib : startup.c.obj

Run/Load            
Value     Binding   Name (Section)
--------  --------  ---------------
00000000  local     .bss (.bss)
00000000  local     .data (.data)
003ee711  local     .text (.text)
003ee711  global    __system_post_cinit (.text)


================================================================================

rts2800_ml.lib : e_rem_pio2f.c.obj

Run/Load            
Value     Binding   Name (Section)
--------  --------  ---------------
003f04b0  local     $C$FL1 (.econst)
003f04b4  local     $C$FL2 (.econst)
003f04b8  local     $C$FL3 (.econst)
003f04bc  local     $C$FL4 (.econst)
003ebb83  local     $C$L1 (.text)
003ebb91  local     $C$L2 (.text)
003ebbbd  local     $C$L3 (.text)
003ebbc2  local     $C$L4 (.text)
00000000  local     .bss (.bss)
00000000  local     .data (.data)
003f04a4  local     .econst (.econst)
003ebb20  local     .text (.text)
003ebb20  global    ___rem_pio2f (.text)
003f04a4  local     _invpio2 (.econst)
003f04a8  local     _pio2_1 (.econst)
003f04ac  local     _pio2_1t (.econst)


================================================================================

rts2800_ml.lib : k_rem_pio2.c.obj

Run/Load            
Value     Binding   Name (Section)
--------  --------  ---------------
003f0420  local     $C$FL1 (.econst)
003f0424  local     $C$FL2 (.econst)
003f0428  local     $C$FL3 (.econst)
003f042c  local     $C$FL4 (.econst)
003f0430  local     $C$FL5 (.econst)
003f0434  local     $C$FL6 (.econst)
003f0438  local     $C$FL7 (.econst)
003e98ee  local     $C$L1 (.text)
003e99a8  local     $C$L10 (.text)
003e99d5  local     $C$L11 (.text)
003e99f5  local     $C$L12 (.text)
003e9a1a  local     $C$L13 (.text)
003e9a39  local     $C$L14 (.text)
003e9a40  local     $C$L15 (.text)
003e9a5d  local     $C$L16 (.text)
003e9aab  local     $C$L17 (.text)
003e9b17  local     $C$L18 (.text)
003e9b1b  local     $C$L19 (.text)
003e9916  local     $C$L2 (.text)
003e9b29  local     $C$L20 (.text)
003e9b52  local     $C$L21 (.text)
003e9b57  local     $C$L22 (.text)
003e9b62  local     $C$L23 (.text)
003e9b6e  local     $C$L24 (.text)
003e9b73  local     $C$L25 (.text)
003e9b79  local     $C$L26 (.text)
003e9b96  local     $C$L27 (.text)
003e9ba2  local     $C$L28 (.text)
003e9bcd  local     $C$L29 (.text)
003e9921  local     $C$L3 (.text)
003e9bfb  local     $C$L30 (.text)
003e9c46  local     $C$L31 (.text)
003e9c4b  local     $C$L32 (.text)
003e9c63  local     $C$L33 (.text)
003e9c6d  local     $C$L34 (.text)
003e9c7c  local     $C$L35 (.text)
003e9c86  local     $C$L36 (.text)
003e9ca1  local     $C$L37 (.text)
003e9cb1  local     $C$L38 (.text)
003e9cb3  local     $C$L39 (.text)
003e992d  local     $C$L4 (.text)
003e9cd3  local     $C$L40 (.text)
003e9cfb  local     $C$L41 (.text)
003e9d12  local     $C$L42 (.text)
003e9d26  local     $C$L43 (.text)
003e9d54  local     $C$L44 (.text)
003e9d72  local     $C$L45 (.text)
003e9d90  local     $C$L46 (.text)
003e9ddf  local     $C$L47 (.text)
003e9e19  local     $C$L48 (.text)
003e9e31  local     $C$L49 (.text)
003e993e  local     $C$L5 (.text)
003e9e42  local     $C$L50 (.text)
003e9e5f  local     $C$L51 (.text)
003e9e7a  local     $C$L52 (.text)
003e9e8d  local     $C$L53 (.text)
003e9e9e  local     $C$L54 (.text)
003e9eac  local     $C$L55 (.text)
003e9eb6  local     $C$L56 (.text)
003e9ed7  local     $C$L57 (.text)
003e9ee8  local     $C$L58 (.text)
003e9ef6  local     $C$L59 (.text)
003e994a  local     $C$L6 (.text)
003e9f00  local     $C$L60 (.text)
003e9f0a  local     $C$L61 (.text)
003e9f1d  local     $C$L62 (.text)
003e9f2e  local     $C$L63 (.text)
003e9f3c  local     $C$L64 (.text)
003e9f46  local     $C$L65 (.text)
003e9f4f  local     $C$L66 (.text)
003e9967  local     $C$L7 (.text)
003e998c  local     $C$L8 (.text)
003e99a1  local     $C$L9 (.text)
00000000  local     .bss (.bss)
00000000  local     .data (.data)
003f0410  local     .econst (.econst)
003f0464  local     .econst:_PIo2 (.econst:_PIo2)
003f0544  local     .econst:_init_jk (.econst:_init_jk)
003f033c  local     .econst:_ipio2 (.econst:_ipio2)
003e98c0  local     .text (.text)
003f0464  local     _PIo2 (.econst:_PIo2)
003e98c0  global    ___kernel_rem_pio2 (.text)
003f0544  local     _init_jk (.econst:_init_jk)
003f033c  local     _ipio2 (.econst:_ipio2)
003f0414  local     _one (.econst)
003f0418  local     _two24 (.econst)
003f041c  local     _twon24 (.econst)
003f0410  local     _zero (.econst)


================================================================================

rts2800_ml.lib : exit.c.obj

Run/Load            
Value     Binding   Name (Section)
--------  --------  ---------------
003ed3ec  local     $C$L1 (.text)
003ed3ff  local     $C$L2 (.text)
003ed40a  local     $C$L3 (.text)
003ed410  local     $C$L4 (.text)
00000000  local     .bss (.bss)
003f0bc0  local     .cinit (.cinit)
00000000  local     .data (.data)
0000bdfa  local     .ebss (.ebss)
003ed3eb  local     .text (.text)
003ed3eb  global    C$$EXIT (.text)
0000bdfc  global    ___TI_cleanup_ptr (.ebss)
0000bdfe  global    ___TI_dtors_ptr (.ebss)
0000bdfa  global    ___TI_enable_exit_profile_output (.ebss)
003ed3eb  global    _abort (.text)
003ed3ed  global    _exit (.text)


================================================================================

rts2800_ml.lib : _lock.c.obj

Run/Load            
Value     Binding   Name (Section)
--------  --------  ---------------
00000000  local     .bss (.bss)
003f0d4e  local     .cinit:__lock (.cinit:__lock)
003f0d53  local     .cinit:__unlock (.cinit:__unlock)
00000000  local     .data (.data)
0000c100  local     .ebss:__lock (.ebss:__lock)
0000c102  local     .ebss:__unlock (.ebss:__unlock)
003ee22e  local     .text (.text)
0000c100  global    __lock (.ebss:__lock)
003ee236  global    __nop (.text)
003ee232  global    __register_lock (.text)
003ee22e  global    __register_unlock (.text)
0000c102  global    __unlock (.ebss:__unlock)


================================================================================

rts2800_ml.lib : args_main.c.obj

Run/Load            
Value     Binding   Name (Section)
--------  --------  ---------------
003edf0d  local     $C$L1 (.text)
003edf10  local     $C$L2 (.text)
00000000  local     .bss (.bss)
00000000  local     .data (.data)
003edf02  local     .text (.text)
003edf02  global    __args_main (.text)


================================================================================

rts2800_ml.lib : s_floor.c.obj

Run/Load            
Value     Binding   Name (Section)
--------  --------  ---------------
003f0536  local     $C$FL1 (.econst)
003f053a  local     $C$FL2 (.econst)
003eb3cc  local     $C$L1 (.text)
003eb424  local     $C$L10 (.text)
003eb444  local     $C$L11 (.text)
003eb446  local     $C$L12 (.text)
003eb452  local     $C$L13 (.text)
003eb457  local     $C$L14 (.text)
003eb3d1  local     $C$L2 (.text)
003eb3d2  local     $C$L3 (.text)
003eb3da  local     $C$L4 (.text)
003eb3ed  local     $C$L5 (.text)
003eb3fc  local     $C$L6 (.text)
003eb3ff  local     $C$L7 (.text)
003eb41b  local     $C$L8 (.text)
003eb421  local     $C$L9 (.text)
00000000  local     .bss (.bss)
00000000  local     .data (.data)
003f0532  local     .econst (.econst)
003eb374  local     .text (.text)
003eb374  global    _floorl (.text)
003f0532  local     _huge (.econst)


================================================================================

rts2800_ml.lib : s_scalbn.c.obj

Run/Load            
Value     Binding   Name (Section)
--------  --------  ---------------
003f04cc  local     $C$FL1 (.econst)
003f04d0  local     $C$FL2 (.econst)
003f04d4  local     $C$FL3 (.econst)
003f04d8  local     $C$FL4 (.econst)
003eba9c  local     $C$L1 (.text)
003ebab5  local     $C$L2 (.text)
003ebac7  local     $C$L3 (.text)
003ebad2  local     $C$L4 (.text)
003ebae7  local     $C$L5 (.text)
003ebaed  local     $C$L6 (.text)
003ebaf8  local     $C$L7 (.text)
003ebb18  local     $C$L8 (.text)
003ebb1c  local     $C$L9 (.text)
00000000  local     .bss (.bss)
00000000  local     .data (.data)
003f04c0  local     .econst (.econst)
003eba76  local     .text (.text)
003eba76  global    _ldexpl (.text)
003eba76  global    _scalbnl (.text)
003f04c8  local     _tiny (.econst)
003f04c0  local     _two54 (.econst)
003f04c4  local     _twom54 (.econst)


================================================================================

rts2800_ml.lib : s_copysign.c.obj

Run/Load            
Value     Binding   Name (Section)
--------  --------  ---------------
003ed7f3  local     $C$L1 (.text)
00000000  local     .bss (.bss)
00000000  local     .data (.data)
003ed7d2  local     .text (.text)
003ed7d2  global    _copysignl (.text)


================================================================================

rts2800_ml.lib : k_cosf.c.obj

Run/Load            
Value     Binding   Name (Section)
--------  --------  ---------------
003f0450  local     $C$FL1 (.econst)
003f0454  local     $C$FL2 (.econst)
003f0458  local     $C$FL3 (.econst)
003f045c  local     $C$FL4 (.econst)
003f0460  local     $C$FL5 (.econst)
00000000  local     .bss (.bss)
00000000  local     .data (.data)
003f043c  local     .econst (.econst)
003ec22b  local     .text (.text)
003f0440  local     _C0 (.econst)
003f0444  local     _C1 (.econst)
003f0448  local     _C2 (.econst)
003f044c  local     _C3 (.econst)
003ec22b  global    ___kernel_cosdf (.text)
003f043c  local     _one (.econst)


================================================================================

rts2800_ml.lib : k_sinf.c.obj

Run/Load            
Value     Binding   Name (Section)
--------  --------  ---------------
003f0494  local     $C$FL1 (.econst)
003f0498  local     $C$FL2 (.econst)
003f049c  local     $C$FL3 (.econst)
003f04a0  local     $C$FL4 (.econst)
00000000  local     .bss (.bss)
00000000  local     .data (.data)
003f0484  local     .econst (.econst)
003ebff7  local     .text (.text)
003f0484  local     _S1 (.econst)
003f0488  local     _S2 (.econst)
003f048c  local     _S3 (.econst)
003f0490  local     _S4 (.econst)
003ebff7  global    ___kernel_sindf (.text)


================================================================================

rts2800_ml.lib : fd_cmp28.asm.obj

Run/Load            
Value     Binding   Name (Section)
--------  --------  ---------------
00000000  local     .bss (.bss)
00000000  local     .data (.data)
003ed3c1  local     .text (.text)
003ed3d1  local     CHECK_INF (.text)
003ed3c1  global    FD$$CMP (.text)
003ed3e8  local     NO_NEG (.text)
003ed3e9  local     OP_EQUAL (.text)
003ed3e1  local     RETURN (.text)


================================================================================

rts2800_ml.lib : fd_tol28.asm.obj

Run/Load            
Value     Binding   Name (Section)
--------  --------  ---------------
00000000  local     .bss (.bss)
00000000  local     .data (.data)
003ed958  local     .text (.text)
003ed958  global    FD$$TOL (.text)
003ed971  local     OVERFLOW (.text)
003ed970  local     RETURN_VALUE (.text)
003ed975  local     UNDERFLOW (.text)


================================================================================

rts2800_ml.lib : ll_aox28.asm.obj

Run/Load            
Value     Binding   Name (Section)
--------  --------  ---------------
00000000  local     .bss (.bss)
00000000  local     .data (.data)
003edc7f  local     .text (.text)
003edc7f  global    LL$$AND (.text)
003edc87  global    LL$$OR (.text)
003edc8f  global    LL$$XOR (.text)


================================================================================

rts2800_ml.lib : i_div28.asm.obj

Run/Load            
Value     Binding   Name (Section)
--------  --------  ---------------
00000000  local     .bss (.bss)
00000000  local     .data (.data)
003ed7f5  local     .text (.text)
003ed7f5  global    I$$DIV (.text)
003ed806  global    I$$MOD (.text)
003ed805  local     RET1 (.text)
003ed815  local     RET2 (.text)


================================================================================

rts2800_ml.lib : l_tofd28.asm.obj

Run/Load            
Value     Binding   Name (Section)
--------  --------  ---------------
003edabf  local     $10 (.text)
00000000  local     .bss (.bss)
00000000  local     .data (.data)
003edab1  local     .text (.text)
003edab1  global    L$$TOFD (.text)
003edacb  local     OP_ZERO (.text)
003edaca  local     RETURN (.text)
003edac8  local     RETURN_VALUE (.text)


================================================================================

rts2800_ml.lib : fd_tofs28.asm.obj

Run/Load            
Value     Binding   Name (Section)
--------  --------  ---------------
00000000  local     .bss (.bss)
00000000  local     .data (.data)
003ed859  local     .text (.text)
003ed866  local     EXP_EVAL (.text)
003ed859  global    FD$$TOFS (.text)
003ed872  local     OVERFLOW (.text)
003ed871  local     RETURN_VALUE (.text)
003ed878  local     UNDERFLOW (.text)


================================================================================

rts2800_ml.lib : errno.c.obj

Run/Load            
Value     Binding   Name (Section)
--------  --------  ---------------
00000000  local     .bss (.bss)
003f0da2  local     .cinit (.cinit)
00000000  local     .data (.data)
0000c120  local     .ebss (.ebss)
00000000  local     .text (.text)
0000c120  global    _errno (.ebss)


================================================================================

