******************************************************************************
             TMS320C2000 Linker PC v22.6.0                     
******************************************************************************
>> Linked Fri Oct 14 14:00:33 2022

OUTPUT FILE NAME:   <../../../04_Output_Files/Motor28062/TEST_CSMON_C28xx.out>
ENTRY POINT SYMBOL: "_c_int00"  address: 003ec582


MEMORY CONFIGURATION

         name            origin    length      used     unused   attr    fill
----------------------  --------  ---------  --------  --------  ----  --------
PAGE 0:
  RAML0                 00008000   00000800  00000029  000007d7  RWIX
  RAML1                 00008800   00000400  00000000  00000400  RWIX
  OTP                   003d7800   00000400  00000000  00000400  RWIX
  FLASH_APP             003e8000   0000dff0  00009e87  00004169  RWIX
  CSM_RSVD              003f7f80   00000076  00000076  00000000  RWIX
  BEGIN                 003f7ff6   00000002  00000002  00000000  RWIX
  CSM_PWL_P0            003f7ff8   00000008  00000008  00000000  RWIX
  FPUTABLES             003fd590   000006a0  00000000  000006a0  RWIX
  IQTABLES              003fdf00   00000b50  00000000  00000b50  RWIX
  IQTABLES2             003fea50   0000008c  00000000  0000008c  RWIX
  IQTABLES3             003feadc   000000aa  00000000  000000aa  RWIX
  ROM                   003ff3b0   00000c10  00000000  00000c10  RWIX
  RESET                 003fffc0   00000002  00000000  00000002  RWIX
  VECTORS               003fffc2   0000003e  00000000  0000003e  RWIX

PAGE 1:
  BOOT_RSVD             00000000   00000050  00000000  00000050  RWIX
  RAMM0                 00000050   000003b0  00000380  00000030  RWIX
  RAMM1                 00000400   00000400  00000000  00000400  RWIX
  DEV_EMU               00000880   00000105  00000004  00000101  RWIX
  SYS_PWR_CTL           00000985   00000003  00000003  00000000  RWIX
  FLASH_REGS            00000a80   00000060  00000008  00000058  RWIX
  CSM                   00000ae0   00000020  00000010  00000010  RWIX
  ADC_RESULT            00000b00   00000020  00000010  00000010  RWIX
  CPU_TIMER0            00000c00   00000008  00000008  00000000  RWIX
  CPU_TIMER1            00000c08   00000008  00000008  00000000  RWIX
  CPU_TIMER2            00000c10   00000008  00000008  00000000  RWIX
  PIE_CTRL              00000ce0   00000020  0000001a  00000006  RWIX
  PIE_VECT              00000d00   00000100  00000100  00000000  RWIX
  DMA                   00001000   00000200  000000e0  00000120  RWIX
  CLA1                  00001400   00000080  00000040  00000040  RWIX
  USB0                  00004000   00001000  00000454  00000bac  RWIX
  McBSPA                00005000   00000040  00000024  0000001c  RWIX
  ECANA                 00006000   00000040  00000034  0000000c  RWIX
  ECANA_LAM             00006040   00000040  00000040  00000000  RWIX
  ECANA_MOTS            00006080   00000040  00000040  00000000  RWIX
  ECANA_MOTO            000060c0   00000040  00000040  00000000  RWIX
  ECANA_MBOX            00006100   00000100  00000100  00000000  RWIX
  COMP1                 00006400   00000020  00000014  0000000c  RWIX
  COMP2                 00006420   00000020  00000014  0000000c  RWIX
  COMP3                 00006440   00000020  00000014  0000000c  RWIX
  EPWM1                 00006800   00000040  00000040  00000000  RWIX
  EPWM2                 00006840   00000040  00000040  00000000  RWIX
  EPWM3                 00006880   00000040  00000040  00000000  RWIX
  EPWM4                 000068c0   00000040  00000040  00000000  RWIX
  EPWM5                 00006900   00000040  00000040  00000000  RWIX
  EPWM6                 00006940   00000040  00000040  00000000  RWIX
  EPWM7                 00006980   00000040  00000040  00000000  RWIX
  EPWM8                 000069c0   00000040  00000040  00000000  RWIX
  ECAP1                 00006a00   00000020  00000020  00000000  RWIX
  ECAP2                 00006a20   00000020  00000020  00000000  RWIX
  ECAP3                 00006a40   00000020  00000020  00000000  RWIX
  HRCAP1                00006ac0   00000020  00000020  00000000  RWIX
  HRCAP2                00006ae0   00000020  00000020  00000000  RWIX
  EQEP1                 00006b00   00000040  00000022  0000001e  RWIX
  EQEP2                 00006b40   00000040  00000022  0000001e  RWIX
  HRCAP3                00006c80   00000020  00000020  00000000  RWIX
  HRCAP4                00006ca0   00000020  00000020  00000000  RWIX
  GPIOCTRL              00006f80   00000040  00000040  00000000  RWIX
  GPIODAT               00006fc0   00000020  00000020  00000000  RWIX
  GPIOINT               00006fe0   00000020  00000020  00000000  RWIX
  SYSTEM                00007010   00000030  00000030  00000000  RWIX
  SPIA                  00007040   00000010  00000010  00000000  RWIX
  SCIA                  00007050   00000010  00000010  00000000  RWIX
  NMIINTRUPT            00007060   00000010  00000010  00000000  RWIX
  XINTRUPT              00007070   00000010  00000010  00000000  RWIX
  ADC                   00007100   00000080  00000050  00000030  RWIX
  SPIB                  00007740   00000010  00000010  00000000  RWIX
  SCIB                  00007750   00000010  00000010  00000000  RWIX
  I2CA                  00007900   00000040  00000022  0000001e  RWIX
  RAML2                 00008c00   00000400  00000400  00000000  RWIX
  RAML34                00009000   00003000  00003000  00000000  RWIX
  RAML5                 0000c000   00002000  000018af  00000751  RWIX
  RAML6                 0000e000   00002000  00000000  00002000  RWIX
  RAML7                 00010000   00002000  00000000  00002000  RWIX
  RAML8                 00012000   00002000  00000000  00002000  RWIX
  USB_RAM               00040000   00000800  00000000  00000800  RWIX
  PARTID                003d7e80   00000001  00000001  00000000  RWIX
  CSM_PWL               003f7ff8   00000008  00000008  00000000  RWIX


SECTION ALLOCATION MAP

 output                                  attributes/
section   page    origin      length       input sections
--------  ----  ----------  ----------   ----------------
.cinit     0    003f1668    00000800     
                  003f1668    000001ee     CSMON_C28xx.lib : hmmodbus.obj (.cinit)
                  003f1856    00000173     main.obj (.cinit)
                  003f19c9    000000ce     CSMON_C28xx.lib : csmon.obj (.cinit)
                  003f1a97    00000098                     : modbusreg.obj (.cinit)
                  003f1b2f    00000030                     : csmon.obj (.cinit:_CSMON_au8FileRecorderConfigElementsSizeTable)
                  003f1b5f    0000002b                     : csmon.obj (.cinit:_CSMON_au8FileScopeConfigurationElementsSizeTable)
                  003f1b8a    00000017                     : csmon.obj (.cinit:_CSMON_au8FileRecorderDataElementsSizeTable)
                  003f1ba1    00000015                     : csmon.obj (.cinit:_CSMON_sFileAutorization)
                  003f1bb6    00000014                     : hmdrv.obj (.cinit)
                  003f1bca    00000014                     : hmprotocol.obj (.cinit)
                  003f1bde    00000013                     : modbusreg.obj (.cinit:_MODBUSREG_au8DeviceIDUserApplicationName)
                  003f1bf1    00000013                     : modbusreg.obj (.cinit:_MODBUSREG_au8DeviceIDVendorUrl)
                  003f1c04    00000013                     : modbusreg.obj (.cinit:_MODBUSREG_au8ServerIDData)
                  003f1c17    00000013                     : hmrecparam.obj (.cinit:_sRecStatusParam)
                  003f1c2a    00000010     rtc_drv.obj (.cinit)
                  003f1c3a    0000000f     CSMON_C28xx.lib : csmon.obj (.cinit:_CSMON_sDateTime)
                  003f1c49    0000000f                     : csmon.obj (.cinit:_CSMON_sDateTimeApplication)
                  003f1c58    0000000f                     : csmon.obj (.cinit:_CSMON_sDateTimeDefault)
                  003f1c67    0000000f                     : modbusreg.obj (.cinit:_MODBUSREG_au8DeviceIDModelName)
                  003f1c76    0000000f     device.obj (.cinit)
                  003f1c85    0000000e     rts2800_ml.lib : exit.c.obj (.cinit)
                  003f1c93    0000000d     CSMON_C28xx.lib : csmon.obj (.cinit:_CSMON_au8FileParameterCountElementsSizeTable)
                  003f1ca0    0000000d                     : csmon.obj (.cinit:_CSMON_au8FileRTCElementsSizeTable)
                  003f1cad    0000000d                     : csmon.obj (.cinit:_sHashKey)
                  003f1cba    0000000d     tmr_drv.obj (.cinit)
                  003f1cc7    0000000c     CSMON_C28xx.lib : csmon.obj (.cinit:_CSMON_au8FileParameterNumericElementsSizeTable)
                  003f1cd3    0000000c                     : modbusreg.obj (.cinit:_MODBUSREG_au8DeviceIDProductName)
                  003f1cdf    0000000c                     : modbusreg.obj (.cinit:_MODBUSREG_au8DeviceIDUserReserve0)
                  003f1ceb    0000000c                     : modbusreg.obj (.cinit:_MODBUSREG_au8DeviceIDUserReserve1)
                  003f1cf7    0000000c                     : modbusreg.obj (.cinit:_MODBUSREG_au8DeviceIDUserReserve2)
                  003f1d03    0000000c                     : modbusreg.obj (.cinit:_MODBUSREG_au8DeviceIDVendorName)
                  003f1d0f    0000000b                     : hmrecparam.obj (.cinit:_HMRECPRM_sDateTime)
                  003f1d1a    0000000b     main.obj (.cinit:_MAIN_sDateTimeGet)
                  003f1d25    0000000b     main.obj (.cinit:_MAIN_sDateTimeSet)
                  003f1d30    0000000b     uart_driver.obj (.cinit:_UART_DRV_RXIntOverflowCounter)
                  003f1d3b    0000000b     uart_driver.obj (.cinit:_UART_DRV_u32TimeDiffLast)
                  003f1d46    0000000b     uart_driver.obj (.cinit:_UART_DRV_u32TimeDiffNow)
                  003f1d51    0000000b     CSMON_C28xx.lib : uart_drv.obj (.cinit:_UART_RXIntOverflowCounter)
                  003f1d5c    0000000b     tmr_drv.obj (.cinit:_pfDelayedFunction)
                  003f1d67    0000000b     tmr_drv.obj (.cinit:_pfDelayedFunction_u8)
                  003f1d72    0000000b     CSMON_C28xx.lib : hmrecparam.obj (.cinit:_sRecStatusParamInternal)
                  003f1d7d    0000000b                     : uart_drv.obj (.cinit:_u32TimeDiffLast)
                  003f1d88    0000000b                     : uart_drv.obj (.cinit:_u32TimeDiffNow)
                  003f1d93    0000000b                     : uart_drv.obj (.cinit:_u32TimeDiffRead)
                  003f1d9e    00000009                     : hmserial.obj (.cinit)
                  003f1da7    00000009                     : csmon.obj (.cinit:_CSMON_au32FileAutorization_FunctionAfterWriteFileRecord)
                  003f1db0    00000009                     : csmon.obj (.cinit:_CSMON_sFileParameterCount)
                  003f1db9    00000008                     : hmlib.obj (.cinit)
                  003f1dc1    00000007                     : csmon.obj (.cinit:_CSMON_au8FileRecorderStatusElementsSizeTable)
                  003f1dc8    00000007                     : modbusreg.obj (.cinit:_MODBUSREG_au8DeviceIDMajorMinorRevision)
                  003f1dcf    00000007                     : modbusreg.obj (.cinit:_MODBUSREG_au8DeviceIDProductCode)
                  003f1dd6    00000007                     : uart_drv.obj (.cinit:_UARTRxBufferRDCount)
                  003f1ddd    00000007                     : uart_drv.obj (.cinit:_UARTRxBufferRDIndex)
                  003f1de4    00000007                     : uart_drv.obj (.cinit:_UARTRxBufferWRCount)
                  003f1deb    00000007                     : uart_drv.obj (.cinit:_UARTRxBufferWRIndex)
                  003f1df2    00000007     uart_driver.obj (.cinit:_UART_DRV_RxBufferRDCount)
                  003f1df9    00000007     uart_driver.obj (.cinit:_UART_DRV_RxBufferWRCount)
                  003f1e00    00000007     uart_driver.obj (.cinit:_UART_DRV_RxBufferWRIndex)
                  003f1e07    00000006     CSMON_C28xx.lib : csmon.obj (.cinit:_CSMON_abFileAutorization_RecordReadOnly)
                  003f1e0d    00000006                     : csmon.obj (.cinit:_CSMON_abFileAutorization_RecordStringData)
                  003f1e13    00000006                     : csmon.obj (.cinit:_CSMON_au16FileAutorization_RecordOffsets)
                  003f1e19    00000006                     : csmon.obj (.cinit:_CSMON_sFileProtocolVersion)
                  003f1e1f    00000005     rts2800_ml.lib : _lock.c.obj (.cinit:__lock)
                  003f1e24    00000005                    : _lock.c.obj (.cinit:__unlock)
                  003f1e29    00000005     CSMON_C28xx.lib : hmscopeparam.obj (.cinit:_pBufferScope)
                  003f1e2e    00000004                     : hmscopeparam.obj (.cinit)
                  003f1e32    00000004                     : uart_drv.obj (.cinit)
                  003f1e36    00000004                     : csmon.obj (.cinit:_CSMON_au8FileParameterListElementsSizeTablePart1_1)
                  003f1e3a    00000004                     : csmon.obj (.cinit:_CSMON_au8FileParameterListElementsSizeTablePart1_2)
                  003f1e3e    00000004                     : csmon.obj (.cinit:_CSMON_au8FileParameterListElementsSizeTablePart1_3)
                  003f1e42    00000004                     : csmon.obj (.cinit:_CSMON_au8FileParameterListElementsSizeTablePart1_4)
                  003f1e46    00000004                     : csmon.obj (.cinit:_CSMON_au8FileParameterListElementsSizeTablePart2)
                  003f1e4a    00000004                     : csmon.obj (.cinit:_CSMON_au8FileParameterListElementsSizeTablePart3)
                  003f1e4e    00000004                     : csmon.obj (.cinit:_CSMON_au8FileRecorderDataElementsSizeTableUsedLength)
                  003f1e52    00000004                     : csmon.obj (.cinit:_CSMON_au8FileScopeStatusElementsSizeTable)
                  003f1e56    00000004                     : csmon.obj (.cinit:_CSMON_sFileParameterAccessList)
                  003f1e5a    00000004                     : hmmodbus.obj (.cinit:_HMMODBUS_u32RegisterAddressDummyuSize)
                  003f1e5e    00000004                     : modbusreg.obj (.cinit:_MODBUSREG_asFileTable)
                  003f1e62    00000004     rts2800_ml.lib : errno.c.obj (.cinit)
                  003f1e66    00000002     --HOLE-- [fill = 0]

.pinit     0    003e8000    00000000     UNINITIALIZED

.text      0    003e8000    00006128     
                  003e8000    00001347     CSMON_C28xx.lib : hmmodbus.obj (.text:_HMMODBUS_bDecoder)
                  003e9347    000006e1                     : modbusreg.obj (.text:_MODBUSREG_AddressTablesInit)
                  003e9a28    00000698     rts2800_ml.lib : k_rem_pio2.c.obj (.text)
                  003ea0c0    000001b3     CSMON_C28xx.lib : csmon.obj (.text:_CSMON_eSetParameter)
                  003ea273    000001ac     main.obj (.text:_main)
                  003ea41f    0000017f     CSMON_C28xx.lib : csmon.obj (.text:_CSMON_eSetUpRecParam)
                  003ea59e    00000167                     : csmon.obj (.text:_CSMON_eProcess)
                  003ea705    00000146                     : hmmodbus.obj (.text:_HMMODBUS_Rx)
                  003ea84b    0000011b                     : hmmodbus.obj (.text:_HMMODBUS_vSetFreeRunTimerPrescaller)
                  003ea966    00000114     rts2800_ml.lib : s_sinf.c.obj (.text)
                  003eaa7a    00000107                    : ll_div28.asm.obj (.text)
                  003eab81    000000f5     CSMON_C28xx.lib : hmdrv.obj (.text:_HMDRV_vInit)
                  003eac76    000000f1                     : csmon.obj (.text:_CSMON_vFileRecoderStatusFix)
                  003ead67    000000e9                     : hmprotocol.obj (.text:_HMPROTOCOL_bDecoder)
                  003eae50    000000e8                     : hmrecparam.obj (.text:_HMRECPRM_vProcess)
                  003eaf38    000000e8     rts2800_ml.lib : s_floor.c.obj (.text)
                  003eb020    000000e4     main.obj (.text:_ControlProcess)
                  003eb104    000000d3     CSMON_C28xx.lib : csmon.obj (.text:_CSMON_vSetupHoldingRegistersAndCoilsAddressTableFromCSMONParameterList)
                  003eb1d7    000000c1                     : csmon.obj (.text:_CSMON_eInit)
                  003eb298    000000bc                     : hmrecparam.obj (.text:_HMRECPRM_SetUpRec)
                  003eb354    000000b8                     : hmrec.obj (.text:_HMREC_SetUpRec)
                  003eb40c    000000aa                     : hmdrv.obj (.text:_HMDRV_CopyFromBufferInternalModbusBitField)
                  003eb4b6    000000aa     rts2800_ml.lib : s_scalbn.c.obj (.text)
                  003eb560    000000a7                    : e_rem_pio2f.c.obj (.text)
                  003eb607    000000a3     tmr_drv.obj (.text:_TMR2_ISR)
                  003eb6aa    0000009c     rts2800_ml.lib : fd_add28.asm.obj (.text)
                  003eb746    0000009b     CSMON_C28xx.lib : hmmodbus.obj (.text:_HMMODBUS_GetRealRegisterAddressAndSize)
                  003eb7e1    00000099     main.obj (.text:_RecordersInitialization)
                  003eb87a    00000092     CSMON_C28xx.lib : hmdrv.obj (.text:_HMDRV_CopyMemory)
                  003eb90c    00000092                     : hmdrv.obj (.text:_HMDRV_CopyToBufferInternalModbus)
                  003eb99e    00000092     main.obj (.text:_ParameterInitialization)
                  003eba30    00000092     rts2800_ml.lib : k_sinf.c.obj (.text)
                  003ebac2    00000090     CSMON_C28xx.lib : csmon.obj (.text:_CSMON_vSetDateTimeAutorization)
                  003ebb52    0000008b     rts2800_ml.lib : fd_div28.asm.obj (.text)
                  003ebbdd    00000087     CSMON_C28xx.lib : hmrecparam.obj (.text:_HMRECPRM_SetUpRecParamStatusDateTime)
                  003ebc64    00000087     rts2800_ml.lib : k_cosf.c.obj (.text)
                  003ebceb    00000083     CSMON_C28xx.lib : hmdrv.obj (.text:_HMDRV_CopyFromBufferInternalModbus)
                  003ebd6e    00000083     rts2800_ml.lib : fd_mpy28.asm.obj (.text)
                  003ebdf1    00000083                    : fs_div28.asm.obj (.text)
                  003ebe74    0000007f     CSMON_C28xx.lib : hmserial.obj (.text:_HMSERIAL_vProcessSCI)
                  003ebef3    0000007d                     : csmon.obj (.text:_CSMON_vPrepareFileParameterAccessList)
                  003ebf70    00000078     rts2800_ml.lib : fs_add28.asm.obj (.text)
                  003ebfe8    0000006a     CSMON_C28xx.lib : hmserial.obj (.text:_HMSERIAL_Rx)
                  003ec052    00000068                     : hmmodbus.obj (.text:_HMMODBUS_vProcessSCI)
                  003ec0ba    00000068                     : hmprotocol.obj (.text:_HMPROTOCOL_GetBoardInfo)
                  003ec122    00000067                     : hmmodbus.obj (.text:_HMMODBUS_CopyFromBuffer)
                  003ec189    00000065                     : hmmodbus.obj (.text:_vSetElementsSize)
                  003ec1ee    00000064                     : hmrec.obj (.text:_HMREC_vProcess)
                  003ec252    00000064                     : modbusreg.obj (.text:_MODBUSREG_vInit)
                  003ec2b6    0000005f     F2806x_SysCtrl.obj (.text:_InitPeripheralClocks)
                  003ec315    0000005d     CSMON_C28xx.lib : uart_drv.obj (.text:_UART_RXInterrupt)
                  003ec372    0000005a     gpio.obj (.text:_GPIO_setPinConfigOutput)
                  003ec3cc    0000005a     rts2800_ml.lib : fs_mpy28.asm.obj (.text)
                  003ec426    00000059     CSMON_C28xx.lib : csmon.obj (.text:_CSMON_vUpdateDateTimeFromApplication)
                  003ec47f    00000057                     : csmon.obj (.text:_CSMON_bCheckValidDateTime)
                  003ec4d6    00000057     uart_driver.obj (.text:_UART_DRV_RXInterrupt)
                  003ec52d    00000055     CSMON_C28xx.lib : modbusreg.obj (.text:_MODBUSREG_FileRecorderExternalUpdateInit)
                  003ec582    00000054     rts2800_ml.lib : boot28.asm.obj (.text)
                  003ec5d6    00000051     F2806x_SysCtrl.obj (.text:_InitPll)
                  003ec627    0000004f     device.obj (.text:_Device_CsmUnlock)
                  003ec676    0000004e     CSMON_C28xx.lib : hmrecparam.obj (.text:_HMRECPRM_StartRecParam)
                  003ec6c4    0000004c                     : hmmodbus.obj (.text:_HMMODBUS_GetRegisterFunction)
                  003ec710    0000004c                     : hmmodbus.obj (.text:_HMMODBUS_vSendResponse)
                  003ec75c    0000004c                     : hmrecparam.obj (.text:_HMRECPRM_vTimeSync)
                  003ec7a8    00000047                     : hmmodbus.obj (.text:_HMMODBUS_CopyToBuffer)
                  003ec7ef    00000047                     : hmscopeparam.obj (.text:_HMSCOPEPRM_SetUpScope)
                  003ec836    00000046                     : csmon.obj (.text:_CSMON_eSetRecorderTriggerAtPosition)
                  003ec87c    00000043                     : hmscopeparam.obj (.text:_HMSCOPEPRM_ReadScope)
                  003ec8bf    00000042     interrupt.obj (.text:_Interrupt_enable)
                  003ec901    00000040     main.obj (.text:_ExternalParametersInitialization)
                  003ec941    0000003f     CSMON_C28xx.lib : hmdrv.obj (.text:_HMDRV_CopyFromBufferInternal)
                  003ec980    0000003d                     : hmmodbus.obj (.text:_vSetStartSampleIndex)
                  003ec9bd    0000003c     tmr_drv.obj (.text:_configCPUTimer)
                  003ec9f9    0000003b     CSMON_C28xx.lib : csmon.obj (.text:_CSMON_u32GetRealAddressAndSizeOffsetFromParameter)
                  003eca34    0000003b                     : csmon.obj (.text:_CSMON_vInitParameterListRealAddressRecordTables)
                  003eca6f    0000003b                     : hmscope.obj (.text:_HMSCOPE_SetUpScope)
                  003ecaaa    00000038                     : csmon.obj (.text:_CSMON_eSetRecorderConfigurationSkipSamples)
                  003ecae2    00000038     device.obj (.text:_Device_init)
                  003ecb1a    00000038     CSMON_C28xx.lib : uart_drv.obj (.text:_UART_ReadDataRx)
                  003ecb52    00000036                     : csmon.obj (.text:_CSMON_vRecorderParamStartStopProcess)
                  003ecb88    00000036                     : hmscope.obj (.text:_HMSCOPE_ReadScope)
                  003ecbbe    00000036                     : hmserial.obj (.text:_HMSERIAL_vSendResponse)
                  003ecbf4    00000035                     : hmdrv.obj (.text:_HMDRV_CopyToBufferInternal)
                  003ecc29    00000033                     : hmmodbus.obj (.text:_HMMODBUS_Listen)
                  003ecc5c    0000002e                     : hmserial.obj (.text:_HMSERIAL_vProcessSCIFreemasterOnly)
                  003ecc8a    0000002d                     : csmon.obj (.text:_CSMON_eSetParameterInRecorderAtPosition)
                  003eccb7    0000002d                     : csmon.obj (.text:_CSMON_eSetParameterInScopeAtPosition)
                  003ecce4    0000002d                     : csmon.obj (.text:_CSMON_vInitRecorders)
                  003ecd11    0000002d                     : csmon.obj (.text:_CSMON_vSetupHoldingRegistersAndCoilsAddressTableAccessAll)
                  003ecd3e    0000002d                     : hmserial.obj (.text:_HMSERIAL_Listen)
                  003ecd6b    0000002d                     : hmrecparam.obj (.text:_RecorderTimeFromLocalDateTime)
                  003ecd98    0000002b                     : hmrecparam.obj (.text:_FillTimeData)
                  003ecdc3    0000002a     rts2800_ml.lib : fd_cmp28.asm.obj (.text)
                  003ecded    00000029                    : exit.c.obj (.text)
                  003ece16    00000029                    : fs_tol28.asm.obj (.text)
                  003ece3f    00000028     CSMON_C28xx.lib : csmon.obj (.text:_CSMON_bAutorizationPasswordCheck)
                  003ece67    00000028                     : csmon.obj (.text:_CSMON_u16FindIndexParameterTable)
                  003ece8f    00000028                     : modbusreg.obj (.text:_MODBUSREG_vInitHoldingRegistersTableChangesExternalList)
                  003eceb7    00000028     main.obj (.text:_ScopesInitialization)
                  003ecedf    00000027     CSMON_C28xx.lib : hmserial.obj (.text:_HMSERIAL_vProcessSCITXISR)
                  003ecf06    00000026                     : hmdrv.obj (.text:_HMDRV_CopyFromBufferInternalWithMaskModbus)
                  003ecf2c    00000025                     : hmserial.obj (.text:_HMSERIAL_Tx)
                  003ecf51    00000025     rts2800_ml.lib : fs_toi28.asm.obj (.text)
                  003ecf76    00000024     CSMON_C28xx.lib : csmon.obj (.text:_CSMON_vAutorizationReset)
                  003ecf9a    00000024                     : hmprotocol.obj (.text:_HMPROTOCOL_ReadMem)
                  003ecfbe    00000024                     : hmrecparam.obj (.text:_RecorderDateFromLocalDateTime)
                  003ecfe2    00000024     sci_driver.obj (.text:_SCIA_DRV_RXFIFOISR)
                  003ed006    00000024     sci_driver.obj (.text:_SCIA_DRV_TXFIFOISR)
                  003ed02a    00000024     sci_drv.obj (.text:_SCIA_RXFIFOISR)
                  003ed04e    00000024     sci_drv.obj (.text:_SCIA_TXFIFOISR)
                  003ed072    00000024     sci_driver.obj (.text:_SCIB_DRV_RXFIFOISR)
                  003ed096    00000024     sci_driver.obj (.text:_SCIB_DRV_TXFIFOISR)
                  003ed0ba    00000024     sci_drv.obj (.text:_SCIB_RXFIFOISR)
                  003ed0de    00000024     sci_drv.obj (.text:_SCIB_TXFIFOISR)
                  003ed102    00000024     tmr_drv.obj (.text:_TMR_vInit)
                  003ed126    00000024     CSMON_C28xx.lib : hmmodbus.obj (.text:_vSetSampleCountAvailable)
                  003ed14a    00000024     rts2800_ml.lib : cpy_tbl.c.obj (.text)
                  003ed16e    00000023     CSMON_C28xx.lib : csmon.obj (.text:_CSMON_vRecorderParamSetupProcess)
                  003ed191    00000023                     : hmlib.obj (.text:_HMLIB_vInit)
                  003ed1b4    00000023                     : modbusreg.obj (.text:_MODBUSREG_FileRecorderElementSizeTableUsedSizeUpdateInit)
                  003ed1d7    00000023     rts2800_ml.lib : s_copysign.c.obj (.text)
                  003ed1fa    00000022                    : i_div28.asm.obj (.text)
                  003ed21c    00000021     CSMON_C28xx.lib : hmdrv.obj (.text:_HMDRV_CopyFromBufferInternalWithMask)
                  003ed23d    00000021     sci.obj (.text:_SCI_setConfig)
                  003ed25e    00000021     rts2800_ml.lib : fd_tofs28.asm.obj (.text)
                  003ed27f    00000021                    : fs_toul28.asm.obj (.text)
                  003ed2a0    00000020     CSMON_C28xx.lib : hmdrv.obj (.text:_HMDRV_vProcess)
                  003ed2c0    00000020     tmr_drv.obj (.text:_TMR_vInitCPUTimers)
                  003ed2e0    00000020     CSMON_C28xx.lib : hmmodbus.obj (.text:_vSetSampleCountBuffer)
                  003ed300    0000001f                     : hmmodbus.obj (.text:_HMMODBUS_vInit)
                  003ed31f    0000001f     F2806x_PieCtrl.obj (.text:_InitPieCtrl)
                  003ed33e    0000001f     CSMON_C28xx.lib : hmmodbus.obj (.text:_vSetSampleSize)
                  003ed35d    0000001f     rts2800_ml.lib : fd_tol28.asm.obj (.text)
                  003ed37c    0000001d     CSMON_C28xx.lib : hmmodbus.obj (.text:_HMMODBUS_Tx)
                  003ed399    0000001d                     : hmrecparam.obj (.text:_HMRECPRM_GetRecBuffFreemaster)
                  003ed3b6    0000001d                     : hmrec.obj (.text:_HMREC_GetRecBuffFreemaster)
                  003ed3d3    0000001d     rts2800_ml.lib : fs_tou28.asm.obj (.text)
                  003ed3f0    0000001d                    : memcpy.c.obj (.text)
                  003ed40d    0000001c     CSMON_C28xx.lib : csmon.obj (.text:_CSMON_eSetParameterListParameterID)
                  003ed429    0000001c     main.obj (.text:_CSMON_vGetDateTime)
                  003ed445    0000001c     CSMON_C28xx.lib : csmon.obj (.text:_HMRECPRM_vGetDateTime)
                  003ed461    0000001c     sci.obj (.text:_SCI_clearInterruptStatus)
                  003ed47d    0000001c     CSMON_C28xx.lib : hmmodbus.obj (.text:_vSetIndexFileTable)
                  003ed499    0000001c     rts2800_ml.lib : fs_tofd28.asm.obj (.text)
                  003ed4b5    0000001c                    : l_tofd28.asm.obj (.text)
                  003ed4d1    0000001b     device.obj (.text:_Device_initGPIO)
                  003ed4ec    0000001b     CSMON_C28xx.lib : hmdrv.obj (.text:_HMDRV_AddressToBuffer)
                  003ed507    0000001b     rts2800_ml.lib : fd_toul28.asm.obj (.text)
                  003ed522    0000001a     CSMON_C28xx.lib : csmon.obj (.text:_CSMON_eSetParameterListRealAddress)
                  003ed53c    0000001a                     : hmmodbus.obj (.text:_HMMODBUS_vProcessSCITXISR)
                  003ed556    0000001a                     : hmrecparam.obj (.text:_HMRECPRM_StartRec)
                  003ed570    0000001a                     : hmserial.obj (.text:_HMSERIAL_vProcessSCITXISRFreemasterOnly)
                  003ed58a    0000001a     sci.obj (.text:_SCI_disableInterrupt)
                  003ed5a4    0000001a     sci.obj (.text:_SCI_enableInterrupt)
                  003ed5be    0000001a     rts2800_ml.lib : l_tofs28.asm.obj (.text)
                  003ed5d8    00000019     CSMON_C28xx.lib : csmon.obj (.text:_CSMON_eSetParameterCountInRecorder)
                  003ed5f1    00000019                     : hmdrv.obj (.text:_HMDRV_AddressFromBuffer)
                  003ed60a    00000019                     : uart_drv.obj (.text:_UART_vInit)
                  003ed623    00000019                     : hmmodbus.obj (.text:_bGetFileReadAccess)
                  003ed63c    00000019     rts2800_ml.lib : prolog28.asm.obj (.text)
                  003ed655    00000018     CSMON_C28xx.lib : csmon.obj (.text:_CSMON_u32GetFreeRunningTimerMicroseconds)
                  003ed66d    00000018                     : hmlib.obj (.text:_HMLIB_vProcessSCITXISRWithIndex)
                  003ed685    00000018     F2806x_SysCtrl.obj (.text:_InitSysCtrl)
                  003ed69d    00000018     rts2800_ml.lib : ll_aox28.asm.obj (.text)
                  003ed6b5    00000017     CSMON_C28xx.lib : csmon.obj (.text:_CSMON_vSaveRecorderConfig)
                  003ed6cc    00000017                     : hmmodbus.obj (.text:_HMMODBUS_vProcessTxDelay)
                  003ed6e3    00000017                     : hmprotocol.obj (.text:_HMPROTOCOL_WriteMem)
                  003ed6fa    00000017                     : hmprotocol.obj (.text:_HMPROTOCOL_WriteMemMask)
                  003ed711    00000017                     : hmmodbus.obj (.text:_vSetBufferAddressStart)
                  003ed728    00000017     rts2800_ml.lib : fs_cmp28.asm.obj (.text)
                  003ed73f    00000017                    : u_tofd28.asm.obj (.text)
                  003ed756    00000016     CSMON_C28xx.lib : csmon.obj (.text:_CSMON_eSetParameterCountInScope)
                  003ed76c    00000016                     : hmdrv.obj (.text:_HMDRV_AddressFromBufferBigEndian)
                  003ed782    00000015                     : hmrecparam.obj (.text:_HMRECPRM_Comparefloat)
                  003ed797    00000015                     : hmrec.obj (.text:_HMREC_Comparefloat)
                  003ed7ac    00000015                     : hmrec.obj (.text:_HMREC_StartRec)
                  003ed7c1    00000015     F2806x_Gpio.obj (.text:_InitGpio)
                  003ed7d6    00000014     CSMON_C28xx.lib : csmon.obj (.text:_CSMON_vFileParameterCountCheckSumUpdate)
                  003ed7ea    00000014                     : hmlib.obj (.text:_HMLIB_vProcessFastTD)
                  003ed7fe    00000014                     : hmmodbus.obj (.text:_HMMODBUS_DelayedTx)
                  003ed812    00000014                     : hmrecparam.obj (.text:_HMRECPRM_StopRecParam)
                  003ed826    00000014                     : hmserial.obj (.text:_HMSERIAL_DelayedTx)
                  003ed83a    00000013                     : csmon.obj (.text:_CSMON_eSetFlagProcessPassed)
                  003ed84d    00000013     rts2800_ml.lib : ul_tofs28.asm.obj (.text)
                  003ed860    00000012     CSMON_C28xx.lib : hmdrv.obj (.text:_HMDRV_GetStringLengthFromWordInternal)
                  003ed872    00000012                     : hmmodbus.obj (.text:_HMMODBUS_vSetupRegisterDummy)
                  003ed884    00000012                     : hmrecparam.obj (.text:_HMRECPRM_CompareBOOL)
                  003ed896    00000012                     : modbusreg.obj (.text:_MODBUSREG_FileShortNameElementSizeandAddressUpdateInit)
                  003ed8a8    00000012                     : modbusreg.obj (.text:_MODBUSREG_vFileDenyAccess)
                  003ed8ba    00000012                     : uart_drv.obj (.text:_UART_TxIntDis)
                  003ed8cc    00000012                     : uart_drv.obj (.text:_UART_TxIntEna)
                  003ed8de    00000012                     : hmmodbus.obj (.text:_u32BytesMemoryToBytesModbus)
                  003ed8f0    00000012                     : hmmodbus.obj (.text:_u32BytesModbusToBytesMemory)
                  003ed902    00000011     main.obj (.text:_CSMON_vSetDateTime)
                  003ed913    00000011     CSMON_C28xx.lib : hmserial.obj (.text:_HMSERIAL_vInit)
                  003ed924    00000011     F2806x_PieVect.obj (.text:_InitPieVectTable)
                  003ed935    00000011     main.obj (.text:_vSetWatchdogPrescalerTimeDiv)
                  003ed946    00000011     rts2800_ml.lib : args_main.c.obj (.text)
                  003ed957    00000010     CSMON_C28xx.lib : csmon.obj (.text:_CSMON_eSetParameterListRegisterFlags)
                  003ed967    00000010     device.obj (.text:_Example_MemCopy)
                  003ed977    00000010     F2806x_SysCtrl.obj (.text:_IntOsc1Sel)
                  003ed987    00000010     CSMON_C28xx.lib : hmmodbus.obj (.text:_bIsValidEndAddressInBuffer)
                  003ed997    00000010     main.obj (.text:_vGetWatchdogPrescaler)
                  003ed9a7    00000010     rts2800_ml.lib : u_tofs28.asm.obj (.text)
                  003ed9b7    0000000f     CSMON_C28xx.lib : hmmodbus.obj (.text:_HMMODBUS_CalcCRC)
                  003ed9c6    0000000f                     : modbusreg.obj (.text:_MODBUSREG_FileParameterListAddressUpdateInit)
                  003ed9d5    0000000f                     : uart_drv.obj (.text:_UART_IsTxEmpty)
                  003ed9e4    0000000e                     : hmdrv.obj (.text:_HMDRV_GetStringLengthInternal)
                  003ed9f2    0000000e                     : hmrecparam.obj (.text:_HMRECPRM_Compare16S)
                  003eda00    0000000e                     : hmrecparam.obj (.text:_HMRECPRM_Compare16U)
                  003eda0e    0000000e                     : hmrecparam.obj (.text:_HMRECPRM_Compare32S)
                  003eda1c    0000000e                     : hmrecparam.obj (.text:_HMRECPRM_Compare32U)
                  003eda2a    0000000e                     : hmrecparam.obj (.text:_HMRECPRM_Compare8S)
                  003eda38    0000000e                     : hmrecparam.obj (.text:_HMRECPRM_Compare8U)
                  003eda46    0000000e                     : hmrec.obj (.text:_HMREC_Compare16S)
                  003eda54    0000000e                     : hmrec.obj (.text:_HMREC_Compare16U)
                  003eda62    0000000e                     : hmrec.obj (.text:_HMREC_Compare32S)
                  003eda70    0000000e                     : hmrec.obj (.text:_HMREC_Compare32U)
                  003eda7e    0000000e                     : hmrec.obj (.text:_HMREC_Compare8S)
                  003eda8c    0000000e                     : hmrec.obj (.text:_HMREC_Compare8U)
                  003eda9a    0000000e                     : hmmodbus.obj (.text:_u32FitAddressCircleBufferInside)
                  003edaa8    0000000e     rts2800_ml.lib : fd_sub28.asm.obj (.text)
                  003edab6    0000000d     CSMON_C28xx.lib : csmon.obj (.text:_CSMON_eResetParameterTable)
                  003edac3    0000000d                     : csmon.obj (.text:_CSMON_vInitHoldingRegistersTableChanges)
                  003edad0    0000000d                     : hmrecparam.obj (.text:_HMRECPRM_IsJustStopped)
                  003edadd    0000000d                     : hmrecparam.obj (.text:_HMRECPRM_StopRec)
                  003edaea    0000000d                     : hmrec.obj (.text:_HMREC_StopRec)
                  003edaf7    0000000d                     : modbusreg.obj (.text:_MODBUSREG_vFileAllowAccess)
                  003edb04    0000000d     tmr_drv.obj (.text:_TIMER_vSetupTimerMainFunctionDelayCompare)
                  003edb11    0000000d     CSMON_C28xx.lib : uart_drv.obj (.text:_UART_ReadDataRxAvailable)
                  003edb1e    0000000c                     : hmlib.obj (.text:_HMLIB_vProcess)
                  003edb2a    0000000c                     : hmrecparam.obj (.text:_HMRECPRM_GetBufferRecParamPtrAddress)
                  003edb36    0000000c                     : hmrecparam.obj (.text:_HMRECPRM_TriggerRec)
                  003edb42    0000000c                     : hmmodbus.obj (.text:_u32FixAddressCircleBufferOverflow)
                  003edb4e    0000000c     rts2800_ml.lib : epilog28.asm.obj (.text)
                  003edb5a    0000000b     CSMON_C28xx.lib : hmmodbus.obj (.text:_HMMODBUS_vProcessFastTD)
                  003edb65    0000000b                     : hmrecparam.obj (.text:_HMRECPRM_IsRunning)
                  003edb70    0000000b                     : hmserial.obj (.text:_HMSERIAL_vProcessFastTD)
                  003edb7b    0000000b                     : modbusreg.obj (.text:_MODBUSREG_vDataZero)
                  003edb86    0000000b     sci_driver.obj (.text:_SCI_DRV_eGetModuleIndexFromBase)
                  003edb91    0000000b     sci_drv.obj (.text:_SCI_eGetModuleIndexFromBase)
                  003edb9c    0000000b     CSMON_C28xx.lib : uart_drv.obj (.text:_UART_TxDis)
                  003edba7    0000000b                     : uart_drv.obj (.text:_UART_TxEna)
                  003edbb2    0000000b                     : hmmodbus.obj (.text:_bIsValidIndexFileTable)
                  003edbbd    0000000b     rts2800_ml.lib : u_div28.asm.obj (.text)
                  003edbc8    0000000a     CSMON_C28xx.lib : hmrecparam.obj (.text:_HMRECPRM_ClrLastStopDetectionToRecorderStopSamplesCounter)
                  003edbd2    0000000a                     : hmrecparam.obj (.text:_HMRECPRM_GetRecStatus)
                  003edbdc    0000000a                     : hmrec.obj (.text:_HMREC_GetRecStatus)
                  003edbe6    00000009                     : csmon.obj (.text:_CSMON_eSetParameterListRegisterSize)
                  003edbef    00000009                     : csmon.obj (.text:_CSMON_eSetParameterListShortNaming)
                  003edbf8    00000009                     : csmon.obj (.text:_CSMON_eSetServerOnStatus)
                  003edc01    00000009                     : hmlib.obj (.text:_HMLIB_vInitRecParamBuff)
                  003edc0a    00000009                     : hmmodbus.obj (.text:_HMMODBUS_vProcessFreeTimer)
                  003edc13    00000009                     : hmmodbus.obj (.text:_HMMODBUS_vProcessRxDelay)
                  003edc1c    00000009                     : hmrecparam.obj (.text:_HMRECPRM_GetExternBufferRecParamLastPointedAddress)
                  003edc25    00000009                     : hmrecparam.obj (.text:_HMRECPRM_GetExternBufferRecParamPtrAddress)
                  003edc2e    00000009                     : hmrec.obj (.text:_HMREC_TriggerRec)
                  003edc37    00000009                     : hmscopeparam.obj (.text:_HMSCOPEPRM_GetBufferScopeParamAddress)
                  003edc40    00000009                     : hmserial.obj (.text:_HMSERIAL_vProcessFreeTimer)
                  003edc49    00000009     tmr_drv.obj (.text:_TIMER_vResetTimerMainFunctionDelayCounter)
                  003edc52    00000009     tmr_drv.obj (.text:_TIMER_vSetupTimerMainDelayedFunctionSendData)
                  003edc5b    00000009     CSMON_C28xx.lib : uart_drv.obj (.text:_UART_PutChar)
                  003edc64    00000009                     : uart_drv.obj (.text:_UART_ReadDataRxTimeDiff)
                  003edc6d    00000009     rts2800_ml.lib : _lock.c.obj (.text)
                  003edc76    00000009                    : fd_neg28.asm.obj (.text)
                  003edc7f    00000008     Example_Flash2806x_CsmKeys.obj (.text)
                  003edc87    00000008     F2806x_CodeStartBranch.obj (.text)
                  003edc8f    00000008     F2806x_SysCtrl.obj (.text:_DisableDog)
                  003edc97    00000008     CSMON_C28xx.lib : hmdrv.obj (.text:_HMDRV_CopyFromBufferWithMaskModbus)
                  003edc9f    00000008                     : hmmodbus.obj (.text:_HMMODBUS_vSetupHoldingRegistersProcessFuncTable)
                  003edca7    00000008                     : hmmodbus.obj (.text:_HMMODBUS_vSetupHoldingRegistersRealAddressTable)
                  003edcaf    00000008                     : hmmodbus.obj (.text:_HMMODBUS_vSetupHoldingRegistersRegisterFlagsTable)
                  003edcb7    00000008                     : hmmodbus.obj (.text:_HMMODBUS_vSetupHoldingRegistersRegisterSizeTable)
                  003edcbf    00000008                     : hmmodbus.obj (.text:_HMMODBUS_vSetupHoldingRegistersVirtAddressTable)
                  003edcc7    00000008                     : hmrecparam.obj (.text:_HMRECPRM_GetExternRecParamAddress)
                  003edccf    00000008                     : hmrecparam.obj (.text:_HMRECPRM_GetExternRecParamPtrMaximumUsedSampleCount)
                  003edcd7    00000008                     : hmrecparam.obj (.text:_HMRECPRM_GetExternRecParamPtrSampleSize)
                  003edcdf    00000008                     : hmrecparam.obj (.text:_HMRECPRM_GetRecParamPtrAvailableSampleCount)
                  003edce7    00000008                     : hmrecparam.obj (.text:_HMRECPRM_GetRecParamPtrLastSampleIndex)
                  003edcef    00000008                     : hmrecparam.obj (.text:_HMRECPRM_GetRecParamPtrMaximumUsedSampleCount)
                  003edcf7    00000008                     : hmrecparam.obj (.text:_HMRECPRM_GetRecParamPtrSampleSize)
                  003edcff    00000008                     : hmrecparam.obj (.text:_HMRECPRM_GetStatusRecParamAddress)
                  003edd07    00000008                     : hmrecparam.obj (.text:_HMRECPRM_vInit)
                  003edd0f    00000008                     : hmrec.obj (.text:_HMREC_vInit)
                  003edd17    00000007     F2806x_DisInt.obj (.text)
                  003edd1e    00000007     CSMON_C28xx.lib : csmon.obj (.text:_CSMON_eSetParameterListAccessLevel)
                  003edd25    00000007                     : csmon.obj (.text:_CSMON_eSetParameterListBitsCount)
                  003edd2c    00000007                     : csmon.obj (.text:_CSMON_eSetParameterListFunctionCode)
                  003edd33    00000007                     : hmlib.obj (.text:_HMLIB_vProcessDifferentPorts)
                  003edd3a    00000007                     : hmlib.obj (.text:_HMLIB_vProcessRecorders)
                  003edd41    00000007                     : hmrecparam.obj (.text:_HMRECPRM_vResetAllStopDetections)
                  003edd48    00000007                     : hmscopeparam.obj (.text:_HMSCOPEPRM_GetStatusScopeParamAddress)
                  003edd4f    00000007                     : modbusreg.obj (.text:_MODBUSREG_vInitHoldingRegistersTableChanges)
                  003edd56    00000007     sci_driver.obj (.text:_SCI_DRV_u32GetBaseFromModuleIndex)
                  003edd5d    00000007     sci_drv.obj (.text:_SCI_u32GetBaseFromModuleIndex)
                  003edd64    00000006     cputimer.obj (.text:_CPUTimer_setEmulationMode)
                  003edd6a    00000006     CSMON_C28xx.lib : hmrecparam.obj (.text:_HMRECPRM_SetUpRecBuff)
                  003edd70    00000006                     : hmrec.obj (.text:_HMREC_SetUpRecBuff)
                  003edd76    00000006     tmr_drv.obj (.text:_TIMER_u16ResetTimerMainPeriod)
                  003edd7c    00000006     uart_driver.obj (.text:_UART_DRV_GetChar)
                  003edd82    00000006     CSMON_C28xx.lib : uart_drv.obj (.text:_UART_GetChar)
                  003edd88    00000005     F2806x_DefaultIsr.obj (.text:_ADCINT1_ISR)
                  003edd8d    00000005     F2806x_DefaultIsr.obj (.text:_ADCINT2_ISR)
                  003edd92    00000005     F2806x_DefaultIsr.obj (.text:_ADCINT3_ISR)
                  003edd97    00000005     F2806x_DefaultIsr.obj (.text:_ADCINT4_ISR)
                  003edd9c    00000005     F2806x_DefaultIsr.obj (.text:_ADCINT5_ISR)
                  003edda1    00000005     F2806x_DefaultIsr.obj (.text:_ADCINT6_ISR)
                  003edda6    00000005     F2806x_DefaultIsr.obj (.text:_ADCINT7_ISR)
                  003eddab    00000005     F2806x_DefaultIsr.obj (.text:_ADCINT8_ISR)
                  003eddb0    00000005     F2806x_DefaultIsr.obj (.text:_ADCINT9_ISR)
                  003eddb5    00000005     F2806x_DefaultIsr.obj (.text:_CLA1_INT1_ISR)
                  003eddba    00000005     F2806x_DefaultIsr.obj (.text:_CLA1_INT2_ISR)
                  003eddbf    00000005     F2806x_DefaultIsr.obj (.text:_CLA1_INT3_ISR)
                  003eddc4    00000005     F2806x_DefaultIsr.obj (.text:_CLA1_INT4_ISR)
                  003eddc9    00000005     F2806x_DefaultIsr.obj (.text:_CLA1_INT5_ISR)
                  003eddce    00000005     F2806x_DefaultIsr.obj (.text:_CLA1_INT6_ISR)
                  003eddd3    00000005     F2806x_DefaultIsr.obj (.text:_CLA1_INT7_ISR)
                  003eddd8    00000005     F2806x_DefaultIsr.obj (.text:_CLA1_INT8_ISR)
                  003edddd    00000005     CSMON_C28xx.lib : csmon.obj (.text:_CSMON_eSetAutoServiceWatchdogInternalSlowCalculationsInMainLoop)
                  003edde2    00000005                     : csmon.obj (.text:_CSMON_eSetFirmwareApplicationVersion)
                  003edde7    00000005                     : csmon.obj (.text:_CSMON_eSetMaxTimeInISR)
                  003eddec    00000005                     : csmon.obj (.text:_CSMON_eSetMinGuaranteedTimeBetweenTwoISRs)
                  003eddf1    00000005                     : csmon.obj (.text:_CSMON_u16ParametersAccessListIndexGenerate)
                  003eddf6    00000005                     : csmon.obj (.text:_CSMON_u32GetFreeRunningTimerTicks)
                  003eddfb    00000005                     : csmon.obj (.text:_CSMON_u32GetParameterAuxCheckSum)
                  003ede00    00000005                     : csmon.obj (.text:_CSMON_u32GetParameterCheckSum)
                  003ede05    00000005                     : csmon.obj (.text:_CSMON_u32GetParameterStringCheckSum)
                  003ede0a    00000005                     : csmon.obj (.text:_CSMON_vSetDateTimeRequest)
                  003ede0f    00000005     F2806x_DefaultIsr.obj (.text:_DATALOG_ISR)
                  003ede14    00000005     F2806x_DefaultIsr.obj (.text:_DINTCH1_ISR)
                  003ede19    00000005     F2806x_DefaultIsr.obj (.text:_DINTCH2_ISR)
                  003ede1e    00000005     F2806x_DefaultIsr.obj (.text:_DINTCH3_ISR)
                  003ede23    00000005     F2806x_DefaultIsr.obj (.text:_DINTCH4_ISR)
                  003ede28    00000005     F2806x_DefaultIsr.obj (.text:_DINTCH5_ISR)
                  003ede2d    00000005     F2806x_DefaultIsr.obj (.text:_DINTCH6_ISR)
                  003ede32    00000005     F2806x_DefaultIsr.obj (.text:_ECAN0INTA_ISR)
                  003ede37    00000005     F2806x_DefaultIsr.obj (.text:_ECAN1INTA_ISR)
                  003ede3c    00000005     F2806x_DefaultIsr.obj (.text:_ECAP1_INT_ISR)
                  003ede41    00000005     F2806x_DefaultIsr.obj (.text:_ECAP2_INT_ISR)
                  003ede46    00000005     F2806x_DefaultIsr.obj (.text:_ECAP3_INT_ISR)
                  003ede4b    00000005     F2806x_DefaultIsr.obj (.text:_EMPTY_ISR)
                  003ede50    00000005     F2806x_DefaultIsr.obj (.text:_EMUINT_ISR)
                  003ede55    00000005     F2806x_DefaultIsr.obj (.text:_EPWM1_INT_ISR)
                  003ede5a    00000005     F2806x_DefaultIsr.obj (.text:_EPWM1_TZINT_ISR)
                  003ede5f    00000005     F2806x_DefaultIsr.obj (.text:_EPWM2_INT_ISR)
                  003ede64    00000005     F2806x_DefaultIsr.obj (.text:_EPWM2_TZINT_ISR)
                  003ede69    00000005     F2806x_DefaultIsr.obj (.text:_EPWM3_INT_ISR)
                  003ede6e    00000005     F2806x_DefaultIsr.obj (.text:_EPWM3_TZINT_ISR)
                  003ede73    00000005     F2806x_DefaultIsr.obj (.text:_EPWM4_INT_ISR)
                  003ede78    00000005     F2806x_DefaultIsr.obj (.text:_EPWM4_TZINT_ISR)
                  003ede7d    00000005     F2806x_DefaultIsr.obj (.text:_EPWM5_INT_ISR)
                  003ede82    00000005     F2806x_DefaultIsr.obj (.text:_EPWM5_TZINT_ISR)
                  003ede87    00000005     F2806x_DefaultIsr.obj (.text:_EPWM6_INT_ISR)
                  003ede8c    00000005     F2806x_DefaultIsr.obj (.text:_EPWM6_TZINT_ISR)
                  003ede91    00000005     F2806x_DefaultIsr.obj (.text:_EPWM7_INT_ISR)
                  003ede96    00000005     F2806x_DefaultIsr.obj (.text:_EPWM7_TZINT_ISR)
                  003ede9b    00000005     F2806x_DefaultIsr.obj (.text:_EPWM8_INT_ISR)
                  003edea0    00000005     F2806x_DefaultIsr.obj (.text:_EPWM8_TZINT_ISR)
                  003edea5    00000005     F2806x_DefaultIsr.obj (.text:_EQEP1_INT_ISR)
                  003edeaa    00000005     F2806x_DefaultIsr.obj (.text:_EQEP2_INT_ISR)
                  003edeaf    00000005     CSMON_C28xx.lib : hmlib.obj (.text:_HMLIB_vProcessSamePort)
                  003edeb4    00000005                     : hmlib.obj (.text:_HMLIB_vRecorder0)
                  003edeb9    00000005                     : hmmodbus.obj (.text:_HMMODBUS_bGetReceivedMessage)
                  003edebe    00000005                     : hmmodbus.obj (.text:_HMMODBUS_vFileTable)
                  003edec3    00000005                     : hmrecparam.obj (.text:_HMRECPRM_vDisableAllStopDetections)
                  003edec8    00000005     F2806x_DefaultIsr.obj (.text:_HRCAP1_INT_ISR)
                  003edecd    00000005     F2806x_DefaultIsr.obj (.text:_HRCAP2_INT_ISR)
                  003eded2    00000005     F2806x_DefaultIsr.obj (.text:_HRCAP3_INT_ISR)
                  003eded7    00000005     F2806x_DefaultIsr.obj (.text:_HRCAP4_INT_ISR)
                  003ededc    00000005     F2806x_DefaultIsr.obj (.text:_I2CINT1A_ISR)
                  003edee1    00000005     F2806x_DefaultIsr.obj (.text:_I2CINT2A_ISR)
                  003edee6    00000005     F2806x_DefaultIsr.obj (.text:_ILLEGAL_ISR)
                  003edeeb    00000005     F2806x_DefaultIsr.obj (.text:_INT13_ISR)
                  003edef0    00000005     F2806x_DefaultIsr.obj (.text:_INT14_ISR)
                  003edef5    00000005     interrupt.obj (.text:_IntDefaultHandler)
                  003edefa    00000005     F2806x_DefaultIsr.obj (.text:_LUF_ISR)
                  003edeff    00000005     F2806x_DefaultIsr.obj (.text:_LVF_ISR)
                  003edf04    00000005     CSMON_C28xx.lib : modbusreg.obj (.text:_MODBUSREG_vSetTableNameAddress)
                  003edf09    00000005                     : modbusreg.obj (.text:_MODBUSREG_vSetTableRealAddressInRam)
                  003edf0e    00000005                     : modbusreg.obj (.text:_MODBUSREG_vSetTableRegisterFlags)
                  003edf13    00000005                     : modbusreg.obj (.text:_MODBUSREG_vSetTableRegisterSize)
                  003edf18    00000005                     : modbusreg.obj (.text:_MODBUSREG_vSetTableVirtAddress)
                  003edf1d    00000005     F2806x_DefaultIsr.obj (.text:_MRINTA_ISR)
                  003edf22    00000005     F2806x_DefaultIsr.obj (.text:_MXINTA_ISR)
                  003edf27    00000005     F2806x_DefaultIsr.obj (.text:_NMI_ISR)
                  003edf2c    00000005     F2806x_DefaultIsr.obj (.text:_PIE_RESERVED)
                  003edf31    00000005     F2806x_DefaultIsr.obj (.text:_RTOSINT_ISR)
                  003edf36    00000005     F2806x_DefaultIsr.obj (.text:_SCIRXINTA_ISR)
                  003edf3b    00000005     F2806x_DefaultIsr.obj (.text:_SCIRXINTB_ISR)
                  003edf40    00000005     F2806x_DefaultIsr.obj (.text:_SCITXINTA_ISR)
                  003edf45    00000005     F2806x_DefaultIsr.obj (.text:_SCITXINTB_ISR)
                  003edf4a    00000005     F2806x_DefaultIsr.obj (.text:_SPIRXINTA_ISR)
                  003edf4f    00000005     F2806x_DefaultIsr.obj (.text:_SPIRXINTB_ISR)
                  003edf54    00000005     F2806x_DefaultIsr.obj (.text:_SPITXINTA_ISR)
                  003edf59    00000005     F2806x_DefaultIsr.obj (.text:_SPITXINTB_ISR)
                  003edf5e    00000005     tmr_drv.obj (.text:_TIMER_vSetupTimerMainDelayedData)
                  003edf63    00000005     F2806x_DefaultIsr.obj (.text:_TINT0_ISR)
                  003edf68    00000005     F2806x_DefaultIsr.obj (.text:_USB0_INT_ISR)
                  003edf6d    00000005     F2806x_DefaultIsr.obj (.text:_USER10_ISR)
                  003edf72    00000005     F2806x_DefaultIsr.obj (.text:_USER11_ISR)
                  003edf77    00000005     F2806x_DefaultIsr.obj (.text:_USER12_ISR)
                  003edf7c    00000005     F2806x_DefaultIsr.obj (.text:_USER1_ISR)
                  003edf81    00000005     F2806x_DefaultIsr.obj (.text:_USER2_ISR)
                  003edf86    00000005     F2806x_DefaultIsr.obj (.text:_USER3_ISR)
                  003edf8b    00000005     F2806x_DefaultIsr.obj (.text:_USER4_ISR)
                  003edf90    00000005     F2806x_DefaultIsr.obj (.text:_USER5_ISR)
                  003edf95    00000005     F2806x_DefaultIsr.obj (.text:_USER6_ISR)
                  003edf9a    00000005     F2806x_DefaultIsr.obj (.text:_USER7_ISR)
                  003edf9f    00000005     F2806x_DefaultIsr.obj (.text:_USER8_ISR)
                  003edfa4    00000005     F2806x_DefaultIsr.obj (.text:_USER9_ISR)
                  003edfa9    00000005     F2806x_DefaultIsr.obj (.text:_WAKEINT_ISR)
                  003edfae    00000005     F2806x_DefaultIsr.obj (.text:_XINT1_ISR)
                  003edfb3    00000005     F2806x_DefaultIsr.obj (.text:_XINT2_ISR)
                  003edfb8    00000005     F2806x_DefaultIsr.obj (.text:_XINT3_ISR)
                  003edfbd    00000005     F2806x_DefaultIsr.obj (.text:_rsvd_ISR)
                  003edfc2    00000005     rts2800_ml.lib : fs_neg28.asm.obj (.text)
                  003edfc7    00000004     CSMON_C28xx.lib : csmon.obj (.text:_CSMON_eApplyParameterChanges)
                  003edfcb    00000004                     : csmon.obj (.text:_CSMON_eRegisterWriteParElementCallbackFunction)
                  003edfcf    00000004                     : csmon.obj (.text:_CSMON_eSetInternalTimerPeriod)
                  003edfd3    00000004                     : csmon.obj (.text:_CSMON_eSetTimerPeriodISRFunctionRegister)
                  003edfd7    00000004                     : csmon.obj (.text:_CSMON_u32GetBaudError_PPM)
                  003edfdb    00000004                     : csmon.obj (.text:_CSMON_vAddSetupRecorderParameterMask)
                  003edfdf    00000004                     : csmon.obj (.text:_CSMON_vInitScopes)
                  003edfe3    00000004                     : csmon.obj (.text:_CSMON_vSetStartRecorderParameterMask)
                  003edfe7    00000004                     : hmdrv.obj (.text:_HMDRV_SetExAddr)
                  003edfeb    00000004                     : hmdrv.obj (.text:_HMDRV_u32GetDeviceSYSCLKFreq)
                  003edfef    00000004                     : hmdrv.obj (.text:_HMDRV_u32GetSCIErrorPPM)
                  003edff3    00000004                     : hmlib.obj (.text:_HMLIB_vRecorderParam0)
                  003edff7    00000004                     : hmmodbus.obj (.text:_HMMODBUS_u32GetAddressMessageCounterThisDevice)
                  003edffb    00000004                     : hmmodbus.obj (.text:_HMMODBUS_vSetAddressMessageCounterThisDevice)
                  003edfff    00000004                     : hmmodbus.obj (.text:_HMMODBUS_vSetDeviceIDMajorMinorRevision)
                  003ee003    00000004                     : hmmodbus.obj (.text:_HMMODBUS_vSetDeviceIDMajorMinorRevisionLength)
                  003ee007    00000004                     : hmmodbus.obj (.text:_HMMODBUS_vSetDeviceIDModelName)
                  003ee00b    00000004                     : hmmodbus.obj (.text:_HMMODBUS_vSetDeviceIDModelNameLength)
                  003ee00f    00000004                     : hmmodbus.obj (.text:_HMMODBUS_vSetDeviceIDProductCode)
                  003ee013    00000004                     : hmmodbus.obj (.text:_HMMODBUS_vSetDeviceIDProductCodeLength)
                  003ee017    00000004                     : hmmodbus.obj (.text:_HMMODBUS_vSetDeviceIDProductName)
                  003ee01b    00000004                     : hmmodbus.obj (.text:_HMMODBUS_vSetDeviceIDProductNameLength)
                  003ee01f    00000004                     : hmmodbus.obj (.text:_HMMODBUS_vSetDeviceIDUserApplicationName)
                  003ee023    00000004                     : hmmodbus.obj (.text:_HMMODBUS_vSetDeviceIDUserApplicationNameLength)
                  003ee027    00000004                     : hmmodbus.obj (.text:_HMMODBUS_vSetDeviceIDUserReserve0)
                  003ee02b    00000004                     : hmmodbus.obj (.text:_HMMODBUS_vSetDeviceIDUserReserve0Length)
                  003ee02f    00000004                     : hmmodbus.obj (.text:_HMMODBUS_vSetDeviceIDUserReserve1)
                  003ee033    00000004                     : hmmodbus.obj (.text:_HMMODBUS_vSetDeviceIDUserReserve1Length)
                  003ee037    00000004                     : hmmodbus.obj (.text:_HMMODBUS_vSetDeviceIDUserReserve2)
                  003ee03b    00000004                     : hmmodbus.obj (.text:_HMMODBUS_vSetDeviceIDUserReserve2Length)
                  003ee03f    00000004                     : hmmodbus.obj (.text:_HMMODBUS_vSetDeviceIDVendorName)
                  003ee043    00000004                     : hmmodbus.obj (.text:_HMMODBUS_vSetDeviceIDVendorNameLength)
                  003ee047    00000004                     : hmmodbus.obj (.text:_HMMODBUS_vSetDeviceIDVendorUrl)
                  003ee04b    00000004                     : hmmodbus.obj (.text:_HMMODBUS_vSetDeviceIDVendorUrlLength)
                  003ee04f    00000004                     : hmmodbus.obj (.text:_HMMODBUS_vSetServerIDDataAddress)
                  003ee053    00000004                     : hmmodbus.obj (.text:_HMMODBUS_vSetServerIDLength)
                  003ee057    00000004                     : hmmodbus.obj (.text:_HMMODBUS_vSetServerIDNumber)
                  003ee05b    00000004                     : hmmodbus.obj (.text:_HMMODBUS_vSetServerOnStatus)
                  003ee05f    00000004                     : hmmodbus.obj (.text:_HMMODBUS_vSetupHoldingRegistersAccessTableInRam)
                  003ee063    00000004                     : hmmodbus.obj (.text:_HMMODBUS_vSetupWriteParElementCallbackFunction)
                  003ee067    00000004     interrupt.obj (.text:_IntMasterDisable)
                  003ee06b    00000004     interrupt.obj (.text:_IntMasterEnable)
                  003ee06f    00000004     CSMON_C28xx.lib : modbusreg.obj (.text:_MODBUSREG_u16GetHoldRegFillCount)
                  003ee073    00000004                     : modbusreg.obj (.text:_MODBUSREG_u16GetHoldRegUsedCount)
                  003ee077    00000004                     : modbusreg.obj (.text:_MODBUSREG_u16GetTableRegisterFlagsElementOffset)
                  003ee07b    00000004                     : modbusreg.obj (.text:_MODBUSREG_u16GetTableRegisterSizeElementOffset)
                  003ee07f    00000004                     : modbusreg.obj (.text:_MODBUSREG_u16GetTableVirtAddressElementOffset)
                  003ee083    00000004                     : modbusreg.obj (.text:_MODBUSREG_u32GetRegisterAccessTableInRam)
                  003ee087    00000004                     : modbusreg.obj (.text:_MODBUSREG_u32GetTableRegisterFlags)
                  003ee08b    00000004                     : modbusreg.obj (.text:_MODBUSREG_u32GetTableRegisterSize)
                  003ee08f    00000004                     : modbusreg.obj (.text:_MODBUSREG_u32GetTableVirtAddress)
                  003ee093    00000004                     : modbusreg.obj (.text:_MODBUSREG_vSetFileAutorization_FunctionAfterWriteFileRecordTable)
                  003ee097    00000004                     : modbusreg.obj (.text:_MODBUSREG_vSetFileParamCount_FunctionBeforeReadFileRecord)
                  003ee09b    00000004                     : modbusreg.obj (.text:_MODBUSREG_vSetFileRTC_FunctionAfterReadFileRecord)
                  003ee09f    00000004                     : modbusreg.obj (.text:_MODBUSREG_vSetFileRTC_FunctionAfterWriteFileRecord)
                  003ee0a3    00000004                     : modbusreg.obj (.text:_MODBUSREG_vSetFileRecConfig_FunctionAfterWriteFileRecord)
                  003ee0a7    00000004                     : modbusreg.obj (.text:_MODBUSREG_vSetFileRecStatus_FunctionIndexGenerationFileRecord)
                  003ee0ab    00000004                     : modbusreg.obj (.text:_MODBUSREG_vSetHoldRegFillCount)
                  003ee0af    00000004                     : modbusreg.obj (.text:_MODBUSREG_vSetParamCount)
                  003ee0b3    00000004                     : modbusreg.obj (.text:_MODBUSREG_vSetParamListAddress)
                  003ee0b7    00000004                     : modbusreg.obj (.text:_MODBUSREG_vSetParamNumbAddress)
                  003ee0bb    00000004                     : modbusreg.obj (.text:_MODBUSREG_vSetParamRecorderConfigAddress)
                  003ee0bf    00000004                     : modbusreg.obj (.text:_MODBUSREG_vSetParamScopeConfigAddress)
                  003ee0c3    00000004     tmr_drv.obj (.text:_TIMER_vGetTimerMainRollingCounter)
                  003ee0c7    00000004     tmr_drv.obj (.text:_TIMER_vSetupTimerMainCSMONFunction)
                  003ee0cb    00000004     tmr_drv.obj (.text:_TMR_u16GetFreeRunTimerPrescaller)
                  003ee0cf    00000004     CSMON_C28xx.lib : hmmodbus.obj (.text:_bGetElementsDifference)
                  003ee0d3    00000004                     : hmmodbus.obj (.text:_u16GetIndexFileTable)
                  003ee0d7    00000004                     : hmmodbus.obj (.text:_u32GetBufferAddressStart)
                  003ee0db    00000004                     : hmmodbus.obj (.text:_u32GetBufferSize)
                  003ee0df    00000004                     : hmmodbus.obj (.text:_u32GetSampleCountAvailable)
                  003ee0e3    00000004                     : hmmodbus.obj (.text:_u32GetSampleCountBuffer)
                  003ee0e7    00000004                     : hmmodbus.obj (.text:_u32GetStartSampleIndex)
                  003ee0eb    00000004                     : hmmodbus.obj (.text:_u8GetSampleSize)
                  003ee0ef    00000004                     : hmmodbus.obj (.text:_vSetBufferSize)
                  003ee0f3    00000003     F2806x_DBGIER.obj (.text)
                  003ee0f6    00000003     CSMON_C28xx.lib : csmon.obj (.text:_CSMON_u32GetModbusMessageCounterRegisterRealAddress)
                  003ee0f9    00000003                     : csmon.obj (.text:_CSMON_vSetModbusMessageCounterRegisterRealAddress)
                  003ee0fc    00000003                     : hmlib.obj (.text:_HMLIB_vRecorderParamTimeSync)
                  003ee0ff    00000003                     : hmrecparam.obj (.text:_HMRECPRM_GetTimeBase)
                  003ee102    00000003                     : modbusreg.obj (.text:_MODBUSREG_u32GetAddressMessageCounterThisDevice)
                  003ee105    00000003                     : modbusreg.obj (.text:_MODBUSREG_vSetAddressMessageCounterThisDevice)
                  003ee108    00000003                     : uart_drv.obj (.text:_UART_TXInterrupt)
                  003ee10b    00000002                     : csmon.obj (.text:_CSMON_eSetParameterListDataDefault)
                  003ee10d    00000002                     : csmon.obj (.text:_CSMON_eSetParameterListDataMaximum)
                  003ee10f    00000002                     : csmon.obj (.text:_CSMON_eSetParameterListDataMinimum)
                  003ee111    00000002                     : csmon.obj (.text:_CSMON_eSetParameterListValueFormat)
                  003ee113    00000002                     : csmon.obj (.text:_CSMON_u32GetParameterListCheckSum)
                  003ee115    00000002                     : csmon.obj (.text:_CSMON_u32GetParameterNumbCheckSum)
                  003ee117    00000002                     : csmon.obj (.text:_CSMON_u32GetParameterShortNameCheckSum)
                  003ee119    00000002                     : hmrecparam.obj (.text:_HMRECPRM_AbortRec)
                  003ee11b    00000002                     : hmrecparam.obj (.text:_HMRECPRM_GetRecBuffSize)
                  003ee11d    00000002                     : hmrec.obj (.text:_HMREC_AbortRec)
                  003ee11f    00000002                     : hmrec.obj (.text:_HMREC_GetRecBuffSize)
                  003ee121    00000002     main.obj (.text:_eWriteParElement)
                  003ee123    00000002     rts2800_ml.lib : pre_init.c.obj (.text)
                  003ee125    00000001     CSMON_C28xx.lib : hmprotocol.obj (.text:_HMPROTOCOL_vInit)
                  003ee126    00000001     uart_driver.obj (.text:_UART_DRV_TXInterrupt)
                  003ee127    00000001     rts2800_ml.lib : startup.c.obj (.text)

ramfuncs   0    003ee128    00000029     RUN ADDR = 00008000
                  003ee128    0000001d     F2806x_SysCtrl.obj (ramfuncs:_InitFlash)
                  003ee145    00000008     device.obj (ramfuncs:_MyCallbackFunction)
                  003ee14d    00000004     F2806x_usDelay.obj (ramfuncs)

csm_rsvd   0    003f7f80    00000076     
                  003f7f80    00000076     F2806x_CSMPasswords.obj (csm_rsvd)

codestart 
*          0    003f7ff6    00000002     
                  003f7ff6    00000002     F2806x_CodeStartBranch.obj (codestart)

csmpasswds 
*          0    003f7ff8    00000008     
                  003f7ff8    00000008     F2806x_CSMPasswords.obj (csmpasswds)

.stack     1    00000050    00000380     UNINITIALIZED
                  00000050    00000380     --HOLE--

.econst    0    003ee152    00003516     
                  003ee152    00003000     main.obj (.econst:_asParameterList)
                  003f1152    00000100     CSMON_C28xx.lib : hmmodbus.obj (.econst:.string:_auchCRCHi)
                  003f1252    00000100                     : hmmodbus.obj (.econst:.string:_auchCRCLo)
                  003f1352    00000100     F2806x_PieVect.obj (.econst:_PieVectTableInit)
                  003f1452    00000084     rts2800_ml.lib : k_rem_pio2.c.obj (.econst:_ipio2)
                  003f14d6    00000050     CSMON_C28xx.lib : csmon.obj (.econst:_CSMON_asAccessLevelPasswords)
                  003f1526    0000002c     rts2800_ml.lib : k_rem_pio2.c.obj (.econst)
                  003f1552    00000028                    : k_cosf.c.obj (.econst)
                  003f157a    00000020                    : k_rem_pio2.c.obj (.econst:_PIo2)
                  003f159a    00000020                    : k_sinf.c.obj (.econst)
                  003f15ba    0000001c                    : e_rem_pio2f.c.obj (.econst)
                  003f15d6    0000001c                    : s_scalbn.c.obj (.econst)
                  003f15f2    00000018     CSMON_C28xx.lib : csmon.obj (.econst:_$P$T8$1)
                  003f160a    00000018     rts2800_ml.lib : s_sinf.c.obj (.econst)
                  003f1622    00000014     CSMON_C28xx.lib : csmon.obj (.econst:_CSMON_au8FileImplementedFunctionCodes)
                  003f1636    00000010     main.obj (.econst)
                  003f1646    0000000c     CSMON_C28xx.lib : hmprotocol.obj (.econst:.string)
                  003f1652    0000000c     rts2800_ml.lib : s_floor.c.obj (.econst)
                  003f165e    00000006     CSMON_C28xx.lib : csmon.obj (.econst:_CSMON_au8FileParameterListElementsCountInPartTable)
                  003f1664    00000004     rts2800_ml.lib : k_rem_pio2.c.obj (.econst:_init_jk)

.switch    0    003f1e68    00000020     
                  003f1e68    00000020     CSMON_C28xx.lib : csmon.obj (.switch:_CSMON_eSetParameter)

.reset     0    003fffc0    00000002     DSECT
                  003fffc0    00000002     rts2800_ml.lib : boot28.asm.obj (.reset)

vectors    0    003fffc2    00000000     DSECT

DevEmuRegsFile 
*          1    00000880    00000004     UNINITIALIZED
                  00000880    00000004     F2806x_GlobalVariableDefs.obj (DevEmuRegsFile)

SysPwrCtrlRegsFile 
*          1    00000985    00000003     UNINITIALIZED
                  00000985    00000003     F2806x_GlobalVariableDefs.obj (SysPwrCtrlRegsFile)

FlashRegsFile 
*          1    00000a80    00000008     UNINITIALIZED
                  00000a80    00000008     F2806x_GlobalVariableDefs.obj (FlashRegsFile)

CsmRegsFile 
*          1    00000ae0    00000010     UNINITIALIZED
                  00000ae0    00000010     F2806x_GlobalVariableDefs.obj (CsmRegsFile)

AdcResultFile 
*          1    00000b00    00000010     UNINITIALIZED
                  00000b00    00000010     F2806x_GlobalVariableDefs.obj (AdcResultFile)

CpuTimer0RegsFile 
*          1    00000c00    00000008     UNINITIALIZED
                  00000c00    00000008     F2806x_GlobalVariableDefs.obj (CpuTimer0RegsFile)

CpuTimer1RegsFile 
*          1    00000c08    00000008     UNINITIALIZED
                  00000c08    00000008     F2806x_GlobalVariableDefs.obj (CpuTimer1RegsFile)

CpuTimer2RegsFile 
*          1    00000c10    00000008     UNINITIALIZED
                  00000c10    00000008     F2806x_GlobalVariableDefs.obj (CpuTimer2RegsFile)

PieCtrlRegsFile 
*          1    00000ce0    0000001a     UNINITIALIZED
                  00000ce0    0000001a     F2806x_GlobalVariableDefs.obj (PieCtrlRegsFile)

PieVectTableFile 
*          1    00000d00    00000100     UNINITIALIZED
                  00000d00    00000100     F2806x_GlobalVariableDefs.obj (PieVectTableFile)

EmuKeyVar 
*          1    00000d00    00000001     UNINITIALIZED
                  00000d00    00000001     F2806x_GlobalVariableDefs.obj (EmuKeyVar)

EmuBModeVar 
*          1    00000d01    00000001     UNINITIALIZED
                  00000d01    00000001     F2806x_GlobalVariableDefs.obj (EmuBModeVar)

FlashCallbackVar 
*          1    00000d02    00000002     UNINITIALIZED
                  00000d02    00000002     F2806x_GlobalVariableDefs.obj (FlashCallbackVar)

FlashScalingVar 
*          1    00000d04    00000002     UNINITIALIZED
                  00000d04    00000002     F2806x_GlobalVariableDefs.obj (FlashScalingVar)

DmaRegsFile 
*          1    00001000    000000e0     UNINITIALIZED
                  00001000    000000e0     F2806x_GlobalVariableDefs.obj (DmaRegsFile)

Cla1RegsFile 
*          1    00001400    00000040     UNINITIALIZED
                  00001400    00000040     F2806x_GlobalVariableDefs.obj (Cla1RegsFile)

Usb0RegsFile 
*          1    00004000    00000454     UNINITIALIZED
                  00004000    00000454     F2806x_GlobalVariableDefs.obj (Usb0RegsFile)

McbspaRegsFile 
*          1    00005000    00000024     UNINITIALIZED
                  00005000    00000024     F2806x_GlobalVariableDefs.obj (McbspaRegsFile)

ECanaRegsFile 
*          1    00006000    00000034     UNINITIALIZED
                  00006000    00000034     F2806x_GlobalVariableDefs.obj (ECanaRegsFile)

ECanaLAMRegsFile 
*          1    00006040    00000040     UNINITIALIZED
                  00006040    00000040     F2806x_GlobalVariableDefs.obj (ECanaLAMRegsFile)

ECanaMOTSRegsFile 
*          1    00006080    00000040     UNINITIALIZED
                  00006080    00000040     F2806x_GlobalVariableDefs.obj (ECanaMOTSRegsFile)

ECanaMOTORegsFile 
*          1    000060c0    00000040     UNINITIALIZED
                  000060c0    00000040     F2806x_GlobalVariableDefs.obj (ECanaMOTORegsFile)

ECanaMboxesFile 
*          1    00006100    00000100     UNINITIALIZED
                  00006100    00000100     F2806x_GlobalVariableDefs.obj (ECanaMboxesFile)

Comp1RegsFile 
*          1    00006400    00000014     UNINITIALIZED
                  00006400    00000014     F2806x_GlobalVariableDefs.obj (Comp1RegsFile)

Comp2RegsFile 
*          1    00006420    00000014     UNINITIALIZED
                  00006420    00000014     F2806x_GlobalVariableDefs.obj (Comp2RegsFile)

Comp3RegsFile 
*          1    00006440    00000014     UNINITIALIZED
                  00006440    00000014     F2806x_GlobalVariableDefs.obj (Comp3RegsFile)

EPwm1RegsFile 
*          1    00006800    00000040     UNINITIALIZED
                  00006800    00000040     F2806x_GlobalVariableDefs.obj (EPwm1RegsFile)

EPwm2RegsFile 
*          1    00006840    00000040     UNINITIALIZED
                  00006840    00000040     F2806x_GlobalVariableDefs.obj (EPwm2RegsFile)

EPwm3RegsFile 
*          1    00006880    00000040     UNINITIALIZED
                  00006880    00000040     F2806x_GlobalVariableDefs.obj (EPwm3RegsFile)

EPwm4RegsFile 
*          1    000068c0    00000040     UNINITIALIZED
                  000068c0    00000040     F2806x_GlobalVariableDefs.obj (EPwm4RegsFile)

EPwm5RegsFile 
*          1    00006900    00000040     UNINITIALIZED
                  00006900    00000040     F2806x_GlobalVariableDefs.obj (EPwm5RegsFile)

EPwm6RegsFile 
*          1    00006940    00000040     UNINITIALIZED
                  00006940    00000040     F2806x_GlobalVariableDefs.obj (EPwm6RegsFile)

EPwm7RegsFile 
*          1    00006980    00000040     UNINITIALIZED
                  00006980    00000040     F2806x_GlobalVariableDefs.obj (EPwm7RegsFile)

EPwm8RegsFile 
*          1    000069c0    00000040     UNINITIALIZED
                  000069c0    00000040     F2806x_GlobalVariableDefs.obj (EPwm8RegsFile)

ECap1RegsFile 
*          1    00006a00    00000020     UNINITIALIZED
                  00006a00    00000020     F2806x_GlobalVariableDefs.obj (ECap1RegsFile)

ECap2RegsFile 
*          1    00006a20    00000020     UNINITIALIZED
                  00006a20    00000020     F2806x_GlobalVariableDefs.obj (ECap2RegsFile)

ECap3RegsFile 
*          1    00006a40    00000020     UNINITIALIZED
                  00006a40    00000020     F2806x_GlobalVariableDefs.obj (ECap3RegsFile)

HRCap1RegsFile 
*          1    00006ac0    00000020     UNINITIALIZED
                  00006ac0    00000020     F2806x_GlobalVariableDefs.obj (HRCap1RegsFile)

HRCap2RegsFile 
*          1    00006ae0    00000020     UNINITIALIZED
                  00006ae0    00000020     F2806x_GlobalVariableDefs.obj (HRCap2RegsFile)

EQep1RegsFile 
*          1    00006b00    00000022     UNINITIALIZED
                  00006b00    00000022     F2806x_GlobalVariableDefs.obj (EQep1RegsFile)

EQep2RegsFile 
*          1    00006b40    00000022     UNINITIALIZED
                  00006b40    00000022     F2806x_GlobalVariableDefs.obj (EQep2RegsFile)

HRCap3RegsFile 
*          1    00006c80    00000020     UNINITIALIZED
                  00006c80    00000020     F2806x_GlobalVariableDefs.obj (HRCap3RegsFile)

HRCap4RegsFile 
*          1    00006ca0    00000020     UNINITIALIZED
                  00006ca0    00000020     F2806x_GlobalVariableDefs.obj (HRCap4RegsFile)

GpioCtrlRegsFile 
*          1    00006f80    00000040     UNINITIALIZED
                  00006f80    00000040     F2806x_GlobalVariableDefs.obj (GpioCtrlRegsFile)

GpioDataRegsFile 
*          1    00006fc0    00000020     UNINITIALIZED
                  00006fc0    00000020     F2806x_GlobalVariableDefs.obj (GpioDataRegsFile)

GpioIntRegsFile 
*          1    00006fe0    00000020     UNINITIALIZED
                  00006fe0    00000020     F2806x_GlobalVariableDefs.obj (GpioIntRegsFile)

SysCtrlRegsFile 
*          1    00007010    00000030     UNINITIALIZED
                  00007010    00000030     F2806x_GlobalVariableDefs.obj (SysCtrlRegsFile)

SpiaRegsFile 
*          1    00007040    00000010     UNINITIALIZED
                  00007040    00000010     F2806x_GlobalVariableDefs.obj (SpiaRegsFile)

SciaRegsFile 
*          1    00007050    00000010     UNINITIALIZED
                  00007050    00000010     F2806x_GlobalVariableDefs.obj (SciaRegsFile)

NmiIntruptRegsFile 
*          1    00007060    00000010     UNINITIALIZED
                  00007060    00000010     F2806x_GlobalVariableDefs.obj (NmiIntruptRegsFile)

XIntruptRegsFile 
*          1    00007070    00000010     UNINITIALIZED
                  00007070    00000010     F2806x_GlobalVariableDefs.obj (XIntruptRegsFile)

AdcRegsFile 
*          1    00007100    00000050     UNINITIALIZED
                  00007100    00000050     F2806x_GlobalVariableDefs.obj (AdcRegsFile)

SpibRegsFile 
*          1    00007740    00000010     UNINITIALIZED
                  00007740    00000010     F2806x_GlobalVariableDefs.obj (SpibRegsFile)

ScibRegsFile 
*          1    00007750    00000010     UNINITIALIZED
                  00007750    00000010     F2806x_GlobalVariableDefs.obj (ScibRegsFile)

I2caRegsFile 
*          1    00007900    00000022     UNINITIALIZED
                  00007900    00000022     F2806x_GlobalVariableDefs.obj (I2caRegsFile)

PartIdRegsFile 
*          1    003d7e80    00000001     UNINITIALIZED
                  003d7e80    00000001     F2806x_GlobalVariableDefs.obj (PartIdRegsFile)

CsmPwlFile 
*          1    003f7ff8    00000008     UNINITIALIZED
                  003f7ff8    00000008     F2806x_GlobalVariableDefs.obj (CsmPwlFile)

.ebss.1    1    00008c00    00000400     UNINITIALIZED
                  00008c00    00000400     CSMON_C28xx.lib : modbusreg.obj (.ebss:_MODBUSREG_u32RegisterAccessTableInRam)

.ebss.2    1    00009000    00003000     UNINITIALIZED
                  00009000    00001800     CSMON_C28xx.lib : csmon.obj (.ebss:_CSMON_pauFileParameterNumericRealocatable)
                  0000a800    00000800                     : uart_drv.obj (.ebss:_UARTRxBufferTimeDiff)
                  0000b000    00000800                     : hmrec.obj (.ebss:_au8RecBuffer0)
                  0000b800    00000800                     : hmrecparam.obj (.ebss:_au8RecParamBuffer0)

.ebss.3    1    0000c000    000018af     UNINITIALIZED
[...]
003eaacf  local     $30 (.text)
003eaafd  local     $35 (.text)
003eab2c  local     $40 (.text)
003eaa8e  local     $5_$2 (.text)
00000000  local     .bss (.bss)
00000000  local     .data (.data)
003eaa7a  local     .text (.text)
003eaa9e  local     CHECK_SIGN1 (.text)
003eaad9  local     CHECK_SIGN2 (.text)
003eab11  local     DGT3 (.text)
003eab13  local     DIVUDenHighZero (.text)
003eaaa8  local     EQ0 (.text)
003eaaa3  local     EQ1 (.text)
003eaae1  local     EQ2 (.text)
003eab0c  local     EQ3 (.text)
003eab3d  local     EQ4 (.text)
003eaa7a  global    LL$$DIV (.text)
003eaab6  global    LL$$MOD (.text)
003eab5c  local     LOOP (.text)
003eab4b  local     MAINDIV (.text)
003eab6a  local     MD_NEQ (.text)
003eab3f  local     MODUDenHighZero (.text)
003eaaa1  local     RET1 (.text)
003eaadc  local     RET2 (.text)
003eab0a  local     RET3 (.text)
003eab39  local     RET4 (.text)
003eaade  local     RET_NUM1 (.text)
003eab3b  local     RET_NUM2 (.text)
003eaaaa  local     SDIVUDenHighZero (.text)
003eab74  local     SKIP (.text)
003eab76  local     SKIP1 (.text)
003eaae4  local     SMODUDenHighZero (.text)
003eaaf0  global    ULL$$DIV (.text)
003eab1f  global    ULL$$MOD (.text)


================================================================================

rts2800_ml.lib : u_div28.asm.obj

Run/Load            
Value     Binding   Name (Section)
--------  --------  ---------------
00000000  local     .bss (.bss)
00000000  local     .data (.data)
003edbbd  local     .text (.text)
003edbbd  global    U$$DIV (.text)
003edbc2  global    U$$MOD (.text)


================================================================================

rts2800_ml.lib : u_tofd28.asm.obj

Run/Load            
Value     Binding   Name (Section)
--------  --------  ---------------
00000000  local     .bss (.bss)
00000000  local     .data (.data)
003ed73f  local     .text (.text)
003ed74c  local     NORMALIZE (.text)
003ed754  local     OP_ZERO (.text)
003ed74e  local     PACK (.text)
003ed753  local     RETURN (.text)
003ed751  local     RETURN_VALUE (.text)
003ed73f  global    U$$TOFD (.text)


================================================================================

rts2800_ml.lib : u_tofs28.asm.obj

Run/Load            
Value     Binding   Name (Section)
--------  --------  ---------------
00000000  local     .bss (.bss)
00000000  local     .data (.data)
003ed9a7  local     .text (.text)
003ed9b6  local     RESTORE (.text)
003ed9a7  global    U$$TOFS (.text)
003ed9b6  local     ZERO (.text)


================================================================================

rts2800_ml.lib : l_tofs28.asm.obj

Run/Load            
Value     Binding   Name (Section)
--------  --------  ---------------
00000000  local     .bss (.bss)
00000000  local     .data (.data)
003ed5be  local     .text (.text)
003ed5be  global    L$$TOFS (.text)
003ed5d4  local     OVERFLOW (.text)
003ed5d3  local     RETURN (.text)
003ed5d3  local     ZERO (.text)


================================================================================

rts2800_ml.lib : ul_tofs28.asm.obj

Run/Load            
Value     Binding   Name (Section)
--------  --------  ---------------
00000000  local     .bss (.bss)
00000000  local     .data (.data)
003ed84d  local     .text (.text)
003ed855  local     LEFT_SHIFT (.text)
003ed857  local     PACK (.text)
003ed85f  local     RETURN (.text)
003ed84d  global    UL$$TOFS (.text)
003ed85f  local     ZERO (.text)


================================================================================

rts2800_ml.lib : prolog28.asm.obj

Run/Load            
Value     Binding   Name (Section)
--------  --------  ---------------
00000000  local     .bss (.bss)
00000000  local     .data (.data)
003ed63c  local     .text (.text)
003ed63c  global    _prolog_c28x_1 (.text)
003ed640  global    _prolog_c28x_2 (.text)
003ed648  global    _prolog_c28x_3 (.text)


================================================================================

rts2800_ml.lib : fs_tofd28.asm.obj

Run/Load            
Value     Binding   Name (Section)
--------  --------  ---------------
00000000  local     .bss (.bss)
00000000  local     .data (.data)
003ed499  local     .text (.text)
003ed499  global    FS$$TOFD (.text)
003ed4ad  local     OVERFLOW (.text)
003ed4ac  local     RETURN (.text)
003ed4aa  local     RETURN_VALUE (.text)
003ed4b3  local     UNDERFLOW (.text)


================================================================================

rts2800_ml.lib : fd_div28.asm.obj

Run/Load            
Value     Binding   Name (Section)
--------  --------  ---------------
003ebb8e  local     $1_$3 (.text)
003ebb99  local     $2_$3 (.text)
00000000  local     .bss (.bss)
00000000  local     .data (.data)
003ebb52  local     .text (.text)
003ebba8  local     DIV_END (.text)
003ebb89  local     DIV_START (.text)
003ebb52  global    FD$$DIV (.text)
003ebbab  local     NORMALIZE (.text)
003ebbd5  local     OVERFLOW (.text)
003ebbd0  local     RETURN (.text)
003ebbce  local     RETURN_VALUE (.text)
003ebbc0  local     RND64_SET_MANT$3$ (.text)
003ebbb4  local     ROUND (.text)
003ebbdb  local     UNDERFLOW (.text)


================================================================================

rts2800_ml.lib : cpy_tbl.c.obj

Run/Load            
Value     Binding   Name (Section)
--------  --------  ---------------
003ed152  local     $C$L1 (.text)
003ed165  local     $C$L2 (.text)
003ed166  local     $C$L3 (.text)
00000000  local     .bss (.bss)
00000000  local     .data (.data)
003ed14a  local     .text (.text)
003ed14a  global    _copy_in (.text)


================================================================================

rts2800_ml.lib : memcpy.c.obj

Run/Load            
Value     Binding   Name (Section)
--------  --------  ---------------
003ed3f6  local     $C$L1 (.text)
003ed3fa  local     $C$L2 (.text)
003ed401  local     $C$L3 (.text)
003ed403  local     $C$L4 (.text)
003ed40b  local     $C$L5 (.text)
00000000  local     .bss (.bss)
00000000  local     .data (.data)
003ed3f0  local     .text (.text)
003ed3f0  global    _memcpy (.text)


================================================================================

rts2800_ml.lib : pre_init.c.obj

Run/Load            
Value     Binding   Name (Section)
--------  --------  ---------------
00000000  local     .bss (.bss)
00000000  local     .data (.data)
003ee123  local     .text (.text)
003ee123  global    __system_pre_init (.text)


================================================================================

rts2800_ml.lib : startup.c.obj

Run/Load            
Value     Binding   Name (Section)
--------  --------  ---------------
00000000  local     .bss (.bss)
00000000  local     .data (.data)
003ee127  local     .text (.text)
003ee127  global    __system_post_cinit (.text)


================================================================================

rts2800_ml.lib : e_rem_pio2f.c.obj

Run/Load            
Value     Binding   Name (Section)
--------  --------  ---------------
003f15c6  local     $C$FL1 (.econst)
003f15ca  local     $C$FL2 (.econst)
003f15ce  local     $C$FL3 (.econst)
003f15d2  local     $C$FL4 (.econst)
003eb5c3  local     $C$L1 (.text)
003eb5d1  local     $C$L2 (.text)
003eb5fd  local     $C$L3 (.text)
003eb602  local     $C$L4 (.text)
00000000  local     .bss (.bss)
00000000  local     .data (.data)
003f15ba  local     .econst (.econst)
003eb560  local     .text (.text)
003eb560  global    ___rem_pio2f (.text)
003f15ba  local     _invpio2 (.econst)
003f15be  local     _pio2_1 (.econst)
003f15c2  local     _pio2_1t (.econst)


================================================================================

rts2800_ml.lib : k_rem_pio2.c.obj

Run/Load            
Value     Binding   Name (Section)
--------  --------  ---------------
003f1536  local     $C$FL1 (.econst)
003f153a  local     $C$FL2 (.econst)
003f153e  local     $C$FL3 (.econst)
003f1542  local     $C$FL4 (.econst)
003f1546  local     $C$FL5 (.econst)
003f154a  local     $C$FL6 (.econst)
003f154e  local     $C$FL7 (.econst)
003e9a56  local     $C$L1 (.text)
003e9b10  local     $C$L10 (.text)
003e9b3d  local     $C$L11 (.text)
003e9b5d  local     $C$L12 (.text)
003e9b82  local     $C$L13 (.text)
003e9ba1  local     $C$L14 (.text)
003e9ba8  local     $C$L15 (.text)
003e9bc5  local     $C$L16 (.text)
003e9c13  local     $C$L17 (.text)
003e9c7f  local     $C$L18 (.text)
003e9c83  local     $C$L19 (.text)
003e9a7e  local     $C$L2 (.text)
003e9c91  local     $C$L20 (.text)
003e9cba  local     $C$L21 (.text)
003e9cbf  local     $C$L22 (.text)
003e9cca  local     $C$L23 (.text)
003e9cd6  local     $C$L24 (.text)
003e9cdb  local     $C$L25 (.text)
003e9ce1  local     $C$L26 (.text)
003e9cfe  local     $C$L27 (.text)
003e9d0a  local     $C$L28 (.text)
003e9d35  local     $C$L29 (.text)
003e9a89  local     $C$L3 (.text)
003e9d63  local     $C$L30 (.text)
003e9dae  local     $C$L31 (.text)
003e9db3  local     $C$L32 (.text)
003e9dcb  local     $C$L33 (.text)
003e9dd5  local     $C$L34 (.text)
003e9de4  local     $C$L35 (.text)
003e9dee  local     $C$L36 (.text)
003e9e09  local     $C$L37 (.text)
003e9e19  local     $C$L38 (.text)
003e9e1b  local     $C$L39 (.text)
003e9a95  local     $C$L4 (.text)
003e9e3b  local     $C$L40 (.text)
003e9e63  local     $C$L41 (.text)
003e9e7a  local     $C$L42 (.text)
003e9e8e  local     $C$L43 (.text)
003e9ebc  local     $C$L44 (.text)
003e9eda  local     $C$L45 (.text)
003e9ef8  local     $C$L46 (.text)
003e9f47  local     $C$L47 (.text)
003e9f81  local     $C$L48 (.text)
003e9f99  local     $C$L49 (.text)
003e9aa6  local     $C$L5 (.text)
003e9faa  local     $C$L50 (.text)
003e9fc7  local     $C$L51 (.text)
003e9fe2  local     $C$L52 (.text)
003e9ff5  local     $C$L53 (.text)
003ea006  local     $C$L54 (.text)
003ea014  local     $C$L55 (.text)
003ea01e  local     $C$L56 (.text)
003ea03f  local     $C$L57 (.text)
003ea050  local     $C$L58 (.text)
003ea05e  local     $C$L59 (.text)
003e9ab2  local     $C$L6 (.text)
003ea068  local     $C$L60 (.text)
003ea072  local     $C$L61 (.text)
003ea085  local     $C$L62 (.text)
003ea096  local     $C$L63 (.text)
003ea0a4  local     $C$L64 (.text)
003ea0ae  local     $C$L65 (.text)
003ea0b7  local     $C$L66 (.text)
003e9acf  local     $C$L7 (.text)
003e9af4  local     $C$L8 (.text)
003e9b09  local     $C$L9 (.text)
00000000  local     .bss (.bss)
00000000  local     .data (.data)
003f1526  local     .econst (.econst)
003f157a  local     .econst:_PIo2 (.econst:_PIo2)
003f1664  local     .econst:_init_jk (.econst:_init_jk)
003f1452  local     .econst:_ipio2 (.econst:_ipio2)
003e9a28  local     .text (.text)
003f157a  local     _PIo2 (.econst:_PIo2)
003e9a28  global    ___kernel_rem_pio2 (.text)
003f1664  local     _init_jk (.econst:_init_jk)
003f1452  local     _ipio2 (.econst:_ipio2)
003f152a  local     _one (.econst)
003f152e  local     _two24 (.econst)
003f1532  local     _twon24 (.econst)
003f1526  local     _zero (.econst)


================================================================================

rts2800_ml.lib : exit.c.obj

Run/Load            
Value     Binding   Name (Section)
--------  --------  ---------------
003ecdee  local     $C$L1 (.text)
003ece01  local     $C$L2 (.text)
003ece0c  local     $C$L3 (.text)
003ece12  local     $C$L4 (.text)
00000000  local     .bss (.bss)
003f1c85  local     .cinit (.cinit)
00000000  local     .data (.data)
0000d6ba  local     .ebss (.ebss)
003ecded  local     .text (.text)
003ecded  global    C$$EXIT (.text)
0000d6bc  global    ___TI_cleanup_ptr (.ebss)
0000d6be  global    ___TI_dtors_ptr (.ebss)
0000d6ba  global    ___TI_enable_exit_profile_output (.ebss)
003ecded  global    _abort (.text)
003ecdef  global    _exit (.text)


================================================================================

rts2800_ml.lib : _lock.c.obj

Run/Load            
Value     Binding   Name (Section)
--------  --------  ---------------
00000000  local     .bss (.bss)
003f1e1f  local     .cinit:__lock (.cinit:__lock)
003f1e24  local     .cinit:__unlock (.cinit:__unlock)
00000000  local     .data (.data)
0000d892  local     .ebss:__lock (.ebss:__lock)
0000d894  local     .ebss:__unlock (.ebss:__unlock)
003edc6d  local     .text (.text)
0000d892  global    __lock (.ebss:__lock)
003edc75  global    __nop (.text)
003edc71  global    __register_lock (.text)
003edc6d  global    __register_unlock (.text)
0000d894  global    __unlock (.ebss:__unlock)


================================================================================

rts2800_ml.lib : args_main.c.obj

Run/Load            
Value     Binding   Name (Section)
--------  --------  ---------------
003ed951  local     $C$L1 (.text)
003ed954  local     $C$L2 (.text)
00000000  local     .bss (.bss)
00000000  local     .data (.data)
003ed946  local     .text (.text)
003ed946  global    __args_main (.text)


================================================================================

rts2800_ml.lib : s_floor.c.obj

Run/Load            
Value     Binding   Name (Section)
--------  --------  ---------------
003f1656  local     $C$FL1 (.econst)
003f165a  local     $C$FL2 (.econst)
003eaf90  local     $C$L1 (.text)
003eafe8  local     $C$L10 (.text)
003eb008  local     $C$L11 (.text)
003eb00a  local     $C$L12 (.text)
003eb016  local     $C$L13 (.text)
003eb01b  local     $C$L14 (.text)
003eaf95  local     $C$L2 (.text)
003eaf96  local     $C$L3 (.text)
003eaf9e  local     $C$L4 (.text)
003eafb1  local     $C$L5 (.text)
003eafc0  local     $C$L6 (.text)
003eafc3  local     $C$L7 (.text)
003eafdf  local     $C$L8 (.text)
003eafe5  local     $C$L9 (.text)
00000000  local     .bss (.bss)
00000000  local     .data (.data)
003f1652  local     .econst (.econst)
003eaf38  local     .text (.text)
003eaf38  global    _floorl (.text)
003f1652  local     _huge (.econst)


================================================================================

rts2800_ml.lib : s_scalbn.c.obj

Run/Load            
Value     Binding   Name (Section)
--------  --------  ---------------
003f15e2  local     $C$FL1 (.econst)
003f15e6  local     $C$FL2 (.econst)
003f15ea  local     $C$FL3 (.econst)
003f15ee  local     $C$FL4 (.econst)
003eb4dc  local     $C$L1 (.text)
003eb4f5  local     $C$L2 (.text)
003eb507  local     $C$L3 (.text)
003eb512  local     $C$L4 (.text)
003eb527  local     $C$L5 (.text)
003eb52d  local     $C$L6 (.text)
003eb538  local     $C$L7 (.text)
003eb558  local     $C$L8 (.text)
003eb55c  local     $C$L9 (.text)
00000000  local     .bss (.bss)
00000000  local     .data (.data)
003f15d6  local     .econst (.econst)
003eb4b6  local     .text (.text)
003eb4b6  global    _ldexpl (.text)
003eb4b6  global    _scalbnl (.text)
003f15de  local     _tiny (.econst)
003f15d6  local     _two54 (.econst)
003f15da  local     _twom54 (.econst)


================================================================================

rts2800_ml.lib : s_copysign.c.obj

Run/Load            
Value     Binding   Name (Section)
--------  --------  ---------------
003ed1f8  local     $C$L1 (.text)
00000000  local     .bss (.bss)
00000000  local     .data (.data)
003ed1d7  local     .text (.text)
003ed1d7  global    _copysignl (.text)


================================================================================

rts2800_ml.lib : k_cosf.c.obj

Run/Load            
Value     Binding   Name (Section)
--------  --------  ---------------
003f1566  local     $C$FL1 (.econst)
003f156a  local     $C$FL2 (.econst)
003f156e  local     $C$FL3 (.econst)
003f1572  local     $C$FL4 (.econst)
003f1576  local     $C$FL5 (.econst)
00000000  local     .bss (.bss)
00000000  local     .data (.data)
003f1552  local     .econst (.econst)
003ebc64  local     .text (.text)
003f1556  local     _C0 (.econst)
003f155a  local     _C1 (.econst)
003f155e  local     _C2 (.econst)
003f1562  local     _C3 (.econst)
003ebc64  global    ___kernel_cosdf (.text)
003f1552  local     _one (.econst)


================================================================================

rts2800_ml.lib : k_sinf.c.obj

Run/Load            
Value     Binding   Name (Section)
--------  --------  ---------------
003f15aa  local     $C$FL1 (.econst)
003f15ae  local     $C$FL2 (.econst)
003f15b2  local     $C$FL3 (.econst)
003f15b6  local     $C$FL4 (.econst)
00000000  local     .bss (.bss)
00000000  local     .data (.data)
003f159a  local     .econst (.econst)
003eba30  local     .text (.text)
003f159a  local     _S1 (.econst)
003f159e  local     _S2 (.econst)
003f15a2  local     _S3 (.econst)
003f15a6  local     _S4 (.econst)
003eba30  global    ___kernel_sindf (.text)


================================================================================

rts2800_ml.lib : fd_cmp28.asm.obj

Run/Load            
Value     Binding   Name (Section)
--------  --------  ---------------
00000000  local     .bss (.bss)
00000000  local     .data (.data)
003ecdc3  local     .text (.text)
003ecdd3  local     CHECK_INF (.text)
003ecdc3  global    FD$$CMP (.text)
003ecdea  local     NO_NEG (.text)
003ecdeb  local     OP_EQUAL (.text)
003ecde3  local     RETURN (.text)


================================================================================

rts2800_ml.lib : fd_tol28.asm.obj

Run/Load            
Value     Binding   Name (Section)
--------  --------  ---------------
00000000  local     .bss (.bss)
00000000  local     .data (.data)
003ed35d  local     .text (.text)
003ed35d  global    FD$$TOL (.text)
003ed376  local     OVERFLOW (.text)
003ed375  local     RETURN_VALUE (.text)
003ed37a  local     UNDERFLOW (.text)


================================================================================

rts2800_ml.lib : ll_aox28.asm.obj

Run/Load            
Value     Binding   Name (Section)
--------  --------  ---------------
00000000  local     .bss (.bss)
00000000  local     .data (.data)
003ed69d  local     .text (.text)
003ed69d  global    LL$$AND (.text)
003ed6a5  global    LL$$OR (.text)
003ed6ad  global    LL$$XOR (.text)


================================================================================

rts2800_ml.lib : i_div28.asm.obj

Run/Load            
Value     Binding   Name (Section)
--------  --------  ---------------
00000000  local     .bss (.bss)
00000000  local     .data (.data)
003ed1fa  local     .text (.text)
003ed1fa  global    I$$DIV (.text)
003ed20b  global    I$$MOD (.text)
003ed20a  local     RET1 (.text)
003ed21a  local     RET2 (.text)


================================================================================

rts2800_ml.lib : l_tofd28.asm.obj

Run/Load            
Value     Binding   Name (Section)
--------  --------  ---------------
003ed4c3  local     $10 (.text)
00000000  local     .bss (.bss)
00000000  local     .data (.data)
003ed4b5  local     .text (.text)
003ed4b5  global    L$$TOFD (.text)
003ed4cf  local     OP_ZERO (.text)
003ed4ce  local     RETURN (.text)
003ed4cc  local     RETURN_VALUE (.text)


================================================================================

rts2800_ml.lib : fd_tofs28.asm.obj

Run/Load            
Value     Binding   Name (Section)
--------  --------  ---------------
00000000  local     .bss (.bss)
00000000  local     .data (.data)
003ed25e  local     .text (.text)
003ed26b  local     EXP_EVAL (.text)
003ed25e  global    FD$$TOFS (.text)
003ed277  local     OVERFLOW (.text)
003ed276  local     RETURN_VALUE (.text)
003ed27d  local     UNDERFLOW (.text)


================================================================================

rts2800_ml.lib : errno.c.obj

Run/Load            
Value     Binding   Name (Section)
--------  --------  ---------------
00000000  local     .bss (.bss)
003f1e62  local     .cinit (.cinit)
00000000  local     .data (.data)
0000d8ae  local     .ebss (.ebss)
00000000  local     .text (.text)
0000d8ae  global    _errno (.ebss)


================================================================================

