******************************************************************************
             TMS320C2000 Linker PC v22.6.0                     
******************************************************************************
>> Linked Thu Jan 26 16:36:51 2023

OUTPUT FILE NAME:   <../../../04_Output_Files/Motor28062/TEST_CSMON_C28xx.out>
ENTRY POINT SYMBOL: "_c_int00"  address: 003ecbf4


MEMORY CONFIGURATION

         name            origin    length      used     unused   attr    fill
----------------------  --------  ---------  --------  --------  ----  --------
PAGE 0:
  RAML0                 00008000   00000800  00000021  000007df  RWIX
  RAML1                 00008800   00000400  00000000  00000400  RWIX
  OTP                   003d7800   00000400  00000000  00000400  RWIX
  FLASH_APP             003e8000   0000dff0  00008df6  000051fa  RWIX
  CSM_RSVD              003f7f80   00000076  00000076  00000000  RWIX
  BEGIN                 003f7ff6   00000002  00000002  00000000  RWIX
  CSM_PWL_P0            003f7ff8   00000008  00000008  00000000  RWIX
  FPUTABLES             003fd590   000006a0  00000000  000006a0  RWIX
  IQTABLES              003fdf00   00000b50  00000000  00000b50  RWIX
  IQTABLES2             003fea50   0000008c  00000000  0000008c  RWIX
  IQTABLES3             003feadc   000000aa  00000000  000000aa  RWIX
  ROM                   003ff3b0   00000c10  00000000  00000c10  RWIX
  RESET                 003fffc0   00000002  00000000  00000002  RWIX
  VECTORS               003fffc2   0000003e  00000000  0000003e  RWIX

PAGE 1:
  BOOT_RSVD             00000000   00000050  00000000  00000050  RWIX
  RAMM0                 00000050   000003b0  00000380  00000030  RWIX
  RAMM1                 00000400   00000400  00000000  00000400  RWIX
  DEV_EMU               00000880   00000105  00000004  00000101  RWIX
  SYS_PWR_CTL           00000985   00000003  00000003  00000000  RWIX
  FLASH_REGS            00000a80   00000060  00000008  00000058  RWIX
  CSM                   00000ae0   00000020  00000010  00000010  RWIX
  ADC_RESULT            00000b00   00000020  00000010  00000010  RWIX
  CPU_TIMER0            00000c00   00000008  00000008  00000000  RWIX
  CPU_TIMER1            00000c08   00000008  00000008  00000000  RWIX
  CPU_TIMER2            00000c10   00000008  00000008  00000000  RWIX
  PIE_CTRL              00000ce0   00000020  0000001a  00000006  RWIX
  PIE_VECT              00000d00   00000100  00000100  00000000  RWIX
  DMA                   00001000   00000200  000000e0  00000120  RWIX
  CLA1                  00001400   00000080  00000040  00000040  RWIX
  USB0                  00004000   00001000  00000454  00000bac  RWIX
  McBSPA                00005000   00000040  00000024  0000001c  RWIX
  ECANA                 00006000   00000040  00000034  0000000c  RWIX
  ECANA_LAM             00006040   00000040  00000040  00000000  RWIX
  ECANA_MOTS            00006080   00000040  00000040  00000000  RWIX
  ECANA_MOTO            000060c0   00000040  00000040  00000000  RWIX
  ECANA_MBOX            00006100   00000100  00000100  00000000  RWIX
  COMP1                 00006400   00000020  00000014  0000000c  RWIX
  COMP2                 00006420   00000020  00000014  0000000c  RWIX
  COMP3                 00006440   00000020  00000014  0000000c  RWIX
  EPWM1                 00006800   00000040  00000040  00000000  RWIX
  EPWM2                 00006840   00000040  00000040  00000000  RWIX
  EPWM3                 00006880   00000040  00000040  00000000  RWIX
  EPWM4                 000068c0   00000040  00000040  00000000  RWIX
  EPWM5                 00006900   00000040  00000040  00000000  RWIX
  EPWM6                 00006940   00000040  00000040  00000000  RWIX
  EPWM7                 00006980   00000040  00000040  00000000  RWIX
  EPWM8                 000069c0   00000040  00000040  00000000  RWIX
  ECAP1                 00006a00   00000020  00000020  00000000  RWIX
  ECAP2                 00006a20   00000020  00000020  00000000  RWIX
  ECAP3                 00006a40   00000020  00000020  00000000  RWIX
  HRCAP1                00006ac0   00000020  00000020  00000000  RWIX
  HRCAP2                00006ae0   00000020  00000020  00000000  RWIX
  EQEP1                 00006b00   00000040  00000022  0000001e  RWIX
  EQEP2                 00006b40   00000040  00000022  0000001e  RWIX
  HRCAP3                00006c80   00000020  00000020  00000000  RWIX
  HRCAP4                00006ca0   00000020  00000020  00000000  RWIX
  GPIOCTRL              00006f80   00000040  00000040  00000000  RWIX
  GPIODAT               00006fc0   00000020  00000020  00000000  RWIX
  GPIOINT               00006fe0   00000020  00000020  00000000  RWIX
  SYSTEM                00007010   00000030  00000030  00000000  RWIX
  SPIA                  00007040   00000010  00000010  00000000  RWIX
  SCIA                  00007050   00000010  00000010  00000000  RWIX
  NMIINTRUPT            00007060   00000010  00000010  00000000  RWIX
  XINTRUPT              00007070   00000010  00000010  00000000  RWIX
  ADC                   00007100   00000080  00000050  00000030  RWIX
  SPIB                  00007740   00000010  00000010  00000000  RWIX
  SCIB                  00007750   00000010  00000010  00000000  RWIX
  I2CA                  00007900   00000040  00000022  0000001e  RWIX
  RAML2                 00008c00   00000400  00000400  00000000  RWIX
  RAML34                00009000   00003000  00003000  00000000  RWIX
  RAML5                 0000c000   00002000  00000123  00001edd  RWIX
  RAML6                 0000e000   00002000  00000000  00002000  RWIX
  RAML7                 00010000   00002000  00000000  00002000  RWIX
  RAML8                 00012000   00002000  00000000  00002000  RWIX
  USB_RAM               00040000   00000800  00000000  00000800  RWIX
  PARTID                003d7e80   00000001  00000001  00000000  RWIX
  CSM_PWL               003f7ff8   00000008  00000008  00000000  RWIX


SECTION ALLOCATION MAP

 output                                  attributes/
section   page    origin      length       input sections
--------  ----  ----------  ----------   ----------------
.cinit     0    003f0582    00000875     
                  003f0582    0000021b     CSMON_C28xx.lib : hmmodbus.obj (.cinit)
                  003f079d    0000017b     main.obj (.cinit)
                  003f0918    00000105     CSMON_C28xx.lib : csmon.obj (.cinit)
                  003f0a1d    0000009c                     : modbusreg.obj (.cinit)
                  003f0ab9    00000030                     : csmon.obj (.cinit:_CSMON_au8FileRecorderConfigElementsSizeTable)
                  003f0ae9    0000002b                     : csmon.obj (.cinit:_CSMON_au8FileScopeConfigurationElementsSizeTable)
                  003f0b14    00000017                     : csmon.obj (.cinit:_CSMON_au8FileRecorderDataElementsSizeTable)
                  003f0b2b    00000015                     : csmon.obj (.cinit:_CSMON_sFileAutorization)
                  003f0b40    00000014                     : hmdrv.obj (.cinit)
                  003f0b54    00000014                     : hmprotocol.obj (.cinit)
                  003f0b68    00000013                     : modbusreg.obj (.cinit:_MODBUSREG_au8DeviceIDUserApplicationName)
                  003f0b7b    00000013                     : modbusreg.obj (.cinit:_MODBUSREG_au8DeviceIDVendorUrl)
                  003f0b8e    00000013                     : modbusreg.obj (.cinit:_MODBUSREG_au8ServerIDData)
                  003f0ba1    00000013                     : hmrecparam.obj (.cinit:_sRecStatusParam)
                  003f0bb4    0000000f                     : csmon.obj (.cinit:_CSMON_sDateTime)
                  003f0bc3    0000000f                     : csmon.obj (.cinit:_CSMON_sDateTimeApplication)
                  003f0bd2    0000000f                     : csmon.obj (.cinit:_CSMON_sDateTimeDefault)
                  003f0be1    0000000f                     : modbusreg.obj (.cinit:_MODBUSREG_au8DeviceIDModelName)
                  003f0bf0    0000000f     device.obj (.cinit)
                  003f0bff    0000000e     rts2800_ml.lib : exit.c.obj (.cinit)
                  003f0c0d    0000000d     CSMON_C28xx.lib : tmr_drv.obj (.cinit)
                  003f0c1a    0000000d                     : csmon.obj (.cinit:_CSMON_au8FileParameterCountElementsSizeTable)
                  003f0c27    0000000d                     : csmon.obj (.cinit:_CSMON_au8FileRTCElementsSizeTable)
                  003f0c34    0000000d                     : csmon.obj (.cinit:_sHashKey)
                  003f0c41    0000000c                     : modbusreg.obj (.cinit:_MODBUSREG_au8DeviceIDProductName)
                  003f0c4d    0000000c                     : modbusreg.obj (.cinit:_MODBUSREG_au8DeviceIDUserReserve0)
                  003f0c59    0000000c                     : modbusreg.obj (.cinit:_MODBUSREG_au8DeviceIDUserReserve1)
                  003f0c65    0000000c                     : modbusreg.obj (.cinit:_MODBUSREG_au8DeviceIDUserReserve2)
                  003f0c71    0000000c                     : modbusreg.obj (.cinit:_MODBUSREG_au8DeviceIDVendorName)
                  003f0c7d    0000000b                     : hmrecparam.obj (.cinit:_HMRECPRM_sDateTime)
                  003f0c88    0000000b     main.obj (.cinit:_MAIN_sDateTimeGet)
                  003f0c93    0000000b     main.obj (.cinit:_MAIN_sDateTimeSet)
                  003f0c9e    0000000b     uart_driver.obj (.cinit:_UART_DRV_RXIntOverflowCounter)
                  003f0ca9    0000000b     uart_driver.obj (.cinit:_UART_DRV_u32TimeDiffLast)
                  003f0cb4    0000000b     uart_driver.obj (.cinit:_UART_DRV_u32TimeDiffNow)
                  003f0cbf    0000000b     CSMON_C28xx.lib : uart_drv.obj (.cinit:_UART_RXIntOverflowCounter)
                  003f0cca    0000000b                     : tmr_drv.obj (.cinit:_pfDelayedFunction)
                  003f0cd5    0000000b                     : tmr_drv.obj (.cinit:_pfDelayedFunction_u8)
                  003f0ce0    0000000b                     : hmrecparam.obj (.cinit:_sRecStatusParamInternal)
                  003f0ceb    0000000b                     : uart_drv.obj (.cinit:_u32TimeDiffLast)
                  003f0cf6    0000000b                     : uart_drv.obj (.cinit:_u32TimeDiffNow)
                  003f0d01    0000000b                     : uart_drv.obj (.cinit:_u32TimeDiffRead)
                  003f0d0c    00000009                     : hmserial.obj (.cinit)
                  003f0d15    00000009                     : csmon.obj (.cinit:_CSMON_au32FileAutorization_FunctionAfterWriteFileRecord)
                  003f0d1e    00000009                     : csmon.obj (.cinit:_CSMON_sFileParameterCount)
                  003f0d27    00000008                     : hmlib.obj (.cinit)
                  003f0d2f    00000007                     : csmon.obj (.cinit:_CSMON_au8FileRecorderStatusElementsSizeTable)
                  003f0d36    00000007                     : modbusreg.obj (.cinit:_MODBUSREG_au8DeviceIDMajorMinorRevision)
                  003f0d3d    00000007                     : modbusreg.obj (.cinit:_MODBUSREG_au8DeviceIDProductCode)
                  003f0d44    00000007                     : uart_drv.obj (.cinit:_UARTRxBufferRDCount)
                  003f0d4b    00000007                     : uart_drv.obj (.cinit:_UARTRxBufferRDIndex)
                  003f0d52    00000007                     : uart_drv.obj (.cinit:_UARTRxBufferWRCount)
                  003f0d59    00000007                     : uart_drv.obj (.cinit:_UARTRxBufferWRIndex)
                  003f0d60    00000007     uart_driver.obj (.cinit:_UART_DRV_RxBufferRDCount)
                  003f0d67    00000007     uart_driver.obj (.cinit:_UART_DRV_RxBufferWRCount)
                  003f0d6e    00000007     uart_driver.obj (.cinit:_UART_DRV_RxBufferWRIndex)
                  003f0d75    00000006     CSMON_C28xx.lib : csmon.obj (.cinit:_CSMON_abFileAutorization_RecordReadOnly)
                  003f0d7b    00000006                     : csmon.obj (.cinit:_CSMON_abFileAutorization_RecordStringData)
                  003f0d81    00000006                     : csmon.obj (.cinit:_CSMON_au16FileAutorization_RecordOffsets)
                  003f0d87    00000006                     : csmon.obj (.cinit:_CSMON_sFileProtocolVersion)
                  003f0d8d    00000005     rts2800_ml.lib : _lock.c.obj (.cinit:__lock)
                  003f0d92    00000005                    : _lock.c.obj (.cinit:__unlock)
                  003f0d97    00000005     CSMON_C28xx.lib : hmscopeparam.obj (.cinit:_pBufferScope)
                  003f0d9c    00000005                     : csmon.obj (.cinit:_sFileParameterNumericOffsetDefault)
                  003f0da1    00000004                     : hmscopeparam.obj (.cinit)
                  003f0da5    00000004                     : uart_drv.obj (.cinit)
                  003f0da9    00000004                     : csmon.obj (.cinit:_CSMON_au8FileParameterListElementsSizeTablePart1_1)
                  003f0dad    00000004                     : csmon.obj (.cinit:_CSMON_au8FileParameterListElementsSizeTablePart1_2)
                  003f0db1    00000004                     : csmon.obj (.cinit:_CSMON_au8FileParameterListElementsSizeTablePart1_3)
                  003f0db5    00000004                     : csmon.obj (.cinit:_CSMON_au8FileParameterListElementsSizeTablePart1_4)
                  003f0db9    00000004                     : csmon.obj (.cinit:_CSMON_au8FileParameterListElementsSizeTablePart2)
                  003f0dbd    00000004                     : csmon.obj (.cinit:_CSMON_au8FileParameterListElementsSizeTablePart3)
                  003f0dc1    00000004                     : csmon.obj (.cinit:_CSMON_au8FileParameterNumbElementsSizeTablePart16Bits)
                  003f0dc5    00000004                     : csmon.obj (.cinit:_CSMON_au8FileParameterNumbElementsSizeTablePart32Bits)
                  003f0dc9    00000004                     : csmon.obj (.cinit:_CSMON_au8FileRecorderDataElementsSizeTableUsedLength)
                  003f0dcd    00000004                     : csmon.obj (.cinit:_CSMON_au8FileScopeStatusElementsSizeTable)
                  003f0dd1    00000004                     : csmon.obj (.cinit:_CSMON_sFileParameterAccessList)
                  003f0dd5    00000004                     : hmmodbus.obj (.cinit:_HMMODBUS_u32RegisterAddressDummyuSize)
                  003f0dd9    00000004                     : modbusreg.obj (.cinit:_MODBUSREG_asFileTable)
                  003f0ddd    00000004                     : csmon.obj (.cinit:_sFileParameterNumericVisualTypeDefault)
                  003f0de1    00000004                     : tmr_drv.obj (.cinit:_u16TimerMainDelayedData)
                  003f0de5    00000004                     : tmr_drv.obj (.cinit:_u16TimerMainFunctionDelay)
                  003f0de9    00000004                     : tmr_drv.obj (.cinit:_u16TimerMainFunctionDelayCompare)
                  003f0ded    00000004                     : tmr_drv.obj (.cinit:_u16TimerMainFunctionDelayCounter)
                  003f0df1    00000004     rts2800_ml.lib : errno.c.obj (.cinit)
                  003f0df5    00000002     --HOLE-- [fill = 0]

.pinit     0    003e8000    00000000     UNINITIALIZED

.text      0    003e8000    00006754     
                  003e8000    000008c7     CSMON_C28xx.lib : hmmodbus.obj (.text:_HMMODBUS_ReadFileRecord)
                  003e88c7    00000893                     : hmmodbus.obj (.text:_HMMODBUS_bDecoder_OPT)
                  003e915a    0000077b                     : modbusreg.obj (.text:_MODBUSREG_AddressTablesInit)
                  003e98d5    00000698     rts2800_ml.lib : k_rem_pio2.c.obj (.text)
                  003e9f6d    00000687     CSMON_C28xx.lib : hmmodbus.obj (.text:_HMMODBUS_WriteFileRecord)
                  003ea5f4    000001b2     main.obj (.text:_main)
                  003ea7a6    0000017f     CSMON_C28xx.lib : csmon.obj (.text:_CSMON_eSetUpRecParam)
                  003ea925    0000016a                     : csmon.obj (.text:_CSMON_eProcess)
                  003eaa8f    00000148                     : hmmodbus.obj (.text:_HMMODBUS_Rx)
                  003eabd7    00000145                     : hmmodbus.obj (.text:_HMMODBUS_vSetFreeRunTimerPrescaller)
                  003ead1c    00000114     rts2800_ml.lib : s_sinf.c.obj (.text)
                  003eae30    00000107                    : ll_div28.asm.obj (.text)
                  003eaf37    000000f1     CSMON_C28xx.lib : csmon.obj (.text:_CSMON_vFileRecoderStatusFix)
                  003eb028    000000ef                     : hmmodbus.obj (.text:_HMMODBUS_WriteHoldingRegister)
                  003eb117    000000e9                     : hmmodbus.obj (.text:_HMMODBUS_ReadHoldingRegister)
                  003eb200    000000e9                     : hmprotocol.obj (.text:_HMPROTOCOL_bDecoder)
                  003eb2e9    000000e8                     : hmrecparam.obj (.text:_HMRECPRM_vProcess)
                  003eb3d1    000000e8     rts2800_ml.lib : s_floor.c.obj (.text)
                  003eb4b9    000000e5     CSMON_C28xx.lib : hmdrv.obj (.text:_HMDRV_vInit)
                  003eb59e    000000e4     main.obj (.text:_ControlProcess)
                  003eb682    000000d6     CSMON_C28xx.lib : csmon.obj (.text:_CSMON_vSetupHoldingRegistersAndCoilsAddressTableFromCSMONParameterList)
                  003eb758    000000c6                     : csmon.obj (.text:_CSMON_vInitParameterListRealAddressRecordTables)
                  003eb81e    000000bc                     : csmon.obj (.text:_CSMON_vPrepareFileParameterAccessList)
                  003eb8da    000000bc                     : hmrecparam.obj (.text:_HMRECPRM_SetUpRec)
                  003eb996    000000ba                     : csmon.obj (.text:_CSMON_eInit)
                  003eba50    000000b8                     : hmrec.obj (.text:_HMREC_SetUpRec)
                  003ebb08    000000aa                     : hmdrv.obj (.text:_HMDRV_CopyFromBufferInternalModbusBitField)
                  003ebbb2    000000aa     rts2800_ml.lib : s_scalbn.c.obj (.text)
                  003ebc5c    000000a7                    : e_rem_pio2f.c.obj (.text)
                  003ebd03    000000a3     CSMON_C28xx.lib : tmr_drv.obj (.text:_TMR2_ISR)
                  003ebda6    0000009d                     : hmmodbus.obj (.text:_HMMODBUS_GetRealRegisterAddressAndSize)
                  003ebe43    0000009c     rts2800_ml.lib : fd_add28.asm.obj (.text)
                  003ebedf    00000097     main.obj (.text:_RecordersInitialization)
                  003ebf76    00000093     main.obj (.text:_ParameterInitialization)
                  003ec009    00000092     CSMON_C28xx.lib : hmdrv.obj (.text:_HMDRV_CopyMemory)
                  003ec09b    00000092                     : hmdrv.obj (.text:_HMDRV_CopyToBufferInternalModbus)
                  003ec12d    00000092     rts2800_ml.lib : k_sinf.c.obj (.text)
                  003ec1bf    00000090     CSMON_C28xx.lib : csmon.obj (.text:_CSMON_vSetDateTimeAutorization)
                  003ec24f    0000008b     rts2800_ml.lib : fd_div28.asm.obj (.text)
                  003ec2da    00000087     CSMON_C28xx.lib : hmrecparam.obj (.text:_HMRECPRM_SetUpRecParamStatusDateTime)
                  003ec361    00000087     rts2800_ml.lib : k_cosf.c.obj (.text)
                  003ec3e8    00000083     CSMON_C28xx.lib : hmdrv.obj (.text:_HMDRV_CopyFromBufferInternalModbus)
                  003ec46b    00000083     rts2800_ml.lib : fd_mpy28.asm.obj (.text)
                  003ec4ee    00000083                    : fs_div28.asm.obj (.text)
                  003ec571    0000007f     CSMON_C28xx.lib : hmserial.obj (.text:_HMSERIAL_vProcessSCI)
                  003ec5f0    00000078     rts2800_ml.lib : fs_add28.asm.obj (.text)
                  003ec668    0000006a     CSMON_C28xx.lib : hmserial.obj (.text:_HMSERIAL_Rx)
                  003ec6d2    00000068                     : hmmodbus.obj (.text:_HMMODBUS_vProcessSCI)
                  003ec73a    00000068                     : hmprotocol.obj (.text:_HMPROTOCOL_GetBoardInfo)
                  003ec7a2    00000067                     : hmmodbus.obj (.text:_HMMODBUS_CopyFromBuffer)
                  003ec809    00000064                     : hmrec.obj (.text:_HMREC_vProcess)
                  003ec86d    00000062                     : modbusreg.obj (.text:_MODBUSREG_vInit)
                  003ec8cf    0000005f     F2806x_SysCtrl.obj (.text:_InitPeripheralClocks)
                  003ec92e    0000005d     CSMON_C28xx.lib : uart_drv.obj (.text:_UART_RXInterrupt)
                  003ec98b    0000005a                     : gpio.obj (.text:_GPIO_setPinConfigOutput)
                  003ec9e5    0000005a     rts2800_ml.lib : fs_mpy28.asm.obj (.text)
                  003eca3f    00000059     CSMON_C28xx.lib : csmon.obj (.text:_CSMON_vUpdateDateTimeFromApplication)
                  003eca98    00000059                     : hmmodbus.obj (.text:_vSetElementsSize)
                  003ecaf1    00000057                     : csmon.obj (.text:_CSMON_bCheckValidDateTime)
                  003ecb48    00000057     uart_driver.obj (.text:_UART_DRV_RXInterrupt)
                  003ecb9f    00000055     CSMON_C28xx.lib : modbusreg.obj (.text:_MODBUSREG_FileRecorderExternalUpdateInit)
                  003ecbf4    00000054     rts2800_ml.lib : boot28.asm.obj (.text)
                  003ecc48    00000052     CSMON_C28xx.lib : csmon.obj (.text:_CSMON_eSetRecorderTriggerAtPosition)
                  003ecc9a    00000051     F2806x_SysCtrl.obj (.text:_InitPll)
                  003ecceb    0000004e     CSMON_C28xx.lib : hmmodbus.obj (.text:_HMMODBUS_GetRegisterFunction)
                  003ecd39    0000004e                     : hmrecparam.obj (.text:_HMRECPRM_StartRecParam)
                  003ecd87    0000004c                     : hmmodbus.obj (.text:_HMMODBUS_vSendResponse)
                  003ecdd3    0000004c                     : hmrecparam.obj (.text:_HMRECPRM_vTimeSync)
                  003ece1f    00000047                     : hmmodbus.obj (.text:_HMMODBUS_CopyToBuffer)
                  003ece66    00000047                     : hmscopeparam.obj (.text:_HMSCOPEPRM_SetUpScope)
                  003ecead    00000045     main.obj (.text:_ExternalParametersInitialization)
                  003ecef2    00000043     CSMON_C28xx.lib : hmscopeparam.obj (.text:_HMSCOPEPRM_ReadScope)
                  003ecf35    00000042     interrupt.obj (.text:_Interrupt_enable)
                  003ecf77    0000003f     CSMON_C28xx.lib : hmdrv.obj (.text:_HMDRV_CopyFromBufferInternal)
                  003ecfb6    0000003d                     : hmmodbus.obj (.text:_vSetStartSampleIndex)
                  003ecff3    0000003c                     : tmr_drv.obj (.text:_configCPUTimer)
                  003ed02f    0000003b                     : hmscope.obj (.text:_HMSCOPE_SetUpScope)
                  003ed06a    00000039                     : csmon.obj (.text:_CSMON_u16FindIndexParameterTable)
                  003ed0a3    00000038                     : csmon.obj (.text:_CSMON_eSetRecorderConfigurationSkipSamples)
                  003ed0db    00000038                     : hmmodbus.obj (.text:_HMMODBUS_bDecoderInit_OPT)
                  003ed113    00000038                     : uart_drv.obj (.text:_UART_ReadDataRx)
                  003ed14b    00000036                     : csmon.obj (.text:_CSMON_vRecorderParamStartStopProcess)
                  003ed181    00000036                     : hmscope.obj (.text:_HMSCOPE_ReadScope)
                  003ed1b7    00000036                     : hmserial.obj (.text:_HMSERIAL_vSendResponse)
                  003ed1ed    00000035                     : csmon.obj (.text:_CSMON_u32GetRealAddressAndSizeOffsetFromParameter)
                  003ed222    00000035                     : hmdrv.obj (.text:_HMDRV_CopyToBufferInternal)
                  003ed257    00000033                     : hmmodbus.obj (.text:_HMMODBUS_Listen)
                  003ed28a    0000002e                     : hmserial.obj (.text:_HMSERIAL_vProcessSCIFreemasterOnly)
                  003ed2b8    0000002d                     : csmon.obj (.text:_CSMON_eSetParameterInRecorderAtPosition)
                  003ed2e5    0000002d                     : csmon.obj (.text:_CSMON_eSetParameterInScopeAtPosition)
                  003ed312    0000002d                     : csmon.obj (.text:_CSMON_vInitRecorders)
                  003ed33f    0000002d                     : csmon.obj (.text:_CSMON_vSetupHoldingRegistersAndCoilsAddressTableAccessAll)
                  003ed36c    0000002d                     : hmserial.obj (.text:_HMSERIAL_Listen)
                  003ed399    0000002d                     : hmrecparam.obj (.text:_RecorderTimeFromLocalDateTime)
                  003ed3c6    0000002b                     : hmrecparam.obj (.text:_FillTimeData)
                  003ed3f1    0000002a     rts2800_ml.lib : fd_cmp28.asm.obj (.text)
                  003ed41b    00000029                    : exit.c.obj (.text)
                  003ed444    00000029                    : fs_tol28.asm.obj (.text)
                  003ed46d    00000028     CSMON_C28xx.lib : csmon.obj (.text:_CSMON_bAutorizationPasswordCheck)
                  003ed495    00000028     main.obj (.text:_ScopesInitialization)
                  003ed4bd    00000027     CSMON_C28xx.lib : hmserial.obj (.text:_HMSERIAL_vProcessSCITXISR)
                  003ed4e4    00000027                     : hmdrv.obj (.text:_sci_echoback_init)
                  003ed50b    00000026                     : hmdrv.obj (.text:_HMDRV_CopyFromBufferInternalWithMaskModbus)
                  003ed531    00000026                     : modbusreg.obj (.text:_MODBUSREG_vInitHoldingRegistersTableChangesExternalList)
                  003ed557    00000025                     : hmserial.obj (.text:_HMSERIAL_Tx)
                  003ed57c    00000025     rts2800_ml.lib : fs_toi28.asm.obj (.text)
                  003ed5a1    00000024     CSMON_C28xx.lib : csmon.obj (.text:_CSMON_vAutorizationReset)
                  003ed5c5    00000024                     : hmprotocol.obj (.text:_HMPROTOCOL_ReadMem)
                  003ed5e9    00000024                     : hmrecparam.obj (.text:_RecorderDateFromLocalDateTime)
                  003ed60d    00000024     sci_driver.obj (.text:_SCIA_DRV_RXFIFOISR)
                  003ed631    00000024     sci_driver.obj (.text:_SCIA_DRV_TXFIFOISR)
                  003ed655    00000024     CSMON_C28xx.lib : sci_drv.obj (.text:_SCIA_RXFIFOISR)
                  003ed679    00000024                     : sci_drv.obj (.text:_SCIA_TXFIFOISR)
                  003ed69d    00000024     sci_driver.obj (.text:_SCIB_DRV_RXFIFOISR)
                  003ed6c1    00000024     sci_driver.obj (.text:_SCIB_DRV_TXFIFOISR)
                  003ed6e5    00000024     CSMON_C28xx.lib : sci_drv.obj (.text:_SCIB_RXFIFOISR)
                  003ed709    00000024                     : sci_drv.obj (.text:_SCIB_TXFIFOISR)
                  003ed72d    00000024                     : tmr_drv.obj (.text:_TMR_vInit)
                  003ed751    00000024                     : hmmodbus.obj (.text:_vSetSampleCountAvailable)
                  003ed775    00000024     rts2800_ml.lib : cpy_tbl.c.obj (.text)
                  003ed799    00000023     CSMON_C28xx.lib : csmon.obj (.text:_CSMON_vRecorderParamSetupProcess)
                  003ed7bc    00000023                     : hmlib.obj (.text:_HMLIB_vInit)
                  003ed7df    00000023                     : modbusreg.obj (.text:_MODBUSREG_FileRecorderElementSizeTableUsedSizeUpdateInit)
                  003ed802    00000023     rts2800_ml.lib : s_copysign.c.obj (.text)
                  003ed825    00000022                    : i_div28.asm.obj (.text)
                  003ed847    00000021     CSMON_C28xx.lib : csmon.obj (.text:_CSMON_eSetParameterListParameterID)
                  003ed868    00000021                     : hmdrv.obj (.text:_HMDRV_CopyFromBufferInternalWithMask)
                  003ed889    00000021     rts2800_ml.lib : fd_tofs28.asm.obj (.text)
                  003ed8aa    00000021                    : fs_toul28.asm.obj (.text)
                  003ed8cb    00000020     CSMON_C28xx.lib : csmon.obj (.text:_CSMON_eSetParameterListRealAddress)
                  003ed8eb    00000020     device.obj (.text:_Device_init)
                  003ed90b    00000020     CSMON_C28xx.lib : hmdrv.obj (.text:_HMDRV_vProcess)
                  003ed92b    00000020                     : tmr_drv.obj (.text:_TMR_vInitCPUTimers)
                  003ed94b    00000020                     : hmmodbus.obj (.text:_vSetSampleCountBuffer)
                  003ed96b    0000001f                     : hmmodbus.obj (.text:_HMMODBUS_vInit)
                  003ed98a    0000001f     F2806x_PieCtrl.obj (.text:_InitPieCtrl)
                  003ed9a9    0000001f     CSMON_C28xx.lib : hmmodbus.obj (.text:_vSetSampleSize)
                  003ed9c8    0000001f     rts2800_ml.lib : fd_tol28.asm.obj (.text)
                  003ed9e7    0000001d     CSMON_C28xx.lib : hmmodbus.obj (.text:_HMMODBUS_Tx)
                  003eda04    0000001d                     : hmrecparam.obj (.text:_HMRECPRM_GetRecBuffFreemaster)
                  003eda21    0000001d                     : hmrec.obj (.text:_HMREC_GetRecBuffFreemaster)
                  003eda3e    0000001d     rts2800_ml.lib : fs_tou28.asm.obj (.text)
                  003eda5b    0000001d                    : memcpy.c.obj (.text)
                  003eda78    0000001c     main.obj (.text:_CSMON_vGetDateTime)
                  003eda94    0000001c     CSMON_C28xx.lib : csmon.obj (.text:_HMRECPRM_vGetDateTime)
                  003edab0    0000001c                     : sci.obj (.text:_SCI_clearInterruptStatus)
                  003edacc    0000001c                     : hmmodbus.obj (.text:_vSetIndexFileTable)
                  003edae8    0000001c     rts2800_ml.lib : fs_tofd28.asm.obj (.text)
                  003edb04    0000001c                    : l_tofd28.asm.obj (.text)
                  003edb20    0000001b     device.obj (.text:_Device_initGPIO)
                  003edb3b    0000001b     CSMON_C28xx.lib : hmdrv.obj (.text:_HMDRV_AddressToBuffer)
                  003edb56    0000001b     rts2800_ml.lib : fd_toul28.asm.obj (.text)
                  003edb71    0000001a     CSMON_C28xx.lib : hmmodbus.obj (.text:_HMMODBUS_vProcessSCITXISR)
                  003edb8b    0000001a                     : hmrecparam.obj (.text:_HMRECPRM_StartRec)
                  003edba5    0000001a                     : hmserial.obj (.text:_HMSERIAL_vProcessSCITXISRFreemasterOnly)
                  003edbbf    0000001a                     : sci.obj (.text:_SCI_disableInterrupt)
                  003edbd9    0000001a                     : sci.obj (.text:_SCI_enableInterrupt)
                  003edbf3    0000001a     rts2800_ml.lib : l_tofs28.asm.obj (.text)
                  003edc0d    00000019     CSMON_C28xx.lib : csmon.obj (.text:_CSMON_eSetParameterCountInRecorder)
                  003edc26    00000019                     : hmdrv.obj (.text:_HMDRV_AddressFromBuffer)
                  003edc3f    00000019                     : uart_drv.obj (.text:_UART_vInit)
                  003edc58    00000019                     : hmmodbus.obj (.text:_bGetFileReadAccess)
                  003edc71    00000019     rts2800_ml.lib : prolog28.asm.obj (.text)
                  003edc8a    00000018     CSMON_C28xx.lib : csmon.obj (.text:_CSMON_u32GetFreeRunningTimerMicroseconds)
                  003edca2    00000018                     : hmlib.obj (.text:_HMLIB_vProcessSCITXISRWithIndex)
                  003edcba    00000018     F2806x_SysCtrl.obj (.text:_InitSysCtrl)
                  003edcd2    00000018     rts2800_ml.lib : ll_aox28.asm.obj (.text)
                  003edcea    00000017     CSMON_C28xx.lib : csmon.obj (.text:_CSMON_vSaveRecorderConfig)
                  003edd01    00000017                     : hmmodbus.obj (.text:_HMMODBUS_vProcessTxDelay)
                  003edd18    00000017                     : hmprotocol.obj (.text:_HMPROTOCOL_WriteMem)
                  003edd2f    00000017                     : hmprotocol.obj (.text:_HMPROTOCOL_WriteMemMask)
                  003edd46    00000017                     : hmmodbus.obj (.text:_vSetBufferAddressStart)
                  003edd5d    00000017     rts2800_ml.lib : fs_cmp28.asm.obj (.text)
                  003edd74    00000017                    : u_tofd28.asm.obj (.text)
                  003edd8b    00000016     CSMON_C28xx.lib : csmon.obj (.text:_CSMON_eSetParameterCountInScope)
                  003edda1    00000016                     : hmdrv.obj (.text:_HMDRV_AddressFromBufferBigEndian)
                  003eddb7    00000015                     : hmrecparam.obj (.text:_HMRECPRM_Comparefloat)
                  003eddcc    00000015                     : hmrec.obj (.text:_HMREC_Comparefloat)
                  003edde1    00000015                     : hmrec.obj (.text:_HMREC_StartRec)
                  003eddf6    00000014                     : hmlib.obj (.text:_HMLIB_vProcessFastTD)
                  003ede0a    00000014                     : hmmodbus.obj (.text:_HMMODBUS_DelayedTx)
                  003ede1e    00000014                     : hmrecparam.obj (.text:_HMRECPRM_StopRecParam)
                  003ede32    00000014                     : hmserial.obj (.text:_HMSERIAL_DelayedTx)
                  003ede46    00000013                     : csmon.obj (.text:_CSMON_eSetFlagProcessPassed)
                  003ede59    00000013     rts2800_ml.lib : ul_tofs28.asm.obj (.text)
                  003ede6c    00000012     CSMON_C28xx.lib : csmon.obj (.text:_CSMON_vFileParameterCountCheckSumUpdate)
                  003ede7e    00000012                     : hmdrv.obj (.text:_HMDRV_GetStringLengthFromWordInternal)
                  003ede90    00000012                     : hmmodbus.obj (.text:_HMMODBUS_vSetupRegisterDummy)
                  003edea2    00000012                     : hmrecparam.obj (.text:_HMRECPRM_CompareBOOL)
                  003edeb4    00000012                     : modbusreg.obj (.text:_MODBUSREG_FileShortNameElementSizeandAddressUpdateInit)
                  003edec6    00000012                     : modbusreg.obj (.text:_MODBUSREG_vFileDenyAccess)
                  003eded8    00000012                     : uart_drv.obj (.text:_UART_TxIntDis)
                  003edeea    00000012                     : uart_drv.obj (.text:_UART_TxIntEna)
                  003edefc    00000011     main.obj (.text:_CSMON_vSetDateTime)
                  003edf0d    00000011     CSMON_C28xx.lib : hmserial.obj (.text:_HMSERIAL_vInit)
                  003edf1e    00000011     F2806x_PieVect.obj (.text:_InitPieVectTable)
                  003edf2f    00000011     main.obj (.text:_vSetWatchdogPrescalerTimeDiv)
                  003edf40    00000011     rts2800_ml.lib : args_main.c.obj (.text)
                  003edf51    00000010     CSMON_C28xx.lib : csmon.obj (.text:_CSMON_eSetParameterListRegisterFlags)
                  003edf61    00000010     F2806x_SysCtrl.obj (.text:_IntOsc1Sel)
                  003edf71    00000010     CSMON_C28xx.lib : hmmodbus.obj (.text:_bIsValidEndAddressInBuffer)
                  003edf81    00000010                     : hmmodbus.obj (.text:_u32BytesMemoryToBytesModbus)
                  003edf91    00000010                     : hmmodbus.obj (.text:_u32BytesModbusToBytesMemory)
                  003edfa1    00000010     main.obj (.text:_vGetWatchdogPrescaler)
                  003edfb1    00000010     rts2800_ml.lib : u_tofs28.asm.obj (.text)
                  003edfc1    0000000f     CSMON_C28xx.lib : hmmodbus.obj (.text:_HMMODBUS_CalcCRC)
                  003edfd0    0000000f                     : uart_drv.obj (.text:_UART_IsTxEmpty)
                  003edfdf    0000000e                     : hmdrv.obj (.text:_HMDRV_GetStringLengthInternal)
                  003edfed    0000000e                     : hmrecparam.obj (.text:_HMRECPRM_Compare16S)
                  003edffb    0000000e                     : hmrecparam.obj (.text:_HMRECPRM_Compare16U)
                  003ee009    0000000e                     : hmrecparam.obj (.text:_HMRECPRM_Compare32S)
                  003ee017    0000000e                     : hmrecparam.obj (.text:_HMRECPRM_Compare32U)
                  003ee025    0000000e                     : hmrecparam.obj (.text:_HMRECPRM_Compare8S)
                  003ee033    0000000e                     : hmrecparam.obj (.text:_HMRECPRM_Compare8U)
                  003ee041    0000000e                     : hmrec.obj (.text:_HMREC_Compare16S)
                  003ee04f    0000000e                     : hmrec.obj (.text:_HMREC_Compare16U)
                  003ee05d    0000000e                     : hmrec.obj (.text:_HMREC_Compare32S)
                  003ee06b    0000000e                     : hmrec.obj (.text:_HMREC_Compare32U)
                  003ee079    0000000e                     : hmrec.obj (.text:_HMREC_Compare8S)
                  003ee087    0000000e                     : hmrec.obj (.text:_HMREC_Compare8U)
                  003ee095    0000000e                     : hmmodbus.obj (.text:_u32FitAddressCircleBufferInside)
                  003ee0a3    0000000e     rts2800_ml.lib : fd_sub28.asm.obj (.text)
                  003ee0b1    0000000d     CSMON_C28xx.lib : csmon.obj (.text:_CSMON_eResetParameterTable)
                  003ee0be    0000000d                     : csmon.obj (.text:_CSMON_vInitHoldingRegistersTableChanges)
                  003ee0cb    0000000d                     : hmrecparam.obj (.text:_HMRECPRM_IsJustStopped)
                  003ee0d8    0000000d                     : hmrecparam.obj (.text:_HMRECPRM_StopRec)
                  003ee0e5    0000000d                     : hmrec.obj (.text:_HMREC_StopRec)
                  003ee0f2    0000000d                     : modbusreg.obj (.text:_MODBUSREG_vFileAllowAccess)
                  003ee0ff    0000000d                     : tmr_drv.obj (.text:_TIMER_vSetupTimerMainFunctionDelayCompare)
                  003ee10c    0000000d                     : uart_drv.obj (.text:_UART_ReadDataRxAvailable)
                  003ee119    0000000c                     : hmlib.obj (.text:_HMLIB_vProcess)
                  003ee125    0000000c                     : hmrecparam.obj (.text:_HMRECPRM_GetBufferRecParamPtrAddress)
                  003ee131    0000000c                     : hmrecparam.obj (.text:_HMRECPRM_TriggerRec)
                  003ee13d    0000000c                     : hmmodbus.obj (.text:_u32FixAddressCircleBufferOverflow)
                  003ee149    0000000c     rts2800_ml.lib : epilog28.asm.obj (.text)
                  003ee155    0000000b     CSMON_C28xx.lib : hmmodbus.obj (.text:_HMMODBUS_vProcessFastTD)
                  003ee160    0000000b                     : hmrecparam.obj (.text:_HMRECPRM_IsRunning)
                  003ee16b    0000000b                     : hmserial.obj (.text:_HMSERIAL_vProcessFastTD)
                  003ee176    0000000b                     : modbusreg.obj (.text:_MODBUSREG_vDataZero)
                  003ee181    0000000b     sci_driver.obj (.text:_SCI_DRV_eGetModuleIndexFromBase)
                  003ee18c    0000000b     CSMON_C28xx.lib : sci_drv.obj (.text:_SCI_eGetModuleIndexFromBase)
                  003ee197    0000000b                     : uart_drv.obj (.text:_UART_TxDis)
                  003ee1a2    0000000b                     : uart_drv.obj (.text:_UART_TxEna)
                  003ee1ad    0000000b                     : hmmodbus.obj (.text:_bIsValidIndexFileTable)
                  003ee1b8    0000000b     rts2800_ml.lib : u_div28.asm.obj (.text)
                  003ee1c3    0000000a     CSMON_C28xx.lib : hmrecparam.obj (.text:_HMRECPRM_ClrLastStopDetectionToRecorderStopSamplesCounter)
                  003ee1cd    0000000a                     : hmrecparam.obj (.text:_HMRECPRM_GetRecStatus)
                  003ee1d7    0000000a                     : hmrec.obj (.text:_HMREC_GetRecStatus)
                  003ee1e1    0000000a                     : hmdrv.obj (.text:_sci_fifo_init)
                  003ee1eb    00000009                     : csmon.obj (.text:_CSMON_eSetParameterListRegisterSize)
                  003ee1f4    00000009                     : csmon.obj (.text:_CSMON_eSetParameterListShortNaming)
                  003ee1fd    00000009                     : csmon.obj (.text:_CSMON_eSetServerOnStatus)
                  003ee206    00000009                     : hmlib.obj (.text:_HMLIB_vInitRecParamBuff)
                  003ee20f    00000009                     : hmmodbus.obj (.text:_HMMODBUS_vProcessFreeTimer)
                  003ee218    00000009                     : hmmodbus.obj (.text:_HMMODBUS_vProcessRxDelay)
                  003ee221    00000009                     : hmrecparam.obj (.text:_HMRECPRM_GetExternBufferRecParamLastPointedAddress)
                  003ee22a    00000009                     : hmrecparam.obj (.text:_HMRECPRM_GetExternBufferRecParamPtrAddress)
                  003ee233    00000009                     : hmrec.obj (.text:_HMREC_TriggerRec)
                  003ee23c    00000009                     : hmscopeparam.obj (.text:_HMSCOPEPRM_GetBufferScopeParamAddress)
                  003ee245    00000009                     : hmserial.obj (.text:_HMSERIAL_vProcessFreeTimer)
                  003ee24e    00000009                     : tmr_drv.obj (.text:_TIMER_vResetTimerMainFunctionDelayCounter)
                  003ee257    00000009                     : tmr_drv.obj (.text:_TIMER_vSetupTimerMainDelayedFunctionSendData)
                  003ee260    00000009                     : uart_drv.obj (.text:_UART_PutChar)
                  003ee269    00000009                     : uart_drv.obj (.text:_UART_ReadDataRxTimeDiff)
                  003ee272    00000009     rts2800_ml.lib : _lock.c.obj (.text)
                  003ee27b    00000009                    : fd_neg28.asm.obj (.text)
                  003ee284    00000008     Example_Flash2806x_CsmKeys.obj (.text)
                  003ee28c    00000008     F2806x_CodeStartBranch.obj (.text)
                  003ee294    00000008     F2806x_SysCtrl.obj (.text:_DisableDog)
                  003ee29c    00000008     CSMON_C28xx.lib : hmdrv.obj (.text:_HMDRV_CopyFromBufferWithMaskModbus)
                  003ee2a4    00000008                     : hmmodbus.obj (.text:_HMMODBUS_vSetupHoldingRegistersProcessFuncTable)
                  003ee2ac    00000008                     : hmmodbus.obj (.text:_HMMODBUS_vSetupHoldingRegistersRealAddressTable)
                  003ee2b4    00000008                     : hmmodbus.obj (.text:_HMMODBUS_vSetupHoldingRegistersRegisterFlagsTable)
                  003ee2bc    00000008                     : hmmodbus.obj (.text:_HMMODBUS_vSetupHoldingRegistersRegisterSizeTable)
                  003ee2c4    00000008                     : hmmodbus.obj (.text:_HMMODBUS_vSetupHoldingRegistersVirtAddressTable)
                  003ee2cc    00000008                     : hmrecparam.obj (.text:_HMRECPRM_GetExternRecParamAddress)
                  003ee2d4    00000008                     : hmrecparam.obj (.text:_HMRECPRM_GetExternRecParamPtrMaximumUsedSampleCount)
                  003ee2dc    00000008                     : hmrecparam.obj (.text:_HMRECPRM_GetExternRecParamPtrSampleSize)
                  003ee2e4    00000008                     : hmrecparam.obj (.text:_HMRECPRM_GetRecParamPtrAvailableSampleCount)
                  003ee2ec    00000008                     : hmrecparam.obj (.text:_HMRECPRM_GetRecParamPtrLastSampleIndex)
                  003ee2f4    00000008                     : hmrecparam.obj (.text:_HMRECPRM_GetRecParamPtrMaximumUsedSampleCount)
                  003ee2fc    00000008                     : hmrecparam.obj (.text:_HMRECPRM_GetRecParamPtrSampleSize)
                  003ee304    00000008                     : hmrecparam.obj (.text:_HMRECPRM_GetStatusRecParamAddress)
                  003ee30c    00000008                     : hmrecparam.obj (.text:_HMRECPRM_vInit)
                  003ee314    00000008                     : hmrec.obj (.text:_HMREC_vInit)
                  003ee31c    00000007     F2806x_DisInt.obj (.text)
                  003ee323    00000007     CSMON_C28xx.lib : csmon.obj (.text:_CSMON_eSetParameterListAccessLevel)
                  003ee32a    00000007                     : csmon.obj (.text:_CSMON_eSetParameterListBitsCount)
                  003ee331    00000007                     : csmon.obj (.text:_CSMON_eSetParameterListDataDefault)
                  003ee338    00000007                     : csmon.obj (.text:_CSMON_eSetParameterListDataMaximum)
                  003ee33f    00000007                     : csmon.obj (.text:_CSMON_eSetParameterListDataMinimum)
                  003ee346    00000007                     : csmon.obj (.text:_CSMON_eSetParameterListDataType)
                  003ee34d    00000007                     : csmon.obj (.text:_CSMON_eSetParameterListFunctionCode)
                  003ee354    00000007                     : csmon.obj (.text:_CSMON_eSetParameterListValueFormat)
                  003ee35b    00000007                     : hmlib.obj (.text:_HMLIB_vProcessDifferentPorts)
                  003ee362    00000007                     : hmlib.obj (.text:_HMLIB_vProcessRecorders)
                  003ee369    00000007                     : hmrecparam.obj (.text:_HMRECPRM_vResetAllStopDetections)
                  003ee370    00000007                     : hmscopeparam.obj (.text:_HMSCOPEPRM_GetStatusScopeParamAddress)
                  003ee377    00000007                     : modbusreg.obj (.text:_MODBUSREG_vInitHoldingRegistersTableChanges)
                  003ee37e    00000007     sci_driver.obj (.text:_SCI_DRV_u32GetBaseFromModuleIndex)
                  003ee385    00000007     CSMON_C28xx.lib : sci_drv.obj (.text:_SCI_u32GetBaseFromModuleIndex)
                  003ee38c    00000006                     : cputimer.obj (.text:_CPUTimer_setEmulationMode)
                  003ee392    00000006                     : hmrecparam.obj (.text:_HMRECPRM_SetUpRecBuff)
                  003ee398    00000006                     : hmrec.obj (.text:_HMREC_SetUpRecBuff)
                  003ee39e    00000006                     : tmr_drv.obj (.text:_TIMER_u16ResetTimerMainPeriod)
                  003ee3a4    00000006     uart_driver.obj (.text:_UART_DRV_GetChar)
                  003ee3aa    00000006     CSMON_C28xx.lib : uart_drv.obj (.text:_UART_GetChar)
                  003ee3b0    00000005     F2806x_DefaultIsr.obj (.text:_ADCINT1_ISR)
                  003ee3b5    00000005     F2806x_DefaultIsr.obj (.text:_ADCINT2_ISR)
                  003ee3ba    00000005     F2806x_DefaultIsr.obj (.text:_ADCINT3_ISR)
                  003ee3bf    00000005     F2806x_DefaultIsr.obj (.text:_ADCINT4_ISR)
                  003ee3c4    00000005     F2806x_DefaultIsr.obj (.text:_ADCINT5_ISR)
                  003ee3c9    00000005     F2806x_DefaultIsr.obj (.text:_ADCINT6_ISR)
                  003ee3ce    00000005     F2806x_DefaultIsr.obj (.text:_ADCINT7_ISR)
                  003ee3d3    00000005     F2806x_DefaultIsr.obj (.text:_ADCINT8_ISR)
                  003ee3d8    00000005     F2806x_DefaultIsr.obj (.text:_ADCINT9_ISR)
                  003ee3dd    00000005     F2806x_DefaultIsr.obj (.text:_CLA1_INT1_ISR)
                  003ee3e2    00000005     F2806x_DefaultIsr.obj (.text:_CLA1_INT2_ISR)
                  003ee3e7    00000005     F2806x_DefaultIsr.obj (.text:_CLA1_INT3_ISR)
                  003ee3ec    00000005     F2806x_DefaultIsr.obj (.text:_CLA1_INT4_ISR)
                  003ee3f1    00000005     F2806x_DefaultIsr.obj (.text:_CLA1_INT5_ISR)
                  003ee3f6    00000005     F2806x_DefaultIsr.obj (.text:_CLA1_INT6_ISR)
                  003ee3fb    00000005     F2806x_DefaultIsr.obj (.text:_CLA1_INT7_ISR)
                  003ee400    00000005     F2806x_DefaultIsr.obj (.text:_CLA1_INT8_ISR)
                  003ee405    00000005     CSMON_C28xx.lib : csmon.obj (.text:_CSMON_eSetAutoServiceWatchdogInternalSlowCalculationsInMainLoop)
                  003ee40a    00000005                     : csmon.obj (.text:_CSMON_eSetFirmwareApplicationVersion)
                  003ee40f    00000005                     : csmon.obj (.text:_CSMON_eSetMaxTimeInISR)
                  003ee414    00000005                     : csmon.obj (.text:_CSMON_eSetMinGuaranteedTimeBetweenTwoISRs)
                  003ee419    00000005                     : csmon.obj (.text:_CSMON_u16ParametersAccessListIndexGenerate)
                  003ee41e    00000005                     : csmon.obj (.text:_CSMON_u32GetFreeRunningTimerTicks)
                  003ee423    00000005                     : csmon.obj (.text:_CSMON_u32GetParameterAuxCheckSum)
                  003ee428    00000005                     : csmon.obj (.text:_CSMON_u32GetParameterCheckSum)
                  003ee42d    00000005                     : csmon.obj (.text:_CSMON_u32GetParameterListCheckSum)
                  003ee432    00000005                     : csmon.obj (.text:_CSMON_u32GetParameterNumbCheckSum)
                  003ee437    00000005                     : csmon.obj (.text:_CSMON_u32GetParameterShortNameCheckSum)
                  003ee43c    00000005                     : csmon.obj (.text:_CSMON_u32GetParameterStringCheckSum)
                  003ee441    00000005                     : csmon.obj (.text:_CSMON_vSetDateTimeRequest)
                  003ee446    00000005     F2806x_DefaultIsr.obj (.text:_DATALOG_ISR)
                  003ee44b    00000005     F2806x_DefaultIsr.obj (.text:_DINTCH1_ISR)
                  003ee450    00000005     F2806x_DefaultIsr.obj (.text:_DINTCH2_ISR)
                  003ee455    00000005     F2806x_DefaultIsr.obj (.text:_DINTCH3_ISR)
                  003ee45a    00000005     F2806x_DefaultIsr.obj (.text:_DINTCH4_ISR)
                  003ee45f    00000005     F2806x_DefaultIsr.obj (.text:_DINTCH5_ISR)
                  003ee464    00000005     F2806x_DefaultIsr.obj (.text:_DINTCH6_ISR)
                  003ee469    00000005     F2806x_DefaultIsr.obj (.text:_ECAN0INTA_ISR)
                  003ee46e    00000005     F2806x_DefaultIsr.obj (.text:_ECAN1INTA_ISR)
                  003ee473    00000005     F2806x_DefaultIsr.obj (.text:_ECAP1_INT_ISR)
                  003ee478    00000005     F2806x_DefaultIsr.obj (.text:_ECAP2_INT_ISR)
                  003ee47d    00000005     F2806x_DefaultIsr.obj (.text:_ECAP3_INT_ISR)
                  003ee482    00000005     F2806x_DefaultIsr.obj (.text:_EMPTY_ISR)
                  003ee487    00000005     F2806x_DefaultIsr.obj (.text:_EMUINT_ISR)
                  003ee48c    00000005     F2806x_DefaultIsr.obj (.text:_EPWM1_INT_ISR)
                  003ee491    00000005     F2806x_DefaultIsr.obj (.text:_EPWM1_TZINT_ISR)
                  003ee496    00000005     F2806x_DefaultIsr.obj (.text:_EPWM2_INT_ISR)
                  003ee49b    00000005     F2806x_DefaultIsr.obj (.text:_EPWM2_TZINT_ISR)
                  003ee4a0    00000005     F2806x_DefaultIsr.obj (.text:_EPWM3_INT_ISR)
                  003ee4a5    00000005     F2806x_DefaultIsr.obj (.text:_EPWM3_TZINT_ISR)
                  003ee4aa    00000005     F2806x_DefaultIsr.obj (.text:_EPWM4_INT_ISR)
                  003ee4af    00000005     F2806x_DefaultIsr.obj (.text:_EPWM4_TZINT_ISR)
                  003ee4b4    00000005     F2806x_DefaultIsr.obj (.text:_EPWM5_INT_ISR)
                  003ee4b9    00000005     F2806x_DefaultIsr.obj (.text:_EPWM5_TZINT_ISR)
                  003ee4be    00000005     F2806x_DefaultIsr.obj (.text:_EPWM6_INT_ISR)
                  003ee4c3    00000005     F2806x_DefaultIsr.obj (.text:_EPWM6_TZINT_ISR)
                  003ee4c8    00000005     F2806x_DefaultIsr.obj (.text:_EPWM7_INT_ISR)
                  003ee4cd    00000005     F2806x_DefaultIsr.obj (.text:_EPWM7_TZINT_ISR)
                  003ee4d2    00000005     F2806x_DefaultIsr.obj (.text:_EPWM8_INT_ISR)
                  003ee4d7    00000005     F2806x_DefaultIsr.obj (.text:_EPWM8_TZINT_ISR)
                  003ee4dc    00000005     F2806x_DefaultIsr.obj (.text:_EQEP1_INT_ISR)
                  003ee4e1    00000005     F2806x_DefaultIsr.obj (.text:_EQEP2_INT_ISR)
                  003ee4e6    00000005     CSMON_C28xx.lib : hmlib.obj (.text:_HMLIB_vProcessSamePort)
                  003ee4eb    00000005                     : hmlib.obj (.text:_HMLIB_vRecorder0)
                  003ee4f0    00000005                     : hmmodbus.obj (.text:_HMMODBUS_bGetReceivedMessage)
                  003ee4f5    00000005                     : hmmodbus.obj (.text:_HMMODBUS_vFileTable)
                  003ee4fa    00000005                     : hmrecparam.obj (.text:_HMRECPRM_vDisableAllStopDetections)
                  003ee4ff    00000005     F2806x_DefaultIsr.obj (.text:_HRCAP1_INT_ISR)
                  003ee504    00000005     F2806x_DefaultIsr.obj (.text:_HRCAP2_INT_ISR)
                  003ee509    00000005     F2806x_DefaultIsr.obj (.text:_HRCAP3_INT_ISR)
                  003ee50e    00000005     F2806x_DefaultIsr.obj (.text:_HRCAP4_INT_ISR)
                  003ee513    00000005     F2806x_DefaultIsr.obj (.text:_I2CINT1A_ISR)
                  003ee518    00000005     F2806x_DefaultIsr.obj (.text:_I2CINT2A_ISR)
                  003ee51d    00000005     F2806x_DefaultIsr.obj (.text:_ILLEGAL_ISR)
                  003ee522    00000005     F2806x_DefaultIsr.obj (.text:_INT13_ISR)
                  003ee527    00000005     F2806x_DefaultIsr.obj (.text:_INT14_ISR)
                  003ee52c    00000005     interrupt.obj (.text:_IntDefaultHandler)
                  003ee531    00000005     F2806x_DefaultIsr.obj (.text:_LUF_ISR)
                  003ee536    00000005     F2806x_DefaultIsr.obj (.text:_LVF_ISR)
                  003ee53b    00000005     CSMON_C28xx.lib : modbusreg.obj (.text:_MODBUSREG_vSetTableNameAddress)
                  003ee540    00000005                     : modbusreg.obj (.text:_MODBUSREG_vSetTableRealAddressInRam)
                  003ee545    00000005                     : modbusreg.obj (.text:_MODBUSREG_vSetTableRegisterFlags)
                  003ee54a    00000005                     : modbusreg.obj (.text:_MODBUSREG_vSetTableRegisterSize)
                  003ee54f    00000005                     : modbusreg.obj (.text:_MODBUSREG_vSetTableVirtAddress)
                  003ee554    00000005     F2806x_DefaultIsr.obj (.text:_MRINTA_ISR)
                  003ee559    00000005     F2806x_DefaultIsr.obj (.text:_MXINTA_ISR)
                  003ee55e    00000005     F2806x_DefaultIsr.obj (.text:_NMI_ISR)
                  003ee563    00000005     F2806x_DefaultIsr.obj (.text:_PIE_RESERVED)
                  003ee568    00000005     F2806x_DefaultIsr.obj (.text:_RTOSINT_ISR)
                  003ee56d    00000005     F2806x_DefaultIsr.obj (.text:_SCIRXINTA_ISR)
                  003ee572    00000005     F2806x_DefaultIsr.obj (.text:_SCIRXINTB_ISR)
                  003ee577    00000005     F2806x_DefaultIsr.obj (.text:_SCITXINTA_ISR)
                  003ee57c    00000005     F2806x_DefaultIsr.obj (.text:_SCITXINTB_ISR)
                  003ee581    00000005     F2806x_DefaultIsr.obj (.text:_SPIRXINTA_ISR)
                  003ee586    00000005     F2806x_DefaultIsr.obj (.text:_SPIRXINTB_ISR)
                  003ee58b    00000005     F2806x_DefaultIsr.obj (.text:_SPITXINTA_ISR)
                  003ee590    00000005     F2806x_DefaultIsr.obj (.text:_SPITXINTB_ISR)
                  003ee595    00000005     CSMON_C28xx.lib : tmr_drv.obj (.text:_TIMER_vSetupTimerMainDelayedData)
                  003ee59a    00000005     F2806x_DefaultIsr.obj (.text:_TINT0_ISR)
                  003ee59f    00000005     F2806x_DefaultIsr.obj (.text:_USB0_INT_ISR)
                  003ee5a4    00000005     F2806x_DefaultIsr.obj (.text:_USER10_ISR)
                  003ee5a9    00000005     F2806x_DefaultIsr.obj (.text:_USER11_ISR)
                  003ee5ae    00000005     F2806x_DefaultIsr.obj (.text:_USER12_ISR)
                  003ee5b3    00000005     F2806x_DefaultIsr.obj (.text:_USER1_ISR)
                  003ee5b8    00000005     F2806x_DefaultIsr.obj (.text:_USER2_ISR)
                  003ee5bd    00000005     F2806x_DefaultIsr.obj (.text:_USER3_ISR)
                  003ee5c2    00000005     F2806x_DefaultIsr.obj (.text:_USER4_ISR)
                  003ee5c7    00000005     F2806x_DefaultIsr.obj (.text:_USER5_ISR)
                  003ee5cc    00000005     F2806x_DefaultIsr.obj (.text:_USER6_ISR)
                  003ee5d1    00000005     F2806x_DefaultIsr.obj (.text:_USER7_ISR)
                  003ee5d6    00000005     F2806x_DefaultIsr.obj (.text:_USER8_ISR)
                  003ee5db    00000005     F2806x_DefaultIsr.obj (.text:_USER9_ISR)
                  003ee5e0    00000005     F2806x_DefaultIsr.obj (.text:_WAKEINT_ISR)
                  003ee5e5    00000005     F2806x_DefaultIsr.obj (.text:_XINT1_ISR)
                  003ee5ea    00000005     F2806x_DefaultIsr.obj (.text:_XINT2_ISR)
                  003ee5ef    00000005     F2806x_DefaultIsr.obj (.text:_XINT3_ISR)
                  003ee5f4    00000005     F2806x_DefaultIsr.obj (.text:_rsvd_ISR)
                  003ee5f9    00000005     rts2800_ml.lib : fs_neg28.asm.obj (.text)
                  003ee5fe    00000004     CSMON_C28xx.lib : csmon.obj (.text:_CSMON_eApplyParameterChanges)
                  003ee602    00000004                     : csmon.obj (.text:_CSMON_eRegisterWriteParElementCallbackFunction)
                  003ee606    00000004                     : csmon.obj (.text:_CSMON_eSetInternalTimerPeriod)
                  003ee60a    00000004                     : csmon.obj (.text:_CSMON_eSetTimerPeriodISRFunctionRegister)
                  003ee60e    00000004                     : csmon.obj (.text:_CSMON_u32GetBaudError_PPM)
                  003ee612    00000004                     : csmon.obj (.text:_CSMON_vAddSetupRecorderParameterMask)
                  003ee616    00000004                     : csmon.obj (.text:_CSMON_vInitScopes)
                  003ee61a    00000004                     : csmon.obj (.text:_CSMON_vSetStartRecorderParameterMask)
                  003ee61e    00000004                     : hmdrv.obj (.text:_HMDRV_SetExAddr)
                  003ee622    00000004                     : hmdrv.obj (.text:_HMDRV_u32GetDeviceSYSCLKFreq)
                  003ee626    00000004                     : hmdrv.obj (.text:_HMDRV_u32GetSCIErrorPPM)
                  003ee62a    00000004                     : hmlib.obj (.text:_HMLIB_vRecorderParam0)
                  003ee62e    00000004                     : hmmodbus.obj (.text:_HMMODBUS_u32GetAddressMessageCounterThisDevice)
                  003ee632    00000004                     : hmmodbus.obj (.text:_HMMODBUS_vSetAddressMessageCounterThisDevice)
                  003ee636    00000004                     : hmmodbus.obj (.text:_HMMODBUS_vSetDeviceIDMajorMinorRevision)
                  003ee63a    00000004                     : hmmodbus.obj (.text:_HMMODBUS_vSetDeviceIDMajorMinorRevisionLength)
                  003ee63e    00000004                     : hmmodbus.obj (.text:_HMMODBUS_vSetDeviceIDModelName)
                  003ee642    00000004                     : hmmodbus.obj (.text:_HMMODBUS_vSetDeviceIDModelNameLength)
                  003ee646    00000004                     : hmmodbus.obj (.text:_HMMODBUS_vSetDeviceIDProductCode)
                  003ee64a    00000004                     : hmmodbus.obj (.text:_HMMODBUS_vSetDeviceIDProductCodeLength)
                  003ee64e    00000004                     : hmmodbus.obj (.text:_HMMODBUS_vSetDeviceIDProductName)
                  003ee652    00000004                     : hmmodbus.obj (.text:_HMMODBUS_vSetDeviceIDProductNameLength)
                  003ee656    00000004                     : hmmodbus.obj (.text:_HMMODBUS_vSetDeviceIDUserApplicationName)
                  003ee65a    00000004                     : hmmodbus.obj (.text:_HMMODBUS_vSetDeviceIDUserApplicationNameLength)
                  003ee65e    00000004                     : hmmodbus.obj (.text:_HMMODBUS_vSetDeviceIDUserReserve0)
                  003ee662    00000004                     : hmmodbus.obj (.text:_HMMODBUS_vSetDeviceIDUserReserve0Length)
                  003ee666    00000004                     : hmmodbus.obj (.text:_HMMODBUS_vSetDeviceIDUserReserve1)
                  003ee66a    00000004                     : hmmodbus.obj (.text:_HMMODBUS_vSetDeviceIDUserReserve1Length)
                  003ee66e    00000004                     : hmmodbus.obj (.text:_HMMODBUS_vSetDeviceIDUserReserve2)
                  003ee672    00000004                     : hmmodbus.obj (.text:_HMMODBUS_vSetDeviceIDUserReserve2Length)
                  003ee676    00000004                     : hmmodbus.obj (.text:_HMMODBUS_vSetDeviceIDVendorName)
                  003ee67a    00000004                     : hmmodbus.obj (.text:_HMMODBUS_vSetDeviceIDVendorNameLength)
                  003ee67e    00000004                     : hmmodbus.obj (.text:_HMMODBUS_vSetDeviceIDVendorUrl)
                  003ee682    00000004                     : hmmodbus.obj (.text:_HMMODBUS_vSetDeviceIDVendorUrlLength)
                  003ee686    00000004                     : hmmodbus.obj (.text:_HMMODBUS_vSetServerIDDataAddress)
                  003ee68a    00000004                     : hmmodbus.obj (.text:_HMMODBUS_vSetServerIDLength)
                  003ee68e    00000004                     : hmmodbus.obj (.text:_HMMODBUS_vSetServerIDNumber)
                  003ee692    00000004                     : hmmodbus.obj (.text:_HMMODBUS_vSetServerOnStatus)
                  003ee696    00000004                     : hmmodbus.obj (.text:_HMMODBUS_vSetupHoldingRegistersAccessTableInRam)
                  003ee69a    00000004                     : hmmodbus.obj (.text:_HMMODBUS_vSetupWriteParElementCallbackFunction)
                  003ee69e    00000004     interrupt.obj (.text:_IntMasterDisable)
                  003ee6a2    00000004     interrupt.obj (.text:_IntMasterEnable)
                  003ee6a6    00000004     CSMON_C28xx.lib : modbusreg.obj (.text:_MODBUSREG_u16GetHoldRegFillCount)
                  003ee6aa    00000004                     : modbusreg.obj (.text:_MODBUSREG_u16GetTableRegisterFlagsElementOffset)
                  003ee6ae    00000004                     : modbusreg.obj (.text:_MODBUSREG_u16GetTableRegisterSizeElementOffset)
                  003ee6b2    00000004                     : modbusreg.obj (.text:_MODBUSREG_u16GetTableVirtAddressElementOffset)
                  003ee6b6    00000004                     : modbusreg.obj (.text:_MODBUSREG_u32GetRegisterAccessTableInRam)
                  003ee6ba    00000004                     : modbusreg.obj (.text:_MODBUSREG_u32GetTableRegisterFlags)
                  003ee6be    00000004                     : modbusreg.obj (.text:_MODBUSREG_u32GetTableRegisterSize)
                  003ee6c2    00000004                     : modbusreg.obj (.text:_MODBUSREG_u32GetTableVirtAddress)
                  003ee6c6    00000004                     : modbusreg.obj (.text:_MODBUSREG_vSetFileAutorization_FunctionAfterWriteFileRecordTable)
                  003ee6ca    00000004                     : modbusreg.obj (.text:_MODBUSREG_vSetFileParamCount_FunctionBeforeReadFileRecord)
                  003ee6ce    00000004                     : modbusreg.obj (.text:_MODBUSREG_vSetFileRTC_FunctionAfterReadFileRecord)
                  003ee6d2    00000004                     : modbusreg.obj (.text:_MODBUSREG_vSetFileRTC_FunctionAfterWriteFileRecord)
                  003ee6d6    00000004                     : modbusreg.obj (.text:_MODBUSREG_vSetFileRecConfig_FunctionAfterWriteFileRecord)
                  003ee6da    00000004                     : modbusreg.obj (.text:_MODBUSREG_vSetFileRecStatus_FunctionIndexGenerationFileRecord)
                  003ee6de    00000004                     : modbusreg.obj (.text:_MODBUSREG_vSetHoldRegFillCount)
                  003ee6e2    00000004                     : modbusreg.obj (.text:_MODBUSREG_vSetParamCount)
                  003ee6e6    00000004                     : modbusreg.obj (.text:_MODBUSREG_vSetParamListAddress)
                  003ee6ea    00000004                     : modbusreg.obj (.text:_MODBUSREG_vSetParamNumbAddress)
                  003ee6ee    00000004                     : modbusreg.obj (.text:_MODBUSREG_vSetParamRecorderConfigAddress)
                  003ee6f2    00000004                     : modbusreg.obj (.text:_MODBUSREG_vSetParamScopeConfigAddress)
                  003ee6f6    00000004                     : tmr_drv.obj (.text:_TIMER_vGetTimerMainRollingCounter)
                  003ee6fa    00000004                     : tmr_drv.obj (.text:_TIMER_vSetupTimerMainCSMONFunction)
                  003ee6fe    00000004                     : tmr_drv.obj (.text:_TMR_u16GetFreeRunTimerPrescaller)
                  003ee702    00000004                     : hmmodbus.obj (.text:_bGetElementsDifference)
                  003ee706    00000004                     : hmmodbus.obj (.text:_u16GetIndexFileTable)
                  003ee70a    00000004                     : hmmodbus.obj (.text:_u32GetBufferAddressStart)
                  003ee70e    00000004                     : hmmodbus.obj (.text:_u32GetBufferSize)
                  003ee712    00000004                     : hmmodbus.obj (.text:_u32GetSampleCountAvailable)
                  003ee716    00000004                     : hmmodbus.obj (.text:_u32GetSampleCountBuffer)
                  003ee71a    00000004                     : hmmodbus.obj (.text:_u32GetStartSampleIndex)
                  003ee71e    00000004                     : hmmodbus.obj (.text:_u8GetSampleSize)
                  003ee722    00000004                     : hmmodbus.obj (.text:_vSetBufferAddressStartFromFunction)
                  003ee726    00000004                     : hmmodbus.obj (.text:_vSetBufferSize)
                  003ee72a    00000003     F2806x_DBGIER.obj (.text)
                  003ee72d    00000003     CSMON_C28xx.lib : csmon.obj (.text:_CSMON_eSetParameter)
                  003ee730    00000003                     : csmon.obj (.text:_CSMON_u32GetModbusMessageCounterRegisterRealAddress)
                  003ee733    00000003                     : csmon.obj (.text:_CSMON_vSetModbusMessageCounterRegisterRealAddress)
                  003ee736    00000003                     : hmlib.obj (.text:_HMLIB_vRecorderParamTimeSync)
                  003ee739    00000003                     : hmrecparam.obj (.text:_HMRECPRM_GetTimeBase)
                  003ee73c    00000003                     : modbusreg.obj (.text:_MODBUSREG_u32GetAddressMessageCounterThisDevice)
                  003ee73f    00000003                     : modbusreg.obj (.text:_MODBUSREG_vSetAddressMessageCounterThisDevice)
                  003ee742    00000003                     : uart_drv.obj (.text:_UART_TXInterrupt)
                  003ee745    00000002                     : hmrecparam.obj (.text:_HMRECPRM_AbortRec)
                  003ee747    00000002                     : hmrecparam.obj (.text:_HMRECPRM_GetRecBuffSize)
                  003ee749    00000002                     : hmrec.obj (.text:_HMREC_AbortRec)
                  003ee74b    00000002                     : hmrec.obj (.text:_HMREC_GetRecBuffSize)
                  003ee74d    00000002     main.obj (.text:_eWriteParElement)
                  003ee74f    00000002     rts2800_ml.lib : pre_init.c.obj (.text)
                  003ee751    00000001     CSMON_C28xx.lib : hmprotocol.obj (.text:_HMPROTOCOL_vInit)
                  003ee752    00000001     uart_driver.obj (.text:_UART_DRV_TXInterrupt)
                  003ee753    00000001     rts2800_ml.lib : startup.c.obj (.text)

ramfuncs   0    003ee754    00000021     RUN ADDR = 00008000
                  003ee754    0000001d     F2806x_SysCtrl.obj (ramfuncs:_InitFlash)
                  003ee771    00000004     F2806x_usDelay.obj (ramfuncs)

csm_rsvd   0    003f7f80    00000076     
                  003f7f80    00000076     F2806x_CSMPasswords.obj (csm_rsvd)

codestart 
*          0    003f7ff6    00000002     
                  003f7ff6    00000002     F2806x_CodeStartBranch.obj (codestart)

csmpasswds 
*          0    003f7ff8    00000008     
                  003f7ff8    00000008     F2806x_CSMPasswords.obj (csmpasswds)

.stack     1    00000050    00000380     UNINITIALIZED
                  00000050    00000380     --HOLE--

.econst    0    003ee776    00001e0c     
                  003ee776    00001900     csmon_config.obj (.econst:_asParameterList)
                  003f0076    00000100     CSMON_C28xx.lib : hmmodbus.obj (.econst:.string:_auchCRCHi)
                  003f0176    00000100                     : hmmodbus.obj (.econst:.string:_auchCRCLo)
                  003f0276    00000100     F2806x_PieVect.obj (.econst:_PieVectTableInit)
                  003f0376    00000084     rts2800_ml.lib : k_rem_pio2.c.obj (.econst:_ipio2)
                  003f03fa    00000050     CSMON_C28xx.lib : csmon.obj (.econst:_CSMON_asAccessLevelPasswords)
                  003f044a    0000002c     rts2800_ml.lib : k_rem_pio2.c.obj (.econst)
                  003f0476    00000028                    : k_cosf.c.obj (.econst)
                  003f049e    00000020                    : k_rem_pio2.c.obj (.econst:_PIo2)
                  003f04be    00000020                    : k_sinf.c.obj (.econst)
                  003f04de    0000001c                    : e_rem_pio2f.c.obj (.econst)
                  003f04fa    0000001c                    : s_scalbn.c.obj (.econst)
                  003f0516    00000018                    : s_sinf.c.obj (.econst)
                  003f052e    00000014     CSMON_C28xx.lib : csmon.obj (.econst:_CSMON_au8FileImplementedFunctionCodes)
                  003f0542    00000010     main.obj (.econst)
                  003f0552    0000000e     CSMON_C28xx.lib : csmon.obj (.econst:_CSMON_au8FileParameterNumbElementsCountInPartTable)
                  003f0560    0000000c                     : hmprotocol.obj (.econst:.string)
                  003f056c    0000000c     rts2800_ml.lib : s_floor.c.obj (.econst)
                  003f0578    00000006     CSMON_C28xx.lib : csmon.obj (.econst:_CSMON_au8FileParameterListElementsCountInPartTable)
                  003f057e    00000004     rts2800_ml.lib : k_rem_pio2.c.obj (.econst:_init_jk)

.reset     0    003fffc0    00000002     DSECT
                  003fffc0    00000002     rts2800_ml.lib : boot28.asm.obj (.reset)

vectors    0    003fffc2    00000000     DSECT

DevEmuRegsFile 
*          1    00000880    00000004     UNINITIALIZED
                  00000880    00000004     F2806x_GlobalVariableDefs.obj (DevEmuRegsFile)

SysPwrCtrlRegsFile 
*          1    00000985    00000003     UNINITIALIZED
                  00000985    00000003     F2806x_GlobalVariableDefs.obj (SysPwrCtrlRegsFile)

FlashRegsFile 
*          1    00000a80    00000008     UNINITIALIZED
                  00000a80    00000008     F2806x_GlobalVariableDefs.obj (FlashRegsFile)

CsmRegsFile 
*          1    00000ae0    00000010     UNINITIALIZED
                  00000ae0    00000010     F2806x_GlobalVariableDefs.obj (CsmRegsFile)

AdcResultFile 
*          1    00000b00    00000010     UNINITIALIZED
                  00000b00    00000010     F2806x_GlobalVariableDefs.obj (AdcResultFile)

CpuTimer0RegsFile 
*          1    00000c00    00000008     UNINITIALIZED
                  00000c00    00000008     F2806x_GlobalVariableDefs.obj (CpuTimer0RegsFile)

CpuTimer1RegsFile 
*          1    00000c08    00000008     UNINITIALIZED
                  00000c08    00000008     F2806x_GlobalVariableDefs.obj (CpuTimer1RegsFile)

CpuTimer2RegsFile 
*          1    00000c10    00000008     UNINITIALIZED
                  00000c10    00000008     F2806x_GlobalVariableDefs.obj (CpuTimer2RegsFile)

PieCtrlRegsFile 
*          1    00000ce0    0000001a     UNINITIALIZED
                  00000ce0    0000001a     F2806x_GlobalVariableDefs.obj (PieCtrlRegsFile)

PieVectTableFile 
*          1    00000d00    00000100     UNINITIALIZED
                  00000d00    00000100     F2806x_GlobalVariableDefs.obj (PieVectTableFile)

EmuKeyVar 
*          1    00000d00    00000001     UNINITIALIZED
                  00000d00    00000001     F2806x_GlobalVariableDefs.obj (EmuKeyVar)

EmuBModeVar 
*          1    00000d01    00000001     UNINITIALIZED
                  00000d01    00000001     F2806x_GlobalVariableDefs.obj (EmuBModeVar)

FlashCallbackVar 
*          1    00000d02    00000002     UNINITIALIZED
                  00000d02    00000002     F2806x_GlobalVariableDefs.obj (FlashCallbackVar)

FlashScalingVar 
*          1    00000d04    00000002     UNINITIALIZED
                  00000d04    00000002     F2806x_GlobalVariableDefs.obj (FlashScalingVar)

DmaRegsFile 
*          1    00001000    000000e0     UNINITIALIZED
                  00001000    000000e0     F2806x_GlobalVariableDefs.obj (DmaRegsFile)

Cla1RegsFile 
*          1    00001400    00000040     UNINITIALIZED
                  00001400    00000040     F2806x_GlobalVariableDefs.obj (Cla1RegsFile)

Usb0RegsFile 
*          1    00004000    00000454     UNINITIALIZED
                  00004000    00000454     F2806x_GlobalVariableDefs.obj (Usb0RegsFile)

McbspaRegsFile 
*          1    00005000    00000024     UNINITIALIZED
                  00005000    00000024     F2806x_GlobalVariableDefs.obj (McbspaRegsFile)

ECanaRegsFile 
*          1    00006000    00000034     UNINITIALIZED
                  00006000    00000034     F2806x_GlobalVariableDefs.obj (ECanaRegsFile)

ECanaLAMRegsFile 
*          1    00006040    00000040     UNINITIALIZED
                  00006040    00000040     F2806x_GlobalVariableDefs.obj (ECanaLAMRegsFile)

ECanaMOTSRegsFile 
*          1    00006080    00000040     UNINITIALIZED
                  00006080    00000040     F2806x_GlobalVariableDefs.obj (ECanaMOTSRegsFile)

ECanaMOTORegsFile 
*          1    000060c0    00000040     UNINITIALIZED
                  000060c0    00000040     F2806x_GlobalVariableDefs.obj (ECanaMOTORegsFile)

ECanaMboxesFile 
*          1    00006100    00000100     UNINITIALIZED
                  00006100    00000100     F2806x_GlobalVariableDefs.obj (ECanaMboxesFile)

Comp1RegsFile 
*          1    00006400    00000014     UNINITIALIZED
                  00006400    00000014     F2806x_GlobalVariableDefs.obj (Comp1RegsFile)

Comp2RegsFile 
*          1    00006420    00000014     UNINITIALIZED
                  00006420    00000014     F2806x_GlobalVariableDefs.obj (Comp2RegsFile)

Comp3RegsFile 
*          1    00006440    00000014     UNINITIALIZED
                  00006440    00000014     F2806x_GlobalVariableDefs.obj (Comp3RegsFile)

EPwm1RegsFile 
*          1    00006800    00000040     UNINITIALIZED
                  00006800    00000040     F2806x_GlobalVariableDefs.obj (EPwm1RegsFile)

EPwm2RegsFile 
*          1    00006840    00000040     UNINITIALIZED
                  00006840    00000040     F2806x_GlobalVariableDefs.obj (EPwm2RegsFile)

EPwm3RegsFile 
*          1    00006880    00000040     UNINITIALIZED
                  00006880    00000040     F2806x_GlobalVariableDefs.obj (EPwm3RegsFile)

EPwm4RegsFile 
*          1    000068c0    00000040     UNINITIALIZED
                  000068c0    00000040     F2806x_GlobalVariableDefs.obj (EPwm4RegsFile)

EPwm5RegsFile 
*          1    00006900    00000040     UNINITIALIZED
                  00006900    00000040     F2806x_GlobalVariableDefs.obj (EPwm5RegsFile)

EPwm6RegsFile 
*          1    00006940    00000040     UNINITIALIZED
                  00006940    00000040     F2806x_GlobalVariableDefs.obj (EPwm6RegsFile)

EPwm7RegsFile 
*          1    00006980    00000040     UNINITIALIZED
                  00006980    00000040     F2806x_GlobalVariableDefs.obj (EPwm7RegsFile)

EPwm8RegsFile 
*          1    000069c0    00000040     UNINITIALIZED
                  000069c0    00000040     F2806x_GlobalVariableDefs.obj (EPwm8RegsFile)

ECap1RegsFile 
*          1    00006a00    00000020     UNINITIALIZED
                  00006a00    00000020     F2806x_GlobalVariableDefs.obj (ECap1RegsFile)

ECap2RegsFile 
*          1    00006a20    00000020     UNINITIALIZED
                  00006a20    00000020     F2806x_GlobalVariableDefs.obj (ECap2RegsFile)

ECap3RegsFile 
*          1    00006a40    00000020     UNINITIALIZED
                  00006a40    00000020     F2806x_GlobalVariableDefs.obj (ECap3RegsFile)

HRCap1RegsFile 
*          1    00006ac0    00000020     UNINITIALIZED
                  00006ac0    00000020     F2806x_GlobalVariableDefs.obj (HRCap1RegsFile)

HRCap2RegsFile 
*          1    00006ae0    00000020     UNINITIALIZED
                  00006ae0    00000020     F2806x_GlobalVariableDefs.obj (HRCap2RegsFile)

EQep1RegsFile 
*          1    00006b00    00000022     UNINITIALIZED
                  00006b00    00000022     F2806x_GlobalVariableDefs.obj (EQep1RegsFile)

EQep2RegsFile 
*          1    00006b40    00000022     UNINITIALIZED
                  00006b40    00000022     F2806x_GlobalVariableDefs.obj (EQep2RegsFile)

HRCap3RegsFile 
*          1    00006c80    00000020     UNINITIALIZED
                  00006c80    00000020     F2806x_GlobalVariableDefs.obj (HRCap3RegsFile)

HRCap4RegsFile 
*          1    00006ca0    00000020     UNINITIALIZED
                  00006ca0    00000020     F2806x_GlobalVariableDefs.obj (HRCap4RegsFile)

GpioCtrlRegsFile 
*          1    00006f80    00000040     UNINITIALIZED
                  00006f80    00000040     F2806x_GlobalVariableDefs.obj (GpioCtrlRegsFile)

GpioDataRegsFile 
*          1    00006fc0    00000020     UNINITIALIZED
                  00006fc0    00000020     F2806x_GlobalVariableDefs.obj (GpioDataRegsFile)

GpioIntRegsFile 
*          1    00006fe0    00000020     UNINITIALIZED
                  00006fe0    00000020     F2806x_GlobalVariableDefs.obj (GpioIntRegsFile)

SysCtrlRegsFile 
*          1    00007010    00000030     UNINITIALIZED
                  00007010    00000030     F2806x_GlobalVariableDefs.obj (SysCtrlRegsFile)

SpiaRegsFile 
*          1    00007040    00000010     UNINITIALIZED
                  00007040    00000010     F2806x_GlobalVariableDefs.obj (SpiaRegsFile)

SciaRegsFile 
*          1    00007050    00000010     UNINITIALIZED
                  00007050    00000010     F2806x_GlobalVariableDefs.obj (SciaRegsFile)

NmiIntruptRegsFile 
*          1    00007060    00000010     UNINITIALIZED
                  00007060    00000010     F2806x_GlobalVariableDefs.obj (NmiIntruptRegsFile)

XIntruptRegsFile 
*          1    00007070    00000010     UNINITIALIZED
                  00007070    00000010     F2806x_GlobalVariableDefs.obj (XIntruptRegsFile)

AdcRegsFile 
*          1    00007100    00000050     UNINITIALIZED
                  00007100    00000050     F2806x_GlobalVariableDefs.obj (AdcRegsFile)

SpibRegsFile 
*          1    00007740    00000010     UNINITIALIZED
[...]
003eae85  local     $30 (.text)
003eaeb3  local     $35 (.text)
003eaee2  local     $40 (.text)
003eae44  local     $5_$2 (.text)
00000000  local     .bss (.bss)
00000000  local     .data (.data)
003eae30  local     .text (.text)
003eae54  local     CHECK_SIGN1 (.text)
003eae8f  local     CHECK_SIGN2 (.text)
003eaec7  local     DGT3 (.text)
003eaec9  local     DIVUDenHighZero (.text)
003eae5e  local     EQ0 (.text)
003eae59  local     EQ1 (.text)
003eae97  local     EQ2 (.text)
003eaec2  local     EQ3 (.text)
003eaef3  local     EQ4 (.text)
003eae30  global    LL$$DIV (.text)
003eae6c  global    LL$$MOD (.text)
003eaf12  local     LOOP (.text)
003eaf01  local     MAINDIV (.text)
003eaf20  local     MD_NEQ (.text)
003eaef5  local     MODUDenHighZero (.text)
003eae57  local     RET1 (.text)
003eae92  local     RET2 (.text)
003eaec0  local     RET3 (.text)
003eaeef  local     RET4 (.text)
003eae94  local     RET_NUM1 (.text)
003eaef1  local     RET_NUM2 (.text)
003eae60  local     SDIVUDenHighZero (.text)
003eaf2a  local     SKIP (.text)
003eaf2c  local     SKIP1 (.text)
003eae9a  local     SMODUDenHighZero (.text)
003eaea6  global    ULL$$DIV (.text)
003eaed5  global    ULL$$MOD (.text)


================================================================================

rts2800_ml.lib : u_div28.asm.obj

Run/Load            
Value     Binding   Name (Section)
--------  --------  ---------------
00000000  local     .bss (.bss)
00000000  local     .data (.data)
003ee1b8  local     .text (.text)
003ee1b8  global    U$$DIV (.text)
003ee1bd  global    U$$MOD (.text)


================================================================================

rts2800_ml.lib : u_tofd28.asm.obj

Run/Load            
Value     Binding   Name (Section)
--------  --------  ---------------
00000000  local     .bss (.bss)
00000000  local     .data (.data)
003edd74  local     .text (.text)
003edd81  local     NORMALIZE (.text)
003edd89  local     OP_ZERO (.text)
003edd83  local     PACK (.text)
003edd88  local     RETURN (.text)
003edd86  local     RETURN_VALUE (.text)
003edd74  global    U$$TOFD (.text)


================================================================================

rts2800_ml.lib : u_tofs28.asm.obj

Run/Load            
Value     Binding   Name (Section)
--------  --------  ---------------
00000000  local     .bss (.bss)
00000000  local     .data (.data)
003edfb1  local     .text (.text)
003edfc0  local     RESTORE (.text)
003edfb1  global    U$$TOFS (.text)
003edfc0  local     ZERO (.text)


================================================================================

rts2800_ml.lib : l_tofs28.asm.obj

Run/Load            
Value     Binding   Name (Section)
--------  --------  ---------------
00000000  local     .bss (.bss)
00000000  local     .data (.data)
003edbf3  local     .text (.text)
003edbf3  global    L$$TOFS (.text)
003edc09  local     OVERFLOW (.text)
003edc08  local     RETURN (.text)
003edc08  local     ZERO (.text)


================================================================================

rts2800_ml.lib : ul_tofs28.asm.obj

Run/Load            
Value     Binding   Name (Section)
--------  --------  ---------------
00000000  local     .bss (.bss)
00000000  local     .data (.data)
003ede59  local     .text (.text)
003ede61  local     LEFT_SHIFT (.text)
003ede63  local     PACK (.text)
003ede6b  local     RETURN (.text)
003ede59  global    UL$$TOFS (.text)
003ede6b  local     ZERO (.text)


================================================================================

rts2800_ml.lib : prolog28.asm.obj

Run/Load            
Value     Binding   Name (Section)
--------  --------  ---------------
00000000  local     .bss (.bss)
00000000  local     .data (.data)
003edc71  local     .text (.text)
003edc71  global    _prolog_c28x_1 (.text)
003edc75  global    _prolog_c28x_2 (.text)
003edc7d  global    _prolog_c28x_3 (.text)


================================================================================

rts2800_ml.lib : fs_tofd28.asm.obj

Run/Load            
Value     Binding   Name (Section)
--------  --------  ---------------
00000000  local     .bss (.bss)
00000000  local     .data (.data)
003edae8  local     .text (.text)
003edae8  global    FS$$TOFD (.text)
003edafc  local     OVERFLOW (.text)
003edafb  local     RETURN (.text)
003edaf9  local     RETURN_VALUE (.text)
003edb02  local     UNDERFLOW (.text)


================================================================================

rts2800_ml.lib : fd_div28.asm.obj

Run/Load            
Value     Binding   Name (Section)
--------  --------  ---------------
003ec28b  local     $1_$3 (.text)
003ec296  local     $2_$3 (.text)
00000000  local     .bss (.bss)
00000000  local     .data (.data)
003ec24f  local     .text (.text)
003ec2a5  local     DIV_END (.text)
003ec286  local     DIV_START (.text)
003ec24f  global    FD$$DIV (.text)
003ec2a8  local     NORMALIZE (.text)
003ec2d2  local     OVERFLOW (.text)
003ec2cd  local     RETURN (.text)
003ec2cb  local     RETURN_VALUE (.text)
003ec2bd  local     RND64_SET_MANT$3$ (.text)
003ec2b1  local     ROUND (.text)
003ec2d8  local     UNDERFLOW (.text)


================================================================================

rts2800_ml.lib : cpy_tbl.c.obj

Run/Load            
Value     Binding   Name (Section)
--------  --------  ---------------
003ed77d  local     $C$L1 (.text)
003ed790  local     $C$L2 (.text)
003ed791  local     $C$L3 (.text)
00000000  local     .bss (.bss)
00000000  local     .data (.data)
003ed775  local     .text (.text)
003ed775  global    _copy_in (.text)


================================================================================

rts2800_ml.lib : memcpy.c.obj

Run/Load            
Value     Binding   Name (Section)
--------  --------  ---------------
003eda61  local     $C$L1 (.text)
003eda65  local     $C$L2 (.text)
003eda6c  local     $C$L3 (.text)
003eda6e  local     $C$L4 (.text)
003eda76  local     $C$L5 (.text)
00000000  local     .bss (.bss)
00000000  local     .data (.data)
003eda5b  local     .text (.text)
003eda5b  global    _memcpy (.text)


================================================================================

rts2800_ml.lib : pre_init.c.obj

Run/Load            
Value     Binding   Name (Section)
--------  --------  ---------------
00000000  local     .bss (.bss)
00000000  local     .data (.data)
003ee74f  local     .text (.text)
003ee74f  global    __system_pre_init (.text)


================================================================================

rts2800_ml.lib : startup.c.obj

Run/Load            
Value     Binding   Name (Section)
--------  --------  ---------------
00000000  local     .bss (.bss)
00000000  local     .data (.data)
003ee753  local     .text (.text)
003ee753  global    __system_post_cinit (.text)


================================================================================

rts2800_ml.lib : e_rem_pio2f.c.obj

Run/Load            
Value     Binding   Name (Section)
--------  --------  ---------------
003f04ea  local     $C$FL1 (.econst)
003f04ee  local     $C$FL2 (.econst)
003f04f2  local     $C$FL3 (.econst)
003f04f6  local     $C$FL4 (.econst)
003ebcbf  local     $C$L1 (.text)
003ebccd  local     $C$L2 (.text)
003ebcf9  local     $C$L3 (.text)
003ebcfe  local     $C$L4 (.text)
00000000  local     .bss (.bss)
00000000  local     .data (.data)
003f04de  local     .econst (.econst)
003ebc5c  local     .text (.text)
003ebc5c  global    ___rem_pio2f (.text)
003f04de  local     _invpio2 (.econst)
003f04e2  local     _pio2_1 (.econst)
003f04e6  local     _pio2_1t (.econst)


================================================================================

rts2800_ml.lib : k_rem_pio2.c.obj

Run/Load            
Value     Binding   Name (Section)
--------  --------  ---------------
003f045a  local     $C$FL1 (.econst)
003f045e  local     $C$FL2 (.econst)
003f0462  local     $C$FL3 (.econst)
003f0466  local     $C$FL4 (.econst)
003f046a  local     $C$FL5 (.econst)
003f046e  local     $C$FL6 (.econst)
003f0472  local     $C$FL7 (.econst)
003e9903  local     $C$L1 (.text)
003e99bd  local     $C$L10 (.text)
003e99ea  local     $C$L11 (.text)
003e9a0a  local     $C$L12 (.text)
003e9a2f  local     $C$L13 (.text)
003e9a4e  local     $C$L14 (.text)
003e9a55  local     $C$L15 (.text)
003e9a72  local     $C$L16 (.text)
003e9ac0  local     $C$L17 (.text)
003e9b2c  local     $C$L18 (.text)
003e9b30  local     $C$L19 (.text)
003e992b  local     $C$L2 (.text)
003e9b3e  local     $C$L20 (.text)
003e9b67  local     $C$L21 (.text)
003e9b6c  local     $C$L22 (.text)
003e9b77  local     $C$L23 (.text)
003e9b83  local     $C$L24 (.text)
003e9b88  local     $C$L25 (.text)
003e9b8e  local     $C$L26 (.text)
003e9bab  local     $C$L27 (.text)
003e9bb7  local     $C$L28 (.text)
003e9be2  local     $C$L29 (.text)
003e9936  local     $C$L3 (.text)
003e9c10  local     $C$L30 (.text)
003e9c5b  local     $C$L31 (.text)
003e9c60  local     $C$L32 (.text)
003e9c78  local     $C$L33 (.text)
003e9c82  local     $C$L34 (.text)
003e9c91  local     $C$L35 (.text)
003e9c9b  local     $C$L36 (.text)
003e9cb6  local     $C$L37 (.text)
003e9cc6  local     $C$L38 (.text)
003e9cc8  local     $C$L39 (.text)
003e9942  local     $C$L4 (.text)
003e9ce8  local     $C$L40 (.text)
003e9d10  local     $C$L41 (.text)
003e9d27  local     $C$L42 (.text)
003e9d3b  local     $C$L43 (.text)
003e9d69  local     $C$L44 (.text)
003e9d87  local     $C$L45 (.text)
003e9da5  local     $C$L46 (.text)
003e9df4  local     $C$L47 (.text)
003e9e2e  local     $C$L48 (.text)
003e9e46  local     $C$L49 (.text)
003e9953  local     $C$L5 (.text)
003e9e57  local     $C$L50 (.text)
003e9e74  local     $C$L51 (.text)
003e9e8f  local     $C$L52 (.text)
003e9ea2  local     $C$L53 (.text)
003e9eb3  local     $C$L54 (.text)
003e9ec1  local     $C$L55 (.text)
003e9ecb  local     $C$L56 (.text)
003e9eec  local     $C$L57 (.text)
003e9efd  local     $C$L58 (.text)
003e9f0b  local     $C$L59 (.text)
003e995f  local     $C$L6 (.text)
003e9f15  local     $C$L60 (.text)
003e9f1f  local     $C$L61 (.text)
003e9f32  local     $C$L62 (.text)
003e9f43  local     $C$L63 (.text)
003e9f51  local     $C$L64 (.text)
003e9f5b  local     $C$L65 (.text)
003e9f64  local     $C$L66 (.text)
003e997c  local     $C$L7 (.text)
003e99a1  local     $C$L8 (.text)
003e99b6  local     $C$L9 (.text)
00000000  local     .bss (.bss)
00000000  local     .data (.data)
003f044a  local     .econst (.econst)
003f049e  local     .econst:_PIo2 (.econst:_PIo2)
003f057e  local     .econst:_init_jk (.econst:_init_jk)
003f0376  local     .econst:_ipio2 (.econst:_ipio2)
003e98d5  local     .text (.text)
003f049e  local     _PIo2 (.econst:_PIo2)
003e98d5  global    ___kernel_rem_pio2 (.text)
003f057e  local     _init_jk (.econst:_init_jk)
003f0376  local     _ipio2 (.econst:_ipio2)
003f044e  local     _one (.econst)
003f0452  local     _two24 (.econst)
003f0456  local     _twon24 (.econst)
003f044a  local     _zero (.econst)


================================================================================

rts2800_ml.lib : exit.c.obj

Run/Load            
Value     Binding   Name (Section)
--------  --------  ---------------
003ed41c  local     $C$L1 (.text)
003ed42f  local     $C$L2 (.text)
003ed43a  local     $C$L3 (.text)
003ed440  local     $C$L4 (.text)
00000000  local     .bss (.bss)
003f0bff  local     .cinit (.cinit)
00000000  local     .data (.data)
0000bdfa  local     .ebss (.ebss)
003ed41b  local     .text (.text)
003ed41b  global    C$$EXIT (.text)
0000bdfc  global    ___TI_cleanup_ptr (.ebss)
0000bdfe  global    ___TI_dtors_ptr (.ebss)
0000bdfa  global    ___TI_enable_exit_profile_output (.ebss)
003ed41b  global    _abort (.text)
003ed41d  global    _exit (.text)


================================================================================

rts2800_ml.lib : _lock.c.obj

Run/Load            
Value     Binding   Name (Section)
--------  --------  ---------------
00000000  local     .bss (.bss)
003f0d8d  local     .cinit:__lock (.cinit:__lock)
003f0d92  local     .cinit:__unlock (.cinit:__unlock)
00000000  local     .data (.data)
0000c102  local     .ebss:__lock (.ebss:__lock)
0000c104  local     .ebss:__unlock (.ebss:__unlock)
003ee272  local     .text (.text)
0000c102  global    __lock (.ebss:__lock)
003ee27a  global    __nop (.text)
003ee276  global    __register_lock (.text)
003ee272  global    __register_unlock (.text)
0000c104  global    __unlock (.ebss:__unlock)


================================================================================

rts2800_ml.lib : args_main.c.obj

Run/Load            
Value     Binding   Name (Section)
--------  --------  ---------------
003edf4b  local     $C$L1 (.text)
003edf4e  local     $C$L2 (.text)
00000000  local     .bss (.bss)
00000000  local     .data (.data)
003edf40  local     .text (.text)
003edf40  global    __args_main (.text)


================================================================================

rts2800_ml.lib : s_floor.c.obj

Run/Load            
Value     Binding   Name (Section)
--------  --------  ---------------
003f0570  local     $C$FL1 (.econst)
003f0574  local     $C$FL2 (.econst)
003eb429  local     $C$L1 (.text)
003eb481  local     $C$L10 (.text)
003eb4a1  local     $C$L11 (.text)
003eb4a3  local     $C$L12 (.text)
003eb4af  local     $C$L13 (.text)
003eb4b4  local     $C$L14 (.text)
003eb42e  local     $C$L2 (.text)
003eb42f  local     $C$L3 (.text)
003eb437  local     $C$L4 (.text)
003eb44a  local     $C$L5 (.text)
003eb459  local     $C$L6 (.text)
003eb45c  local     $C$L7 (.text)
003eb478  local     $C$L8 (.text)
003eb47e  local     $C$L9 (.text)
00000000  local     .bss (.bss)
00000000  local     .data (.data)
003f056c  local     .econst (.econst)
003eb3d1  local     .text (.text)
003eb3d1  global    _floorl (.text)
003f056c  local     _huge (.econst)


================================================================================

rts2800_ml.lib : s_scalbn.c.obj

Run/Load            
Value     Binding   Name (Section)
--------  --------  ---------------
003f0506  local     $C$FL1 (.econst)
003f050a  local     $C$FL2 (.econst)
003f050e  local     $C$FL3 (.econst)
003f0512  local     $C$FL4 (.econst)
003ebbd8  local     $C$L1 (.text)
003ebbf1  local     $C$L2 (.text)
003ebc03  local     $C$L3 (.text)
003ebc0e  local     $C$L4 (.text)
003ebc23  local     $C$L5 (.text)
003ebc29  local     $C$L6 (.text)
003ebc34  local     $C$L7 (.text)
003ebc54  local     $C$L8 (.text)
003ebc58  local     $C$L9 (.text)
00000000  local     .bss (.bss)
00000000  local     .data (.data)
003f04fa  local     .econst (.econst)
003ebbb2  local     .text (.text)
003ebbb2  global    _ldexpl (.text)
003ebbb2  global    _scalbnl (.text)
003f0502  local     _tiny (.econst)
003f04fa  local     _two54 (.econst)
003f04fe  local     _twom54 (.econst)


================================================================================

rts2800_ml.lib : s_copysign.c.obj

Run/Load            
Value     Binding   Name (Section)
--------  --------  ---------------
003ed823  local     $C$L1 (.text)
00000000  local     .bss (.bss)
00000000  local     .data (.data)
003ed802  local     .text (.text)
003ed802  global    _copysignl (.text)


================================================================================

rts2800_ml.lib : k_cosf.c.obj

Run/Load            
Value     Binding   Name (Section)
--------  --------  ---------------
003f048a  local     $C$FL1 (.econst)
003f048e  local     $C$FL2 (.econst)
003f0492  local     $C$FL3 (.econst)
003f0496  local     $C$FL4 (.econst)
003f049a  local     $C$FL5 (.econst)
00000000  local     .bss (.bss)
00000000  local     .data (.data)
003f0476  local     .econst (.econst)
003ec361  local     .text (.text)
003f047a  local     _C0 (.econst)
003f047e  local     _C1 (.econst)
003f0482  local     _C2 (.econst)
003f0486  local     _C3 (.econst)
003ec361  global    ___kernel_cosdf (.text)
003f0476  local     _one (.econst)


================================================================================

rts2800_ml.lib : k_sinf.c.obj

Run/Load            
Value     Binding   Name (Section)
--------  --------  ---------------
003f04ce  local     $C$FL1 (.econst)
003f04d2  local     $C$FL2 (.econst)
003f04d6  local     $C$FL3 (.econst)
003f04da  local     $C$FL4 (.econst)
00000000  local     .bss (.bss)
00000000  local     .data (.data)
003f04be  local     .econst (.econst)
003ec12d  local     .text (.text)
003f04be  local     _S1 (.econst)
003f04c2  local     _S2 (.econst)
003f04c6  local     _S3 (.econst)
003f04ca  local     _S4 (.econst)
003ec12d  global    ___kernel_sindf (.text)


================================================================================

rts2800_ml.lib : fd_cmp28.asm.obj

Run/Load            
Value     Binding   Name (Section)
--------  --------  ---------------
00000000  local     .bss (.bss)
00000000  local     .data (.data)
003ed3f1  local     .text (.text)
003ed401  local     CHECK_INF (.text)
003ed3f1  global    FD$$CMP (.text)
003ed418  local     NO_NEG (.text)
003ed419  local     OP_EQUAL (.text)
003ed411  local     RETURN (.text)


================================================================================

rts2800_ml.lib : fd_tol28.asm.obj

Run/Load            
Value     Binding   Name (Section)
--------  --------  ---------------
00000000  local     .bss (.bss)
00000000  local     .data (.data)
003ed9c8  local     .text (.text)
003ed9c8  global    FD$$TOL (.text)
003ed9e1  local     OVERFLOW (.text)
003ed9e0  local     RETURN_VALUE (.text)
003ed9e5  local     UNDERFLOW (.text)


================================================================================

rts2800_ml.lib : ll_aox28.asm.obj

Run/Load            
Value     Binding   Name (Section)
--------  --------  ---------------
00000000  local     .bss (.bss)
00000000  local     .data (.data)
003edcd2  local     .text (.text)
003edcd2  global    LL$$AND (.text)
003edcda  global    LL$$OR (.text)
003edce2  global    LL$$XOR (.text)


================================================================================

rts2800_ml.lib : i_div28.asm.obj

Run/Load            
Value     Binding   Name (Section)
--------  --------  ---------------
00000000  local     .bss (.bss)
00000000  local     .data (.data)
003ed825  local     .text (.text)
003ed825  global    I$$DIV (.text)
003ed836  global    I$$MOD (.text)
003ed835  local     RET1 (.text)
003ed845  local     RET2 (.text)


================================================================================

rts2800_ml.lib : l_tofd28.asm.obj

Run/Load            
Value     Binding   Name (Section)
--------  --------  ---------------
003edb12  local     $10 (.text)
00000000  local     .bss (.bss)
00000000  local     .data (.data)
003edb04  local     .text (.text)
003edb04  global    L$$TOFD (.text)
003edb1e  local     OP_ZERO (.text)
003edb1d  local     RETURN (.text)
003edb1b  local     RETURN_VALUE (.text)


================================================================================

rts2800_ml.lib : fd_tofs28.asm.obj

Run/Load            
Value     Binding   Name (Section)
--------  --------  ---------------
00000000  local     .bss (.bss)
00000000  local     .data (.data)
003ed889  local     .text (.text)
003ed896  local     EXP_EVAL (.text)
003ed889  global    FD$$TOFS (.text)
003ed8a2  local     OVERFLOW (.text)
003ed8a1  local     RETURN_VALUE (.text)
003ed8a8  local     UNDERFLOW (.text)


================================================================================

rts2800_ml.lib : errno.c.obj

Run/Load            
Value     Binding   Name (Section)
--------  --------  ---------------
00000000  local     .bss (.bss)
003f0df1  local     .cinit (.cinit)
00000000  local     .data (.data)
0000c122  local     .ebss (.ebss)
00000000  local     .text (.text)
0000c122  global    _errno (.ebss)


================================================================================

