******************************************************************************
             TMS320C2000 Linker PC v22.6.0                     
******************************************************************************
>> Linked Thu Oct 13 13:12:29 2022

OUTPUT FILE NAME:   <../../../04_Output_Files/Motor28062/TEST_CSMON_C28xx.out>
ENTRY POINT SYMBOL: "_c_int00"  address: 003ec593


MEMORY CONFIGURATION

         name            origin    length      used     unused   attr    fill
----------------------  --------  ---------  --------  --------  ----  --------
PAGE 0:
  RAML0                 00008000   00000800  00000029  000007d7  RWIX
  RAML1                 00008800   00000400  00000000  00000400  RWIX
  OTP                   003d7800   00000400  00000000  00000400  RWIX
  FLASH_APP             003e8000   0000dff0  00009bce  00004422  RWIX
  CSM_RSVD              003f7f80   00000076  00000076  00000000  RWIX
  BEGIN                 003f7ff6   00000002  00000002  00000000  RWIX
  CSM_PWL_P0            003f7ff8   00000008  00000008  00000000  RWIX
  FPUTABLES             003fd590   000006a0  00000000  000006a0  RWIX
  IQTABLES              003fdf00   00000b50  00000000  00000b50  RWIX
  IQTABLES2             003fea50   0000008c  00000000  0000008c  RWIX
  IQTABLES3             003feadc   000000aa  00000000  000000aa  RWIX
  ROM                   003ff3b0   00000c10  00000000  00000c10  RWIX
  RESET                 003fffc0   00000002  00000000  00000002  RWIX
  VECTORS               003fffc2   0000003e  00000000  0000003e  RWIX

PAGE 1:
  BOOT_RSVD             00000000   00000050  00000000  00000050  RWIX
  RAMM0                 00000050   000003b0  00000380  00000030  RWIX
  RAMM1                 00000400   00000400  00000000  00000400  RWIX
  DEV_EMU               00000880   00000105  00000004  00000101  RWIX
  SYS_PWR_CTL           00000985   00000003  00000003  00000000  RWIX
  FLASH_REGS            00000a80   00000060  00000008  00000058  RWIX
  CSM                   00000ae0   00000020  00000010  00000010  RWIX
  ADC_RESULT            00000b00   00000020  00000010  00000010  RWIX
  CPU_TIMER0            00000c00   00000008  00000008  00000000  RWIX
  CPU_TIMER1            00000c08   00000008  00000008  00000000  RWIX
  CPU_TIMER2            00000c10   00000008  00000008  00000000  RWIX
  PIE_CTRL              00000ce0   00000020  0000001a  00000006  RWIX
  PIE_VECT              00000d00   00000100  00000100  00000000  RWIX
  DMA                   00001000   00000200  000000e0  00000120  RWIX
  CLA1                  00001400   00000080  00000040  00000040  RWIX
  USB0                  00004000   00001000  00000454  00000bac  RWIX
  McBSPA                00005000   00000040  00000024  0000001c  RWIX
  ECANA                 00006000   00000040  00000034  0000000c  RWIX
  ECANA_LAM             00006040   00000040  00000040  00000000  RWIX
  ECANA_MOTS            00006080   00000040  00000040  00000000  RWIX
  ECANA_MOTO            000060c0   00000040  00000040  00000000  RWIX
  ECANA_MBOX            00006100   00000100  00000100  00000000  RWIX
  COMP1                 00006400   00000020  00000014  0000000c  RWIX
  COMP2                 00006420   00000020  00000014  0000000c  RWIX
  COMP3                 00006440   00000020  00000014  0000000c  RWIX
  EPWM1                 00006800   00000040  00000040  00000000  RWIX
  EPWM2                 00006840   00000040  00000040  00000000  RWIX
  EPWM3                 00006880   00000040  00000040  00000000  RWIX
  EPWM4                 000068c0   00000040  00000040  00000000  RWIX
  EPWM5                 00006900   00000040  00000040  00000000  RWIX
  EPWM6                 00006940   00000040  00000040  00000000  RWIX
  EPWM7                 00006980   00000040  00000040  00000000  RWIX
  EPWM8                 000069c0   00000040  00000040  00000000  RWIX
  ECAP1                 00006a00   00000020  00000020  00000000  RWIX
  ECAP2                 00006a20   00000020  00000020  00000000  RWIX
  ECAP3                 00006a40   00000020  00000020  00000000  RWIX
  HRCAP1                00006ac0   00000020  00000020  00000000  RWIX
  HRCAP2                00006ae0   00000020  00000020  00000000  RWIX
  EQEP1                 00006b00   00000040  00000022  0000001e  RWIX
  EQEP2                 00006b40   00000040  00000022  0000001e  RWIX
  HRCAP3                00006c80   00000020  00000020  00000000  RWIX
  HRCAP4                00006ca0   00000020  00000020  00000000  RWIX
  GPIOCTRL              00006f80   00000040  00000040  00000000  RWIX
  GPIODAT               00006fc0   00000020  00000020  00000000  RWIX
  GPIOINT               00006fe0   00000020  00000020  00000000  RWIX
  SYSTEM                00007010   00000030  00000030  00000000  RWIX
  SPIA                  00007040   00000010  00000010  00000000  RWIX
  SCIA                  00007050   00000010  00000010  00000000  RWIX
  NMIINTRUPT            00007060   00000010  00000010  00000000  RWIX
  XINTRUPT              00007070   00000010  00000010  00000000  RWIX
  ADC                   00007100   00000080  00000050  00000030  RWIX
  SPIB                  00007740   00000010  00000010  00000000  RWIX
  SCIB                  00007750   00000010  00000010  00000000  RWIX
  I2CA                  00007900   00000040  00000022  0000001e  RWIX
  RAML2                 00008c00   00000400  00000400  00000000  RWIX
  RAML34                00009000   00003000  00003000  00000000  RWIX
  RAML5                 0000c000   00002000  000018ab  00000755  RWIX
  RAML6                 0000e000   00002000  00000000  00002000  RWIX
  RAML7                 00010000   00002000  00000000  00002000  RWIX
  RAML8                 00012000   00002000  00000000  00002000  RWIX
  USB_RAM               00040000   00000800  00000000  00000800  RWIX
  PARTID                003d7e80   00000001  00000001  00000000  RWIX
  CSM_PWL               003f7ff8   00000008  00000008  00000000  RWIX


SECTION ALLOCATION MAP

 output                                  attributes/
section   page    origin      length       input sections
--------  ----  ----------  ----------   ----------------
.cinit     0    003f13bc    000007f2     
                  003f13bc    000001e9     CSMON_C28xx.lib : hmmodbus.obj (.cinit)
                  003f15a5    00000173     main.obj (.cinit)
                  003f1718    000000c9     CSMON_C28xx.lib : csmon.obj (.cinit)
                  003f17e1    00000094                     : modbusreg.obj (.cinit)
                  003f1875    00000030                     : csmon.obj (.cinit:_CSMON_au8FileRecorderConfigElementsSizeTable)
                  003f18a5    0000002b                     : csmon.obj (.cinit:_CSMON_au8FileScopeConfigurationElementsSizeTable)
                  003f18d0    00000017                     : csmon.obj (.cinit:_CSMON_au8FileRecorderDataElementsSizeTable)
                  003f18e7    00000015                     : csmon.obj (.cinit:_CSMON_sFileAutorization)
                  003f18fc    00000014                     : hmdrv.obj (.cinit)
                  003f1910    00000014                     : hmprotocol.obj (.cinit)
                  003f1924    00000013                     : modbusreg.obj (.cinit:_MODBUSREG_au8DeviceIDUserApplicationName)
                  003f1937    00000013                     : modbusreg.obj (.cinit:_MODBUSREG_au8DeviceIDVendorUrl)
                  003f194a    00000013                     : modbusreg.obj (.cinit:_MODBUSREG_au8ServerIDData)
                  003f195d    00000013                     : hmrecparam.obj (.cinit:_sRecStatusParam)
                  003f1970    00000010     rtc_drv.obj (.cinit)
                  003f1980    0000000f     CSMON_C28xx.lib : csmon.obj (.cinit:_CSMON_sDateTime)
                  003f198f    0000000f                     : csmon.obj (.cinit:_CSMON_sDateTimeApplication)
                  003f199e    0000000f                     : csmon.obj (.cinit:_CSMON_sDateTimeDefault)
                  003f19ad    0000000f                     : modbusreg.obj (.cinit:_MODBUSREG_au8DeviceIDModelName)
                  003f19bc    0000000f     device.obj (.cinit)
                  003f19cb    0000000e     rts2800_ml.lib : exit.c.obj (.cinit)
                  003f19d9    0000000d     CSMON_C28xx.lib : csmon.obj (.cinit:_CSMON_au8FileParameterCountElementsSizeTable)
                  003f19e6    0000000d                     : csmon.obj (.cinit:_CSMON_au8FileRTCElementsSizeTable)
                  003f19f3    0000000d                     : csmon.obj (.cinit:_sHashKey)
                  003f1a00    0000000d     tmr_drv.obj (.cinit)
                  003f1a0d    0000000c     CSMON_C28xx.lib : csmon.obj (.cinit:_CSMON_au8FileParameterNumericElementsSizeTable)
                  003f1a19    0000000c                     : modbusreg.obj (.cinit:_MODBUSREG_au8DeviceIDProductName)
                  003f1a25    0000000c                     : modbusreg.obj (.cinit:_MODBUSREG_au8DeviceIDUserReserve0)
                  003f1a31    0000000c                     : modbusreg.obj (.cinit:_MODBUSREG_au8DeviceIDUserReserve1)
                  003f1a3d    0000000c                     : modbusreg.obj (.cinit:_MODBUSREG_au8DeviceIDUserReserve2)
                  003f1a49    0000000c                     : modbusreg.obj (.cinit:_MODBUSREG_au8DeviceIDVendorName)
                  003f1a55    0000000b                     : hmrecparam.obj (.cinit:_HMRECPRM_sDateTime)
                  003f1a60    0000000b     main.obj (.cinit:_MAIN_sDateTimeGet)
                  003f1a6b    0000000b     main.obj (.cinit:_MAIN_sDateTimeSet)
                  003f1a76    0000000b     uart_driver.obj (.cinit:_UART_DRV_RXIntOverflowCounter)
                  003f1a81    0000000b     uart_driver.obj (.cinit:_UART_DRV_u32TimeDiffLast)
                  003f1a8c    0000000b     uart_driver.obj (.cinit:_UART_DRV_u32TimeDiffNow)
                  003f1a97    0000000b     CSMON_C28xx.lib : uart_drv.obj (.cinit:_UART_RXIntOverflowCounter)
                  003f1aa2    0000000b     tmr_drv.obj (.cinit:_pfDelayedFunction)
                  003f1aad    0000000b     tmr_drv.obj (.cinit:_pfDelayedFunction_u8)
                  003f1ab8    0000000b     CSMON_C28xx.lib : hmrecparam.obj (.cinit:_sRecStatusParamInternal)
                  003f1ac3    0000000b                     : uart_drv.obj (.cinit:_u32TimeDiffLast)
                  003f1ace    0000000b                     : uart_drv.obj (.cinit:_u32TimeDiffNow)
                  003f1ad9    0000000b                     : uart_drv.obj (.cinit:_u32TimeDiffRead)
                  003f1ae4    00000009                     : hmserial.obj (.cinit)
                  003f1aed    00000009                     : csmon.obj (.cinit:_CSMON_au32FileAutorization_FunctionAfterWriteFileRecord)
                  003f1af6    00000009                     : csmon.obj (.cinit:_CSMON_sFileParameterCount)
                  003f1aff    00000008                     : hmlib.obj (.cinit)
                  003f1b07    00000007                     : csmon.obj (.cinit:_CSMON_au8FileRecorderStatusElementsSizeTable)
                  003f1b0e    00000007                     : modbusreg.obj (.cinit:_MODBUSREG_au8DeviceIDMajorMinorRevision)
                  003f1b15    00000007                     : modbusreg.obj (.cinit:_MODBUSREG_au8DeviceIDProductCode)
                  003f1b1c    00000007                     : uart_drv.obj (.cinit:_UARTRxBufferRDCount)
                  003f1b23    00000007                     : uart_drv.obj (.cinit:_UARTRxBufferRDIndex)
                  003f1b2a    00000007                     : uart_drv.obj (.cinit:_UARTRxBufferWRCount)
                  003f1b31    00000007                     : uart_drv.obj (.cinit:_UARTRxBufferWRIndex)
                  003f1b38    00000007     uart_driver.obj (.cinit:_UART_DRV_RxBufferRDCount)
                  003f1b3f    00000007     uart_driver.obj (.cinit:_UART_DRV_RxBufferWRCount)
                  003f1b46    00000007     uart_driver.obj (.cinit:_UART_DRV_RxBufferWRIndex)
                  003f1b4d    00000006     CSMON_C28xx.lib : csmon.obj (.cinit:_CSMON_abFileAutorization_RecordReadOnly)
                  003f1b53    00000006                     : csmon.obj (.cinit:_CSMON_abFileAutorization_RecordStringData)
                  003f1b59    00000006                     : csmon.obj (.cinit:_CSMON_au16FileAutorization_RecordOffsets)
                  003f1b5f    00000006                     : csmon.obj (.cinit:_CSMON_sFileProtocolVersion)
                  003f1b65    00000005     rts2800_ml.lib : _lock.c.obj (.cinit:__lock)
                  003f1b6a    00000005                    : _lock.c.obj (.cinit:__unlock)
                  003f1b6f    00000005     CSMON_C28xx.lib : hmscopeparam.obj (.cinit:_pBufferScope)
                  003f1b74    00000004                     : hmscopeparam.obj (.cinit)
                  003f1b78    00000004                     : uart_drv.obj (.cinit)
                  003f1b7c    00000004                     : csmon.obj (.cinit:_CSMON_au8FileParameterListElementsSizeTablePart1_1)
                  003f1b80    00000004                     : csmon.obj (.cinit:_CSMON_au8FileParameterListElementsSizeTablePart1_2)
                  003f1b84    00000004                     : csmon.obj (.cinit:_CSMON_au8FileParameterListElementsSizeTablePart1_3)
                  003f1b88    00000004                     : csmon.obj (.cinit:_CSMON_au8FileParameterListElementsSizeTablePart1_4)
                  003f1b8c    00000004                     : csmon.obj (.cinit:_CSMON_au8FileParameterListElementsSizeTablePart2)
                  003f1b90    00000004                     : csmon.obj (.cinit:_CSMON_au8FileParameterListElementsSizeTablePart3)
                  003f1b94    00000004                     : csmon.obj (.cinit:_CSMON_au8FileRecorderDataElementsSizeTableUsedLength)
                  003f1b98    00000004                     : csmon.obj (.cinit:_CSMON_au8FileScopeStatusElementsSizeTable)
                  003f1b9c    00000004                     : csmon.obj (.cinit:_CSMON_sFileParameterAccessList)
                  003f1ba0    00000004                     : hmmodbus.obj (.cinit:_HMMODBUS_u32RegisterAddressDummyuSize)
                  003f1ba4    00000004                     : modbusreg.obj (.cinit:_MODBUSREG_asFileTable)
                  003f1ba8    00000004     rts2800_ml.lib : errno.c.obj (.cinit)
                  003f1bac    00000002     --HOLE-- [fill = 0]

.pinit     0    003e8000    00000000     UNINITIALIZED

.text      0    003e8000    0000607d     
                  003e8000    00001328     CSMON_C28xx.lib : hmmodbus.obj (.text:_HMMODBUS_bDecoder)
                  003e9328    000006df                     : modbusreg.obj (.text:_MODBUSREG_AddressTablesInit)
                  003e9a07    00000698     rts2800_ml.lib : k_rem_pio2.c.obj (.text)
                  003ea09f    000001b3     CSMON_C28xx.lib : csmon.obj (.text:_CSMON_eSetParameter)
                  003ea252    000001ac     main.obj (.text:_main)
                  003ea3fe    0000017f     CSMON_C28xx.lib : csmon.obj (.text:_CSMON_eSetUpRecParam)
                  003ea57d    0000016d                     : csmon.obj (.text:_CSMON_eProcess)
                  003ea6ea    00000146                     : hmmodbus.obj (.text:_HMMODBUS_Rx)
                  003ea830    0000011b                     : hmmodbus.obj (.text:_HMMODBUS_vSetFreeRunTimerPrescaller)
                  003ea94b    00000114     rts2800_ml.lib : s_sinf.c.obj (.text)
                  003eaa5f    00000107                    : ll_div28.asm.obj (.text)
                  003eab66    000000f9     CSMON_C28xx.lib : csmon.obj (.text:_CSMON_eInit)
                  003eac5f    000000f5                     : hmdrv.obj (.text:_HMDRV_vInit)
                  003ead54    000000f1                     : csmon.obj (.text:_CSMON_vFileRecoderStatusFix)
                  003eae45    000000e9                     : hmprotocol.obj (.text:_HMPROTOCOL_bDecoder)
                  003eaf2e    000000e8                     : hmrecparam.obj (.text:_HMRECPRM_vProcess)
                  003eb016    000000e8     rts2800_ml.lib : s_floor.c.obj (.text)
                  003eb0fe    000000e4     main.obj (.text:_ControlProcess)
                  003eb1e2    000000d1     CSMON_C28xx.lib : csmon.obj (.text:_CSMON_vSetupHoldingRegistersAndCoilsAddressTableFromCSMONParameterList)
                  003eb2b3    000000bc                     : hmrecparam.obj (.text:_HMRECPRM_SetUpRec)
                  003eb36f    000000b8                     : hmrec.obj (.text:_HMREC_SetUpRec)
                  003eb427    000000aa                     : hmdrv.obj (.text:_HMDRV_CopyFromBufferInternalModbusBitField)
                  003eb4d1    000000aa     rts2800_ml.lib : s_scalbn.c.obj (.text)
                  003eb57b    000000a7                    : e_rem_pio2f.c.obj (.text)
                  003eb622    000000a3     tmr_drv.obj (.text:_TMR2_ISR)
                  003eb6c5    0000009c     rts2800_ml.lib : fd_add28.asm.obj (.text)
                  003eb761    0000009b     CSMON_C28xx.lib : hmmodbus.obj (.text:_HMMODBUS_GetRealRegisterAddressAndSize)
                  003eb7fc    00000099     main.obj (.text:_RecordersInitialization)
                  003eb895    00000096     main.obj (.text:_ParameterInitialization)
                  003eb92b    00000092     CSMON_C28xx.lib : hmdrv.obj (.text:_HMDRV_CopyMemory)
                  003eb9bd    00000092                     : hmdrv.obj (.text:_HMDRV_CopyToBufferInternalModbus)
                  003eba4f    00000092     rts2800_ml.lib : k_sinf.c.obj (.text)
                  003ebae1    00000090     CSMON_C28xx.lib : csmon.obj (.text:_CSMON_vSetDateTimeAutorization)
                  003ebb71    0000008b     rts2800_ml.lib : fd_div28.asm.obj (.text)
                  003ebbfc    00000087     CSMON_C28xx.lib : hmrecparam.obj (.text:_HMRECPRM_SetUpRecParamStatusDateTime)
                  003ebc83    00000087     rts2800_ml.lib : k_cosf.c.obj (.text)
                  003ebd0a    00000083     CSMON_C28xx.lib : hmdrv.obj (.text:_HMDRV_CopyFromBufferInternalModbus)
                  003ebd8d    00000083     rts2800_ml.lib : fd_mpy28.asm.obj (.text)
                  003ebe10    00000083                    : fs_div28.asm.obj (.text)
                  003ebe93    0000007f     CSMON_C28xx.lib : hmserial.obj (.text:_HMSERIAL_vProcessSCI)
                  003ebf12    0000007d                     : csmon.obj (.text:_CSMON_vPrepareFileParameterAccessList)
                  003ebf8f    00000078     rts2800_ml.lib : fs_add28.asm.obj (.text)
                  003ec007    0000006a     CSMON_C28xx.lib : hmserial.obj (.text:_HMSERIAL_Rx)
                  003ec071    00000068                     : hmprotocol.obj (.text:_HMPROTOCOL_GetBoardInfo)
                  003ec0d9    00000067                     : hmmodbus.obj (.text:_HMMODBUS_CopyFromBuffer)
                  003ec140    00000066                     : hmmodbus.obj (.text:_HMMODBUS_vProcessSCI)
                  003ec1a6    00000064                     : hmrec.obj (.text:_HMREC_vProcess)
                  003ec20a    00000064                     : modbusreg.obj (.text:_MODBUSREG_vInit)
                  003ec26e    0000005f     F2806x_SysCtrl.obj (.text:_InitPeripheralClocks)
                  003ec2cd    0000005d     CSMON_C28xx.lib : uart_drv.obj (.text:_UART_RXInterrupt)
                  003ec32a    0000005a     gpio.obj (.text:_GPIO_setPinConfigOutput)
                  003ec384    0000005a     rts2800_ml.lib : fs_mpy28.asm.obj (.text)
                  003ec3de    00000059     CSMON_C28xx.lib : csmon.obj (.text:_CSMON_vUpdateDateTimeFromApplication)
                  003ec437    00000059                     : hmmodbus.obj (.text:_vSetElementsSize)
                  003ec490    00000057                     : csmon.obj (.text:_CSMON_bCheckValidDateTime)
                  003ec4e7    00000057     uart_driver.obj (.text:_UART_DRV_RXInterrupt)
                  003ec53e    00000055     CSMON_C28xx.lib : modbusreg.obj (.text:_MODBUSREG_FileRecorderExternalUpdateInit)
                  003ec593    00000054     rts2800_ml.lib : boot28.asm.obj (.text)
                  003ec5e7    00000051     F2806x_SysCtrl.obj (.text:_InitPll)
                  003ec638    0000004f     device.obj (.text:_Device_CsmUnlock)
                  003ec687    0000004e     CSMON_C28xx.lib : hmrecparam.obj (.text:_HMRECPRM_StartRecParam)
                  003ec6d5    0000004c                     : hmmodbus.obj (.text:_HMMODBUS_GetRegisterFunction)
                  003ec721    0000004c                     : hmrecparam.obj (.text:_HMRECPRM_vTimeSync)
                  003ec76d    00000047                     : hmmodbus.obj (.text:_HMMODBUS_CopyToBuffer)
                  003ec7b4    00000047                     : hmscopeparam.obj (.text:_HMSCOPEPRM_SetUpScope)
                  003ec7fb    00000043                     : hmscopeparam.obj (.text:_HMSCOPEPRM_ReadScope)
                  003ec83e    00000042                     : hmmodbus.obj (.text:_HMMODBUS_vSendResponse)
                  003ec880    00000042     interrupt.obj (.text:_Interrupt_enable)
                  003ec8c2    00000041     CSMON_C28xx.lib : csmon.obj (.text:_CSMON_eSetRecorderTriggerAtPosition)
                  003ec903    0000003f                     : hmdrv.obj (.text:_HMDRV_CopyFromBufferInternal)
                  003ec942    0000003d                     : hmmodbus.obj (.text:_vSetStartSampleIndex)
                  003ec97f    0000003c     tmr_drv.obj (.text:_configCPUTimer)
                  003ec9bb    0000003b     CSMON_C28xx.lib : csmon.obj (.text:_CSMON_u32GetRealAddressAndSizeOffsetFromParameter)
                  003ec9f6    0000003b                     : hmscope.obj (.text:_HMSCOPE_SetUpScope)
                  003eca31    00000038                     : csmon.obj (.text:_CSMON_eSetRecorderConfigurationSkipSamples)
                  003eca69    00000038     device.obj (.text:_Device_init)
                  003ecaa1    00000038     CSMON_C28xx.lib : uart_drv.obj (.text:_UART_ReadDataRx)
                  003ecad9    00000036                     : csmon.obj (.text:_CSMON_vRecorderParamStartStopProcess)
                  003ecb0f    00000036                     : hmscope.obj (.text:_HMSCOPE_ReadScope)
                  003ecb45    00000036                     : hmserial.obj (.text:_HMSERIAL_vSendResponse)
                  003ecb7b    00000035                     : hmdrv.obj (.text:_HMDRV_CopyToBufferInternal)
                  003ecbb0    00000033                     : hmmodbus.obj (.text:_HMMODBUS_Listen)
                  003ecbe3    00000031     main.obj (.text:_ExternalParametersInitialization)
                  003ecc14    0000002e     CSMON_C28xx.lib : hmserial.obj (.text:_HMSERIAL_vProcessSCIFreemasterOnly)
                  003ecc42    0000002d                     : csmon.obj (.text:_CSMON_vInitRecorders)
                  003ecc6f    0000002d                     : hmserial.obj (.text:_HMSERIAL_Listen)
                  003ecc9c    0000002d                     : hmrecparam.obj (.text:_RecorderTimeFromLocalDateTime)
                  003eccc9    0000002b                     : csmon.obj (.text:_CSMON_vSetupHoldingRegistersAndCoilsAddressTableAccessAll)
                  003eccf4    0000002b                     : hmrecparam.obj (.text:_FillTimeData)
                  003ecd1f    0000002a     rts2800_ml.lib : fd_cmp28.asm.obj (.text)
                  003ecd49    00000029                    : exit.c.obj (.text)
                  003ecd72    00000029                    : fs_tol28.asm.obj (.text)
                  003ecd9b    00000028     CSMON_C28xx.lib : csmon.obj (.text:_CSMON_bAutorizationPasswordCheck)
                  003ecdc3    00000028                     : csmon.obj (.text:_CSMON_eSetParameterInRecorderAtPosition)
                  003ecdeb    00000028     main.obj (.text:_ScopesInitialization)
                  003ece13    00000027     CSMON_C28xx.lib : csmon.obj (.text:_CSMON_eSetParameterInScopeAtPosition)
                  003ece3a    00000027                     : hmserial.obj (.text:_HMSERIAL_vProcessSCITXISR)
                  003ece61    00000026                     : hmdrv.obj (.text:_HMDRV_CopyFromBufferInternalWithMaskModbus)
                  003ece87    00000026                     : modbusreg.obj (.text:_MODBUSREG_vInitHoldingRegistersTableChangesExternalList)
                  003ecead    00000025                     : hmserial.obj (.text:_HMSERIAL_Tx)
                  003eced2    00000025     rts2800_ml.lib : fs_toi28.asm.obj (.text)
                  003ecef7    00000024     CSMON_C28xx.lib : csmon.obj (.text:_CSMON_vAutorizationReset)
                  003ecf1b    00000024                     : hmprotocol.obj (.text:_HMPROTOCOL_ReadMem)
                  003ecf3f    00000024                     : hmrecparam.obj (.text:_RecorderDateFromLocalDateTime)
                  003ecf63    00000024     sci_driver.obj (.text:_SCIA_DRV_RXFIFOISR)
                  003ecf87    00000024     sci_driver.obj (.text:_SCIA_DRV_TXFIFOISR)
                  003ecfab    00000024     sci_drv.obj (.text:_SCIA_RXFIFOISR)
                  003ecfcf    00000024     sci_drv.obj (.text:_SCIA_TXFIFOISR)
                  003ecff3    00000024     sci_driver.obj (.text:_SCIB_DRV_RXFIFOISR)
                  003ed017    00000024     sci_driver.obj (.text:_SCIB_DRV_TXFIFOISR)
                  003ed03b    00000024     sci_drv.obj (.text:_SCIB_RXFIFOISR)
                  003ed05f    00000024     sci_drv.obj (.text:_SCIB_TXFIFOISR)
                  003ed083    00000024     tmr_drv.obj (.text:_TMR_vInit)
                  003ed0a7    00000024     CSMON_C28xx.lib : hmmodbus.obj (.text:_vSetSampleCountAvailable)
                  003ed0cb    00000024     rts2800_ml.lib : cpy_tbl.c.obj (.text)
                  003ed0ef    00000023     CSMON_C28xx.lib : csmon.obj (.text:_CSMON_vRecorderParamSetupProcess)
                  003ed112    00000023                     : hmlib.obj (.text:_HMLIB_vInit)
                  003ed135    00000023                     : modbusreg.obj (.text:_MODBUSREG_FileRecorderElementSizeTableUsedSizeUpdateInit)
                  003ed158    00000023     rts2800_ml.lib : s_copysign.c.obj (.text)
                  003ed17b    00000022                    : i_div28.asm.obj (.text)
                  003ed19d    00000021     CSMON_C28xx.lib : hmdrv.obj (.text:_HMDRV_CopyFromBufferInternalWithMask)
                  003ed1be    00000021     sci.obj (.text:_SCI_setConfig)
                  003ed1df    00000021     rts2800_ml.lib : fd_tofs28.asm.obj (.text)
                  003ed200    00000021                    : fs_toul28.asm.obj (.text)
                  003ed221    00000020     CSMON_C28xx.lib : hmdrv.obj (.text:_HMDRV_vProcess)
                  003ed241    00000020     tmr_drv.obj (.text:_TMR_vInitCPUTimers)
                  003ed261    00000020     CSMON_C28xx.lib : hmmodbus.obj (.text:_vSetSampleCountBuffer)
                  003ed281    0000001f                     : hmmodbus.obj (.text:_HMMODBUS_vInit)
                  003ed2a0    0000001f     F2806x_PieCtrl.obj (.text:_InitPieCtrl)
                  003ed2bf    0000001f     CSMON_C28xx.lib : hmmodbus.obj (.text:_vSetSampleSize)
                  003ed2de    0000001f     rts2800_ml.lib : fd_tol28.asm.obj (.text)
                  003ed2fd    0000001d     CSMON_C28xx.lib : hmrecparam.obj (.text:_HMRECPRM_GetRecBuffFreemaster)
                  003ed31a    0000001d                     : hmrec.obj (.text:_HMREC_GetRecBuffFreemaster)
                  003ed337    0000001d     rts2800_ml.lib : fs_tou28.asm.obj (.text)
                  003ed354    0000001d                    : memcpy.c.obj (.text)
                  003ed371    0000001c     CSMON_C28xx.lib : csmon.obj (.text:_CSMON_u16FindIndexParameterTable)
                  003ed38d    0000001c     main.obj (.text:_CSMON_vGetDateTime)
                  003ed3a9    0000001c     CSMON_C28xx.lib : csmon.obj (.text:_HMRECPRM_vGetDateTime)
                  003ed3c5    0000001c     sci.obj (.text:_SCI_clearInterruptStatus)
                  003ed3e1    0000001c     CSMON_C28xx.lib : hmmodbus.obj (.text:_vSetIndexFileTable)
                  003ed3fd    0000001c     rts2800_ml.lib : fs_tofd28.asm.obj (.text)
                  003ed419    0000001c                    : l_tofd28.asm.obj (.text)
                  003ed435    0000001b     device.obj (.text:_Device_initGPIO)
                  003ed450    0000001b     CSMON_C28xx.lib : hmdrv.obj (.text:_HMDRV_AddressToBuffer)
                  003ed46b    0000001b     rts2800_ml.lib : fd_toul28.asm.obj (.text)
                  003ed486    0000001a     CSMON_C28xx.lib : csmon.obj (.text:_CSMON_eSetParameterListRealAddress)
                  003ed4a0    0000001a                     : hmmodbus.obj (.text:_HMMODBUS_vProcessSCITXISR)
                  003ed4ba    0000001a                     : hmrecparam.obj (.text:_HMRECPRM_StartRec)
                  003ed4d4    0000001a                     : hmserial.obj (.text:_HMSERIAL_vProcessSCITXISRFreemasterOnly)
                  003ed4ee    0000001a     sci.obj (.text:_SCI_disableInterrupt)
                  003ed508    0000001a     sci.obj (.text:_SCI_enableInterrupt)
                  003ed522    0000001a     rts2800_ml.lib : l_tofs28.asm.obj (.text)
                  003ed53c    00000019     CSMON_C28xx.lib : csmon.obj (.text:_CSMON_eSetParameterCountInRecorder)
                  003ed555    00000019                     : hmdrv.obj (.text:_HMDRV_AddressFromBuffer)
                  003ed56e    00000019                     : uart_drv.obj (.text:_UART_vInit)
                  003ed587    00000019                     : hmmodbus.obj (.text:_bGetFileReadAccess)
                  003ed5a0    00000019     rts2800_ml.lib : prolog28.asm.obj (.text)
                  003ed5b9    00000018     CSMON_C28xx.lib : csmon.obj (.text:_CSMON_u32GetFreeRunningTimerMicroseconds)
                  003ed5d1    00000018                     : hmlib.obj (.text:_HMLIB_vProcessSCITXISRWithIndex)
                  003ed5e9    00000018     F2806x_SysCtrl.obj (.text:_InitSysCtrl)
                  003ed601    00000018     rts2800_ml.lib : ll_aox28.asm.obj (.text)
                  003ed619    00000017     CSMON_C28xx.lib : csmon.obj (.text:_CSMON_vSaveRecorderConfig)
                  003ed630    00000017                     : hmmodbus.obj (.text:_HMMODBUS_Tx)
                  003ed647    00000017                     : hmmodbus.obj (.text:_HMMODBUS_vProcessTxDelay)
                  003ed65e    00000017                     : hmprotocol.obj (.text:_HMPROTOCOL_WriteMem)
                  003ed675    00000017                     : hmprotocol.obj (.text:_HMPROTOCOL_WriteMemMask)
                  003ed68c    00000017                     : hmmodbus.obj (.text:_vSetBufferAddressStart)
                  003ed6a3    00000017     rts2800_ml.lib : fs_cmp28.asm.obj (.text)
                  003ed6ba    00000017                    : u_tofd28.asm.obj (.text)
                  003ed6d1    00000016     CSMON_C28xx.lib : csmon.obj (.text:_CSMON_eSetParameterCountInScope)
                  003ed6e7    00000016                     : hmdrv.obj (.text:_HMDRV_AddressFromBufferBigEndian)
                  003ed6fd    00000015                     : hmrecparam.obj (.text:_HMRECPRM_Comparefloat)
                  003ed712    00000015                     : hmrec.obj (.text:_HMREC_Comparefloat)
                  003ed727    00000015                     : hmrec.obj (.text:_HMREC_StartRec)
                  003ed73c    00000015     F2806x_Gpio.obj (.text:_InitGpio)
                  003ed751    00000014     CSMON_C28xx.lib : csmon.obj (.text:_CSMON_vFileParameterCountCheckSumUpdate)
                  003ed765    00000014                     : hmlib.obj (.text:_HMLIB_vProcessFastTD)
                  003ed779    00000014                     : hmmodbus.obj (.text:_HMMODBUS_DelayedTx)
                  003ed78d    00000014                     : hmrecparam.obj (.text:_HMRECPRM_StopRecParam)
                  003ed7a1    00000014                     : hmserial.obj (.text:_HMSERIAL_DelayedTx)
                  003ed7b5    00000013                     : csmon.obj (.text:_CSMON_eSetFlagProcessPassed)
                  003ed7c8    00000013     rts2800_ml.lib : ul_tofs28.asm.obj (.text)
                  003ed7db    00000012     CSMON_C28xx.lib : hmdrv.obj (.text:_HMDRV_GetStringLengthFromWordInternal)
                  003ed7ed    00000012                     : hmmodbus.obj (.text:_HMMODBUS_vSetupRegisterDummy)
                  003ed7ff    00000012                     : hmrecparam.obj (.text:_HMRECPRM_CompareBOOL)
                  003ed811    00000012                     : modbusreg.obj (.text:_MODBUSREG_FileShortNameElementSizeandAddressUpdateInit)
                  003ed823    00000012                     : modbusreg.obj (.text:_MODBUSREG_vFileDenyAccess)
                  003ed835    00000012                     : uart_drv.obj (.text:_UART_TxIntDis)
                  003ed847    00000012                     : uart_drv.obj (.text:_UART_TxIntEna)
                  003ed859    00000011     main.obj (.text:_CSMON_vSetDateTime)
                  003ed86a    00000011     CSMON_C28xx.lib : hmserial.obj (.text:_HMSERIAL_vInit)
                  003ed87b    00000011     F2806x_PieVect.obj (.text:_InitPieVectTable)
                  003ed88c    00000011     main.obj (.text:_vSetWatchdogPrescalerTimeDiv)
                  003ed89d    00000011     rts2800_ml.lib : args_main.c.obj (.text)
                  003ed8ae    00000010     device.obj (.text:_Example_MemCopy)
                  003ed8be    00000010     F2806x_SysCtrl.obj (.text:_IntOsc1Sel)
                  003ed8ce    00000010     CSMON_C28xx.lib : hmmodbus.obj (.text:_bIsValidEndAddressInBuffer)
                  003ed8de    00000010                     : hmmodbus.obj (.text:_u32BytesMemoryToBytesModbus)
                  003ed8ee    00000010                     : hmmodbus.obj (.text:_u32BytesModbusToBytesMemory)
                  003ed8fe    00000010     main.obj (.text:_vGetWatchdogPrescaler)
                  003ed90e    00000010     rts2800_ml.lib : u_tofs28.asm.obj (.text)
                  003ed91e    0000000f     CSMON_C28xx.lib : hmmodbus.obj (.text:_HMMODBUS_CalcCRC)
                  003ed92d    0000000f                     : uart_drv.obj (.text:_UART_IsTxEmpty)
                  003ed93c    0000000e                     : hmdrv.obj (.text:_HMDRV_GetStringLengthInternal)
                  003ed94a    0000000e                     : hmrecparam.obj (.text:_HMRECPRM_Compare16S)
                  003ed958    0000000e                     : hmrecparam.obj (.text:_HMRECPRM_Compare16U)
                  003ed966    0000000e                     : hmrecparam.obj (.text:_HMRECPRM_Compare32S)
                  003ed974    0000000e                     : hmrecparam.obj (.text:_HMRECPRM_Compare32U)
                  003ed982    0000000e                     : hmrecparam.obj (.text:_HMRECPRM_Compare8S)
                  003ed990    0000000e                     : hmrecparam.obj (.text:_HMRECPRM_Compare8U)
                  003ed99e    0000000e                     : hmrec.obj (.text:_HMREC_Compare16S)
                  003ed9ac    0000000e                     : hmrec.obj (.text:_HMREC_Compare16U)
                  003ed9ba    0000000e                     : hmrec.obj (.text:_HMREC_Compare32S)
                  003ed9c8    0000000e                     : hmrec.obj (.text:_HMREC_Compare32U)
                  003ed9d6    0000000e                     : hmrec.obj (.text:_HMREC_Compare8S)
                  003ed9e4    0000000e                     : hmrec.obj (.text:_HMREC_Compare8U)
                  003ed9f2    0000000e                     : hmmodbus.obj (.text:_u32FitAddressCircleBufferInside)
                  003eda00    0000000e     rts2800_ml.lib : fd_sub28.asm.obj (.text)
                  003eda0e    0000000d     CSMON_C28xx.lib : csmon.obj (.text:_CSMON_eResetParameterTable)
                  003eda1b    0000000d                     : csmon.obj (.text:_CSMON_vInitHoldingRegistersTableChanges)
                  003eda28    0000000d                     : hmrecparam.obj (.text:_HMRECPRM_IsJustStopped)
                  003eda35    0000000d                     : hmrecparam.obj (.text:_HMRECPRM_StopRec)
                  003eda42    0000000d                     : hmrec.obj (.text:_HMREC_StopRec)
                  003eda4f    0000000d                     : modbusreg.obj (.text:_MODBUSREG_vFileAllowAccess)
                  003eda5c    0000000d     tmr_drv.obj (.text:_TIMER_vSetupTimerMainFunctionDelayCompare)
                  003eda69    0000000d     CSMON_C28xx.lib : uart_drv.obj (.text:_UART_ReadDataRxAvailable)
                  003eda76    0000000c                     : hmlib.obj (.text:_HMLIB_vProcess)
                  003eda82    0000000c                     : hmrecparam.obj (.text:_HMRECPRM_GetBufferRecParamPtrAddress)
                  003eda8e    0000000c                     : hmrecparam.obj (.text:_HMRECPRM_TriggerRec)
                  003eda9a    0000000c                     : hmmodbus.obj (.text:_u32FixAddressCircleBufferOverflow)
                  003edaa6    0000000c     rts2800_ml.lib : epilog28.asm.obj (.text)
                  003edab2    0000000b     CSMON_C28xx.lib : hmmodbus.obj (.text:_HMMODBUS_vProcessFastTD)
                  003edabd    0000000b                     : hmrecparam.obj (.text:_HMRECPRM_IsRunning)
                  003edac8    0000000b                     : hmserial.obj (.text:_HMSERIAL_vProcessFastTD)
                  003edad3    0000000b                     : modbusreg.obj (.text:_MODBUSREG_vDataZero)
                  003edade    0000000b     sci_driver.obj (.text:_SCI_DRV_eGetModuleIndexFromBase)
                  003edae9    0000000b     sci_drv.obj (.text:_SCI_eGetModuleIndexFromBase)
                  003edaf4    0000000b     CSMON_C28xx.lib : uart_drv.obj (.text:_UART_TxDis)
                  003edaff    0000000b                     : uart_drv.obj (.text:_UART_TxEna)
                  003edb0a    0000000b                     : hmmodbus.obj (.text:_bIsValidIndexFileTable)
                  003edb15    0000000b     rts2800_ml.lib : u_div28.asm.obj (.text)
                  003edb20    0000000a     CSMON_C28xx.lib : hmrecparam.obj (.text:_HMRECPRM_ClrLastStopDetectionToRecorderStopSamplesCounter)
                  003edb2a    0000000a                     : hmrecparam.obj (.text:_HMRECPRM_GetRecStatus)
                  003edb34    0000000a                     : hmrec.obj (.text:_HMREC_GetRecStatus)
                  003edb3e    00000009                     : csmon.obj (.text:_CSMON_eSetParameterListParameterID)
                  003edb47    00000009                     : csmon.obj (.text:_CSMON_eSetParameterListRegisterFlags)
                  003edb50    00000009                     : csmon.obj (.text:_CSMON_eSetParameterListRegisterSize)
                  003edb59    00000009                     : csmon.obj (.text:_CSMON_eSetParameterListShortNaming)
                  003edb62    00000009                     : csmon.obj (.text:_CSMON_eSetServerOnStatus)
                  003edb6b    00000009                     : hmlib.obj (.text:_HMLIB_vInitRecParamBuff)
                  003edb74    00000009                     : hmmodbus.obj (.text:_HMMODBUS_vProcessFreeTimer)
                  003edb7d    00000009                     : hmmodbus.obj (.text:_HMMODBUS_vProcessRxDelay)
                  003edb86    00000009                     : hmrecparam.obj (.text:_HMRECPRM_GetExternBufferRecParamLastPointedAddress)
                  003edb8f    00000009                     : hmrecparam.obj (.text:_HMRECPRM_GetExternBufferRecParamPtrAddress)
                  003edb98    00000009                     : hmrec.obj (.text:_HMREC_TriggerRec)
                  003edba1    00000009                     : hmscopeparam.obj (.text:_HMSCOPEPRM_GetBufferScopeParamAddress)
                  003edbaa    00000009                     : hmserial.obj (.text:_HMSERIAL_vProcessFreeTimer)
                  003edbb3    00000009     tmr_drv.obj (.text:_TIMER_vResetTimerMainFunctionDelayCounter)
                  003edbbc    00000009     tmr_drv.obj (.text:_TIMER_vSetupTimerMainDelayedFunctionSendData)
                  003edbc5    00000009     CSMON_C28xx.lib : uart_drv.obj (.text:_UART_PutChar)
                  003edbce    00000009                     : uart_drv.obj (.text:_UART_ReadDataRxTimeDiff)
                  003edbd7    00000009     rts2800_ml.lib : _lock.c.obj (.text)
                  003edbe0    00000009                    : fd_neg28.asm.obj (.text)
                  003edbe9    00000008     Example_Flash2806x_CsmKeys.obj (.text)
                  003edbf1    00000008     F2806x_CodeStartBranch.obj (.text)
                  003edbf9    00000008     F2806x_SysCtrl.obj (.text:_DisableDog)
                  003edc01    00000008     CSMON_C28xx.lib : hmdrv.obj (.text:_HMDRV_CopyFromBufferWithMaskModbus)
                  003edc09    00000008                     : hmmodbus.obj (.text:_HMMODBUS_vSetupHoldingRegistersProcessFuncTable)
                  003edc11    00000008                     : hmmodbus.obj (.text:_HMMODBUS_vSetupHoldingRegistersRealAddressTable)
                  003edc19    00000008                     : hmmodbus.obj (.text:_HMMODBUS_vSetupHoldingRegistersRegisterFlagsTable)
                  003edc21    00000008                     : hmmodbus.obj (.text:_HMMODBUS_vSetupHoldingRegistersRegisterSizeTable)
                  003edc29    00000008                     : hmmodbus.obj (.text:_HMMODBUS_vSetupHoldingRegistersVirtAddressTable)
                  003edc31    00000008                     : hmrecparam.obj (.text:_HMRECPRM_GetExternRecParamAddress)
                  003edc39    00000008                     : hmrecparam.obj (.text:_HMRECPRM_GetExternRecParamPtrMaximumUsedSampleCount)
                  003edc41    00000008                     : hmrecparam.obj (.text:_HMRECPRM_GetExternRecParamPtrSampleSize)
                  003edc49    00000008                     : hmrecparam.obj (.text:_HMRECPRM_GetRecParamPtrAvailableSampleCount)
                  003edc51    00000008                     : hmrecparam.obj (.text:_HMRECPRM_GetRecParamPtrLastSampleIndex)
                  003edc59    00000008                     : hmrecparam.obj (.text:_HMRECPRM_GetRecParamPtrMaximumUsedSampleCount)
                  003edc61    00000008                     : hmrecparam.obj (.text:_HMRECPRM_GetRecParamPtrSampleSize)
                  003edc69    00000008                     : hmrecparam.obj (.text:_HMRECPRM_GetStatusRecParamAddress)
                  003edc71    00000008                     : hmrecparam.obj (.text:_HMRECPRM_vInit)
                  003edc79    00000008                     : hmrec.obj (.text:_HMREC_vInit)
                  003edc81    00000007     F2806x_DisInt.obj (.text)
                  003edc88    00000007     CSMON_C28xx.lib : hmlib.obj (.text:_HMLIB_vProcessDifferentPorts)
                  003edc8f    00000007                     : hmlib.obj (.text:_HMLIB_vProcessRecorders)
                  003edc96    00000007                     : hmrecparam.obj (.text:_HMRECPRM_vResetAllStopDetections)
                  003edc9d    00000007                     : hmscopeparam.obj (.text:_HMSCOPEPRM_GetStatusScopeParamAddress)
                  003edca4    00000007                     : modbusreg.obj (.text:_MODBUSREG_vInitHoldingRegistersTableChanges)
                  003edcab    00000007     sci_driver.obj (.text:_SCI_DRV_u32GetBaseFromModuleIndex)
                  003edcb2    00000007     sci_drv.obj (.text:_SCI_u32GetBaseFromModuleIndex)
                  003edcb9    00000006     cputimer.obj (.text:_CPUTimer_setEmulationMode)
                  003edcbf    00000006     CSMON_C28xx.lib : hmrecparam.obj (.text:_HMRECPRM_SetUpRecBuff)
                  003edcc5    00000006                     : hmrec.obj (.text:_HMREC_SetUpRecBuff)
                  003edccb    00000006     tmr_drv.obj (.text:_TIMER_u16ResetTimerMainPeriod)
                  003edcd1    00000006     uart_driver.obj (.text:_UART_DRV_GetChar)
                  003edcd7    00000006     CSMON_C28xx.lib : uart_drv.obj (.text:_UART_GetChar)
                  003edcdd    00000005     F2806x_DefaultIsr.obj (.text:_ADCINT1_ISR)
                  003edce2    00000005     F2806x_DefaultIsr.obj (.text:_ADCINT2_ISR)
                  003edce7    00000005     F2806x_DefaultIsr.obj (.text:_ADCINT3_ISR)
                  003edcec    00000005     F2806x_DefaultIsr.obj (.text:_ADCINT4_ISR)
                  003edcf1    00000005     F2806x_DefaultIsr.obj (.text:_ADCINT5_ISR)
                  003edcf6    00000005     F2806x_DefaultIsr.obj (.text:_ADCINT6_ISR)
                  003edcfb    00000005     F2806x_DefaultIsr.obj (.text:_ADCINT7_ISR)
                  003edd00    00000005     F2806x_DefaultIsr.obj (.text:_ADCINT8_ISR)
                  003edd05    00000005     F2806x_DefaultIsr.obj (.text:_ADCINT9_ISR)
                  003edd0a    00000005     F2806x_DefaultIsr.obj (.text:_CLA1_INT1_ISR)
                  003edd0f    00000005     F2806x_DefaultIsr.obj (.text:_CLA1_INT2_ISR)
                  003edd14    00000005     F2806x_DefaultIsr.obj (.text:_CLA1_INT3_ISR)
                  003edd19    00000005     F2806x_DefaultIsr.obj (.text:_CLA1_INT4_ISR)
                  003edd1e    00000005     F2806x_DefaultIsr.obj (.text:_CLA1_INT5_ISR)
                  003edd23    00000005     F2806x_DefaultIsr.obj (.text:_CLA1_INT6_ISR)
                  003edd28    00000005     F2806x_DefaultIsr.obj (.text:_CLA1_INT7_ISR)
                  003edd2d    00000005     F2806x_DefaultIsr.obj (.text:_CLA1_INT8_ISR)
                  003edd32    00000005     CSMON_C28xx.lib : csmon.obj (.text:_CSMON_eSetAutoServiceWatchdogInternalSlowCalculationsInMainLoop)
                  003edd37    00000005                     : csmon.obj (.text:_CSMON_eSetFirmwareApplicationVersion)
                  003edd3c    00000005                     : csmon.obj (.text:_CSMON_eSetMaxTimeInISR)
                  003edd41    00000005                     : csmon.obj (.text:_CSMON_eSetMinGuaranteedTimeBetweenTwoISRs)
                  003edd46    00000005                     : csmon.obj (.text:_CSMON_u16ParametersAccessListIndexGenerate)
                  003edd4b    00000005                     : csmon.obj (.text:_CSMON_u32GetFreeRunningTimerTicks)
                  003edd50    00000005                     : csmon.obj (.text:_CSMON_u32GetParameterAuxCheckSum)
                  003edd55    00000005                     : csmon.obj (.text:_CSMON_u32GetParameterCheckSum)
                  003edd5a    00000005                     : csmon.obj (.text:_CSMON_u32GetParameterStringCheckSum)
                  003edd5f    00000005                     : csmon.obj (.text:_CSMON_vSetDateTimeRequest)
                  003edd64    00000005     F2806x_DefaultIsr.obj (.text:_DATALOG_ISR)
                  003edd69    00000005     F2806x_DefaultIsr.obj (.text:_DINTCH1_ISR)
                  003edd6e    00000005     F2806x_DefaultIsr.obj (.text:_DINTCH2_ISR)
                  003edd73    00000005     F2806x_DefaultIsr.obj (.text:_DINTCH3_ISR)
                  003edd78    00000005     F2806x_DefaultIsr.obj (.text:_DINTCH4_ISR)
                  003edd7d    00000005     F2806x_DefaultIsr.obj (.text:_DINTCH5_ISR)
                  003edd82    00000005     F2806x_DefaultIsr.obj (.text:_DINTCH6_ISR)
                  003edd87    00000005     F2806x_DefaultIsr.obj (.text:_ECAN0INTA_ISR)
                  003edd8c    00000005     F2806x_DefaultIsr.obj (.text:_ECAN1INTA_ISR)
                  003edd91    00000005     F2806x_DefaultIsr.obj (.text:_ECAP1_INT_ISR)
                  003edd96    00000005     F2806x_DefaultIsr.obj (.text:_ECAP2_INT_ISR)
                  003edd9b    00000005     F2806x_DefaultIsr.obj (.text:_ECAP3_INT_ISR)
                  003edda0    00000005     F2806x_DefaultIsr.obj (.text:_EMPTY_ISR)
                  003edda5    00000005     F2806x_DefaultIsr.obj (.text:_EMUINT_ISR)
                  003eddaa    00000005     F2806x_DefaultIsr.obj (.text:_EPWM1_INT_ISR)
                  003eddaf    00000005     F2806x_DefaultIsr.obj (.text:_EPWM1_TZINT_ISR)
                  003eddb4    00000005     F2806x_DefaultIsr.obj (.text:_EPWM2_INT_ISR)
                  003eddb9    00000005     F2806x_DefaultIsr.obj (.text:_EPWM2_TZINT_ISR)
                  003eddbe    00000005     F2806x_DefaultIsr.obj (.text:_EPWM3_INT_ISR)
                  003eddc3    00000005     F2806x_DefaultIsr.obj (.text:_EPWM3_TZINT_ISR)
                  003eddc8    00000005     F2806x_DefaultIsr.obj (.text:_EPWM4_INT_ISR)
                  003eddcd    00000005     F2806x_DefaultIsr.obj (.text:_EPWM4_TZINT_ISR)
                  003eddd2    00000005     F2806x_DefaultIsr.obj (.text:_EPWM5_INT_ISR)
                  003eddd7    00000005     F2806x_DefaultIsr.obj (.text:_EPWM5_TZINT_ISR)
                  003edddc    00000005     F2806x_DefaultIsr.obj (.text:_EPWM6_INT_ISR)
                  003edde1    00000005     F2806x_DefaultIsr.obj (.text:_EPWM6_TZINT_ISR)
                  003edde6    00000005     F2806x_DefaultIsr.obj (.text:_EPWM7_INT_ISR)
                  003eddeb    00000005     F2806x_DefaultIsr.obj (.text:_EPWM7_TZINT_ISR)
                  003eddf0    00000005     F2806x_DefaultIsr.obj (.text:_EPWM8_INT_ISR)
                  003eddf5    00000005     F2806x_DefaultIsr.obj (.text:_EPWM8_TZINT_ISR)
                  003eddfa    00000005     F2806x_DefaultIsr.obj (.text:_EQEP1_INT_ISR)
                  003eddff    00000005     F2806x_DefaultIsr.obj (.text:_EQEP2_INT_ISR)
                  003ede04    00000005     CSMON_C28xx.lib : hmlib.obj (.text:_HMLIB_vProcessSamePort)
                  003ede09    00000005                     : hmlib.obj (.text:_HMLIB_vRecorder0)
                  003ede0e    00000005                     : hmmodbus.obj (.text:_HMMODBUS_bGetReceivedMessage)
                  003ede13    00000005                     : hmmodbus.obj (.text:_HMMODBUS_vFileTable)
                  003ede18    00000005                     : hmrecparam.obj (.text:_HMRECPRM_vDisableAllStopDetections)
                  003ede1d    00000005     F2806x_DefaultIsr.obj (.text:_HRCAP1_INT_ISR)
                  003ede22    00000005     F2806x_DefaultIsr.obj (.text:_HRCAP2_INT_ISR)
                  003ede27    00000005     F2806x_DefaultIsr.obj (.text:_HRCAP3_INT_ISR)
                  003ede2c    00000005     F2806x_DefaultIsr.obj (.text:_HRCAP4_INT_ISR)
                  003ede31    00000005     F2806x_DefaultIsr.obj (.text:_I2CINT1A_ISR)
                  003ede36    00000005     F2806x_DefaultIsr.obj (.text:_I2CINT2A_ISR)
                  003ede3b    00000005     F2806x_DefaultIsr.obj (.text:_ILLEGAL_ISR)
                  003ede40    00000005     F2806x_DefaultIsr.obj (.text:_INT13_ISR)
                  003ede45    00000005     F2806x_DefaultIsr.obj (.text:_INT14_ISR)
                  003ede4a    00000005     interrupt.obj (.text:_IntDefaultHandler)
                  003ede4f    00000005     F2806x_DefaultIsr.obj (.text:_LUF_ISR)
                  003ede54    00000005     F2806x_DefaultIsr.obj (.text:_LVF_ISR)
                  003ede59    00000005     CSMON_C28xx.lib : modbusreg.obj (.text:_MODBUSREG_vSetTableNameAddress)
                  003ede5e    00000005                     : modbusreg.obj (.text:_MODBUSREG_vSetTableRealAddressInRam)
                  003ede63    00000005                     : modbusreg.obj (.text:_MODBUSREG_vSetTableRegisterFlags)
                  003ede68    00000005                     : modbusreg.obj (.text:_MODBUSREG_vSetTableRegisterSize)
                  003ede6d    00000005                     : modbusreg.obj (.text:_MODBUSREG_vSetTableVirtAddress)
                  003ede72    00000005     F2806x_DefaultIsr.obj (.text:_MRINTA_ISR)
                  003ede77    00000005     F2806x_DefaultIsr.obj (.text:_MXINTA_ISR)
                  003ede7c    00000005     F2806x_DefaultIsr.obj (.text:_NMI_ISR)
                  003ede81    00000005     F2806x_DefaultIsr.obj (.text:_PIE_RESERVED)
                  003ede86    00000005     F2806x_DefaultIsr.obj (.text:_RTOSINT_ISR)
                  003ede8b    00000005     F2806x_DefaultIsr.obj (.text:_SCIRXINTA_ISR)
                  003ede90    00000005     F2806x_DefaultIsr.obj (.text:_SCIRXINTB_ISR)
                  003ede95    00000005     F2806x_DefaultIsr.obj (.text:_SCITXINTA_ISR)
                  003ede9a    00000005     F2806x_DefaultIsr.obj (.text:_SCITXINTB_ISR)
                  003ede9f    00000005     F2806x_DefaultIsr.obj (.text:_SPIRXINTA_ISR)
                  003edea4    00000005     F2806x_DefaultIsr.obj (.text:_SPIRXINTB_ISR)
                  003edea9    00000005     F2806x_DefaultIsr.obj (.text:_SPITXINTA_ISR)
                  003edeae    00000005     F2806x_DefaultIsr.obj (.text:_SPITXINTB_ISR)
                  003edeb3    00000005     tmr_drv.obj (.text:_TIMER_vSetupTimerMainDelayedData)
                  003edeb8    00000005     F2806x_DefaultIsr.obj (.text:_TINT0_ISR)
                  003edebd    00000005     F2806x_DefaultIsr.obj (.text:_USB0_INT_ISR)
                  003edec2    00000005     F2806x_DefaultIsr.obj (.text:_USER10_ISR)
                  003edec7    00000005     F2806x_DefaultIsr.obj (.text:_USER11_ISR)
                  003edecc    00000005     F2806x_DefaultIsr.obj (.text:_USER12_ISR)
                  003eded1    00000005     F2806x_DefaultIsr.obj (.text:_USER1_ISR)
                  003eded6    00000005     F2806x_DefaultIsr.obj (.text:_USER2_ISR)
                  003ededb    00000005     F2806x_DefaultIsr.obj (.text:_USER3_ISR)
                  003edee0    00000005     F2806x_DefaultIsr.obj (.text:_USER4_ISR)
                  003edee5    00000005     F2806x_DefaultIsr.obj (.text:_USER5_ISR)
                  003edeea    00000005     F2806x_DefaultIsr.obj (.text:_USER6_ISR)
                  003edeef    00000005     F2806x_DefaultIsr.obj (.text:_USER7_ISR)
                  003edef4    00000005     F2806x_DefaultIsr.obj (.text:_USER8_ISR)
                  003edef9    00000005     F2806x_DefaultIsr.obj (.text:_USER9_ISR)
                  003edefe    00000005     F2806x_DefaultIsr.obj (.text:_WAKEINT_ISR)
                  003edf03    00000005     F2806x_DefaultIsr.obj (.text:_XINT1_ISR)
                  003edf08    00000005     F2806x_DefaultIsr.obj (.text:_XINT2_ISR)
                  003edf0d    00000005     F2806x_DefaultIsr.obj (.text:_XINT3_ISR)
                  003edf12    00000005     F2806x_DefaultIsr.obj (.text:_rsvd_ISR)
                  003edf17    00000005     rts2800_ml.lib : fs_neg28.asm.obj (.text)
                  003edf1c    00000004     CSMON_C28xx.lib : csmon.obj (.text:_CSMON_eApplyParameterChanges)
                  003edf20    00000004                     : csmon.obj (.text:_CSMON_eRegisterWriteParElementCallbackFunction)
                  003edf24    00000004                     : csmon.obj (.text:_CSMON_eSetInternalTimerPeriod)
                  003edf28    00000004                     : csmon.obj (.text:_CSMON_eSetTimerPeriodISRFunctionRegister)
                  003edf2c    00000004                     : csmon.obj (.text:_CSMON_u32GetBaudError_PPM)
                  003edf30    00000004                     : csmon.obj (.text:_CSMON_vAddSetupRecorderParameterMask)
                  003edf34    00000004                     : csmon.obj (.text:_CSMON_vInitScopes)
                  003edf38    00000004                     : csmon.obj (.text:_CSMON_vSetStartRecorderParameterMask)
                  003edf3c    00000004                     : hmdrv.obj (.text:_HMDRV_SetExAddr)
                  003edf40    00000004                     : hmdrv.obj (.text:_HMDRV_u32GetDeviceSYSCLKFreq)
                  003edf44    00000004                     : hmdrv.obj (.text:_HMDRV_u32GetSCIErrorPPM)
                  003edf48    00000004                     : hmlib.obj (.text:_HMLIB_vRecorderParam0)
                  003edf4c    00000004                     : hmmodbus.obj (.text:_HMMODBUS_u32GetAddressMessageCounterThisDevice)
                  003edf50    00000004                     : hmmodbus.obj (.text:_HMMODBUS_vSetAddressMessageCounterThisDevice)
                  003edf54    00000004                     : hmmodbus.obj (.text:_HMMODBUS_vSetDeviceIDMajorMinorRevision)
                  003edf58    00000004                     : hmmodbus.obj (.text:_HMMODBUS_vSetDeviceIDMajorMinorRevisionLength)
                  003edf5c    00000004                     : hmmodbus.obj (.text:_HMMODBUS_vSetDeviceIDModelName)
                  003edf60    00000004                     : hmmodbus.obj (.text:_HMMODBUS_vSetDeviceIDModelNameLength)
                  003edf64    00000004                     : hmmodbus.obj (.text:_HMMODBUS_vSetDeviceIDProductCode)
                  003edf68    00000004                     : hmmodbus.obj (.text:_HMMODBUS_vSetDeviceIDProductCodeLength)
                  003edf6c    00000004                     : hmmodbus.obj (.text:_HMMODBUS_vSetDeviceIDProductName)
                  003edf70    00000004                     : hmmodbus.obj (.text:_HMMODBUS_vSetDeviceIDProductNameLength)
                  003edf74    00000004                     : hmmodbus.obj (.text:_HMMODBUS_vSetDeviceIDUserApplicationName)
                  003edf78    00000004                     : hmmodbus.obj (.text:_HMMODBUS_vSetDeviceIDUserApplicationNameLength)
                  003edf7c    00000004                     : hmmodbus.obj (.text:_HMMODBUS_vSetDeviceIDUserReserve0)
                  003edf80    00000004                     : hmmodbus.obj (.text:_HMMODBUS_vSetDeviceIDUserReserve0Length)
                  003edf84    00000004                     : hmmodbus.obj (.text:_HMMODBUS_vSetDeviceIDUserReserve1)
                  003edf88    00000004                     : hmmodbus.obj (.text:_HMMODBUS_vSetDeviceIDUserReserve1Length)
                  003edf8c    00000004                     : hmmodbus.obj (.text:_HMMODBUS_vSetDeviceIDUserReserve2)
                  003edf90    00000004                     : hmmodbus.obj (.text:_HMMODBUS_vSetDeviceIDUserReserve2Length)
                  003edf94    00000004                     : hmmodbus.obj (.text:_HMMODBUS_vSetDeviceIDVendorName)
                  003edf98    00000004                     : hmmodbus.obj (.text:_HMMODBUS_vSetDeviceIDVendorNameLength)
                  003edf9c    00000004                     : hmmodbus.obj (.text:_HMMODBUS_vSetDeviceIDVendorUrl)
                  003edfa0    00000004                     : hmmodbus.obj (.text:_HMMODBUS_vSetDeviceIDVendorUrlLength)
                  003edfa4    00000004                     : hmmodbus.obj (.text:_HMMODBUS_vSetServerIDDataAddress)
                  003edfa8    00000004                     : hmmodbus.obj (.text:_HMMODBUS_vSetServerIDLength)
                  003edfac    00000004                     : hmmodbus.obj (.text:_HMMODBUS_vSetServerIDNumber)
                  003edfb0    00000004                     : hmmodbus.obj (.text:_HMMODBUS_vSetServerOnStatus)
                  003edfb4    00000004                     : hmmodbus.obj (.text:_HMMODBUS_vSetupHoldingRegistersAccessTableInRam)
                  003edfb8    00000004                     : hmmodbus.obj (.text:_HMMODBUS_vSetupWriteParElementCallbackFunction)
                  003edfbc    00000004     interrupt.obj (.text:_IntMasterDisable)
                  003edfc0    00000004     interrupt.obj (.text:_IntMasterEnable)
                  003edfc4    00000004     CSMON_C28xx.lib : modbusreg.obj (.text:_MODBUSREG_u16GetHoldRegFillCount)
                  003edfc8    00000004                     : modbusreg.obj (.text:_MODBUSREG_u16GetHoldRegUsedCount)
                  003edfcc    00000004                     : modbusreg.obj (.text:_MODBUSREG_u16GetTableRegisterFlagsElementOffset)
                  003edfd0    00000004                     : modbusreg.obj (.text:_MODBUSREG_u16GetTableRegisterSizeElementOffset)
                  003edfd4    00000004                     : modbusreg.obj (.text:_MODBUSREG_u16GetTableVirtAddressElementOffset)
                  003edfd8    00000004                     : modbusreg.obj (.text:_MODBUSREG_u32GetRegisterAccessTableInRam)
                  003edfdc    00000004                     : modbusreg.obj (.text:_MODBUSREG_u32GetTableRegisterFlags)
                  003edfe0    00000004                     : modbusreg.obj (.text:_MODBUSREG_u32GetTableRegisterSize)
                  003edfe4    00000004                     : modbusreg.obj (.text:_MODBUSREG_u32GetTableVirtAddress)
                  003edfe8    00000004                     : modbusreg.obj (.text:_MODBUSREG_vSetFileAutorization_FunctionAfterWriteFileRecordTable)
                  003edfec    00000004                     : modbusreg.obj (.text:_MODBUSREG_vSetFileParamCount_FunctionBeforeReadFileRecord)
                  003edff0    00000004                     : modbusreg.obj (.text:_MODBUSREG_vSetFileRTC_FunctionAfterReadFileRecord)
                  003edff4    00000004                     : modbusreg.obj (.text:_MODBUSREG_vSetFileRTC_FunctionAfterWriteFileRecord)
                  003edff8    00000004                     : modbusreg.obj (.text:_MODBUSREG_vSetFileRecConfig_FunctionAfterWriteFileRecord)
                  003edffc    00000004                     : modbusreg.obj (.text:_MODBUSREG_vSetFileRecStatus_FunctionIndexGenerationFileRecord)
                  003ee000    00000004                     : modbusreg.obj (.text:_MODBUSREG_vSetHoldRegFillCount)
                  003ee004    00000004                     : modbusreg.obj (.text:_MODBUSREG_vSetParamCount)
                  003ee008    00000004                     : modbusreg.obj (.text:_MODBUSREG_vSetParamListAddress)
                  003ee00c    00000004                     : modbusreg.obj (.text:_MODBUSREG_vSetParamNumbAddress)
                  003ee010    00000004                     : modbusreg.obj (.text:_MODBUSREG_vSetParamRecorderConfigAddress)
                  003ee014    00000004                     : modbusreg.obj (.text:_MODBUSREG_vSetParamScopeConfigAddress)
                  003ee018    00000004     tmr_drv.obj (.text:_TIMER_vGetTimerMainRollingCounter)
                  003ee01c    00000004     tmr_drv.obj (.text:_TIMER_vSetupTimerMainCSMONFunction)
                  003ee020    00000004     tmr_drv.obj (.text:_TMR_u16GetFreeRunTimerPrescaller)
                  003ee024    00000004     CSMON_C28xx.lib : hmmodbus.obj (.text:_bGetElementsDifference)
                  003ee028    00000004                     : hmmodbus.obj (.text:_u16GetIndexFileTable)
                  003ee02c    00000004                     : hmmodbus.obj (.text:_u32GetBufferAddressStart)
                  003ee030    00000004                     : hmmodbus.obj (.text:_u32GetBufferSize)
                  003ee034    00000004                     : hmmodbus.obj (.text:_u32GetSampleCountAvailable)
                  003ee038    00000004                     : hmmodbus.obj (.text:_u32GetSampleCountBuffer)
                  003ee03c    00000004                     : hmmodbus.obj (.text:_u32GetStartSampleIndex)
                  003ee040    00000004                     : hmmodbus.obj (.text:_u8GetSampleSize)
                  003ee044    00000004                     : hmmodbus.obj (.text:_vSetBufferSize)
                  003ee048    00000003     F2806x_DBGIER.obj (.text)
                  003ee04b    00000003     CSMON_C28xx.lib : csmon.obj (.text:_CSMON_u32GetModbusMessageCounterRegisterRealAddress)
                  003ee04e    00000003                     : csmon.obj (.text:_CSMON_vSetModbusMessageCounterRegisterRealAddress)
                  003ee051    00000003                     : hmlib.obj (.text:_HMLIB_vRecorderParamTimeSync)
                  003ee054    00000003                     : hmrecparam.obj (.text:_HMRECPRM_GetTimeBase)
                  003ee057    00000003                     : modbusreg.obj (.text:_MODBUSREG_u32GetAddressMessageCounterThisDevice)
                  003ee05a    00000003                     : modbusreg.obj (.text:_MODBUSREG_vSetAddressMessageCounterThisDevice)
                  003ee05d    00000003                     : uart_drv.obj (.text:_UART_TXInterrupt)
                  003ee060    00000002                     : csmon.obj (.text:_CSMON_eSetParameterListDataDefault)
                  003ee062    00000002                     : csmon.obj (.text:_CSMON_eSetParameterListDataMaximum)
                  003ee064    00000002                     : csmon.obj (.text:_CSMON_eSetParameterListDataMinimum)
                  003ee066    00000002                     : csmon.obj (.text:_CSMON_eSetParameterListValueFormat)
                  003ee068    00000002                     : csmon.obj (.text:_CSMON_u32GetParameterListCheckSum)
                  003ee06a    00000002                     : csmon.obj (.text:_CSMON_u32GetParameterNumbCheckSum)
                  003ee06c    00000002                     : csmon.obj (.text:_CSMON_u32GetParameterShortNameCheckSum)
                  003ee06e    00000002                     : hmrecparam.obj (.text:_HMRECPRM_AbortRec)
                  003ee070    00000002                     : hmrecparam.obj (.text:_HMRECPRM_GetRecBuffSize)
                  003ee072    00000002                     : hmrec.obj (.text:_HMREC_AbortRec)
                  003ee074    00000002                     : hmrec.obj (.text:_HMREC_GetRecBuffSize)
                  003ee076    00000002     main.obj (.text:_eWriteParElement)
                  003ee078    00000002     rts2800_ml.lib : pre_init.c.obj (.text)
                  003ee07a    00000001     CSMON_C28xx.lib : hmprotocol.obj (.text:_HMPROTOCOL_vInit)
                  003ee07b    00000001     uart_driver.obj (.text:_UART_DRV_TXInterrupt)
                  003ee07c    00000001     rts2800_ml.lib : startup.c.obj (.text)

ramfuncs   0    003ee07d    00000029     RUN ADDR = 00008000
                  003ee07d    0000001d     F2806x_SysCtrl.obj (ramfuncs:_InitFlash)
                  003ee09a    00000008     device.obj (ramfuncs:_MyCallbackFunction)
                  003ee0a2    00000004     F2806x_usDelay.obj (ramfuncs)

csm_rsvd   0    003f7f80    00000076     
                  003f7f80    00000076     F2806x_CSMPasswords.obj (csm_rsvd)

codestart 
*          0    003f7ff6    00000002     
                  003f7ff6    00000002     F2806x_CodeStartBranch.obj (codestart)

csmpasswds 
*          0    003f7ff8    00000008     
                  003f7ff8    00000008     F2806x_CSMPasswords.obj (csmpasswds)

.stack     1    00000050    00000380     UNINITIALIZED
                  00000050    00000380     --HOLE--

.econst    0    003ee0a6    00003316     
                  003ee0a6    00002e00     main.obj (.econst:_asParameterList)
                  003f0ea6    00000100     CSMON_C28xx.lib : hmmodbus.obj (.econst:.string:_auchCRCHi)
                  003f0fa6    00000100                     : hmmodbus.obj (.econst:.string:_auchCRCLo)
                  003f10a6    00000100     F2806x_PieVect.obj (.econst:_PieVectTableInit)
                  003f11a6    00000084     rts2800_ml.lib : k_rem_pio2.c.obj (.econst:_ipio2)
                  003f122a    00000050     CSMON_C28xx.lib : csmon.obj (.econst:_CSMON_asAccessLevelPasswords)
                  003f127a    0000002c     rts2800_ml.lib : k_rem_pio2.c.obj (.econst)
                  003f12a6    00000028                    : k_cosf.c.obj (.econst)
                  003f12ce    00000020                    : k_rem_pio2.c.obj (.econst:_PIo2)
                  003f12ee    00000020                    : k_sinf.c.obj (.econst)
                  003f130e    0000001c                    : e_rem_pio2f.c.obj (.econst)
                  003f132a    0000001c                    : s_scalbn.c.obj (.econst)
                  003f1346    00000018     CSMON_C28xx.lib : csmon.obj (.econst:_$P$T8$1)
                  003f135e    00000018     rts2800_ml.lib : s_sinf.c.obj (.econst)
                  003f1376    00000014     CSMON_C28xx.lib : csmon.obj (.econst:_CSMON_au8FileImplementedFunctionCodes)
                  003f138a    00000010     main.obj (.econst)
                  003f139a    0000000c     CSMON_C28xx.lib : hmprotocol.obj (.econst:.string)
                  003f13a6    0000000c     rts2800_ml.lib : s_floor.c.obj (.econst)
                  003f13b2    00000006     CSMON_C28xx.lib : csmon.obj (.econst:_CSMON_au8FileParameterListElementsCountInPartTable)
                  003f13b8    00000004     rts2800_ml.lib : k_rem_pio2.c.obj (.econst:_init_jk)

.switch    0    003f1bae    00000020     
                  003f1bae    00000020     CSMON_C28xx.lib : csmon.obj (.switch:_CSMON_eSetParameter)

.reset     0    003fffc0    00000002     DSECT
                  003fffc0    00000002     rts2800_ml.lib : boot28.asm.obj (.reset)

vectors    0    003fffc2    00000000     DSECT

DevEmuRegsFile 
*          1    00000880    00000004     UNINITIALIZED
                  00000880    00000004     F2806x_GlobalVariableDefs.obj (DevEmuRegsFile)

SysPwrCtrlRegsFile 
*          1    00000985    00000003     UNINITIALIZED
                  00000985    00000003     F2806x_GlobalVariableDefs.obj (SysPwrCtrlRegsFile)

FlashRegsFile 
*          1    00000a80    00000008     UNINITIALIZED
                  00000a80    00000008     F2806x_GlobalVariableDefs.obj (FlashRegsFile)

CsmRegsFile 
*          1    00000ae0    00000010     UNINITIALIZED
                  00000ae0    00000010     F2806x_GlobalVariableDefs.obj (CsmRegsFile)

AdcResultFile 
*          1    00000b00    00000010     UNINITIALIZED
                  00000b00    00000010     F2806x_GlobalVariableDefs.obj (AdcResultFile)

CpuTimer0RegsFile 
*          1    00000c00    00000008     UNINITIALIZED
                  00000c00    00000008     F2806x_GlobalVariableDefs.obj (CpuTimer0RegsFile)

CpuTimer1RegsFile 
*          1    00000c08    00000008     UNINITIALIZED
                  00000c08    00000008     F2806x_GlobalVariableDefs.obj (CpuTimer1RegsFile)

CpuTimer2RegsFile 
*          1    00000c10    00000008     UNINITIALIZED
                  00000c10    00000008     F2806x_GlobalVariableDefs.obj (CpuTimer2RegsFile)

PieCtrlRegsFile 
*          1    00000ce0    0000001a     UNINITIALIZED
                  00000ce0    0000001a     F2806x_GlobalVariableDefs.obj (PieCtrlRegsFile)

PieVectTableFile 
*          1    00000d00    00000100     UNINITIALIZED
                  00000d00    00000100     F2806x_GlobalVariableDefs.obj (PieVectTableFile)

EmuKeyVar 
*          1    00000d00    00000001     UNINITIALIZED
                  00000d00    00000001     F2806x_GlobalVariableDefs.obj (EmuKeyVar)

EmuBModeVar 
*          1    00000d01    00000001     UNINITIALIZED
                  00000d01    00000001     F2806x_GlobalVariableDefs.obj (EmuBModeVar)

FlashCallbackVar 
*          1    00000d02    00000002     UNINITIALIZED
                  00000d02    00000002     F2806x_GlobalVariableDefs.obj (FlashCallbackVar)

FlashScalingVar 
*          1    00000d04    00000002     UNINITIALIZED
                  00000d04    00000002     F2806x_GlobalVariableDefs.obj (FlashScalingVar)

DmaRegsFile 
*          1    00001000    000000e0     UNINITIALIZED
                  00001000    000000e0     F2806x_GlobalVariableDefs.obj (DmaRegsFile)

Cla1RegsFile 
*          1    00001400    00000040     UNINITIALIZED
                  00001400    00000040     F2806x_GlobalVariableDefs.obj (Cla1RegsFile)

Usb0RegsFile 
*          1    00004000    00000454     UNINITIALIZED
                  00004000    00000454     F2806x_GlobalVariableDefs.obj (Usb0RegsFile)

McbspaRegsFile 
*          1    00005000    00000024     UNINITIALIZED
                  00005000    00000024     F2806x_GlobalVariableDefs.obj (McbspaRegsFile)

ECanaRegsFile 
*          1    00006000    00000034     UNINITIALIZED
                  00006000    00000034     F2806x_GlobalVariableDefs.obj (ECanaRegsFile)

ECanaLAMRegsFile 
*          1    00006040    00000040     UNINITIALIZED
                  00006040    00000040     F2806x_GlobalVariableDefs.obj (ECanaLAMRegsFile)

ECanaMOTSRegsFile 
*          1    00006080    00000040     UNINITIALIZED
                  00006080    00000040     F2806x_GlobalVariableDefs.obj (ECanaMOTSRegsFile)

ECanaMOTORegsFile 
*          1    000060c0    00000040     UNINITIALIZED
                  000060c0    00000040     F2806x_GlobalVariableDefs.obj (ECanaMOTORegsFile)

ECanaMboxesFile 
*          1    00006100    00000100     UNINITIALIZED
                  00006100    00000100     F2806x_GlobalVariableDefs.obj (ECanaMboxesFile)

Comp1RegsFile 
*          1    00006400    00000014     UNINITIALIZED
                  00006400    00000014     F2806x_GlobalVariableDefs.obj (Comp1RegsFile)

Comp2RegsFile 
*          1    00006420    00000014     UNINITIALIZED
                  00006420    00000014     F2806x_GlobalVariableDefs.obj (Comp2RegsFile)

Comp3RegsFile 
*          1    00006440    00000014     UNINITIALIZED
                  00006440    00000014     F2806x_GlobalVariableDefs.obj (Comp3RegsFile)

EPwm1RegsFile 
*          1    00006800    00000040     UNINITIALIZED
                  00006800    00000040     F2806x_GlobalVariableDefs.obj (EPwm1RegsFile)

EPwm2RegsFile 
*          1    00006840    00000040     UNINITIALIZED
                  00006840    00000040     F2806x_GlobalVariableDefs.obj (EPwm2RegsFile)

EPwm3RegsFile 
*          1    00006880    00000040     UNINITIALIZED
                  00006880    00000040     F2806x_GlobalVariableDefs.obj (EPwm3RegsFile)

EPwm4RegsFile 
*          1    000068c0    00000040     UNINITIALIZED
                  000068c0    00000040     F2806x_GlobalVariableDefs.obj (EPwm4RegsFile)

EPwm5RegsFile 
*          1    00006900    00000040     UNINITIALIZED
                  00006900    00000040     F2806x_GlobalVariableDefs.obj (EPwm5RegsFile)

EPwm6RegsFile 
*          1    00006940    00000040     UNINITIALIZED
                  00006940    00000040     F2806x_GlobalVariableDefs.obj (EPwm6RegsFile)

EPwm7RegsFile 
*          1    00006980    00000040     UNINITIALIZED
                  00006980    00000040     F2806x_GlobalVariableDefs.obj (EPwm7RegsFile)

EPwm8RegsFile 
*          1    000069c0    00000040     UNINITIALIZED
                  000069c0    00000040     F2806x_GlobalVariableDefs.obj (EPwm8RegsFile)

ECap1RegsFile 
*          1    00006a00    00000020     UNINITIALIZED
                  00006a00    00000020     F2806x_GlobalVariableDefs.obj (ECap1RegsFile)

ECap2RegsFile 
*          1    00006a20    00000020     UNINITIALIZED
                  00006a20    00000020     F2806x_GlobalVariableDefs.obj (ECap2RegsFile)

ECap3RegsFile 
*          1    00006a40    00000020     UNINITIALIZED
                  00006a40    00000020     F2806x_GlobalVariableDefs.obj (ECap3RegsFile)

HRCap1RegsFile 
*          1    00006ac0    00000020     UNINITIALIZED
                  00006ac0    00000020     F2806x_GlobalVariableDefs.obj (HRCap1RegsFile)

HRCap2RegsFile 
*          1    00006ae0    00000020     UNINITIALIZED
                  00006ae0    00000020     F2806x_GlobalVariableDefs.obj (HRCap2RegsFile)

EQep1RegsFile 
*          1    00006b00    00000022     UNINITIALIZED
                  00006b00    00000022     F2806x_GlobalVariableDefs.obj (EQep1RegsFile)

EQep2RegsFile 
*          1    00006b40    00000022     UNINITIALIZED
                  00006b40    00000022     F2806x_GlobalVariableDefs.obj (EQep2RegsFile)

HRCap3RegsFile 
*          1    00006c80    00000020     UNINITIALIZED
                  00006c80    00000020     F2806x_GlobalVariableDefs.obj (HRCap3RegsFile)

HRCap4RegsFile 
*          1    00006ca0    00000020     UNINITIALIZED
                  00006ca0    00000020     F2806x_GlobalVariableDefs.obj (HRCap4RegsFile)

GpioCtrlRegsFile 
*          1    00006f80    00000040     UNINITIALIZED
                  00006f80    00000040     F2806x_GlobalVariableDefs.obj (GpioCtrlRegsFile)

GpioDataRegsFile 
*          1    00006fc0    00000020     UNINITIALIZED
                  00006fc0    00000020     F2806x_GlobalVariableDefs.obj (GpioDataRegsFile)

GpioIntRegsFile 
*          1    00006fe0    00000020     UNINITIALIZED
                  00006fe0    00000020     F2806x_GlobalVariableDefs.obj (GpioIntRegsFile)

SysCtrlRegsFile 
*          1    00007010    00000030     UNINITIALIZED
                  00007010    00000030     F2806x_GlobalVariableDefs.obj (SysCtrlRegsFile)

SpiaRegsFile 
*          1    00007040    00000010     UNINITIALIZED
                  00007040    00000010     F2806x_GlobalVariableDefs.obj (SpiaRegsFile)

SciaRegsFile 
*          1    00007050    00000010     UNINITIALIZED
                  00007050    00000010     F2806x_GlobalVariableDefs.obj (SciaRegsFile)

NmiIntruptRegsFile 
*          1    00007060    00000010     UNINITIALIZED
                  00007060    00000010     F2806x_GlobalVariableDefs.obj (NmiIntruptRegsFile)

XIntruptRegsFile 
*          1    00007070    00000010     UNINITIALIZED
                  00007070    00000010     F2806x_GlobalVariableDefs.obj (XIntruptRegsFile)

AdcRegsFile 
*          1    00007100    00000050     UNINITIALIZED
                  00007100    00000050     F2806x_GlobalVariableDefs.obj (AdcRegsFile)

SpibRegsFile 
*          1    00007740    00000010     UNINITIALIZED
                  00007740    00000010     F2806x_GlobalVariableDefs.obj (SpibRegsFile)

ScibRegsFile 
*          1    00007750    00000010     UNINITIALIZED
                  00007750    00000010     F2806x_GlobalVariableDefs.obj (ScibRegsFile)

I2caRegsFile 
*          1    00007900    00000022     UNINITIALIZED
                  00007900    00000022     F2806x_GlobalVariableDefs.obj (I2caRegsFile)

PartIdRegsFile 
*          1    003d7e80    00000001     UNINITIALIZED
                  003d7e80    00000001     F2806x_GlobalVariableDefs.obj (PartIdRegsFile)

CsmPwlFile 
*          1    003f7ff8    00000008     UNINITIALIZED
                  003f7ff8    00000008     F2806x_GlobalVariableDefs.obj (CsmPwlFile)

.ebss.1    1    00008c00    00000400     UNINITIALIZED
                  00008c00    00000400     CSMON_C28xx.lib : modbusreg.obj (.ebss:_MODBUSREG_u32RegisterAccessTableInRam)

.ebss.2    1    00009000    00003000     UNINITIALIZED
                  00009000    00001800     CSMON_C28xx.lib : csmon.obj (.ebss:_CSMON_pauFileParameterNumericRealocatable)
                  0000a800    00000800                     : uart_drv.obj (.ebss:_UARTRxBufferTimeDiff)
                  0000b000    00000800                     : hmrec.obj (.ebss:_au8RecBuffer0)
                  0000b800    00000800                     : hmrecparam.obj (.ebss:_au8RecParamBuffer0)

.ebss.3    1    0000c000    000018ab     UNINITIALIZED
                  0000c000    00000400     CSMON_C28xx.lib : uart_drv.obj (.ebss:_UARTRxBuffer)
                  0000c400    000003a2                     : modbusreg.obj (.ebss:_MODBUSREG_asFileTable)
                  0000c7a2    0000001c                     : hmrecparam.obj (.ebss:_sRecExternParam)
                  0000c7be    00000002                     : hmlib.obj (.ebss)
                  0000c7c0    00000200     uart_driver.obj (.ebss:_UART_DRV_RxBufferTimeDiff)
                  0000c9c0    00000200     CSMON_C28xx.lib : hmmodbus.obj (.ebss:_u32ModbusTimeoutBuffer)
[...]
003eaab4  local     $30 (.text)
003eaae2  local     $35 (.text)
003eab11  local     $40 (.text)
003eaa73  local     $5_$2 (.text)
00000000  local     .bss (.bss)
00000000  local     .data (.data)
003eaa5f  local     .text (.text)
003eaa83  local     CHECK_SIGN1 (.text)
003eaabe  local     CHECK_SIGN2 (.text)
003eaaf6  local     DGT3 (.text)
003eaaf8  local     DIVUDenHighZero (.text)
003eaa8d  local     EQ0 (.text)
003eaa88  local     EQ1 (.text)
003eaac6  local     EQ2 (.text)
003eaaf1  local     EQ3 (.text)
003eab22  local     EQ4 (.text)
003eaa5f  global    LL$$DIV (.text)
003eaa9b  global    LL$$MOD (.text)
003eab41  local     LOOP (.text)
003eab30  local     MAINDIV (.text)
003eab4f  local     MD_NEQ (.text)
003eab24  local     MODUDenHighZero (.text)
003eaa86  local     RET1 (.text)
003eaac1  local     RET2 (.text)
003eaaef  local     RET3 (.text)
003eab1e  local     RET4 (.text)
003eaac3  local     RET_NUM1 (.text)
003eab20  local     RET_NUM2 (.text)
003eaa8f  local     SDIVUDenHighZero (.text)
003eab59  local     SKIP (.text)
003eab5b  local     SKIP1 (.text)
003eaac9  local     SMODUDenHighZero (.text)
003eaad5  global    ULL$$DIV (.text)
003eab04  global    ULL$$MOD (.text)


================================================================================

rts2800_ml.lib : u_div28.asm.obj

Run/Load            
Value     Binding   Name (Section)
--------  --------  ---------------
00000000  local     .bss (.bss)
00000000  local     .data (.data)
003edb15  local     .text (.text)
003edb15  global    U$$DIV (.text)
003edb1a  global    U$$MOD (.text)


================================================================================

rts2800_ml.lib : u_tofd28.asm.obj

Run/Load            
Value     Binding   Name (Section)
--------  --------  ---------------
00000000  local     .bss (.bss)
00000000  local     .data (.data)
003ed6ba  local     .text (.text)
003ed6c7  local     NORMALIZE (.text)
003ed6cf  local     OP_ZERO (.text)
003ed6c9  local     PACK (.text)
003ed6ce  local     RETURN (.text)
003ed6cc  local     RETURN_VALUE (.text)
003ed6ba  global    U$$TOFD (.text)


================================================================================

rts2800_ml.lib : u_tofs28.asm.obj

Run/Load            
Value     Binding   Name (Section)
--------  --------  ---------------
00000000  local     .bss (.bss)
00000000  local     .data (.data)
003ed90e  local     .text (.text)
003ed91d  local     RESTORE (.text)
003ed90e  global    U$$TOFS (.text)
003ed91d  local     ZERO (.text)


================================================================================

rts2800_ml.lib : l_tofs28.asm.obj

Run/Load            
Value     Binding   Name (Section)
--------  --------  ---------------
00000000  local     .bss (.bss)
00000000  local     .data (.data)
003ed522  local     .text (.text)
003ed522  global    L$$TOFS (.text)
003ed538  local     OVERFLOW (.text)
003ed537  local     RETURN (.text)
003ed537  local     ZERO (.text)


================================================================================

rts2800_ml.lib : ul_tofs28.asm.obj

Run/Load            
Value     Binding   Name (Section)
--------  --------  ---------------
00000000  local     .bss (.bss)
00000000  local     .data (.data)
003ed7c8  local     .text (.text)
003ed7d0  local     LEFT_SHIFT (.text)
003ed7d2  local     PACK (.text)
003ed7da  local     RETURN (.text)
003ed7c8  global    UL$$TOFS (.text)
003ed7da  local     ZERO (.text)


================================================================================

rts2800_ml.lib : prolog28.asm.obj

Run/Load            
Value     Binding   Name (Section)
--------  --------  ---------------
00000000  local     .bss (.bss)
00000000  local     .data (.data)
003ed5a0  local     .text (.text)
003ed5a0  global    _prolog_c28x_1 (.text)
003ed5a4  global    _prolog_c28x_2 (.text)
003ed5ac  global    _prolog_c28x_3 (.text)


================================================================================

rts2800_ml.lib : fs_tofd28.asm.obj

Run/Load            
Value     Binding   Name (Section)
--------  --------  ---------------
00000000  local     .bss (.bss)
00000000  local     .data (.data)
003ed3fd  local     .text (.text)
003ed3fd  global    FS$$TOFD (.text)
003ed411  local     OVERFLOW (.text)
003ed410  local     RETURN (.text)
003ed40e  local     RETURN_VALUE (.text)
003ed417  local     UNDERFLOW (.text)


================================================================================

rts2800_ml.lib : fd_div28.asm.obj

Run/Load            
Value     Binding   Name (Section)
--------  --------  ---------------
003ebbad  local     $1_$3 (.text)
003ebbb8  local     $2_$3 (.text)
00000000  local     .bss (.bss)
00000000  local     .data (.data)
003ebb71  local     .text (.text)
003ebbc7  local     DIV_END (.text)
003ebba8  local     DIV_START (.text)
003ebb71  global    FD$$DIV (.text)
003ebbca  local     NORMALIZE (.text)
003ebbf4  local     OVERFLOW (.text)
003ebbef  local     RETURN (.text)
003ebbed  local     RETURN_VALUE (.text)
003ebbdf  local     RND64_SET_MANT$3$ (.text)
003ebbd3  local     ROUND (.text)
003ebbfa  local     UNDERFLOW (.text)


================================================================================

rts2800_ml.lib : cpy_tbl.c.obj

Run/Load            
Value     Binding   Name (Section)
--------  --------  ---------------
003ed0d3  local     $C$L1 (.text)
003ed0e6  local     $C$L2 (.text)
003ed0e7  local     $C$L3 (.text)
00000000  local     .bss (.bss)
00000000  local     .data (.data)
003ed0cb  local     .text (.text)
003ed0cb  global    _copy_in (.text)


================================================================================

rts2800_ml.lib : memcpy.c.obj

Run/Load            
Value     Binding   Name (Section)
--------  --------  ---------------
003ed35a  local     $C$L1 (.text)
003ed35e  local     $C$L2 (.text)
003ed365  local     $C$L3 (.text)
003ed367  local     $C$L4 (.text)
003ed36f  local     $C$L5 (.text)
00000000  local     .bss (.bss)
00000000  local     .data (.data)
003ed354  local     .text (.text)
003ed354  global    _memcpy (.text)


================================================================================

rts2800_ml.lib : pre_init.c.obj

Run/Load            
Value     Binding   Name (Section)
--------  --------  ---------------
00000000  local     .bss (.bss)
00000000  local     .data (.data)
003ee078  local     .text (.text)
003ee078  global    __system_pre_init (.text)


================================================================================

rts2800_ml.lib : startup.c.obj

Run/Load            
Value     Binding   Name (Section)
--------  --------  ---------------
00000000  local     .bss (.bss)
00000000  local     .data (.data)
003ee07c  local     .text (.text)
003ee07c  global    __system_post_cinit (.text)


================================================================================

rts2800_ml.lib : e_rem_pio2f.c.obj

Run/Load            
Value     Binding   Name (Section)
--------  --------  ---------------
003f131a  local     $C$FL1 (.econst)
003f131e  local     $C$FL2 (.econst)
003f1322  local     $C$FL3 (.econst)
003f1326  local     $C$FL4 (.econst)
003eb5de  local     $C$L1 (.text)
003eb5ec  local     $C$L2 (.text)
003eb618  local     $C$L3 (.text)
003eb61d  local     $C$L4 (.text)
00000000  local     .bss (.bss)
00000000  local     .data (.data)
003f130e  local     .econst (.econst)
003eb57b  local     .text (.text)
003eb57b  global    ___rem_pio2f (.text)
003f130e  local     _invpio2 (.econst)
003f1312  local     _pio2_1 (.econst)
003f1316  local     _pio2_1t (.econst)


================================================================================

rts2800_ml.lib : k_rem_pio2.c.obj

Run/Load            
Value     Binding   Name (Section)
--------  --------  ---------------
003f128a  local     $C$FL1 (.econst)
003f128e  local     $C$FL2 (.econst)
003f1292  local     $C$FL3 (.econst)
003f1296  local     $C$FL4 (.econst)
003f129a  local     $C$FL5 (.econst)
003f129e  local     $C$FL6 (.econst)
003f12a2  local     $C$FL7 (.econst)
003e9a35  local     $C$L1 (.text)
003e9aef  local     $C$L10 (.text)
003e9b1c  local     $C$L11 (.text)
003e9b3c  local     $C$L12 (.text)
003e9b61  local     $C$L13 (.text)
003e9b80  local     $C$L14 (.text)
003e9b87  local     $C$L15 (.text)
003e9ba4  local     $C$L16 (.text)
003e9bf2  local     $C$L17 (.text)
003e9c5e  local     $C$L18 (.text)
003e9c62  local     $C$L19 (.text)
003e9a5d  local     $C$L2 (.text)
003e9c70  local     $C$L20 (.text)
003e9c99  local     $C$L21 (.text)
003e9c9e  local     $C$L22 (.text)
003e9ca9  local     $C$L23 (.text)
003e9cb5  local     $C$L24 (.text)
003e9cba  local     $C$L25 (.text)
003e9cc0  local     $C$L26 (.text)
003e9cdd  local     $C$L27 (.text)
003e9ce9  local     $C$L28 (.text)
003e9d14  local     $C$L29 (.text)
003e9a68  local     $C$L3 (.text)
003e9d42  local     $C$L30 (.text)
003e9d8d  local     $C$L31 (.text)
003e9d92  local     $C$L32 (.text)
003e9daa  local     $C$L33 (.text)
003e9db4  local     $C$L34 (.text)
003e9dc3  local     $C$L35 (.text)
003e9dcd  local     $C$L36 (.text)
003e9de8  local     $C$L37 (.text)
003e9df8  local     $C$L38 (.text)
003e9dfa  local     $C$L39 (.text)
003e9a74  local     $C$L4 (.text)
003e9e1a  local     $C$L40 (.text)
003e9e42  local     $C$L41 (.text)
003e9e59  local     $C$L42 (.text)
003e9e6d  local     $C$L43 (.text)
003e9e9b  local     $C$L44 (.text)
003e9eb9  local     $C$L45 (.text)
003e9ed7  local     $C$L46 (.text)
003e9f26  local     $C$L47 (.text)
003e9f60  local     $C$L48 (.text)
003e9f78  local     $C$L49 (.text)
003e9a85  local     $C$L5 (.text)
003e9f89  local     $C$L50 (.text)
003e9fa6  local     $C$L51 (.text)
003e9fc1  local     $C$L52 (.text)
003e9fd4  local     $C$L53 (.text)
003e9fe5  local     $C$L54 (.text)
003e9ff3  local     $C$L55 (.text)
003e9ffd  local     $C$L56 (.text)
003ea01e  local     $C$L57 (.text)
003ea02f  local     $C$L58 (.text)
003ea03d  local     $C$L59 (.text)
003e9a91  local     $C$L6 (.text)
003ea047  local     $C$L60 (.text)
003ea051  local     $C$L61 (.text)
003ea064  local     $C$L62 (.text)
003ea075  local     $C$L63 (.text)
003ea083  local     $C$L64 (.text)
003ea08d  local     $C$L65 (.text)
003ea096  local     $C$L66 (.text)
003e9aae  local     $C$L7 (.text)
003e9ad3  local     $C$L8 (.text)
003e9ae8  local     $C$L9 (.text)
00000000  local     .bss (.bss)
00000000  local     .data (.data)
003f127a  local     .econst (.econst)
003f12ce  local     .econst:_PIo2 (.econst:_PIo2)
003f13b8  local     .econst:_init_jk (.econst:_init_jk)
003f11a6  local     .econst:_ipio2 (.econst:_ipio2)
003e9a07  local     .text (.text)
003f12ce  local     _PIo2 (.econst:_PIo2)
003e9a07  global    ___kernel_rem_pio2 (.text)
003f13b8  local     _init_jk (.econst:_init_jk)
003f11a6  local     _ipio2 (.econst:_ipio2)
003f127e  local     _one (.econst)
003f1282  local     _two24 (.econst)
003f1286  local     _twon24 (.econst)
003f127a  local     _zero (.econst)


================================================================================

rts2800_ml.lib : exit.c.obj

Run/Load            
Value     Binding   Name (Section)
--------  --------  ---------------
003ecd4a  local     $C$L1 (.text)
003ecd5d  local     $C$L2 (.text)
003ecd68  local     $C$L3 (.text)
003ecd6e  local     $C$L4 (.text)
00000000  local     .bss (.bss)
003f19cb  local     .cinit (.cinit)
00000000  local     .data (.data)
0000d67a  local     .ebss (.ebss)
003ecd49  local     .text (.text)
003ecd49  global    C$$EXIT (.text)
0000d67c  global    ___TI_cleanup_ptr (.ebss)
0000d67e  global    ___TI_dtors_ptr (.ebss)
0000d67a  global    ___TI_enable_exit_profile_output (.ebss)
003ecd49  global    _abort (.text)
003ecd4b  global    _exit (.text)


================================================================================

rts2800_ml.lib : _lock.c.obj

Run/Load            
Value     Binding   Name (Section)
--------  --------  ---------------
00000000  local     .bss (.bss)
003f1b65  local     .cinit:__lock (.cinit:__lock)
003f1b6a  local     .cinit:__unlock (.cinit:__unlock)
00000000  local     .data (.data)
0000d890  local     .ebss:__lock (.ebss:__lock)
0000d892  local     .ebss:__unlock (.ebss:__unlock)
003edbd7  local     .text (.text)
0000d890  global    __lock (.ebss:__lock)
003edbdf  global    __nop (.text)
003edbdb  global    __register_lock (.text)
003edbd7  global    __register_unlock (.text)
0000d892  global    __unlock (.ebss:__unlock)


================================================================================

rts2800_ml.lib : args_main.c.obj

Run/Load            
Value     Binding   Name (Section)
--------  --------  ---------------
003ed8a8  local     $C$L1 (.text)
003ed8ab  local     $C$L2 (.text)
00000000  local     .bss (.bss)
00000000  local     .data (.data)
003ed89d  local     .text (.text)
003ed89d  global    __args_main (.text)


================================================================================

rts2800_ml.lib : s_floor.c.obj

Run/Load            
Value     Binding   Name (Section)
--------  --------  ---------------
003f13aa  local     $C$FL1 (.econst)
003f13ae  local     $C$FL2 (.econst)
003eb06e  local     $C$L1 (.text)
003eb0c6  local     $C$L10 (.text)
003eb0e6  local     $C$L11 (.text)
003eb0e8  local     $C$L12 (.text)
003eb0f4  local     $C$L13 (.text)
003eb0f9  local     $C$L14 (.text)
003eb073  local     $C$L2 (.text)
003eb074  local     $C$L3 (.text)
003eb07c  local     $C$L4 (.text)
003eb08f  local     $C$L5 (.text)
003eb09e  local     $C$L6 (.text)
003eb0a1  local     $C$L7 (.text)
003eb0bd  local     $C$L8 (.text)
003eb0c3  local     $C$L9 (.text)
00000000  local     .bss (.bss)
00000000  local     .data (.data)
003f13a6  local     .econst (.econst)
003eb016  local     .text (.text)
003eb016  global    _floorl (.text)
003f13a6  local     _huge (.econst)


================================================================================

rts2800_ml.lib : s_scalbn.c.obj

Run/Load            
Value     Binding   Name (Section)
--------  --------  ---------------
003f1336  local     $C$FL1 (.econst)
003f133a  local     $C$FL2 (.econst)
003f133e  local     $C$FL3 (.econst)
003f1342  local     $C$FL4 (.econst)
003eb4f7  local     $C$L1 (.text)
003eb510  local     $C$L2 (.text)
003eb522  local     $C$L3 (.text)
003eb52d  local     $C$L4 (.text)
003eb542  local     $C$L5 (.text)
003eb548  local     $C$L6 (.text)
003eb553  local     $C$L7 (.text)
003eb573  local     $C$L8 (.text)
003eb577  local     $C$L9 (.text)
00000000  local     .bss (.bss)
00000000  local     .data (.data)
003f132a  local     .econst (.econst)
003eb4d1  local     .text (.text)
003eb4d1  global    _ldexpl (.text)
003eb4d1  global    _scalbnl (.text)
003f1332  local     _tiny (.econst)
003f132a  local     _two54 (.econst)
003f132e  local     _twom54 (.econst)


================================================================================

rts2800_ml.lib : s_copysign.c.obj

Run/Load            
Value     Binding   Name (Section)
--------  --------  ---------------
003ed179  local     $C$L1 (.text)
00000000  local     .bss (.bss)
00000000  local     .data (.data)
003ed158  local     .text (.text)
003ed158  global    _copysignl (.text)


================================================================================

rts2800_ml.lib : k_cosf.c.obj

Run/Load            
Value     Binding   Name (Section)
--------  --------  ---------------
003f12ba  local     $C$FL1 (.econst)
003f12be  local     $C$FL2 (.econst)
003f12c2  local     $C$FL3 (.econst)
003f12c6  local     $C$FL4 (.econst)
003f12ca  local     $C$FL5 (.econst)
00000000  local     .bss (.bss)
00000000  local     .data (.data)
003f12a6  local     .econst (.econst)
003ebc83  local     .text (.text)
003f12aa  local     _C0 (.econst)
003f12ae  local     _C1 (.econst)
003f12b2  local     _C2 (.econst)
003f12b6  local     _C3 (.econst)
003ebc83  global    ___kernel_cosdf (.text)
003f12a6  local     _one (.econst)


================================================================================

rts2800_ml.lib : k_sinf.c.obj

Run/Load            
Value     Binding   Name (Section)
--------  --------  ---------------
003f12fe  local     $C$FL1 (.econst)
003f1302  local     $C$FL2 (.econst)
003f1306  local     $C$FL3 (.econst)
003f130a  local     $C$FL4 (.econst)
00000000  local     .bss (.bss)
00000000  local     .data (.data)
003f12ee  local     .econst (.econst)
003eba4f  local     .text (.text)
003f12ee  local     _S1 (.econst)
003f12f2  local     _S2 (.econst)
003f12f6  local     _S3 (.econst)
003f12fa  local     _S4 (.econst)
003eba4f  global    ___kernel_sindf (.text)


================================================================================

rts2800_ml.lib : fd_cmp28.asm.obj

Run/Load            
Value     Binding   Name (Section)
--------  --------  ---------------
00000000  local     .bss (.bss)
00000000  local     .data (.data)
003ecd1f  local     .text (.text)
003ecd2f  local     CHECK_INF (.text)
003ecd1f  global    FD$$CMP (.text)
003ecd46  local     NO_NEG (.text)
003ecd47  local     OP_EQUAL (.text)
003ecd3f  local     RETURN (.text)


================================================================================

rts2800_ml.lib : fd_tol28.asm.obj

Run/Load            
Value     Binding   Name (Section)
--------  --------  ---------------
00000000  local     .bss (.bss)
00000000  local     .data (.data)
003ed2de  local     .text (.text)
003ed2de  global    FD$$TOL (.text)
003ed2f7  local     OVERFLOW (.text)
003ed2f6  local     RETURN_VALUE (.text)
003ed2fb  local     UNDERFLOW (.text)


================================================================================

rts2800_ml.lib : ll_aox28.asm.obj

Run/Load            
Value     Binding   Name (Section)
--------  --------  ---------------
00000000  local     .bss (.bss)
00000000  local     .data (.data)
003ed601  local     .text (.text)
003ed601  global    LL$$AND (.text)
003ed609  global    LL$$OR (.text)
003ed611  global    LL$$XOR (.text)


================================================================================

rts2800_ml.lib : i_div28.asm.obj

Run/Load            
Value     Binding   Name (Section)
--------  --------  ---------------
00000000  local     .bss (.bss)
00000000  local     .data (.data)
003ed17b  local     .text (.text)
003ed17b  global    I$$DIV (.text)
003ed18c  global    I$$MOD (.text)
003ed18b  local     RET1 (.text)
003ed19b  local     RET2 (.text)


================================================================================

rts2800_ml.lib : l_tofd28.asm.obj

Run/Load            
Value     Binding   Name (Section)
--------  --------  ---------------
003ed427  local     $10 (.text)
00000000  local     .bss (.bss)
00000000  local     .data (.data)
003ed419  local     .text (.text)
003ed419  global    L$$TOFD (.text)
003ed433  local     OP_ZERO (.text)
003ed432  local     RETURN (.text)
003ed430  local     RETURN_VALUE (.text)


================================================================================

rts2800_ml.lib : fd_tofs28.asm.obj

Run/Load            
Value     Binding   Name (Section)
--------  --------  ---------------
00000000  local     .bss (.bss)
00000000  local     .data (.data)
003ed1df  local     .text (.text)
003ed1ec  local     EXP_EVAL (.text)
003ed1df  global    FD$$TOFS (.text)
003ed1f8  local     OVERFLOW (.text)
003ed1f7  local     RETURN_VALUE (.text)
003ed1fe  local     UNDERFLOW (.text)


================================================================================

rts2800_ml.lib : errno.c.obj

Run/Load            
Value     Binding   Name (Section)
--------  --------  ---------------
00000000  local     .bss (.bss)
003f1ba8  local     .cinit (.cinit)
00000000  local     .data (.data)
0000d8aa  local     .ebss (.ebss)
00000000  local     .text (.text)
0000d8aa  global    _errno (.ebss)


================================================================================

