******************************************************************************
             TMS320C2000 Linker PC v22.6.0                     
******************************************************************************
>> Linked Sat Oct 15 00:58:56 2022

OUTPUT FILE NAME:   <../../../04_Output_Files/Motor28062/TEST_CSMON_C28xx.out>
ENTRY POINT SYMBOL: "_c_int00"  address: 003ec5de


MEMORY CONFIGURATION

         name            origin    length      used     unused   attr    fill
----------------------  --------  ---------  --------  --------  ----  --------
PAGE 0:
  RAML0                 00008000   00000800  00000029  000007d7  RWIX
  RAML1                 00008800   00000400  00000000  00000400  RWIX
  OTP                   003d7800   00000400  00000000  00000400  RWIX
  FLASH_APP             003e8000   0000dff0  0000a0e3  00003f0d  RWIX
  CSM_RSVD              003f7f80   00000076  00000076  00000000  RWIX
  BEGIN                 003f7ff6   00000002  00000002  00000000  RWIX
  CSM_PWL_P0            003f7ff8   00000008  00000008  00000000  RWIX
  FPUTABLES             003fd590   000006a0  00000000  000006a0  RWIX
  IQTABLES              003fdf00   00000b50  00000000  00000b50  RWIX
  IQTABLES2             003fea50   0000008c  00000000  0000008c  RWIX
  IQTABLES3             003feadc   000000aa  00000000  000000aa  RWIX
  ROM                   003ff3b0   00000c10  00000000  00000c10  RWIX
  RESET                 003fffc0   00000002  00000000  00000002  RWIX
  VECTORS               003fffc2   0000003e  00000000  0000003e  RWIX

PAGE 1:
  BOOT_RSVD             00000000   00000050  00000000  00000050  RWIX
  RAMM0                 00000050   000003b0  00000380  00000030  RWIX
  RAMM1                 00000400   00000400  00000000  00000400  RWIX
  DEV_EMU               00000880   00000105  00000004  00000101  RWIX
  SYS_PWR_CTL           00000985   00000003  00000003  00000000  RWIX
  FLASH_REGS            00000a80   00000060  00000008  00000058  RWIX
  CSM                   00000ae0   00000020  00000010  00000010  RWIX
  ADC_RESULT            00000b00   00000020  00000010  00000010  RWIX
  CPU_TIMER0            00000c00   00000008  00000008  00000000  RWIX
  CPU_TIMER1            00000c08   00000008  00000008  00000000  RWIX
  CPU_TIMER2            00000c10   00000008  00000008  00000000  RWIX
  PIE_CTRL              00000ce0   00000020  0000001a  00000006  RWIX
  PIE_VECT              00000d00   00000100  00000100  00000000  RWIX
  DMA                   00001000   00000200  000000e0  00000120  RWIX
  CLA1                  00001400   00000080  00000040  00000040  RWIX
  USB0                  00004000   00001000  00000454  00000bac  RWIX
  McBSPA                00005000   00000040  00000024  0000001c  RWIX
  ECANA                 00006000   00000040  00000034  0000000c  RWIX
  ECANA_LAM             00006040   00000040  00000040  00000000  RWIX
  ECANA_MOTS            00006080   00000040  00000040  00000000  RWIX
  ECANA_MOTO            000060c0   00000040  00000040  00000000  RWIX
  ECANA_MBOX            00006100   00000100  00000100  00000000  RWIX
  COMP1                 00006400   00000020  00000014  0000000c  RWIX
  COMP2                 00006420   00000020  00000014  0000000c  RWIX
  COMP3                 00006440   00000020  00000014  0000000c  RWIX
  EPWM1                 00006800   00000040  00000040  00000000  RWIX
  EPWM2                 00006840   00000040  00000040  00000000  RWIX
  EPWM3                 00006880   00000040  00000040  00000000  RWIX
  EPWM4                 000068c0   00000040  00000040  00000000  RWIX
  EPWM5                 00006900   00000040  00000040  00000000  RWIX
  EPWM6                 00006940   00000040  00000040  00000000  RWIX
  EPWM7                 00006980   00000040  00000040  00000000  RWIX
  EPWM8                 000069c0   00000040  00000040  00000000  RWIX
  ECAP1                 00006a00   00000020  00000020  00000000  RWIX
  ECAP2                 00006a20   00000020  00000020  00000000  RWIX
  ECAP3                 00006a40   00000020  00000020  00000000  RWIX
  HRCAP1                00006ac0   00000020  00000020  00000000  RWIX
  HRCAP2                00006ae0   00000020  00000020  00000000  RWIX
  EQEP1                 00006b00   00000040  00000022  0000001e  RWIX
  EQEP2                 00006b40   00000040  00000022  0000001e  RWIX
  HRCAP3                00006c80   00000020  00000020  00000000  RWIX
  HRCAP4                00006ca0   00000020  00000020  00000000  RWIX
  GPIOCTRL              00006f80   00000040  00000040  00000000  RWIX
  GPIODAT               00006fc0   00000020  00000020  00000000  RWIX
  GPIOINT               00006fe0   00000020  00000020  00000000  RWIX
  SYSTEM                00007010   00000030  00000030  00000000  RWIX
  SPIA                  00007040   00000010  00000010  00000000  RWIX
  SCIA                  00007050   00000010  00000010  00000000  RWIX
  NMIINTRUPT            00007060   00000010  00000010  00000000  RWIX
  XINTRUPT              00007070   00000010  00000010  00000000  RWIX
  ADC                   00007100   00000080  00000050  00000030  RWIX
  SPIB                  00007740   00000010  00000010  00000000  RWIX
  SCIB                  00007750   00000010  00000010  00000000  RWIX
  I2CA                  00007900   00000040  00000022  0000001e  RWIX
  RAML2                 00008c00   00000400  00000400  00000000  RWIX
  RAML34                00009000   00003000  00003000  00000000  RWIX
  RAML5                 0000c000   00002000  000018af  00000751  RWIX
  RAML6                 0000e000   00002000  00000000  00002000  RWIX
  RAML7                 00010000   00002000  00000000  00002000  RWIX
  RAML8                 00012000   00002000  00000000  00002000  RWIX
  USB_RAM               00040000   00000800  00000000  00000800  RWIX
  PARTID                003d7e80   00000001  00000001  00000000  RWIX
  CSM_PWL               003f7ff8   00000008  00000008  00000000  RWIX


SECTION ALLOCATION MAP

 output                                  attributes/
section   page    origin      length       input sections
--------  ----  ----------  ----------   ----------------
.cinit     0    003f18c4    00000800     
                  003f18c4    000001ee     CSMON_C28xx.lib : hmmodbus.obj (.cinit)
                  003f1ab2    00000173     main.obj (.cinit)
                  003f1c25    000000ce     CSMON_C28xx.lib : csmon.obj (.cinit)
                  003f1cf3    00000098                     : modbusreg.obj (.cinit)
                  003f1d8b    00000030                     : csmon.obj (.cinit:_CSMON_au8FileRecorderConfigElementsSizeTable)
                  003f1dbb    0000002b                     : csmon.obj (.cinit:_CSMON_au8FileScopeConfigurationElementsSizeTable)
                  003f1de6    00000017                     : csmon.obj (.cinit:_CSMON_au8FileRecorderDataElementsSizeTable)
                  003f1dfd    00000015                     : csmon.obj (.cinit:_CSMON_sFileAutorization)
                  003f1e12    00000014                     : hmdrv.obj (.cinit)
                  003f1e26    00000014                     : hmprotocol.obj (.cinit)
                  003f1e3a    00000013                     : modbusreg.obj (.cinit:_MODBUSREG_au8DeviceIDUserApplicationName)
                  003f1e4d    00000013                     : modbusreg.obj (.cinit:_MODBUSREG_au8DeviceIDVendorUrl)
                  003f1e60    00000013                     : modbusreg.obj (.cinit:_MODBUSREG_au8ServerIDData)
                  003f1e73    00000013                     : hmrecparam.obj (.cinit:_sRecStatusParam)
                  003f1e86    00000010     rtc_drv.obj (.cinit)
                  003f1e96    0000000f     CSMON_C28xx.lib : csmon.obj (.cinit:_CSMON_sDateTime)
                  003f1ea5    0000000f                     : csmon.obj (.cinit:_CSMON_sDateTimeApplication)
                  003f1eb4    0000000f                     : csmon.obj (.cinit:_CSMON_sDateTimeDefault)
                  003f1ec3    0000000f                     : modbusreg.obj (.cinit:_MODBUSREG_au8DeviceIDModelName)
                  003f1ed2    0000000f     device.obj (.cinit)
                  003f1ee1    0000000e     rts2800_ml.lib : exit.c.obj (.cinit)
                  003f1eef    0000000d     CSMON_C28xx.lib : csmon.obj (.cinit:_CSMON_au8FileParameterCountElementsSizeTable)
                  003f1efc    0000000d                     : csmon.obj (.cinit:_CSMON_au8FileRTCElementsSizeTable)
                  003f1f09    0000000d                     : csmon.obj (.cinit:_sHashKey)
                  003f1f16    0000000d     tmr_drv.obj (.cinit)
                  003f1f23    0000000c     CSMON_C28xx.lib : csmon.obj (.cinit:_CSMON_au8FileParameterNumericElementsSizeTable)
                  003f1f2f    0000000c                     : modbusreg.obj (.cinit:_MODBUSREG_au8DeviceIDProductName)
                  003f1f3b    0000000c                     : modbusreg.obj (.cinit:_MODBUSREG_au8DeviceIDUserReserve0)
                  003f1f47    0000000c                     : modbusreg.obj (.cinit:_MODBUSREG_au8DeviceIDUserReserve1)
                  003f1f53    0000000c                     : modbusreg.obj (.cinit:_MODBUSREG_au8DeviceIDUserReserve2)
                  003f1f5f    0000000c                     : modbusreg.obj (.cinit:_MODBUSREG_au8DeviceIDVendorName)
                  003f1f6b    0000000b                     : hmrecparam.obj (.cinit:_HMRECPRM_sDateTime)
                  003f1f76    0000000b     main.obj (.cinit:_MAIN_sDateTimeGet)
                  003f1f81    0000000b     main.obj (.cinit:_MAIN_sDateTimeSet)
                  003f1f8c    0000000b     uart_driver.obj (.cinit:_UART_DRV_RXIntOverflowCounter)
                  003f1f97    0000000b     uart_driver.obj (.cinit:_UART_DRV_u32TimeDiffLast)
                  003f1fa2    0000000b     uart_driver.obj (.cinit:_UART_DRV_u32TimeDiffNow)
                  003f1fad    0000000b     CSMON_C28xx.lib : uart_drv.obj (.cinit:_UART_RXIntOverflowCounter)
                  003f1fb8    0000000b     tmr_drv.obj (.cinit:_pfDelayedFunction)
                  003f1fc3    0000000b     tmr_drv.obj (.cinit:_pfDelayedFunction_u8)
                  003f1fce    0000000b     CSMON_C28xx.lib : hmrecparam.obj (.cinit:_sRecStatusParamInternal)
                  003f1fd9    0000000b                     : uart_drv.obj (.cinit:_u32TimeDiffLast)
                  003f1fe4    0000000b                     : uart_drv.obj (.cinit:_u32TimeDiffNow)
                  003f1fef    0000000b                     : uart_drv.obj (.cinit:_u32TimeDiffRead)
                  003f1ffa    00000009                     : hmserial.obj (.cinit)
                  003f2003    00000009                     : csmon.obj (.cinit:_CSMON_au32FileAutorization_FunctionAfterWriteFileRecord)
                  003f200c    00000009                     : csmon.obj (.cinit:_CSMON_sFileParameterCount)
                  003f2015    00000008                     : hmlib.obj (.cinit)
                  003f201d    00000007                     : csmon.obj (.cinit:_CSMON_au8FileRecorderStatusElementsSizeTable)
                  003f2024    00000007                     : modbusreg.obj (.cinit:_MODBUSREG_au8DeviceIDMajorMinorRevision)
                  003f202b    00000007                     : modbusreg.obj (.cinit:_MODBUSREG_au8DeviceIDProductCode)
                  003f2032    00000007                     : uart_drv.obj (.cinit:_UARTRxBufferRDCount)
                  003f2039    00000007                     : uart_drv.obj (.cinit:_UARTRxBufferRDIndex)
                  003f2040    00000007                     : uart_drv.obj (.cinit:_UARTRxBufferWRCount)
                  003f2047    00000007                     : uart_drv.obj (.cinit:_UARTRxBufferWRIndex)
                  003f204e    00000007     uart_driver.obj (.cinit:_UART_DRV_RxBufferRDCount)
                  003f2055    00000007     uart_driver.obj (.cinit:_UART_DRV_RxBufferWRCount)
                  003f205c    00000007     uart_driver.obj (.cinit:_UART_DRV_RxBufferWRIndex)
                  003f2063    00000006     CSMON_C28xx.lib : csmon.obj (.cinit:_CSMON_abFileAutorization_RecordReadOnly)
                  003f2069    00000006                     : csmon.obj (.cinit:_CSMON_abFileAutorization_RecordStringData)
                  003f206f    00000006                     : csmon.obj (.cinit:_CSMON_au16FileAutorization_RecordOffsets)
                  003f2075    00000006                     : csmon.obj (.cinit:_CSMON_sFileProtocolVersion)
                  003f207b    00000005     rts2800_ml.lib : _lock.c.obj (.cinit:__lock)
                  003f2080    00000005                    : _lock.c.obj (.cinit:__unlock)
                  003f2085    00000005     CSMON_C28xx.lib : hmscopeparam.obj (.cinit:_pBufferScope)
                  003f208a    00000004                     : hmscopeparam.obj (.cinit)
                  003f208e    00000004                     : uart_drv.obj (.cinit)
                  003f2092    00000004                     : csmon.obj (.cinit:_CSMON_au8FileParameterListElementsSizeTablePart1_1)
                  003f2096    00000004                     : csmon.obj (.cinit:_CSMON_au8FileParameterListElementsSizeTablePart1_2)
                  003f209a    00000004                     : csmon.obj (.cinit:_CSMON_au8FileParameterListElementsSizeTablePart1_3)
                  003f209e    00000004                     : csmon.obj (.cinit:_CSMON_au8FileParameterListElementsSizeTablePart1_4)
                  003f20a2    00000004                     : csmon.obj (.cinit:_CSMON_au8FileParameterListElementsSizeTablePart2)
                  003f20a6    00000004                     : csmon.obj (.cinit:_CSMON_au8FileParameterListElementsSizeTablePart3)
                  003f20aa    00000004                     : csmon.obj (.cinit:_CSMON_au8FileRecorderDataElementsSizeTableUsedLength)
                  003f20ae    00000004                     : csmon.obj (.cinit:_CSMON_au8FileScopeStatusElementsSizeTable)
                  003f20b2    00000004                     : csmon.obj (.cinit:_CSMON_sFileParameterAccessList)
                  003f20b6    00000004                     : hmmodbus.obj (.cinit:_HMMODBUS_u32RegisterAddressDummyuSize)
                  003f20ba    00000004                     : modbusreg.obj (.cinit:_MODBUSREG_asFileTable)
                  003f20be    00000004     rts2800_ml.lib : errno.c.obj (.cinit)
                  003f20c2    00000002     --HOLE-- [fill = 0]

.pinit     0    003e8000    00000000     UNINITIALIZED

.text      0    003e8000    00006184     
                  003e8000    00001347     CSMON_C28xx.lib : hmmodbus.obj (.text:_HMMODBUS_bDecoder)
                  003e9347    000006e1                     : modbusreg.obj (.text:_MODBUSREG_AddressTablesInit)
                  003e9a28    00000698     rts2800_ml.lib : k_rem_pio2.c.obj (.text)
                  003ea0c0    000001ea     CSMON_C28xx.lib : csmon.obj (.text:_CSMON_eSetParameter)
                  003ea2aa    000001ac     main.obj (.text:_main)
                  003ea456    0000017f     CSMON_C28xx.lib : csmon.obj (.text:_CSMON_eSetUpRecParam)
                  003ea5d5    00000167                     : csmon.obj (.text:_CSMON_eProcess)
                  003ea73c    00000146                     : hmmodbus.obj (.text:_HMMODBUS_Rx)
                  003ea882    0000011b                     : hmmodbus.obj (.text:_HMMODBUS_vSetFreeRunTimerPrescaller)
                  003ea99d    00000114     rts2800_ml.lib : s_sinf.c.obj (.text)
                  003eaab1    00000107                    : ll_div28.asm.obj (.text)
                  003eabb8    000000f5     CSMON_C28xx.lib : hmdrv.obj (.text:_HMDRV_vInit)
                  003eacad    000000f1                     : csmon.obj (.text:_CSMON_vFileRecoderStatusFix)
                  003ead9e    000000e9                     : hmprotocol.obj (.text:_HMPROTOCOL_bDecoder)
                  003eae87    000000e8                     : hmrecparam.obj (.text:_HMRECPRM_vProcess)
                  003eaf6f    000000e8     rts2800_ml.lib : s_floor.c.obj (.text)
                  003eb057    000000e4     main.obj (.text:_ControlProcess)
                  003eb13b    000000d3     CSMON_C28xx.lib : csmon.obj (.text:_CSMON_vSetupHoldingRegistersAndCoilsAddressTableFromCSMONParameterList)
                  003eb20e    000000c1                     : csmon.obj (.text:_CSMON_eInit)
                  003eb2cf    000000bc                     : hmrecparam.obj (.text:_HMRECPRM_SetUpRec)
                  003eb38b    000000b8                     : hmrec.obj (.text:_HMREC_SetUpRec)
                  003eb443    000000aa                     : hmdrv.obj (.text:_HMDRV_CopyFromBufferInternalModbusBitField)
                  003eb4ed    000000aa     rts2800_ml.lib : s_scalbn.c.obj (.text)
                  003eb597    000000a7                    : e_rem_pio2f.c.obj (.text)
                  003eb63e    000000a3     tmr_drv.obj (.text:_TMR2_ISR)
                  003eb6e1    0000009e     CSMON_C28xx.lib : csmon.obj (.text:_CSMON_vPrepareFileParameterAccessList)
                  003eb77f    0000009c     rts2800_ml.lib : fd_add28.asm.obj (.text)
                  003eb81b    0000009b     CSMON_C28xx.lib : hmmodbus.obj (.text:_HMMODBUS_GetRealRegisterAddressAndSize)
                  003eb8b6    00000099     main.obj (.text:_RecordersInitialization)
                  003eb94f    00000096     main.obj (.text:_ParameterInitialization)
                  003eb9e5    00000092     CSMON_C28xx.lib : hmdrv.obj (.text:_HMDRV_CopyMemory)
                  003eba77    00000092                     : hmdrv.obj (.text:_HMDRV_CopyToBufferInternalModbus)
                  003ebb09    00000092     rts2800_ml.lib : k_sinf.c.obj (.text)
                  003ebb9b    00000090     CSMON_C28xx.lib : csmon.obj (.text:_CSMON_vSetDateTimeAutorization)
                  003ebc2b    0000008b     rts2800_ml.lib : fd_div28.asm.obj (.text)
                  003ebcb6    00000087     CSMON_C28xx.lib : hmrecparam.obj (.text:_HMRECPRM_SetUpRecParamStatusDateTime)
                  003ebd3d    00000087     rts2800_ml.lib : k_cosf.c.obj (.text)
                  003ebdc4    00000083     CSMON_C28xx.lib : hmdrv.obj (.text:_HMDRV_CopyFromBufferInternalModbus)
                  003ebe47    00000083     rts2800_ml.lib : fd_mpy28.asm.obj (.text)
                  003ebeca    00000083                    : fs_div28.asm.obj (.text)
                  003ebf4d    0000007f     CSMON_C28xx.lib : hmserial.obj (.text:_HMSERIAL_vProcessSCI)
                  003ebfcc    00000078     rts2800_ml.lib : fs_add28.asm.obj (.text)
                  003ec044    0000006a     CSMON_C28xx.lib : hmserial.obj (.text:_HMSERIAL_Rx)
                  003ec0ae    00000068                     : hmmodbus.obj (.text:_HMMODBUS_vProcessSCI)
                  003ec116    00000068                     : hmprotocol.obj (.text:_HMPROTOCOL_GetBoardInfo)
                  003ec17e    00000067                     : hmmodbus.obj (.text:_HMMODBUS_CopyFromBuffer)
                  003ec1e5    00000065                     : hmmodbus.obj (.text:_vSetElementsSize)
                  003ec24a    00000064                     : hmrec.obj (.text:_HMREC_vProcess)
                  003ec2ae    00000064                     : modbusreg.obj (.text:_MODBUSREG_vInit)
                  003ec312    0000005f     F2806x_SysCtrl.obj (.text:_InitPeripheralClocks)
                  003ec371    0000005d     CSMON_C28xx.lib : uart_drv.obj (.text:_UART_RXInterrupt)
                  003ec3ce    0000005a     gpio.obj (.text:_GPIO_setPinConfigOutput)
                  003ec428    0000005a     rts2800_ml.lib : fs_mpy28.asm.obj (.text)
                  003ec482    00000059     CSMON_C28xx.lib : csmon.obj (.text:_CSMON_vUpdateDateTimeFromApplication)
                  003ec4db    00000057                     : csmon.obj (.text:_CSMON_bCheckValidDateTime)
                  003ec532    00000057     uart_driver.obj (.text:_UART_DRV_RXInterrupt)
                  003ec589    00000055     CSMON_C28xx.lib : modbusreg.obj (.text:_MODBUSREG_FileRecorderExternalUpdateInit)
                  003ec5de    00000054     rts2800_ml.lib : boot28.asm.obj (.text)
                  003ec632    00000051     F2806x_SysCtrl.obj (.text:_InitPll)
                  003ec683    0000004f     device.obj (.text:_Device_CsmUnlock)
                  003ec6d2    0000004e     CSMON_C28xx.lib : hmrecparam.obj (.text:_HMRECPRM_StartRecParam)
                  003ec720    0000004c                     : hmmodbus.obj (.text:_HMMODBUS_GetRegisterFunction)
                  003ec76c    0000004c                     : hmmodbus.obj (.text:_HMMODBUS_vSendResponse)
                  003ec7b8    0000004c                     : hmrecparam.obj (.text:_HMRECPRM_vTimeSync)
                  003ec804    00000047                     : hmmodbus.obj (.text:_HMMODBUS_CopyToBuffer)
                  003ec84b    00000047                     : hmscopeparam.obj (.text:_HMSCOPEPRM_SetUpScope)
                  003ec892    00000046                     : csmon.obj (.text:_CSMON_eSetRecorderTriggerAtPosition)
                  003ec8d8    00000043                     : hmscopeparam.obj (.text:_HMSCOPEPRM_ReadScope)
                  003ec91b    00000042     interrupt.obj (.text:_Interrupt_enable)
                  003ec95d    00000040     main.obj (.text:_ExternalParametersInitialization)
                  003ec99d    0000003f     CSMON_C28xx.lib : hmdrv.obj (.text:_HMDRV_CopyFromBufferInternal)
                  003ec9dc    0000003d                     : hmmodbus.obj (.text:_vSetStartSampleIndex)
                  003eca19    0000003c     tmr_drv.obj (.text:_configCPUTimer)
                  003eca55    0000003b     CSMON_C28xx.lib : csmon.obj (.text:_CSMON_u32GetRealAddressAndSizeOffsetFromParameter)
                  003eca90    0000003b                     : csmon.obj (.text:_CSMON_vInitParameterListRealAddressRecordTables)
                  003ecacb    0000003b                     : hmscope.obj (.text:_HMSCOPE_SetUpScope)
                  003ecb06    00000038                     : csmon.obj (.text:_CSMON_eSetRecorderConfigurationSkipSamples)
                  003ecb3e    00000038     device.obj (.text:_Device_init)
                  003ecb76    00000038     CSMON_C28xx.lib : uart_drv.obj (.text:_UART_ReadDataRx)
                  003ecbae    00000036                     : csmon.obj (.text:_CSMON_vRecorderParamStartStopProcess)
                  003ecbe4    00000036                     : hmscope.obj (.text:_HMSCOPE_ReadScope)
                  003ecc1a    00000036                     : hmserial.obj (.text:_HMSERIAL_vSendResponse)
                  003ecc50    00000035                     : hmdrv.obj (.text:_HMDRV_CopyToBufferInternal)
                  003ecc85    00000033                     : hmmodbus.obj (.text:_HMMODBUS_Listen)
                  003eccb8    0000002e                     : hmserial.obj (.text:_HMSERIAL_vProcessSCIFreemasterOnly)
                  003ecce6    0000002d                     : csmon.obj (.text:_CSMON_eSetParameterInRecorderAtPosition)
                  003ecd13    0000002d                     : csmon.obj (.text:_CSMON_eSetParameterInScopeAtPosition)
                  003ecd40    0000002d                     : csmon.obj (.text:_CSMON_vInitRecorders)
                  003ecd6d    0000002d                     : csmon.obj (.text:_CSMON_vSetupHoldingRegistersAndCoilsAddressTableAccessAll)
                  003ecd9a    0000002d                     : hmserial.obj (.text:_HMSERIAL_Listen)
                  003ecdc7    0000002d                     : hmrecparam.obj (.text:_RecorderTimeFromLocalDateTime)
                  003ecdf4    0000002b                     : hmrecparam.obj (.text:_FillTimeData)
                  003ece1f    0000002a     rts2800_ml.lib : fd_cmp28.asm.obj (.text)
                  003ece49    00000029                    : exit.c.obj (.text)
                  003ece72    00000029                    : fs_tol28.asm.obj (.text)
                  003ece9b    00000028     CSMON_C28xx.lib : csmon.obj (.text:_CSMON_bAutorizationPasswordCheck)
                  003ecec3    00000028                     : csmon.obj (.text:_CSMON_u16FindIndexParameterTable)
                  003eceeb    00000028                     : modbusreg.obj (.text:_MODBUSREG_vInitHoldingRegistersTableChangesExternalList)
                  003ecf13    00000028     main.obj (.text:_ScopesInitialization)
                  003ecf3b    00000027     CSMON_C28xx.lib : hmserial.obj (.text:_HMSERIAL_vProcessSCITXISR)
                  003ecf62    00000026                     : hmdrv.obj (.text:_HMDRV_CopyFromBufferInternalWithMaskModbus)
                  003ecf88    00000025                     : hmserial.obj (.text:_HMSERIAL_Tx)
                  003ecfad    00000025     rts2800_ml.lib : fs_toi28.asm.obj (.text)
                  003ecfd2    00000024     CSMON_C28xx.lib : csmon.obj (.text:_CSMON_vAutorizationReset)
                  003ecff6    00000024                     : hmprotocol.obj (.text:_HMPROTOCOL_ReadMem)
                  003ed01a    00000024                     : hmrecparam.obj (.text:_RecorderDateFromLocalDateTime)
                  003ed03e    00000024     sci_driver.obj (.text:_SCIA_DRV_RXFIFOISR)
                  003ed062    00000024     sci_driver.obj (.text:_SCIA_DRV_TXFIFOISR)
                  003ed086    00000024     sci_drv.obj (.text:_SCIA_RXFIFOISR)
                  003ed0aa    00000024     sci_drv.obj (.text:_SCIA_TXFIFOISR)
                  003ed0ce    00000024     sci_driver.obj (.text:_SCIB_DRV_RXFIFOISR)
                  003ed0f2    00000024     sci_driver.obj (.text:_SCIB_DRV_TXFIFOISR)
                  003ed116    00000024     sci_drv.obj (.text:_SCIB_RXFIFOISR)
                  003ed13a    00000024     sci_drv.obj (.text:_SCIB_TXFIFOISR)
                  003ed15e    00000024     tmr_drv.obj (.text:_TMR_vInit)
                  003ed182    00000024     CSMON_C28xx.lib : hmmodbus.obj (.text:_vSetSampleCountAvailable)
                  003ed1a6    00000024     rts2800_ml.lib : cpy_tbl.c.obj (.text)
                  003ed1ca    00000023     CSMON_C28xx.lib : csmon.obj (.text:_CSMON_vRecorderParamSetupProcess)
                  003ed1ed    00000023                     : hmlib.obj (.text:_HMLIB_vInit)
                  003ed210    00000023                     : modbusreg.obj (.text:_MODBUSREG_FileRecorderElementSizeTableUsedSizeUpdateInit)
                  003ed233    00000023     rts2800_ml.lib : s_copysign.c.obj (.text)
                  003ed256    00000022                    : i_div28.asm.obj (.text)
                  003ed278    00000021     CSMON_C28xx.lib : hmdrv.obj (.text:_HMDRV_CopyFromBufferInternalWithMask)
                  003ed299    00000021     sci.obj (.text:_SCI_setConfig)
                  003ed2ba    00000021     rts2800_ml.lib : fd_tofs28.asm.obj (.text)
                  003ed2db    00000021                    : fs_toul28.asm.obj (.text)
                  003ed2fc    00000020     CSMON_C28xx.lib : hmdrv.obj (.text:_HMDRV_vProcess)
                  003ed31c    00000020     tmr_drv.obj (.text:_TMR_vInitCPUTimers)
                  003ed33c    00000020     CSMON_C28xx.lib : hmmodbus.obj (.text:_vSetSampleCountBuffer)
                  003ed35c    0000001f                     : hmmodbus.obj (.text:_HMMODBUS_vInit)
                  003ed37b    0000001f     F2806x_PieCtrl.obj (.text:_InitPieCtrl)
                  003ed39a    0000001f     CSMON_C28xx.lib : hmmodbus.obj (.text:_vSetSampleSize)
                  003ed3b9    0000001f     rts2800_ml.lib : fd_tol28.asm.obj (.text)
                  003ed3d8    0000001d     CSMON_C28xx.lib : hmmodbus.obj (.text:_HMMODBUS_Tx)
                  003ed3f5    0000001d                     : hmrecparam.obj (.text:_HMRECPRM_GetRecBuffFreemaster)
                  003ed412    0000001d                     : hmrec.obj (.text:_HMREC_GetRecBuffFreemaster)
                  003ed42f    0000001d     rts2800_ml.lib : fs_tou28.asm.obj (.text)
                  003ed44c    0000001d                    : memcpy.c.obj (.text)
                  003ed469    0000001c     CSMON_C28xx.lib : csmon.obj (.text:_CSMON_eSetParameterListParameterID)
                  003ed485    0000001c     main.obj (.text:_CSMON_vGetDateTime)
                  003ed4a1    0000001c     CSMON_C28xx.lib : csmon.obj (.text:_HMRECPRM_vGetDateTime)
                  003ed4bd    0000001c     sci.obj (.text:_SCI_clearInterruptStatus)
                  003ed4d9    0000001c     CSMON_C28xx.lib : hmmodbus.obj (.text:_vSetIndexFileTable)
                  003ed4f5    0000001c     rts2800_ml.lib : fs_tofd28.asm.obj (.text)
                  003ed511    0000001c                    : l_tofd28.asm.obj (.text)
                  003ed52d    0000001b     device.obj (.text:_Device_initGPIO)
                  003ed548    0000001b     CSMON_C28xx.lib : hmdrv.obj (.text:_HMDRV_AddressToBuffer)
                  003ed563    0000001b     rts2800_ml.lib : fd_toul28.asm.obj (.text)
                  003ed57e    0000001a     CSMON_C28xx.lib : csmon.obj (.text:_CSMON_eSetParameterListRealAddress)
                  003ed598    0000001a                     : hmmodbus.obj (.text:_HMMODBUS_vProcessSCITXISR)
                  003ed5b2    0000001a                     : hmrecparam.obj (.text:_HMRECPRM_StartRec)
                  003ed5cc    0000001a                     : hmserial.obj (.text:_HMSERIAL_vProcessSCITXISRFreemasterOnly)
                  003ed5e6    0000001a     sci.obj (.text:_SCI_disableInterrupt)
                  003ed600    0000001a     sci.obj (.text:_SCI_enableInterrupt)
                  003ed61a    0000001a     rts2800_ml.lib : l_tofs28.asm.obj (.text)
                  003ed634    00000019     CSMON_C28xx.lib : csmon.obj (.text:_CSMON_eSetParameterCountInRecorder)
                  003ed64d    00000019                     : hmdrv.obj (.text:_HMDRV_AddressFromBuffer)
                  003ed666    00000019                     : uart_drv.obj (.text:_UART_vInit)
                  003ed67f    00000019                     : hmmodbus.obj (.text:_bGetFileReadAccess)
                  003ed698    00000019     rts2800_ml.lib : prolog28.asm.obj (.text)
                  003ed6b1    00000018     CSMON_C28xx.lib : csmon.obj (.text:_CSMON_u32GetFreeRunningTimerMicroseconds)
                  003ed6c9    00000018                     : hmlib.obj (.text:_HMLIB_vProcessSCITXISRWithIndex)
                  003ed6e1    00000018     F2806x_SysCtrl.obj (.text:_InitSysCtrl)
                  003ed6f9    00000018     rts2800_ml.lib : ll_aox28.asm.obj (.text)
                  003ed711    00000017     CSMON_C28xx.lib : csmon.obj (.text:_CSMON_vSaveRecorderConfig)
                  003ed728    00000017                     : hmmodbus.obj (.text:_HMMODBUS_vProcessTxDelay)
                  003ed73f    00000017                     : hmprotocol.obj (.text:_HMPROTOCOL_WriteMem)
                  003ed756    00000017                     : hmprotocol.obj (.text:_HMPROTOCOL_WriteMemMask)
                  003ed76d    00000017                     : hmmodbus.obj (.text:_vSetBufferAddressStart)
                  003ed784    00000017     rts2800_ml.lib : fs_cmp28.asm.obj (.text)
                  003ed79b    00000017                    : u_tofd28.asm.obj (.text)
                  003ed7b2    00000016     CSMON_C28xx.lib : csmon.obj (.text:_CSMON_eSetParameterCountInScope)
                  003ed7c8    00000016                     : hmdrv.obj (.text:_HMDRV_AddressFromBufferBigEndian)
                  003ed7de    00000015                     : hmrecparam.obj (.text:_HMRECPRM_Comparefloat)
                  003ed7f3    00000015                     : hmrec.obj (.text:_HMREC_Comparefloat)
                  003ed808    00000015                     : hmrec.obj (.text:_HMREC_StartRec)
                  003ed81d    00000015     F2806x_Gpio.obj (.text:_InitGpio)
                  003ed832    00000014     CSMON_C28xx.lib : csmon.obj (.text:_CSMON_vFileParameterCountCheckSumUpdate)
                  003ed846    00000014                     : hmlib.obj (.text:_HMLIB_vProcessFastTD)
                  003ed85a    00000014                     : hmmodbus.obj (.text:_HMMODBUS_DelayedTx)
                  003ed86e    00000014                     : hmrecparam.obj (.text:_HMRECPRM_StopRecParam)
                  003ed882    00000014                     : hmserial.obj (.text:_HMSERIAL_DelayedTx)
                  003ed896    00000013                     : csmon.obj (.text:_CSMON_eSetFlagProcessPassed)
                  003ed8a9    00000013     rts2800_ml.lib : ul_tofs28.asm.obj (.text)
                  003ed8bc    00000012     CSMON_C28xx.lib : hmdrv.obj (.text:_HMDRV_GetStringLengthFromWordInternal)
                  003ed8ce    00000012                     : hmmodbus.obj (.text:_HMMODBUS_vSetupRegisterDummy)
                  003ed8e0    00000012                     : hmrecparam.obj (.text:_HMRECPRM_CompareBOOL)
                  003ed8f2    00000012                     : modbusreg.obj (.text:_MODBUSREG_FileShortNameElementSizeandAddressUpdateInit)
                  003ed904    00000012                     : modbusreg.obj (.text:_MODBUSREG_vFileDenyAccess)
                  003ed916    00000012                     : uart_drv.obj (.text:_UART_TxIntDis)
                  003ed928    00000012                     : uart_drv.obj (.text:_UART_TxIntEna)
                  003ed93a    00000012                     : hmmodbus.obj (.text:_u32BytesMemoryToBytesModbus)
                  003ed94c    00000012                     : hmmodbus.obj (.text:_u32BytesModbusToBytesMemory)
                  003ed95e    00000011     main.obj (.text:_CSMON_vSetDateTime)
                  003ed96f    00000011     CSMON_C28xx.lib : hmserial.obj (.text:_HMSERIAL_vInit)
                  003ed980    00000011     F2806x_PieVect.obj (.text:_InitPieVectTable)
                  003ed991    00000011     main.obj (.text:_vSetWatchdogPrescalerTimeDiv)
                  003ed9a2    00000011     rts2800_ml.lib : args_main.c.obj (.text)
                  003ed9b3    00000010     CSMON_C28xx.lib : csmon.obj (.text:_CSMON_eSetParameterListRegisterFlags)
                  003ed9c3    00000010     device.obj (.text:_Example_MemCopy)
                  003ed9d3    00000010     F2806x_SysCtrl.obj (.text:_IntOsc1Sel)
                  003ed9e3    00000010     CSMON_C28xx.lib : hmmodbus.obj (.text:_bIsValidEndAddressInBuffer)
                  003ed9f3    00000010     main.obj (.text:_vGetWatchdogPrescaler)
                  003eda03    00000010     rts2800_ml.lib : u_tofs28.asm.obj (.text)
                  003eda13    0000000f     CSMON_C28xx.lib : hmmodbus.obj (.text:_HMMODBUS_CalcCRC)
                  003eda22    0000000f                     : modbusreg.obj (.text:_MODBUSREG_FileParameterListAddressUpdateInit)
                  003eda31    0000000f                     : uart_drv.obj (.text:_UART_IsTxEmpty)
                  003eda40    0000000e                     : hmdrv.obj (.text:_HMDRV_GetStringLengthInternal)
                  003eda4e    0000000e                     : hmrecparam.obj (.text:_HMRECPRM_Compare16S)
                  003eda5c    0000000e                     : hmrecparam.obj (.text:_HMRECPRM_Compare16U)
                  003eda6a    0000000e                     : hmrecparam.obj (.text:_HMRECPRM_Compare32S)
                  003eda78    0000000e                     : hmrecparam.obj (.text:_HMRECPRM_Compare32U)
                  003eda86    0000000e                     : hmrecparam.obj (.text:_HMRECPRM_Compare8S)
                  003eda94    0000000e                     : hmrecparam.obj (.text:_HMRECPRM_Compare8U)
                  003edaa2    0000000e                     : hmrec.obj (.text:_HMREC_Compare16S)
                  003edab0    0000000e                     : hmrec.obj (.text:_HMREC_Compare16U)
                  003edabe    0000000e                     : hmrec.obj (.text:_HMREC_Compare32S)
                  003edacc    0000000e                     : hmrec.obj (.text:_HMREC_Compare32U)
                  003edada    0000000e                     : hmrec.obj (.text:_HMREC_Compare8S)
                  003edae8    0000000e                     : hmrec.obj (.text:_HMREC_Compare8U)
                  003edaf6    0000000e                     : hmmodbus.obj (.text:_u32FitAddressCircleBufferInside)
                  003edb04    0000000e     rts2800_ml.lib : fd_sub28.asm.obj (.text)
                  003edb12    0000000d     CSMON_C28xx.lib : csmon.obj (.text:_CSMON_eResetParameterTable)
                  003edb1f    0000000d                     : csmon.obj (.text:_CSMON_vInitHoldingRegistersTableChanges)
                  003edb2c    0000000d                     : hmrecparam.obj (.text:_HMRECPRM_IsJustStopped)
                  003edb39    0000000d                     : hmrecparam.obj (.text:_HMRECPRM_StopRec)
                  003edb46    0000000d                     : hmrec.obj (.text:_HMREC_StopRec)
                  003edb53    0000000d                     : modbusreg.obj (.text:_MODBUSREG_vFileAllowAccess)
                  003edb60    0000000d     tmr_drv.obj (.text:_TIMER_vSetupTimerMainFunctionDelayCompare)
                  003edb6d    0000000d     CSMON_C28xx.lib : uart_drv.obj (.text:_UART_ReadDataRxAvailable)
                  003edb7a    0000000c                     : hmlib.obj (.text:_HMLIB_vProcess)
                  003edb86    0000000c                     : hmrecparam.obj (.text:_HMRECPRM_GetBufferRecParamPtrAddress)
                  003edb92    0000000c                     : hmrecparam.obj (.text:_HMRECPRM_TriggerRec)
                  003edb9e    0000000c                     : hmmodbus.obj (.text:_u32FixAddressCircleBufferOverflow)
                  003edbaa    0000000c     rts2800_ml.lib : epilog28.asm.obj (.text)
                  003edbb6    0000000b     CSMON_C28xx.lib : hmmodbus.obj (.text:_HMMODBUS_vProcessFastTD)
                  003edbc1    0000000b                     : hmrecparam.obj (.text:_HMRECPRM_IsRunning)
                  003edbcc    0000000b                     : hmserial.obj (.text:_HMSERIAL_vProcessFastTD)
                  003edbd7    0000000b                     : modbusreg.obj (.text:_MODBUSREG_vDataZero)
                  003edbe2    0000000b     sci_driver.obj (.text:_SCI_DRV_eGetModuleIndexFromBase)
                  003edbed    0000000b     sci_drv.obj (.text:_SCI_eGetModuleIndexFromBase)
                  003edbf8    0000000b     CSMON_C28xx.lib : uart_drv.obj (.text:_UART_TxDis)
                  003edc03    0000000b                     : uart_drv.obj (.text:_UART_TxEna)
                  003edc0e    0000000b                     : hmmodbus.obj (.text:_bIsValidIndexFileTable)
                  003edc19    0000000b     rts2800_ml.lib : u_div28.asm.obj (.text)
                  003edc24    0000000a     CSMON_C28xx.lib : hmrecparam.obj (.text:_HMRECPRM_ClrLastStopDetectionToRecorderStopSamplesCounter)
                  003edc2e    0000000a                     : hmrecparam.obj (.text:_HMRECPRM_GetRecStatus)
                  003edc38    0000000a                     : hmrec.obj (.text:_HMREC_GetRecStatus)
                  003edc42    00000009                     : csmon.obj (.text:_CSMON_eSetParameterListRegisterSize)
                  003edc4b    00000009                     : csmon.obj (.text:_CSMON_eSetParameterListShortNaming)
                  003edc54    00000009                     : csmon.obj (.text:_CSMON_eSetServerOnStatus)
                  003edc5d    00000009                     : hmlib.obj (.text:_HMLIB_vInitRecParamBuff)
                  003edc66    00000009                     : hmmodbus.obj (.text:_HMMODBUS_vProcessFreeTimer)
                  003edc6f    00000009                     : hmmodbus.obj (.text:_HMMODBUS_vProcessRxDelay)
                  003edc78    00000009                     : hmrecparam.obj (.text:_HMRECPRM_GetExternBufferRecParamLastPointedAddress)
                  003edc81    00000009                     : hmrecparam.obj (.text:_HMRECPRM_GetExternBufferRecParamPtrAddress)
                  003edc8a    00000009                     : hmrec.obj (.text:_HMREC_TriggerRec)
                  003edc93    00000009                     : hmscopeparam.obj (.text:_HMSCOPEPRM_GetBufferScopeParamAddress)
                  003edc9c    00000009                     : hmserial.obj (.text:_HMSERIAL_vProcessFreeTimer)
                  003edca5    00000009     tmr_drv.obj (.text:_TIMER_vResetTimerMainFunctionDelayCounter)
                  003edcae    00000009     tmr_drv.obj (.text:_TIMER_vSetupTimerMainDelayedFunctionSendData)
                  003edcb7    00000009     CSMON_C28xx.lib : uart_drv.obj (.text:_UART_PutChar)
                  003edcc0    00000009                     : uart_drv.obj (.text:_UART_ReadDataRxTimeDiff)
                  003edcc9    00000009     rts2800_ml.lib : _lock.c.obj (.text)
                  003edcd2    00000009                    : fd_neg28.asm.obj (.text)
                  003edcdb    00000008     Example_Flash2806x_CsmKeys.obj (.text)
                  003edce3    00000008     F2806x_CodeStartBranch.obj (.text)
                  003edceb    00000008     F2806x_SysCtrl.obj (.text:_DisableDog)
                  003edcf3    00000008     CSMON_C28xx.lib : hmdrv.obj (.text:_HMDRV_CopyFromBufferWithMaskModbus)
                  003edcfb    00000008                     : hmmodbus.obj (.text:_HMMODBUS_vSetupHoldingRegistersProcessFuncTable)
                  003edd03    00000008                     : hmmodbus.obj (.text:_HMMODBUS_vSetupHoldingRegistersRealAddressTable)
                  003edd0b    00000008                     : hmmodbus.obj (.text:_HMMODBUS_vSetupHoldingRegistersRegisterFlagsTable)
                  003edd13    00000008                     : hmmodbus.obj (.text:_HMMODBUS_vSetupHoldingRegistersRegisterSizeTable)
                  003edd1b    00000008                     : hmmodbus.obj (.text:_HMMODBUS_vSetupHoldingRegistersVirtAddressTable)
                  003edd23    00000008                     : hmrecparam.obj (.text:_HMRECPRM_GetExternRecParamAddress)
                  003edd2b    00000008                     : hmrecparam.obj (.text:_HMRECPRM_GetExternRecParamPtrMaximumUsedSampleCount)
                  003edd33    00000008                     : hmrecparam.obj (.text:_HMRECPRM_GetExternRecParamPtrSampleSize)
                  003edd3b    00000008                     : hmrecparam.obj (.text:_HMRECPRM_GetRecParamPtrAvailableSampleCount)
                  003edd43    00000008                     : hmrecparam.obj (.text:_HMRECPRM_GetRecParamPtrLastSampleIndex)
                  003edd4b    00000008                     : hmrecparam.obj (.text:_HMRECPRM_GetRecParamPtrMaximumUsedSampleCount)
                  003edd53    00000008                     : hmrecparam.obj (.text:_HMRECPRM_GetRecParamPtrSampleSize)
                  003edd5b    00000008                     : hmrecparam.obj (.text:_HMRECPRM_GetStatusRecParamAddress)
                  003edd63    00000008                     : hmrecparam.obj (.text:_HMRECPRM_vInit)
                  003edd6b    00000008                     : hmrec.obj (.text:_HMREC_vInit)
                  003edd73    00000007     F2806x_DisInt.obj (.text)
                  003edd7a    00000007     CSMON_C28xx.lib : csmon.obj (.text:_CSMON_eSetParameterListAccessLevel)
                  003edd81    00000007                     : csmon.obj (.text:_CSMON_eSetParameterListBitsCount)
                  003edd88    00000007                     : csmon.obj (.text:_CSMON_eSetParameterListFunctionCode)
                  003edd8f    00000007                     : hmlib.obj (.text:_HMLIB_vProcessDifferentPorts)
                  003edd96    00000007                     : hmlib.obj (.text:_HMLIB_vProcessRecorders)
                  003edd9d    00000007                     : hmrecparam.obj (.text:_HMRECPRM_vResetAllStopDetections)
                  003edda4    00000007                     : hmscopeparam.obj (.text:_HMSCOPEPRM_GetStatusScopeParamAddress)
                  003eddab    00000007                     : modbusreg.obj (.text:_MODBUSREG_vInitHoldingRegistersTableChanges)
                  003eddb2    00000007     sci_driver.obj (.text:_SCI_DRV_u32GetBaseFromModuleIndex)
                  003eddb9    00000007     sci_drv.obj (.text:_SCI_u32GetBaseFromModuleIndex)
                  003eddc0    00000006     cputimer.obj (.text:_CPUTimer_setEmulationMode)
                  003eddc6    00000006     CSMON_C28xx.lib : hmrecparam.obj (.text:_HMRECPRM_SetUpRecBuff)
                  003eddcc    00000006                     : hmrec.obj (.text:_HMREC_SetUpRecBuff)
                  003eddd2    00000006     tmr_drv.obj (.text:_TIMER_u16ResetTimerMainPeriod)
                  003eddd8    00000006     uart_driver.obj (.text:_UART_DRV_GetChar)
                  003eddde    00000006     CSMON_C28xx.lib : uart_drv.obj (.text:_UART_GetChar)
                  003edde4    00000005     F2806x_DefaultIsr.obj (.text:_ADCINT1_ISR)
                  003edde9    00000005     F2806x_DefaultIsr.obj (.text:_ADCINT2_ISR)
                  003eddee    00000005     F2806x_DefaultIsr.obj (.text:_ADCINT3_ISR)
                  003eddf3    00000005     F2806x_DefaultIsr.obj (.text:_ADCINT4_ISR)
                  003eddf8    00000005     F2806x_DefaultIsr.obj (.text:_ADCINT5_ISR)
                  003eddfd    00000005     F2806x_DefaultIsr.obj (.text:_ADCINT6_ISR)
                  003ede02    00000005     F2806x_DefaultIsr.obj (.text:_ADCINT7_ISR)
                  003ede07    00000005     F2806x_DefaultIsr.obj (.text:_ADCINT8_ISR)
                  003ede0c    00000005     F2806x_DefaultIsr.obj (.text:_ADCINT9_ISR)
                  003ede11    00000005     F2806x_DefaultIsr.obj (.text:_CLA1_INT1_ISR)
                  003ede16    00000005     F2806x_DefaultIsr.obj (.text:_CLA1_INT2_ISR)
                  003ede1b    00000005     F2806x_DefaultIsr.obj (.text:_CLA1_INT3_ISR)
                  003ede20    00000005     F2806x_DefaultIsr.obj (.text:_CLA1_INT4_ISR)
                  003ede25    00000005     F2806x_DefaultIsr.obj (.text:_CLA1_INT5_ISR)
                  003ede2a    00000005     F2806x_DefaultIsr.obj (.text:_CLA1_INT6_ISR)
                  003ede2f    00000005     F2806x_DefaultIsr.obj (.text:_CLA1_INT7_ISR)
                  003ede34    00000005     F2806x_DefaultIsr.obj (.text:_CLA1_INT8_ISR)
                  003ede39    00000005     CSMON_C28xx.lib : csmon.obj (.text:_CSMON_eSetAutoServiceWatchdogInternalSlowCalculationsInMainLoop)
                  003ede3e    00000005                     : csmon.obj (.text:_CSMON_eSetFirmwareApplicationVersion)
                  003ede43    00000005                     : csmon.obj (.text:_CSMON_eSetMaxTimeInISR)
                  003ede48    00000005                     : csmon.obj (.text:_CSMON_eSetMinGuaranteedTimeBetweenTwoISRs)
                  003ede4d    00000005                     : csmon.obj (.text:_CSMON_u16ParametersAccessListIndexGenerate)
                  003ede52    00000005                     : csmon.obj (.text:_CSMON_u32GetFreeRunningTimerTicks)
                  003ede57    00000005                     : csmon.obj (.text:_CSMON_u32GetParameterAuxCheckSum)
                  003ede5c    00000005                     : csmon.obj (.text:_CSMON_u32GetParameterCheckSum)
                  003ede61    00000005                     : csmon.obj (.text:_CSMON_u32GetParameterStringCheckSum)
                  003ede66    00000005                     : csmon.obj (.text:_CSMON_vSetDateTimeRequest)
                  003ede6b    00000005     F2806x_DefaultIsr.obj (.text:_DATALOG_ISR)
                  003ede70    00000005     F2806x_DefaultIsr.obj (.text:_DINTCH1_ISR)
                  003ede75    00000005     F2806x_DefaultIsr.obj (.text:_DINTCH2_ISR)
                  003ede7a    00000005     F2806x_DefaultIsr.obj (.text:_DINTCH3_ISR)
                  003ede7f    00000005     F2806x_DefaultIsr.obj (.text:_DINTCH4_ISR)
                  003ede84    00000005     F2806x_DefaultIsr.obj (.text:_DINTCH5_ISR)
                  003ede89    00000005     F2806x_DefaultIsr.obj (.text:_DINTCH6_ISR)
                  003ede8e    00000005     F2806x_DefaultIsr.obj (.text:_ECAN0INTA_ISR)
                  003ede93    00000005     F2806x_DefaultIsr.obj (.text:_ECAN1INTA_ISR)
                  003ede98    00000005     F2806x_DefaultIsr.obj (.text:_ECAP1_INT_ISR)
                  003ede9d    00000005     F2806x_DefaultIsr.obj (.text:_ECAP2_INT_ISR)
                  003edea2    00000005     F2806x_DefaultIsr.obj (.text:_ECAP3_INT_ISR)
                  003edea7    00000005     F2806x_DefaultIsr.obj (.text:_EMPTY_ISR)
                  003edeac    00000005     F2806x_DefaultIsr.obj (.text:_EMUINT_ISR)
                  003edeb1    00000005     F2806x_DefaultIsr.obj (.text:_EPWM1_INT_ISR)
                  003edeb6    00000005     F2806x_DefaultIsr.obj (.text:_EPWM1_TZINT_ISR)
                  003edebb    00000005     F2806x_DefaultIsr.obj (.text:_EPWM2_INT_ISR)
                  003edec0    00000005     F2806x_DefaultIsr.obj (.text:_EPWM2_TZINT_ISR)
                  003edec5    00000005     F2806x_DefaultIsr.obj (.text:_EPWM3_INT_ISR)
                  003edeca    00000005     F2806x_DefaultIsr.obj (.text:_EPWM3_TZINT_ISR)
                  003edecf    00000005     F2806x_DefaultIsr.obj (.text:_EPWM4_INT_ISR)
                  003eded4    00000005     F2806x_DefaultIsr.obj (.text:_EPWM4_TZINT_ISR)
                  003eded9    00000005     F2806x_DefaultIsr.obj (.text:_EPWM5_INT_ISR)
                  003edede    00000005     F2806x_DefaultIsr.obj (.text:_EPWM5_TZINT_ISR)
                  003edee3    00000005     F2806x_DefaultIsr.obj (.text:_EPWM6_INT_ISR)
                  003edee8    00000005     F2806x_DefaultIsr.obj (.text:_EPWM6_TZINT_ISR)
                  003edeed    00000005     F2806x_DefaultIsr.obj (.text:_EPWM7_INT_ISR)
                  003edef2    00000005     F2806x_DefaultIsr.obj (.text:_EPWM7_TZINT_ISR)
                  003edef7    00000005     F2806x_DefaultIsr.obj (.text:_EPWM8_INT_ISR)
                  003edefc    00000005     F2806x_DefaultIsr.obj (.text:_EPWM8_TZINT_ISR)
                  003edf01    00000005     F2806x_DefaultIsr.obj (.text:_EQEP1_INT_ISR)
                  003edf06    00000005     F2806x_DefaultIsr.obj (.text:_EQEP2_INT_ISR)
                  003edf0b    00000005     CSMON_C28xx.lib : hmlib.obj (.text:_HMLIB_vProcessSamePort)
                  003edf10    00000005                     : hmlib.obj (.text:_HMLIB_vRecorder0)
                  003edf15    00000005                     : hmmodbus.obj (.text:_HMMODBUS_bGetReceivedMessage)
                  003edf1a    00000005                     : hmmodbus.obj (.text:_HMMODBUS_vFileTable)
                  003edf1f    00000005                     : hmrecparam.obj (.text:_HMRECPRM_vDisableAllStopDetections)
                  003edf24    00000005     F2806x_DefaultIsr.obj (.text:_HRCAP1_INT_ISR)
                  003edf29    00000005     F2806x_DefaultIsr.obj (.text:_HRCAP2_INT_ISR)
                  003edf2e    00000005     F2806x_DefaultIsr.obj (.text:_HRCAP3_INT_ISR)
                  003edf33    00000005     F2806x_DefaultIsr.obj (.text:_HRCAP4_INT_ISR)
                  003edf38    00000005     F2806x_DefaultIsr.obj (.text:_I2CINT1A_ISR)
                  003edf3d    00000005     F2806x_DefaultIsr.obj (.text:_I2CINT2A_ISR)
                  003edf42    00000005     F2806x_DefaultIsr.obj (.text:_ILLEGAL_ISR)
                  003edf47    00000005     F2806x_DefaultIsr.obj (.text:_INT13_ISR)
                  003edf4c    00000005     F2806x_DefaultIsr.obj (.text:_INT14_ISR)
                  003edf51    00000005     interrupt.obj (.text:_IntDefaultHandler)
                  003edf56    00000005     F2806x_DefaultIsr.obj (.text:_LUF_ISR)
                  003edf5b    00000005     F2806x_DefaultIsr.obj (.text:_LVF_ISR)
                  003edf60    00000005     CSMON_C28xx.lib : modbusreg.obj (.text:_MODBUSREG_vSetTableNameAddress)
                  003edf65    00000005                     : modbusreg.obj (.text:_MODBUSREG_vSetTableRealAddressInRam)
                  003edf6a    00000005                     : modbusreg.obj (.text:_MODBUSREG_vSetTableRegisterFlags)
                  003edf6f    00000005                     : modbusreg.obj (.text:_MODBUSREG_vSetTableRegisterSize)
                  003edf74    00000005                     : modbusreg.obj (.text:_MODBUSREG_vSetTableVirtAddress)
                  003edf79    00000005     F2806x_DefaultIsr.obj (.text:_MRINTA_ISR)
                  003edf7e    00000005     F2806x_DefaultIsr.obj (.text:_MXINTA_ISR)
                  003edf83    00000005     F2806x_DefaultIsr.obj (.text:_NMI_ISR)
                  003edf88    00000005     F2806x_DefaultIsr.obj (.text:_PIE_RESERVED)
                  003edf8d    00000005     F2806x_DefaultIsr.obj (.text:_RTOSINT_ISR)
                  003edf92    00000005     F2806x_DefaultIsr.obj (.text:_SCIRXINTA_ISR)
                  003edf97    00000005     F2806x_DefaultIsr.obj (.text:_SCIRXINTB_ISR)
                  003edf9c    00000005     F2806x_DefaultIsr.obj (.text:_SCITXINTA_ISR)
                  003edfa1    00000005     F2806x_DefaultIsr.obj (.text:_SCITXINTB_ISR)
                  003edfa6    00000005     F2806x_DefaultIsr.obj (.text:_SPIRXINTA_ISR)
                  003edfab    00000005     F2806x_DefaultIsr.obj (.text:_SPIRXINTB_ISR)
                  003edfb0    00000005     F2806x_DefaultIsr.obj (.text:_SPITXINTA_ISR)
                  003edfb5    00000005     F2806x_DefaultIsr.obj (.text:_SPITXINTB_ISR)
                  003edfba    00000005     tmr_drv.obj (.text:_TIMER_vSetupTimerMainDelayedData)
                  003edfbf    00000005     F2806x_DefaultIsr.obj (.text:_TINT0_ISR)
                  003edfc4    00000005     F2806x_DefaultIsr.obj (.text:_USB0_INT_ISR)
                  003edfc9    00000005     F2806x_DefaultIsr.obj (.text:_USER10_ISR)
                  003edfce    00000005     F2806x_DefaultIsr.obj (.text:_USER11_ISR)
                  003edfd3    00000005     F2806x_DefaultIsr.obj (.text:_USER12_ISR)
                  003edfd8    00000005     F2806x_DefaultIsr.obj (.text:_USER1_ISR)
                  003edfdd    00000005     F2806x_DefaultIsr.obj (.text:_USER2_ISR)
                  003edfe2    00000005     F2806x_DefaultIsr.obj (.text:_USER3_ISR)
                  003edfe7    00000005     F2806x_DefaultIsr.obj (.text:_USER4_ISR)
                  003edfec    00000005     F2806x_DefaultIsr.obj (.text:_USER5_ISR)
                  003edff1    00000005     F2806x_DefaultIsr.obj (.text:_USER6_ISR)
                  003edff6    00000005     F2806x_DefaultIsr.obj (.text:_USER7_ISR)
                  003edffb    00000005     F2806x_DefaultIsr.obj (.text:_USER8_ISR)
                  003ee000    00000005     F2806x_DefaultIsr.obj (.text:_USER9_ISR)
                  003ee005    00000005     F2806x_DefaultIsr.obj (.text:_WAKEINT_ISR)
                  003ee00a    00000005     F2806x_DefaultIsr.obj (.text:_XINT1_ISR)
                  003ee00f    00000005     F2806x_DefaultIsr.obj (.text:_XINT2_ISR)
                  003ee014    00000005     F2806x_DefaultIsr.obj (.text:_XINT3_ISR)
                  003ee019    00000005     F2806x_DefaultIsr.obj (.text:_rsvd_ISR)
                  003ee01e    00000005     rts2800_ml.lib : fs_neg28.asm.obj (.text)
                  003ee023    00000004     CSMON_C28xx.lib : csmon.obj (.text:_CSMON_eApplyParameterChanges)
                  003ee027    00000004                     : csmon.obj (.text:_CSMON_eRegisterWriteParElementCallbackFunction)
                  003ee02b    00000004                     : csmon.obj (.text:_CSMON_eSetInternalTimerPeriod)
                  003ee02f    00000004                     : csmon.obj (.text:_CSMON_eSetTimerPeriodISRFunctionRegister)
                  003ee033    00000004                     : csmon.obj (.text:_CSMON_u32GetBaudError_PPM)
                  003ee037    00000004                     : csmon.obj (.text:_CSMON_vAddSetupRecorderParameterMask)
                  003ee03b    00000004                     : csmon.obj (.text:_CSMON_vInitScopes)
                  003ee03f    00000004                     : csmon.obj (.text:_CSMON_vSetStartRecorderParameterMask)
                  003ee043    00000004                     : hmdrv.obj (.text:_HMDRV_SetExAddr)
                  003ee047    00000004                     : hmdrv.obj (.text:_HMDRV_u32GetDeviceSYSCLKFreq)
                  003ee04b    00000004                     : hmdrv.obj (.text:_HMDRV_u32GetSCIErrorPPM)
                  003ee04f    00000004                     : hmlib.obj (.text:_HMLIB_vRecorderParam0)
                  003ee053    00000004                     : hmmodbus.obj (.text:_HMMODBUS_u32GetAddressMessageCounterThisDevice)
                  003ee057    00000004                     : hmmodbus.obj (.text:_HMMODBUS_vSetAddressMessageCounterThisDevice)
                  003ee05b    00000004                     : hmmodbus.obj (.text:_HMMODBUS_vSetDeviceIDMajorMinorRevision)
                  003ee05f    00000004                     : hmmodbus.obj (.text:_HMMODBUS_vSetDeviceIDMajorMinorRevisionLength)
                  003ee063    00000004                     : hmmodbus.obj (.text:_HMMODBUS_vSetDeviceIDModelName)
                  003ee067    00000004                     : hmmodbus.obj (.text:_HMMODBUS_vSetDeviceIDModelNameLength)
                  003ee06b    00000004                     : hmmodbus.obj (.text:_HMMODBUS_vSetDeviceIDProductCode)
                  003ee06f    00000004                     : hmmodbus.obj (.text:_HMMODBUS_vSetDeviceIDProductCodeLength)
                  003ee073    00000004                     : hmmodbus.obj (.text:_HMMODBUS_vSetDeviceIDProductName)
                  003ee077    00000004                     : hmmodbus.obj (.text:_HMMODBUS_vSetDeviceIDProductNameLength)
                  003ee07b    00000004                     : hmmodbus.obj (.text:_HMMODBUS_vSetDeviceIDUserApplicationName)
                  003ee07f    00000004                     : hmmodbus.obj (.text:_HMMODBUS_vSetDeviceIDUserApplicationNameLength)
                  003ee083    00000004                     : hmmodbus.obj (.text:_HMMODBUS_vSetDeviceIDUserReserve0)
                  003ee087    00000004                     : hmmodbus.obj (.text:_HMMODBUS_vSetDeviceIDUserReserve0Length)
                  003ee08b    00000004                     : hmmodbus.obj (.text:_HMMODBUS_vSetDeviceIDUserReserve1)
                  003ee08f    00000004                     : hmmodbus.obj (.text:_HMMODBUS_vSetDeviceIDUserReserve1Length)
                  003ee093    00000004                     : hmmodbus.obj (.text:_HMMODBUS_vSetDeviceIDUserReserve2)
                  003ee097    00000004                     : hmmodbus.obj (.text:_HMMODBUS_vSetDeviceIDUserReserve2Length)
                  003ee09b    00000004                     : hmmodbus.obj (.text:_HMMODBUS_vSetDeviceIDVendorName)
                  003ee09f    00000004                     : hmmodbus.obj (.text:_HMMODBUS_vSetDeviceIDVendorNameLength)
                  003ee0a3    00000004                     : hmmodbus.obj (.text:_HMMODBUS_vSetDeviceIDVendorUrl)
                  003ee0a7    00000004                     : hmmodbus.obj (.text:_HMMODBUS_vSetDeviceIDVendorUrlLength)
                  003ee0ab    00000004                     : hmmodbus.obj (.text:_HMMODBUS_vSetServerIDDataAddress)
                  003ee0af    00000004                     : hmmodbus.obj (.text:_HMMODBUS_vSetServerIDLength)
                  003ee0b3    00000004                     : hmmodbus.obj (.text:_HMMODBUS_vSetServerIDNumber)
                  003ee0b7    00000004                     : hmmodbus.obj (.text:_HMMODBUS_vSetServerOnStatus)
                  003ee0bb    00000004                     : hmmodbus.obj (.text:_HMMODBUS_vSetupHoldingRegistersAccessTableInRam)
                  003ee0bf    00000004                     : hmmodbus.obj (.text:_HMMODBUS_vSetupWriteParElementCallbackFunction)
                  003ee0c3    00000004     interrupt.obj (.text:_IntMasterDisable)
                  003ee0c7    00000004     interrupt.obj (.text:_IntMasterEnable)
                  003ee0cb    00000004     CSMON_C28xx.lib : modbusreg.obj (.text:_MODBUSREG_u16GetHoldRegFillCount)
                  003ee0cf    00000004                     : modbusreg.obj (.text:_MODBUSREG_u16GetHoldRegUsedCount)
                  003ee0d3    00000004                     : modbusreg.obj (.text:_MODBUSREG_u16GetTableRegisterFlagsElementOffset)
                  003ee0d7    00000004                     : modbusreg.obj (.text:_MODBUSREG_u16GetTableRegisterSizeElementOffset)
                  003ee0db    00000004                     : modbusreg.obj (.text:_MODBUSREG_u16GetTableVirtAddressElementOffset)
                  003ee0df    00000004                     : modbusreg.obj (.text:_MODBUSREG_u32GetRegisterAccessTableInRam)
                  003ee0e3    00000004                     : modbusreg.obj (.text:_MODBUSREG_u32GetTableRegisterFlags)
                  003ee0e7    00000004                     : modbusreg.obj (.text:_MODBUSREG_u32GetTableRegisterSize)
                  003ee0eb    00000004                     : modbusreg.obj (.text:_MODBUSREG_u32GetTableVirtAddress)
                  003ee0ef    00000004                     : modbusreg.obj (.text:_MODBUSREG_vSetFileAutorization_FunctionAfterWriteFileRecordTable)
                  003ee0f3    00000004                     : modbusreg.obj (.text:_MODBUSREG_vSetFileParamCount_FunctionBeforeReadFileRecord)
                  003ee0f7    00000004                     : modbusreg.obj (.text:_MODBUSREG_vSetFileRTC_FunctionAfterReadFileRecord)
                  003ee0fb    00000004                     : modbusreg.obj (.text:_MODBUSREG_vSetFileRTC_FunctionAfterWriteFileRecord)
                  003ee0ff    00000004                     : modbusreg.obj (.text:_MODBUSREG_vSetFileRecConfig_FunctionAfterWriteFileRecord)
                  003ee103    00000004                     : modbusreg.obj (.text:_MODBUSREG_vSetFileRecStatus_FunctionIndexGenerationFileRecord)
                  003ee107    00000004                     : modbusreg.obj (.text:_MODBUSREG_vSetHoldRegFillCount)
                  003ee10b    00000004                     : modbusreg.obj (.text:_MODBUSREG_vSetParamCount)
                  003ee10f    00000004                     : modbusreg.obj (.text:_MODBUSREG_vSetParamListAddress)
                  003ee113    00000004                     : modbusreg.obj (.text:_MODBUSREG_vSetParamNumbAddress)
                  003ee117    00000004                     : modbusreg.obj (.text:_MODBUSREG_vSetParamRecorderConfigAddress)
                  003ee11b    00000004                     : modbusreg.obj (.text:_MODBUSREG_vSetParamScopeConfigAddress)
                  003ee11f    00000004     tmr_drv.obj (.text:_TIMER_vGetTimerMainRollingCounter)
                  003ee123    00000004     tmr_drv.obj (.text:_TIMER_vSetupTimerMainCSMONFunction)
                  003ee127    00000004     tmr_drv.obj (.text:_TMR_u16GetFreeRunTimerPrescaller)
                  003ee12b    00000004     CSMON_C28xx.lib : hmmodbus.obj (.text:_bGetElementsDifference)
                  003ee12f    00000004                     : hmmodbus.obj (.text:_u16GetIndexFileTable)
                  003ee133    00000004                     : hmmodbus.obj (.text:_u32GetBufferAddressStart)
                  003ee137    00000004                     : hmmodbus.obj (.text:_u32GetBufferSize)
                  003ee13b    00000004                     : hmmodbus.obj (.text:_u32GetSampleCountAvailable)
                  003ee13f    00000004                     : hmmodbus.obj (.text:_u32GetSampleCountBuffer)
                  003ee143    00000004                     : hmmodbus.obj (.text:_u32GetStartSampleIndex)
                  003ee147    00000004                     : hmmodbus.obj (.text:_u8GetSampleSize)
                  003ee14b    00000004                     : hmmodbus.obj (.text:_vSetBufferSize)
                  003ee14f    00000003     F2806x_DBGIER.obj (.text)
                  003ee152    00000003     CSMON_C28xx.lib : csmon.obj (.text:_CSMON_u32GetModbusMessageCounterRegisterRealAddress)
                  003ee155    00000003                     : csmon.obj (.text:_CSMON_vSetModbusMessageCounterRegisterRealAddress)
                  003ee158    00000003                     : hmlib.obj (.text:_HMLIB_vRecorderParamTimeSync)
                  003ee15b    00000003                     : hmrecparam.obj (.text:_HMRECPRM_GetTimeBase)
                  003ee15e    00000003                     : modbusreg.obj (.text:_MODBUSREG_u32GetAddressMessageCounterThisDevice)
                  003ee161    00000003                     : modbusreg.obj (.text:_MODBUSREG_vSetAddressMessageCounterThisDevice)
                  003ee164    00000003                     : uart_drv.obj (.text:_UART_TXInterrupt)
                  003ee167    00000002                     : csmon.obj (.text:_CSMON_eSetParameterListDataDefault)
                  003ee169    00000002                     : csmon.obj (.text:_CSMON_eSetParameterListDataMaximum)
                  003ee16b    00000002                     : csmon.obj (.text:_CSMON_eSetParameterListDataMinimum)
                  003ee16d    00000002                     : csmon.obj (.text:_CSMON_eSetParameterListValueFormat)
                  003ee16f    00000002                     : csmon.obj (.text:_CSMON_u32GetParameterListCheckSum)
                  003ee171    00000002                     : csmon.obj (.text:_CSMON_u32GetParameterNumbCheckSum)
                  003ee173    00000002                     : csmon.obj (.text:_CSMON_u32GetParameterShortNameCheckSum)
                  003ee175    00000002                     : hmrecparam.obj (.text:_HMRECPRM_AbortRec)
                  003ee177    00000002                     : hmrecparam.obj (.text:_HMRECPRM_GetRecBuffSize)
                  003ee179    00000002                     : hmrec.obj (.text:_HMREC_AbortRec)
                  003ee17b    00000002                     : hmrec.obj (.text:_HMREC_GetRecBuffSize)
                  003ee17d    00000002     main.obj (.text:_eWriteParElement)
                  003ee17f    00000002     rts2800_ml.lib : pre_init.c.obj (.text)
                  003ee181    00000001     CSMON_C28xx.lib : hmprotocol.obj (.text:_HMPROTOCOL_vInit)
                  003ee182    00000001     uart_driver.obj (.text:_UART_DRV_TXInterrupt)
                  003ee183    00000001     rts2800_ml.lib : startup.c.obj (.text)

ramfuncs   0    003ee184    00000029     RUN ADDR = 00008000
                  003ee184    0000001d     F2806x_SysCtrl.obj (ramfuncs:_InitFlash)
                  003ee1a1    00000008     device.obj (ramfuncs:_MyCallbackFunction)
                  003ee1a9    00000004     F2806x_usDelay.obj (ramfuncs)

csm_rsvd   0    003f7f80    00000076     
                  003f7f80    00000076     F2806x_CSMPasswords.obj (csm_rsvd)

codestart 
*          0    003f7ff6    00000002     
                  003f7ff6    00000002     F2806x_CodeStartBranch.obj (codestart)

csmpasswds 
*          0    003f7ff8    00000008     
                  003f7ff8    00000008     F2806x_CSMPasswords.obj (csmpasswds)

.stack     1    00000050    00000380     UNINITIALIZED
                  00000050    00000380     --HOLE--

.econst    0    003ee1ae    00003716     
                  003ee1ae    00003200     main.obj (.econst:_asParameterList)
                  003f13ae    00000100     CSMON_C28xx.lib : hmmodbus.obj (.econst:.string:_auchCRCHi)
                  003f14ae    00000100                     : hmmodbus.obj (.econst:.string:_auchCRCLo)
                  003f15ae    00000100     F2806x_PieVect.obj (.econst:_PieVectTableInit)
                  003f16ae    00000084     rts2800_ml.lib : k_rem_pio2.c.obj (.econst:_ipio2)
                  003f1732    00000050     CSMON_C28xx.lib : csmon.obj (.econst:_CSMON_asAccessLevelPasswords)
                  003f1782    0000002c     rts2800_ml.lib : k_rem_pio2.c.obj (.econst)
                  003f17ae    00000028                    : k_cosf.c.obj (.econst)
                  003f17d6    00000020                    : k_rem_pio2.c.obj (.econst:_PIo2)
                  003f17f6    00000020                    : k_sinf.c.obj (.econst)
                  003f1816    0000001c                    : e_rem_pio2f.c.obj (.econst)
                  003f1832    0000001c                    : s_scalbn.c.obj (.econst)
                  003f184e    00000018     CSMON_C28xx.lib : csmon.obj (.econst:_$P$T8$1)
                  003f1866    00000018     rts2800_ml.lib : s_sinf.c.obj (.econst)
                  003f187e    00000014     CSMON_C28xx.lib : csmon.obj (.econst:_CSMON_au8FileImplementedFunctionCodes)
                  003f1892    00000010     main.obj (.econst)
                  003f18a2    0000000c     CSMON_C28xx.lib : hmprotocol.obj (.econst:.string)
                  003f18ae    0000000c     rts2800_ml.lib : s_floor.c.obj (.econst)
                  003f18ba    00000006     CSMON_C28xx.lib : csmon.obj (.econst:_CSMON_au8FileParameterListElementsCountInPartTable)
                  003f18c0    00000004     rts2800_ml.lib : k_rem_pio2.c.obj (.econst:_init_jk)

.switch    0    003f20c4    00000020     
                  003f20c4    00000020     CSMON_C28xx.lib : csmon.obj (.switch:_CSMON_eSetParameter)

.reset     0    003fffc0    00000002     DSECT
                  003fffc0    00000002     rts2800_ml.lib : boot28.asm.obj (.reset)

vectors    0    003fffc2    00000000     DSECT

DevEmuRegsFile 
*          1    00000880    00000004     UNINITIALIZED
                  00000880    00000004     F2806x_GlobalVariableDefs.obj (DevEmuRegsFile)

SysPwrCtrlRegsFile 
*          1    00000985    00000003     UNINITIALIZED
                  00000985    00000003     F2806x_GlobalVariableDefs.obj (SysPwrCtrlRegsFile)

FlashRegsFile 
*          1    00000a80    00000008     UNINITIALIZED
                  00000a80    00000008     F2806x_GlobalVariableDefs.obj (FlashRegsFile)

CsmRegsFile 
*          1    00000ae0    00000010     UNINITIALIZED
                  00000ae0    00000010     F2806x_GlobalVariableDefs.obj (CsmRegsFile)

AdcResultFile 
*          1    00000b00    00000010     UNINITIALIZED
                  00000b00    00000010     F2806x_GlobalVariableDefs.obj (AdcResultFile)

CpuTimer0RegsFile 
*          1    00000c00    00000008     UNINITIALIZED
                  00000c00    00000008     F2806x_GlobalVariableDefs.obj (CpuTimer0RegsFile)

CpuTimer1RegsFile 
*          1    00000c08    00000008     UNINITIALIZED
                  00000c08    00000008     F2806x_GlobalVariableDefs.obj (CpuTimer1RegsFile)

CpuTimer2RegsFile 
*          1    00000c10    00000008     UNINITIALIZED
                  00000c10    00000008     F2806x_GlobalVariableDefs.obj (CpuTimer2RegsFile)

PieCtrlRegsFile 
*          1    00000ce0    0000001a     UNINITIALIZED
                  00000ce0    0000001a     F2806x_GlobalVariableDefs.obj (PieCtrlRegsFile)

PieVectTableFile 
*          1    00000d00    00000100     UNINITIALIZED
                  00000d00    00000100     F2806x_GlobalVariableDefs.obj (PieVectTableFile)

EmuKeyVar 
*          1    00000d00    00000001     UNINITIALIZED
                  00000d00    00000001     F2806x_GlobalVariableDefs.obj (EmuKeyVar)

EmuBModeVar 
*          1    00000d01    00000001     UNINITIALIZED
                  00000d01    00000001     F2806x_GlobalVariableDefs.obj (EmuBModeVar)

FlashCallbackVar 
*          1    00000d02    00000002     UNINITIALIZED
                  00000d02    00000002     F2806x_GlobalVariableDefs.obj (FlashCallbackVar)

FlashScalingVar 
*          1    00000d04    00000002     UNINITIALIZED
                  00000d04    00000002     F2806x_GlobalVariableDefs.obj (FlashScalingVar)

DmaRegsFile 
*          1    00001000    000000e0     UNINITIALIZED
                  00001000    000000e0     F2806x_GlobalVariableDefs.obj (DmaRegsFile)

Cla1RegsFile 
*          1    00001400    00000040     UNINITIALIZED
                  00001400    00000040     F2806x_GlobalVariableDefs.obj (Cla1RegsFile)

Usb0RegsFile 
*          1    00004000    00000454     UNINITIALIZED
                  00004000    00000454     F2806x_GlobalVariableDefs.obj (Usb0RegsFile)

McbspaRegsFile 
*          1    00005000    00000024     UNINITIALIZED
                  00005000    00000024     F2806x_GlobalVariableDefs.obj (McbspaRegsFile)

ECanaRegsFile 
*          1    00006000    00000034     UNINITIALIZED
                  00006000    00000034     F2806x_GlobalVariableDefs.obj (ECanaRegsFile)

ECanaLAMRegsFile 
*          1    00006040    00000040     UNINITIALIZED
                  00006040    00000040     F2806x_GlobalVariableDefs.obj (ECanaLAMRegsFile)

ECanaMOTSRegsFile 
*          1    00006080    00000040     UNINITIALIZED
                  00006080    00000040     F2806x_GlobalVariableDefs.obj (ECanaMOTSRegsFile)

ECanaMOTORegsFile 
*          1    000060c0    00000040     UNINITIALIZED
                  000060c0    00000040     F2806x_GlobalVariableDefs.obj (ECanaMOTORegsFile)

ECanaMboxesFile 
*          1    00006100    00000100     UNINITIALIZED
                  00006100    00000100     F2806x_GlobalVariableDefs.obj (ECanaMboxesFile)

Comp1RegsFile 
*          1    00006400    00000014     UNINITIALIZED
                  00006400    00000014     F2806x_GlobalVariableDefs.obj (Comp1RegsFile)

Comp2RegsFile 
*          1    00006420    00000014     UNINITIALIZED
                  00006420    00000014     F2806x_GlobalVariableDefs.obj (Comp2RegsFile)

Comp3RegsFile 
*          1    00006440    00000014     UNINITIALIZED
                  00006440    00000014     F2806x_GlobalVariableDefs.obj (Comp3RegsFile)

EPwm1RegsFile 
*          1    00006800    00000040     UNINITIALIZED
                  00006800    00000040     F2806x_GlobalVariableDefs.obj (EPwm1RegsFile)

EPwm2RegsFile 
*          1    00006840    00000040     UNINITIALIZED
                  00006840    00000040     F2806x_GlobalVariableDefs.obj (EPwm2RegsFile)

EPwm3RegsFile 
*          1    00006880    00000040     UNINITIALIZED
                  00006880    00000040     F2806x_GlobalVariableDefs.obj (EPwm3RegsFile)

EPwm4RegsFile 
*          1    000068c0    00000040     UNINITIALIZED
                  000068c0    00000040     F2806x_GlobalVariableDefs.obj (EPwm4RegsFile)

EPwm5RegsFile 
*          1    00006900    00000040     UNINITIALIZED
                  00006900    00000040     F2806x_GlobalVariableDefs.obj (EPwm5RegsFile)

EPwm6RegsFile 
*          1    00006940    00000040     UNINITIALIZED
                  00006940    00000040     F2806x_GlobalVariableDefs.obj (EPwm6RegsFile)

EPwm7RegsFile 
*          1    00006980    00000040     UNINITIALIZED
                  00006980    00000040     F2806x_GlobalVariableDefs.obj (EPwm7RegsFile)

EPwm8RegsFile 
*          1    000069c0    00000040     UNINITIALIZED
                  000069c0    00000040     F2806x_GlobalVariableDefs.obj (EPwm8RegsFile)

ECap1RegsFile 
*          1    00006a00    00000020     UNINITIALIZED
                  00006a00    00000020     F2806x_GlobalVariableDefs.obj (ECap1RegsFile)

ECap2RegsFile 
*          1    00006a20    00000020     UNINITIALIZED
                  00006a20    00000020     F2806x_GlobalVariableDefs.obj (ECap2RegsFile)

ECap3RegsFile 
*          1    00006a40    00000020     UNINITIALIZED
                  00006a40    00000020     F2806x_GlobalVariableDefs.obj (ECap3RegsFile)

HRCap1RegsFile 
*          1    00006ac0    00000020     UNINITIALIZED
                  00006ac0    00000020     F2806x_GlobalVariableDefs.obj (HRCap1RegsFile)

HRCap2RegsFile 
*          1    00006ae0    00000020     UNINITIALIZED
                  00006ae0    00000020     F2806x_GlobalVariableDefs.obj (HRCap2RegsFile)

EQep1RegsFile 
*          1    00006b00    00000022     UNINITIALIZED
                  00006b00    00000022     F2806x_GlobalVariableDefs.obj (EQep1RegsFile)

EQep2RegsFile 
*          1    00006b40    00000022     UNINITIALIZED
                  00006b40    00000022     F2806x_GlobalVariableDefs.obj (EQep2RegsFile)

HRCap3RegsFile 
*          1    00006c80    00000020     UNINITIALIZED
                  00006c80    00000020     F2806x_GlobalVariableDefs.obj (HRCap3RegsFile)

HRCap4RegsFile 
*          1    00006ca0    00000020     UNINITIALIZED
                  00006ca0    00000020     F2806x_GlobalVariableDefs.obj (HRCap4RegsFile)

GpioCtrlRegsFile 
*          1    00006f80    00000040     UNINITIALIZED
                  00006f80    00000040     F2806x_GlobalVariableDefs.obj (GpioCtrlRegsFile)

GpioDataRegsFile 
*          1    00006fc0    00000020     UNINITIALIZED
                  00006fc0    00000020     F2806x_GlobalVariableDefs.obj (GpioDataRegsFile)

GpioIntRegsFile 
*          1    00006fe0    00000020     UNINITIALIZED
                  00006fe0    00000020     F2806x_GlobalVariableDefs.obj (GpioIntRegsFile)

SysCtrlRegsFile 
*          1    00007010    00000030     UNINITIALIZED
                  00007010    00000030     F2806x_GlobalVariableDefs.obj (SysCtrlRegsFile)

SpiaRegsFile 
*          1    00007040    00000010     UNINITIALIZED
                  00007040    00000010     F2806x_GlobalVariableDefs.obj (SpiaRegsFile)

SciaRegsFile 
*          1    00007050    00000010     UNINITIALIZED
                  00007050    00000010     F2806x_GlobalVariableDefs.obj (SciaRegsFile)

NmiIntruptRegsFile 
*          1    00007060    00000010     UNINITIALIZED
                  00007060    00000010     F2806x_GlobalVariableDefs.obj (NmiIntruptRegsFile)

XIntruptRegsFile 
*          1    00007070    00000010     UNINITIALIZED
                  00007070    00000010     F2806x_GlobalVariableDefs.obj (XIntruptRegsFile)

AdcRegsFile 
*          1    00007100    00000050     UNINITIALIZED
                  00007100    00000050     F2806x_GlobalVariableDefs.obj (AdcRegsFile)

SpibRegsFile 
*          1    00007740    00000010     UNINITIALIZED
                  00007740    00000010     F2806x_GlobalVariableDefs.obj (SpibRegsFile)

ScibRegsFile 
*          1    00007750    00000010     UNINITIALIZED
                  00007750    00000010     F2806x_GlobalVariableDefs.obj (ScibRegsFile)

I2caRegsFile 
*          1    00007900    00000022     UNINITIALIZED
                  00007900    00000022     F2806x_GlobalVariableDefs.obj (I2caRegsFile)

PartIdRegsFile 
*          1    003d7e80    00000001     UNINITIALIZED
                  003d7e80    00000001     F2806x_GlobalVariableDefs.obj (PartIdRegsFile)

CsmPwlFile 
*          1    003f7ff8    00000008     UNINITIALIZED
                  003f7ff8    00000008     F2806x_GlobalVariableDefs.obj (CsmPwlFile)

.ebss.1    1    00008c00    00000400     UNINITIALIZED
                  00008c00    00000400     CSMON_C28xx.lib : modbusreg.obj (.ebss:_MODBUSREG_u32RegisterAccessTableInRam)

.ebss.2    1    00009000    00003000     UNINITIALIZED
                  00009000    00001800     CSMON_C28xx.lib : csmon.obj (.ebss:_CSMON_pauFileParameterNumericRealocatable)
                  0000a800    00000800                     : uart_drv.obj (.ebss:_UARTRxBufferTimeDiff)
                  0000b000    00000800                     : hmrec.obj (.ebss:_au8RecBuffer0)
                  0000b800    00000800                     : hmrecparam.obj (.ebss:_au8RecParamBuffer0)

.ebss.3    1    0000c000    000018af     UNINITIALIZED
[...]
003eab06  local     $30 (.text)
003eab34  local     $35 (.text)
003eab63  local     $40 (.text)
003eaac5  local     $5_$2 (.text)
00000000  local     .bss (.bss)
00000000  local     .data (.data)
003eaab1  local     .text (.text)
003eaad5  local     CHECK_SIGN1 (.text)
003eab10  local     CHECK_SIGN2 (.text)
003eab48  local     DGT3 (.text)
003eab4a  local     DIVUDenHighZero (.text)
003eaadf  local     EQ0 (.text)
003eaada  local     EQ1 (.text)
003eab18  local     EQ2 (.text)
003eab43  local     EQ3 (.text)
003eab74  local     EQ4 (.text)
003eaab1  global    LL$$DIV (.text)
003eaaed  global    LL$$MOD (.text)
003eab93  local     LOOP (.text)
003eab82  local     MAINDIV (.text)
003eaba1  local     MD_NEQ (.text)
003eab76  local     MODUDenHighZero (.text)
003eaad8  local     RET1 (.text)
003eab13  local     RET2 (.text)
003eab41  local     RET3 (.text)
003eab70  local     RET4 (.text)
003eab15  local     RET_NUM1 (.text)
003eab72  local     RET_NUM2 (.text)
003eaae1  local     SDIVUDenHighZero (.text)
003eabab  local     SKIP (.text)
003eabad  local     SKIP1 (.text)
003eab1b  local     SMODUDenHighZero (.text)
003eab27  global    ULL$$DIV (.text)
003eab56  global    ULL$$MOD (.text)


================================================================================

rts2800_ml.lib : u_div28.asm.obj

Run/Load            
Value     Binding   Name (Section)
--------  --------  ---------------
00000000  local     .bss (.bss)
00000000  local     .data (.data)
003edc19  local     .text (.text)
003edc19  global    U$$DIV (.text)
003edc1e  global    U$$MOD (.text)


================================================================================

rts2800_ml.lib : u_tofd28.asm.obj

Run/Load            
Value     Binding   Name (Section)
--------  --------  ---------------
00000000  local     .bss (.bss)
00000000  local     .data (.data)
003ed79b  local     .text (.text)
003ed7a8  local     NORMALIZE (.text)
003ed7b0  local     OP_ZERO (.text)
003ed7aa  local     PACK (.text)
003ed7af  local     RETURN (.text)
003ed7ad  local     RETURN_VALUE (.text)
003ed79b  global    U$$TOFD (.text)


================================================================================

rts2800_ml.lib : u_tofs28.asm.obj

Run/Load            
Value     Binding   Name (Section)
--------  --------  ---------------
00000000  local     .bss (.bss)
00000000  local     .data (.data)
003eda03  local     .text (.text)
003eda12  local     RESTORE (.text)
003eda03  global    U$$TOFS (.text)
003eda12  local     ZERO (.text)


================================================================================

rts2800_ml.lib : l_tofs28.asm.obj

Run/Load            
Value     Binding   Name (Section)
--------  --------  ---------------
00000000  local     .bss (.bss)
00000000  local     .data (.data)
003ed61a  local     .text (.text)
003ed61a  global    L$$TOFS (.text)
003ed630  local     OVERFLOW (.text)
003ed62f  local     RETURN (.text)
003ed62f  local     ZERO (.text)


================================================================================

rts2800_ml.lib : ul_tofs28.asm.obj

Run/Load            
Value     Binding   Name (Section)
--------  --------  ---------------
00000000  local     .bss (.bss)
00000000  local     .data (.data)
003ed8a9  local     .text (.text)
003ed8b1  local     LEFT_SHIFT (.text)
003ed8b3  local     PACK (.text)
003ed8bb  local     RETURN (.text)
003ed8a9  global    UL$$TOFS (.text)
003ed8bb  local     ZERO (.text)


================================================================================

rts2800_ml.lib : prolog28.asm.obj

Run/Load            
Value     Binding   Name (Section)
--------  --------  ---------------
00000000  local     .bss (.bss)
00000000  local     .data (.data)
003ed698  local     .text (.text)
003ed698  global    _prolog_c28x_1 (.text)
003ed69c  global    _prolog_c28x_2 (.text)
003ed6a4  global    _prolog_c28x_3 (.text)


================================================================================

rts2800_ml.lib : fs_tofd28.asm.obj

Run/Load            
Value     Binding   Name (Section)
--------  --------  ---------------
00000000  local     .bss (.bss)
00000000  local     .data (.data)
003ed4f5  local     .text (.text)
003ed4f5  global    FS$$TOFD (.text)
003ed509  local     OVERFLOW (.text)
003ed508  local     RETURN (.text)
003ed506  local     RETURN_VALUE (.text)
003ed50f  local     UNDERFLOW (.text)


================================================================================

rts2800_ml.lib : fd_div28.asm.obj

Run/Load            
Value     Binding   Name (Section)
--------  --------  ---------------
003ebc67  local     $1_$3 (.text)
003ebc72  local     $2_$3 (.text)
00000000  local     .bss (.bss)
00000000  local     .data (.data)
003ebc2b  local     .text (.text)
003ebc81  local     DIV_END (.text)
003ebc62  local     DIV_START (.text)
003ebc2b  global    FD$$DIV (.text)
003ebc84  local     NORMALIZE (.text)
003ebcae  local     OVERFLOW (.text)
003ebca9  local     RETURN (.text)
003ebca7  local     RETURN_VALUE (.text)
003ebc99  local     RND64_SET_MANT$3$ (.text)
003ebc8d  local     ROUND (.text)
003ebcb4  local     UNDERFLOW (.text)


================================================================================

rts2800_ml.lib : cpy_tbl.c.obj

Run/Load            
Value     Binding   Name (Section)
--------  --------  ---------------
003ed1ae  local     $C$L1 (.text)
003ed1c1  local     $C$L2 (.text)
003ed1c2  local     $C$L3 (.text)
00000000  local     .bss (.bss)
00000000  local     .data (.data)
003ed1a6  local     .text (.text)
003ed1a6  global    _copy_in (.text)


================================================================================

rts2800_ml.lib : memcpy.c.obj

Run/Load            
Value     Binding   Name (Section)
--------  --------  ---------------
003ed452  local     $C$L1 (.text)
003ed456  local     $C$L2 (.text)
003ed45d  local     $C$L3 (.text)
003ed45f  local     $C$L4 (.text)
003ed467  local     $C$L5 (.text)
00000000  local     .bss (.bss)
00000000  local     .data (.data)
003ed44c  local     .text (.text)
003ed44c  global    _memcpy (.text)


================================================================================

rts2800_ml.lib : pre_init.c.obj

Run/Load            
Value     Binding   Name (Section)
--------  --------  ---------------
00000000  local     .bss (.bss)
00000000  local     .data (.data)
003ee17f  local     .text (.text)
003ee17f  global    __system_pre_init (.text)


================================================================================

rts2800_ml.lib : startup.c.obj

Run/Load            
Value     Binding   Name (Section)
--------  --------  ---------------
00000000  local     .bss (.bss)
00000000  local     .data (.data)
003ee183  local     .text (.text)
003ee183  global    __system_post_cinit (.text)


================================================================================

rts2800_ml.lib : e_rem_pio2f.c.obj

Run/Load            
Value     Binding   Name (Section)
--------  --------  ---------------
003f1822  local     $C$FL1 (.econst)
003f1826  local     $C$FL2 (.econst)
003f182a  local     $C$FL3 (.econst)
003f182e  local     $C$FL4 (.econst)
003eb5fa  local     $C$L1 (.text)
003eb608  local     $C$L2 (.text)
003eb634  local     $C$L3 (.text)
003eb639  local     $C$L4 (.text)
00000000  local     .bss (.bss)
00000000  local     .data (.data)
003f1816  local     .econst (.econst)
003eb597  local     .text (.text)
003eb597  global    ___rem_pio2f (.text)
003f1816  local     _invpio2 (.econst)
003f181a  local     _pio2_1 (.econst)
003f181e  local     _pio2_1t (.econst)


================================================================================

rts2800_ml.lib : k_rem_pio2.c.obj

Run/Load            
Value     Binding   Name (Section)
--------  --------  ---------------
003f1792  local     $C$FL1 (.econst)
003f1796  local     $C$FL2 (.econst)
003f179a  local     $C$FL3 (.econst)
003f179e  local     $C$FL4 (.econst)
003f17a2  local     $C$FL5 (.econst)
003f17a6  local     $C$FL6 (.econst)
003f17aa  local     $C$FL7 (.econst)
003e9a56  local     $C$L1 (.text)
003e9b10  local     $C$L10 (.text)
003e9b3d  local     $C$L11 (.text)
003e9b5d  local     $C$L12 (.text)
003e9b82  local     $C$L13 (.text)
003e9ba1  local     $C$L14 (.text)
003e9ba8  local     $C$L15 (.text)
003e9bc5  local     $C$L16 (.text)
003e9c13  local     $C$L17 (.text)
003e9c7f  local     $C$L18 (.text)
003e9c83  local     $C$L19 (.text)
003e9a7e  local     $C$L2 (.text)
003e9c91  local     $C$L20 (.text)
003e9cba  local     $C$L21 (.text)
003e9cbf  local     $C$L22 (.text)
003e9cca  local     $C$L23 (.text)
003e9cd6  local     $C$L24 (.text)
003e9cdb  local     $C$L25 (.text)
003e9ce1  local     $C$L26 (.text)
003e9cfe  local     $C$L27 (.text)
003e9d0a  local     $C$L28 (.text)
003e9d35  local     $C$L29 (.text)
003e9a89  local     $C$L3 (.text)
003e9d63  local     $C$L30 (.text)
003e9dae  local     $C$L31 (.text)
003e9db3  local     $C$L32 (.text)
003e9dcb  local     $C$L33 (.text)
003e9dd5  local     $C$L34 (.text)
003e9de4  local     $C$L35 (.text)
003e9dee  local     $C$L36 (.text)
003e9e09  local     $C$L37 (.text)
003e9e19  local     $C$L38 (.text)
003e9e1b  local     $C$L39 (.text)
003e9a95  local     $C$L4 (.text)
003e9e3b  local     $C$L40 (.text)
003e9e63  local     $C$L41 (.text)
003e9e7a  local     $C$L42 (.text)
003e9e8e  local     $C$L43 (.text)
003e9ebc  local     $C$L44 (.text)
003e9eda  local     $C$L45 (.text)
003e9ef8  local     $C$L46 (.text)
003e9f47  local     $C$L47 (.text)
003e9f81  local     $C$L48 (.text)
003e9f99  local     $C$L49 (.text)
003e9aa6  local     $C$L5 (.text)
003e9faa  local     $C$L50 (.text)
003e9fc7  local     $C$L51 (.text)
003e9fe2  local     $C$L52 (.text)
003e9ff5  local     $C$L53 (.text)
003ea006  local     $C$L54 (.text)
003ea014  local     $C$L55 (.text)
003ea01e  local     $C$L56 (.text)
003ea03f  local     $C$L57 (.text)
003ea050  local     $C$L58 (.text)
003ea05e  local     $C$L59 (.text)
003e9ab2  local     $C$L6 (.text)
003ea068  local     $C$L60 (.text)
003ea072  local     $C$L61 (.text)
003ea085  local     $C$L62 (.text)
003ea096  local     $C$L63 (.text)
003ea0a4  local     $C$L64 (.text)
003ea0ae  local     $C$L65 (.text)
003ea0b7  local     $C$L66 (.text)
003e9acf  local     $C$L7 (.text)
003e9af4  local     $C$L8 (.text)
003e9b09  local     $C$L9 (.text)
00000000  local     .bss (.bss)
00000000  local     .data (.data)
003f1782  local     .econst (.econst)
003f17d6  local     .econst:_PIo2 (.econst:_PIo2)
003f18c0  local     .econst:_init_jk (.econst:_init_jk)
003f16ae  local     .econst:_ipio2 (.econst:_ipio2)
003e9a28  local     .text (.text)
003f17d6  local     _PIo2 (.econst:_PIo2)
003e9a28  global    ___kernel_rem_pio2 (.text)
003f18c0  local     _init_jk (.econst:_init_jk)
003f16ae  local     _ipio2 (.econst:_ipio2)
003f1786  local     _one (.econst)
003f178a  local     _two24 (.econst)
003f178e  local     _twon24 (.econst)
003f1782  local     _zero (.econst)


================================================================================

rts2800_ml.lib : exit.c.obj

Run/Load            
Value     Binding   Name (Section)
--------  --------  ---------------
003ece4a  local     $C$L1 (.text)
003ece5d  local     $C$L2 (.text)
003ece68  local     $C$L3 (.text)
003ece6e  local     $C$L4 (.text)
00000000  local     .bss (.bss)
003f1ee1  local     .cinit (.cinit)
00000000  local     .data (.data)
0000d6ba  local     .ebss (.ebss)
003ece49  local     .text (.text)
003ece49  global    C$$EXIT (.text)
0000d6bc  global    ___TI_cleanup_ptr (.ebss)
0000d6be  global    ___TI_dtors_ptr (.ebss)
0000d6ba  global    ___TI_enable_exit_profile_output (.ebss)
003ece49  global    _abort (.text)
003ece4b  global    _exit (.text)


================================================================================

rts2800_ml.lib : _lock.c.obj

Run/Load            
Value     Binding   Name (Section)
--------  --------  ---------------
00000000  local     .bss (.bss)
003f207b  local     .cinit:__lock (.cinit:__lock)
003f2080  local     .cinit:__unlock (.cinit:__unlock)
00000000  local     .data (.data)
0000d892  local     .ebss:__lock (.ebss:__lock)
0000d894  local     .ebss:__unlock (.ebss:__unlock)
003edcc9  local     .text (.text)
0000d892  global    __lock (.ebss:__lock)
003edcd1  global    __nop (.text)
003edccd  global    __register_lock (.text)
003edcc9  global    __register_unlock (.text)
0000d894  global    __unlock (.ebss:__unlock)


================================================================================

rts2800_ml.lib : args_main.c.obj

Run/Load            
Value     Binding   Name (Section)
--------  --------  ---------------
003ed9ad  local     $C$L1 (.text)
003ed9b0  local     $C$L2 (.text)
00000000  local     .bss (.bss)
00000000  local     .data (.data)
003ed9a2  local     .text (.text)
003ed9a2  global    __args_main (.text)


================================================================================

rts2800_ml.lib : s_floor.c.obj

Run/Load            
Value     Binding   Name (Section)
--------  --------  ---------------
003f18b2  local     $C$FL1 (.econst)
003f18b6  local     $C$FL2 (.econst)
003eafc7  local     $C$L1 (.text)
003eb01f  local     $C$L10 (.text)
003eb03f  local     $C$L11 (.text)
003eb041  local     $C$L12 (.text)
003eb04d  local     $C$L13 (.text)
003eb052  local     $C$L14 (.text)
003eafcc  local     $C$L2 (.text)
003eafcd  local     $C$L3 (.text)
003eafd5  local     $C$L4 (.text)
003eafe8  local     $C$L5 (.text)
003eaff7  local     $C$L6 (.text)
003eaffa  local     $C$L7 (.text)
003eb016  local     $C$L8 (.text)
003eb01c  local     $C$L9 (.text)
00000000  local     .bss (.bss)
00000000  local     .data (.data)
003f18ae  local     .econst (.econst)
003eaf6f  local     .text (.text)
003eaf6f  global    _floorl (.text)
003f18ae  local     _huge (.econst)


================================================================================

rts2800_ml.lib : s_scalbn.c.obj

Run/Load            
Value     Binding   Name (Section)
--------  --------  ---------------
003f183e  local     $C$FL1 (.econst)
003f1842  local     $C$FL2 (.econst)
003f1846  local     $C$FL3 (.econst)
003f184a  local     $C$FL4 (.econst)
003eb513  local     $C$L1 (.text)
003eb52c  local     $C$L2 (.text)
003eb53e  local     $C$L3 (.text)
003eb549  local     $C$L4 (.text)
003eb55e  local     $C$L5 (.text)
003eb564  local     $C$L6 (.text)
003eb56f  local     $C$L7 (.text)
003eb58f  local     $C$L8 (.text)
003eb593  local     $C$L9 (.text)
00000000  local     .bss (.bss)
00000000  local     .data (.data)
003f1832  local     .econst (.econst)
003eb4ed  local     .text (.text)
003eb4ed  global    _ldexpl (.text)
003eb4ed  global    _scalbnl (.text)
003f183a  local     _tiny (.econst)
003f1832  local     _two54 (.econst)
003f1836  local     _twom54 (.econst)


================================================================================

rts2800_ml.lib : s_copysign.c.obj

Run/Load            
Value     Binding   Name (Section)
--------  --------  ---------------
003ed254  local     $C$L1 (.text)
00000000  local     .bss (.bss)
00000000  local     .data (.data)
003ed233  local     .text (.text)
003ed233  global    _copysignl (.text)


================================================================================

rts2800_ml.lib : k_cosf.c.obj

Run/Load            
Value     Binding   Name (Section)
--------  --------  ---------------
003f17c2  local     $C$FL1 (.econst)
003f17c6  local     $C$FL2 (.econst)
003f17ca  local     $C$FL3 (.econst)
003f17ce  local     $C$FL4 (.econst)
003f17d2  local     $C$FL5 (.econst)
00000000  local     .bss (.bss)
00000000  local     .data (.data)
003f17ae  local     .econst (.econst)
003ebd3d  local     .text (.text)
003f17b2  local     _C0 (.econst)
003f17b6  local     _C1 (.econst)
003f17ba  local     _C2 (.econst)
003f17be  local     _C3 (.econst)
003ebd3d  global    ___kernel_cosdf (.text)
003f17ae  local     _one (.econst)


================================================================================

rts2800_ml.lib : k_sinf.c.obj

Run/Load            
Value     Binding   Name (Section)
--------  --------  ---------------
003f1806  local     $C$FL1 (.econst)
003f180a  local     $C$FL2 (.econst)
003f180e  local     $C$FL3 (.econst)
003f1812  local     $C$FL4 (.econst)
00000000  local     .bss (.bss)
00000000  local     .data (.data)
003f17f6  local     .econst (.econst)
003ebb09  local     .text (.text)
003f17f6  local     _S1 (.econst)
003f17fa  local     _S2 (.econst)
003f17fe  local     _S3 (.econst)
003f1802  local     _S4 (.econst)
003ebb09  global    ___kernel_sindf (.text)


================================================================================

rts2800_ml.lib : fd_cmp28.asm.obj

Run/Load            
Value     Binding   Name (Section)
--------  --------  ---------------
00000000  local     .bss (.bss)
00000000  local     .data (.data)
003ece1f  local     .text (.text)
003ece2f  local     CHECK_INF (.text)
003ece1f  global    FD$$CMP (.text)
003ece46  local     NO_NEG (.text)
003ece47  local     OP_EQUAL (.text)
003ece3f  local     RETURN (.text)


================================================================================

rts2800_ml.lib : fd_tol28.asm.obj

Run/Load            
Value     Binding   Name (Section)
--------  --------  ---------------
00000000  local     .bss (.bss)
00000000  local     .data (.data)
003ed3b9  local     .text (.text)
003ed3b9  global    FD$$TOL (.text)
003ed3d2  local     OVERFLOW (.text)
003ed3d1  local     RETURN_VALUE (.text)
003ed3d6  local     UNDERFLOW (.text)


================================================================================

rts2800_ml.lib : ll_aox28.asm.obj

Run/Load            
Value     Binding   Name (Section)
--------  --------  ---------------
00000000  local     .bss (.bss)
00000000  local     .data (.data)
003ed6f9  local     .text (.text)
003ed6f9  global    LL$$AND (.text)
003ed701  global    LL$$OR (.text)
003ed709  global    LL$$XOR (.text)


================================================================================

rts2800_ml.lib : i_div28.asm.obj

Run/Load            
Value     Binding   Name (Section)
--------  --------  ---------------
00000000  local     .bss (.bss)
00000000  local     .data (.data)
003ed256  local     .text (.text)
003ed256  global    I$$DIV (.text)
003ed267  global    I$$MOD (.text)
003ed266  local     RET1 (.text)
003ed276  local     RET2 (.text)


================================================================================

rts2800_ml.lib : l_tofd28.asm.obj

Run/Load            
Value     Binding   Name (Section)
--------  --------  ---------------
003ed51f  local     $10 (.text)
00000000  local     .bss (.bss)
00000000  local     .data (.data)
003ed511  local     .text (.text)
003ed511  global    L$$TOFD (.text)
003ed52b  local     OP_ZERO (.text)
003ed52a  local     RETURN (.text)
003ed528  local     RETURN_VALUE (.text)


================================================================================

rts2800_ml.lib : fd_tofs28.asm.obj

Run/Load            
Value     Binding   Name (Section)
--------  --------  ---------------
00000000  local     .bss (.bss)
00000000  local     .data (.data)
003ed2ba  local     .text (.text)
003ed2c7  local     EXP_EVAL (.text)
003ed2ba  global    FD$$TOFS (.text)
003ed2d3  local     OVERFLOW (.text)
003ed2d2  local     RETURN_VALUE (.text)
003ed2d9  local     UNDERFLOW (.text)


================================================================================

rts2800_ml.lib : errno.c.obj

Run/Load            
Value     Binding   Name (Section)
--------  --------  ---------------
00000000  local     .bss (.bss)
003f20be  local     .cinit (.cinit)
00000000  local     .data (.data)
0000d8ae  local     .ebss (.ebss)
00000000  local     .text (.text)
0000d8ae  global    _errno (.ebss)


================================================================================

