******************************************************************************
             TMS320C2000 Linker PC v22.6.0                     
******************************************************************************
>> Linked Wed Oct  5 19:28:25 2022

OUTPUT FILE NAME:   <../../../04_Output_Files/Motor28062/TEST_CSMON_C28xx.out>
ENTRY POINT SYMBOL: "_c_int00"  address: 003ed645


MEMORY CONFIGURATION

         name            origin    length      used     unused   attr    fill
----------------------  --------  ---------  --------  --------  ----  --------
PAGE 0:
  RAML0                 00008000   00000800  00000029  000007d7  RWIX
  RAML1                 00008800   00000400  00000000  00000400  RWIX
  OTP                   003d7800   00000400  00000000  00000400  RWIX
  FLASH_APP             003e8000   0000dff0  0000a965  0000368b  RWIX
  CSM_RSVD              003f7f80   00000076  00000076  00000000  RWIX
  BEGIN                 003f7ff6   00000002  00000002  00000000  RWIX
  CSM_PWL_P0            003f7ff8   00000008  00000008  00000000  RWIX
  FPUTABLES             003fd590   000006a0  00000000  000006a0  RWIX
  IQTABLES              003fdf00   00000b50  00000000  00000b50  RWIX
  IQTABLES2             003fea50   0000008c  00000000  0000008c  RWIX
  IQTABLES3             003feadc   000000aa  00000000  000000aa  RWIX
  ROM                   003ff3b0   00000c10  00000000  00000c10  RWIX
  RESET                 003fffc0   00000002  00000000  00000002  RWIX
  VECTORS               003fffc2   0000003e  00000000  0000003e  RWIX

PAGE 1:
  BOOT_RSVD             00000000   00000050  00000000  00000050  RWIX
  RAMM0                 00000050   000003b0  00000380  00000030  RWIX
  RAMM1                 00000400   00000400  00000000  00000400  RWIX
  DEV_EMU               00000880   00000105  00000004  00000101  RWIX
  SYS_PWR_CTL           00000985   00000003  00000003  00000000  RWIX
  FLASH_REGS            00000a80   00000060  00000008  00000058  RWIX
  CSM                   00000ae0   00000020  00000010  00000010  RWIX
  ADC_RESULT            00000b00   00000020  00000010  00000010  RWIX
  CPU_TIMER0            00000c00   00000008  00000008  00000000  RWIX
  CPU_TIMER1            00000c08   00000008  00000008  00000000  RWIX
  CPU_TIMER2            00000c10   00000008  00000008  00000000  RWIX
  PIE_CTRL              00000ce0   00000020  0000001a  00000006  RWIX
  PIE_VECT              00000d00   00000100  00000100  00000000  RWIX
  DMA                   00001000   00000200  000000e0  00000120  RWIX
  CLA1                  00001400   00000080  00000040  00000040  RWIX
  USB0                  00004000   00001000  00000454  00000bac  RWIX
  McBSPA                00005000   00000040  00000024  0000001c  RWIX
  ECANA                 00006000   00000040  00000034  0000000c  RWIX
  ECANA_LAM             00006040   00000040  00000040  00000000  RWIX
  ECANA_MOTS            00006080   00000040  00000040  00000000  RWIX
  ECANA_MOTO            000060c0   00000040  00000040  00000000  RWIX
  ECANA_MBOX            00006100   00000100  00000100  00000000  RWIX
  COMP1                 00006400   00000020  00000014  0000000c  RWIX
  COMP2                 00006420   00000020  00000014  0000000c  RWIX
  COMP3                 00006440   00000020  00000014  0000000c  RWIX
  EPWM1                 00006800   00000040  00000040  00000000  RWIX
  EPWM2                 00006840   00000040  00000040  00000000  RWIX
  EPWM3                 00006880   00000040  00000040  00000000  RWIX
  EPWM4                 000068c0   00000040  00000040  00000000  RWIX
  EPWM5                 00006900   00000040  00000040  00000000  RWIX
  EPWM6                 00006940   00000040  00000040  00000000  RWIX
  EPWM7                 00006980   00000040  00000040  00000000  RWIX
  EPWM8                 000069c0   00000040  00000040  00000000  RWIX
  ECAP1                 00006a00   00000020  00000020  00000000  RWIX
  ECAP2                 00006a20   00000020  00000020  00000000  RWIX
  ECAP3                 00006a40   00000020  00000020  00000000  RWIX
  HRCAP1                00006ac0   00000020  00000020  00000000  RWIX
  HRCAP2                00006ae0   00000020  00000020  00000000  RWIX
  EQEP1                 00006b00   00000040  00000022  0000001e  RWIX
  EQEP2                 00006b40   00000040  00000022  0000001e  RWIX
  HRCAP3                00006c80   00000020  00000020  00000000  RWIX
  HRCAP4                00006ca0   00000020  00000020  00000000  RWIX
  GPIOCTRL              00006f80   00000040  00000040  00000000  RWIX
  GPIODAT               00006fc0   00000020  00000020  00000000  RWIX
  GPIOINT               00006fe0   00000020  00000020  00000000  RWIX
  SYSTEM                00007010   00000030  00000030  00000000  RWIX
  SPIA                  00007040   00000010  00000010  00000000  RWIX
  SCIA                  00007050   00000010  00000010  00000000  RWIX
  NMIINTRUPT            00007060   00000010  00000010  00000000  RWIX
  XINTRUPT              00007070   00000010  00000010  00000000  RWIX
  ADC                   00007100   00000080  00000050  00000030  RWIX
  SPIB                  00007740   00000010  00000010  00000000  RWIX
  SCIB                  00007750   00000010  00000010  00000000  RWIX
  I2CA                  00007900   00000040  00000022  0000001e  RWIX
  RAML2                 00008c00   00000400  00000000  00000400  RWIX
  RAML3                 00009000   00001000  00000000  00001000  RWIX
  RAML4                 0000a000   00002000  00002000  00000000  RWIX
  RAML5                 0000c000   00002000  00000cbc  00001344  RWIX
  RAML6                 0000e000   00002000  00000000  00002000  RWIX
  RAML7                 00010000   00002000  00000000  00002000  RWIX
  RAML8                 00012000   00002000  00000000  00002000  RWIX
  USB_RAM               00040000   00000800  00000000  00000800  RWIX
  PARTID                003d7e80   00000001  00000001  00000000  RWIX
  CSM_PWL               003f7ff8   00000008  00000008  00000000  RWIX


SECTION ALLOCATION MAP

 output                                  attributes/
section   page    origin      length       input sections
--------  ----  ----------  ----------   ----------------
.cinit     0    003f2040    00000926     
                  003f2040    0000021f     CSMON_C28xx.lib : hmmodbus.obj (.cinit)
                  003f225f    00000142     main.obj (.cinit)
                  003f23a1    000000ca     CSMON_C28xx.lib : csmon.obj (.cinit)
                  003f246b    000000c3                     : modbusreg.obj (.cinit:_QueueTestTable)
                  003f252e    00000078                     : modbusreg.obj (.cinit)
                  003f25a6    0000003f                     : csmon.obj (.cinit:_CSMON_au8FileRecorderDataElementsSizeTable)
                  003f25e5    00000033                     : hmrecparam.obj (.cinit:_sRecStatusParam)
                  003f2618    00000030                     : csmon.obj (.cinit:_CSMON_au8FileRecorderConfigElementsSizeTable)
                  003f2648    0000002b                     : csmon.obj (.cinit:_CSMON_au8FileScopeConfigurationElementsSizeTable)
                  003f2673    0000001f                     : hmrecparam.obj (.cinit:_sRecStatusParamInternal)
                  003f2692    00000016     main.obj (.cinit:_sExternalRecoderHandle)
                  003f26a8    00000015     CSMON_C28xx.lib : csmon.obj (.cinit:_CSMON_sFileAutorization)
                  003f26bd    00000014                     : hmdrv.obj (.cinit)
                  003f26d1    00000014                     : hmprotocol.obj (.cinit)
                  003f26e5    00000013                     : modbusreg.obj (.cinit:_MODBUSREG_au8DeviceIDUserApplicationName)
                  003f26f8    00000013                     : modbusreg.obj (.cinit:_MODBUSREG_au8DeviceIDVendorUrl)
                  003f270b    00000013                     : modbusreg.obj (.cinit:_MODBUSREG_au8ServerIDData)
                  003f271e    00000010     rtc_drv.obj (.cinit)
                  003f272e    0000000f     CSMON_C28xx.lib : csmon.obj (.cinit:_CSMON_sDateTime)
                  003f273d    0000000f                     : csmon.obj (.cinit:_CSMON_sDateTimeApplication)
                  003f274c    0000000f                     : csmon.obj (.cinit:_CSMON_sDateTimeDefault)
                  003f275b    0000000f                     : modbusreg.obj (.cinit:_MODBUSREG_au8DeviceIDModelName)
                  003f276a    0000000f     device.obj (.cinit)
                  003f2779    0000000e     rts2800_ml.lib : exit.c.obj (.cinit)
                  003f2787    0000000d     CSMON_C28xx.lib : csmon.obj (.cinit:_CSMON_au8FileParameterCountElementsSizeTable)
                  003f2794    0000000d                     : csmon.obj (.cinit:_CSMON_au8FileRTCElementsSizeTable)
                  003f27a1    0000000d                     : csmon.obj (.cinit:_sHashKey)
                  003f27ae    0000000d     tmr_drv.obj (.cinit)
                  003f27bb    0000000c     CSMON_C28xx.lib : csmon.obj (.cinit:_CSMON_au8FileParameterNumericElementsSizeTable)
                  003f27c7    0000000c                     : modbusreg.obj (.cinit:_MODBUSREG_au8DeviceIDProductName)
                  003f27d3    0000000c                     : modbusreg.obj (.cinit:_MODBUSREG_au8DeviceIDUserReserve0)
                  003f27df    0000000c                     : modbusreg.obj (.cinit:_MODBUSREG_au8DeviceIDUserReserve1)
                  003f27eb    0000000c                     : modbusreg.obj (.cinit:_MODBUSREG_au8DeviceIDUserReserve2)
                  003f27f7    0000000c                     : modbusreg.obj (.cinit:_MODBUSREG_au8DeviceIDVendorName)
                  003f2803    0000000b                     : hmrecparam.obj (.cinit:_HMRECPRM_sDateTime)
                  003f280e    0000000b     main.obj (.cinit:_MAIN_sDateTimeGet)
                  003f2819    0000000b     main.obj (.cinit:_MAIN_sDateTimeSet)
                  003f2824    0000000b     uart_driver.obj (.cinit:_UART_DRV_RXIntOverflowCounter)
                  003f282f    0000000b     uart_driver.obj (.cinit:_UART_DRV_u32TimeDiffLast)
                  003f283a    0000000b     uart_driver.obj (.cinit:_UART_DRV_u32TimeDiffNow)
                  003f2845    0000000b     CSMON_C28xx.lib : uart_drv.obj (.cinit:_UART_RXIntOverflowCounter)
                  003f2850    0000000b     tmr_drv.obj (.cinit:_pfDelayedFunction)
                  003f285b    0000000b     tmr_drv.obj (.cinit:_pfDelayedFunction_u8)
                  003f2866    0000000b     CSMON_C28xx.lib : uart_drv.obj (.cinit:_u32TimeDiffLast)
                  003f2871    0000000b                     : uart_drv.obj (.cinit:_u32TimeDiffNow)
                  003f287c    0000000b                     : uart_drv.obj (.cinit:_u32TimeDiffRead)
                  003f2887    00000009                     : hmserial.obj (.cinit)
                  003f2890    00000009                     : csmon.obj (.cinit:_CSMON_au32FileAutorization_FunctionAfterWriteFileRecord)
                  003f2899    00000009                     : csmon.obj (.cinit:_CSMON_sFileParameterCount)
                  003f28a2    00000009                     : hmscopeparam.obj (.cinit:_pBufferScope)
                  003f28ab    00000008                     : hmlib.obj (.cinit)
                  003f28b3    00000007                     : csmon.obj (.cinit:_CSMON_au8FileParameterListElementsSizeTablePart1)
                  003f28ba    00000007                     : csmon.obj (.cinit:_CSMON_au8FileRecorderStatusElementsSizeTable)
                  003f28c1    00000007                     : hmmodbus.obj (.cinit:_HMMODBUS_u32RegisterAddressInRamDummy)
                  003f28c8    00000007                     : modbusreg.obj (.cinit:_MODBUSREG_au8DeviceIDMajorMinorRevision)
                  003f28cf    00000007                     : modbusreg.obj (.cinit:_MODBUSREG_au8DeviceIDProductCode)
                  003f28d6    00000007                     : uart_drv.obj (.cinit:_UARTRxBufferRDCount)
                  003f28dd    00000007                     : uart_drv.obj (.cinit:_UARTRxBufferRDIndex)
                  003f28e4    00000007                     : uart_drv.obj (.cinit:_UARTRxBufferWRCount)
                  003f28eb    00000007                     : uart_drv.obj (.cinit:_UARTRxBufferWRIndex)
                  003f28f2    00000007     uart_driver.obj (.cinit:_UART_DRV_RxBufferRDCount)
                  003f28f9    00000007     uart_driver.obj (.cinit:_UART_DRV_RxBufferWRCount)
                  003f2900    00000007     uart_driver.obj (.cinit:_UART_DRV_RxBufferWRIndex)
                  003f2907    00000007     sys_drv.obj (.cinit:_sHexMonUartModuleConfiguration)
                  003f290e    00000006     CSMON_C28xx.lib : csmon.obj (.cinit:_CSMON_abFileAutorization_RecordReadOnly)
                  003f2914    00000006                     : csmon.obj (.cinit:_CSMON_abFileAutorization_RecordStringData)
                  003f291a    00000006                     : csmon.obj (.cinit:_CSMON_au16FileAutorization_RecordOffsets)
                  003f2920    00000006                     : csmon.obj (.cinit:_CSMON_au8FileRecorderDataElementsSizeTableUsedLength)
                  003f2926    00000006                     : csmon.obj (.cinit:_CSMON_sFileProtocolVersion)
                  003f292c    00000005                     : modbusreg.obj (.cinit:_HMMODBUS_u32CoilAddressTableInRam)
                  003f2931    00000005                     : modbusreg.obj (.cinit:_MODBUSREG_sInputCoilAddressTableInRam)
                  003f2936    00000005     rts2800_ml.lib : _lock.c.obj (.cinit:__lock)
                  003f293b    00000005                    : _lock.c.obj (.cinit:__unlock)
                  003f2940    00000004     CSMON_C28xx.lib : hmscopeparam.obj (.cinit)
                  003f2944    00000004                     : uart_drv.obj (.cinit)
                  003f2948    00000004                     : csmon.obj (.cinit:_CSMON_au8FileParameterListElementsSizeTablePart2)
                  003f294c    00000004                     : csmon.obj (.cinit:_CSMON_au8FileParameterListElementsSizeTablePart3)
                  003f2950    00000004                     : csmon.obj (.cinit:_CSMON_au8FileScopeStatusElementsSizeTable)
                  003f2954    00000004                     : csmon.obj (.cinit:_CSMON_sFileParameterAccessList)
                  003f2958    00000004                     : modbusreg.obj (.cinit:_MODBUSREG_asFileTable)
                  003f295c    00000004                     : modbusreg.obj (.cinit:_MODBUSREG_asQueueTable)
                  003f2960    00000004     rts2800_ml.lib : errno.c.obj (.cinit)
                  003f2964    00000002     --HOLE-- [fill = 0]

.pinit     0    003e8000    00000000     UNINITIALIZED

.text      0    003e8000    000072c8     
                  003e8000    00001543     CSMON_C28xx.lib : hmmodbus.obj (.text:_HMMODBUS_bDecoder)
                  003e9543    00000ad3                     : modbusreg.obj (.text:_MODBUSREG_AddressTablesInit)
                  003ea016    00000698     rts2800_ml.lib : k_rem_pio2.c.obj (.text)
                  003ea6ae    0000019a     main.obj (.text:_main)
                  003ea848    00000187     CSMON_C28xx.lib : csmon.obj (.text:_CSMON_eInit)
                  003ea9cf    0000017c                     : csmon.obj (.text:_CSMON_eProcess)
                  003eab4b    00000178                     : csmon.obj (.text:_CSMON_eSetUpRecParam)
                  003eacc3    0000013c                     : csmon.obj (.text:_CSMON_vCheckLoadRecorderTable)
                  003eadff    00000132                     : csmon.obj (.text:_CSMON_vSetupHoldingRegistersAndCoilsAddressTableFromCSMONParameterList)
                  003eaf31    0000012c                     : hmmodbus.obj (.text:_HMMODBUS_vSetFreeRunTimerPrescaller)
                  003eb05d    00000127                     : hmmodbus.obj (.text:_HMMODBUS_Rx)
                  003eb184    00000114     rts2800_ml.lib : s_sinf.c.obj (.text)
                  003eb298    00000107                    : ll_div28.asm.obj (.text)
                  003eb39f    00000101     CSMON_C28xx.lib : hmmodbus.obj (.text:_HMMODBUS_GetRealRegisterAddressAndSize)
                  003eb4a0    000000fa                     : csmon.obj (.text:_CSMON_vCheckSaveRecorderTable)
                  003eb59a    000000f8                     : hmprotocol.obj (.text:_HMPROTOCOL_bDecoder)
                  003eb692    000000f5                     : hmdrv.obj (.text:_HMDRV_vInit)
                  003eb787    000000f1                     : csmon.obj (.text:_CSMON_vFileRecoderStatusFix)
                  003eb878    000000e9                     : csmon.obj (.text:_CSMON_vSaveRecorderConfiguration)
                  003eb961    000000e8                     : hmrecparam.obj (.text:_HMRECPRM_vProcess)
                  003eba49    000000e8     rts2800_ml.lib : s_floor.c.obj (.text)
                  003ebb31    000000d9     main.obj (.text:_ControlProcess)
                  003ebc0a    000000cd     CSMON_C28xx.lib : csmon.obj (.text:_CSMON_vSetupInputRegistersAndCoilsAddressTableFromCSMONParameterList)
                  003ebcd7    000000c4                     : csmon.obj (.text:_CSMON_u32GetParameterListCheckSum)
                  003ebd9b    000000c1     main.obj (.text:_RecordersInitialization)
                  003ebe5c    000000bc     CSMON_C28xx.lib : hmrecparam.obj (.text:_HMRECPRM_SetUpRec)
                  003ebf18    000000b8                     : hmrec.obj (.text:_HMREC_SetUpRec)
                  003ebfd0    000000aa                     : hmdrv.obj (.text:_HMDRV_CopyFromBufferInternalModbusBitField)
                  003ec07a    000000aa     rts2800_ml.lib : s_scalbn.c.obj (.text)
                  003ec124    000000a7                    : e_rem_pio2f.c.obj (.text)
                  003ec1cb    000000a3     CSMON_C28xx.lib : csmon.obj (.text:_CSMON_vSaveRecorderConfigTrigger)
                  003ec26e    000000a3                     : modbusreg.obj (.text:_MODBUSREG_vInit)
                  003ec311    000000a3     tmr_drv.obj (.text:_TMR2_ISR)
                  003ec3b4    0000009c     rts2800_ml.lib : fd_add28.asm.obj (.text)
                  003ec450    00000099     main.obj (.text:_ParameterInitialization)
                  003ec4e9    00000095     CSMON_C28xx.lib : csmon.obj (.text:_CSMON_vLoadRecorderConfiguration)
                  003ec57e    00000092                     : hmdrv.obj (.text:_HMDRV_CopyMemory)
                  003ec610    00000092                     : hmdrv.obj (.text:_HMDRV_CopyToBufferInternalModbus)
                  003ec6a2    00000092     rts2800_ml.lib : k_sinf.c.obj (.text)
                  003ec734    00000090     CSMON_C28xx.lib : csmon.obj (.text:_CSMON_vSetDateTimeAutorization)
                  003ec7c4    0000008d                     : csmon.obj (.text:_CSMON_vInitRecorders)
                  003ec851    0000008b     rts2800_ml.lib : fd_div28.asm.obj (.text)
                  003ec8dc    00000087     CSMON_C28xx.lib : hmrecparam.obj (.text:_HMRECPRM_SetUpRecParamStatusDateTime)
                  003ec963    00000087     rts2800_ml.lib : k_cosf.c.obj (.text)
                  003ec9ea    00000083     CSMON_C28xx.lib : hmdrv.obj (.text:_HMDRV_CopyFromBufferInternalModbus)
                  003eca6d    00000083     rts2800_ml.lib : fd_mpy28.asm.obj (.text)
                  003ecaf0    00000083                    : fs_div28.asm.obj (.text)
                  003ecb73    0000007f     CSMON_C28xx.lib : hmserial.obj (.text:_HMSERIAL_vProcessSCI)
                  003ecbf2    0000007e                     : hmrecparam.obj (.text:_HMRECPRM_vTimeSync)
                  003ecc70    0000007d                     : csmon.obj (.text:_CSMON_vPrepareFileParameterAccessList)
                  003ecced    00000078     rts2800_ml.lib : fs_add28.asm.obj (.text)
                  003ecd65    00000076     main.obj (.text:_ScopesInitialization)
                  003ecddb    00000070     CSMON_C28xx.lib : csmon.obj (.text:_CSMON_u32GetParameterStringCheckSum)
                  003ece4b    0000006a                     : hmprotocol.obj (.text:_HMPROTOCOL_GetBoardInfo)
                  003eceb5    0000006a                     : hmserial.obj (.text:_HMSERIAL_Rx)
                  003ecf1f    00000067                     : hmmodbus.obj (.text:_HMMODBUS_CopyFromBuffer)
                  003ecf86    00000066                     : hmmodbus.obj (.text:_HMMODBUS_vProcessSCI)
                  003ecfec    00000064                     : hmrec.obj (.text:_HMREC_vProcess)
                  003ed050    00000063                     : hmmodbus.obj (.text:_HMMODBUS_CopyToBufferCoil)
                  003ed0b3    0000005f                     : hmmodbus.obj (.text:_HMMODBUS_CopyFromBufferCoil)
                  003ed112    0000005f     F2806x_SysCtrl.obj (.text:_InitPeripheralClocks)
                  003ed171    0000005d     CSMON_C28xx.lib : uart_drv.obj (.text:_UART_RXInterrupt)
                  003ed1ce    0000005c                     : hmmodbus.obj (.text:_HMMODBUS_GetCoilFunction)
                  003ed22a    0000005c                     : hmmodbus.obj (.text:_HMMODBUS_GetRegisterFunction)
                  003ed286    0000005a                     : csmon.obj (.text:_CSMON_vRecorderParamStartStopProcess)
                  003ed2e0    0000005a     gpio.obj (.text:_GPIO_setPinConfigOutput)
                  003ed33a    0000005a     rts2800_ml.lib : fs_mpy28.asm.obj (.text)
                  003ed394    00000059     CSMON_C28xx.lib : csmon.obj (.text:_CSMON_vUpdateDateTimeFromApplication)
                  003ed3ed    00000059                     : hmmodbus.obj (.text:_vSetElementsSize)
                  003ed446    00000057                     : csmon.obj (.text:_CSMON_bCheckValidDateTime)
                  003ed49d    00000057     uart_driver.obj (.text:_UART_DRV_RXInterrupt)
                  003ed4f4    00000055     CSMON_C28xx.lib : modbusreg.obj (.text:_MODBUSREG_FileRecorderExternalUpdateInit)
                  003ed549    00000054                     : csmon.obj (.text:_CSMON_u32GetParameterNumbCheckSum)
                  003ed59d    00000054                     : csmon.obj (.text:_CSMON_u32GetParameterShortNameCheckSum)
                  003ed5f1    00000054                     : hmlib.obj (.text:_HMLIB_vInit)
                  003ed645    00000054     rts2800_ml.lib : boot28.asm.obj (.text)
                  003ed699    00000052     CSMON_C28xx.lib : csmon.obj (.text:_CSMON_vLoadRecorderConfigTrigger)
                  003ed6eb    00000051     F2806x_SysCtrl.obj (.text:_InitPll)
                  003ed73c    00000050     CSMON_C28xx.lib : csmon.obj (.text:_CSMON_eSetExternalRecorderUsage)
                  003ed78c    0000004f     device.obj (.text:_Device_CsmUnlock)
                  003ed7db    0000004e     CSMON_C28xx.lib : hmrecparam.obj (.text:_HMRECPRM_StartRecParam)
                  003ed829    0000004d                     : csmon.obj (.text:_CSMON_vSetupHoldingRegistersAndCoilsAddressTableAccessAll)
                  003ed876    0000004a                     : csmon.obj (.text:_CSMON_eSetRecorderTriggerAtPosition)
                  003ed8c0    00000047                     : hmmodbus.obj (.text:_HMMODBUS_CopyToBuffer)
                  003ed907    00000047                     : hmscopeparam.obj (.text:_HMSCOPEPRM_SetUpScope)
                  003ed94e    00000043                     : hmscopeparam.obj (.text:_HMSCOPEPRM_ReadScope)
                  003ed991    00000042                     : hmdrv.obj (.text:_HMDRV_CopyFromBufferInternalCoil)
                  003ed9d3    00000042                     : hmmodbus.obj (.text:_HMMODBUS_vSendResponse)
                  003eda15    00000042     interrupt.obj (.text:_Interrupt_enable)
                  003eda57    0000003f     CSMON_C28xx.lib : csmon.obj (.text:_CSMON_vSetupInputRegistersAndCoilsAddressTableAccessAll)
                  003eda96    0000003f                     : hmdrv.obj (.text:_HMDRV_CopyFromBufferInternal)
                  003edad5    0000003d                     : hmmodbus.obj (.text:_vSetStartSampleIndex)
                  003edb12    0000003c     tmr_drv.obj (.text:_configCPUTimer)
                  003edb4e    0000003b     CSMON_C28xx.lib : csmon.obj (.text:_CSMON_eSetRecorderConfigurationSkipSamples)
                  003edb89    0000003b                     : hmscope.obj (.text:_HMSCOPE_SetUpScope)
                  003edbc4    00000038     device.obj (.text:_Device_init)
                  003edbfc    00000038     CSMON_C28xx.lib : hmdrv.obj (.text:_HMDRV_CopyToBufferInternalCoil)
                  003edc34    00000038                     : uart_drv.obj (.text:_UART_ReadDataRx)
                  003edc6c    00000037                     : csmon.obj (.text:_CSMON_u32GetRealAddressAndSizeOffsetFromParameter)
                  003edca3    00000036                     : hmscope.obj (.text:_HMSCOPE_ReadScope)
                  003edcd9    00000036                     : hmserial.obj (.text:_HMSERIAL_vSendResponse)
                  003edd0f    00000035                     : hmdrv.obj (.text:_HMDRV_CopyToBufferInternal)
                  003edd44    00000035     tmr_drv.obj (.text:_TMR_vInit)
                  003edd79    00000034     CSMON_C28xx.lib : csmon.obj (.text:_CSMON_eSetParameterInRecorderAtPosition)
                  003eddad    00000033                     : hmmodbus.obj (.text:_HMMODBUS_Listen)
                  003edde0    00000032                     : csmon.obj (.text:_CSMON_eSetParameterInScopeAtPosition)
                  003ede12    0000002f                     : hmmodbus.obj (.text:_HMMODBUS_CopyFromBufferSingleCoil)
                  003ede41    0000002e                     : csmon.obj (.text:_CSMON_vRecorderParamSetupProcess)
                  003ede6f    0000002e                     : hmserial.obj (.text:_HMSERIAL_vProcessSCIFreemasterOnly)
                  003ede9d    0000002d                     : hmdrv.obj (.text:_HMDRV_CopyToBufferInternalModbusCoil)
                  003edeca    0000002d                     : hmserial.obj (.text:_HMSERIAL_Listen)
                  003edef7    0000002d                     : hmrecparam.obj (.text:_RecorderTimeFromLocalDateTime)
                  003edf24    0000002d     tmr_drv.obj (.text:_TMR_vInitCPUTimers)
                  003edf51    0000002b     CSMON_C28xx.lib : hmrecparam.obj (.text:_FillTimeData)
                  003edf7c    0000002a     rts2800_ml.lib : fd_cmp28.asm.obj (.text)
                  003edfa6    00000029                    : exit.c.obj (.text)
                  003edfcf    00000029                    : fs_tol28.asm.obj (.text)
                  003edff8    00000028     CSMON_C28xx.lib : csmon.obj (.text:_CSMON_bAutorizationPasswordCheck)
                  003ee020    00000027                     : csmon.obj (.text:_CSMON_u32GetParameterCheckSum)
                  003ee047    00000027                     : csmon.obj (.text:_CSMON_vSaveRecorderConfig)
                  003ee06e    00000027                     : hmdrv.obj (.text:_HMDRV_CopyFromBufferInternalModbusSingleCoil)
                  003ee095    00000027                     : hmserial.obj (.text:_HMSERIAL_vProcessSCITXISR)
                  003ee0bc    00000026                     : hmdrv.obj (.text:_HMDRV_CopyFromBufferInternalWithMaskModbus)
                  003ee0e2    00000026                     : hmmodbus.obj (.text:_HMMODBUS_CopyToBufferSingleCoil)
                  003ee108    00000025                     : hmserial.obj (.text:_HMSERIAL_Tx)
                  003ee12d    00000025     rts2800_ml.lib : fs_toi28.asm.obj (.text)
                  003ee152    00000024     CSMON_C28xx.lib : csmon.obj (.text:_CSMON_vAutorizationReset)
                  003ee176    00000024                     : hmprotocol.obj (.text:_HMPROTOCOL_ReadMem)
                  003ee19a    00000024                     : hmrecparam.obj (.text:_RecorderDateFromLocalDateTime)
                  003ee1be    00000024     sci_driver.obj (.text:_SCIA_DRV_RXFIFOISR)
                  003ee1e2    00000024     sci_driver.obj (.text:_SCIA_DRV_TXFIFOISR)
                  003ee206    00000024     sci_drv.obj (.text:_SCIA_RXFIFOISR)
                  003ee22a    00000024     sci_drv.obj (.text:_SCIA_TXFIFOISR)
                  003ee24e    00000024     sci_driver.obj (.text:_SCIB_DRV_RXFIFOISR)
                  003ee272    00000024     sci_driver.obj (.text:_SCIB_DRV_TXFIFOISR)
                  003ee296    00000024     sci_drv.obj (.text:_SCIB_RXFIFOISR)
                  003ee2ba    00000024     sci_drv.obj (.text:_SCIB_TXFIFOISR)
                  003ee2de    00000024     CSMON_C28xx.lib : hmmodbus.obj (.text:_vSetSampleCountAvailable)
                  003ee302    00000024     rts2800_ml.lib : cpy_tbl.c.obj (.text)
                  003ee326    00000023     CSMON_C28xx.lib : modbusreg.obj (.text:_MODBUSREG_FileRecorderElementSizeTableUsedSizeUpdateInit)
                  003ee349    00000023     rts2800_ml.lib : s_copysign.c.obj (.text)
                  003ee36c    00000022     CSMON_C28xx.lib : hmdrv.obj (.text:_HMDRV_CopyFromBufferInternalModbusCoil)
                  003ee38e    00000022     rts2800_ml.lib : i_div28.asm.obj (.text)
                  003ee3b0    00000021     CSMON_C28xx.lib : hmdrv.obj (.text:_HMDRV_CopyFromBufferInternalWithMask)
                  003ee3d1    00000021     sci.obj (.text:_SCI_setConfig)
                  003ee3f2    00000021     rts2800_ml.lib : fd_tofs28.asm.obj (.text)
                  003ee413    00000021                    : fs_toul28.asm.obj (.text)
                  003ee434    00000020     CSMON_C28xx.lib : hmdrv.obj (.text:_HMDRV_vProcess)
                  003ee454    00000020                     : hmmodbus.obj (.text:_vSetSampleCountBuffer)
                  003ee474    0000001f                     : csmon.obj (.text:_CSMON_u16FindIndexParameterTable)
                  003ee493    0000001f     F2806x_PieCtrl.obj (.text:_InitPieCtrl)
                  003ee4b2    0000001f     CSMON_C28xx.lib : hmmodbus.obj (.text:_vSetSampleSize)
                  003ee4d1    0000001f     rts2800_ml.lib : fd_tol28.asm.obj (.text)
                  003ee4f0    0000001d     CSMON_C28xx.lib : hmrecparam.obj (.text:_HMRECPRM_GetRecBuffFreemaster)
                  003ee50d    0000001d                     : hmrec.obj (.text:_HMREC_GetRecBuffFreemaster)
                  003ee52a    0000001d     rts2800_ml.lib : fs_tou28.asm.obj (.text)
                  003ee547    0000001d                    : memcpy.c.obj (.text)
                  003ee564    0000001c     main.obj (.text:_CSMON_vGetDateTime)
                  003ee580    0000001c     CSMON_C28xx.lib : csmon.obj (.text:_HMRECPRM_vGetDateTime)
                  003ee59c    0000001c     sci.obj (.text:_SCI_clearInterruptStatus)
                  003ee5b8    0000001c     CSMON_C28xx.lib : hmmodbus.obj (.text:_vSetIndexFileTable)
                  003ee5d4    0000001c     rts2800_ml.lib : fs_tofd28.asm.obj (.text)
                  003ee5f0    0000001c                    : l_tofd28.asm.obj (.text)
                  003ee60c    0000001b     CSMON_C28xx.lib : csmon.obj (.text:_CSMON_eSetParameterCountInRecorder)
                  003ee627    0000001b     device.obj (.text:_Device_initGPIO)
                  003ee642    0000001b     CSMON_C28xx.lib : hmdrv.obj (.text:_HMDRV_AddressToBuffer)
                  003ee65d    0000001b                     : hmmodbus.obj (.text:_HMMODBUS_vInit)
                  003ee678    0000001b     rts2800_ml.lib : fd_toul28.asm.obj (.text)
                  003ee693    0000001a     CSMON_C28xx.lib : hmmodbus.obj (.text:_HMMODBUS_vProcessSCITXISR)
                  003ee6ad    0000001a                     : hmrecparam.obj (.text:_HMRECPRM_StartRec)
                  003ee6c7    0000001a                     : hmserial.obj (.text:_HMSERIAL_vProcessSCITXISRFreemasterOnly)
                  003ee6e1    0000001a     sci.obj (.text:_SCI_disableInterrupt)
                  003ee6fb    0000001a     sci.obj (.text:_SCI_enableInterrupt)
                  003ee715    0000001a     rts2800_ml.lib : l_tofs28.asm.obj (.text)
                  003ee72f    00000019     CSMON_C28xx.lib : csmon.obj (.text:_CSMON_vFileParameterCountCheckSumUpdate)
                  003ee748    00000019                     : hmdrv.obj (.text:_HMDRV_AddressFromBuffer)
                  003ee761    00000019                     : hmmodbus.obj (.text:_HMMODBUS_GetRealQueueNumber)
                  003ee77a    00000019                     : uart_drv.obj (.text:_UART_vInit)
                  003ee793    00000019                     : hmmodbus.obj (.text:_bGetFileReadAccess)
                  003ee7ac    00000019     rts2800_ml.lib : prolog28.asm.obj (.text)
                  003ee7c5    00000018     CSMON_C28xx.lib : csmon.obj (.text:_CSMON_u32GetFreeRunningTimerMicroseconds)
                  003ee7dd    00000018                     : hmlib.obj (.text:_HMLIB_vProcessSCITXISRWithIndex)
                  003ee7f5    00000018     F2806x_SysCtrl.obj (.text:_InitSysCtrl)
                  003ee80d    00000018     rts2800_ml.lib : ll_aox28.asm.obj (.text)
                  003ee825    00000017     CSMON_C28xx.lib : hmmodbus.obj (.text:_HMMODBUS_Tx)
                  003ee83c    00000017                     : hmmodbus.obj (.text:_HMMODBUS_vProcessTxDelay)
                  003ee853    00000017                     : hmprotocol.obj (.text:_HMPROTOCOL_WriteMem)
                  003ee86a    00000017                     : hmprotocol.obj (.text:_HMPROTOCOL_WriteMemMask)
                  003ee881    00000017                     : hmmodbus.obj (.text:_vSetBufferAddressStart)
                  003ee898    00000017     rts2800_ml.lib : fs_cmp28.asm.obj (.text)
                  003ee8af    00000017                    : u_tofd28.asm.obj (.text)
                  003ee8c6    00000016     CSMON_C28xx.lib : csmon.obj (.text:_CSMON_eSetParameterCountInScope)
                  003ee8dc    00000016                     : hmdrv.obj (.text:_HMDRV_AddressFromBufferBigEndian)
                  003ee8f2    00000016                     : hmdrv.obj (.text:_HMDRV_CopyToBufferInternalModbusSingleCoil)
                  003ee908    00000015                     : hmrecparam.obj (.text:_HMRECPRM_Comparefloat)
                  003ee91d    00000015                     : hmrec.obj (.text:_HMREC_Comparefloat)
                  003ee932    00000015                     : hmrec.obj (.text:_HMREC_StartRec)
                  003ee947    00000015     F2806x_Gpio.obj (.text:_InitGpio)
                  003ee95c    00000014     CSMON_C28xx.lib : hmlib.obj (.text:_HMLIB_vProcessFastTD)
                  003ee970    00000014                     : hmmodbus.obj (.text:_HMMODBUS_DelayedTx)
                  003ee984    00000014                     : hmrecparam.obj (.text:_HMRECPRM_StopRecParam)
                  003ee998    00000014                     : hmserial.obj (.text:_HMSERIAL_DelayedTx)
                  003ee9ac    00000013                     : csmon.obj (.text:_CSMON_eSetFlagProcessPassed)
                  003ee9bf    00000013                     : hmmodbus.obj (.text:_HMMODBUS_vSetupQueueRegistersAddressTable)
                  003ee9d2    00000013     rts2800_ml.lib : ul_tofs28.asm.obj (.text)
                  003ee9e5    00000012     CSMON_C28xx.lib : hmdrv.obj (.text:_HMDRV_GetStringLengthFromWordInternal)
                  003ee9f7    00000012                     : hmrecparam.obj (.text:_HMRECPRM_CompareBOOL)
                  003eea09    00000012                     : modbusreg.obj (.text:_MODBUSREG_vFileDenyAccess)
                  003eea1b    00000012                     : modbusreg.obj (.text:_MODBUSREG_vInitHoldingRegistersTableChanges)
                  003eea2d    00000012                     : uart_drv.obj (.text:_UART_TxIntDis)
                  003eea3f    00000012                     : uart_drv.obj (.text:_UART_TxIntEna)
                  003eea51    00000011                     : csmon.obj (.text:_CSMON_eApplyParameterChanges)
                  003eea62    00000011     main.obj (.text:_CSMON_vSetDateTime)
                  003eea73    00000011     CSMON_C28xx.lib : hmserial.obj (.text:_HMSERIAL_vInit)
                  003eea84    00000011     F2806x_PieVect.obj (.text:_InitPieVectTable)
                  003eea95    00000011     main.obj (.text:_vSetWatchdogPrescalerTimeDiv)
                  003eeaa6    00000011     rts2800_ml.lib : args_main.c.obj (.text)
                  003eeab7    00000010     device.obj (.text:_Example_MemCopy)
                  003eeac7    00000010     CSMON_C28xx.lib : hmlib.obj (.text:_HMLIB_vInitRecParamBuff)
                  003eead7    00000010                     : hmmodbus.obj (.text:_HMMODBUS_vSetupRegisterDummy)
                  003eeae7    00000010     F2806x_SysCtrl.obj (.text:_IntOsc1Sel)
                  003eeaf7    00000010     CSMON_C28xx.lib : hmmodbus.obj (.text:_bIsValidEndAddressInBuffer)
                  003eeb07    00000010                     : hmmodbus.obj (.text:_u32BytesMemoryToBytesModbus)
                  003eeb17    00000010                     : hmmodbus.obj (.text:_u32BytesModbusToBytesMemory)
                  003eeb27    00000010     main.obj (.text:_vGetWatchdogPrescaler)
                  003eeb37    00000010     rts2800_ml.lib : u_tofs28.asm.obj (.text)
                  003eeb47    0000000f     CSMON_C28xx.lib : hmlib.obj (.text:_HMLIB_GetRecBuffAddress)
                  003eeb56    0000000f                     : hmlib.obj (.text:_HMLIB_vProcessRecorders)
                  003eeb65    0000000f                     : hmmodbus.obj (.text:_HMMODBUS_CalcCRC)
                  003eeb74    0000000f                     : uart_drv.obj (.text:_UART_IsTxEmpty)
                  003eeb83    0000000e                     : hmdrv.obj (.text:_HMDRV_GetStringLengthInternal)
                  003eeb91    0000000e                     : hmlib.obj (.text:_HMLIB_GetRecBufferSize)
                  003eeb9f    0000000e                     : hmlib.obj (.text:_HMLIB_GetRecSampleSize)
                  003eebad    0000000e                     : hmrecparam.obj (.text:_HMRECPRM_Compare16S)
                  003eebbb    0000000e                     : hmrecparam.obj (.text:_HMRECPRM_Compare16U)
                  003eebc9    0000000e                     : hmrecparam.obj (.text:_HMRECPRM_Compare32S)
                  003eebd7    0000000e                     : hmrecparam.obj (.text:_HMRECPRM_Compare32U)
                  003eebe5    0000000e                     : hmrecparam.obj (.text:_HMRECPRM_Compare8S)
                  003eebf3    0000000e                     : hmrecparam.obj (.text:_HMRECPRM_Compare8U)
                  003eec01    0000000e                     : hmrec.obj (.text:_HMREC_Compare16S)
                  003eec0f    0000000e                     : hmrec.obj (.text:_HMREC_Compare16U)
                  003eec1d    0000000e                     : hmrec.obj (.text:_HMREC_Compare32S)
                  003eec2b    0000000e                     : hmrec.obj (.text:_HMREC_Compare32U)
                  003eec39    0000000e                     : hmrec.obj (.text:_HMREC_Compare8S)
                  003eec47    0000000e                     : hmrec.obj (.text:_HMREC_Compare8U)
                  003eec55    0000000e                     : hmmodbus.obj (.text:_u32FitAddressCircleBufferInside)
                  003eec63    0000000e     rts2800_ml.lib : fd_sub28.asm.obj (.text)
                  003eec71    0000000d     CSMON_C28xx.lib : hmdrv.obj (.text:_HMDRV_CopyFromBufferInternalSingleCoil)
                  003eec7e    0000000d                     : hmrecparam.obj (.text:_HMRECPRM_IsJustStopped)
                  003eec8b    0000000d                     : hmrecparam.obj (.text:_HMRECPRM_StopRec)
                  003eec98    0000000d                     : hmrec.obj (.text:_HMREC_StopRec)
                  003eeca5    0000000d                     : modbusreg.obj (.text:_MODBUSREG_vFileAllowAccess)
                  003eecb2    0000000d     tmr_drv.obj (.text:_TIMER_vSetupTimerMainFunctionDelayCompare)
                  003eecbf    0000000d     CSMON_C28xx.lib : uart_drv.obj (.text:_UART_ReadDataRxAvailable)
                  003eeccc    0000000c                     : hmdrv.obj (.text:_HMDRV_CopyToBufferInternalSingleCoil)
                  003eecd8    0000000c                     : hmlib.obj (.text:_HMLIB_vProcess)
                  003eece4    0000000c                     : hmrecparam.obj (.text:_HMRECPRM_GetBufferRecParamPtrAddress)
                  003eecf0    0000000c                     : hmrecparam.obj (.text:_HMRECPRM_TriggerRec)
                  003eecfc    0000000c                     : hmmodbus.obj (.text:_u32FixAddressCircleBufferOverflow)
                  003eed08    0000000c     rts2800_ml.lib : epilog28.asm.obj (.text)
                  003eed14    0000000b     CSMON_C28xx.lib : hmmodbus.obj (.text:_HMMODBUS_vProcessFastTD)
                  003eed1f    0000000b                     : hmrecparam.obj (.text:_HMRECPRM_IsRunning)
                  003eed2a    0000000b                     : hmrecparam.obj (.text:_HMRECPRM_vResetAllStopDetections)
                  003eed35    0000000b                     : hmserial.obj (.text:_HMSERIAL_vProcessFastTD)
                  003eed40    0000000b                     : modbusreg.obj (.text:_MODBUSREG_vDataZero)
                  003eed4b    0000000b     sci_driver.obj (.text:_SCI_DRV_eGetModuleIndexFromBase)
                  003eed56    0000000b     sci_drv.obj (.text:_SCI_eGetModuleIndexFromBase)
                  003eed61    0000000b     tmr_drv.obj (.text:_TMR1_ISR)
                  003eed6c    0000000b     CSMON_C28xx.lib : uart_drv.obj (.text:_UART_TxDis)
                  003eed77    0000000b                     : uart_drv.obj (.text:_UART_TxEna)
                  003eed82    0000000b                     : hmmodbus.obj (.text:_bIsValidIndexFileTable)
                  003eed8d    0000000b     rts2800_ml.lib : u_div28.asm.obj (.text)
                  003eed98    0000000a     CSMON_C28xx.lib : csmon.obj (.text:_CSMON_eResetParameterTable)
                  003eeda2    0000000a                     : hmrecparam.obj (.text:_HMRECPRM_ClrLastStopDetectionToRecorderStopSamplesCounter)
                  003eedac    0000000a                     : hmrecparam.obj (.text:_HMRECPRM_GetRecStatus)
                  003eedb6    0000000a                     : hmrec.obj (.text:_HMREC_GetRecStatus)
                  003eedc0    00000009                     : csmon.obj (.text:_CSMON_eSetServerOnStatus)
                  003eedc9    00000009                     : hmmodbus.obj (.text:_HMMODBUS_vProcessFreeTimer)
                  003eedd2    00000009                     : hmmodbus.obj (.text:_HMMODBUS_vProcessRxDelay)
                  003eeddb    00000009                     : hmrecparam.obj (.text:_HMRECPRM_GetExternBufferRecParamLastPointedAddress)
                  003eede4    00000009                     : hmrecparam.obj (.text:_HMRECPRM_GetExternBufferRecParamPtrAddress)
                  003eeded    00000009                     : hmrecparam.obj (.text:_HMRECPRM_vDisableAllStopDetections)
                  003eedf6    00000009                     : hmrec.obj (.text:_HMREC_TriggerRec)
                  003eedff    00000009                     : hmscopeparam.obj (.text:_HMSCOPEPRM_GetBufferScopeParamAddress)
                  003eee08    00000009                     : hmserial.obj (.text:_HMSERIAL_vProcessFreeTimer)
                  003eee11    00000009     tmr_drv.obj (.text:_TIMER_vResetTimerMainFunctionDelayCounter)
                  003eee1a    00000009     tmr_drv.obj (.text:_TIMER_vSetupTimerMainDelayedFunctionSendData)
                  003eee23    00000009     CSMON_C28xx.lib : uart_drv.obj (.text:_UART_PutChar)
                  003eee2c    00000009                     : uart_drv.obj (.text:_UART_ReadDataRxTimeDiff)
                  003eee35    00000009     rts2800_ml.lib : _lock.c.obj (.text)
                  003eee3e    00000009                    : fd_neg28.asm.obj (.text)
                  003eee47    00000008     Example_Flash2806x_CsmKeys.obj (.text)
                  003eee4f    00000008     F2806x_CodeStartBranch.obj (.text)
                  003eee57    00000008     CSMON_C28xx.lib : csmon.obj (.text:_CSMON_u32GetParameterAuxCheckSum)
                  003eee5f    00000008                     : csmon.obj (.text:_CSMON_vInitScopes)
                  003eee67    00000008     F2806x_SysCtrl.obj (.text:_DisableDog)
                  003eee6f    00000008     CSMON_C28xx.lib : hmdrv.obj (.text:_HMDRV_CopyFromBufferWithMaskModbus)
                  003eee77    00000008                     : hmmodbus.obj (.text:_HMMODBUS_vSetupHoldingRegistersAddressTable)
                  003eee7f    00000008                     : hmrecparam.obj (.text:_HMRECPRM_GetExternRecParamAddress)
                  003eee87    00000008                     : hmrecparam.obj (.text:_HMRECPRM_GetExternRecParamPtrMaximumUsedSampleCount)
                  003eee8f    00000008                     : hmrecparam.obj (.text:_HMRECPRM_GetExternRecParamPtrSampleSize)
                  003eee97    00000008                     : hmrecparam.obj (.text:_HMRECPRM_GetRecParamPtrAvailableSampleCount)
                  003eee9f    00000008                     : hmrecparam.obj (.text:_HMRECPRM_GetRecParamPtrLastSampleIndex)
                  003eeea7    00000008                     : hmrecparam.obj (.text:_HMRECPRM_GetRecParamPtrMaximumUsedSampleCount)
                  003eeeaf    00000008                     : hmrecparam.obj (.text:_HMRECPRM_GetRecParamPtrSampleSize)
                  003eeeb7    00000008                     : hmrecparam.obj (.text:_HMRECPRM_GetStatusInternalRecParamAddress)
                  003eeebf    00000008                     : hmrecparam.obj (.text:_HMRECPRM_GetStatusRecParamAddress)
                  003eeec7    00000008                     : hmrecparam.obj (.text:_HMRECPRM_vInit)
                  003eeecf    00000008                     : hmrec.obj (.text:_HMREC_vInit)
                  003eeed7    00000007     F2806x_DisInt.obj (.text)
                  003eeede    00000007     CSMON_C28xx.lib : hmlib.obj (.text:_HMLIB_vProcessDifferentPorts)
                  003eeee5    00000007                     : hmscopeparam.obj (.text:_HMSCOPEPRM_GetStatusScopeParamAddress)
                  003eeeec    00000007     sci_driver.obj (.text:_SCI_DRV_u32GetBaseFromModuleIndex)
                  003eeef3    00000007     sci_drv.obj (.text:_SCI_u32GetBaseFromModuleIndex)
                  003eeefa    00000006     cputimer.obj (.text:_CPUTimer_setEmulationMode)
                  003eef00    00000006     CSMON_C28xx.lib : hmmodbus.obj (.text:_HMMODBUS_vSetupActiveQueueIndex)
                  003eef06    00000006                     : hmmodbus.obj (.text:_HMMODBUS_vSetupCoilDummy)
                  003eef0c    00000006                     : hmmodbus.obj (.text:_HMMODBUS_vSetupHoldingCoilsAddressTable)
                  003eef12    00000006                     : hmmodbus.obj (.text:_HMMODBUS_vSetupHoldingRegistersAddressTableInRam)
                  003eef18    00000006                     : hmmodbus.obj (.text:_HMMODBUS_vSetupInputCoilsAddressTable)
                  003eef1e    00000006                     : hmmodbus.obj (.text:_HMMODBUS_vSetupInputRegistersAddressTable)
                  003eef24    00000006                     : hmmodbus.obj (.text:_HMMODBUS_vSetupInputRegistersAddressTableInRam)
                  003eef2a    00000006                     : hmrecparam.obj (.text:_HMRECPRM_SetUpRecBuff)
                  003eef30    00000006                     : hmrec.obj (.text:_HMREC_SetUpRecBuff)
                  003eef36    00000006     tmr_drv.obj (.text:_TIMER_u16ResetTimerMainPeriod)
                  003eef3c    00000006     uart_driver.obj (.text:_UART_DRV_GetChar)
                  003eef42    00000006     CSMON_C28xx.lib : uart_drv.obj (.text:_UART_GetChar)
                  003eef48    00000005     F2806x_DefaultIsr.obj (.text:_ADCINT1_ISR)
                  003eef4d    00000005     F2806x_DefaultIsr.obj (.text:_ADCINT2_ISR)
                  003eef52    00000005     F2806x_DefaultIsr.obj (.text:_ADCINT3_ISR)
                  003eef57    00000005     F2806x_DefaultIsr.obj (.text:_ADCINT4_ISR)
                  003eef5c    00000005     F2806x_DefaultIsr.obj (.text:_ADCINT5_ISR)
                  003eef61    00000005     F2806x_DefaultIsr.obj (.text:_ADCINT6_ISR)
                  003eef66    00000005     F2806x_DefaultIsr.obj (.text:_ADCINT7_ISR)
                  003eef6b    00000005     F2806x_DefaultIsr.obj (.text:_ADCINT8_ISR)
                  003eef70    00000005     F2806x_DefaultIsr.obj (.text:_ADCINT9_ISR)
                  003eef75    00000005     F2806x_DefaultIsr.obj (.text:_CLA1_INT1_ISR)
                  003eef7a    00000005     F2806x_DefaultIsr.obj (.text:_CLA1_INT2_ISR)
                  003eef7f    00000005     F2806x_DefaultIsr.obj (.text:_CLA1_INT3_ISR)
                  003eef84    00000005     F2806x_DefaultIsr.obj (.text:_CLA1_INT4_ISR)
                  003eef89    00000005     F2806x_DefaultIsr.obj (.text:_CLA1_INT5_ISR)
                  003eef8e    00000005     F2806x_DefaultIsr.obj (.text:_CLA1_INT6_ISR)
                  003eef93    00000005     F2806x_DefaultIsr.obj (.text:_CLA1_INT7_ISR)
                  003eef98    00000005     F2806x_DefaultIsr.obj (.text:_CLA1_INT8_ISR)
                  003eef9d    00000005     CSMON_C28xx.lib : csmon.obj (.text:_CSMON_eSetAutoServiceWatchdogInternalSlowCalculationsInMainLoop)
                  003eefa2    00000005                     : csmon.obj (.text:_CSMON_eSetFirmwareApplicationVersion)
                  003eefa7    00000005                     : csmon.obj (.text:_CSMON_eSetMaxTimeInISR)
                  003eefac    00000005                     : csmon.obj (.text:_CSMON_eSetMinGuaranteedTimeBetweenTwoISRs)
                  003eefb1    00000005                     : csmon.obj (.text:_CSMON_u16ParametersAccessListIndexGenerate)
                  003eefb6    00000005                     : csmon.obj (.text:_CSMON_u32GetFreeRunningTimerTicks)
                  003eefbb    00000005                     : csmon.obj (.text:_CSMON_vSetDateTimeRequest)
                  003eefc0    00000005     F2806x_DefaultIsr.obj (.text:_DATALOG_ISR)
                  003eefc5    00000005     F2806x_DefaultIsr.obj (.text:_DINTCH1_ISR)
                  003eefca    00000005     F2806x_DefaultIsr.obj (.text:_DINTCH2_ISR)
                  003eefcf    00000005     F2806x_DefaultIsr.obj (.text:_DINTCH3_ISR)
                  003eefd4    00000005     F2806x_DefaultIsr.obj (.text:_DINTCH4_ISR)
                  003eefd9    00000005     F2806x_DefaultIsr.obj (.text:_DINTCH5_ISR)
                  003eefde    00000005     F2806x_DefaultIsr.obj (.text:_DINTCH6_ISR)
                  003eefe3    00000005     F2806x_DefaultIsr.obj (.text:_ECAN0INTA_ISR)
                  003eefe8    00000005     F2806x_DefaultIsr.obj (.text:_ECAN1INTA_ISR)
                  003eefed    00000005     F2806x_DefaultIsr.obj (.text:_ECAP1_INT_ISR)
                  003eeff2    00000005     F2806x_DefaultIsr.obj (.text:_ECAP2_INT_ISR)
                  003eeff7    00000005     F2806x_DefaultIsr.obj (.text:_ECAP3_INT_ISR)
                  003eeffc    00000005     F2806x_DefaultIsr.obj (.text:_EMPTY_ISR)
                  003ef001    00000005     F2806x_DefaultIsr.obj (.text:_EMUINT_ISR)
                  003ef006    00000005     F2806x_DefaultIsr.obj (.text:_EPWM1_INT_ISR)
                  003ef00b    00000005     F2806x_DefaultIsr.obj (.text:_EPWM1_TZINT_ISR)
                  003ef010    00000005     F2806x_DefaultIsr.obj (.text:_EPWM2_INT_ISR)
                  003ef015    00000005     F2806x_DefaultIsr.obj (.text:_EPWM2_TZINT_ISR)
                  003ef01a    00000005     F2806x_DefaultIsr.obj (.text:_EPWM3_INT_ISR)
                  003ef01f    00000005     F2806x_DefaultIsr.obj (.text:_EPWM3_TZINT_ISR)
                  003ef024    00000005     F2806x_DefaultIsr.obj (.text:_EPWM4_INT_ISR)
                  003ef029    00000005     F2806x_DefaultIsr.obj (.text:_EPWM4_TZINT_ISR)
                  003ef02e    00000005     F2806x_DefaultIsr.obj (.text:_EPWM5_INT_ISR)
                  003ef033    00000005     F2806x_DefaultIsr.obj (.text:_EPWM5_TZINT_ISR)
                  003ef038    00000005     F2806x_DefaultIsr.obj (.text:_EPWM6_INT_ISR)
                  003ef03d    00000005     F2806x_DefaultIsr.obj (.text:_EPWM6_TZINT_ISR)
                  003ef042    00000005     F2806x_DefaultIsr.obj (.text:_EPWM7_INT_ISR)
                  003ef047    00000005     F2806x_DefaultIsr.obj (.text:_EPWM7_TZINT_ISR)
                  003ef04c    00000005     F2806x_DefaultIsr.obj (.text:_EPWM8_INT_ISR)
                  003ef051    00000005     F2806x_DefaultIsr.obj (.text:_EPWM8_TZINT_ISR)
                  003ef056    00000005     F2806x_DefaultIsr.obj (.text:_EQEP1_INT_ISR)
                  003ef05b    00000005     F2806x_DefaultIsr.obj (.text:_EQEP2_INT_ISR)
                  003ef060    00000005     CSMON_C28xx.lib : hmlib.obj (.text:_HMLIB_vProcessSamePort)
                  003ef065    00000005                     : hmlib.obj (.text:_HMLIB_vRecorder0)
                  003ef06a    00000005                     : hmlib.obj (.text:_HMLIB_vRecorder1)
                  003ef06f    00000005                     : hmlib.obj (.text:_HMLIB_vRecorder2)
                  003ef074    00000005                     : hmmodbus.obj (.text:_HMMODBUS_bGetReceivedMessage)
                  003ef079    00000005                     : hmmodbus.obj (.text:_HMMODBUS_vFileTable)
                  003ef07e    00000005                     : hmmodbus.obj (.text:_HMMODBUS_vSetupHoldingCoilsAddressTableInRam)
                  003ef083    00000005                     : hmmodbus.obj (.text:_HMMODBUS_vSetupInputCoilsAddressTableInRam)
                  003ef088    00000005     F2806x_DefaultIsr.obj (.text:_HRCAP1_INT_ISR)
                  003ef08d    00000005     F2806x_DefaultIsr.obj (.text:_HRCAP2_INT_ISR)
                  003ef092    00000005     F2806x_DefaultIsr.obj (.text:_HRCAP3_INT_ISR)
                  003ef097    00000005     F2806x_DefaultIsr.obj (.text:_HRCAP4_INT_ISR)
                  003ef09c    00000005     F2806x_DefaultIsr.obj (.text:_I2CINT1A_ISR)
                  003ef0a1    00000005     F2806x_DefaultIsr.obj (.text:_I2CINT2A_ISR)
                  003ef0a6    00000005     F2806x_DefaultIsr.obj (.text:_ILLEGAL_ISR)
                  003ef0ab    00000005     F2806x_DefaultIsr.obj (.text:_INT13_ISR)
                  003ef0b0    00000005     F2806x_DefaultIsr.obj (.text:_INT14_ISR)
                  003ef0b5    00000005     interrupt.obj (.text:_IntDefaultHandler)
                  003ef0ba    00000005     F2806x_DefaultIsr.obj (.text:_LUF_ISR)
                  003ef0bf    00000005     F2806x_DefaultIsr.obj (.text:_LVF_ISR)
                  003ef0c4    00000005     F2806x_DefaultIsr.obj (.text:_MRINTA_ISR)
                  003ef0c9    00000005     F2806x_DefaultIsr.obj (.text:_MXINTA_ISR)
                  003ef0ce    00000005     F2806x_DefaultIsr.obj (.text:_NMI_ISR)
                  003ef0d3    00000005     F2806x_DefaultIsr.obj (.text:_PIE_RESERVED)
                  003ef0d8    00000005     F2806x_DefaultIsr.obj (.text:_RTOSINT_ISR)
                  003ef0dd    00000005     F2806x_DefaultIsr.obj (.text:_SCIRXINTA_ISR)
                  003ef0e2    00000005     F2806x_DefaultIsr.obj (.text:_SCIRXINTB_ISR)
                  003ef0e7    00000005     F2806x_DefaultIsr.obj (.text:_SCITXINTA_ISR)
                  003ef0ec    00000005     F2806x_DefaultIsr.obj (.text:_SCITXINTB_ISR)
                  003ef0f1    00000005     F2806x_DefaultIsr.obj (.text:_SPIRXINTA_ISR)
                  003ef0f6    00000005     F2806x_DefaultIsr.obj (.text:_SPIRXINTB_ISR)
                  003ef0fb    00000005     F2806x_DefaultIsr.obj (.text:_SPITXINTA_ISR)
                  003ef100    00000005     F2806x_DefaultIsr.obj (.text:_SPITXINTB_ISR)
                  003ef105    00000005     tmr_drv.obj (.text:_TIMER_vSetupTimerMainDelayedData)
                  003ef10a    00000005     F2806x_DefaultIsr.obj (.text:_TINT0_ISR)
                  003ef10f    00000005     F2806x_DefaultIsr.obj (.text:_USB0_INT_ISR)
                  003ef114    00000005     F2806x_DefaultIsr.obj (.text:_USER10_ISR)
                  003ef119    00000005     F2806x_DefaultIsr.obj (.text:_USER11_ISR)
                  003ef11e    00000005     F2806x_DefaultIsr.obj (.text:_USER12_ISR)
                  003ef123    00000005     F2806x_DefaultIsr.obj (.text:_USER1_ISR)
                  003ef128    00000005     F2806x_DefaultIsr.obj (.text:_USER2_ISR)
                  003ef12d    00000005     F2806x_DefaultIsr.obj (.text:_USER3_ISR)
                  003ef132    00000005     F2806x_DefaultIsr.obj (.text:_USER4_ISR)
                  003ef137    00000005     F2806x_DefaultIsr.obj (.text:_USER5_ISR)
                  003ef13c    00000005     F2806x_DefaultIsr.obj (.text:_USER6_ISR)
                  003ef141    00000005     F2806x_DefaultIsr.obj (.text:_USER7_ISR)
                  003ef146    00000005     F2806x_DefaultIsr.obj (.text:_USER8_ISR)
                  003ef14b    00000005     F2806x_DefaultIsr.obj (.text:_USER9_ISR)
                  003ef150    00000005     F2806x_DefaultIsr.obj (.text:_WAKEINT_ISR)
                  003ef155    00000005     F2806x_DefaultIsr.obj (.text:_XINT1_ISR)
                  003ef15a    00000005     F2806x_DefaultIsr.obj (.text:_XINT2_ISR)
                  003ef15f    00000005     F2806x_DefaultIsr.obj (.text:_XINT3_ISR)
                  003ef164    00000005     F2806x_DefaultIsr.obj (.text:_rsvd_ISR)
                  003ef169    00000005     rts2800_ml.lib : fs_neg28.asm.obj (.text)
                  003ef16e    00000004     CSMON_C28xx.lib : csmon.obj (.text:_CSMON_eRegisterWriteParElementCallbackFunction)
                  003ef172    00000004                     : csmon.obj (.text:_CSMON_eSetInternalTimerPeriod)
                  003ef176    00000004                     : csmon.obj (.text:_CSMON_eSetTimerPeriodISRFunctionRegister)
                  003ef17a    00000004                     : csmon.obj (.text:_CSMON_u32GetBaudError_PPM)
                  003ef17e    00000004                     : csmon.obj (.text:_CSMON_vAddSetupRecorderParameterMask)
                  003ef182    00000004                     : csmon.obj (.text:_CSMON_vSetStartRecorderParameterMask)
                  003ef186    00000004                     : hmdrv.obj (.text:_HMDRV_SetExAddr)
                  003ef18a    00000004                     : hmdrv.obj (.text:_HMDRV_u32GetDeviceSYSCLKFreq)
                  003ef18e    00000004                     : hmdrv.obj (.text:_HMDRV_u32GetSCIErrorPPM)
                  003ef192    00000004                     : hmlib.obj (.text:_HMLIB_vRecorderParam0)
                  003ef196    00000004                     : hmlib.obj (.text:_HMLIB_vRecorderParam1)
                  003ef19a    00000004                     : hmlib.obj (.text:_HMLIB_vRecorderParam2)
                  003ef19e    00000004                     : hmmodbus.obj (.text:_HMMODBUS_u32GetAddressMessageCounterThisDevice)
                  003ef1a2    00000004                     : hmmodbus.obj (.text:_HMMODBUS_vSetDeviceIDMajorMinorRevision)
                  003ef1a6    00000004                     : hmmodbus.obj (.text:_HMMODBUS_vSetDeviceIDMajorMinorRevisionLength)
                  003ef1aa    00000004                     : hmmodbus.obj (.text:_HMMODBUS_vSetDeviceIDModelName)
                  003ef1ae    00000004                     : hmmodbus.obj (.text:_HMMODBUS_vSetDeviceIDModelNameLength)
                  003ef1b2    00000004                     : hmmodbus.obj (.text:_HMMODBUS_vSetDeviceIDProductCode)
                  003ef1b6    00000004                     : hmmodbus.obj (.text:_HMMODBUS_vSetDeviceIDProductCodeLength)
                  003ef1ba    00000004                     : hmmodbus.obj (.text:_HMMODBUS_vSetDeviceIDProductName)
                  003ef1be    00000004                     : hmmodbus.obj (.text:_HMMODBUS_vSetDeviceIDProductNameLength)
                  003ef1c2    00000004                     : hmmodbus.obj (.text:_HMMODBUS_vSetDeviceIDUserApplicationName)
                  003ef1c6    00000004                     : hmmodbus.obj (.text:_HMMODBUS_vSetDeviceIDUserApplicationNameLength)
                  003ef1ca    00000004                     : hmmodbus.obj (.text:_HMMODBUS_vSetDeviceIDUserReserve0)
                  003ef1ce    00000004                     : hmmodbus.obj (.text:_HMMODBUS_vSetDeviceIDUserReserve0Length)
                  003ef1d2    00000004                     : hmmodbus.obj (.text:_HMMODBUS_vSetDeviceIDUserReserve1)
                  003ef1d6    00000004                     : hmmodbus.obj (.text:_HMMODBUS_vSetDeviceIDUserReserve1Length)
                  003ef1da    00000004                     : hmmodbus.obj (.text:_HMMODBUS_vSetDeviceIDUserReserve2)
                  003ef1de    00000004                     : hmmodbus.obj (.text:_HMMODBUS_vSetDeviceIDUserReserve2Length)
                  003ef1e2    00000004                     : hmmodbus.obj (.text:_HMMODBUS_vSetDeviceIDVendorName)
                  003ef1e6    00000004                     : hmmodbus.obj (.text:_HMMODBUS_vSetDeviceIDVendorNameLength)
                  003ef1ea    00000004                     : hmmodbus.obj (.text:_HMMODBUS_vSetDeviceIDVendorUrl)
                  003ef1ee    00000004                     : hmmodbus.obj (.text:_HMMODBUS_vSetDeviceIDVendorUrlLength)
                  003ef1f2    00000004                     : hmmodbus.obj (.text:_HMMODBUS_vSetServerIDDataAddress)
                  003ef1f6    00000004                     : hmmodbus.obj (.text:_HMMODBUS_vSetServerIDLength)
                  003ef1fa    00000004                     : hmmodbus.obj (.text:_HMMODBUS_vSetServerIDNumber)
                  003ef1fe    00000004                     : hmmodbus.obj (.text:_HMMODBUS_vSetServerOnStatus)
                  003ef202    00000004                     : hmmodbus.obj (.text:_HMMODBUS_vSetupWriteParElementCallbackFunction)
                  003ef206    00000004     interrupt.obj (.text:_IntMasterDisable)
                  003ef20a    00000004     interrupt.obj (.text:_IntMasterEnable)
                  003ef20e    00000004     CSMON_C28xx.lib : modbusreg.obj (.text:_MODBUSREG_u16GetHoldRegFillCount)
                  003ef212    00000004                     : modbusreg.obj (.text:_MODBUSREG_u32GetHoldingCoilAddressTable)
                  003ef216    00000004                     : modbusreg.obj (.text:_MODBUSREG_u32GetHoldingCoilAddressTableInRam)
                  003ef21a    00000004                     : modbusreg.obj (.text:_MODBUSREG_u32GetInputCoilAddressTable)
                  003ef21e    00000004                     : modbusreg.obj (.text:_MODBUSREG_u32GetInputCoilAddressTableInRam)
                  003ef222    00000004                     : modbusreg.obj (.text:_MODBUSREG_u32GetInputRegisterAccessTableInRam)
                  003ef226    00000004                     : modbusreg.obj (.text:_MODBUSREG_u32GetInputRegisterAddressTable)
                  003ef22a    00000004                     : modbusreg.obj (.text:_MODBUSREG_u32GetRegisterAccessTableInRam)
                  003ef22e    00000004                     : modbusreg.obj (.text:_MODBUSREG_u32GetRegisterAddressTable)
                  003ef232    00000004                     : modbusreg.obj (.text:_MODBUSREG_u32GetRegisterAddressTableInRam)
                  003ef236    00000004                     : modbusreg.obj (.text:_MODBUSREG_vSetFileAutorization_FunctionAfterWriteFileRecordTable)
                  003ef23a    00000004                     : modbusreg.obj (.text:_MODBUSREG_vSetFileParamCount_FunctionBeforeReadFileRecord)
                  003ef23e    00000004                     : modbusreg.obj (.text:_MODBUSREG_vSetFileRTC_FunctionAfterReadFileRecord)
                  003ef242    00000004                     : modbusreg.obj (.text:_MODBUSREG_vSetFileRTC_FunctionAfterWriteFileRecord)
                  003ef246    00000004                     : modbusreg.obj (.text:_MODBUSREG_vSetFileRecConfig_FunctionAfterWriteFileRecord)
                  003ef24a    00000004                     : modbusreg.obj (.text:_MODBUSREG_vSetFileRecStatus_FunctionIndexGenerationFileRecord)
                  003ef24e    00000004                     : modbusreg.obj (.text:_MODBUSREG_vSetParamCount)
                  003ef252    00000004                     : modbusreg.obj (.text:_MODBUSREG_vSetParamListAddress)
                  003ef256    00000004                     : modbusreg.obj (.text:_MODBUSREG_vSetParamNameAddress)
                  003ef25a    00000004                     : modbusreg.obj (.text:_MODBUSREG_vSetParamNumbAddress)
                  003ef25e    00000004                     : modbusreg.obj (.text:_MODBUSREG_vSetParamRecorderConfigAddress)
                  003ef262    00000004                     : modbusreg.obj (.text:_MODBUSREG_vSetParamReservedAddress)
                  003ef266    00000004                     : modbusreg.obj (.text:_MODBUSREG_vSetParamScopeConfigAddress)
                  003ef26a    00000004                     : modbusreg.obj (.text:_MODBUSREG_vSetParamStringAddress)
                  003ef26e    00000004     tmr_drv.obj (.text:_TIMER_vGetTimerMainRollingCounter)
                  003ef272    00000004     tmr_drv.obj (.text:_TIMER_vSetupTimerMainCSMONFunction)
                  003ef276    00000004     tmr_drv.obj (.text:_TMR_u16GetFreeRunTimerPrescaller)
                  003ef27a    00000004     CSMON_C28xx.lib : hmmodbus.obj (.text:_bGetElementsDifference)
                  003ef27e    00000004                     : hmmodbus.obj (.text:_u16GetIndexFileTable)
                  003ef282    00000004                     : hmmodbus.obj (.text:_u32GetBufferAddressStart)
                  003ef286    00000004                     : hmmodbus.obj (.text:_u32GetBufferSize)
                  003ef28a    00000004                     : hmmodbus.obj (.text:_u32GetSampleCountAvailable)
                  003ef28e    00000004                     : hmmodbus.obj (.text:_u32GetSampleCountBuffer)
                  003ef292    00000004                     : hmmodbus.obj (.text:_u32GetStartSampleIndex)
                  003ef296    00000004                     : hmmodbus.obj (.text:_u8GetSampleSize)
                  003ef29a    00000004                     : hmmodbus.obj (.text:_vSetBufferSize)
                  003ef29e    00000003     F2806x_DBGIER.obj (.text)
                  003ef2a1    00000003     CSMON_C28xx.lib : csmon.obj (.text:_CSMON_eSetParameter)
                  003ef2a4    00000003                     : csmon.obj (.text:_CSMON_u32GetModbusMessageCounterRegisterRealAddress)
                  003ef2a7    00000003                     : hmlib.obj (.text:_HMLIB_vRecorderParamTimeSync)
                  003ef2aa    00000003                     : hmrecparam.obj (.text:_HMRECPRM_GetTimeBase)
                  003ef2ad    00000003                     : modbusreg.obj (.text:_MODBUSREG_u32GetAddressMessageCounterThisDevice)
                  003ef2b0    00000003                     : uart_drv.obj (.text:_UART_TXInterrupt)
                  003ef2b3    00000002                     : hmrecparam.obj (.text:_HMRECPRM_AbortRec)
                  003ef2b5    00000002                     : hmrecparam.obj (.text:_HMRECPRM_GetRecBuffSize)
                  003ef2b7    00000002                     : hmrec.obj (.text:_HMREC_AbortRec)
                  003ef2b9    00000002                     : hmrec.obj (.text:_HMREC_GetRecBuffSize)
                  003ef2bb    00000002                     : modbusreg.obj (.text:_MODBUSREG_u16GetHoldingCoilUsedCount)
                  003ef2bd    00000002                     : modbusreg.obj (.text:_MODBUSREG_u16GetInputCoilUsedCount)
                  003ef2bf    00000002                     : modbusreg.obj (.text:_MODBUSREG_u16GetInputRegisterUsedCount)
                  003ef2c1    00000002     main.obj (.text:_eWriteParElement)
                  003ef2c3    00000002     rts2800_ml.lib : pre_init.c.obj (.text)
                  003ef2c5    00000001     CSMON_C28xx.lib : hmprotocol.obj (.text:_HMPROTOCOL_vInit)
                  003ef2c6    00000001     uart_driver.obj (.text:_UART_DRV_TXInterrupt)
                  003ef2c7    00000001     rts2800_ml.lib : startup.c.obj (.text)

ramfuncs   0    003ef2c8    00000029     RUN ADDR = 00008000
                  003ef2c8    0000001d     F2806x_SysCtrl.obj (ramfuncs:_InitFlash)
                  003ef2e5    00000008     device.obj (ramfuncs:_MyCallbackFunction)
                  003ef2ed    00000004     F2806x_usDelay.obj (ramfuncs)

csm_rsvd   0    003f7f80    00000076     
                  003f7f80    00000076     F2806x_CSMPasswords.obj (csm_rsvd)

codestart 
*          0    003f7ff6    00000002     
                  003f7ff6    00000002     F2806x_CodeStartBranch.obj (codestart)

csmpasswds 
*          0    003f7ff8    00000008     
                  003f7ff8    00000008     F2806x_CSMPasswords.obj (csmpasswds)

.stack     1    00000050    00000380     UNINITIALIZED
                  00000050    00000380     --HOLE--

.econst    0    003ef2f2    00002d4e     
                  003ef2f2    00002800     main.obj (.econst:_asParameterList)
                  003f1af2    00000100     CSMON_C28xx.lib : hmmodbus.obj (.econst:.string:_auchCRCHi)
                  003f1bf2    00000100                     : hmmodbus.obj (.econst:.string:_auchCRCLo)
                  003f1cf2    00000100     F2806x_PieVect.obj (.econst:_PieVectTableInit)
                  003f1df2    00000084     rts2800_ml.lib : k_rem_pio2.c.obj (.econst:_ipio2)
                  003f1e76    00000050     CSMON_C28xx.lib : csmon.obj (.econst:_CSMON_asAccessLevelPasswords)
                  003f1ec6    0000002c     rts2800_ml.lib : k_rem_pio2.c.obj (.econst)
                  003f1ef2    00000028                    : k_cosf.c.obj (.econst)
                  003f1f1a    00000020     CSMON_C28xx.lib : short_names_dummy.obj (.econst:_CSMON_asFileParameterShortName)
                  003f1f3a    00000020     rts2800_ml.lib : k_rem_pio2.c.obj (.econst:_PIo2)
                  003f1f5a    00000020                    : k_sinf.c.obj (.econst)
                  003f1f7a    0000001c                    : e_rem_pio2f.c.obj (.econst)
                  003f1f96    0000001c                    : s_scalbn.c.obj (.econst)
                  003f1fb2    00000018     CSMON_C28xx.lib : csmon.obj (.econst:_CSMON_uFileParameterNumeric)
                  003f1fca    00000018     rts2800_ml.lib : s_sinf.c.obj (.econst)
                  003f1fe2    00000014     CSMON_C28xx.lib : csmon.obj (.econst:_CSMON_au8FileImplementedFunctionCodes)
                  003f1ff6    00000010     main.obj (.econst)
                  003f2006    0000000c     CSMON_C28xx.lib : hmprotocol.obj (.econst:.string)
                  003f2012    0000000c                     : modbusreg.obj (.econst:_MODBUSREG_au32RegisterAddressTable)
                  003f201e    0000000c     rts2800_ml.lib : s_floor.c.obj (.econst)
                  003f202a    00000006     CSMON_C28xx.lib : csmon.obj (.econst:_CSMON_sFileParameterList)
                  003f2030    00000004     rts2800_ml.lib : k_rem_pio2.c.obj (.econst:_init_jk)
                  003f2034    00000003     CSMON_C28xx.lib : csmon.obj (.econst:_CSMON_au8FileParameterListElementsCountInPartTable)
                  003f2037    00000003                     : modbusreg.obj (.econst:_HMMODBUS_u32CoilAddressTable)
                  003f203a    00000003                     : modbusreg.obj (.econst:_MODBUSREG_sInputCoilAddressTable)
                  003f203d    00000003                     : modbusreg.obj (.econst:_MODBUSREG_sInputRegisterAddressTable)

.reset     0    003fffc0    00000002     DSECT
                  003fffc0    00000002     rts2800_ml.lib : boot28.asm.obj (.reset)

vectors    0    003fffc2    00000000     DSECT

DevEmuRegsFile 
*          1    00000880    00000004     UNINITIALIZED
                  00000880    00000004     F2806x_GlobalVariableDefs.obj (DevEmuRegsFile)

SysPwrCtrlRegsFile 
*          1    00000985    00000003     UNINITIALIZED
                  00000985    00000003     F2806x_GlobalVariableDefs.obj (SysPwrCtrlRegsFile)

FlashRegsFile 
*          1    00000a80    00000008     UNINITIALIZED
                  00000a80    00000008     F2806x_GlobalVariableDefs.obj (FlashRegsFile)

CsmRegsFile 
*          1    00000ae0    00000010     UNINITIALIZED
                  00000ae0    00000010     F2806x_GlobalVariableDefs.obj (CsmRegsFile)

AdcResultFile 
*          1    00000b00    00000010     UNINITIALIZED
                  00000b00    00000010     F2806x_GlobalVariableDefs.obj (AdcResultFile)

CpuTimer0RegsFile 
*          1    00000c00    00000008     UNINITIALIZED
                  00000c00    00000008     F2806x_GlobalVariableDefs.obj (CpuTimer0RegsFile)

CpuTimer1RegsFile 
*          1    00000c08    00000008     UNINITIALIZED
                  00000c08    00000008     F2806x_GlobalVariableDefs.obj (CpuTimer1RegsFile)

CpuTimer2RegsFile 
*          1    00000c10    00000008     UNINITIALIZED
                  00000c10    00000008     F2806x_GlobalVariableDefs.obj (CpuTimer2RegsFile)

PieCtrlRegsFile 
*          1    00000ce0    0000001a     UNINITIALIZED
                  00000ce0    0000001a     F2806x_GlobalVariableDefs.obj (PieCtrlRegsFile)

PieVectTableFile 
*          1    00000d00    00000100     UNINITIALIZED
                  00000d00    00000100     F2806x_GlobalVariableDefs.obj (PieVectTableFile)

EmuKeyVar 
*          1    00000d00    00000001     UNINITIALIZED
                  00000d00    00000001     F2806x_GlobalVariableDefs.obj (EmuKeyVar)

EmuBModeVar 
*          1    00000d01    00000001     UNINITIALIZED
                  00000d01    00000001     F2806x_GlobalVariableDefs.obj (EmuBModeVar)

FlashCallbackVar 
*          1    00000d02    00000002     UNINITIALIZED
                  00000d02    00000002     F2806x_GlobalVariableDefs.obj (FlashCallbackVar)

FlashScalingVar 
*          1    00000d04    00000002     UNINITIALIZED
                  00000d04    00000002     F2806x_GlobalVariableDefs.obj (FlashScalingVar)

DmaRegsFile 
*          1    00001000    000000e0     UNINITIALIZED
                  00001000    000000e0     F2806x_GlobalVariableDefs.obj (DmaRegsFile)

Cla1RegsFile 
*          1    00001400    00000040     UNINITIALIZED
                  00001400    00000040     F2806x_GlobalVariableDefs.obj (Cla1RegsFile)

Usb0RegsFile 
*          1    00004000    00000454     UNINITIALIZED
                  00004000    00000454     F2806x_GlobalVariableDefs.obj (Usb0RegsFile)

McbspaRegsFile 
*          1    00005000    00000024     UNINITIALIZED
                  00005000    00000024     F2806x_GlobalVariableDefs.obj (McbspaRegsFile)

ECanaRegsFile 
*          1    00006000    00000034     UNINITIALIZED
                  00006000    00000034     F2806x_GlobalVariableDefs.obj (ECanaRegsFile)

ECanaLAMRegsFile 
*          1    00006040    00000040     UNINITIALIZED
                  00006040    00000040     F2806x_GlobalVariableDefs.obj (ECanaLAMRegsFile)

ECanaMOTSRegsFile 
*          1    00006080    00000040     UNINITIALIZED
                  00006080    00000040     F2806x_GlobalVariableDefs.obj (ECanaMOTSRegsFile)

ECanaMOTORegsFile 
*          1    000060c0    00000040     UNINITIALIZED
                  000060c0    00000040     F2806x_GlobalVariableDefs.obj (ECanaMOTORegsFile)

ECanaMboxesFile 
*          1    00006100    00000100     UNINITIALIZED
                  00006100    00000100     F2806x_GlobalVariableDefs.obj (ECanaMboxesFile)

Comp1RegsFile 
*          1    00006400    00000014     UNINITIALIZED
                  00006400    00000014     F2806x_GlobalVariableDefs.obj (Comp1RegsFile)

Comp2RegsFile 
*          1    00006420    00000014     UNINITIALIZED
                  00006420    00000014     F2806x_GlobalVariableDefs.obj (Comp2RegsFile)

Comp3RegsFile 
*          1    00006440    00000014     UNINITIALIZED
                  00006440    00000014     F2806x_GlobalVariableDefs.obj (Comp3RegsFile)

EPwm1RegsFile 
*          1    00006800    00000040     UNINITIALIZED
                  00006800    00000040     F2806x_GlobalVariableDefs.obj (EPwm1RegsFile)

EPwm2RegsFile 
*          1    00006840    00000040     UNINITIALIZED
                  00006840    00000040     F2806x_GlobalVariableDefs.obj (EPwm2RegsFile)

EPwm3RegsFile 
*          1    00006880    00000040     UNINITIALIZED
                  00006880    00000040     F2806x_GlobalVariableDefs.obj (EPwm3RegsFile)

EPwm4RegsFile 
*          1    000068c0    00000040     UNINITIALIZED
                  000068c0    00000040     F2806x_GlobalVariableDefs.obj (EPwm4RegsFile)

EPwm5RegsFile 
*          1    00006900    00000040     UNINITIALIZED
                  00006900    00000040     F2806x_GlobalVariableDefs.obj (EPwm5RegsFile)

EPwm6RegsFile 
*          1    00006940    00000040     UNINITIALIZED
                  00006940    00000040     F2806x_GlobalVariableDefs.obj (EPwm6RegsFile)

EPwm7RegsFile 
*          1    00006980    00000040     UNINITIALIZED
                  00006980    00000040     F2806x_GlobalVariableDefs.obj (EPwm7RegsFile)

EPwm8RegsFile 
*          1    000069c0    00000040     UNINITIALIZED
                  000069c0    00000040     F2806x_GlobalVariableDefs.obj (EPwm8RegsFile)

ECap1RegsFile 
*          1    00006a00    00000020     UNINITIALIZED
                  00006a00    00000020     F2806x_GlobalVariableDefs.obj (ECap1RegsFile)

ECap2RegsFile 
*          1    00006a20    00000020     UNINITIALIZED
                  00006a20    00000020     F2806x_GlobalVariableDefs.obj (ECap2RegsFile)

ECap3RegsFile 
*          1    00006a40    00000020     UNINITIALIZED
                  00006a40    00000020     F2806x_GlobalVariableDefs.obj (ECap3RegsFile)

HRCap1RegsFile 
*          1    00006ac0    00000020     UNINITIALIZED
                  00006ac0    00000020     F2806x_GlobalVariableDefs.obj (HRCap1RegsFile)

HRCap2RegsFile 
*          1    00006ae0    00000020     UNINITIALIZED
                  00006ae0    00000020     F2806x_GlobalVariableDefs.obj (HRCap2RegsFile)

EQep1RegsFile 
*          1    00006b00    00000022     UNINITIALIZED
                  00006b00    00000022     F2806x_GlobalVariableDefs.obj (EQep1RegsFile)

EQep2RegsFile 
*          1    00006b40    00000022     UNINITIALIZED
                  00006b40    00000022     F2806x_GlobalVariableDefs.obj (EQep2RegsFile)

HRCap3RegsFile 
*          1    00006c80    00000020     UNINITIALIZED
                  00006c80    00000020     F2806x_GlobalVariableDefs.obj (HRCap3RegsFile)

HRCap4RegsFile 
*          1    00006ca0    00000020     UNINITIALIZED
                  00006ca0    00000020     F2806x_GlobalVariableDefs.obj (HRCap4RegsFile)

GpioCtrlRegsFile 
*          1    00006f80    00000040     UNINITIALIZED
                  00006f80    00000040     F2806x_GlobalVariableDefs.obj (GpioCtrlRegsFile)

GpioDataRegsFile 
*          1    00006fc0    00000020     UNINITIALIZED
                  00006fc0    00000020     F2806x_GlobalVariableDefs.obj (GpioDataRegsFile)

[...]
003eb2ed  local     $30 (.text)
003eb31b  local     $35 (.text)
003eb34a  local     $40 (.text)
003eb2ac  local     $5_$2 (.text)
00000000  local     .bss (.bss)
00000000  local     .data (.data)
003eb298  local     .text (.text)
003eb2bc  local     CHECK_SIGN1 (.text)
003eb2f7  local     CHECK_SIGN2 (.text)
003eb32f  local     DGT3 (.text)
003eb331  local     DIVUDenHighZero (.text)
003eb2c6  local     EQ0 (.text)
003eb2c1  local     EQ1 (.text)
003eb2ff  local     EQ2 (.text)
003eb32a  local     EQ3 (.text)
003eb35b  local     EQ4 (.text)
003eb298  global    LL$$DIV (.text)
003eb2d4  global    LL$$MOD (.text)
003eb37a  local     LOOP (.text)
003eb369  local     MAINDIV (.text)
003eb388  local     MD_NEQ (.text)
003eb35d  local     MODUDenHighZero (.text)
003eb2bf  local     RET1 (.text)
003eb2fa  local     RET2 (.text)
003eb328  local     RET3 (.text)
003eb357  local     RET4 (.text)
003eb2fc  local     RET_NUM1 (.text)
003eb359  local     RET_NUM2 (.text)
003eb2c8  local     SDIVUDenHighZero (.text)
003eb392  local     SKIP (.text)
003eb394  local     SKIP1 (.text)
003eb302  local     SMODUDenHighZero (.text)
003eb30e  global    ULL$$DIV (.text)
003eb33d  global    ULL$$MOD (.text)


================================================================================

rts2800_ml.lib : u_div28.asm.obj

Run/Load            
Value     Binding   Name (Section)
--------  --------  ---------------
00000000  local     .bss (.bss)
00000000  local     .data (.data)
003eed8d  local     .text (.text)
003eed8d  global    U$$DIV (.text)
003eed92  global    U$$MOD (.text)


================================================================================

rts2800_ml.lib : u_tofd28.asm.obj

Run/Load            
Value     Binding   Name (Section)
--------  --------  ---------------
00000000  local     .bss (.bss)
00000000  local     .data (.data)
003ee8af  local     .text (.text)
003ee8bc  local     NORMALIZE (.text)
003ee8c4  local     OP_ZERO (.text)
003ee8be  local     PACK (.text)
003ee8c3  local     RETURN (.text)
003ee8c1  local     RETURN_VALUE (.text)
003ee8af  global    U$$TOFD (.text)


================================================================================

rts2800_ml.lib : u_tofs28.asm.obj

Run/Load            
Value     Binding   Name (Section)
--------  --------  ---------------
00000000  local     .bss (.bss)
00000000  local     .data (.data)
003eeb37  local     .text (.text)
003eeb46  local     RESTORE (.text)
003eeb37  global    U$$TOFS (.text)
003eeb46  local     ZERO (.text)


================================================================================

rts2800_ml.lib : l_tofs28.asm.obj

Run/Load            
Value     Binding   Name (Section)
--------  --------  ---------------
00000000  local     .bss (.bss)
00000000  local     .data (.data)
003ee715  local     .text (.text)
003ee715  global    L$$TOFS (.text)
003ee72b  local     OVERFLOW (.text)
003ee72a  local     RETURN (.text)
003ee72a  local     ZERO (.text)


================================================================================

rts2800_ml.lib : ul_tofs28.asm.obj

Run/Load            
Value     Binding   Name (Section)
--------  --------  ---------------
00000000  local     .bss (.bss)
00000000  local     .data (.data)
003ee9d2  local     .text (.text)
003ee9da  local     LEFT_SHIFT (.text)
003ee9dc  local     PACK (.text)
003ee9e4  local     RETURN (.text)
003ee9d2  global    UL$$TOFS (.text)
003ee9e4  local     ZERO (.text)


================================================================================

rts2800_ml.lib : prolog28.asm.obj

Run/Load            
Value     Binding   Name (Section)
--------  --------  ---------------
00000000  local     .bss (.bss)
00000000  local     .data (.data)
003ee7ac  local     .text (.text)
003ee7ac  global    _prolog_c28x_1 (.text)
003ee7b0  global    _prolog_c28x_2 (.text)
003ee7b8  global    _prolog_c28x_3 (.text)


================================================================================

rts2800_ml.lib : fs_tofd28.asm.obj

Run/Load            
Value     Binding   Name (Section)
--------  --------  ---------------
00000000  local     .bss (.bss)
00000000  local     .data (.data)
003ee5d4  local     .text (.text)
003ee5d4  global    FS$$TOFD (.text)
003ee5e8  local     OVERFLOW (.text)
003ee5e7  local     RETURN (.text)
003ee5e5  local     RETURN_VALUE (.text)
003ee5ee  local     UNDERFLOW (.text)


================================================================================

rts2800_ml.lib : fd_div28.asm.obj

Run/Load            
Value     Binding   Name (Section)
--------  --------  ---------------
003ec88d  local     $1_$3 (.text)
003ec898  local     $2_$3 (.text)
00000000  local     .bss (.bss)
00000000  local     .data (.data)
003ec851  local     .text (.text)
003ec8a7  local     DIV_END (.text)
003ec888  local     DIV_START (.text)
003ec851  global    FD$$DIV (.text)
003ec8aa  local     NORMALIZE (.text)
003ec8d4  local     OVERFLOW (.text)
003ec8cf  local     RETURN (.text)
003ec8cd  local     RETURN_VALUE (.text)
003ec8bf  local     RND64_SET_MANT$3$ (.text)
003ec8b3  local     ROUND (.text)
003ec8da  local     UNDERFLOW (.text)


================================================================================

rts2800_ml.lib : cpy_tbl.c.obj

Run/Load            
Value     Binding   Name (Section)
--------  --------  ---------------
003ee30a  local     $C$L1 (.text)
003ee31d  local     $C$L2 (.text)
003ee31e  local     $C$L3 (.text)
00000000  local     .bss (.bss)
00000000  local     .data (.data)
003ee302  local     .text (.text)
003ee302  global    _copy_in (.text)


================================================================================

rts2800_ml.lib : memcpy.c.obj

Run/Load            
Value     Binding   Name (Section)
--------  --------  ---------------
003ee54d  local     $C$L1 (.text)
003ee551  local     $C$L2 (.text)
003ee558  local     $C$L3 (.text)
003ee55a  local     $C$L4 (.text)
003ee562  local     $C$L5 (.text)
00000000  local     .bss (.bss)
00000000  local     .data (.data)
003ee547  local     .text (.text)
003ee547  global    _memcpy (.text)


================================================================================

rts2800_ml.lib : pre_init.c.obj

Run/Load            
Value     Binding   Name (Section)
--------  --------  ---------------
00000000  local     .bss (.bss)
00000000  local     .data (.data)
003ef2c3  local     .text (.text)
003ef2c3  global    __system_pre_init (.text)


================================================================================

rts2800_ml.lib : startup.c.obj

Run/Load            
Value     Binding   Name (Section)
--------  --------  ---------------
00000000  local     .bss (.bss)
00000000  local     .data (.data)
003ef2c7  local     .text (.text)
003ef2c7  global    __system_post_cinit (.text)


================================================================================

rts2800_ml.lib : e_rem_pio2f.c.obj

Run/Load            
Value     Binding   Name (Section)
--------  --------  ---------------
003f1f86  local     $C$FL1 (.econst)
003f1f8a  local     $C$FL2 (.econst)
003f1f8e  local     $C$FL3 (.econst)
003f1f92  local     $C$FL4 (.econst)
003ec187  local     $C$L1 (.text)
003ec195  local     $C$L2 (.text)
003ec1c1  local     $C$L3 (.text)
003ec1c6  local     $C$L4 (.text)
00000000  local     .bss (.bss)
00000000  local     .data (.data)
003f1f7a  local     .econst (.econst)
003ec124  local     .text (.text)
003ec124  global    ___rem_pio2f (.text)
003f1f7a  local     _invpio2 (.econst)
003f1f7e  local     _pio2_1 (.econst)
003f1f82  local     _pio2_1t (.econst)


================================================================================

rts2800_ml.lib : k_rem_pio2.c.obj

Run/Load            
Value     Binding   Name (Section)
--------  --------  ---------------
003f1ed6  local     $C$FL1 (.econst)
003f1eda  local     $C$FL2 (.econst)
003f1ede  local     $C$FL3 (.econst)
003f1ee2  local     $C$FL4 (.econst)
003f1ee6  local     $C$FL5 (.econst)
003f1eea  local     $C$FL6 (.econst)
003f1eee  local     $C$FL7 (.econst)
003ea044  local     $C$L1 (.text)
003ea0fe  local     $C$L10 (.text)
003ea12b  local     $C$L11 (.text)
003ea14b  local     $C$L12 (.text)
003ea170  local     $C$L13 (.text)
003ea18f  local     $C$L14 (.text)
003ea196  local     $C$L15 (.text)
003ea1b3  local     $C$L16 (.text)
003ea201  local     $C$L17 (.text)
003ea26d  local     $C$L18 (.text)
003ea271  local     $C$L19 (.text)
003ea06c  local     $C$L2 (.text)
003ea27f  local     $C$L20 (.text)
003ea2a8  local     $C$L21 (.text)
003ea2ad  local     $C$L22 (.text)
003ea2b8  local     $C$L23 (.text)
003ea2c4  local     $C$L24 (.text)
003ea2c9  local     $C$L25 (.text)
003ea2cf  local     $C$L26 (.text)
003ea2ec  local     $C$L27 (.text)
003ea2f8  local     $C$L28 (.text)
003ea323  local     $C$L29 (.text)
003ea077  local     $C$L3 (.text)
003ea351  local     $C$L30 (.text)
003ea39c  local     $C$L31 (.text)
003ea3a1  local     $C$L32 (.text)
003ea3b9  local     $C$L33 (.text)
003ea3c3  local     $C$L34 (.text)
003ea3d2  local     $C$L35 (.text)
003ea3dc  local     $C$L36 (.text)
003ea3f7  local     $C$L37 (.text)
003ea407  local     $C$L38 (.text)
003ea409  local     $C$L39 (.text)
003ea083  local     $C$L4 (.text)
003ea429  local     $C$L40 (.text)
003ea451  local     $C$L41 (.text)
003ea468  local     $C$L42 (.text)
003ea47c  local     $C$L43 (.text)
003ea4aa  local     $C$L44 (.text)
003ea4c8  local     $C$L45 (.text)
003ea4e6  local     $C$L46 (.text)
003ea535  local     $C$L47 (.text)
003ea56f  local     $C$L48 (.text)
003ea587  local     $C$L49 (.text)
003ea094  local     $C$L5 (.text)
003ea598  local     $C$L50 (.text)
003ea5b5  local     $C$L51 (.text)
003ea5d0  local     $C$L52 (.text)
003ea5e3  local     $C$L53 (.text)
003ea5f4  local     $C$L54 (.text)
003ea602  local     $C$L55 (.text)
003ea60c  local     $C$L56 (.text)
003ea62d  local     $C$L57 (.text)
003ea63e  local     $C$L58 (.text)
003ea64c  local     $C$L59 (.text)
003ea0a0  local     $C$L6 (.text)
003ea656  local     $C$L60 (.text)
003ea660  local     $C$L61 (.text)
003ea673  local     $C$L62 (.text)
003ea684  local     $C$L63 (.text)
003ea692  local     $C$L64 (.text)
003ea69c  local     $C$L65 (.text)
003ea6a5  local     $C$L66 (.text)
003ea0bd  local     $C$L7 (.text)
003ea0e2  local     $C$L8 (.text)
003ea0f7  local     $C$L9 (.text)
00000000  local     .bss (.bss)
00000000  local     .data (.data)
003f1ec6  local     .econst (.econst)
003f1f3a  local     .econst:_PIo2 (.econst:_PIo2)
003f2030  local     .econst:_init_jk (.econst:_init_jk)
003f1df2  local     .econst:_ipio2 (.econst:_ipio2)
003ea016  local     .text (.text)
003f1f3a  local     _PIo2 (.econst:_PIo2)
003ea016  global    ___kernel_rem_pio2 (.text)
003f2030  local     _init_jk (.econst:_init_jk)
003f1df2  local     _ipio2 (.econst:_ipio2)
003f1eca  local     _one (.econst)
003f1ece  local     _two24 (.econst)
003f1ed2  local     _twon24 (.econst)
003f1ec6  local     _zero (.econst)


================================================================================

rts2800_ml.lib : exit.c.obj

Run/Load            
Value     Binding   Name (Section)
--------  --------  ---------------
003edfa7  local     $C$L1 (.text)
003edfba  local     $C$L2 (.text)
003edfc5  local     $C$L3 (.text)
003edfcb  local     $C$L4 (.text)
00000000  local     .bss (.bss)
003f2779  local     .cinit (.cinit)
00000000  local     .data (.data)
0000cc46  local     .ebss (.ebss)
003edfa6  local     .text (.text)
003edfa6  global    C$$EXIT (.text)
0000cc48  global    ___TI_cleanup_ptr (.ebss)
0000cc4a  global    ___TI_dtors_ptr (.ebss)
0000cc46  global    ___TI_enable_exit_profile_output (.ebss)
003edfa6  global    _abort (.text)
003edfa8  global    _exit (.text)


================================================================================

rts2800_ml.lib : _lock.c.obj

Run/Load            
Value     Binding   Name (Section)
--------  --------  ---------------
00000000  local     .bss (.bss)
003f2936  local     .cinit:__lock (.cinit:__lock)
003f293b  local     .cinit:__unlock (.cinit:__unlock)
00000000  local     .data (.data)
0000ccae  local     .ebss:__lock (.ebss:__lock)
0000ccb0  local     .ebss:__unlock (.ebss:__unlock)
003eee35  local     .text (.text)
0000ccae  global    __lock (.ebss:__lock)
003eee3d  global    __nop (.text)
003eee39  global    __register_lock (.text)
003eee35  global    __register_unlock (.text)
0000ccb0  global    __unlock (.ebss:__unlock)


================================================================================

rts2800_ml.lib : args_main.c.obj

Run/Load            
Value     Binding   Name (Section)
--------  --------  ---------------
003eeab1  local     $C$L1 (.text)
003eeab4  local     $C$L2 (.text)
00000000  local     .bss (.bss)
00000000  local     .data (.data)
003eeaa6  local     .text (.text)
003eeaa6  global    __args_main (.text)


================================================================================

rts2800_ml.lib : s_floor.c.obj

Run/Load            
Value     Binding   Name (Section)
--------  --------  ---------------
003f2022  local     $C$FL1 (.econst)
003f2026  local     $C$FL2 (.econst)
003ebaa1  local     $C$L1 (.text)
003ebaf9  local     $C$L10 (.text)
003ebb19  local     $C$L11 (.text)
003ebb1b  local     $C$L12 (.text)
003ebb27  local     $C$L13 (.text)
003ebb2c  local     $C$L14 (.text)
003ebaa6  local     $C$L2 (.text)
003ebaa7  local     $C$L3 (.text)
003ebaaf  local     $C$L4 (.text)
003ebac2  local     $C$L5 (.text)
003ebad1  local     $C$L6 (.text)
003ebad4  local     $C$L7 (.text)
003ebaf0  local     $C$L8 (.text)
003ebaf6  local     $C$L9 (.text)
00000000  local     .bss (.bss)
00000000  local     .data (.data)
003f201e  local     .econst (.econst)
003eba49  local     .text (.text)
003eba49  global    _floorl (.text)
003f201e  local     _huge (.econst)


================================================================================

rts2800_ml.lib : s_scalbn.c.obj

Run/Load            
Value     Binding   Name (Section)
--------  --------  ---------------
003f1fa2  local     $C$FL1 (.econst)
003f1fa6  local     $C$FL2 (.econst)
003f1faa  local     $C$FL3 (.econst)
003f1fae  local     $C$FL4 (.econst)
003ec0a0  local     $C$L1 (.text)
003ec0b9  local     $C$L2 (.text)
003ec0cb  local     $C$L3 (.text)
003ec0d6  local     $C$L4 (.text)
003ec0eb  local     $C$L5 (.text)
003ec0f1  local     $C$L6 (.text)
003ec0fc  local     $C$L7 (.text)
003ec11c  local     $C$L8 (.text)
003ec120  local     $C$L9 (.text)
00000000  local     .bss (.bss)
00000000  local     .data (.data)
003f1f96  local     .econst (.econst)
003ec07a  local     .text (.text)
003ec07a  global    _ldexpl (.text)
003ec07a  global    _scalbnl (.text)
003f1f9e  local     _tiny (.econst)
003f1f96  local     _two54 (.econst)
003f1f9a  local     _twom54 (.econst)


================================================================================

rts2800_ml.lib : s_copysign.c.obj

Run/Load            
Value     Binding   Name (Section)
--------  --------  ---------------
003ee36a  local     $C$L1 (.text)
00000000  local     .bss (.bss)
00000000  local     .data (.data)
003ee349  local     .text (.text)
003ee349  global    _copysignl (.text)


================================================================================

rts2800_ml.lib : k_cosf.c.obj

Run/Load            
Value     Binding   Name (Section)
--------  --------  ---------------
003f1f06  local     $C$FL1 (.econst)
003f1f0a  local     $C$FL2 (.econst)
003f1f0e  local     $C$FL3 (.econst)
003f1f12  local     $C$FL4 (.econst)
003f1f16  local     $C$FL5 (.econst)
00000000  local     .bss (.bss)
00000000  local     .data (.data)
003f1ef2  local     .econst (.econst)
003ec963  local     .text (.text)
003f1ef6  local     _C0 (.econst)
003f1efa  local     _C1 (.econst)
003f1efe  local     _C2 (.econst)
003f1f02  local     _C3 (.econst)
003ec963  global    ___kernel_cosdf (.text)
003f1ef2  local     _one (.econst)


================================================================================

rts2800_ml.lib : k_sinf.c.obj

Run/Load            
Value     Binding   Name (Section)
--------  --------  ---------------
003f1f6a  local     $C$FL1 (.econst)
003f1f6e  local     $C$FL2 (.econst)
003f1f72  local     $C$FL3 (.econst)
003f1f76  local     $C$FL4 (.econst)
00000000  local     .bss (.bss)
00000000  local     .data (.data)
003f1f5a  local     .econst (.econst)
003ec6a2  local     .text (.text)
003f1f5a  local     _S1 (.econst)
003f1f5e  local     _S2 (.econst)
003f1f62  local     _S3 (.econst)
003f1f66  local     _S4 (.econst)
003ec6a2  global    ___kernel_sindf (.text)


================================================================================

rts2800_ml.lib : fd_cmp28.asm.obj

Run/Load            
Value     Binding   Name (Section)
--------  --------  ---------------
00000000  local     .bss (.bss)
00000000  local     .data (.data)
003edf7c  local     .text (.text)
003edf8c  local     CHECK_INF (.text)
003edf7c  global    FD$$CMP (.text)
003edfa3  local     NO_NEG (.text)
003edfa4  local     OP_EQUAL (.text)
003edf9c  local     RETURN (.text)


================================================================================

rts2800_ml.lib : fd_tol28.asm.obj

Run/Load            
Value     Binding   Name (Section)
--------  --------  ---------------
00000000  local     .bss (.bss)
00000000  local     .data (.data)
003ee4d1  local     .text (.text)
003ee4d1  global    FD$$TOL (.text)
003ee4ea  local     OVERFLOW (.text)
003ee4e9  local     RETURN_VALUE (.text)
003ee4ee  local     UNDERFLOW (.text)


================================================================================

rts2800_ml.lib : ll_aox28.asm.obj

Run/Load            
Value     Binding   Name (Section)
--------  --------  ---------------
00000000  local     .bss (.bss)
00000000  local     .data (.data)
003ee80d  local     .text (.text)
003ee80d  global    LL$$AND (.text)
003ee815  global    LL$$OR (.text)
003ee81d  global    LL$$XOR (.text)


================================================================================

rts2800_ml.lib : i_div28.asm.obj

Run/Load            
Value     Binding   Name (Section)
--------  --------  ---------------
00000000  local     .bss (.bss)
00000000  local     .data (.data)
003ee38e  local     .text (.text)
003ee38e  global    I$$DIV (.text)
003ee39f  global    I$$MOD (.text)
003ee39e  local     RET1 (.text)
003ee3ae  local     RET2 (.text)


================================================================================

rts2800_ml.lib : l_tofd28.asm.obj

Run/Load            
Value     Binding   Name (Section)
--------  --------  ---------------
003ee5fe  local     $10 (.text)
00000000  local     .bss (.bss)
00000000  local     .data (.data)
003ee5f0  local     .text (.text)
003ee5f0  global    L$$TOFD (.text)
003ee60a  local     OP_ZERO (.text)
003ee609  local     RETURN (.text)
003ee607  local     RETURN_VALUE (.text)


================================================================================

rts2800_ml.lib : fd_tofs28.asm.obj

Run/Load            
Value     Binding   Name (Section)
--------  --------  ---------------
00000000  local     .bss (.bss)
00000000  local     .data (.data)
003ee3f2  local     .text (.text)
003ee3ff  local     EXP_EVAL (.text)
003ee3f2  global    FD$$TOFS (.text)
003ee40b  local     OVERFLOW (.text)
003ee40a  local     RETURN_VALUE (.text)
003ee411  local     UNDERFLOW (.text)


================================================================================

rts2800_ml.lib : errno.c.obj

Run/Load            
Value     Binding   Name (Section)
--------  --------  ---------------
00000000  local     .bss (.bss)
003f2960  local     .cinit (.cinit)
00000000  local     .data (.data)
0000ccbb  local     .ebss (.ebss)
00000000  local     .text (.text)
0000ccbb  global    _errno (.ebss)


================================================================================

