******************************************************************************
             TMS320C2000 Linker PC v22.6.0                     
******************************************************************************
>> Linked Sun Oct 16 12:46:55 2022

OUTPUT FILE NAME:   <../../../04_Output_Files/Motor28062/TEST_CSMON_C28xx.out>
ENTRY POINT SYMBOL: "_c_int00"  address: 003ec4af


MEMORY CONFIGURATION

         name            origin    length      used     unused   attr    fill
----------------------  --------  ---------  --------  --------  ----  --------
PAGE 0:
  RAML0                 00008000   00000800  00000029  000007d7  RWIX
  RAML1                 00008800   00000400  00000000  00000400  RWIX
  OTP                   003d7800   00000400  00000000  00000400  RWIX
  FLASH_APP             003e8000   0000dff0  0000a3f0  00003c00  RWIX
  CSM_RSVD              003f7f80   00000076  00000076  00000000  RWIX
  BEGIN                 003f7ff6   00000002  00000002  00000000  RWIX
  CSM_PWL_P0            003f7ff8   00000008  00000008  00000000  RWIX
  FPUTABLES             003fd590   000006a0  00000000  000006a0  RWIX
  IQTABLES              003fdf00   00000b50  00000000  00000b50  RWIX
  IQTABLES2             003fea50   0000008c  00000000  0000008c  RWIX
  IQTABLES3             003feadc   000000aa  00000000  000000aa  RWIX
  ROM                   003ff3b0   00000c10  00000000  00000c10  RWIX
  RESET                 003fffc0   00000002  00000000  00000002  RWIX
  VECTORS               003fffc2   0000003e  00000000  0000003e  RWIX

PAGE 1:
  BOOT_RSVD             00000000   00000050  00000000  00000050  RWIX
  RAMM0                 00000050   000003b0  00000380  00000030  RWIX
  RAMM1                 00000400   00000400  00000000  00000400  RWIX
  DEV_EMU               00000880   00000105  00000004  00000101  RWIX
  SYS_PWR_CTL           00000985   00000003  00000003  00000000  RWIX
  FLASH_REGS            00000a80   00000060  00000008  00000058  RWIX
  CSM                   00000ae0   00000020  00000010  00000010  RWIX
  ADC_RESULT            00000b00   00000020  00000010  00000010  RWIX
  CPU_TIMER0            00000c00   00000008  00000008  00000000  RWIX
  CPU_TIMER1            00000c08   00000008  00000008  00000000  RWIX
  CPU_TIMER2            00000c10   00000008  00000008  00000000  RWIX
  PIE_CTRL              00000ce0   00000020  0000001a  00000006  RWIX
  PIE_VECT              00000d00   00000100  00000100  00000000  RWIX
  DMA                   00001000   00000200  000000e0  00000120  RWIX
  CLA1                  00001400   00000080  00000040  00000040  RWIX
  USB0                  00004000   00001000  00000454  00000bac  RWIX
  McBSPA                00005000   00000040  00000024  0000001c  RWIX
  ECANA                 00006000   00000040  00000034  0000000c  RWIX
  ECANA_LAM             00006040   00000040  00000040  00000000  RWIX
  ECANA_MOTS            00006080   00000040  00000040  00000000  RWIX
  ECANA_MOTO            000060c0   00000040  00000040  00000000  RWIX
  ECANA_MBOX            00006100   00000100  00000100  00000000  RWIX
  COMP1                 00006400   00000020  00000014  0000000c  RWIX
  COMP2                 00006420   00000020  00000014  0000000c  RWIX
  COMP3                 00006440   00000020  00000014  0000000c  RWIX
  EPWM1                 00006800   00000040  00000040  00000000  RWIX
  EPWM2                 00006840   00000040  00000040  00000000  RWIX
  EPWM3                 00006880   00000040  00000040  00000000  RWIX
  EPWM4                 000068c0   00000040  00000040  00000000  RWIX
  EPWM5                 00006900   00000040  00000040  00000000  RWIX
  EPWM6                 00006940   00000040  00000040  00000000  RWIX
  EPWM7                 00006980   00000040  00000040  00000000  RWIX
  EPWM8                 000069c0   00000040  00000040  00000000  RWIX
  ECAP1                 00006a00   00000020  00000020  00000000  RWIX
  ECAP2                 00006a20   00000020  00000020  00000000  RWIX
  ECAP3                 00006a40   00000020  00000020  00000000  RWIX
  HRCAP1                00006ac0   00000020  00000020  00000000  RWIX
  HRCAP2                00006ae0   00000020  00000020  00000000  RWIX
  EQEP1                 00006b00   00000040  00000022  0000001e  RWIX
  EQEP2                 00006b40   00000040  00000022  0000001e  RWIX
  HRCAP3                00006c80   00000020  00000020  00000000  RWIX
  HRCAP4                00006ca0   00000020  00000020  00000000  RWIX
  GPIOCTRL              00006f80   00000040  00000040  00000000  RWIX
  GPIODAT               00006fc0   00000020  00000020  00000000  RWIX
  GPIOINT               00006fe0   00000020  00000020  00000000  RWIX
  SYSTEM                00007010   00000030  00000030  00000000  RWIX
  SPIA                  00007040   00000010  00000010  00000000  RWIX
  SCIA                  00007050   00000010  00000010  00000000  RWIX
  NMIINTRUPT            00007060   00000010  00000010  00000000  RWIX
  XINTRUPT              00007070   00000010  00000010  00000000  RWIX
  ADC                   00007100   00000080  00000050  00000030  RWIX
  SPIB                  00007740   00000010  00000010  00000000  RWIX
  SCIB                  00007750   00000010  00000010  00000000  RWIX
  I2CA                  00007900   00000040  00000022  0000001e  RWIX
  RAML2                 00008c00   00000400  00000400  00000000  RWIX
  RAML34                00009000   00003000  00003000  00000000  RWIX
  RAML5                 0000c000   00002000  00000103  00001efd  RWIX
  RAML6                 0000e000   00002000  00000000  00002000  RWIX
  RAML7                 00010000   00002000  00000000  00002000  RWIX
  RAML8                 00012000   00002000  00000000  00002000  RWIX
  USB_RAM               00040000   00000800  00000000  00000800  RWIX
  PARTID                003d7e80   00000001  00000001  00000000  RWIX
  CSM_PWL               003f7ff8   00000008  00000008  00000000  RWIX


SECTION ALLOCATION MAP

 output                                  attributes/
section   page    origin      length       input sections
--------  ----  ----------  ----------   ----------------
.cinit     0    003f1bc0    00000831     
                  003f1bc0    000001f3     CSMON_C28xx.lib : hmmodbus.obj (.cinit)
                  003f1db3    00000173     main.obj (.cinit)
                  003f1f26    000000f1     CSMON_C28xx.lib : csmon.obj (.cinit)
                  003f2017    0000009c                     : modbusreg.obj (.cinit)
                  003f20b3    00000030                     : csmon.obj (.cinit:_CSMON_au8FileRecorderConfigElementsSizeTable)
                  003f20e3    0000002b                     : csmon.obj (.cinit:_CSMON_au8FileScopeConfigurationElementsSizeTable)
                  003f210e    00000017                     : csmon.obj (.cinit:_CSMON_au8FileRecorderDataElementsSizeTable)
                  003f2125    00000015                     : csmon.obj (.cinit:_CSMON_sFileAutorization)
                  003f213a    00000014                     : hmdrv.obj (.cinit)
                  003f214e    00000014                     : hmprotocol.obj (.cinit)
                  003f2162    00000013                     : modbusreg.obj (.cinit:_MODBUSREG_au8DeviceIDUserApplicationName)
                  003f2175    00000013                     : modbusreg.obj (.cinit:_MODBUSREG_au8DeviceIDVendorUrl)
                  003f2188    00000013                     : modbusreg.obj (.cinit:_MODBUSREG_au8ServerIDData)
                  003f219b    00000013                     : hmrecparam.obj (.cinit:_sRecStatusParam)
                  003f21ae    00000010     rtc_drv.obj (.cinit)
                  003f21be    0000000f     CSMON_C28xx.lib : csmon.obj (.cinit:_CSMON_sDateTime)
                  003f21cd    0000000f                     : csmon.obj (.cinit:_CSMON_sDateTimeApplication)
                  003f21dc    0000000f                     : csmon.obj (.cinit:_CSMON_sDateTimeDefault)
                  003f21eb    0000000f                     : modbusreg.obj (.cinit:_MODBUSREG_au8DeviceIDModelName)
                  003f21fa    0000000f     device.obj (.cinit)
                  003f2209    0000000e     rts2800_ml.lib : exit.c.obj (.cinit)
                  003f2217    0000000d     CSMON_C28xx.lib : csmon.obj (.cinit:_CSMON_au8FileParameterCountElementsSizeTable)
                  003f2224    0000000d                     : csmon.obj (.cinit:_CSMON_au8FileRTCElementsSizeTable)
                  003f2231    0000000d                     : csmon.obj (.cinit:_sHashKey)
                  003f223e    0000000d     tmr_drv.obj (.cinit)
                  003f224b    0000000c     CSMON_C28xx.lib : modbusreg.obj (.cinit:_MODBUSREG_au8DeviceIDProductName)
                  003f2257    0000000c                     : modbusreg.obj (.cinit:_MODBUSREG_au8DeviceIDUserReserve0)
                  003f2263    0000000c                     : modbusreg.obj (.cinit:_MODBUSREG_au8DeviceIDUserReserve1)
                  003f226f    0000000c                     : modbusreg.obj (.cinit:_MODBUSREG_au8DeviceIDUserReserve2)
                  003f227b    0000000c                     : modbusreg.obj (.cinit:_MODBUSREG_au8DeviceIDVendorName)
                  003f2287    0000000b                     : hmrecparam.obj (.cinit:_HMRECPRM_sDateTime)
                  003f2292    0000000b     main.obj (.cinit:_MAIN_sDateTimeGet)
                  003f229d    0000000b     main.obj (.cinit:_MAIN_sDateTimeSet)
                  003f22a8    0000000b     uart_driver.obj (.cinit:_UART_DRV_RXIntOverflowCounter)
                  003f22b3    0000000b     uart_driver.obj (.cinit:_UART_DRV_u32TimeDiffLast)
                  003f22be    0000000b     uart_driver.obj (.cinit:_UART_DRV_u32TimeDiffNow)
                  003f22c9    0000000b     CSMON_C28xx.lib : uart_drv.obj (.cinit:_UART_RXIntOverflowCounter)
                  003f22d4    0000000b     tmr_drv.obj (.cinit:_pfDelayedFunction)
                  003f22df    0000000b     tmr_drv.obj (.cinit:_pfDelayedFunction_u8)
                  003f22ea    0000000b     CSMON_C28xx.lib : hmrecparam.obj (.cinit:_sRecStatusParamInternal)
                  003f22f5    0000000b                     : uart_drv.obj (.cinit:_u32TimeDiffLast)
                  003f2300    0000000b                     : uart_drv.obj (.cinit:_u32TimeDiffNow)
                  003f230b    0000000b                     : uart_drv.obj (.cinit:_u32TimeDiffRead)
                  003f2316    00000009                     : hmserial.obj (.cinit)
                  003f231f    00000009                     : csmon.obj (.cinit:_CSMON_au32FileAutorization_FunctionAfterWriteFileRecord)
                  003f2328    00000009                     : csmon.obj (.cinit:_CSMON_sFileParameterCount)
                  003f2331    00000008                     : hmlib.obj (.cinit)
                  003f2339    00000007                     : csmon.obj (.cinit:_CSMON_au8FileRecorderStatusElementsSizeTable)
                  003f2340    00000007                     : modbusreg.obj (.cinit:_MODBUSREG_au8DeviceIDMajorMinorRevision)
                  003f2347    00000007                     : modbusreg.obj (.cinit:_MODBUSREG_au8DeviceIDProductCode)
                  003f234e    00000007                     : uart_drv.obj (.cinit:_UARTRxBufferRDCount)
                  003f2355    00000007                     : uart_drv.obj (.cinit:_UARTRxBufferRDIndex)
                  003f235c    00000007                     : uart_drv.obj (.cinit:_UARTRxBufferWRCount)
                  003f2363    00000007                     : uart_drv.obj (.cinit:_UARTRxBufferWRIndex)
                  003f236a    00000007     uart_driver.obj (.cinit:_UART_DRV_RxBufferRDCount)
                  003f2371    00000007     uart_driver.obj (.cinit:_UART_DRV_RxBufferWRCount)
                  003f2378    00000007     uart_driver.obj (.cinit:_UART_DRV_RxBufferWRIndex)
                  003f237f    00000006     CSMON_C28xx.lib : csmon.obj (.cinit:_CSMON_abFileAutorization_RecordReadOnly)
                  003f2385    00000006                     : csmon.obj (.cinit:_CSMON_abFileAutorization_RecordStringData)
                  003f238b    00000006                     : csmon.obj (.cinit:_CSMON_au16FileAutorization_RecordOffsets)
                  003f2391    00000006                     : csmon.obj (.cinit:_CSMON_sFileProtocolVersion)
                  003f2397    00000005     rts2800_ml.lib : _lock.c.obj (.cinit:__lock)
                  003f239c    00000005                    : _lock.c.obj (.cinit:__unlock)
                  003f23a1    00000005     CSMON_C28xx.lib : hmscopeparam.obj (.cinit:_pBufferScope)
                  003f23a6    00000005                     : csmon.obj (.cinit:_sFileParameterNumericOffsetDefault)
                  003f23ab    00000004                     : hmscopeparam.obj (.cinit)
                  003f23af    00000004                     : uart_drv.obj (.cinit)
                  003f23b3    00000004                     : csmon.obj (.cinit:_CSMON_au8FileParameterListElementsSizeTablePart1_1)
                  003f23b7    00000004                     : csmon.obj (.cinit:_CSMON_au8FileParameterListElementsSizeTablePart1_2)
                  003f23bb    00000004                     : csmon.obj (.cinit:_CSMON_au8FileParameterListElementsSizeTablePart1_3)
                  003f23bf    00000004                     : csmon.obj (.cinit:_CSMON_au8FileParameterListElementsSizeTablePart1_4)
                  003f23c3    00000004                     : csmon.obj (.cinit:_CSMON_au8FileParameterListElementsSizeTablePart2)
                  003f23c7    00000004                     : csmon.obj (.cinit:_CSMON_au8FileParameterListElementsSizeTablePart3)
                  003f23cb    00000004                     : csmon.obj (.cinit:_CSMON_au8FileParameterNumbElementsSizeTablePart16Bits)
                  003f23cf    00000004                     : csmon.obj (.cinit:_CSMON_au8FileParameterNumbElementsSizeTablePart32Bits)
                  003f23d3    00000004                     : csmon.obj (.cinit:_CSMON_au8FileRecorderDataElementsSizeTableUsedLength)
                  003f23d7    00000004                     : csmon.obj (.cinit:_CSMON_au8FileScopeStatusElementsSizeTable)
                  003f23db    00000004                     : csmon.obj (.cinit:_CSMON_sFileParameterAccessList)
                  003f23df    00000004                     : hmmodbus.obj (.cinit:_HMMODBUS_u32RegisterAddressDummyuSize)
                  003f23e3    00000004                     : modbusreg.obj (.cinit:_MODBUSREG_asFileTable)
                  003f23e7    00000004                     : csmon.obj (.cinit:_sFileParameterNumericVisualTypeDefault)
                  003f23eb    00000004     rts2800_ml.lib : errno.c.obj (.cinit)
                  003f23ef    00000002     --HOLE-- [fill = 0]

.pinit     0    003e8000    00000000     UNINITIALIZED

.text      0    003e8000    0000608a     
                  003e8000    0000134c     CSMON_C28xx.lib : hmmodbus.obj (.text:_HMMODBUS_bDecoder)
                  003e934c    000006ea                     : modbusreg.obj (.text:_MODBUSREG_AddressTablesInit)
                  003e9a36    00000698     rts2800_ml.lib : k_rem_pio2.c.obj (.text)
                  003ea0ce    000001ac     main.obj (.text:_main)
                  003ea27a    0000017f     CSMON_C28xx.lib : csmon.obj (.text:_CSMON_eSetUpRecParam)
                  003ea3f9    00000167                     : csmon.obj (.text:_CSMON_eProcess)
                  003ea560    00000146                     : hmmodbus.obj (.text:_HMMODBUS_Rx)
                  003ea6a6    0000011b                     : hmmodbus.obj (.text:_HMMODBUS_vSetFreeRunTimerPrescaller)
                  003ea7c1    00000114     rts2800_ml.lib : s_sinf.c.obj (.text)
                  003ea8d5    00000107                    : ll_div28.asm.obj (.text)
                  003ea9dc    000000f5     CSMON_C28xx.lib : hmdrv.obj (.text:_HMDRV_vInit)
                  003eaad1    000000f1                     : csmon.obj (.text:_CSMON_vFileRecoderStatusFix)
                  003eabc2    000000e9                     : hmprotocol.obj (.text:_HMPROTOCOL_bDecoder)
                  003eacab    000000e8                     : hmrecparam.obj (.text:_HMRECPRM_vProcess)
                  003ead93    000000e8     rts2800_ml.lib : s_floor.c.obj (.text)
                  003eae7b    000000e4     main.obj (.text:_ControlProcess)
                  003eaf5f    000000d3     CSMON_C28xx.lib : csmon.obj (.text:_CSMON_vSetupHoldingRegistersAndCoilsAddressTableFromCSMONParameterList)
                  003eb032    000000be                     : csmon.obj (.text:_CSMON_vInitParameterListRealAddressRecordTables)
                  003eb0f0    000000bc                     : hmrecparam.obj (.text:_HMRECPRM_SetUpRec)
                  003eb1ac    000000ba                     : csmon.obj (.text:_CSMON_eInit)
                  003eb266    000000b8                     : hmrec.obj (.text:_HMREC_SetUpRec)
                  003eb31e    000000aa                     : hmdrv.obj (.text:_HMDRV_CopyFromBufferInternalModbusBitField)
                  003eb3c8    000000aa     rts2800_ml.lib : s_scalbn.c.obj (.text)
                  003eb472    000000a7                    : e_rem_pio2f.c.obj (.text)
                  003eb519    000000a3     tmr_drv.obj (.text:_TMR2_ISR)
                  003eb5bc    0000009e     CSMON_C28xx.lib : csmon.obj (.text:_CSMON_vPrepareFileParameterAccessList)
                  003eb65a    0000009d                     : hmmodbus.obj (.text:_HMMODBUS_GetRealRegisterAddressAndSize)
                  003eb6f7    0000009c     rts2800_ml.lib : fd_add28.asm.obj (.text)
                  003eb793    00000099     main.obj (.text:_RecordersInitialization)
                  003eb82c    00000096     main.obj (.text:_ParameterInitialization)
                  003eb8c2    00000092     CSMON_C28xx.lib : hmdrv.obj (.text:_HMDRV_CopyMemory)
                  003eb954    00000092                     : hmdrv.obj (.text:_HMDRV_CopyToBufferInternalModbus)
                  003eb9e6    00000092     rts2800_ml.lib : k_sinf.c.obj (.text)
                  003eba78    00000090     CSMON_C28xx.lib : csmon.obj (.text:_CSMON_vSetDateTimeAutorization)
                  003ebb08    0000008b     rts2800_ml.lib : fd_div28.asm.obj (.text)
                  003ebb93    00000087     CSMON_C28xx.lib : hmrecparam.obj (.text:_HMRECPRM_SetUpRecParamStatusDateTime)
                  003ebc1a    00000087     rts2800_ml.lib : k_cosf.c.obj (.text)
                  003ebca1    00000083     CSMON_C28xx.lib : hmdrv.obj (.text:_HMDRV_CopyFromBufferInternalModbus)
                  003ebd24    00000083     rts2800_ml.lib : fd_mpy28.asm.obj (.text)
                  003ebda7    00000083                    : fs_div28.asm.obj (.text)
                  003ebe2a    0000007f     CSMON_C28xx.lib : hmserial.obj (.text:_HMSERIAL_vProcessSCI)
                  003ebea9    00000078     rts2800_ml.lib : fs_add28.asm.obj (.text)
                  003ebf21    0000006a     CSMON_C28xx.lib : hmserial.obj (.text:_HMSERIAL_Rx)
                  003ebf8b    00000068                     : hmmodbus.obj (.text:_HMMODBUS_vProcessSCI)
                  003ebff3    00000068                     : hmprotocol.obj (.text:_HMPROTOCOL_GetBoardInfo)
                  003ec05b    00000067                     : hmmodbus.obj (.text:_HMMODBUS_CopyFromBuffer)
                  003ec0c2    00000064                     : hmrec.obj (.text:_HMREC_vProcess)
                  003ec126    00000064                     : modbusreg.obj (.text:_MODBUSREG_vInit)
                  003ec18a    0000005f     F2806x_SysCtrl.obj (.text:_InitPeripheralClocks)
                  003ec1e9    0000005d     CSMON_C28xx.lib : uart_drv.obj (.text:_UART_RXInterrupt)
                  003ec246    0000005a     gpio.obj (.text:_GPIO_setPinConfigOutput)
                  003ec2a0    0000005a     rts2800_ml.lib : fs_mpy28.asm.obj (.text)
                  003ec2fa    00000059     CSMON_C28xx.lib : csmon.obj (.text:_CSMON_vUpdateDateTimeFromApplication)
                  003ec353    00000059                     : hmmodbus.obj (.text:_vSetElementsSize)
                  003ec3ac    00000057                     : csmon.obj (.text:_CSMON_bCheckValidDateTime)
                  003ec403    00000057     uart_driver.obj (.text:_UART_DRV_RXInterrupt)
                  003ec45a    00000055     CSMON_C28xx.lib : modbusreg.obj (.text:_MODBUSREG_FileRecorderExternalUpdateInit)
                  003ec4af    00000054     rts2800_ml.lib : boot28.asm.obj (.text)
                  003ec503    00000051     F2806x_SysCtrl.obj (.text:_InitPll)
                  003ec554    0000004f     CSMON_C28xx.lib : csmon.obj (.text:_CSMON_eSetRecorderTriggerAtPosition)
                  003ec5a3    0000004f     device.obj (.text:_Device_CsmUnlock)
                  003ec5f2    0000004f     main.obj (.text:_ExternalParametersInitialization)
                  003ec641    0000004e     CSMON_C28xx.lib : hmmodbus.obj (.text:_HMMODBUS_GetRegisterFunction)
                  003ec68f    0000004e                     : hmrecparam.obj (.text:_HMRECPRM_StartRecParam)
                  003ec6dd    0000004c                     : hmmodbus.obj (.text:_HMMODBUS_vSendResponse)
                  003ec729    0000004c                     : hmrecparam.obj (.text:_HMRECPRM_vTimeSync)
                  003ec775    00000047                     : hmmodbus.obj (.text:_HMMODBUS_CopyToBuffer)
                  003ec7bc    00000047                     : hmscopeparam.obj (.text:_HMSCOPEPRM_SetUpScope)
                  003ec803    00000043                     : hmscopeparam.obj (.text:_HMSCOPEPRM_ReadScope)
                  003ec846    00000042     interrupt.obj (.text:_Interrupt_enable)
                  003ec888    0000003f     CSMON_C28xx.lib : hmdrv.obj (.text:_HMDRV_CopyFromBufferInternal)
                  003ec8c7    0000003d                     : hmmodbus.obj (.text:_vSetStartSampleIndex)
                  003ec904    0000003c     tmr_drv.obj (.text:_configCPUTimer)
                  003ec940    0000003b     CSMON_C28xx.lib : csmon.obj (.text:_CSMON_u16FindIndexParameterTable)
                  003ec97b    0000003b                     : csmon.obj (.text:_CSMON_u32GetRealAddressAndSizeOffsetFromParameter)
                  003ec9b6    0000003b                     : hmscope.obj (.text:_HMSCOPE_SetUpScope)
                  003ec9f1    00000038                     : csmon.obj (.text:_CSMON_eSetRecorderConfigurationSkipSamples)
                  003eca29    00000038     device.obj (.text:_Device_init)
                  003eca61    00000038     CSMON_C28xx.lib : uart_drv.obj (.text:_UART_ReadDataRx)
                  003eca99    00000036                     : csmon.obj (.text:_CSMON_vRecorderParamStartStopProcess)
                  003ecacf    00000036                     : hmscope.obj (.text:_HMSCOPE_ReadScope)
                  003ecb05    00000036                     : hmserial.obj (.text:_HMSERIAL_vSendResponse)
                  003ecb3b    00000035                     : hmdrv.obj (.text:_HMDRV_CopyToBufferInternal)
                  003ecb70    00000033                     : hmmodbus.obj (.text:_HMMODBUS_Listen)
                  003ecba3    0000002e                     : hmserial.obj (.text:_HMSERIAL_vProcessSCIFreemasterOnly)
                  003ecbd1    0000002d                     : csmon.obj (.text:_CSMON_eSetParameterInRecorderAtPosition)
                  003ecbfe    0000002d                     : csmon.obj (.text:_CSMON_eSetParameterInScopeAtPosition)
                  003ecc2b    0000002d                     : csmon.obj (.text:_CSMON_vInitRecorders)
                  003ecc58    0000002d                     : csmon.obj (.text:_CSMON_vSetupHoldingRegistersAndCoilsAddressTableAccessAll)
                  003ecc85    0000002d                     : hmserial.obj (.text:_HMSERIAL_Listen)
                  003eccb2    0000002d                     : hmrecparam.obj (.text:_RecorderTimeFromLocalDateTime)
                  003eccdf    0000002b                     : hmrecparam.obj (.text:_FillTimeData)
                  003ecd0a    0000002a                     : modbusreg.obj (.text:_MODBUSREG_vInitHoldingRegistersTableChangesExternalList)
                  003ecd34    0000002a     rts2800_ml.lib : fd_cmp28.asm.obj (.text)
                  003ecd5e    00000029                    : exit.c.obj (.text)
                  003ecd87    00000029                    : fs_tol28.asm.obj (.text)
                  003ecdb0    00000028     CSMON_C28xx.lib : csmon.obj (.text:_CSMON_bAutorizationPasswordCheck)
                  003ecdd8    00000028     main.obj (.text:_ScopesInitialization)
                  003ece00    00000027     CSMON_C28xx.lib : hmserial.obj (.text:_HMSERIAL_vProcessSCITXISR)
                  003ece27    00000026                     : hmdrv.obj (.text:_HMDRV_CopyFromBufferInternalWithMaskModbus)
                  003ece4d    00000025                     : hmserial.obj (.text:_HMSERIAL_Tx)
                  003ece72    00000025     rts2800_ml.lib : fs_toi28.asm.obj (.text)
                  003ece97    00000024     CSMON_C28xx.lib : csmon.obj (.text:_CSMON_vAutorizationReset)
                  003ecebb    00000024                     : hmprotocol.obj (.text:_HMPROTOCOL_ReadMem)
                  003ecedf    00000024                     : hmrecparam.obj (.text:_RecorderDateFromLocalDateTime)
                  003ecf03    00000024     sci_driver.obj (.text:_SCIA_DRV_RXFIFOISR)
                  003ecf27    00000024     sci_driver.obj (.text:_SCIA_DRV_TXFIFOISR)
                  003ecf4b    00000024     sci_drv.obj (.text:_SCIA_RXFIFOISR)
                  003ecf6f    00000024     sci_drv.obj (.text:_SCIA_TXFIFOISR)
                  003ecf93    00000024     sci_driver.obj (.text:_SCIB_DRV_RXFIFOISR)
                  003ecfb7    00000024     sci_driver.obj (.text:_SCIB_DRV_TXFIFOISR)
                  003ecfdb    00000024     sci_drv.obj (.text:_SCIB_RXFIFOISR)
                  003ecfff    00000024     sci_drv.obj (.text:_SCIB_TXFIFOISR)
                  003ed023    00000024     tmr_drv.obj (.text:_TMR_vInit)
                  003ed047    00000024     CSMON_C28xx.lib : hmmodbus.obj (.text:_vSetSampleCountAvailable)
                  003ed06b    00000024     rts2800_ml.lib : cpy_tbl.c.obj (.text)
                  003ed08f    00000023     CSMON_C28xx.lib : csmon.obj (.text:_CSMON_eSetParameterListRealAddress)
                  003ed0b2    00000023                     : csmon.obj (.text:_CSMON_vRecorderParamSetupProcess)
                  003ed0d5    00000023                     : hmlib.obj (.text:_HMLIB_vInit)
                  003ed0f8    00000023                     : modbusreg.obj (.text:_MODBUSREG_FileRecorderElementSizeTableUsedSizeUpdateInit)
                  003ed11b    00000023     rts2800_ml.lib : s_copysign.c.obj (.text)
                  003ed13e    00000022                    : i_div28.asm.obj (.text)
                  003ed160    00000021     CSMON_C28xx.lib : csmon.obj (.text:_CSMON_eSetParameterListParameterID)
                  003ed181    00000021                     : hmdrv.obj (.text:_HMDRV_CopyFromBufferInternalWithMask)
                  003ed1a2    00000021     sci.obj (.text:_SCI_setConfig)
                  003ed1c3    00000021     rts2800_ml.lib : fd_tofs28.asm.obj (.text)
                  003ed1e4    00000021                    : fs_toul28.asm.obj (.text)
                  003ed205    00000020     CSMON_C28xx.lib : hmdrv.obj (.text:_HMDRV_vProcess)
                  003ed225    00000020     tmr_drv.obj (.text:_TMR_vInitCPUTimers)
                  003ed245    00000020     CSMON_C28xx.lib : hmmodbus.obj (.text:_vSetSampleCountBuffer)
                  003ed265    0000001f                     : hmmodbus.obj (.text:_HMMODBUS_vInit)
                  003ed284    0000001f     F2806x_PieCtrl.obj (.text:_InitPieCtrl)
                  003ed2a3    0000001f     CSMON_C28xx.lib : hmmodbus.obj (.text:_vSetSampleSize)
                  003ed2c2    0000001f     rts2800_ml.lib : fd_tol28.asm.obj (.text)
                  003ed2e1    0000001d     CSMON_C28xx.lib : hmmodbus.obj (.text:_HMMODBUS_Tx)
                  003ed2fe    0000001d                     : hmrecparam.obj (.text:_HMRECPRM_GetRecBuffFreemaster)
                  003ed31b    0000001d                     : hmrec.obj (.text:_HMREC_GetRecBuffFreemaster)
                  003ed338    0000001d     rts2800_ml.lib : fs_tou28.asm.obj (.text)
                  003ed355    0000001d                    : memcpy.c.obj (.text)
                  003ed372    0000001c     main.obj (.text:_CSMON_vGetDateTime)
                  003ed38e    0000001c     CSMON_C28xx.lib : csmon.obj (.text:_HMRECPRM_vGetDateTime)
                  003ed3aa    0000001c     sci.obj (.text:_SCI_clearInterruptStatus)
                  003ed3c6    0000001c     CSMON_C28xx.lib : hmmodbus.obj (.text:_vSetIndexFileTable)
                  003ed3e2    0000001c     rts2800_ml.lib : fs_tofd28.asm.obj (.text)
                  003ed3fe    0000001c                    : l_tofd28.asm.obj (.text)
                  003ed41a    0000001b     device.obj (.text:_Device_initGPIO)
                  003ed435    0000001b     CSMON_C28xx.lib : hmdrv.obj (.text:_HMDRV_AddressToBuffer)
                  003ed450    0000001b     rts2800_ml.lib : fd_toul28.asm.obj (.text)
                  003ed46b    0000001a     CSMON_C28xx.lib : hmmodbus.obj (.text:_HMMODBUS_vProcessSCITXISR)
                  003ed485    0000001a                     : hmrecparam.obj (.text:_HMRECPRM_StartRec)
                  003ed49f    0000001a                     : hmserial.obj (.text:_HMSERIAL_vProcessSCITXISRFreemasterOnly)
                  003ed4b9    0000001a     sci.obj (.text:_SCI_disableInterrupt)
                  003ed4d3    0000001a     sci.obj (.text:_SCI_enableInterrupt)
                  003ed4ed    0000001a     rts2800_ml.lib : l_tofs28.asm.obj (.text)
                  003ed507    00000019     CSMON_C28xx.lib : csmon.obj (.text:_CSMON_eSetParameterCountInRecorder)
                  003ed520    00000019                     : hmdrv.obj (.text:_HMDRV_AddressFromBuffer)
                  003ed539    00000019                     : uart_drv.obj (.text:_UART_vInit)
                  003ed552    00000019                     : hmmodbus.obj (.text:_bGetFileReadAccess)
                  003ed56b    00000019     rts2800_ml.lib : prolog28.asm.obj (.text)
                  003ed584    00000018     CSMON_C28xx.lib : csmon.obj (.text:_CSMON_u32GetFreeRunningTimerMicroseconds)
                  003ed59c    00000018                     : hmlib.obj (.text:_HMLIB_vProcessSCITXISRWithIndex)
                  003ed5b4    00000018     F2806x_SysCtrl.obj (.text:_InitSysCtrl)
                  003ed5cc    00000018     rts2800_ml.lib : ll_aox28.asm.obj (.text)
                  003ed5e4    00000017     CSMON_C28xx.lib : csmon.obj (.text:_CSMON_vSaveRecorderConfig)
                  003ed5fb    00000017                     : hmmodbus.obj (.text:_HMMODBUS_vProcessTxDelay)
                  003ed612    00000017                     : hmprotocol.obj (.text:_HMPROTOCOL_WriteMem)
                  003ed629    00000017                     : hmprotocol.obj (.text:_HMPROTOCOL_WriteMemMask)
                  003ed640    00000017                     : hmmodbus.obj (.text:_vSetBufferAddressStart)
                  003ed657    00000017     rts2800_ml.lib : fs_cmp28.asm.obj (.text)
                  003ed66e    00000017                    : u_tofd28.asm.obj (.text)
                  003ed685    00000016     CSMON_C28xx.lib : csmon.obj (.text:_CSMON_eSetParameterCountInScope)
                  003ed69b    00000016                     : hmdrv.obj (.text:_HMDRV_AddressFromBufferBigEndian)
                  003ed6b1    00000015                     : hmrecparam.obj (.text:_HMRECPRM_Comparefloat)
                  003ed6c6    00000015                     : hmrec.obj (.text:_HMREC_Comparefloat)
                  003ed6db    00000015                     : hmrec.obj (.text:_HMREC_StartRec)
                  003ed6f0    00000015     F2806x_Gpio.obj (.text:_InitGpio)
                  003ed705    00000014     CSMON_C28xx.lib : csmon.obj (.text:_CSMON_vFileParameterCountCheckSumUpdate)
                  003ed719    00000014                     : hmlib.obj (.text:_HMLIB_vProcessFastTD)
                  003ed72d    00000014                     : hmmodbus.obj (.text:_HMMODBUS_DelayedTx)
                  003ed741    00000014                     : hmrecparam.obj (.text:_HMRECPRM_StopRecParam)
                  003ed755    00000014                     : hmserial.obj (.text:_HMSERIAL_DelayedTx)
                  003ed769    00000013                     : csmon.obj (.text:_CSMON_eSetFlagProcessPassed)
                  003ed77c    00000013     rts2800_ml.lib : ul_tofs28.asm.obj (.text)
                  003ed78f    00000012     CSMON_C28xx.lib : hmdrv.obj (.text:_HMDRV_GetStringLengthFromWordInternal)
                  003ed7a1    00000012                     : hmmodbus.obj (.text:_HMMODBUS_vSetupRegisterDummy)
                  003ed7b3    00000012                     : hmrecparam.obj (.text:_HMRECPRM_CompareBOOL)
                  003ed7c5    00000012                     : modbusreg.obj (.text:_MODBUSREG_FileShortNameElementSizeandAddressUpdateInit)
                  003ed7d7    00000012                     : modbusreg.obj (.text:_MODBUSREG_vFileDenyAccess)
                  003ed7e9    00000012                     : uart_drv.obj (.text:_UART_TxIntDis)
                  003ed7fb    00000012                     : uart_drv.obj (.text:_UART_TxIntEna)
                  003ed80d    00000011     main.obj (.text:_CSMON_vSetDateTime)
                  003ed81e    00000011     CSMON_C28xx.lib : hmserial.obj (.text:_HMSERIAL_vInit)
                  003ed82f    00000011     F2806x_PieVect.obj (.text:_InitPieVectTable)
                  003ed840    00000011     main.obj (.text:_vSetWatchdogPrescalerTimeDiv)
                  003ed851    00000011     rts2800_ml.lib : args_main.c.obj (.text)
                  003ed862    00000010     CSMON_C28xx.lib : csmon.obj (.text:_CSMON_eSetParameterListRegisterFlags)
                  003ed872    00000010     device.obj (.text:_Example_MemCopy)
                  003ed882    00000010     F2806x_SysCtrl.obj (.text:_IntOsc1Sel)
                  003ed892    00000010     CSMON_C28xx.lib : hmmodbus.obj (.text:_bIsValidEndAddressInBuffer)
                  003ed8a2    00000010                     : hmmodbus.obj (.text:_u32BytesMemoryToBytesModbus)
                  003ed8b2    00000010                     : hmmodbus.obj (.text:_u32BytesModbusToBytesMemory)
                  003ed8c2    00000010     main.obj (.text:_vGetWatchdogPrescaler)
                  003ed8d2    00000010     rts2800_ml.lib : u_tofs28.asm.obj (.text)
                  003ed8e2    0000000f     CSMON_C28xx.lib : hmmodbus.obj (.text:_HMMODBUS_CalcCRC)
                  003ed8f1    0000000f                     : modbusreg.obj (.text:_MODBUSREG_FileParameterListAddressUpdateInit)
                  003ed900    0000000f                     : modbusreg.obj (.text:_MODBUSREG_FileParameterNumbAddressUpdateInit)
                  003ed90f    0000000f                     : uart_drv.obj (.text:_UART_IsTxEmpty)
                  003ed91e    0000000e                     : hmdrv.obj (.text:_HMDRV_GetStringLengthInternal)
                  003ed92c    0000000e                     : hmrecparam.obj (.text:_HMRECPRM_Compare16S)
                  003ed93a    0000000e                     : hmrecparam.obj (.text:_HMRECPRM_Compare16U)
                  003ed948    0000000e                     : hmrecparam.obj (.text:_HMRECPRM_Compare32S)
                  003ed956    0000000e                     : hmrecparam.obj (.text:_HMRECPRM_Compare32U)
                  003ed964    0000000e                     : hmrecparam.obj (.text:_HMRECPRM_Compare8S)
                  003ed972    0000000e                     : hmrecparam.obj (.text:_HMRECPRM_Compare8U)
                  003ed980    0000000e                     : hmrec.obj (.text:_HMREC_Compare16S)
                  003ed98e    0000000e                     : hmrec.obj (.text:_HMREC_Compare16U)
                  003ed99c    0000000e                     : hmrec.obj (.text:_HMREC_Compare32S)
                  003ed9aa    0000000e                     : hmrec.obj (.text:_HMREC_Compare32U)
                  003ed9b8    0000000e                     : hmrec.obj (.text:_HMREC_Compare8S)
                  003ed9c6    0000000e                     : hmrec.obj (.text:_HMREC_Compare8U)
                  003ed9d4    0000000e                     : hmmodbus.obj (.text:_u32FitAddressCircleBufferInside)
                  003ed9e2    0000000e     rts2800_ml.lib : fd_sub28.asm.obj (.text)
                  003ed9f0    0000000d     CSMON_C28xx.lib : csmon.obj (.text:_CSMON_eResetParameterTable)
                  003ed9fd    0000000d                     : csmon.obj (.text:_CSMON_vInitHoldingRegistersTableChanges)
                  003eda0a    0000000d                     : hmrecparam.obj (.text:_HMRECPRM_IsJustStopped)
                  003eda17    0000000d                     : hmrecparam.obj (.text:_HMRECPRM_StopRec)
                  003eda24    0000000d                     : hmrec.obj (.text:_HMREC_StopRec)
                  003eda31    0000000d                     : modbusreg.obj (.text:_MODBUSREG_vFileAllowAccess)
                  003eda3e    0000000d     tmr_drv.obj (.text:_TIMER_vSetupTimerMainFunctionDelayCompare)
                  003eda4b    0000000d     CSMON_C28xx.lib : uart_drv.obj (.text:_UART_ReadDataRxAvailable)
                  003eda58    0000000c                     : hmlib.obj (.text:_HMLIB_vProcess)
                  003eda64    0000000c                     : hmrecparam.obj (.text:_HMRECPRM_GetBufferRecParamPtrAddress)
                  003eda70    0000000c                     : hmrecparam.obj (.text:_HMRECPRM_TriggerRec)
                  003eda7c    0000000c                     : hmmodbus.obj (.text:_u32FixAddressCircleBufferOverflow)
                  003eda88    0000000c     rts2800_ml.lib : epilog28.asm.obj (.text)
                  003eda94    0000000b     CSMON_C28xx.lib : hmmodbus.obj (.text:_HMMODBUS_vProcessFastTD)
                  003eda9f    0000000b                     : hmrecparam.obj (.text:_HMRECPRM_IsRunning)
                  003edaaa    0000000b                     : hmserial.obj (.text:_HMSERIAL_vProcessFastTD)
                  003edab5    0000000b                     : modbusreg.obj (.text:_MODBUSREG_vDataZero)
                  003edac0    0000000b     sci_driver.obj (.text:_SCI_DRV_eGetModuleIndexFromBase)
                  003edacb    0000000b     sci_drv.obj (.text:_SCI_eGetModuleIndexFromBase)
                  003edad6    0000000b     CSMON_C28xx.lib : uart_drv.obj (.text:_UART_TxDis)
                  003edae1    0000000b                     : uart_drv.obj (.text:_UART_TxEna)
                  003edaec    0000000b                     : hmmodbus.obj (.text:_bIsValidIndexFileTable)
                  003edaf7    0000000b     rts2800_ml.lib : u_div28.asm.obj (.text)
                  003edb02    0000000a     CSMON_C28xx.lib : hmrecparam.obj (.text:_HMRECPRM_ClrLastStopDetectionToRecorderStopSamplesCounter)
                  003edb0c    0000000a                     : hmrecparam.obj (.text:_HMRECPRM_GetRecStatus)
                  003edb16    0000000a                     : hmrec.obj (.text:_HMREC_GetRecStatus)
                  003edb20    00000009                     : csmon.obj (.text:_CSMON_eSetParameterListRegisterSize)
                  003edb29    00000009                     : csmon.obj (.text:_CSMON_eSetParameterListShortNaming)
                  003edb32    00000009                     : csmon.obj (.text:_CSMON_eSetServerOnStatus)
                  003edb3b    00000009                     : hmlib.obj (.text:_HMLIB_vInitRecParamBuff)
                  003edb44    00000009                     : hmmodbus.obj (.text:_HMMODBUS_vProcessFreeTimer)
                  003edb4d    00000009                     : hmmodbus.obj (.text:_HMMODBUS_vProcessRxDelay)
                  003edb56    00000009                     : hmrecparam.obj (.text:_HMRECPRM_GetExternBufferRecParamLastPointedAddress)
                  003edb5f    00000009                     : hmrecparam.obj (.text:_HMRECPRM_GetExternBufferRecParamPtrAddress)
                  003edb68    00000009                     : hmrec.obj (.text:_HMREC_TriggerRec)
                  003edb71    00000009                     : hmscopeparam.obj (.text:_HMSCOPEPRM_GetBufferScopeParamAddress)
                  003edb7a    00000009                     : hmserial.obj (.text:_HMSERIAL_vProcessFreeTimer)
                  003edb83    00000009     tmr_drv.obj (.text:_TIMER_vResetTimerMainFunctionDelayCounter)
                  003edb8c    00000009     tmr_drv.obj (.text:_TIMER_vSetupTimerMainDelayedFunctionSendData)
                  003edb95    00000009     CSMON_C28xx.lib : uart_drv.obj (.text:_UART_PutChar)
                  003edb9e    00000009                     : uart_drv.obj (.text:_UART_ReadDataRxTimeDiff)
                  003edba7    00000009     rts2800_ml.lib : _lock.c.obj (.text)
                  003edbb0    00000009                    : fd_neg28.asm.obj (.text)
                  003edbb9    00000008     Example_Flash2806x_CsmKeys.obj (.text)
                  003edbc1    00000008     F2806x_CodeStartBranch.obj (.text)
                  003edbc9    00000008     F2806x_SysCtrl.obj (.text:_DisableDog)
                  003edbd1    00000008     CSMON_C28xx.lib : hmdrv.obj (.text:_HMDRV_CopyFromBufferWithMaskModbus)
                  003edbd9    00000008                     : hmmodbus.obj (.text:_HMMODBUS_vSetupHoldingRegistersProcessFuncTable)
                  003edbe1    00000008                     : hmmodbus.obj (.text:_HMMODBUS_vSetupHoldingRegistersRealAddressTable)
                  003edbe9    00000008                     : hmmodbus.obj (.text:_HMMODBUS_vSetupHoldingRegistersRegisterFlagsTable)
                  003edbf1    00000008                     : hmmodbus.obj (.text:_HMMODBUS_vSetupHoldingRegistersRegisterSizeTable)
                  003edbf9    00000008                     : hmmodbus.obj (.text:_HMMODBUS_vSetupHoldingRegistersVirtAddressTable)
                  003edc01    00000008                     : hmrecparam.obj (.text:_HMRECPRM_GetExternRecParamAddress)
                  003edc09    00000008                     : hmrecparam.obj (.text:_HMRECPRM_GetExternRecParamPtrMaximumUsedSampleCount)
                  003edc11    00000008                     : hmrecparam.obj (.text:_HMRECPRM_GetExternRecParamPtrSampleSize)
                  003edc19    00000008                     : hmrecparam.obj (.text:_HMRECPRM_GetRecParamPtrAvailableSampleCount)
                  003edc21    00000008                     : hmrecparam.obj (.text:_HMRECPRM_GetRecParamPtrLastSampleIndex)
                  003edc29    00000008                     : hmrecparam.obj (.text:_HMRECPRM_GetRecParamPtrMaximumUsedSampleCount)
                  003edc31    00000008                     : hmrecparam.obj (.text:_HMRECPRM_GetRecParamPtrSampleSize)
                  003edc39    00000008                     : hmrecparam.obj (.text:_HMRECPRM_GetStatusRecParamAddress)
                  003edc41    00000008                     : hmrecparam.obj (.text:_HMRECPRM_vInit)
                  003edc49    00000008                     : hmrec.obj (.text:_HMREC_vInit)
                  003edc51    00000007     F2806x_DisInt.obj (.text)
                  003edc58    00000007     CSMON_C28xx.lib : csmon.obj (.text:_CSMON_eSetParameterListAccessLevel)
                  003edc5f    00000007                     : csmon.obj (.text:_CSMON_eSetParameterListBitsCount)
                  003edc66    00000007                     : csmon.obj (.text:_CSMON_eSetParameterListDataDefault)
                  003edc6d    00000007                     : csmon.obj (.text:_CSMON_eSetParameterListDataMaximum)
                  003edc74    00000007                     : csmon.obj (.text:_CSMON_eSetParameterListDataMinimum)
                  003edc7b    00000007                     : csmon.obj (.text:_CSMON_eSetParameterListDataOffset)
                  003edc82    00000007                     : csmon.obj (.text:_CSMON_eSetParameterListDataType)
                  003edc89    00000007                     : csmon.obj (.text:_CSMON_eSetParameterListFunctionCode)
                  003edc90    00000007                     : csmon.obj (.text:_CSMON_eSetParameterListValueFormat)
                  003edc97    00000007                     : csmon.obj (.text:_CSMON_eSetParameterListVisualType)
                  003edc9e    00000007                     : hmlib.obj (.text:_HMLIB_vProcessDifferentPorts)
                  003edca5    00000007                     : hmlib.obj (.text:_HMLIB_vProcessRecorders)
                  003edcac    00000007                     : hmrecparam.obj (.text:_HMRECPRM_vResetAllStopDetections)
                  003edcb3    00000007                     : hmscopeparam.obj (.text:_HMSCOPEPRM_GetStatusScopeParamAddress)
                  003edcba    00000007                     : modbusreg.obj (.text:_MODBUSREG_vInitHoldingRegistersTableChanges)
                  003edcc1    00000007     sci_driver.obj (.text:_SCI_DRV_u32GetBaseFromModuleIndex)
                  003edcc8    00000007     sci_drv.obj (.text:_SCI_u32GetBaseFromModuleIndex)
                  003edccf    00000006     cputimer.obj (.text:_CPUTimer_setEmulationMode)
                  003edcd5    00000006     CSMON_C28xx.lib : hmrecparam.obj (.text:_HMRECPRM_SetUpRecBuff)
                  003edcdb    00000006                     : hmrec.obj (.text:_HMREC_SetUpRecBuff)
                  003edce1    00000006     tmr_drv.obj (.text:_TIMER_u16ResetTimerMainPeriod)
                  003edce7    00000006     uart_driver.obj (.text:_UART_DRV_GetChar)
                  003edced    00000006     CSMON_C28xx.lib : uart_drv.obj (.text:_UART_GetChar)
                  003edcf3    00000005     F2806x_DefaultIsr.obj (.text:_ADCINT1_ISR)
                  003edcf8    00000005     F2806x_DefaultIsr.obj (.text:_ADCINT2_ISR)
                  003edcfd    00000005     F2806x_DefaultIsr.obj (.text:_ADCINT3_ISR)
                  003edd02    00000005     F2806x_DefaultIsr.obj (.text:_ADCINT4_ISR)
                  003edd07    00000005     F2806x_DefaultIsr.obj (.text:_ADCINT5_ISR)
                  003edd0c    00000005     F2806x_DefaultIsr.obj (.text:_ADCINT6_ISR)
                  003edd11    00000005     F2806x_DefaultIsr.obj (.text:_ADCINT7_ISR)
                  003edd16    00000005     F2806x_DefaultIsr.obj (.text:_ADCINT8_ISR)
                  003edd1b    00000005     F2806x_DefaultIsr.obj (.text:_ADCINT9_ISR)
                  003edd20    00000005     F2806x_DefaultIsr.obj (.text:_CLA1_INT1_ISR)
                  003edd25    00000005     F2806x_DefaultIsr.obj (.text:_CLA1_INT2_ISR)
                  003edd2a    00000005     F2806x_DefaultIsr.obj (.text:_CLA1_INT3_ISR)
                  003edd2f    00000005     F2806x_DefaultIsr.obj (.text:_CLA1_INT4_ISR)
                  003edd34    00000005     F2806x_DefaultIsr.obj (.text:_CLA1_INT5_ISR)
                  003edd39    00000005     F2806x_DefaultIsr.obj (.text:_CLA1_INT6_ISR)
                  003edd3e    00000005     F2806x_DefaultIsr.obj (.text:_CLA1_INT7_ISR)
                  003edd43    00000005     F2806x_DefaultIsr.obj (.text:_CLA1_INT8_ISR)
                  003edd48    00000005     CSMON_C28xx.lib : csmon.obj (.text:_CSMON_eSetAutoServiceWatchdogInternalSlowCalculationsInMainLoop)
                  003edd4d    00000005                     : csmon.obj (.text:_CSMON_eSetFirmwareApplicationVersion)
                  003edd52    00000005                     : csmon.obj (.text:_CSMON_eSetMaxTimeInISR)
                  003edd57    00000005                     : csmon.obj (.text:_CSMON_eSetMinGuaranteedTimeBetweenTwoISRs)
                  003edd5c    00000005                     : csmon.obj (.text:_CSMON_u16ParametersAccessListIndexGenerate)
                  003edd61    00000005                     : csmon.obj (.text:_CSMON_u32GetFreeRunningTimerTicks)
                  003edd66    00000005                     : csmon.obj (.text:_CSMON_u32GetParameterAuxCheckSum)
                  003edd6b    00000005                     : csmon.obj (.text:_CSMON_u32GetParameterCheckSum)
                  003edd70    00000005                     : csmon.obj (.text:_CSMON_u32GetParameterStringCheckSum)
                  003edd75    00000005                     : csmon.obj (.text:_CSMON_vSetDateTimeRequest)
                  003edd7a    00000005     F2806x_DefaultIsr.obj (.text:_DATALOG_ISR)
                  003edd7f    00000005     F2806x_DefaultIsr.obj (.text:_DINTCH1_ISR)
                  003edd84    00000005     F2806x_DefaultIsr.obj (.text:_DINTCH2_ISR)
                  003edd89    00000005     F2806x_DefaultIsr.obj (.text:_DINTCH3_ISR)
                  003edd8e    00000005     F2806x_DefaultIsr.obj (.text:_DINTCH4_ISR)
                  003edd93    00000005     F2806x_DefaultIsr.obj (.text:_DINTCH5_ISR)
                  003edd98    00000005     F2806x_DefaultIsr.obj (.text:_DINTCH6_ISR)
                  003edd9d    00000005     F2806x_DefaultIsr.obj (.text:_ECAN0INTA_ISR)
                  003edda2    00000005     F2806x_DefaultIsr.obj (.text:_ECAN1INTA_ISR)
                  003edda7    00000005     F2806x_DefaultIsr.obj (.text:_ECAP1_INT_ISR)
                  003eddac    00000005     F2806x_DefaultIsr.obj (.text:_ECAP2_INT_ISR)
                  003eddb1    00000005     F2806x_DefaultIsr.obj (.text:_ECAP3_INT_ISR)
                  003eddb6    00000005     F2806x_DefaultIsr.obj (.text:_EMPTY_ISR)
                  003eddbb    00000005     F2806x_DefaultIsr.obj (.text:_EMUINT_ISR)
                  003eddc0    00000005     F2806x_DefaultIsr.obj (.text:_EPWM1_INT_ISR)
                  003eddc5    00000005     F2806x_DefaultIsr.obj (.text:_EPWM1_TZINT_ISR)
                  003eddca    00000005     F2806x_DefaultIsr.obj (.text:_EPWM2_INT_ISR)
                  003eddcf    00000005     F2806x_DefaultIsr.obj (.text:_EPWM2_TZINT_ISR)
                  003eddd4    00000005     F2806x_DefaultIsr.obj (.text:_EPWM3_INT_ISR)
                  003eddd9    00000005     F2806x_DefaultIsr.obj (.text:_EPWM3_TZINT_ISR)
                  003eddde    00000005     F2806x_DefaultIsr.obj (.text:_EPWM4_INT_ISR)
                  003edde3    00000005     F2806x_DefaultIsr.obj (.text:_EPWM4_TZINT_ISR)
                  003edde8    00000005     F2806x_DefaultIsr.obj (.text:_EPWM5_INT_ISR)
                  003edded    00000005     F2806x_DefaultIsr.obj (.text:_EPWM5_TZINT_ISR)
                  003eddf2    00000005     F2806x_DefaultIsr.obj (.text:_EPWM6_INT_ISR)
                  003eddf7    00000005     F2806x_DefaultIsr.obj (.text:_EPWM6_TZINT_ISR)
                  003eddfc    00000005     F2806x_DefaultIsr.obj (.text:_EPWM7_INT_ISR)
                  003ede01    00000005     F2806x_DefaultIsr.obj (.text:_EPWM7_TZINT_ISR)
                  003ede06    00000005     F2806x_DefaultIsr.obj (.text:_EPWM8_INT_ISR)
                  003ede0b    00000005     F2806x_DefaultIsr.obj (.text:_EPWM8_TZINT_ISR)
                  003ede10    00000005     F2806x_DefaultIsr.obj (.text:_EQEP1_INT_ISR)
                  003ede15    00000005     F2806x_DefaultIsr.obj (.text:_EQEP2_INT_ISR)
                  003ede1a    00000005     CSMON_C28xx.lib : hmlib.obj (.text:_HMLIB_vProcessSamePort)
                  003ede1f    00000005                     : hmlib.obj (.text:_HMLIB_vRecorder0)
                  003ede24    00000005                     : hmmodbus.obj (.text:_HMMODBUS_bGetReceivedMessage)
                  003ede29    00000005                     : hmmodbus.obj (.text:_HMMODBUS_vFileTable)
                  003ede2e    00000005                     : hmrecparam.obj (.text:_HMRECPRM_vDisableAllStopDetections)
                  003ede33    00000005     F2806x_DefaultIsr.obj (.text:_HRCAP1_INT_ISR)
                  003ede38    00000005     F2806x_DefaultIsr.obj (.text:_HRCAP2_INT_ISR)
                  003ede3d    00000005     F2806x_DefaultIsr.obj (.text:_HRCAP3_INT_ISR)
                  003ede42    00000005     F2806x_DefaultIsr.obj (.text:_HRCAP4_INT_ISR)
                  003ede47    00000005     F2806x_DefaultIsr.obj (.text:_I2CINT1A_ISR)
                  003ede4c    00000005     F2806x_DefaultIsr.obj (.text:_I2CINT2A_ISR)
                  003ede51    00000005     F2806x_DefaultIsr.obj (.text:_ILLEGAL_ISR)
                  003ede56    00000005     F2806x_DefaultIsr.obj (.text:_INT13_ISR)
                  003ede5b    00000005     F2806x_DefaultIsr.obj (.text:_INT14_ISR)
                  003ede60    00000005     interrupt.obj (.text:_IntDefaultHandler)
                  003ede65    00000005     F2806x_DefaultIsr.obj (.text:_LUF_ISR)
                  003ede6a    00000005     F2806x_DefaultIsr.obj (.text:_LVF_ISR)
                  003ede6f    00000005     CSMON_C28xx.lib : modbusreg.obj (.text:_MODBUSREG_vSetTableNameAddress)
                  003ede74    00000005                     : modbusreg.obj (.text:_MODBUSREG_vSetTableRealAddressInRam)
                  003ede79    00000005                     : modbusreg.obj (.text:_MODBUSREG_vSetTableRegisterFlags)
                  003ede7e    00000005                     : modbusreg.obj (.text:_MODBUSREG_vSetTableRegisterSize)
                  003ede83    00000005                     : modbusreg.obj (.text:_MODBUSREG_vSetTableVirtAddress)
                  003ede88    00000005     F2806x_DefaultIsr.obj (.text:_MRINTA_ISR)
                  003ede8d    00000005     F2806x_DefaultIsr.obj (.text:_MXINTA_ISR)
                  003ede92    00000005     F2806x_DefaultIsr.obj (.text:_NMI_ISR)
                  003ede97    00000005     F2806x_DefaultIsr.obj (.text:_PIE_RESERVED)
                  003ede9c    00000005     F2806x_DefaultIsr.obj (.text:_RTOSINT_ISR)
                  003edea1    00000005     F2806x_DefaultIsr.obj (.text:_SCIRXINTA_ISR)
                  003edea6    00000005     F2806x_DefaultIsr.obj (.text:_SCIRXINTB_ISR)
                  003edeab    00000005     F2806x_DefaultIsr.obj (.text:_SCITXINTA_ISR)
                  003edeb0    00000005     F2806x_DefaultIsr.obj (.text:_SCITXINTB_ISR)
                  003edeb5    00000005     F2806x_DefaultIsr.obj (.text:_SPIRXINTA_ISR)
                  003edeba    00000005     F2806x_DefaultIsr.obj (.text:_SPIRXINTB_ISR)
                  003edebf    00000005     F2806x_DefaultIsr.obj (.text:_SPITXINTA_ISR)
                  003edec4    00000005     F2806x_DefaultIsr.obj (.text:_SPITXINTB_ISR)
                  003edec9    00000005     tmr_drv.obj (.text:_TIMER_vSetupTimerMainDelayedData)
                  003edece    00000005     F2806x_DefaultIsr.obj (.text:_TINT0_ISR)
                  003eded3    00000005     F2806x_DefaultIsr.obj (.text:_USB0_INT_ISR)
                  003eded8    00000005     F2806x_DefaultIsr.obj (.text:_USER10_ISR)
                  003ededd    00000005     F2806x_DefaultIsr.obj (.text:_USER11_ISR)
                  003edee2    00000005     F2806x_DefaultIsr.obj (.text:_USER12_ISR)
                  003edee7    00000005     F2806x_DefaultIsr.obj (.text:_USER1_ISR)
                  003edeec    00000005     F2806x_DefaultIsr.obj (.text:_USER2_ISR)
                  003edef1    00000005     F2806x_DefaultIsr.obj (.text:_USER3_ISR)
                  003edef6    00000005     F2806x_DefaultIsr.obj (.text:_USER4_ISR)
                  003edefb    00000005     F2806x_DefaultIsr.obj (.text:_USER5_ISR)
                  003edf00    00000005     F2806x_DefaultIsr.obj (.text:_USER6_ISR)
                  003edf05    00000005     F2806x_DefaultIsr.obj (.text:_USER7_ISR)
                  003edf0a    00000005     F2806x_DefaultIsr.obj (.text:_USER8_ISR)
                  003edf0f    00000005     F2806x_DefaultIsr.obj (.text:_USER9_ISR)
                  003edf14    00000005     F2806x_DefaultIsr.obj (.text:_WAKEINT_ISR)
                  003edf19    00000005     F2806x_DefaultIsr.obj (.text:_XINT1_ISR)
                  003edf1e    00000005     F2806x_DefaultIsr.obj (.text:_XINT2_ISR)
                  003edf23    00000005     F2806x_DefaultIsr.obj (.text:_XINT3_ISR)
                  003edf28    00000005     F2806x_DefaultIsr.obj (.text:_rsvd_ISR)
                  003edf2d    00000005     rts2800_ml.lib : fs_neg28.asm.obj (.text)
                  003edf32    00000004     CSMON_C28xx.lib : csmon.obj (.text:_CSMON_eApplyParameterChanges)
                  003edf36    00000004                     : csmon.obj (.text:_CSMON_eRegisterWriteParElementCallbackFunction)
                  003edf3a    00000004                     : csmon.obj (.text:_CSMON_eSetInternalTimerPeriod)
                  003edf3e    00000004                     : csmon.obj (.text:_CSMON_eSetTimerPeriodISRFunctionRegister)
                  003edf42    00000004                     : csmon.obj (.text:_CSMON_u32GetBaudError_PPM)
                  003edf46    00000004                     : csmon.obj (.text:_CSMON_vAddSetupRecorderParameterMask)
                  003edf4a    00000004                     : csmon.obj (.text:_CSMON_vInitScopes)
                  003edf4e    00000004                     : csmon.obj (.text:_CSMON_vSetStartRecorderParameterMask)
                  003edf52    00000004                     : hmdrv.obj (.text:_HMDRV_SetExAddr)
                  003edf56    00000004                     : hmdrv.obj (.text:_HMDRV_u32GetDeviceSYSCLKFreq)
                  003edf5a    00000004                     : hmdrv.obj (.text:_HMDRV_u32GetSCIErrorPPM)
                  003edf5e    00000004                     : hmlib.obj (.text:_HMLIB_vRecorderParam0)
                  003edf62    00000004                     : hmmodbus.obj (.text:_HMMODBUS_u32GetAddressMessageCounterThisDevice)
                  003edf66    00000004                     : hmmodbus.obj (.text:_HMMODBUS_vSetAddressMessageCounterThisDevice)
                  003edf6a    00000004                     : hmmodbus.obj (.text:_HMMODBUS_vSetDeviceIDMajorMinorRevision)
                  003edf6e    00000004                     : hmmodbus.obj (.text:_HMMODBUS_vSetDeviceIDMajorMinorRevisionLength)
                  003edf72    00000004                     : hmmodbus.obj (.text:_HMMODBUS_vSetDeviceIDModelName)
                  003edf76    00000004                     : hmmodbus.obj (.text:_HMMODBUS_vSetDeviceIDModelNameLength)
                  003edf7a    00000004                     : hmmodbus.obj (.text:_HMMODBUS_vSetDeviceIDProductCode)
                  003edf7e    00000004                     : hmmodbus.obj (.text:_HMMODBUS_vSetDeviceIDProductCodeLength)
                  003edf82    00000004                     : hmmodbus.obj (.text:_HMMODBUS_vSetDeviceIDProductName)
                  003edf86    00000004                     : hmmodbus.obj (.text:_HMMODBUS_vSetDeviceIDProductNameLength)
                  003edf8a    00000004                     : hmmodbus.obj (.text:_HMMODBUS_vSetDeviceIDUserApplicationName)
                  003edf8e    00000004                     : hmmodbus.obj (.text:_HMMODBUS_vSetDeviceIDUserApplicationNameLength)
                  003edf92    00000004                     : hmmodbus.obj (.text:_HMMODBUS_vSetDeviceIDUserReserve0)
                  003edf96    00000004                     : hmmodbus.obj (.text:_HMMODBUS_vSetDeviceIDUserReserve0Length)
                  003edf9a    00000004                     : hmmodbus.obj (.text:_HMMODBUS_vSetDeviceIDUserReserve1)
                  003edf9e    00000004                     : hmmodbus.obj (.text:_HMMODBUS_vSetDeviceIDUserReserve1Length)
                  003edfa2    00000004                     : hmmodbus.obj (.text:_HMMODBUS_vSetDeviceIDUserReserve2)
                  003edfa6    00000004                     : hmmodbus.obj (.text:_HMMODBUS_vSetDeviceIDUserReserve2Length)
                  003edfaa    00000004                     : hmmodbus.obj (.text:_HMMODBUS_vSetDeviceIDVendorName)
                  003edfae    00000004                     : hmmodbus.obj (.text:_HMMODBUS_vSetDeviceIDVendorNameLength)
                  003edfb2    00000004                     : hmmodbus.obj (.text:_HMMODBUS_vSetDeviceIDVendorUrl)
                  003edfb6    00000004                     : hmmodbus.obj (.text:_HMMODBUS_vSetDeviceIDVendorUrlLength)
                  003edfba    00000004                     : hmmodbus.obj (.text:_HMMODBUS_vSetServerIDDataAddress)
                  003edfbe    00000004                     : hmmodbus.obj (.text:_HMMODBUS_vSetServerIDLength)
                  003edfc2    00000004                     : hmmodbus.obj (.text:_HMMODBUS_vSetServerIDNumber)
                  003edfc6    00000004                     : hmmodbus.obj (.text:_HMMODBUS_vSetServerOnStatus)
                  003edfca    00000004                     : hmmodbus.obj (.text:_HMMODBUS_vSetupHoldingRegistersAccessTableInRam)
                  003edfce    00000004                     : hmmodbus.obj (.text:_HMMODBUS_vSetupWriteParElementCallbackFunction)
                  003edfd2    00000004     interrupt.obj (.text:_IntMasterDisable)
                  003edfd6    00000004     interrupt.obj (.text:_IntMasterEnable)
                  003edfda    00000004     CSMON_C28xx.lib : modbusreg.obj (.text:_MODBUSREG_u16GetHoldRegFillCount)
                  003edfde    00000004                     : modbusreg.obj (.text:_MODBUSREG_u16GetTableRegisterFlagsElementOffset)
                  003edfe2    00000004                     : modbusreg.obj (.text:_MODBUSREG_u16GetTableRegisterSizeElementOffset)
                  003edfe6    00000004                     : modbusreg.obj (.text:_MODBUSREG_u16GetTableVirtAddressElementOffset)
                  003edfea    00000004                     : modbusreg.obj (.text:_MODBUSREG_u32GetRegisterAccessTableInRam)
                  003edfee    00000004                     : modbusreg.obj (.text:_MODBUSREG_u32GetTableRegisterFlags)
                  003edff2    00000004                     : modbusreg.obj (.text:_MODBUSREG_u32GetTableRegisterSize)
                  003edff6    00000004                     : modbusreg.obj (.text:_MODBUSREG_u32GetTableVirtAddress)
                  003edffa    00000004                     : modbusreg.obj (.text:_MODBUSREG_vSetFileAutorization_FunctionAfterWriteFileRecordTable)
                  003edffe    00000004                     : modbusreg.obj (.text:_MODBUSREG_vSetFileParamCount_FunctionBeforeReadFileRecord)
                  003ee002    00000004                     : modbusreg.obj (.text:_MODBUSREG_vSetFileRTC_FunctionAfterReadFileRecord)
                  003ee006    00000004                     : modbusreg.obj (.text:_MODBUSREG_vSetFileRTC_FunctionAfterWriteFileRecord)
                  003ee00a    00000004                     : modbusreg.obj (.text:_MODBUSREG_vSetFileRecConfig_FunctionAfterWriteFileRecord)
                  003ee00e    00000004                     : modbusreg.obj (.text:_MODBUSREG_vSetFileRecStatus_FunctionIndexGenerationFileRecord)
                  003ee012    00000004                     : modbusreg.obj (.text:_MODBUSREG_vSetHoldRegFillCount)
                  003ee016    00000004                     : modbusreg.obj (.text:_MODBUSREG_vSetParamCount)
                  003ee01a    00000004                     : modbusreg.obj (.text:_MODBUSREG_vSetParamListAddress)
                  003ee01e    00000004                     : modbusreg.obj (.text:_MODBUSREG_vSetParamNumbAddress)
                  003ee022    00000004                     : modbusreg.obj (.text:_MODBUSREG_vSetParamRecorderConfigAddress)
                  003ee026    00000004                     : modbusreg.obj (.text:_MODBUSREG_vSetParamScopeConfigAddress)
                  003ee02a    00000004     tmr_drv.obj (.text:_TIMER_vGetTimerMainRollingCounter)
                  003ee02e    00000004     tmr_drv.obj (.text:_TIMER_vSetupTimerMainCSMONFunction)
                  003ee032    00000004     tmr_drv.obj (.text:_TMR_u16GetFreeRunTimerPrescaller)
                  003ee036    00000004     CSMON_C28xx.lib : hmmodbus.obj (.text:_bGetElementsDifference)
                  003ee03a    00000004                     : hmmodbus.obj (.text:_u16GetIndexFileTable)
                  003ee03e    00000004                     : hmmodbus.obj (.text:_u32GetBufferAddressStart)
                  003ee042    00000004                     : hmmodbus.obj (.text:_u32GetBufferSize)
                  003ee046    00000004                     : hmmodbus.obj (.text:_u32GetSampleCountAvailable)
                  003ee04a    00000004                     : hmmodbus.obj (.text:_u32GetSampleCountBuffer)
                  003ee04e    00000004                     : hmmodbus.obj (.text:_u32GetStartSampleIndex)
                  003ee052    00000004                     : hmmodbus.obj (.text:_u8GetSampleSize)
                  003ee056    00000004                     : hmmodbus.obj (.text:_vSetBufferSize)
                  003ee05a    00000003     F2806x_DBGIER.obj (.text)
                  003ee05d    00000003     CSMON_C28xx.lib : csmon.obj (.text:_CSMON_eSetParameter)
                  003ee060    00000003                     : csmon.obj (.text:_CSMON_u32GetModbusMessageCounterRegisterRealAddress)
                  003ee063    00000003                     : csmon.obj (.text:_CSMON_vSetModbusMessageCounterRegisterRealAddress)
                  003ee066    00000003                     : hmlib.obj (.text:_HMLIB_vRecorderParamTimeSync)
                  003ee069    00000003                     : hmrecparam.obj (.text:_HMRECPRM_GetTimeBase)
                  003ee06c    00000003                     : modbusreg.obj (.text:_MODBUSREG_u32GetAddressMessageCounterThisDevice)
                  003ee06f    00000003                     : modbusreg.obj (.text:_MODBUSREG_vSetAddressMessageCounterThisDevice)
                  003ee072    00000003                     : uart_drv.obj (.text:_UART_TXInterrupt)
                  003ee075    00000002                     : csmon.obj (.text:_CSMON_u32GetParameterListCheckSum)
                  003ee077    00000002                     : csmon.obj (.text:_CSMON_u32GetParameterNumbCheckSum)
                  003ee079    00000002                     : csmon.obj (.text:_CSMON_u32GetParameterShortNameCheckSum)
                  003ee07b    00000002                     : hmrecparam.obj (.text:_HMRECPRM_AbortRec)
                  003ee07d    00000002                     : hmrecparam.obj (.text:_HMRECPRM_GetRecBuffSize)
                  003ee07f    00000002                     : hmrec.obj (.text:_HMREC_AbortRec)
                  003ee081    00000002                     : hmrec.obj (.text:_HMREC_GetRecBuffSize)
                  003ee083    00000002     main.obj (.text:_eWriteParElement)
                  003ee085    00000002     rts2800_ml.lib : pre_init.c.obj (.text)
                  003ee087    00000001     CSMON_C28xx.lib : hmprotocol.obj (.text:_HMPROTOCOL_vInit)
                  003ee088    00000001     uart_driver.obj (.text:_UART_DRV_TXInterrupt)
                  003ee089    00000001     rts2800_ml.lib : startup.c.obj (.text)

ramfuncs   0    003ee08a    00000029     RUN ADDR = 00008000
                  003ee08a    0000001d     F2806x_SysCtrl.obj (ramfuncs:_InitFlash)
                  003ee0a7    00000008     device.obj (ramfuncs:_MyCallbackFunction)
                  003ee0af    00000004     F2806x_usDelay.obj (ramfuncs)

csm_rsvd   0    003f7f80    00000076     
                  003f7f80    00000076     F2806x_CSMPasswords.obj (csm_rsvd)

codestart 
*          0    003f7ff6    00000002     
                  003f7ff6    00000002     F2806x_CodeStartBranch.obj (codestart)

csmpasswds 
*          0    003f7ff8    00000008     
                  003f7ff8    00000008     F2806x_CSMPasswords.obj (csmpasswds)

.stack     1    00000050    00000380     UNINITIALIZED
                  00000050    00000380     --HOLE--

.econst    0    003ee0b4    00003b0c     
                  003ee0b4    00003600     main.obj (.econst:_asParameterList)
                  003f16b4    00000100     CSMON_C28xx.lib : hmmodbus.obj (.econst:.string:_auchCRCHi)
                  003f17b4    00000100                     : hmmodbus.obj (.econst:.string:_auchCRCLo)
                  003f18b4    00000100     F2806x_PieVect.obj (.econst:_PieVectTableInit)
                  003f19b4    00000084     rts2800_ml.lib : k_rem_pio2.c.obj (.econst:_ipio2)
                  003f1a38    00000050     CSMON_C28xx.lib : csmon.obj (.econst:_CSMON_asAccessLevelPasswords)
                  003f1a88    0000002c     rts2800_ml.lib : k_rem_pio2.c.obj (.econst)
                  003f1ab4    00000028                    : k_cosf.c.obj (.econst)
                  003f1adc    00000020                    : k_rem_pio2.c.obj (.econst:_PIo2)
                  003f1afc    00000020                    : k_sinf.c.obj (.econst)
                  003f1b1c    0000001c                    : e_rem_pio2f.c.obj (.econst)
                  003f1b38    0000001c                    : s_scalbn.c.obj (.econst)
                  003f1b54    00000018                    : s_sinf.c.obj (.econst)
                  003f1b6c    00000014     CSMON_C28xx.lib : csmon.obj (.econst:_CSMON_au8FileImplementedFunctionCodes)
                  003f1b80    00000010     main.obj (.econst)
                  003f1b90    0000000e     CSMON_C28xx.lib : csmon.obj (.econst:_CSMON_au8FileParameterNumbElementsCountInPartTable)
                  003f1b9e    0000000c                     : hmprotocol.obj (.econst:.string)
                  003f1baa    0000000c     rts2800_ml.lib : s_floor.c.obj (.econst)
                  003f1bb6    00000006     CSMON_C28xx.lib : csmon.obj (.econst:_CSMON_au8FileParameterListElementsCountInPartTable)
                  003f1bbc    00000004     rts2800_ml.lib : k_rem_pio2.c.obj (.econst:_init_jk)

.reset     0    003fffc0    00000002     DSECT
                  003fffc0    00000002     rts2800_ml.lib : boot28.asm.obj (.reset)

vectors    0    003fffc2    00000000     DSECT

DevEmuRegsFile 
*          1    00000880    00000004     UNINITIALIZED
                  00000880    00000004     F2806x_GlobalVariableDefs.obj (DevEmuRegsFile)

SysPwrCtrlRegsFile 
*          1    00000985    00000003     UNINITIALIZED
                  00000985    00000003     F2806x_GlobalVariableDefs.obj (SysPwrCtrlRegsFile)

FlashRegsFile 
*          1    00000a80    00000008     UNINITIALIZED
                  00000a80    00000008     F2806x_GlobalVariableDefs.obj (FlashRegsFile)

CsmRegsFile 
*          1    00000ae0    00000010     UNINITIALIZED
                  00000ae0    00000010     F2806x_GlobalVariableDefs.obj (CsmRegsFile)

AdcResultFile 
*          1    00000b00    00000010     UNINITIALIZED
                  00000b00    00000010     F2806x_GlobalVariableDefs.obj (AdcResultFile)

CpuTimer0RegsFile 
*          1    00000c00    00000008     UNINITIALIZED
                  00000c00    00000008     F2806x_GlobalVariableDefs.obj (CpuTimer0RegsFile)

CpuTimer1RegsFile 
*          1    00000c08    00000008     UNINITIALIZED
                  00000c08    00000008     F2806x_GlobalVariableDefs.obj (CpuTimer1RegsFile)

CpuTimer2RegsFile 
*          1    00000c10    00000008     UNINITIALIZED
                  00000c10    00000008     F2806x_GlobalVariableDefs.obj (CpuTimer2RegsFile)

PieCtrlRegsFile 
*          1    00000ce0    0000001a     UNINITIALIZED
                  00000ce0    0000001a     F2806x_GlobalVariableDefs.obj (PieCtrlRegsFile)

PieVectTableFile 
*          1    00000d00    00000100     UNINITIALIZED
                  00000d00    00000100     F2806x_GlobalVariableDefs.obj (PieVectTableFile)

EmuKeyVar 
*          1    00000d00    00000001     UNINITIALIZED
                  00000d00    00000001     F2806x_GlobalVariableDefs.obj (EmuKeyVar)

EmuBModeVar 
*          1    00000d01    00000001     UNINITIALIZED
                  00000d01    00000001     F2806x_GlobalVariableDefs.obj (EmuBModeVar)

FlashCallbackVar 
*          1    00000d02    00000002     UNINITIALIZED
                  00000d02    00000002     F2806x_GlobalVariableDefs.obj (FlashCallbackVar)

FlashScalingVar 
*          1    00000d04    00000002     UNINITIALIZED
                  00000d04    00000002     F2806x_GlobalVariableDefs.obj (FlashScalingVar)

DmaRegsFile 
*          1    00001000    000000e0     UNINITIALIZED
                  00001000    000000e0     F2806x_GlobalVariableDefs.obj (DmaRegsFile)

Cla1RegsFile 
*          1    00001400    00000040     UNINITIALIZED
                  00001400    00000040     F2806x_GlobalVariableDefs.obj (Cla1RegsFile)

Usb0RegsFile 
*          1    00004000    00000454     UNINITIALIZED
                  00004000    00000454     F2806x_GlobalVariableDefs.obj (Usb0RegsFile)

McbspaRegsFile 
*          1    00005000    00000024     UNINITIALIZED
                  00005000    00000024     F2806x_GlobalVariableDefs.obj (McbspaRegsFile)

ECanaRegsFile 
*          1    00006000    00000034     UNINITIALIZED
                  00006000    00000034     F2806x_GlobalVariableDefs.obj (ECanaRegsFile)

ECanaLAMRegsFile 
*          1    00006040    00000040     UNINITIALIZED
                  00006040    00000040     F2806x_GlobalVariableDefs.obj (ECanaLAMRegsFile)

ECanaMOTSRegsFile 
*          1    00006080    00000040     UNINITIALIZED
                  00006080    00000040     F2806x_GlobalVariableDefs.obj (ECanaMOTSRegsFile)

ECanaMOTORegsFile 
*          1    000060c0    00000040     UNINITIALIZED
                  000060c0    00000040     F2806x_GlobalVariableDefs.obj (ECanaMOTORegsFile)

ECanaMboxesFile 
*          1    00006100    00000100     UNINITIALIZED
                  00006100    00000100     F2806x_GlobalVariableDefs.obj (ECanaMboxesFile)

Comp1RegsFile 
*          1    00006400    00000014     UNINITIALIZED
                  00006400    00000014     F2806x_GlobalVariableDefs.obj (Comp1RegsFile)

Comp2RegsFile 
*          1    00006420    00000014     UNINITIALIZED
                  00006420    00000014     F2806x_GlobalVariableDefs.obj (Comp2RegsFile)

Comp3RegsFile 
*          1    00006440    00000014     UNINITIALIZED
                  00006440    00000014     F2806x_GlobalVariableDefs.obj (Comp3RegsFile)

EPwm1RegsFile 
*          1    00006800    00000040     UNINITIALIZED
                  00006800    00000040     F2806x_GlobalVariableDefs.obj (EPwm1RegsFile)

EPwm2RegsFile 
*          1    00006840    00000040     UNINITIALIZED
                  00006840    00000040     F2806x_GlobalVariableDefs.obj (EPwm2RegsFile)

EPwm3RegsFile 
*          1    00006880    00000040     UNINITIALIZED
                  00006880    00000040     F2806x_GlobalVariableDefs.obj (EPwm3RegsFile)

EPwm4RegsFile 
*          1    000068c0    00000040     UNINITIALIZED
                  000068c0    00000040     F2806x_GlobalVariableDefs.obj (EPwm4RegsFile)

EPwm5RegsFile 
*          1    00006900    00000040     UNINITIALIZED
                  00006900    00000040     F2806x_GlobalVariableDefs.obj (EPwm5RegsFile)

EPwm6RegsFile 
*          1    00006940    00000040     UNINITIALIZED
                  00006940    00000040     F2806x_GlobalVariableDefs.obj (EPwm6RegsFile)

EPwm7RegsFile 
*          1    00006980    00000040     UNINITIALIZED
                  00006980    00000040     F2806x_GlobalVariableDefs.obj (EPwm7RegsFile)

EPwm8RegsFile 
*          1    000069c0    00000040     UNINITIALIZED
                  000069c0    00000040     F2806x_GlobalVariableDefs.obj (EPwm8RegsFile)

ECap1RegsFile 
*          1    00006a00    00000020     UNINITIALIZED
                  00006a00    00000020     F2806x_GlobalVariableDefs.obj (ECap1RegsFile)

ECap2RegsFile 
*          1    00006a20    00000020     UNINITIALIZED
                  00006a20    00000020     F2806x_GlobalVariableDefs.obj (ECap2RegsFile)

ECap3RegsFile 
*          1    00006a40    00000020     UNINITIALIZED
                  00006a40    00000020     F2806x_GlobalVariableDefs.obj (ECap3RegsFile)

HRCap1RegsFile 
*          1    00006ac0    00000020     UNINITIALIZED
                  00006ac0    00000020     F2806x_GlobalVariableDefs.obj (HRCap1RegsFile)

HRCap2RegsFile 
*          1    00006ae0    00000020     UNINITIALIZED
                  00006ae0    00000020     F2806x_GlobalVariableDefs.obj (HRCap2RegsFile)

EQep1RegsFile 
*          1    00006b00    00000022     UNINITIALIZED
                  00006b00    00000022     F2806x_GlobalVariableDefs.obj (EQep1RegsFile)

EQep2RegsFile 
*          1    00006b40    00000022     UNINITIALIZED
                  00006b40    00000022     F2806x_GlobalVariableDefs.obj (EQep2RegsFile)

HRCap3RegsFile 
*          1    00006c80    00000020     UNINITIALIZED
                  00006c80    00000020     F2806x_GlobalVariableDefs.obj (HRCap3RegsFile)

HRCap4RegsFile 
*          1    00006ca0    00000020     UNINITIALIZED
                  00006ca0    00000020     F2806x_GlobalVariableDefs.obj (HRCap4RegsFile)

GpioCtrlRegsFile 
*          1    00006f80    00000040     UNINITIALIZED
                  00006f80    00000040     F2806x_GlobalVariableDefs.obj (GpioCtrlRegsFile)

GpioDataRegsFile 
*          1    00006fc0    00000020     UNINITIALIZED
                  00006fc0    00000020     F2806x_GlobalVariableDefs.obj (GpioDataRegsFile)

GpioIntRegsFile 
*          1    00006fe0    00000020     UNINITIALIZED
                  00006fe0    00000020     F2806x_GlobalVariableDefs.obj (GpioIntRegsFile)

SysCtrlRegsFile 
*          1    00007010    00000030     UNINITIALIZED
                  00007010    00000030     F2806x_GlobalVariableDefs.obj (SysCtrlRegsFile)

SpiaRegsFile 
*          1    00007040    00000010     UNINITIALIZED
                  00007040    00000010     F2806x_GlobalVariableDefs.obj (SpiaRegsFile)

SciaRegsFile 
*          1    00007050    00000010     UNINITIALIZED
                  00007050    00000010     F2806x_GlobalVariableDefs.obj (SciaRegsFile)

NmiIntruptRegsFile 
*          1    00007060    00000010     UNINITIALIZED
                  00007060    00000010     F2806x_GlobalVariableDefs.obj (NmiIntruptRegsFile)

XIntruptRegsFile 
*          1    00007070    00000010     UNINITIALIZED
                  00007070    00000010     F2806x_GlobalVariableDefs.obj (XIntruptRegsFile)

AdcRegsFile 
*          1    00007100    00000050     UNINITIALIZED
                  00007100    00000050     F2806x_GlobalVariableDefs.obj (AdcRegsFile)

SpibRegsFile 
*          1    00007740    00000010     UNINITIALIZED
                  00007740    00000010     F2806x_GlobalVariableDefs.obj (SpibRegsFile)

ScibRegsFile 
*          1    00007750    00000010     UNINITIALIZED
                  00007750    00000010     F2806x_GlobalVariableDefs.obj (ScibRegsFile)

I2caRegsFile 
*          1    00007900    00000022     UNINITIALIZED
                  00007900    00000022     F2806x_GlobalVariableDefs.obj (I2caRegsFile)

PartIdRegsFile 
*          1    003d7e80    00000001     UNINITIALIZED
                  003d7e80    00000001     F2806x_GlobalVariableDefs.obj (PartIdRegsFile)

CsmPwlFile 
*          1    003f7ff8    00000008     UNINITIALIZED
                  003f7ff8    00000008     F2806x_GlobalVariableDefs.obj (CsmPwlFile)

.ebss.1    1    00008c00    00000400     UNINITIALIZED
[...]
003ea92a  local     $30 (.text)
003ea958  local     $35 (.text)
003ea987  local     $40 (.text)
003ea8e9  local     $5_$2 (.text)
00000000  local     .bss (.bss)
00000000  local     .data (.data)
003ea8d5  local     .text (.text)
003ea8f9  local     CHECK_SIGN1 (.text)
003ea934  local     CHECK_SIGN2 (.text)
003ea96c  local     DGT3 (.text)
003ea96e  local     DIVUDenHighZero (.text)
003ea903  local     EQ0 (.text)
003ea8fe  local     EQ1 (.text)
003ea93c  local     EQ2 (.text)
003ea967  local     EQ3 (.text)
003ea998  local     EQ4 (.text)
003ea8d5  global    LL$$DIV (.text)
003ea911  global    LL$$MOD (.text)
003ea9b7  local     LOOP (.text)
003ea9a6  local     MAINDIV (.text)
003ea9c5  local     MD_NEQ (.text)
003ea99a  local     MODUDenHighZero (.text)
003ea8fc  local     RET1 (.text)
003ea937  local     RET2 (.text)
003ea965  local     RET3 (.text)
003ea994  local     RET4 (.text)
003ea939  local     RET_NUM1 (.text)
003ea996  local     RET_NUM2 (.text)
003ea905  local     SDIVUDenHighZero (.text)
003ea9cf  local     SKIP (.text)
003ea9d1  local     SKIP1 (.text)
003ea93f  local     SMODUDenHighZero (.text)
003ea94b  global    ULL$$DIV (.text)
003ea97a  global    ULL$$MOD (.text)


================================================================================

rts2800_ml.lib : u_div28.asm.obj

Run/Load            
Value     Binding   Name (Section)
--------  --------  ---------------
00000000  local     .bss (.bss)
00000000  local     .data (.data)
003edaf7  local     .text (.text)
003edaf7  global    U$$DIV (.text)
003edafc  global    U$$MOD (.text)


================================================================================

rts2800_ml.lib : u_tofd28.asm.obj

Run/Load            
Value     Binding   Name (Section)
--------  --------  ---------------
00000000  local     .bss (.bss)
00000000  local     .data (.data)
003ed66e  local     .text (.text)
003ed67b  local     NORMALIZE (.text)
003ed683  local     OP_ZERO (.text)
003ed67d  local     PACK (.text)
003ed682  local     RETURN (.text)
003ed680  local     RETURN_VALUE (.text)
003ed66e  global    U$$TOFD (.text)


================================================================================

rts2800_ml.lib : u_tofs28.asm.obj

Run/Load            
Value     Binding   Name (Section)
--------  --------  ---------------
00000000  local     .bss (.bss)
00000000  local     .data (.data)
003ed8d2  local     .text (.text)
003ed8e1  local     RESTORE (.text)
003ed8d2  global    U$$TOFS (.text)
003ed8e1  local     ZERO (.text)


================================================================================

rts2800_ml.lib : l_tofs28.asm.obj

Run/Load            
Value     Binding   Name (Section)
--------  --------  ---------------
00000000  local     .bss (.bss)
00000000  local     .data (.data)
003ed4ed  local     .text (.text)
003ed4ed  global    L$$TOFS (.text)
003ed503  local     OVERFLOW (.text)
003ed502  local     RETURN (.text)
003ed502  local     ZERO (.text)


================================================================================

rts2800_ml.lib : ul_tofs28.asm.obj

Run/Load            
Value     Binding   Name (Section)
--------  --------  ---------------
00000000  local     .bss (.bss)
00000000  local     .data (.data)
003ed77c  local     .text (.text)
003ed784  local     LEFT_SHIFT (.text)
003ed786  local     PACK (.text)
003ed78e  local     RETURN (.text)
003ed77c  global    UL$$TOFS (.text)
003ed78e  local     ZERO (.text)


================================================================================

rts2800_ml.lib : prolog28.asm.obj

Run/Load            
Value     Binding   Name (Section)
--------  --------  ---------------
00000000  local     .bss (.bss)
00000000  local     .data (.data)
003ed56b  local     .text (.text)
003ed56b  global    _prolog_c28x_1 (.text)
003ed56f  global    _prolog_c28x_2 (.text)
003ed577  global    _prolog_c28x_3 (.text)


================================================================================

rts2800_ml.lib : fs_tofd28.asm.obj

Run/Load            
Value     Binding   Name (Section)
--------  --------  ---------------
00000000  local     .bss (.bss)
00000000  local     .data (.data)
003ed3e2  local     .text (.text)
003ed3e2  global    FS$$TOFD (.text)
003ed3f6  local     OVERFLOW (.text)
003ed3f5  local     RETURN (.text)
003ed3f3  local     RETURN_VALUE (.text)
003ed3fc  local     UNDERFLOW (.text)


================================================================================

rts2800_ml.lib : fd_div28.asm.obj

Run/Load            
Value     Binding   Name (Section)
--------  --------  ---------------
003ebb44  local     $1_$3 (.text)
003ebb4f  local     $2_$3 (.text)
00000000  local     .bss (.bss)
00000000  local     .data (.data)
003ebb08  local     .text (.text)
003ebb5e  local     DIV_END (.text)
003ebb3f  local     DIV_START (.text)
003ebb08  global    FD$$DIV (.text)
003ebb61  local     NORMALIZE (.text)
003ebb8b  local     OVERFLOW (.text)
003ebb86  local     RETURN (.text)
003ebb84  local     RETURN_VALUE (.text)
003ebb76  local     RND64_SET_MANT$3$ (.text)
003ebb6a  local     ROUND (.text)
003ebb91  local     UNDERFLOW (.text)


================================================================================

rts2800_ml.lib : cpy_tbl.c.obj

Run/Load            
Value     Binding   Name (Section)
--------  --------  ---------------
003ed073  local     $C$L1 (.text)
003ed086  local     $C$L2 (.text)
003ed087  local     $C$L3 (.text)
00000000  local     .bss (.bss)
00000000  local     .data (.data)
003ed06b  local     .text (.text)
003ed06b  global    _copy_in (.text)


================================================================================

rts2800_ml.lib : memcpy.c.obj

Run/Load            
Value     Binding   Name (Section)
--------  --------  ---------------
003ed35b  local     $C$L1 (.text)
003ed35f  local     $C$L2 (.text)
003ed366  local     $C$L3 (.text)
003ed368  local     $C$L4 (.text)
003ed370  local     $C$L5 (.text)
00000000  local     .bss (.bss)
00000000  local     .data (.data)
003ed355  local     .text (.text)
003ed355  global    _memcpy (.text)


================================================================================

rts2800_ml.lib : pre_init.c.obj

Run/Load            
Value     Binding   Name (Section)
--------  --------  ---------------
00000000  local     .bss (.bss)
00000000  local     .data (.data)
003ee085  local     .text (.text)
003ee085  global    __system_pre_init (.text)


================================================================================

rts2800_ml.lib : startup.c.obj

Run/Load            
Value     Binding   Name (Section)
--------  --------  ---------------
00000000  local     .bss (.bss)
00000000  local     .data (.data)
003ee089  local     .text (.text)
003ee089  global    __system_post_cinit (.text)


================================================================================

rts2800_ml.lib : e_rem_pio2f.c.obj

Run/Load            
Value     Binding   Name (Section)
--------  --------  ---------------
003f1b28  local     $C$FL1 (.econst)
003f1b2c  local     $C$FL2 (.econst)
003f1b30  local     $C$FL3 (.econst)
003f1b34  local     $C$FL4 (.econst)
003eb4d5  local     $C$L1 (.text)
003eb4e3  local     $C$L2 (.text)
003eb50f  local     $C$L3 (.text)
003eb514  local     $C$L4 (.text)
00000000  local     .bss (.bss)
00000000  local     .data (.data)
003f1b1c  local     .econst (.econst)
003eb472  local     .text (.text)
003eb472  global    ___rem_pio2f (.text)
003f1b1c  local     _invpio2 (.econst)
003f1b20  local     _pio2_1 (.econst)
003f1b24  local     _pio2_1t (.econst)


================================================================================

rts2800_ml.lib : k_rem_pio2.c.obj

Run/Load            
Value     Binding   Name (Section)
--------  --------  ---------------
003f1a98  local     $C$FL1 (.econst)
003f1a9c  local     $C$FL2 (.econst)
003f1aa0  local     $C$FL3 (.econst)
003f1aa4  local     $C$FL4 (.econst)
003f1aa8  local     $C$FL5 (.econst)
003f1aac  local     $C$FL6 (.econst)
003f1ab0  local     $C$FL7 (.econst)
003e9a64  local     $C$L1 (.text)
003e9b1e  local     $C$L10 (.text)
003e9b4b  local     $C$L11 (.text)
003e9b6b  local     $C$L12 (.text)
003e9b90  local     $C$L13 (.text)
003e9baf  local     $C$L14 (.text)
003e9bb6  local     $C$L15 (.text)
003e9bd3  local     $C$L16 (.text)
003e9c21  local     $C$L17 (.text)
003e9c8d  local     $C$L18 (.text)
003e9c91  local     $C$L19 (.text)
003e9a8c  local     $C$L2 (.text)
003e9c9f  local     $C$L20 (.text)
003e9cc8  local     $C$L21 (.text)
003e9ccd  local     $C$L22 (.text)
003e9cd8  local     $C$L23 (.text)
003e9ce4  local     $C$L24 (.text)
003e9ce9  local     $C$L25 (.text)
003e9cef  local     $C$L26 (.text)
003e9d0c  local     $C$L27 (.text)
003e9d18  local     $C$L28 (.text)
003e9d43  local     $C$L29 (.text)
003e9a97  local     $C$L3 (.text)
003e9d71  local     $C$L30 (.text)
003e9dbc  local     $C$L31 (.text)
003e9dc1  local     $C$L32 (.text)
003e9dd9  local     $C$L33 (.text)
003e9de3  local     $C$L34 (.text)
003e9df2  local     $C$L35 (.text)
003e9dfc  local     $C$L36 (.text)
003e9e17  local     $C$L37 (.text)
003e9e27  local     $C$L38 (.text)
003e9e29  local     $C$L39 (.text)
003e9aa3  local     $C$L4 (.text)
003e9e49  local     $C$L40 (.text)
003e9e71  local     $C$L41 (.text)
003e9e88  local     $C$L42 (.text)
003e9e9c  local     $C$L43 (.text)
003e9eca  local     $C$L44 (.text)
003e9ee8  local     $C$L45 (.text)
003e9f06  local     $C$L46 (.text)
003e9f55  local     $C$L47 (.text)
003e9f8f  local     $C$L48 (.text)
003e9fa7  local     $C$L49 (.text)
003e9ab4  local     $C$L5 (.text)
003e9fb8  local     $C$L50 (.text)
003e9fd5  local     $C$L51 (.text)
003e9ff0  local     $C$L52 (.text)
003ea003  local     $C$L53 (.text)
003ea014  local     $C$L54 (.text)
003ea022  local     $C$L55 (.text)
003ea02c  local     $C$L56 (.text)
003ea04d  local     $C$L57 (.text)
003ea05e  local     $C$L58 (.text)
003ea06c  local     $C$L59 (.text)
003e9ac0  local     $C$L6 (.text)
003ea076  local     $C$L60 (.text)
003ea080  local     $C$L61 (.text)
003ea093  local     $C$L62 (.text)
003ea0a4  local     $C$L63 (.text)
003ea0b2  local     $C$L64 (.text)
003ea0bc  local     $C$L65 (.text)
003ea0c5  local     $C$L66 (.text)
003e9add  local     $C$L7 (.text)
003e9b02  local     $C$L8 (.text)
003e9b17  local     $C$L9 (.text)
00000000  local     .bss (.bss)
00000000  local     .data (.data)
003f1a88  local     .econst (.econst)
003f1adc  local     .econst:_PIo2 (.econst:_PIo2)
003f1bbc  local     .econst:_init_jk (.econst:_init_jk)
003f19b4  local     .econst:_ipio2 (.econst:_ipio2)
003e9a36  local     .text (.text)
003f1adc  local     _PIo2 (.econst:_PIo2)
003e9a36  global    ___kernel_rem_pio2 (.text)
003f1bbc  local     _init_jk (.econst:_init_jk)
003f19b4  local     _ipio2 (.econst:_ipio2)
003f1a8c  local     _one (.econst)
003f1a90  local     _two24 (.econst)
003f1a94  local     _twon24 (.econst)
003f1a88  local     _zero (.econst)


================================================================================

rts2800_ml.lib : exit.c.obj

Run/Load            
Value     Binding   Name (Section)
--------  --------  ---------------
003ecd5f  local     $C$L1 (.text)
003ecd72  local     $C$L2 (.text)
003ecd7d  local     $C$L3 (.text)
003ecd83  local     $C$L4 (.text)
00000000  local     .bss (.bss)
003f2209  local     .cinit (.cinit)
00000000  local     .data (.data)
0000c0a8  local     .ebss (.ebss)
003ecd5e  local     .text (.text)
003ecd5e  global    C$$EXIT (.text)
0000c0aa  global    ___TI_cleanup_ptr (.ebss)
0000c0ac  global    ___TI_dtors_ptr (.ebss)
0000c0a8  global    ___TI_enable_exit_profile_output (.ebss)
003ecd5e  global    _abort (.text)
003ecd60  global    _exit (.text)


================================================================================

rts2800_ml.lib : _lock.c.obj

Run/Load            
Value     Binding   Name (Section)
--------  --------  ---------------
00000000  local     .bss (.bss)
003f2397  local     .cinit:__lock (.cinit:__lock)
003f239c  local     .cinit:__unlock (.cinit:__unlock)
00000000  local     .data (.data)
0000c0be  local     .ebss:__lock (.ebss:__lock)
0000c0e4  local     .ebss:__unlock (.ebss:__unlock)
003edba7  local     .text (.text)
0000c0be  global    __lock (.ebss:__lock)
003edbaf  global    __nop (.text)
003edbab  global    __register_lock (.text)
003edba7  global    __register_unlock (.text)
0000c0e4  global    __unlock (.ebss:__unlock)


================================================================================

rts2800_ml.lib : args_main.c.obj

Run/Load            
Value     Binding   Name (Section)
--------  --------  ---------------
003ed85c  local     $C$L1 (.text)
003ed85f  local     $C$L2 (.text)
00000000  local     .bss (.bss)
00000000  local     .data (.data)
003ed851  local     .text (.text)
003ed851  global    __args_main (.text)


================================================================================

rts2800_ml.lib : s_floor.c.obj

Run/Load            
Value     Binding   Name (Section)
--------  --------  ---------------
003f1bae  local     $C$FL1 (.econst)
003f1bb2  local     $C$FL2 (.econst)
003eadeb  local     $C$L1 (.text)
003eae43  local     $C$L10 (.text)
003eae63  local     $C$L11 (.text)
003eae65  local     $C$L12 (.text)
003eae71  local     $C$L13 (.text)
003eae76  local     $C$L14 (.text)
003eadf0  local     $C$L2 (.text)
003eadf1  local     $C$L3 (.text)
003eadf9  local     $C$L4 (.text)
003eae0c  local     $C$L5 (.text)
003eae1b  local     $C$L6 (.text)
003eae1e  local     $C$L7 (.text)
003eae3a  local     $C$L8 (.text)
003eae40  local     $C$L9 (.text)
00000000  local     .bss (.bss)
00000000  local     .data (.data)
003f1baa  local     .econst (.econst)
003ead93  local     .text (.text)
003ead93  global    _floorl (.text)
003f1baa  local     _huge (.econst)


================================================================================

rts2800_ml.lib : s_scalbn.c.obj

Run/Load            
Value     Binding   Name (Section)
--------  --------  ---------------
003f1b44  local     $C$FL1 (.econst)
003f1b48  local     $C$FL2 (.econst)
003f1b4c  local     $C$FL3 (.econst)
003f1b50  local     $C$FL4 (.econst)
003eb3ee  local     $C$L1 (.text)
003eb407  local     $C$L2 (.text)
003eb419  local     $C$L3 (.text)
003eb424  local     $C$L4 (.text)
003eb439  local     $C$L5 (.text)
003eb43f  local     $C$L6 (.text)
003eb44a  local     $C$L7 (.text)
003eb46a  local     $C$L8 (.text)
003eb46e  local     $C$L9 (.text)
00000000  local     .bss (.bss)
00000000  local     .data (.data)
003f1b38  local     .econst (.econst)
003eb3c8  local     .text (.text)
003eb3c8  global    _ldexpl (.text)
003eb3c8  global    _scalbnl (.text)
003f1b40  local     _tiny (.econst)
003f1b38  local     _two54 (.econst)
003f1b3c  local     _twom54 (.econst)


================================================================================

rts2800_ml.lib : s_copysign.c.obj

Run/Load            
Value     Binding   Name (Section)
--------  --------  ---------------
003ed13c  local     $C$L1 (.text)
00000000  local     .bss (.bss)
00000000  local     .data (.data)
003ed11b  local     .text (.text)
003ed11b  global    _copysignl (.text)


================================================================================

rts2800_ml.lib : k_cosf.c.obj

Run/Load            
Value     Binding   Name (Section)
--------  --------  ---------------
003f1ac8  local     $C$FL1 (.econst)
003f1acc  local     $C$FL2 (.econst)
003f1ad0  local     $C$FL3 (.econst)
003f1ad4  local     $C$FL4 (.econst)
003f1ad8  local     $C$FL5 (.econst)
00000000  local     .bss (.bss)
00000000  local     .data (.data)
003f1ab4  local     .econst (.econst)
003ebc1a  local     .text (.text)
003f1ab8  local     _C0 (.econst)
003f1abc  local     _C1 (.econst)
003f1ac0  local     _C2 (.econst)
003f1ac4  local     _C3 (.econst)
003ebc1a  global    ___kernel_cosdf (.text)
003f1ab4  local     _one (.econst)


================================================================================

rts2800_ml.lib : k_sinf.c.obj

Run/Load            
Value     Binding   Name (Section)
--------  --------  ---------------
003f1b0c  local     $C$FL1 (.econst)
003f1b10  local     $C$FL2 (.econst)
003f1b14  local     $C$FL3 (.econst)
003f1b18  local     $C$FL4 (.econst)
00000000  local     .bss (.bss)
00000000  local     .data (.data)
003f1afc  local     .econst (.econst)
003eb9e6  local     .text (.text)
003f1afc  local     _S1 (.econst)
003f1b00  local     _S2 (.econst)
003f1b04  local     _S3 (.econst)
003f1b08  local     _S4 (.econst)
003eb9e6  global    ___kernel_sindf (.text)


================================================================================

rts2800_ml.lib : fd_cmp28.asm.obj

Run/Load            
Value     Binding   Name (Section)
--------  --------  ---------------
00000000  local     .bss (.bss)
00000000  local     .data (.data)
003ecd34  local     .text (.text)
003ecd44  local     CHECK_INF (.text)
003ecd34  global    FD$$CMP (.text)
003ecd5b  local     NO_NEG (.text)
003ecd5c  local     OP_EQUAL (.text)
003ecd54  local     RETURN (.text)


================================================================================

rts2800_ml.lib : fd_tol28.asm.obj

Run/Load            
Value     Binding   Name (Section)
--------  --------  ---------------
00000000  local     .bss (.bss)
00000000  local     .data (.data)
003ed2c2  local     .text (.text)
003ed2c2  global    FD$$TOL (.text)
003ed2db  local     OVERFLOW (.text)
003ed2da  local     RETURN_VALUE (.text)
003ed2df  local     UNDERFLOW (.text)


================================================================================

rts2800_ml.lib : ll_aox28.asm.obj

Run/Load            
Value     Binding   Name (Section)
--------  --------  ---------------
00000000  local     .bss (.bss)
00000000  local     .data (.data)
003ed5cc  local     .text (.text)
003ed5cc  global    LL$$AND (.text)
003ed5d4  global    LL$$OR (.text)
003ed5dc  global    LL$$XOR (.text)


================================================================================

rts2800_ml.lib : i_div28.asm.obj

Run/Load            
Value     Binding   Name (Section)
--------  --------  ---------------
00000000  local     .bss (.bss)
00000000  local     .data (.data)
003ed13e  local     .text (.text)
003ed13e  global    I$$DIV (.text)
003ed14f  global    I$$MOD (.text)
003ed14e  local     RET1 (.text)
003ed15e  local     RET2 (.text)


================================================================================

rts2800_ml.lib : l_tofd28.asm.obj

Run/Load            
Value     Binding   Name (Section)
--------  --------  ---------------
003ed40c  local     $10 (.text)
00000000  local     .bss (.bss)
00000000  local     .data (.data)
003ed3fe  local     .text (.text)
003ed3fe  global    L$$TOFD (.text)
003ed418  local     OP_ZERO (.text)
003ed417  local     RETURN (.text)
003ed415  local     RETURN_VALUE (.text)


================================================================================

rts2800_ml.lib : fd_tofs28.asm.obj

Run/Load            
Value     Binding   Name (Section)
--------  --------  ---------------
00000000  local     .bss (.bss)
00000000  local     .data (.data)
003ed1c3  local     .text (.text)
003ed1d0  local     EXP_EVAL (.text)
003ed1c3  global    FD$$TOFS (.text)
003ed1dc  local     OVERFLOW (.text)
003ed1db  local     RETURN_VALUE (.text)
003ed1e2  local     UNDERFLOW (.text)


================================================================================

rts2800_ml.lib : errno.c.obj

Run/Load            
Value     Binding   Name (Section)
--------  --------  ---------------
00000000  local     .bss (.bss)
003f23eb  local     .cinit (.cinit)
00000000  local     .data (.data)
0000c102  local     .ebss (.ebss)
00000000  local     .text (.text)
0000c102  global    _errno (.ebss)


================================================================================

