******************************************************************************
             TMS320C2000 Linker PC v22.6.0                     
******************************************************************************
>> Linked Fri Sep 30 16:31:59 2022

OUTPUT FILE NAME:   <../../../04_Output_Files/Motor28062/TEST_CSMON_C28xx.out>
ENTRY POINT SYMBOL: "_c_int00"  address: 003edab1


MEMORY CONFIGURATION

         name            origin    length      used     unused   attr    fill
----------------------  --------  ---------  --------  --------  ----  --------
PAGE 0:
  RAML0                 00008000   00000800  00000029  000007d7  RWIX
  RAML1                 00008800   00000400  00000000  00000400  RWIX
  OTP                   003d7800   00000400  00000000  00000400  RWIX
  FLASH_APP             003e8000   0000dff0  0000aed4  0000311c  RWIX
  CSM_RSVD              003f7f80   00000076  00000076  00000000  RWIX
  BEGIN                 003f7ff6   00000002  00000000  00000002  RWIX
  CSM_PWL_P0            003f7ff8   00000008  00000008  00000000  RWIX
  FPUTABLES             003fd590   000006a0  00000000  000006a0  RWIX
  IQTABLES              003fdf00   00000b50  00000000  00000b50  RWIX
  IQTABLES2             003fea50   0000008c  00000000  0000008c  RWIX
  IQTABLES3             003feadc   000000aa  00000000  000000aa  RWIX
  ROM                   003ff3b0   00000c10  00000000  00000c10  RWIX
  RESET                 003fffc0   00000002  00000000  00000002  RWIX
  VECTORS               003fffc2   0000003e  00000000  0000003e  RWIX

PAGE 1:
  BOOT_RSVD             00000000   00000050  00000000  00000050  RWIX
  RAMM0                 00000050   000003b0  00000380  00000030  RWIX
  RAMM1                 00000400   00000400  00000000  00000400  RWIX
  DEV_EMU               00000880   00000105  00000004  00000101  RWIX
  SYS_PWR_CTL           00000985   00000003  00000003  00000000  RWIX
  FLASH_REGS            00000a80   00000060  00000008  00000058  RWIX
  CSM                   00000ae0   00000020  00000010  00000010  RWIX
  ADC_RESULT            00000b00   00000020  00000010  00000010  RWIX
  CPU_TIMER0            00000c00   00000008  00000008  00000000  RWIX
  CPU_TIMER1            00000c08   00000008  00000008  00000000  RWIX
  CPU_TIMER2            00000c10   00000008  00000008  00000000  RWIX
  PIE_CTRL              00000ce0   00000020  0000001a  00000006  RWIX
  PIE_VECT              00000d00   00000100  00000100  00000000  RWIX
  DMA                   00001000   00000200  000000e0  00000120  RWIX
  CLA1                  00001400   00000080  00000040  00000040  RWIX
  USB0                  00004000   00001000  00000454  00000bac  RWIX
  McBSPA                00005000   00000040  00000024  0000001c  RWIX
  ECANA                 00006000   00000040  00000034  0000000c  RWIX
  ECANA_LAM             00006040   00000040  00000040  00000000  RWIX
  ECANA_MOTS            00006080   00000040  00000040  00000000  RWIX
  ECANA_MOTO            000060c0   00000040  00000040  00000000  RWIX
  ECANA_MBOX            00006100   00000100  00000100  00000000  RWIX
  COMP1                 00006400   00000020  00000014  0000000c  RWIX
  COMP2                 00006420   00000020  00000014  0000000c  RWIX
  COMP3                 00006440   00000020  00000014  0000000c  RWIX
  EPWM1                 00006800   00000040  00000040  00000000  RWIX
  EPWM2                 00006840   00000040  00000040  00000000  RWIX
  EPWM3                 00006880   00000040  00000040  00000000  RWIX
  EPWM4                 000068c0   00000040  00000040  00000000  RWIX
  EPWM5                 00006900   00000040  00000040  00000000  RWIX
  EPWM6                 00006940   00000040  00000040  00000000  RWIX
  EPWM7                 00006980   00000040  00000040  00000000  RWIX
  EPWM8                 000069c0   00000040  00000040  00000000  RWIX
  ECAP1                 00006a00   00000020  00000020  00000000  RWIX
  ECAP2                 00006a20   00000020  00000020  00000000  RWIX
  ECAP3                 00006a40   00000020  00000020  00000000  RWIX
  HRCAP1                00006ac0   00000020  00000020  00000000  RWIX
  HRCAP2                00006ae0   00000020  00000020  00000000  RWIX
  EQEP1                 00006b00   00000040  00000022  0000001e  RWIX
  EQEP2                 00006b40   00000040  00000022  0000001e  RWIX
  HRCAP3                00006c80   00000020  00000020  00000000  RWIX
  HRCAP4                00006ca0   00000020  00000020  00000000  RWIX
  GPIOCTRL              00006f80   00000040  00000040  00000000  RWIX
  GPIODAT               00006fc0   00000020  00000020  00000000  RWIX
  GPIOINT               00006fe0   00000020  00000020  00000000  RWIX
  SYSTEM                00007010   00000030  00000030  00000000  RWIX
  SPIA                  00007040   00000010  00000010  00000000  RWIX
  SCIA                  00007050   00000010  00000010  00000000  RWIX
  NMIINTRUPT            00007060   00000010  00000010  00000000  RWIX
  XINTRUPT              00007070   00000010  00000010  00000000  RWIX
  ADC                   00007100   00000080  00000050  00000030  RWIX
  SPIB                  00007740   00000010  00000010  00000000  RWIX
  SCIB                  00007750   00000010  00000010  00000000  RWIX
  I2CA                  00007900   00000040  00000022  0000001e  RWIX
  RAML2                 00008c00   00000400  00000000  00000400  RWIX
  RAML3                 00009000   00001000  00000000  00001000  RWIX
  RAML4                 0000a000   00002000  00002000  00000000  RWIX
  RAML5                 0000c000   00002000  000018bc  00000744  RWIX
  RAML6                 0000e000   00002000  00000000  00002000  RWIX
  RAML7                 00010000   00002000  00000000  00002000  RWIX
  RAML8                 00012000   00002000  00000000  00002000  RWIX
  USB_RAM               00040000   00000800  00000000  00000800  RWIX
  PARTID                003d7e80   00000001  00000001  00000000  RWIX
  CSM_PWL               003f7ff8   00000008  00000008  00000000  RWIX


SECTION ALLOCATION MAP

 output                                  attributes/
section   page    origin      length       input sections
--------  ----  ----------  ----------   ----------------
.cinit     0    003f2594    00000920     
                  003f2594    0000021f     CSMON_C28xx.lib : hmmodbus.obj (.cinit)
                  003f27b3    0000013e     main.obj (.cinit)
                  003f28f1    000000ca     CSMON_C28xx.lib : csmon.obj (.cinit)
                  003f29bb    000000c3                     : modbusreg.obj (.cinit:_QueueTestTable)
                  003f2a7e    00000078                     : modbusreg.obj (.cinit)
                  003f2af6    0000003f                     : csmon.obj (.cinit:_CSMON_au8FileRecorderDataElementsSizeTable)
                  003f2b35    00000033                     : hmrecparam.obj (.cinit:_sRecStatusParam)
                  003f2b68    00000030                     : csmon.obj (.cinit:_CSMON_au8FileRecorderConfigElementsSizeTable)
                  003f2b98    0000002b                     : csmon.obj (.cinit:_CSMON_au8FileScopeConfigurationElementsSizeTable)
                  003f2bc3    0000001f                     : hmrecparam.obj (.cinit:_sRecStatusParamInternal)
                  003f2be2    00000016     main.obj (.cinit:_sExternalRecoderHandle)
                  003f2bf8    00000015     CSMON_C28xx.lib : csmon.obj (.cinit:_CSMON_sFileAutorization)
                  003f2c0d    00000014                     : hmdrv.obj (.cinit)
                  003f2c21    00000014                     : hmprotocol.obj (.cinit)
                  003f2c35    00000013                     : modbusreg.obj (.cinit:_MODBUSREG_au8DeviceIDUserApplicationName)
                  003f2c48    00000013                     : modbusreg.obj (.cinit:_MODBUSREG_au8DeviceIDVendorUrl)
                  003f2c5b    00000013                     : modbusreg.obj (.cinit:_MODBUSREG_au8ServerIDData)
                  003f2c6e    00000010     rtc_drv.obj (.cinit)
                  003f2c7e    0000000f     CSMON_C28xx.lib : csmon.obj (.cinit:_CSMON_sDateTime)
                  003f2c8d    0000000f                     : csmon.obj (.cinit:_CSMON_sDateTimeApplication)
                  003f2c9c    0000000f                     : csmon.obj (.cinit:_CSMON_sDateTimeDefault)
                  003f2cab    0000000f                     : modbusreg.obj (.cinit:_MODBUSREG_au8DeviceIDModelName)
                  003f2cba    0000000f     device.obj (.cinit)
                  003f2cc9    0000000e     rts2800_ml.lib : exit.c.obj (.cinit)
                  003f2cd7    0000000d     CSMON_C28xx.lib : csmon.obj (.cinit:_CSMON_au8FileParameterCountElementsSizeTable)
                  003f2ce4    0000000d                     : csmon.obj (.cinit:_CSMON_au8FileRTCElementsSizeTable)
                  003f2cf1    0000000d                     : csmon.obj (.cinit:_sHashKey)
                  003f2cfe    0000000d     tmr_drv.obj (.cinit)
                  003f2d0b    0000000c     CSMON_C28xx.lib : csmon.obj (.cinit:_CSMON_au8FileParameterNumericElementsSizeTable)
                  003f2d17    0000000c                     : modbusreg.obj (.cinit:_MODBUSREG_au8DeviceIDProductName)
                  003f2d23    0000000c                     : modbusreg.obj (.cinit:_MODBUSREG_au8DeviceIDUserReserve0)
                  003f2d2f    0000000c                     : modbusreg.obj (.cinit:_MODBUSREG_au8DeviceIDUserReserve1)
                  003f2d3b    0000000c                     : modbusreg.obj (.cinit:_MODBUSREG_au8DeviceIDUserReserve2)
                  003f2d47    0000000c                     : modbusreg.obj (.cinit:_MODBUSREG_au8DeviceIDVendorName)
                  003f2d53    0000000c     io_drv.obj (.cinit)
                  003f2d5f    0000000b     CSMON_C28xx.lib : hmrecparam.obj (.cinit:_HMRECPRM_sDateTime)
                  003f2d6a    0000000b     main.obj (.cinit:_MAIN_sDateTimeGet)
                  003f2d75    0000000b     main.obj (.cinit:_MAIN_sDateTimeSet)
                  003f2d80    0000000b     uart_driver.obj (.cinit:_UART_DRV_RXIntOverflowCounter)
                  003f2d8b    0000000b     uart_driver.obj (.cinit:_UART_DRV_u32TimeDiffLast)
                  003f2d96    0000000b     uart_driver.obj (.cinit:_UART_DRV_u32TimeDiffNow)
                  003f2da1    0000000b     CSMON_C28xx.lib : uart_drv.obj (.cinit:_UART_RXIntOverflowCounter)
                  003f2dac    0000000b     tmr_drv.obj (.cinit:_pfDelayedFunction)
                  003f2db7    0000000b     tmr_drv.obj (.cinit:_pfDelayedFunction_u8)
                  003f2dc2    0000000b     CSMON_C28xx.lib : uart_drv.obj (.cinit:_u32TimeDiffLast)
                  003f2dcd    0000000b                     : uart_drv.obj (.cinit:_u32TimeDiffNow)
                  003f2dd8    0000000b                     : uart_drv.obj (.cinit:_u32TimeDiffRead)
                  003f2de3    00000009                     : hmserial.obj (.cinit)
                  003f2dec    00000009                     : csmon.obj (.cinit:_CSMON_au32FileAutorization_FunctionAfterWriteFileRecord)
                  003f2df5    00000009                     : csmon.obj (.cinit:_CSMON_sFileParameterCount)
                  003f2dfe    00000009                     : hmscopeparam.obj (.cinit:_pBufferScope)
                  003f2e07    00000008                     : hmlib.obj (.cinit)
                  003f2e0f    00000007                     : csmon.obj (.cinit:_CSMON_au8FileParameterListElementsSizeTablePart1)
                  003f2e16    00000007                     : csmon.obj (.cinit:_CSMON_au8FileRecorderStatusElementsSizeTable)
                  003f2e1d    00000007                     : modbusreg.obj (.cinit:_MODBUSREG_au8DeviceIDMajorMinorRevision)
                  003f2e24    00000007                     : modbusreg.obj (.cinit:_MODBUSREG_au8DeviceIDProductCode)
                  003f2e2b    00000007                     : uart_drv.obj (.cinit:_UARTRxBufferRDCount)
                  003f2e32    00000007                     : uart_drv.obj (.cinit:_UARTRxBufferRDIndex)
                  003f2e39    00000007                     : uart_drv.obj (.cinit:_UARTRxBufferWRCount)
                  003f2e40    00000007                     : uart_drv.obj (.cinit:_UARTRxBufferWRIndex)
                  003f2e47    00000007     uart_driver.obj (.cinit:_UART_DRV_RxBufferRDCount)
                  003f2e4e    00000007     uart_driver.obj (.cinit:_UART_DRV_RxBufferWRCount)
                  003f2e55    00000007     uart_driver.obj (.cinit:_UART_DRV_RxBufferWRIndex)
                  003f2e5c    00000006     CSMON_C28xx.lib : csmon.obj (.cinit:_CSMON_abFileAutorization_RecordReadOnly)
                  003f2e62    00000006                     : csmon.obj (.cinit:_CSMON_abFileAutorization_RecordStringData)
                  003f2e68    00000006                     : csmon.obj (.cinit:_CSMON_au16FileAutorization_RecordOffsets)
                  003f2e6e    00000006                     : csmon.obj (.cinit:_CSMON_au8FileRecorderDataElementsSizeTableUsedLength)
                  003f2e74    00000006                     : csmon.obj (.cinit:_CSMON_sFileProtocolVersion)
                  003f2e7a    00000005                     : modbusreg.obj (.cinit:_HMMODBUS_u32CoilAddressTableInRam)
                  003f2e7f    00000005                     : modbusreg.obj (.cinit:_MODBUSREG_sInputCoilAddressTableInRam)
                  003f2e84    00000005     rts2800_ml.lib : _lock.c.obj (.cinit:__lock)
                  003f2e89    00000005                    : _lock.c.obj (.cinit:__unlock)
                  003f2e8e    00000004     CSMON_C28xx.lib : hmscopeparam.obj (.cinit)
                  003f2e92    00000004                     : uart_drv.obj (.cinit)
                  003f2e96    00000004                     : csmon.obj (.cinit:_CSMON_au8FileParameterListElementsSizeTablePart2)
                  003f2e9a    00000004                     : csmon.obj (.cinit:_CSMON_au8FileParameterListElementsSizeTablePart3)
                  003f2e9e    00000004                     : csmon.obj (.cinit:_CSMON_au8FileScopeStatusElementsSizeTable)
                  003f2ea2    00000004                     : csmon.obj (.cinit:_CSMON_sFileParameterAccessList)
                  003f2ea6    00000004                     : modbusreg.obj (.cinit:_MODBUSREG_asFileTable)
                  003f2eaa    00000004                     : modbusreg.obj (.cinit:_MODBUSREG_asQueueTable)
                  003f2eae    00000004     rts2800_ml.lib : errno.c.obj (.cinit)
                  003f2eb2    00000002     --HOLE-- [fill = 0]

.pinit     0    003e8000    00000000     UNINITIALIZED

.text      0    003e8000    00007849     
                  003e8000    0000154a     CSMON_C28xx.lib : hmmodbus.obj (.text:_HMMODBUS_bDecoder)
                  003e954a    00000ac2                     : modbusreg.obj (.text:_MODBUSREG_AddressTablesInit)
                  003ea00c    00000698     rts2800_ml.lib : k_rem_pio2.c.obj (.text)
                  003ea6a4    0000048d     CSMON_C28xx.lib : csmon.obj (.text:_CSMON_eSetParameter)
                  003eab31    000001da                     : csmon.obj (.text:_CSMON_eInit)
                  003ead0b    00000186     main.obj (.text:_main)
                  003eae91    0000017c     CSMON_C28xx.lib : csmon.obj (.text:_CSMON_eProcess)
                  003eb00d    00000178                     : csmon.obj (.text:_CSMON_eSetUpRecParam)
                  003eb185    0000013c                     : csmon.obj (.text:_CSMON_vCheckLoadRecorderTable)
                  003eb2c1    00000132                     : csmon.obj (.text:_CSMON_vSetupHoldingRegistersAndCoilsAddressTableFromCSMONParameterList)
                  003eb3f3    0000012c                     : hmmodbus.obj (.text:_HMMODBUS_vSetFreeRunTimerPrescaller)
                  003eb51f    00000127                     : hmmodbus.obj (.text:_HMMODBUS_Rx)
                  003eb646    00000114     rts2800_ml.lib : s_sinf.c.obj (.text)
                  003eb75a    00000107                    : ll_div28.asm.obj (.text)
                  003eb861    00000101     CSMON_C28xx.lib : hmmodbus.obj (.text:_HMMODBUS_GetRealRegisterAddressAndSize)
                  003eb962    000000ff                     : hmdrv.obj (.text:_HMDRV_vInit)
                  003eba61    000000fa                     : csmon.obj (.text:_CSMON_vCheckSaveRecorderTable)
                  003ebb5b    000000f8                     : hmprotocol.obj (.text:_HMPROTOCOL_bDecoder)
                  003ebc53    000000f1                     : csmon.obj (.text:_CSMON_vFileRecoderStatusFix)
                  003ebd44    000000e9                     : csmon.obj (.text:_CSMON_vSaveRecorderConfiguration)
                  003ebe2d    000000e8                     : hmrecparam.obj (.text:_HMRECPRM_vProcess)
                  003ebf15    000000e8     rts2800_ml.lib : s_floor.c.obj (.text)
                  003ebffd    000000cf     main.obj (.text:_ControlProcess)
                  003ec0cc    000000cd     CSMON_C28xx.lib : csmon.obj (.text:_CSMON_vSetupInputRegistersAndCoilsAddressTableFromCSMONParameterList)
                  003ec199    000000c4                     : csmon.obj (.text:_CSMON_u32GetParameterListCheckSum)
                  003ec25d    000000c1     main.obj (.text:_RecordersInitialization)
                  003ec31e    000000bc     CSMON_C28xx.lib : hmrecparam.obj (.text:_HMRECPRM_SetUpRec)
                  003ec3da    000000b8                     : hmrec.obj (.text:_HMREC_SetUpRec)
                  003ec492    000000aa                     : hmdrv.obj (.text:_HMDRV_CopyFromBufferInternalModbusBitField)
                  003ec53c    000000aa     rts2800_ml.lib : s_scalbn.c.obj (.text)
                  003ec5e6    000000a7                    : e_rem_pio2f.c.obj (.text)
                  003ec68d    000000a3     CSMON_C28xx.lib : csmon.obj (.text:_CSMON_vSaveRecorderConfigTrigger)
                  003ec730    000000a3                     : modbusreg.obj (.text:_MODBUSREG_vInit)
                  003ec7d3    000000a3     tmr_drv.obj (.text:_TMR2_ISR)
                  003ec876    0000009c     rts2800_ml.lib : fd_add28.asm.obj (.text)
                  003ec912    00000099     main.obj (.text:_ParameterInitialization)
                  003ec9ab    00000095     CSMON_C28xx.lib : csmon.obj (.text:_CSMON_vLoadRecorderConfiguration)
                  003eca40    00000092                     : hmdrv.obj (.text:_HMDRV_CopyMemory)
                  003ecad2    00000092                     : hmdrv.obj (.text:_HMDRV_CopyToBufferInternalModbus)
                  003ecb64    00000092     rts2800_ml.lib : k_sinf.c.obj (.text)
                  003ecbf6    00000090     CSMON_C28xx.lib : csmon.obj (.text:_CSMON_vSetDateTimeAutorization)
                  003ecc86    0000008d                     : csmon.obj (.text:_CSMON_vInitRecorders)
                  003ecd13    0000008b     rts2800_ml.lib : fd_div28.asm.obj (.text)
                  003ecd9e    00000087     CSMON_C28xx.lib : hmrecparam.obj (.text:_HMRECPRM_SetUpRecParamStatusDateTime)
                  003ece25    00000087     rts2800_ml.lib : k_cosf.c.obj (.text)
                  003eceac    00000083     CSMON_C28xx.lib : hmdrv.obj (.text:_HMDRV_CopyFromBufferInternalModbus)
                  003ecf2f    00000083     rts2800_ml.lib : fd_mpy28.asm.obj (.text)
                  003ecfb2    00000083                    : fs_div28.asm.obj (.text)
                  003ed035    00000081     CSMON_C28xx.lib : csmon.obj (.text:_CSMON_vPrepareFileParameterAccessList)
                  003ed0b6    0000007f                     : hmserial.obj (.text:_HMSERIAL_vProcessSCI)
                  003ed135    0000007e                     : hmrecparam.obj (.text:_HMRECPRM_vTimeSync)
                  003ed1b3    00000078     rts2800_ml.lib : fs_add28.asm.obj (.text)
                  003ed22b    00000076     main.obj (.text:_ScopesInitialization)
                  003ed2a1    00000070     CSMON_C28xx.lib : csmon.obj (.text:_CSMON_u32GetParameterStringCheckSum)
                  003ed311    0000006a                     : hmprotocol.obj (.text:_HMPROTOCOL_GetBoardInfo)
                  003ed37b    0000006a                     : hmserial.obj (.text:_HMSERIAL_Rx)
                  003ed3e5    00000067                     : hmmodbus.obj (.text:_HMMODBUS_CopyFromBuffer)
                  003ed44c    00000066                     : hmmodbus.obj (.text:_HMMODBUS_vProcessSCI)
                  003ed4b2    00000064                     : hmrec.obj (.text:_HMREC_vProcess)
                  003ed516    00000063                     : hmmodbus.obj (.text:_HMMODBUS_CopyToBufferCoil)
                  003ed579    0000005f                     : hmmodbus.obj (.text:_HMMODBUS_CopyFromBufferCoil)
                  003ed5d8    0000005f     F2806x_SysCtrl.obj (.text:_InitPeripheralClocks)
                  003ed637    0000005d     CSMON_C28xx.lib : uart_drv.obj (.text:_UART_RXInterrupt)
                  003ed694    0000005c                     : hmmodbus.obj (.text:_HMMODBUS_GetCoilFunction)
                  003ed6f0    0000005c                     : hmmodbus.obj (.text:_HMMODBUS_GetRegisterFunction)
                  003ed74c    0000005a                     : csmon.obj (.text:_CSMON_vRecorderParamStartStopProcess)
                  003ed7a6    0000005a     rts2800_ml.lib : fs_mpy28.asm.obj (.text)
                  003ed800    00000059     CSMON_C28xx.lib : csmon.obj (.text:_CSMON_vUpdateDateTimeFromApplication)
                  003ed859    00000059                     : hmmodbus.obj (.text:_vSetElementsSize)
                  003ed8b2    00000057                     : csmon.obj (.text:_CSMON_bCheckValidDateTime)
                  003ed909    00000057     uart_driver.obj (.text:_UART_DRV_RXInterrupt)
                  003ed960    00000055     CSMON_C28xx.lib : modbusreg.obj (.text:_MODBUSREG_FileRecorderExternalUpdateInit)
                  003ed9b5    00000054                     : csmon.obj (.text:_CSMON_u32GetParameterNumbCheckSum)
                  003eda09    00000054                     : csmon.obj (.text:_CSMON_u32GetParameterShortNameCheckSum)
                  003eda5d    00000054                     : hmlib.obj (.text:_HMLIB_vInit)
                  003edab1    00000054     rts2800_ml.lib : boot28.asm.obj (.text)
                  003edb05    00000052     CSMON_C28xx.lib : csmon.obj (.text:_CSMON_vLoadRecorderConfigTrigger)
                  003edb57    00000051     F2806x_SysCtrl.obj (.text:_InitPll)
                  003edba8    00000050     CSMON_C28xx.lib : csmon.obj (.text:_CSMON_eSetExternalRecorderUsage)
                  003edbf8    0000004f     device.obj (.text:_Device_CsmUnlock)
                  003edc47    0000004e     CSMON_C28xx.lib : hmrecparam.obj (.text:_HMRECPRM_StartRecParam)
                  003edc95    0000004d                     : csmon.obj (.text:_CSMON_vSetupHoldingRegistersAndCoilsAddressTableAccessAll)
                  003edce2    0000004a                     : csmon.obj (.text:_CSMON_eSetRecorderTriggerAtPosition)
                  003edd2c    00000047                     : hmmodbus.obj (.text:_HMMODBUS_CopyToBuffer)
                  003edd73    00000047                     : hmscopeparam.obj (.text:_HMSCOPEPRM_SetUpScope)
                  003eddba    00000043                     : hmscopeparam.obj (.text:_HMSCOPEPRM_ReadScope)
                  003eddfd    00000042                     : hmdrv.obj (.text:_HMDRV_CopyFromBufferInternalCoil)
                  003ede3f    00000042                     : hmmodbus.obj (.text:_HMMODBUS_vSendResponse)
                  003ede81    00000042     interrupt.obj (.text:_Interrupt_enable)
                  003edec3    0000003f     CSMON_C28xx.lib : csmon.obj (.text:_CSMON_vSetupInputRegistersAndCoilsAddressTableAccessAll)
                  003edf02    0000003f     gpio.obj (.text:_GPIO_setPadConfig)
                  003edf41    0000003f     CSMON_C28xx.lib : hmdrv.obj (.text:_HMDRV_CopyFromBufferInternal)
                  003edf80    0000003d                     : hmmodbus.obj (.text:_vSetStartSampleIndex)
                  003edfbd    0000003c     tmr_drv.obj (.text:_configCPUTimer)
                  003edff9    0000003b     CSMON_C28xx.lib : csmon.obj (.text:_CSMON_eSetRecorderConfigurationSkipSamples)
                  003ee034    0000003b                     : hmscope.obj (.text:_HMSCOPE_SetUpScope)
                  003ee06f    00000038                     : hmdrv.obj (.text:_HMDRV_CopyToBufferInternalCoil)
                  003ee0a7    00000038                     : uart_drv.obj (.text:_UART_ReadDataRx)
                  003ee0df    00000037                     : csmon.obj (.text:_CSMON_u32GetRealAddressAndSizeOffsetFromParameter)
                  003ee116    00000036                     : hmscope.obj (.text:_HMSCOPE_ReadScope)
                  003ee14c    00000036                     : hmserial.obj (.text:_HMSERIAL_vSendResponse)
                  003ee182    00000035     device.obj (.text:_Device_init)
                  003ee1b7    00000035     CSMON_C28xx.lib : hmdrv.obj (.text:_HMDRV_CopyToBufferInternal)
                  003ee1ec    00000035     tmr_drv.obj (.text:_TMR_vInit)
                  003ee221    00000034     CSMON_C28xx.lib : csmon.obj (.text:_CSMON_eSetParameterInRecorderAtPosition)
                  003ee255    00000033                     : hmmodbus.obj (.text:_HMMODBUS_Listen)
                  003ee288    00000032                     : csmon.obj (.text:_CSMON_eSetParameterInScopeAtPosition)
                  003ee2ba    00000030     gpio.obj (.text:_GPIO_setPinConfig)
                  003ee2ea    0000002f     CSMON_C28xx.lib : hmmodbus.obj (.text:_HMMODBUS_CopyFromBufferSingleCoil)
                  003ee319    0000002e                     : csmon.obj (.text:_CSMON_vRecorderParamSetupProcess)
                  003ee347    0000002e                     : hmserial.obj (.text:_HMSERIAL_vProcessSCIFreemasterOnly)
                  003ee375    0000002d                     : hmdrv.obj (.text:_HMDRV_CopyToBufferInternalModbusCoil)
                  003ee3a2    0000002d                     : hmserial.obj (.text:_HMSERIAL_Listen)
                  003ee3cf    0000002d                     : hmrecparam.obj (.text:_RecorderTimeFromLocalDateTime)
                  003ee3fc    0000002d     tmr_drv.obj (.text:_TMR_vInitCPUTimers)
                  003ee429    0000002b     CSMON_C28xx.lib : hmrecparam.obj (.text:_FillTimeData)
                  003ee454    0000002a     rts2800_ml.lib : fd_cmp28.asm.obj (.text)
                  003ee47e    00000029                    : exit.c.obj (.text)
                  003ee4a7    00000029                    : fs_tol28.asm.obj (.text)
                  003ee4d0    00000028     CSMON_C28xx.lib : csmon.obj (.text:_CSMON_bAutorizationPasswordCheck)
                  003ee4f8    00000027                     : csmon.obj (.text:_CSMON_u32GetParameterCheckSum)
                  003ee51f    00000027                     : csmon.obj (.text:_CSMON_vSaveRecorderConfig)
                  003ee546    00000027                     : hmdrv.obj (.text:_HMDRV_CopyFromBufferInternalModbusSingleCoil)
                  003ee56d    00000027                     : hmserial.obj (.text:_HMSERIAL_vProcessSCITXISR)
                  003ee594    00000026                     : csmon.obj (.text:_CSMON_u32GetParameterAuxCheckSum)
                  003ee5ba    00000026                     : hmdrv.obj (.text:_HMDRV_CopyFromBufferInternalWithMaskModbus)
                  003ee5e0    00000026                     : hmmodbus.obj (.text:_HMMODBUS_CopyToBufferSingleCoil)
                  003ee606    00000025                     : hmserial.obj (.text:_HMSERIAL_Tx)
                  003ee62b    00000025     rts2800_ml.lib : fs_toi28.asm.obj (.text)
                  003ee650    00000024     CSMON_C28xx.lib : csmon.obj (.text:_CSMON_vAutorizationReset)
                  003ee674    00000024                     : hmprotocol.obj (.text:_HMPROTOCOL_ReadMem)
                  003ee698    00000024                     : hmrecparam.obj (.text:_RecorderDateFromLocalDateTime)
                  003ee6bc    00000024     sci_driver.obj (.text:_SCIA_DRV_RXFIFOISR)
                  003ee6e0    00000024     sci_driver.obj (.text:_SCIA_DRV_TXFIFOISR)
                  003ee704    00000024     sci_drv.obj (.text:_SCIA_RXFIFOISR)
                  003ee728    00000024     sci_drv.obj (.text:_SCIA_TXFIFOISR)
                  003ee74c    00000024     sci_driver.obj (.text:_SCIB_DRV_RXFIFOISR)
                  003ee770    00000024     sci_driver.obj (.text:_SCIB_DRV_TXFIFOISR)
                  003ee794    00000024     sci_drv.obj (.text:_SCIB_RXFIFOISR)
                  003ee7b8    00000024     sci_drv.obj (.text:_SCIB_TXFIFOISR)
                  003ee7dc    00000024     CSMON_C28xx.lib : hmmodbus.obj (.text:_vSetSampleCountAvailable)
                  003ee800    00000024     rts2800_ml.lib : cpy_tbl.c.obj (.text)
                  003ee824    00000023     CSMON_C28xx.lib : modbusreg.obj (.text:_MODBUSREG_FileRecorderElementSizeTableUsedSizeUpdateInit)
                  003ee847    00000023     rts2800_ml.lib : s_copysign.c.obj (.text)
                  003ee86a    00000022     gpio.obj (.text:_GPIO_setMasterCore)
                  003ee88c    00000022     gpio.obj (.text:_GPIO_setQualificationMode)
                  003ee8ae    00000022     CSMON_C28xx.lib : hmdrv.obj (.text:_HMDRV_CopyFromBufferInternalModbusCoil)
                  003ee8d0    00000022     rts2800_ml.lib : i_div28.asm.obj (.text)
                  003ee8f2    00000021     CSMON_C28xx.lib : hmdrv.obj (.text:_HMDRV_CopyFromBufferInternalWithMask)
                  003ee913    00000021     sci.obj (.text:_SCI_setConfig)
                  003ee934    00000021     rts2800_ml.lib : fd_tofs28.asm.obj (.text)
                  003ee955    00000021                    : fs_toul28.asm.obj (.text)
                  003ee976    00000020     CSMON_C28xx.lib : hmdrv.obj (.text:_HMDRV_vProcess)
                  003ee996    00000020                     : hmmodbus.obj (.text:_vSetSampleCountBuffer)
                  003ee9b6    0000001f                     : csmon.obj (.text:_CSMON_u16FindIndexParameterTable)
                  003ee9d5    0000001f     gpio.obj (.text:_GPIO_setDirectionMode)
                  003ee9f4    0000001f     F2806x_PieCtrl.obj (.text:_InitPieCtrl)
                  003eea13    0000001f     CSMON_C28xx.lib : hmmodbus.obj (.text:_vSetSampleSize)
                  003eea32    0000001f     rts2800_ml.lib : fd_tol28.asm.obj (.text)
                  003eea51    0000001e     CSMON_C28xx.lib : csmon.obj (.text:_CSMON_eApplyParameterChanges)
                  003eea6f    0000001d                     : hmrecparam.obj (.text:_HMRECPRM_GetRecBuffFreemaster)
                  003eea8c    0000001d                     : hmrec.obj (.text:_HMREC_GetRecBuffFreemaster)
                  003eeaa9    0000001d     rts2800_ml.lib : fs_tou28.asm.obj (.text)
                  003eeac6    0000001d                    : memcpy.c.obj (.text)
                  003eeae3    0000001c     main.obj (.text:_CSMON_vGetDateTime)
                  003eeaff    0000001c     CSMON_C28xx.lib : csmon.obj (.text:_HMRECPRM_vGetDateTime)
                  003eeb1b    0000001c     sci.obj (.text:_SCI_clearInterruptStatus)
                  003eeb37    0000001c     CSMON_C28xx.lib : hmmodbus.obj (.text:_vSetIndexFileTable)
                  003eeb53    0000001c     rts2800_ml.lib : fs_tofd28.asm.obj (.text)
                  003eeb6f    0000001c                    : l_tofd28.asm.obj (.text)
                  003eeb8b    0000001b     CSMON_C28xx.lib : csmon.obj (.text:_CSMON_eSetParameterCountInRecorder)
                  003eeba6    0000001b                     : csmon.obj (.text:_CSMON_vFileParameterCountCheckSumUpdate)
                  003eebc1    0000001b     device.obj (.text:_Device_initGPIO)
                  003eebdc    0000001b     CSMON_C28xx.lib : hmdrv.obj (.text:_HMDRV_AddressToBuffer)
                  003eebf7    0000001b                     : hmmodbus.obj (.text:_HMMODBUS_vInit)
                  003eec12    0000001b     rts2800_ml.lib : fd_toul28.asm.obj (.text)
                  003eec2d    0000001a     CSMON_C28xx.lib : hmmodbus.obj (.text:_HMMODBUS_vProcessSCITXISR)
                  003eec47    0000001a                     : hmrecparam.obj (.text:_HMRECPRM_StartRec)
                  003eec61    0000001a                     : hmserial.obj (.text:_HMSERIAL_vProcessSCITXISRFreemasterOnly)
                  003eec7b    0000001a     sci.obj (.text:_SCI_disableInterrupt)
                  003eec95    0000001a     sci.obj (.text:_SCI_enableInterrupt)
                  003eecaf    0000001a     rts2800_ml.lib : l_tofs28.asm.obj (.text)
                  003eecc9    00000019     CSMON_C28xx.lib : hmdrv.obj (.text:_HMDRV_AddressFromBuffer)
                  003eece2    00000019                     : hmmodbus.obj (.text:_HMMODBUS_GetRealQueueNumber)
                  003eecfb    00000019                     : uart_drv.obj (.text:_UART_vInit)
                  003eed14    00000019                     : hmmodbus.obj (.text:_bGetFileReadAccess)
                  003eed2d    00000019     rts2800_ml.lib : prolog28.asm.obj (.text)
                  003eed46    00000018     CSMON_C28xx.lib : csmon.obj (.text:_CSMON_u32GetFreeRunningTimerMicroseconds)
                  003eed5e    00000018                     : hmlib.obj (.text:_HMLIB_vProcessSCITXISRWithIndex)
                  003eed76    00000018     F2806x_SysCtrl.obj (.text:_InitSysCtrl)
                  003eed8e    00000018     rts2800_ml.lib : ll_aox28.asm.obj (.text)
                  003eeda6    00000017     CSMON_C28xx.lib : hmmodbus.obj (.text:_HMMODBUS_Tx)
                  003eedbd    00000017                     : hmmodbus.obj (.text:_HMMODBUS_vProcessTxDelay)
                  003eedd4    00000017                     : hmprotocol.obj (.text:_HMPROTOCOL_WriteMem)
                  003eedeb    00000017                     : hmprotocol.obj (.text:_HMPROTOCOL_WriteMemMask)
                  003eee02    00000017                     : hmmodbus.obj (.text:_vSetBufferAddressStart)
                  003eee19    00000017     rts2800_ml.lib : fs_cmp28.asm.obj (.text)
                  003eee30    00000017                    : u_tofd28.asm.obj (.text)
                  003eee47    00000016     CSMON_C28xx.lib : csmon.obj (.text:_CSMON_eSetParameterCountInScope)
                  003eee5d    00000016                     : hmdrv.obj (.text:_HMDRV_AddressFromBufferBigEndian)
                  003eee73    00000016                     : hmdrv.obj (.text:_HMDRV_CopyToBufferInternalModbusSingleCoil)
                  003eee89    00000015                     : csmon.obj (.text:_CSMON_eResetParameterTable)
                  003eee9e    00000015                     : hmrecparam.obj (.text:_HMRECPRM_Comparefloat)
                  003eeeb3    00000015                     : hmrec.obj (.text:_HMREC_Comparefloat)
                  003eeec8    00000015                     : hmrec.obj (.text:_HMREC_StartRec)
                  003eeedd    00000015     F2806x_Gpio.obj (.text:_InitGpio)
                  003eeef2    00000014     CSMON_C28xx.lib : hmlib.obj (.text:_HMLIB_vProcessFastTD)
                  003eef06    00000014                     : hmmodbus.obj (.text:_HMMODBUS_DelayedTx)
                  003eef1a    00000014                     : hmrecparam.obj (.text:_HMRECPRM_StopRecParam)
                  003eef2e    00000014                     : hmserial.obj (.text:_HMSERIAL_DelayedTx)
                  003eef42    00000013                     : csmon.obj (.text:_CSMON_eSetFlagProcessPassed)
                  003eef55    00000013                     : hmmodbus.obj (.text:_HMMODBUS_vSetupQueueRegistersAddressTable)
                  003eef68    00000013     rts2800_ml.lib : ul_tofs28.asm.obj (.text)
                  003eef7b    00000012     CSMON_C28xx.lib : csmon.obj (.text:_CSMON_vInitHoldingRegistersTableChanges)
                  003eef8d    00000012                     : hmdrv.obj (.text:_HMDRV_GetStringLengthFromWordInternal)
                  003eef9f    00000012                     : hmrecparam.obj (.text:_HMRECPRM_CompareBOOL)
                  003eefb1    00000012                     : modbusreg.obj (.text:_MODBUSREG_vFileDenyAccess)
                  003eefc3    00000012                     : modbusreg.obj (.text:_MODBUSREG_vInitHoldingRegistersTableChanges)
                  003eefd5    00000012                     : uart_drv.obj (.text:_UART_TxIntDis)
                  003eefe7    00000012                     : uart_drv.obj (.text:_UART_TxIntEna)
                  003eeff9    00000011     main.obj (.text:_CSMON_vSetDateTime)
                  003ef00a    00000011     CSMON_C28xx.lib : hmserial.obj (.text:_HMSERIAL_vInit)
                  003ef01b    00000011     F2806x_PieVect.obj (.text:_InitPieVectTable)
                  003ef02c    00000011     main.obj (.text:_vSetWatchdogPrescalerTimeDiv)
                  003ef03d    00000011     rts2800_ml.lib : args_main.c.obj (.text)
                  003ef04e    00000010     device.obj (.text:_Example_MemCopy)
                  003ef05e    00000010     CSMON_C28xx.lib : hmlib.obj (.text:_HMLIB_vInitRecParamBuff)
                  003ef06e    00000010     F2806x_SysCtrl.obj (.text:_IntOsc1Sel)
                  003ef07e    00000010     CSMON_C28xx.lib : hmmodbus.obj (.text:_bIsValidEndAddressInBuffer)
                  003ef08e    00000010                     : hmmodbus.obj (.text:_u32BytesMemoryToBytesModbus)
                  003ef09e    00000010                     : hmmodbus.obj (.text:_u32BytesModbusToBytesMemory)
                  003ef0ae    00000010     main.obj (.text:_vGetWatchdogPrescaler)
                  003ef0be    00000010     rts2800_ml.lib : u_tofs28.asm.obj (.text)
                  003ef0ce    0000000f     CSMON_C28xx.lib : hmlib.obj (.text:_HMLIB_GetRecBuffAddress)
                  003ef0dd    0000000f                     : hmlib.obj (.text:_HMLIB_vProcessRecorders)
                  003ef0ec    0000000f                     : hmmodbus.obj (.text:_HMMODBUS_CalcCRC)
                  003ef0fb    0000000f                     : uart_drv.obj (.text:_UART_IsTxEmpty)
                  003ef10a    0000000e                     : hmdrv.obj (.text:_HMDRV_GetStringLengthInternal)
                  003ef118    0000000e                     : hmlib.obj (.text:_HMLIB_GetRecBufferSize)
                  003ef126    0000000e                     : hmlib.obj (.text:_HMLIB_GetRecSampleSize)
                  003ef134    0000000e                     : hmrecparam.obj (.text:_HMRECPRM_Compare16S)
                  003ef142    0000000e                     : hmrecparam.obj (.text:_HMRECPRM_Compare16U)
                  003ef150    0000000e                     : hmrecparam.obj (.text:_HMRECPRM_Compare32S)
                  003ef15e    0000000e                     : hmrecparam.obj (.text:_HMRECPRM_Compare32U)
                  003ef16c    0000000e                     : hmrecparam.obj (.text:_HMRECPRM_Compare8S)
                  003ef17a    0000000e                     : hmrecparam.obj (.text:_HMRECPRM_Compare8U)
                  003ef188    0000000e                     : hmrec.obj (.text:_HMREC_Compare16S)
                  003ef196    0000000e                     : hmrec.obj (.text:_HMREC_Compare16U)
                  003ef1a4    0000000e                     : hmrec.obj (.text:_HMREC_Compare32S)
                  003ef1b2    0000000e                     : hmrec.obj (.text:_HMREC_Compare32U)
                  003ef1c0    0000000e                     : hmrec.obj (.text:_HMREC_Compare8S)
                  003ef1ce    0000000e                     : hmrec.obj (.text:_HMREC_Compare8U)
                  003ef1dc    0000000e                     : hmmodbus.obj (.text:_u32FitAddressCircleBufferInside)
                  003ef1ea    0000000e     rts2800_ml.lib : fd_sub28.asm.obj (.text)
                  003ef1f8    0000000d     CSMON_C28xx.lib : hmdrv.obj (.text:_HMDRV_CopyFromBufferInternalSingleCoil)
                  003ef205    0000000d                     : hmrecparam.obj (.text:_HMRECPRM_IsJustStopped)
                  003ef212    0000000d                     : hmrecparam.obj (.text:_HMRECPRM_StopRec)
                  003ef21f    0000000d                     : hmrec.obj (.text:_HMREC_StopRec)
                  003ef22c    0000000d                     : modbusreg.obj (.text:_MODBUSREG_vFileAllowAccess)
                  003ef239    0000000d     tmr_drv.obj (.text:_TIMER_vSetupTimerMainFunctionDelayCompare)
                  003ef246    0000000d     CSMON_C28xx.lib : uart_drv.obj (.text:_UART_ReadDataRxAvailable)
                  003ef253    0000000c                     : hmdrv.obj (.text:_HMDRV_CopyToBufferInternalSingleCoil)
                  003ef25f    0000000c                     : hmlib.obj (.text:_HMLIB_vProcess)
                  003ef26b    0000000c                     : hmrecparam.obj (.text:_HMRECPRM_GetBufferRecParamPtrAddress)
                  003ef277    0000000c                     : hmrecparam.obj (.text:_HMRECPRM_TriggerRec)
                  003ef283    0000000c                     : hmmodbus.obj (.text:_u32FixAddressCircleBufferOverflow)
                  003ef28f    0000000c     rts2800_ml.lib : epilog28.asm.obj (.text)
                  003ef29b    0000000b     CSMON_C28xx.lib : hmmodbus.obj (.text:_HMMODBUS_vProcessFastTD)
                  003ef2a6    0000000b                     : hmrecparam.obj (.text:_HMRECPRM_IsRunning)
                  003ef2b1    0000000b                     : hmrecparam.obj (.text:_HMRECPRM_vResetAllStopDetections)
                  003ef2bc    0000000b                     : hmserial.obj (.text:_HMSERIAL_vProcessFastTD)
                  003ef2c7    0000000b                     : modbusreg.obj (.text:_MODBUSREG_vDataZero)
                  003ef2d2    0000000b     sci_driver.obj (.text:_SCI_DRV_eGetModuleIndexFromBase)
                  003ef2dd    0000000b     sci_drv.obj (.text:_SCI_eGetModuleIndexFromBase)
                  003ef2e8    0000000b     tmr_drv.obj (.text:_TMR1_ISR)
                  003ef2f3    0000000b     CSMON_C28xx.lib : hmmodbus.obj (.text:_bIsValidIndexFileTable)
                  003ef2fe    0000000b     rts2800_ml.lib : u_div28.asm.obj (.text)
                  003ef309    0000000a     CSMON_C28xx.lib : hmrecparam.obj (.text:_HMRECPRM_ClrLastStopDetectionToRecorderStopSamplesCounter)
                  003ef313    0000000a                     : hmrecparam.obj (.text:_HMRECPRM_GetRecStatus)
                  003ef31d    0000000a                     : hmrec.obj (.text:_HMREC_GetRecStatus)
                  003ef327    0000000a                     : uart_drv.obj (.text:_UART_TxDis)
                  003ef331    0000000a                     : uart_drv.obj (.text:_UART_TxEna)
                  003ef33b    00000009                     : csmon.obj (.text:_CSMON_eSetServerOnStatus)
                  003ef344    00000009                     : hmmodbus.obj (.text:_HMMODBUS_vProcessFreeTimer)
                  003ef34d    00000009                     : hmmodbus.obj (.text:_HMMODBUS_vProcessRxDelay)
                  003ef356    00000009                     : hmmodbus.obj (.text:_HMMODBUS_vSetupRegisterDummy)
                  003ef35f    00000009                     : hmrecparam.obj (.text:_HMRECPRM_GetExternBufferRecParamLastPointedAddress)
                  003ef368    00000009                     : hmrecparam.obj (.text:_HMRECPRM_GetExternBufferRecParamPtrAddress)
                  003ef371    00000009                     : hmrecparam.obj (.text:_HMRECPRM_vDisableAllStopDetections)
                  003ef37a    00000009                     : hmrec.obj (.text:_HMREC_TriggerRec)
                  003ef383    00000009                     : hmscopeparam.obj (.text:_HMSCOPEPRM_GetBufferScopeParamAddress)
                  003ef38c    00000009                     : hmserial.obj (.text:_HMSERIAL_vProcessFreeTimer)
                  003ef395    00000009     tmr_drv.obj (.text:_TIMER_vResetTimerMainFunctionDelayCounter)
                  003ef39e    00000009     tmr_drv.obj (.text:_TIMER_vSetupTimerMainDelayedFunctionSendData)
                  003ef3a7    00000009     CSMON_C28xx.lib : uart_drv.obj (.text:_UART_PutChar)
                  003ef3b0    00000009                     : uart_drv.obj (.text:_UART_ReadDataRxTimeDiff)
                  003ef3b9    00000009     rts2800_ml.lib : _lock.c.obj (.text)
                  003ef3c2    00000009                    : fd_neg28.asm.obj (.text)
                  003ef3cb    00000008     Example_Flash2806x_CsmKeys.obj (.text)
                  003ef3d3    00000008     CSMON_C28xx.lib : csmon.obj (.text:_CSMON_vInitScopes)
                  003ef3db    00000008     F2806x_SysCtrl.obj (.text:_DisableDog)
                  003ef3e3    00000008     CSMON_C28xx.lib : hmdrv.obj (.text:_HMDRV_CopyFromBufferWithMaskModbus)
                  003ef3eb    00000008                     : hmmodbus.obj (.text:_HMMODBUS_vSetupHoldingRegistersAddressTable)
                  003ef3f3    00000008                     : hmrecparam.obj (.text:_HMRECPRM_GetExternRecParamAddress)
                  003ef3fb    00000008                     : hmrecparam.obj (.text:_HMRECPRM_GetExternRecParamPtrMaximumUsedSampleCount)
                  003ef403    00000008                     : hmrecparam.obj (.text:_HMRECPRM_GetExternRecParamPtrSampleSize)
                  003ef40b    00000008                     : hmrecparam.obj (.text:_HMRECPRM_GetRecParamPtrAvailableSampleCount)
                  003ef413    00000008                     : hmrecparam.obj (.text:_HMRECPRM_GetRecParamPtrLastSampleIndex)
                  003ef41b    00000008                     : hmrecparam.obj (.text:_HMRECPRM_GetRecParamPtrMaximumUsedSampleCount)
                  003ef423    00000008                     : hmrecparam.obj (.text:_HMRECPRM_GetRecParamPtrSampleSize)
                  003ef42b    00000008                     : hmrecparam.obj (.text:_HMRECPRM_GetStatusInternalRecParamAddress)
                  003ef433    00000008                     : hmrecparam.obj (.text:_HMRECPRM_GetStatusRecParamAddress)
                  003ef43b    00000008                     : hmrecparam.obj (.text:_HMRECPRM_vInit)
                  003ef443    00000008                     : hmrec.obj (.text:_HMREC_vInit)
                  003ef44b    00000007     F2806x_DisInt.obj (.text)
                  003ef452    00000007     CSMON_C28xx.lib : hmlib.obj (.text:_HMLIB_vProcessDifferentPorts)
                  003ef459    00000007                     : hmscopeparam.obj (.text:_HMSCOPEPRM_GetStatusScopeParamAddress)
                  003ef460    00000007     sci_driver.obj (.text:_SCI_DRV_u32GetBaseFromModuleIndex)
                  003ef467    00000007     sci_drv.obj (.text:_SCI_u32GetBaseFromModuleIndex)
                  003ef46e    00000006     cputimer.obj (.text:_CPUTimer_setEmulationMode)
                  003ef474    00000006     CSMON_C28xx.lib : hmmodbus.obj (.text:_HMMODBUS_vSetupActiveQueueIndex)
                  003ef47a    00000006                     : hmmodbus.obj (.text:_HMMODBUS_vSetupCoilDummy)
                  003ef480    00000006                     : hmmodbus.obj (.text:_HMMODBUS_vSetupHoldingCoilsAddressTable)
                  003ef486    00000006                     : hmmodbus.obj (.text:_HMMODBUS_vSetupHoldingRegistersAddressTableInRam)
                  003ef48c    00000006                     : hmmodbus.obj (.text:_HMMODBUS_vSetupInputCoilsAddressTable)
                  003ef492    00000006                     : hmmodbus.obj (.text:_HMMODBUS_vSetupInputRegistersAddressTable)
                  003ef498    00000006                     : hmmodbus.obj (.text:_HMMODBUS_vSetupInputRegistersAddressTableInRam)
                  003ef49e    00000006                     : hmrecparam.obj (.text:_HMRECPRM_SetUpRecBuff)
                  003ef4a4    00000006                     : hmrec.obj (.text:_HMREC_SetUpRecBuff)
                  003ef4aa    00000006     tmr_drv.obj (.text:_TIMER_u16ResetTimerMainPeriod)
                  003ef4b0    00000006     uart_driver.obj (.text:_UART_DRV_GetChar)
                  003ef4b6    00000006     CSMON_C28xx.lib : uart_drv.obj (.text:_UART_GetChar)
                  003ef4bc    00000005     F2806x_DefaultIsr.obj (.text:_ADCINT1_ISR)
                  003ef4c1    00000005     F2806x_DefaultIsr.obj (.text:_ADCINT2_ISR)
                  003ef4c6    00000005     F2806x_DefaultIsr.obj (.text:_ADCINT3_ISR)
                  003ef4cb    00000005     F2806x_DefaultIsr.obj (.text:_ADCINT4_ISR)
                  003ef4d0    00000005     F2806x_DefaultIsr.obj (.text:_ADCINT5_ISR)
                  003ef4d5    00000005     F2806x_DefaultIsr.obj (.text:_ADCINT6_ISR)
                  003ef4da    00000005     F2806x_DefaultIsr.obj (.text:_ADCINT7_ISR)
                  003ef4df    00000005     F2806x_DefaultIsr.obj (.text:_ADCINT8_ISR)
                  003ef4e4    00000005     F2806x_DefaultIsr.obj (.text:_ADCINT9_ISR)
                  003ef4e9    00000005     F2806x_DefaultIsr.obj (.text:_CLA1_INT1_ISR)
                  003ef4ee    00000005     F2806x_DefaultIsr.obj (.text:_CLA1_INT2_ISR)
                  003ef4f3    00000005     F2806x_DefaultIsr.obj (.text:_CLA1_INT3_ISR)
                  003ef4f8    00000005     F2806x_DefaultIsr.obj (.text:_CLA1_INT4_ISR)
                  003ef4fd    00000005     F2806x_DefaultIsr.obj (.text:_CLA1_INT5_ISR)
                  003ef502    00000005     F2806x_DefaultIsr.obj (.text:_CLA1_INT6_ISR)
                  003ef507    00000005     F2806x_DefaultIsr.obj (.text:_CLA1_INT7_ISR)
                  003ef50c    00000005     F2806x_DefaultIsr.obj (.text:_CLA1_INT8_ISR)
                  003ef511    00000005     CSMON_C28xx.lib : csmon.obj (.text:_CSMON_eSetAutoServiceWatchdogInternalSlowCalculationsInMainLoop)
                  003ef516    00000005                     : csmon.obj (.text:_CSMON_eSetFirmwareApplicationVersion)
                  003ef51b    00000005                     : csmon.obj (.text:_CSMON_eSetMaxTimeInISR)
                  003ef520    00000005                     : csmon.obj (.text:_CSMON_eSetMinGuaranteedTimeBetweenTwoISRs)
                  003ef525    00000005                     : csmon.obj (.text:_CSMON_u16ParametersAccessListIndexGenerate)
                  003ef52a    00000005                     : csmon.obj (.text:_CSMON_u32GetFreeRunningTimerTicks)
                  003ef52f    00000005                     : csmon.obj (.text:_CSMON_vSetDateTimeRequest)
                  003ef534    00000005     F2806x_DefaultIsr.obj (.text:_DATALOG_ISR)
                  003ef539    00000005     F2806x_DefaultIsr.obj (.text:_DINTCH1_ISR)
                  003ef53e    00000005     F2806x_DefaultIsr.obj (.text:_DINTCH2_ISR)
                  003ef543    00000005     F2806x_DefaultIsr.obj (.text:_DINTCH3_ISR)
                  003ef548    00000005     F2806x_DefaultIsr.obj (.text:_DINTCH4_ISR)
                  003ef54d    00000005     F2806x_DefaultIsr.obj (.text:_DINTCH5_ISR)
                  003ef552    00000005     F2806x_DefaultIsr.obj (.text:_DINTCH6_ISR)
                  003ef557    00000005     F2806x_DefaultIsr.obj (.text:_ECAN0INTA_ISR)
                  003ef55c    00000005     F2806x_DefaultIsr.obj (.text:_ECAN1INTA_ISR)
                  003ef561    00000005     F2806x_DefaultIsr.obj (.text:_ECAP1_INT_ISR)
                  003ef566    00000005     F2806x_DefaultIsr.obj (.text:_ECAP2_INT_ISR)
                  003ef56b    00000005     F2806x_DefaultIsr.obj (.text:_ECAP3_INT_ISR)
                  003ef570    00000005     F2806x_DefaultIsr.obj (.text:_EMPTY_ISR)
                  003ef575    00000005     F2806x_DefaultIsr.obj (.text:_EMUINT_ISR)
                  003ef57a    00000005     F2806x_DefaultIsr.obj (.text:_EPWM1_INT_ISR)
                  003ef57f    00000005     F2806x_DefaultIsr.obj (.text:_EPWM1_TZINT_ISR)
                  003ef584    00000005     F2806x_DefaultIsr.obj (.text:_EPWM2_INT_ISR)
                  003ef589    00000005     F2806x_DefaultIsr.obj (.text:_EPWM2_TZINT_ISR)
                  003ef58e    00000005     F2806x_DefaultIsr.obj (.text:_EPWM3_INT_ISR)
                  003ef593    00000005     F2806x_DefaultIsr.obj (.text:_EPWM3_TZINT_ISR)
                  003ef598    00000005     F2806x_DefaultIsr.obj (.text:_EPWM4_INT_ISR)
                  003ef59d    00000005     F2806x_DefaultIsr.obj (.text:_EPWM4_TZINT_ISR)
                  003ef5a2    00000005     F2806x_DefaultIsr.obj (.text:_EPWM5_INT_ISR)
                  003ef5a7    00000005     F2806x_DefaultIsr.obj (.text:_EPWM5_TZINT_ISR)
                  003ef5ac    00000005     F2806x_DefaultIsr.obj (.text:_EPWM6_INT_ISR)
                  003ef5b1    00000005     F2806x_DefaultIsr.obj (.text:_EPWM6_TZINT_ISR)
                  003ef5b6    00000005     F2806x_DefaultIsr.obj (.text:_EPWM7_INT_ISR)
                  003ef5bb    00000005     F2806x_DefaultIsr.obj (.text:_EPWM7_TZINT_ISR)
                  003ef5c0    00000005     F2806x_DefaultIsr.obj (.text:_EPWM8_INT_ISR)
                  003ef5c5    00000005     F2806x_DefaultIsr.obj (.text:_EPWM8_TZINT_ISR)
                  003ef5ca    00000005     F2806x_DefaultIsr.obj (.text:_EQEP1_INT_ISR)
                  003ef5cf    00000005     F2806x_DefaultIsr.obj (.text:_EQEP2_INT_ISR)
                  003ef5d4    00000005     CSMON_C28xx.lib : hmlib.obj (.text:_HMLIB_vProcessSamePort)
                  003ef5d9    00000005                     : hmlib.obj (.text:_HMLIB_vRecorder0)
                  003ef5de    00000005                     : hmlib.obj (.text:_HMLIB_vRecorder1)
                  003ef5e3    00000005                     : hmlib.obj (.text:_HMLIB_vRecorder2)
                  003ef5e8    00000005                     : hmmodbus.obj (.text:_HMMODBUS_bGetReceivedMessage)
                  003ef5ed    00000005                     : hmmodbus.obj (.text:_HMMODBUS_vFileTable)
                  003ef5f2    00000005                     : hmmodbus.obj (.text:_HMMODBUS_vSetupHoldingCoilsAddressTableInRam)
                  003ef5f7    00000005                     : hmmodbus.obj (.text:_HMMODBUS_vSetupInputCoilsAddressTableInRam)
                  003ef5fc    00000005     F2806x_DefaultIsr.obj (.text:_HRCAP1_INT_ISR)
                  003ef601    00000005     F2806x_DefaultIsr.obj (.text:_HRCAP2_INT_ISR)
                  003ef606    00000005     F2806x_DefaultIsr.obj (.text:_HRCAP3_INT_ISR)
                  003ef60b    00000005     F2806x_DefaultIsr.obj (.text:_HRCAP4_INT_ISR)
                  003ef610    00000005     F2806x_DefaultIsr.obj (.text:_I2CINT1A_ISR)
                  003ef615    00000005     F2806x_DefaultIsr.obj (.text:_I2CINT2A_ISR)
                  003ef61a    00000005     F2806x_DefaultIsr.obj (.text:_ILLEGAL_ISR)
                  003ef61f    00000005     F2806x_DefaultIsr.obj (.text:_INT13_ISR)
                  003ef624    00000005     F2806x_DefaultIsr.obj (.text:_INT14_ISR)
                  003ef629    00000005     interrupt.obj (.text:_IntDefaultHandler)
                  003ef62e    00000005     F2806x_DefaultIsr.obj (.text:_LUF_ISR)
                  003ef633    00000005     F2806x_DefaultIsr.obj (.text:_LVF_ISR)
                  003ef638    00000005     F2806x_DefaultIsr.obj (.text:_MRINTA_ISR)
                  003ef63d    00000005     F2806x_DefaultIsr.obj (.text:_MXINTA_ISR)
                  003ef642    00000005     F2806x_DefaultIsr.obj (.text:_NMI_ISR)
                  003ef647    00000005     F2806x_DefaultIsr.obj (.text:_PIE_RESERVED)
                  003ef64c    00000005     F2806x_DefaultIsr.obj (.text:_RTOSINT_ISR)
                  003ef651    00000005     F2806x_DefaultIsr.obj (.text:_SCIRXINTA_ISR)
                  003ef656    00000005     F2806x_DefaultIsr.obj (.text:_SCIRXINTB_ISR)
                  003ef65b    00000005     F2806x_DefaultIsr.obj (.text:_SCITXINTA_ISR)
                  003ef660    00000005     F2806x_DefaultIsr.obj (.text:_SCITXINTB_ISR)
                  003ef665    00000005     F2806x_DefaultIsr.obj (.text:_SPIRXINTA_ISR)
                  003ef66a    00000005     F2806x_DefaultIsr.obj (.text:_SPIRXINTB_ISR)
                  003ef66f    00000005     F2806x_DefaultIsr.obj (.text:_SPITXINTA_ISR)
                  003ef674    00000005     F2806x_DefaultIsr.obj (.text:_SPITXINTB_ISR)
                  003ef679    00000005     tmr_drv.obj (.text:_TIMER_vSetupTimerMainDelayedData)
                  003ef67e    00000005     F2806x_DefaultIsr.obj (.text:_TINT0_ISR)
                  003ef683    00000005     F2806x_DefaultIsr.obj (.text:_USB0_INT_ISR)
                  003ef688    00000005     F2806x_DefaultIsr.obj (.text:_USER10_ISR)
                  003ef68d    00000005     F2806x_DefaultIsr.obj (.text:_USER11_ISR)
                  003ef692    00000005     F2806x_DefaultIsr.obj (.text:_USER12_ISR)
                  003ef697    00000005     F2806x_DefaultIsr.obj (.text:_USER1_ISR)
                  003ef69c    00000005     F2806x_DefaultIsr.obj (.text:_USER2_ISR)
                  003ef6a1    00000005     F2806x_DefaultIsr.obj (.text:_USER3_ISR)
                  003ef6a6    00000005     F2806x_DefaultIsr.obj (.text:_USER4_ISR)
                  003ef6ab    00000005     F2806x_DefaultIsr.obj (.text:_USER5_ISR)
                  003ef6b0    00000005     F2806x_DefaultIsr.obj (.text:_USER6_ISR)
                  003ef6b5    00000005     F2806x_DefaultIsr.obj (.text:_USER7_ISR)
                  003ef6ba    00000005     F2806x_DefaultIsr.obj (.text:_USER8_ISR)
                  003ef6bf    00000005     F2806x_DefaultIsr.obj (.text:_USER9_ISR)
                  003ef6c4    00000005     F2806x_DefaultIsr.obj (.text:_WAKEINT_ISR)
                  003ef6c9    00000005     F2806x_DefaultIsr.obj (.text:_XINT1_ISR)
                  003ef6ce    00000005     F2806x_DefaultIsr.obj (.text:_XINT2_ISR)
                  003ef6d3    00000005     F2806x_DefaultIsr.obj (.text:_XINT3_ISR)
                  003ef6d8    00000005     F2806x_DefaultIsr.obj (.text:_rsvd_ISR)
                  003ef6dd    00000005     rts2800_ml.lib : fs_neg28.asm.obj (.text)
                  003ef6e2    00000004     CSMON_C28xx.lib : csmon.obj (.text:_CSMON_eRegisterWriteParElementCallbackFunction)
                  003ef6e6    00000004                     : csmon.obj (.text:_CSMON_eSetInternalTimerPeriod)
                  003ef6ea    00000004                     : csmon.obj (.text:_CSMON_eSetTimerPeriodISRFunctionRegister)
                  003ef6ee    00000004                     : csmon.obj (.text:_CSMON_u32GetBaudError_PPM)
                  003ef6f2    00000004                     : csmon.obj (.text:_CSMON_vAddSetupRecorderParameterMask)
                  003ef6f6    00000004                     : csmon.obj (.text:_CSMON_vSetStartRecorderParameterMask)
                  003ef6fa    00000004                     : hmdrv.obj (.text:_HMDRV_SetExAddr)
                  003ef6fe    00000004                     : hmdrv.obj (.text:_HMDRV_u32GetDeviceSYSCLKFreq)
                  003ef702    00000004                     : hmdrv.obj (.text:_HMDRV_u32GetSCIErrorPPM)
                  003ef706    00000004                     : hmlib.obj (.text:_HMLIB_vRecorderParam0)
                  003ef70a    00000004                     : hmlib.obj (.text:_HMLIB_vRecorderParam1)
                  003ef70e    00000004                     : hmlib.obj (.text:_HMLIB_vRecorderParam2)
                  003ef712    00000004                     : hmmodbus.obj (.text:_HMMODBUS_u32GetAddressMessageCounterThisDevice)
                  003ef716    00000004                     : hmmodbus.obj (.text:_HMMODBUS_vSetDeviceIDMajorMinorRevision)
                  003ef71a    00000004                     : hmmodbus.obj (.text:_HMMODBUS_vSetDeviceIDMajorMinorRevisionLength)
                  003ef71e    00000004                     : hmmodbus.obj (.text:_HMMODBUS_vSetDeviceIDModelName)
                  003ef722    00000004                     : hmmodbus.obj (.text:_HMMODBUS_vSetDeviceIDModelNameLength)
                  003ef726    00000004                     : hmmodbus.obj (.text:_HMMODBUS_vSetDeviceIDProductCode)
                  003ef72a    00000004                     : hmmodbus.obj (.text:_HMMODBUS_vSetDeviceIDProductCodeLength)
                  003ef72e    00000004                     : hmmodbus.obj (.text:_HMMODBUS_vSetDeviceIDProductName)
                  003ef732    00000004                     : hmmodbus.obj (.text:_HMMODBUS_vSetDeviceIDProductNameLength)
                  003ef736    00000004                     : hmmodbus.obj (.text:_HMMODBUS_vSetDeviceIDUserApplicationName)
                  003ef73a    00000004                     : hmmodbus.obj (.text:_HMMODBUS_vSetDeviceIDUserApplicationNameLength)
                  003ef73e    00000004                     : hmmodbus.obj (.text:_HMMODBUS_vSetDeviceIDUserReserve0)
                  003ef742    00000004                     : hmmodbus.obj (.text:_HMMODBUS_vSetDeviceIDUserReserve0Length)
                  003ef746    00000004                     : hmmodbus.obj (.text:_HMMODBUS_vSetDeviceIDUserReserve1)
                  003ef74a    00000004                     : hmmodbus.obj (.text:_HMMODBUS_vSetDeviceIDUserReserve1Length)
                  003ef74e    00000004                     : hmmodbus.obj (.text:_HMMODBUS_vSetDeviceIDUserReserve2)
                  003ef752    00000004                     : hmmodbus.obj (.text:_HMMODBUS_vSetDeviceIDUserReserve2Length)
                  003ef756    00000004                     : hmmodbus.obj (.text:_HMMODBUS_vSetDeviceIDVendorName)
                  003ef75a    00000004                     : hmmodbus.obj (.text:_HMMODBUS_vSetDeviceIDVendorNameLength)
                  003ef75e    00000004                     : hmmodbus.obj (.text:_HMMODBUS_vSetDeviceIDVendorUrl)
                  003ef762    00000004                     : hmmodbus.obj (.text:_HMMODBUS_vSetDeviceIDVendorUrlLength)
                  003ef766    00000004                     : hmmodbus.obj (.text:_HMMODBUS_vSetServerIDDataAddress)
                  003ef76a    00000004                     : hmmodbus.obj (.text:_HMMODBUS_vSetServerIDLength)
                  003ef76e    00000004                     : hmmodbus.obj (.text:_HMMODBUS_vSetServerIDNumber)
                  003ef772    00000004                     : hmmodbus.obj (.text:_HMMODBUS_vSetServerOnStatus)
                  003ef776    00000004                     : hmmodbus.obj (.text:_HMMODBUS_vSetupWriteParElementCallbackFunction)
                  003ef77a    00000004     interrupt.obj (.text:_IntMasterDisable)
                  003ef77e    00000004     interrupt.obj (.text:_IntMasterEnable)
                  003ef782    00000004     CSMON_C28xx.lib : modbusreg.obj (.text:_MODBUSREG_u16GetHoldRegFillCount)
                  003ef786    00000004                     : modbusreg.obj (.text:_MODBUSREG_u16GetHoldRegUsedCount)
                  003ef78a    00000004                     : modbusreg.obj (.text:_MODBUSREG_u32GetHoldingCoilAddressTable)
                  003ef78e    00000004                     : modbusreg.obj (.text:_MODBUSREG_u32GetHoldingCoilAddressTableInRam)
                  003ef792    00000004                     : modbusreg.obj (.text:_MODBUSREG_u32GetInputCoilAddressTable)
                  003ef796    00000004                     : modbusreg.obj (.text:_MODBUSREG_u32GetInputCoilAddressTableInRam)
                  003ef79a    00000004                     : modbusreg.obj (.text:_MODBUSREG_u32GetInputRegisterAccessTableInRam)
                  003ef79e    00000004                     : modbusreg.obj (.text:_MODBUSREG_u32GetInputRegisterAddressTable)
                  003ef7a2    00000004                     : modbusreg.obj (.text:_MODBUSREG_u32GetRegisterAccessTableInRam)
                  003ef7a6    00000004                     : modbusreg.obj (.text:_MODBUSREG_u32GetRegisterAddressTable)
                  003ef7aa    00000004                     : modbusreg.obj (.text:_MODBUSREG_u32GetRegisterAddressTableInRam)
                  003ef7ae    00000004                     : modbusreg.obj (.text:_MODBUSREG_vSetFileAutorization_FunctionAfterWriteFileRecordTable)
                  003ef7b2    00000004                     : modbusreg.obj (.text:_MODBUSREG_vSetFileParamCount_FunctionBeforeReadFileRecord)
                  003ef7b6    00000004                     : modbusreg.obj (.text:_MODBUSREG_vSetFileRTC_FunctionAfterReadFileRecord)
                  003ef7ba    00000004                     : modbusreg.obj (.text:_MODBUSREG_vSetFileRTC_FunctionAfterWriteFileRecord)
                  003ef7be    00000004                     : modbusreg.obj (.text:_MODBUSREG_vSetFileRecConfig_FunctionAfterWriteFileRecord)
                  003ef7c2    00000004                     : modbusreg.obj (.text:_MODBUSREG_vSetFileRecStatus_FunctionIndexGenerationFileRecord)
                  003ef7c6    00000004                     : modbusreg.obj (.text:_MODBUSREG_vSetHoldRegFillCount)
                  003ef7ca    00000004                     : modbusreg.obj (.text:_MODBUSREG_vSetModbusParamCount)
                  003ef7ce    00000004                     : modbusreg.obj (.text:_MODBUSREG_vSetParamAuxAddress)
                  003ef7d2    00000004                     : modbusreg.obj (.text:_MODBUSREG_vSetParamCount)
                  003ef7d6    00000004                     : modbusreg.obj (.text:_MODBUSREG_vSetParamListAddress)
                  003ef7da    00000004                     : modbusreg.obj (.text:_MODBUSREG_vSetParamNameAddress)
                  003ef7de    00000004                     : modbusreg.obj (.text:_MODBUSREG_vSetParamNumbAddress)
                  003ef7e2    00000004                     : modbusreg.obj (.text:_MODBUSREG_vSetParamRecorderConfigAddress)
                  003ef7e6    00000004                     : modbusreg.obj (.text:_MODBUSREG_vSetParamReservedAddress)
                  003ef7ea    00000004                     : modbusreg.obj (.text:_MODBUSREG_vSetParamScopeConfigAddress)
                  003ef7ee    00000004                     : modbusreg.obj (.text:_MODBUSREG_vSetParamStringAddress)
                  003ef7f2    00000004     tmr_drv.obj (.text:_TIMER_vGetTimerMainRollingCounter)
                  003ef7f6    00000004     tmr_drv.obj (.text:_TIMER_vSetupTimerMainCSMONFunction)
                  003ef7fa    00000004     tmr_drv.obj (.text:_TMR_u16GetFreeRunTimerPrescaller)
                  003ef7fe    00000004     CSMON_C28xx.lib : hmmodbus.obj (.text:_bGetElementsDifference)
                  003ef802    00000004                     : hmmodbus.obj (.text:_u16GetIndexFileTable)
                  003ef806    00000004                     : hmmodbus.obj (.text:_u32GetBufferAddressStart)
                  003ef80a    00000004                     : hmmodbus.obj (.text:_u32GetBufferSize)
                  003ef80e    00000004                     : hmmodbus.obj (.text:_u32GetSampleCountAvailable)
                  003ef812    00000004                     : hmmodbus.obj (.text:_u32GetSampleCountBuffer)
                  003ef816    00000004                     : hmmodbus.obj (.text:_u32GetStartSampleIndex)
                  003ef81a    00000004                     : hmmodbus.obj (.text:_u8GetSampleSize)
                  003ef81e    00000004                     : hmmodbus.obj (.text:_vSetBufferSize)
                  003ef822    00000003     F2806x_DBGIER.obj (.text)
                  003ef825    00000003     CSMON_C28xx.lib : csmon.obj (.text:_CSMON_u32GetModbusMessageCounterRegisterRealAddress)
                  003ef828    00000003                     : hmlib.obj (.text:_HMLIB_vRecorderParamTimeSync)
                  003ef82b    00000003                     : hmrecparam.obj (.text:_HMRECPRM_GetTimeBase)
                  003ef82e    00000003                     : modbusreg.obj (.text:_MODBUSREG_u32GetAddressMessageCounterThisDevice)
                  003ef831    00000003                     : uart_drv.obj (.text:_UART_TXInterrupt)
                  003ef834    00000002                     : hmrecparam.obj (.text:_HMRECPRM_AbortRec)
                  003ef836    00000002                     : hmrecparam.obj (.text:_HMRECPRM_GetRecBuffSize)
                  003ef838    00000002                     : hmrec.obj (.text:_HMREC_AbortRec)
                  003ef83a    00000002                     : hmrec.obj (.text:_HMREC_GetRecBuffSize)
                  003ef83c    00000002                     : modbusreg.obj (.text:_MODBUSREG_u16GetHoldingCoilUsedCount)
                  003ef83e    00000002                     : modbusreg.obj (.text:_MODBUSREG_u16GetInputCoilUsedCount)
                  003ef840    00000002                     : modbusreg.obj (.text:_MODBUSREG_u16GetInputRegisterUsedCount)
                  003ef842    00000002     main.obj (.text:_eWriteParElement)
                  003ef844    00000002     rts2800_ml.lib : pre_init.c.obj (.text)
                  003ef846    00000001     CSMON_C28xx.lib : hmprotocol.obj (.text:_HMPROTOCOL_vInit)
                  003ef847    00000001     uart_driver.obj (.text:_UART_DRV_TXInterrupt)
                  003ef848    00000001     rts2800_ml.lib : startup.c.obj (.text)

ramfuncs   0    003ef849    00000029     RUN ADDR = 00008000
                  003ef849    0000001d     F2806x_SysCtrl.obj (ramfuncs:_InitFlash)
                  003ef866    00000008     device.obj (ramfuncs:_MyCallbackFunction)
                  003ef86e    00000004     F2806x_usDelay.obj (ramfuncs)

csm_rsvd   0    003f7f80    00000076     
                  003f7f80    00000076     F2806x_CSMPasswords.obj (csm_rsvd)

csmpasswds 
*          0    003f7ff8    00000008     
                  003f7ff8    00000008     F2806x_CSMPasswords.obj (csmpasswds)

.stack     1    00000050    00000380     UNINITIALIZED
                  00000050    00000380     --HOLE--

.econst    0    003ef872    00002d22     
                  003ef872    00002800     main.obj (.econst:_asParameterList)
                  003f2072    00000100     CSMON_C28xx.lib : hmmodbus.obj (.econst:.string:_auchCRCHi)
                  003f2172    00000100                     : hmmodbus.obj (.econst:.string:_auchCRCLo)
                  003f2272    00000100     F2806x_PieVect.obj (.econst:_PieVectTableInit)
                  003f2372    00000084     rts2800_ml.lib : k_rem_pio2.c.obj (.econst:_ipio2)
                  003f23f6    00000050     CSMON_C28xx.lib : csmon.obj (.econst:_CSMON_asAccessLevelPasswords)
                  003f2446    0000002c     rts2800_ml.lib : k_rem_pio2.c.obj (.econst)
                  003f2472    00000028                    : k_cosf.c.obj (.econst)
                  003f249a    00000020                    : k_rem_pio2.c.obj (.econst:_PIo2)
                  003f24ba    00000020                    : k_sinf.c.obj (.econst)
                  003f24da    0000001c                    : e_rem_pio2f.c.obj (.econst)
                  003f24f6    0000001c                    : s_scalbn.c.obj (.econst)
                  003f2512    00000018     CSMON_C28xx.lib : csmon.obj (.econst:_$P$T45$2)
                  003f252a    00000018     rts2800_ml.lib : s_sinf.c.obj (.econst)
                  003f2542    00000014     CSMON_C28xx.lib : csmon.obj (.econst:_CSMON_au8FileImplementedFunctionCodes)
                  003f2556    00000010     main.obj (.econst)
                  003f2566    0000000c     CSMON_C28xx.lib : hmprotocol.obj (.econst:.string)
                  003f2572    0000000c     rts2800_ml.lib : s_floor.c.obj (.econst)
                  003f257e    00000006     CSMON_C28xx.lib : csmon.obj (.econst:_$P$T44$1)
                  003f2584    00000004     rts2800_ml.lib : k_rem_pio2.c.obj (.econst:_init_jk)
                  003f2588    00000003     CSMON_C28xx.lib : csmon.obj (.econst:_CSMON_au8FileParameterListElementsCountInPartTable)
                  003f258b    00000003                     : modbusreg.obj (.econst:_HMMODBUS_u32CoilAddressTable)
                  003f258e    00000003                     : modbusreg.obj (.econst:_MODBUSREG_sInputCoilAddressTable)
                  003f2591    00000003                     : modbusreg.obj (.econst:_MODBUSREG_sInputRegisterAddressTable)

.switch    0    003f2eb4    00000020     
                  003f2eb4    00000020     CSMON_C28xx.lib : csmon.obj (.switch:_CSMON_eSetParameter)

.reset     0    003fffc0    00000002     DSECT
                  003fffc0    00000002     rts2800_ml.lib : boot28.asm.obj (.reset)

vectors    0    003fffc2    00000000     DSECT

DevEmuRegsFile 
*          1    00000880    00000004     UNINITIALIZED
                  00000880    00000004     F2806x_GlobalVariableDefs.obj (DevEmuRegsFile)

SysPwrCtrlRegsFile 
*          1    00000985    00000003     UNINITIALIZED
                  00000985    00000003     F2806x_GlobalVariableDefs.obj (SysPwrCtrlRegsFile)

FlashRegsFile 
*          1    00000a80    00000008     UNINITIALIZED
                  00000a80    00000008     F2806x_GlobalVariableDefs.obj (FlashRegsFile)

CsmRegsFile 
*          1    00000ae0    00000010     UNINITIALIZED
                  00000ae0    00000010     F2806x_GlobalVariableDefs.obj (CsmRegsFile)

AdcResultFile 
*          1    00000b00    00000010     UNINITIALIZED
                  00000b00    00000010     F2806x_GlobalVariableDefs.obj (AdcResultFile)

CpuTimer0RegsFile 
*          1    00000c00    00000008     UNINITIALIZED
                  00000c00    00000008     F2806x_GlobalVariableDefs.obj (CpuTimer0RegsFile)

CpuTimer1RegsFile 
*          1    00000c08    00000008     UNINITIALIZED
                  00000c08    00000008     F2806x_GlobalVariableDefs.obj (CpuTimer1RegsFile)

CpuTimer2RegsFile 
*          1    00000c10    00000008     UNINITIALIZED
                  00000c10    00000008     F2806x_GlobalVariableDefs.obj (CpuTimer2RegsFile)

PieCtrlRegsFile 
*          1    00000ce0    0000001a     UNINITIALIZED
                  00000ce0    0000001a     F2806x_GlobalVariableDefs.obj (PieCtrlRegsFile)

PieVectTableFile 
*          1    00000d00    00000100     UNINITIALIZED
                  00000d00    00000100     F2806x_GlobalVariableDefs.obj (PieVectTableFile)

EmuKeyVar 
*          1    00000d00    00000001     UNINITIALIZED
                  00000d00    00000001     F2806x_GlobalVariableDefs.obj (EmuKeyVar)

EmuBModeVar 
*          1    00000d01    00000001     UNINITIALIZED
                  00000d01    00000001     F2806x_GlobalVariableDefs.obj (EmuBModeVar)

FlashCallbackVar 
*          1    00000d02    00000002     UNINITIALIZED
                  00000d02    00000002     F2806x_GlobalVariableDefs.obj (FlashCallbackVar)

FlashScalingVar 
*          1    00000d04    00000002     UNINITIALIZED
                  00000d04    00000002     F2806x_GlobalVariableDefs.obj (FlashScalingVar)

DmaRegsFile 
*          1    00001000    000000e0     UNINITIALIZED
                  00001000    000000e0     F2806x_GlobalVariableDefs.obj (DmaRegsFile)

Cla1RegsFile 
*          1    00001400    00000040     UNINITIALIZED
                  00001400    00000040     F2806x_GlobalVariableDefs.obj (Cla1RegsFile)

Usb0RegsFile 
*          1    00004000    00000454     UNINITIALIZED
                  00004000    00000454     F2806x_GlobalVariableDefs.obj (Usb0RegsFile)

McbspaRegsFile 
*          1    00005000    00000024     UNINITIALIZED
                  00005000    00000024     F2806x_GlobalVariableDefs.obj (McbspaRegsFile)

ECanaRegsFile 
*          1    00006000    00000034     UNINITIALIZED
                  00006000    00000034     F2806x_GlobalVariableDefs.obj (ECanaRegsFile)

ECanaLAMRegsFile 
*          1    00006040    00000040     UNINITIALIZED
                  00006040    00000040     F2806x_GlobalVariableDefs.obj (ECanaLAMRegsFile)

ECanaMOTSRegsFile 
*          1    00006080    00000040     UNINITIALIZED
                  00006080    00000040     F2806x_GlobalVariableDefs.obj (ECanaMOTSRegsFile)

ECanaMOTORegsFile 
*          1    000060c0    00000040     UNINITIALIZED
                  000060c0    00000040     F2806x_GlobalVariableDefs.obj (ECanaMOTORegsFile)

ECanaMboxesFile 
*          1    00006100    00000100     UNINITIALIZED
                  00006100    00000100     F2806x_GlobalVariableDefs.obj (ECanaMboxesFile)

Comp1RegsFile 
*          1    00006400    00000014     UNINITIALIZED
                  00006400    00000014     F2806x_GlobalVariableDefs.obj (Comp1RegsFile)

Comp2RegsFile 
*          1    00006420    00000014     UNINITIALIZED
                  00006420    00000014     F2806x_GlobalVariableDefs.obj (Comp2RegsFile)

Comp3RegsFile 
*          1    00006440    00000014     UNINITIALIZED
                  00006440    00000014     F2806x_GlobalVariableDefs.obj (Comp3RegsFile)

EPwm1RegsFile 
*          1    00006800    00000040     UNINITIALIZED
                  00006800    00000040     F2806x_GlobalVariableDefs.obj (EPwm1RegsFile)

EPwm2RegsFile 
*          1    00006840    00000040     UNINITIALIZED
                  00006840    00000040     F2806x_GlobalVariableDefs.obj (EPwm2RegsFile)

EPwm3RegsFile 
*          1    00006880    00000040     UNINITIALIZED
                  00006880    00000040     F2806x_GlobalVariableDefs.obj (EPwm3RegsFile)

EPwm4RegsFile 
*          1    000068c0    00000040     UNINITIALIZED
                  000068c0    00000040     F2806x_GlobalVariableDefs.obj (EPwm4RegsFile)

EPwm5RegsFile 
*          1    00006900    00000040     UNINITIALIZED
                  00006900    00000040     F2806x_GlobalVariableDefs.obj (EPwm5RegsFile)

EPwm6RegsFile 
*          1    00006940    00000040     UNINITIALIZED
                  00006940    00000040     F2806x_GlobalVariableDefs.obj (EPwm6RegsFile)

EPwm7RegsFile 
*          1    00006980    00000040     UNINITIALIZED
                  00006980    00000040     F2806x_GlobalVariableDefs.obj (EPwm7RegsFile)

EPwm8RegsFile 
*          1    000069c0    00000040     UNINITIALIZED
                  000069c0    00000040     F2806x_GlobalVariableDefs.obj (EPwm8RegsFile)

ECap1RegsFile 
*          1    00006a00    00000020     UNINITIALIZED
                  00006a00    00000020     F2806x_GlobalVariableDefs.obj (ECap1RegsFile)

ECap2RegsFile 
*          1    00006a20    00000020     UNINITIALIZED
                  00006a20    00000020     F2806x_GlobalVariableDefs.obj (ECap2RegsFile)

ECap3RegsFile 
*          1    00006a40    00000020     UNINITIALIZED
                  00006a40    00000020     F2806x_GlobalVariableDefs.obj (ECap3RegsFile)

HRCap1RegsFile 
*          1    00006ac0    00000020     UNINITIALIZED
                  00006ac0    00000020     F2806x_GlobalVariableDefs.obj (HRCap1RegsFile)

HRCap2RegsFile 
*          1    00006ae0    00000020     UNINITIALIZED
                  00006ae0    00000020     F2806x_GlobalVariableDefs.obj (HRCap2RegsFile)

EQep1RegsFile 
*          1    00006b00    00000022     UNINITIALIZED
                  00006b00    00000022     F2806x_GlobalVariableDefs.obj (EQep1RegsFile)

EQep2RegsFile 
*          1    00006b40    00000022     UNINITIALIZED
                  00006b40    00000022     F2806x_GlobalVariableDefs.obj (EQep2RegsFile)

HRCap3RegsFile 
*          1    00006c80    00000020     UNINITIALIZED
                  00006c80    00000020     F2806x_GlobalVariableDefs.obj (HRCap3RegsFile)

HRCap4RegsFile 
*          1    00006ca0    00000020     UNINITIALIZED
[...]
003eb7af  local     $30 (.text)
003eb7dd  local     $35 (.text)
003eb80c  local     $40 (.text)
003eb76e  local     $5_$2 (.text)
00000000  local     .bss (.bss)
00000000  local     .data (.data)
003eb75a  local     .text (.text)
003eb77e  local     CHECK_SIGN1 (.text)
003eb7b9  local     CHECK_SIGN2 (.text)
003eb7f1  local     DGT3 (.text)
003eb7f3  local     DIVUDenHighZero (.text)
003eb788  local     EQ0 (.text)
003eb783  local     EQ1 (.text)
003eb7c1  local     EQ2 (.text)
003eb7ec  local     EQ3 (.text)
003eb81d  local     EQ4 (.text)
003eb75a  global    LL$$DIV (.text)
003eb796  global    LL$$MOD (.text)
003eb83c  local     LOOP (.text)
003eb82b  local     MAINDIV (.text)
003eb84a  local     MD_NEQ (.text)
003eb81f  local     MODUDenHighZero (.text)
003eb781  local     RET1 (.text)
003eb7bc  local     RET2 (.text)
003eb7ea  local     RET3 (.text)
003eb819  local     RET4 (.text)
003eb7be  local     RET_NUM1 (.text)
003eb81b  local     RET_NUM2 (.text)
003eb78a  local     SDIVUDenHighZero (.text)
003eb854  local     SKIP (.text)
003eb856  local     SKIP1 (.text)
003eb7c4  local     SMODUDenHighZero (.text)
003eb7d0  global    ULL$$DIV (.text)
003eb7ff  global    ULL$$MOD (.text)


================================================================================

rts2800_ml.lib : u_div28.asm.obj

Run/Load            
Value     Binding   Name (Section)
--------  --------  ---------------
00000000  local     .bss (.bss)
00000000  local     .data (.data)
003ef2fe  local     .text (.text)
003ef2fe  global    U$$DIV (.text)
003ef303  global    U$$MOD (.text)


================================================================================

rts2800_ml.lib : u_tofd28.asm.obj

Run/Load            
Value     Binding   Name (Section)
--------  --------  ---------------
00000000  local     .bss (.bss)
00000000  local     .data (.data)
003eee30  local     .text (.text)
003eee3d  local     NORMALIZE (.text)
003eee45  local     OP_ZERO (.text)
003eee3f  local     PACK (.text)
003eee44  local     RETURN (.text)
003eee42  local     RETURN_VALUE (.text)
003eee30  global    U$$TOFD (.text)


================================================================================

rts2800_ml.lib : u_tofs28.asm.obj

Run/Load            
Value     Binding   Name (Section)
--------  --------  ---------------
00000000  local     .bss (.bss)
00000000  local     .data (.data)
003ef0be  local     .text (.text)
003ef0cd  local     RESTORE (.text)
003ef0be  global    U$$TOFS (.text)
003ef0cd  local     ZERO (.text)


================================================================================

rts2800_ml.lib : l_tofs28.asm.obj

Run/Load            
Value     Binding   Name (Section)
--------  --------  ---------------
00000000  local     .bss (.bss)
00000000  local     .data (.data)
003eecaf  local     .text (.text)
003eecaf  global    L$$TOFS (.text)
003eecc5  local     OVERFLOW (.text)
003eecc4  local     RETURN (.text)
003eecc4  local     ZERO (.text)


================================================================================

rts2800_ml.lib : ul_tofs28.asm.obj

Run/Load            
Value     Binding   Name (Section)
--------  --------  ---------------
00000000  local     .bss (.bss)
00000000  local     .data (.data)
003eef68  local     .text (.text)
003eef70  local     LEFT_SHIFT (.text)
003eef72  local     PACK (.text)
003eef7a  local     RETURN (.text)
003eef68  global    UL$$TOFS (.text)
003eef7a  local     ZERO (.text)


================================================================================

rts2800_ml.lib : prolog28.asm.obj

Run/Load            
Value     Binding   Name (Section)
--------  --------  ---------------
00000000  local     .bss (.bss)
00000000  local     .data (.data)
003eed2d  local     .text (.text)
003eed2d  global    _prolog_c28x_1 (.text)
003eed31  global    _prolog_c28x_2 (.text)
003eed39  global    _prolog_c28x_3 (.text)


================================================================================

rts2800_ml.lib : fs_tofd28.asm.obj

Run/Load            
Value     Binding   Name (Section)
--------  --------  ---------------
00000000  local     .bss (.bss)
00000000  local     .data (.data)
003eeb53  local     .text (.text)
003eeb53  global    FS$$TOFD (.text)
003eeb67  local     OVERFLOW (.text)
003eeb66  local     RETURN (.text)
003eeb64  local     RETURN_VALUE (.text)
003eeb6d  local     UNDERFLOW (.text)


================================================================================

rts2800_ml.lib : fd_div28.asm.obj

Run/Load            
Value     Binding   Name (Section)
--------  --------  ---------------
003ecd4f  local     $1_$3 (.text)
003ecd5a  local     $2_$3 (.text)
00000000  local     .bss (.bss)
00000000  local     .data (.data)
003ecd13  local     .text (.text)
003ecd69  local     DIV_END (.text)
003ecd4a  local     DIV_START (.text)
003ecd13  global    FD$$DIV (.text)
003ecd6c  local     NORMALIZE (.text)
003ecd96  local     OVERFLOW (.text)
003ecd91  local     RETURN (.text)
003ecd8f  local     RETURN_VALUE (.text)
003ecd81  local     RND64_SET_MANT$3$ (.text)
003ecd75  local     ROUND (.text)
003ecd9c  local     UNDERFLOW (.text)


================================================================================

rts2800_ml.lib : cpy_tbl.c.obj

Run/Load            
Value     Binding   Name (Section)
--------  --------  ---------------
003ee808  local     $C$L1 (.text)
003ee81b  local     $C$L2 (.text)
003ee81c  local     $C$L3 (.text)
00000000  local     .bss (.bss)
00000000  local     .data (.data)
003ee800  local     .text (.text)
003ee800  global    _copy_in (.text)


================================================================================

rts2800_ml.lib : memcpy.c.obj

Run/Load            
Value     Binding   Name (Section)
--------  --------  ---------------
003eeacc  local     $C$L1 (.text)
003eead0  local     $C$L2 (.text)
003eead7  local     $C$L3 (.text)
003eead9  local     $C$L4 (.text)
003eeae1  local     $C$L5 (.text)
00000000  local     .bss (.bss)
00000000  local     .data (.data)
003eeac6  local     .text (.text)
003eeac6  global    _memcpy (.text)


================================================================================

rts2800_ml.lib : pre_init.c.obj

Run/Load            
Value     Binding   Name (Section)
--------  --------  ---------------
00000000  local     .bss (.bss)
00000000  local     .data (.data)
003ef844  local     .text (.text)
003ef844  global    __system_pre_init (.text)


================================================================================

rts2800_ml.lib : startup.c.obj

Run/Load            
Value     Binding   Name (Section)
--------  --------  ---------------
00000000  local     .bss (.bss)
00000000  local     .data (.data)
003ef848  local     .text (.text)
003ef848  global    __system_post_cinit (.text)


================================================================================

rts2800_ml.lib : e_rem_pio2f.c.obj

Run/Load            
Value     Binding   Name (Section)
--------  --------  ---------------
003f24e6  local     $C$FL1 (.econst)
003f24ea  local     $C$FL2 (.econst)
003f24ee  local     $C$FL3 (.econst)
003f24f2  local     $C$FL4 (.econst)
003ec649  local     $C$L1 (.text)
003ec657  local     $C$L2 (.text)
003ec683  local     $C$L3 (.text)
003ec688  local     $C$L4 (.text)
00000000  local     .bss (.bss)
00000000  local     .data (.data)
003f24da  local     .econst (.econst)
003ec5e6  local     .text (.text)
003ec5e6  global    ___rem_pio2f (.text)
003f24da  local     _invpio2 (.econst)
003f24de  local     _pio2_1 (.econst)
003f24e2  local     _pio2_1t (.econst)


================================================================================

rts2800_ml.lib : k_rem_pio2.c.obj

Run/Load            
Value     Binding   Name (Section)
--------  --------  ---------------
003f2456  local     $C$FL1 (.econst)
003f245a  local     $C$FL2 (.econst)
003f245e  local     $C$FL3 (.econst)
003f2462  local     $C$FL4 (.econst)
003f2466  local     $C$FL5 (.econst)
003f246a  local     $C$FL6 (.econst)
003f246e  local     $C$FL7 (.econst)
003ea03a  local     $C$L1 (.text)
003ea0f4  local     $C$L10 (.text)
003ea121  local     $C$L11 (.text)
003ea141  local     $C$L12 (.text)
003ea166  local     $C$L13 (.text)
003ea185  local     $C$L14 (.text)
003ea18c  local     $C$L15 (.text)
003ea1a9  local     $C$L16 (.text)
003ea1f7  local     $C$L17 (.text)
003ea263  local     $C$L18 (.text)
003ea267  local     $C$L19 (.text)
003ea062  local     $C$L2 (.text)
003ea275  local     $C$L20 (.text)
003ea29e  local     $C$L21 (.text)
003ea2a3  local     $C$L22 (.text)
003ea2ae  local     $C$L23 (.text)
003ea2ba  local     $C$L24 (.text)
003ea2bf  local     $C$L25 (.text)
003ea2c5  local     $C$L26 (.text)
003ea2e2  local     $C$L27 (.text)
003ea2ee  local     $C$L28 (.text)
003ea319  local     $C$L29 (.text)
003ea06d  local     $C$L3 (.text)
003ea347  local     $C$L30 (.text)
003ea392  local     $C$L31 (.text)
003ea397  local     $C$L32 (.text)
003ea3af  local     $C$L33 (.text)
003ea3b9  local     $C$L34 (.text)
003ea3c8  local     $C$L35 (.text)
003ea3d2  local     $C$L36 (.text)
003ea3ed  local     $C$L37 (.text)
003ea3fd  local     $C$L38 (.text)
003ea3ff  local     $C$L39 (.text)
003ea079  local     $C$L4 (.text)
003ea41f  local     $C$L40 (.text)
003ea447  local     $C$L41 (.text)
003ea45e  local     $C$L42 (.text)
003ea472  local     $C$L43 (.text)
003ea4a0  local     $C$L44 (.text)
003ea4be  local     $C$L45 (.text)
003ea4dc  local     $C$L46 (.text)
003ea52b  local     $C$L47 (.text)
003ea565  local     $C$L48 (.text)
003ea57d  local     $C$L49 (.text)
003ea08a  local     $C$L5 (.text)
003ea58e  local     $C$L50 (.text)
003ea5ab  local     $C$L51 (.text)
003ea5c6  local     $C$L52 (.text)
003ea5d9  local     $C$L53 (.text)
003ea5ea  local     $C$L54 (.text)
003ea5f8  local     $C$L55 (.text)
003ea602  local     $C$L56 (.text)
003ea623  local     $C$L57 (.text)
003ea634  local     $C$L58 (.text)
003ea642  local     $C$L59 (.text)
003ea096  local     $C$L6 (.text)
003ea64c  local     $C$L60 (.text)
003ea656  local     $C$L61 (.text)
003ea669  local     $C$L62 (.text)
003ea67a  local     $C$L63 (.text)
003ea688  local     $C$L64 (.text)
003ea692  local     $C$L65 (.text)
003ea69b  local     $C$L66 (.text)
003ea0b3  local     $C$L7 (.text)
003ea0d8  local     $C$L8 (.text)
003ea0ed  local     $C$L9 (.text)
00000000  local     .bss (.bss)
00000000  local     .data (.data)
003f2446  local     .econst (.econst)
003f249a  local     .econst:_PIo2 (.econst:_PIo2)
003f2584  local     .econst:_init_jk (.econst:_init_jk)
003f2372  local     .econst:_ipio2 (.econst:_ipio2)
003ea00c  local     .text (.text)
003f249a  local     _PIo2 (.econst:_PIo2)
003ea00c  global    ___kernel_rem_pio2 (.text)
003f2584  local     _init_jk (.econst:_init_jk)
003f2372  local     _ipio2 (.econst:_ipio2)
003f244a  local     _one (.econst)
003f244e  local     _two24 (.econst)
003f2452  local     _twon24 (.econst)
003f2446  local     _zero (.econst)


================================================================================

rts2800_ml.lib : exit.c.obj

Run/Load            
Value     Binding   Name (Section)
--------  --------  ---------------
003ee47f  local     $C$L1 (.text)
003ee492  local     $C$L2 (.text)
003ee49d  local     $C$L3 (.text)
003ee4a3  local     $C$L4 (.text)
00000000  local     .bss (.bss)
003f2cc9  local     .cinit (.cinit)
00000000  local     .data (.data)
0000d84c  local     .ebss (.ebss)
003ee47e  local     .text (.text)
003ee47e  global    C$$EXIT (.text)
0000d84e  global    ___TI_cleanup_ptr (.ebss)
0000d850  global    ___TI_dtors_ptr (.ebss)
0000d84c  global    ___TI_enable_exit_profile_output (.ebss)
003ee47e  global    _abort (.text)
003ee480  global    _exit (.text)


================================================================================

rts2800_ml.lib : _lock.c.obj

Run/Load            
Value     Binding   Name (Section)
--------  --------  ---------------
00000000  local     .bss (.bss)
003f2e84  local     .cinit:__lock (.cinit:__lock)
003f2e89  local     .cinit:__unlock (.cinit:__unlock)
00000000  local     .data (.data)
0000d87e  local     .ebss:__lock (.ebss:__lock)
0000d8b2  local     .ebss:__unlock (.ebss:__unlock)
003ef3b9  local     .text (.text)
0000d87e  global    __lock (.ebss:__lock)
003ef3c1  global    __nop (.text)
003ef3bd  global    __register_lock (.text)
003ef3b9  global    __register_unlock (.text)
0000d8b2  global    __unlock (.ebss:__unlock)


================================================================================

rts2800_ml.lib : args_main.c.obj

Run/Load            
Value     Binding   Name (Section)
--------  --------  ---------------
003ef048  local     $C$L1 (.text)
003ef04b  local     $C$L2 (.text)
00000000  local     .bss (.bss)
00000000  local     .data (.data)
003ef03d  local     .text (.text)
003ef03d  global    __args_main (.text)


================================================================================

rts2800_ml.lib : s_floor.c.obj

Run/Load            
Value     Binding   Name (Section)
--------  --------  ---------------
003f2576  local     $C$FL1 (.econst)
003f257a  local     $C$FL2 (.econst)
003ebf6d  local     $C$L1 (.text)
003ebfc5  local     $C$L10 (.text)
003ebfe5  local     $C$L11 (.text)
003ebfe7  local     $C$L12 (.text)
003ebff3  local     $C$L13 (.text)
003ebff8  local     $C$L14 (.text)
003ebf72  local     $C$L2 (.text)
003ebf73  local     $C$L3 (.text)
003ebf7b  local     $C$L4 (.text)
003ebf8e  local     $C$L5 (.text)
003ebf9d  local     $C$L6 (.text)
003ebfa0  local     $C$L7 (.text)
003ebfbc  local     $C$L8 (.text)
003ebfc2  local     $C$L9 (.text)
00000000  local     .bss (.bss)
00000000  local     .data (.data)
003f2572  local     .econst (.econst)
003ebf15  local     .text (.text)
003ebf15  global    _floorl (.text)
003f2572  local     _huge (.econst)


================================================================================

rts2800_ml.lib : s_scalbn.c.obj

Run/Load            
Value     Binding   Name (Section)
--------  --------  ---------------
003f2502  local     $C$FL1 (.econst)
003f2506  local     $C$FL2 (.econst)
003f250a  local     $C$FL3 (.econst)
003f250e  local     $C$FL4 (.econst)
003ec562  local     $C$L1 (.text)
003ec57b  local     $C$L2 (.text)
003ec58d  local     $C$L3 (.text)
003ec598  local     $C$L4 (.text)
003ec5ad  local     $C$L5 (.text)
003ec5b3  local     $C$L6 (.text)
003ec5be  local     $C$L7 (.text)
003ec5de  local     $C$L8 (.text)
003ec5e2  local     $C$L9 (.text)
00000000  local     .bss (.bss)
00000000  local     .data (.data)
003f24f6  local     .econst (.econst)
003ec53c  local     .text (.text)
003ec53c  global    _ldexpl (.text)
003ec53c  global    _scalbnl (.text)
003f24fe  local     _tiny (.econst)
003f24f6  local     _two54 (.econst)
003f24fa  local     _twom54 (.econst)


================================================================================

rts2800_ml.lib : s_copysign.c.obj

Run/Load            
Value     Binding   Name (Section)
--------  --------  ---------------
003ee868  local     $C$L1 (.text)
00000000  local     .bss (.bss)
00000000  local     .data (.data)
003ee847  local     .text (.text)
003ee847  global    _copysignl (.text)


================================================================================

rts2800_ml.lib : k_cosf.c.obj

Run/Load            
Value     Binding   Name (Section)
--------  --------  ---------------
003f2486  local     $C$FL1 (.econst)
003f248a  local     $C$FL2 (.econst)
003f248e  local     $C$FL3 (.econst)
003f2492  local     $C$FL4 (.econst)
003f2496  local     $C$FL5 (.econst)
00000000  local     .bss (.bss)
00000000  local     .data (.data)
003f2472  local     .econst (.econst)
003ece25  local     .text (.text)
003f2476  local     _C0 (.econst)
003f247a  local     _C1 (.econst)
003f247e  local     _C2 (.econst)
003f2482  local     _C3 (.econst)
003ece25  global    ___kernel_cosdf (.text)
003f2472  local     _one (.econst)


================================================================================

rts2800_ml.lib : k_sinf.c.obj

Run/Load            
Value     Binding   Name (Section)
--------  --------  ---------------
003f24ca  local     $C$FL1 (.econst)
003f24ce  local     $C$FL2 (.econst)
003f24d2  local     $C$FL3 (.econst)
003f24d6  local     $C$FL4 (.econst)
00000000  local     .bss (.bss)
00000000  local     .data (.data)
003f24ba  local     .econst (.econst)
003ecb64  local     .text (.text)
003f24ba  local     _S1 (.econst)
003f24be  local     _S2 (.econst)
003f24c2  local     _S3 (.econst)
003f24c6  local     _S4 (.econst)
003ecb64  global    ___kernel_sindf (.text)


================================================================================

rts2800_ml.lib : fd_cmp28.asm.obj

Run/Load            
Value     Binding   Name (Section)
--------  --------  ---------------
00000000  local     .bss (.bss)
00000000  local     .data (.data)
003ee454  local     .text (.text)
003ee464  local     CHECK_INF (.text)
003ee454  global    FD$$CMP (.text)
003ee47b  local     NO_NEG (.text)
003ee47c  local     OP_EQUAL (.text)
003ee474  local     RETURN (.text)


================================================================================

rts2800_ml.lib : fd_tol28.asm.obj

Run/Load            
Value     Binding   Name (Section)
--------  --------  ---------------
00000000  local     .bss (.bss)
00000000  local     .data (.data)
003eea32  local     .text (.text)
003eea32  global    FD$$TOL (.text)
003eea4b  local     OVERFLOW (.text)
003eea4a  local     RETURN_VALUE (.text)
003eea4f  local     UNDERFLOW (.text)


================================================================================

rts2800_ml.lib : ll_aox28.asm.obj

Run/Load            
Value     Binding   Name (Section)
--------  --------  ---------------
00000000  local     .bss (.bss)
00000000  local     .data (.data)
003eed8e  local     .text (.text)
003eed8e  global    LL$$AND (.text)
003eed96  global    LL$$OR (.text)
003eed9e  global    LL$$XOR (.text)


================================================================================

rts2800_ml.lib : i_div28.asm.obj

Run/Load            
Value     Binding   Name (Section)
--------  --------  ---------------
00000000  local     .bss (.bss)
00000000  local     .data (.data)
003ee8d0  local     .text (.text)
003ee8d0  global    I$$DIV (.text)
003ee8e1  global    I$$MOD (.text)
003ee8e0  local     RET1 (.text)
003ee8f0  local     RET2 (.text)


================================================================================

rts2800_ml.lib : l_tofd28.asm.obj

Run/Load            
Value     Binding   Name (Section)
--------  --------  ---------------
003eeb7d  local     $10 (.text)
00000000  local     .bss (.bss)
00000000  local     .data (.data)
003eeb6f  local     .text (.text)
003eeb6f  global    L$$TOFD (.text)
003eeb89  local     OP_ZERO (.text)
003eeb88  local     RETURN (.text)
003eeb86  local     RETURN_VALUE (.text)


================================================================================

rts2800_ml.lib : fd_tofs28.asm.obj

Run/Load            
Value     Binding   Name (Section)
--------  --------  ---------------
00000000  local     .bss (.bss)
00000000  local     .data (.data)
003ee934  local     .text (.text)
003ee941  local     EXP_EVAL (.text)
003ee934  global    FD$$TOFS (.text)
003ee94d  local     OVERFLOW (.text)
003ee94c  local     RETURN_VALUE (.text)
003ee953  local     UNDERFLOW (.text)


================================================================================

rts2800_ml.lib : errno.c.obj

Run/Load            
Value     Binding   Name (Section)
--------  --------  ---------------
00000000  local     .bss (.bss)
003f2eae  local     .cinit (.cinit)
00000000  local     .data (.data)
0000d8bb  local     .ebss (.ebss)
00000000  local     .text (.text)
0000d8bb  global    _errno (.ebss)


================================================================================

