******************************************************************************
             TMS320C2000 Linker PC v22.6.0                     
******************************************************************************
>> Linked Sat Sep 24 23:22:15 2022

OUTPUT FILE NAME:   <../../../04_Output_Files/Motor28062/TEST_CSMON_C28xx.out>
ENTRY POINT SYMBOL: "_c_int00"  address: 003f0ecd


MEMORY CONFIGURATION

         name            origin    length      used     unused   attr    fill
----------------------  --------  ---------  --------  --------  ----  --------
PAGE 0:
  RAML0                 00008000   00000800  00000008  000007f8  RWIX
  RAML1                 00008800   00000400  00000000  00000400  RWIX
  OTP                   003d7800   00000400  00000000  00000400  RWIX
  FLASH_APP             003e8000   0000bf80  0000b55a  00000a26  RWIX
  CSM_RSVD              003f7f80   00000076  00000076  00000000  RWIX
  BEGIN                 003f7ff6   00000002  00000000  00000002  RWIX
  CSM_PWL_P0            003f7ff8   00000008  00000008  00000000  RWIX
  FPUTABLES             003fd590   000006a0  00000000  000006a0  RWIX
  IQTABLES              003fdf00   00000b50  00000000  00000b50  RWIX
  IQTABLES2             003fea50   0000008c  00000000  0000008c  RWIX
  IQTABLES3             003feadc   000000aa  00000000  000000aa  RWIX
  ROM                   003ff3b0   00000c10  00000000  00000c10  RWIX
  RESET                 003fffc0   00000002  00000000  00000002  RWIX
  VECTORS               003fffc2   0000003e  00000000  0000003e  RWIX

PAGE 1:
  BOOT_RSVD             00000000   00000050  00000000  00000050  RWIX
  RAMM0                 00000050   000003b0  00000380  00000030  RWIX
  RAMM1                 00000400   00000400  00000000  00000400  RWIX
  DEV_EMU               00000880   00000105  00000004  00000101  RWIX
  SYS_PWR_CTL           00000985   00000003  00000003  00000000  RWIX
  FLASH_REGS            00000a80   00000060  00000008  00000058  RWIX
  CSM                   00000ae0   00000020  00000010  00000010  RWIX
  ADC_RESULT            00000b00   00000020  00000010  00000010  RWIX
  CPU_TIMER0            00000c00   00000008  00000008  00000000  RWIX
  CPU_TIMER1            00000c08   00000008  00000008  00000000  RWIX
  CPU_TIMER2            00000c10   00000008  00000008  00000000  RWIX
  PIE_CTRL              00000ce0   00000020  0000001a  00000006  RWIX
  PIE_VECT              00000d00   00000100  00000100  00000000  RWIX
  DMA                   00001000   00000200  000000e0  00000120  RWIX
  CLA1                  00001400   00000080  00000040  00000040  RWIX
  USB0                  00004000   00001000  00000454  00000bac  RWIX
  McBSPA                00005000   00000040  00000024  0000001c  RWIX
  ECANA                 00006000   00000040  00000034  0000000c  RWIX
  ECANA_LAM             00006040   00000040  00000040  00000000  RWIX
  ECANA_MOTS            00006080   00000040  00000040  00000000  RWIX
  ECANA_MOTO            000060c0   00000040  00000040  00000000  RWIX
  ECANA_MBOX            00006100   00000100  00000100  00000000  RWIX
  COMP1                 00006400   00000020  00000014  0000000c  RWIX
  COMP2                 00006420   00000020  00000014  0000000c  RWIX
  COMP3                 00006440   00000020  00000014  0000000c  RWIX
  EPWM1                 00006800   00000040  00000040  00000000  RWIX
  EPWM2                 00006840   00000040  00000040  00000000  RWIX
  EPWM3                 00006880   00000040  00000040  00000000  RWIX
  EPWM4                 000068c0   00000040  00000040  00000000  RWIX
  EPWM5                 00006900   00000040  00000040  00000000  RWIX
  EPWM6                 00006940   00000040  00000040  00000000  RWIX
  EPWM7                 00006980   00000040  00000040  00000000  RWIX
  EPWM8                 000069c0   00000040  00000040  00000000  RWIX
  ECAP1                 00006a00   00000020  00000020  00000000  RWIX
  ECAP2                 00006a20   00000020  00000020  00000000  RWIX
  ECAP3                 00006a40   00000020  00000020  00000000  RWIX
  HRCAP1                00006ac0   00000020  00000020  00000000  RWIX
  HRCAP2                00006ae0   00000020  00000020  00000000  RWIX
  EQEP1                 00006b00   00000040  00000022  0000001e  RWIX
  EQEP2                 00006b40   00000040  00000022  0000001e  RWIX
  HRCAP3                00006c80   00000020  00000020  00000000  RWIX
  HRCAP4                00006ca0   00000020  00000020  00000000  RWIX
  GPIOCTRL              00006f80   00000040  00000040  00000000  RWIX
  GPIODAT               00006fc0   00000020  00000020  00000000  RWIX
  GPIOINT               00006fe0   00000020  00000020  00000000  RWIX
  SYSTEM                00007010   00000030  00000030  00000000  RWIX
  SPIA                  00007040   00000010  00000010  00000000  RWIX
  SCIA                  00007050   00000010  00000010  00000000  RWIX
  NMIINTRUPT            00007060   00000010  00000010  00000000  RWIX
  XINTRUPT              00007070   00000010  00000010  00000000  RWIX
  ADC                   00007100   00000080  00000050  00000030  RWIX
  SPIB                  00007740   00000010  00000010  00000000  RWIX
  SCIB                  00007750   00000010  00000010  00000000  RWIX
  I2CA                  00007900   00000040  00000022  0000001e  RWIX
  RAML2                 00008c00   00000400  00000000  00000400  RWIX
  RAML3                 00009000   00001000  00000000  00001000  RWIX
  RAML4                 0000a000   00002000  00002000  00000000  RWIX
  RAML5                 0000c000   00002000  00001c59  000003a7  RWIX
  RAML6                 0000e000   00002000  00000000  00002000  RWIX
  RAML7                 00010000   00002000  00000000  00002000  RWIX
  RAML8                 00012000   00002000  00000000  00002000  RWIX
  USB_RAM               00040000   00000800  00000000  00000800  RWIX
  PARTID                003d7e80   00000001  00000001  00000000  RWIX
  CSM_PWL               003f7ff8   00000008  00000008  00000000  RWIX


SECTION ALLOCATION MAP

 output                                  attributes/
section   page    origin      length       input sections
--------  ----  ----------  ----------   ----------------
.cinit     0    003f2bc8    00000973     
                  003f2bc8    0000021f     CSMON_C28xx.lib : hmmodbus.obj (.cinit)
                  003f2de7    00000154     main.obj (.cinit)
                  003f2f3b    00000131     CSMON_C28xx.lib : csmon.obj (.cinit)
                  003f306c    000000c3                     : modbusreg.obj (.cinit:_QueueTestTable)
                  003f312f    00000078                     : modbusreg.obj (.cinit)
                  003f31a7    0000003f                     : csmon.obj (.cinit:_CSMON_au8FileRecorderDataElementsSizeTable)
                  003f31e6    00000033                     : hmrecparam.obj (.cinit:_sRecStatusParam)
                  003f3219    00000030                     : csmon.obj (.cinit:_CSMON_au8FileRecorderConfigElementsSizeTable)
                  003f3249    0000002b                     : csmon.obj (.cinit:_CSMON_au8FileScopeConfigurationElementsSizeTable)
                  003f3274    00000028     io_drv.obj (.cinit)
                  003f329c    00000026     rtc_drv.obj (.cinit)
                  003f32c2    0000001f     CSMON_C28xx.lib : hmrecparam.obj (.cinit:_sRecStatusParamInternal)
                  003f32e1    00000016     main.obj (.cinit:_sExternalRecoderHandle)
                  003f32f7    00000014     CSMON_C28xx.lib : hmdrv.obj (.cinit)
                  003f330b    00000014                     : hmprotocol.obj (.cinit)
                  003f331f    00000013                     : modbusreg.obj (.cinit:_MODBUSREG_au8DeviceIDUserApplicationName)
                  003f3332    00000013                     : modbusreg.obj (.cinit:_MODBUSREG_au8DeviceIDVendorUrl)
                  003f3345    00000013                     : modbusreg.obj (.cinit:_MODBUSREG_au8ServerIDData)
                  003f3358    0000000f                     : modbusreg.obj (.cinit:_MODBUSREG_au8DeviceIDModelName)
                  003f3367    0000000f     device.obj (.cinit)
                  003f3376    0000000e     rts2800_ml.lib : exit.c.obj (.cinit)
                  003f3384    0000000d     CSMON_C28xx.lib : csmon.obj (.cinit:_CSMON_au8FileParameterCountElementsSizeTable)
                  003f3391    0000000d                     : csmon.obj (.cinit:_CSMON_au8FileRTCElementsSizeTable)
                  003f339e    0000000d     tmr_drv.obj (.cinit)
                  003f33ab    0000000c     CSMON_C28xx.lib : csmon.obj (.cinit:_CSMON_au8FileParameterNumericElementsSizeTable)
                  003f33b7    0000000c                     : modbusreg.obj (.cinit:_MODBUSREG_au8DeviceIDProductName)
                  003f33c3    0000000c                     : modbusreg.obj (.cinit:_MODBUSREG_au8DeviceIDUserReserve0)
                  003f33cf    0000000c                     : modbusreg.obj (.cinit:_MODBUSREG_au8DeviceIDUserReserve1)
                  003f33db    0000000c                     : modbusreg.obj (.cinit:_MODBUSREG_au8DeviceIDUserReserve2)
                  003f33e7    0000000c                     : modbusreg.obj (.cinit:_MODBUSREG_au8DeviceIDVendorName)
                  003f33f3    0000000b                     : hmrecparam.obj (.cinit)
                  003f33fe    0000000b     uart_driver.obj (.cinit:_UART_DRV_RXIntOverflowCounter)
                  003f3409    0000000b     uart_driver.obj (.cinit:_UART_DRV_u32TimeDiffLast)
                  003f3414    0000000b     uart_driver.obj (.cinit:_UART_DRV_u32TimeDiffNow)
                  003f341f    0000000b     uart_driver.obj (.cinit:_UART_DRV_u32TimeDiffRead)
                  003f342a    0000000b     CSMON_C28xx.lib : uart_drv.obj (.cinit:_UART_RXIntOverflowCounter)
                  003f3435    0000000b     tmr_drv.obj (.cinit:_pfDelayedFunction)
                  003f3440    0000000b     tmr_drv.obj (.cinit:_pfDelayedFunction_u8)
                  003f344b    0000000b     CSMON_C28xx.lib : uart_drv.obj (.cinit:_u32TimeDiffLast)
                  003f3456    0000000b                     : uart_drv.obj (.cinit:_u32TimeDiffNow)
                  003f3461    0000000b                     : uart_drv.obj (.cinit:_u32TimeDiffRead)
                  003f346c    00000009                     : hmserial.obj (.cinit)
                  003f3475    00000009                     : csmon.obj (.cinit:_CSMON_au32FileAutorization_FunctionAfterWriteFileRecord)
                  003f347e    00000009                     : hmscopeparam.obj (.cinit:_pBufferScope)
                  003f3487    00000008                     : hmlib.obj (.cinit)
                  003f348f    00000007                     : csmon.obj (.cinit:_CSMON_au8FileParameterListElementsSizeTablePart1)
                  003f3496    00000007                     : csmon.obj (.cinit:_CSMON_au8FileRecorderStatusElementsSizeTable)
                  003f349d    00000007                     : modbusreg.obj (.cinit:_MODBUSREG_au8DeviceIDMajorMinorRevision)
                  003f34a4    00000007                     : modbusreg.obj (.cinit:_MODBUSREG_au8DeviceIDProductCode)
                  003f34ab    00000007                     : uart_drv.obj (.cinit:_UARTRxBufferRDCount)
                  003f34b2    00000007                     : uart_drv.obj (.cinit:_UARTRxBufferRDIndex)
                  003f34b9    00000007                     : uart_drv.obj (.cinit:_UARTRxBufferWRCount)
                  003f34c0    00000007                     : uart_drv.obj (.cinit:_UARTRxBufferWRIndex)
                  003f34c7    00000007     uart_driver.obj (.cinit:_UART_DRV_RxBufferRDCount)
                  003f34ce    00000007     uart_driver.obj (.cinit:_UART_DRV_RxBufferRDIndex)
                  003f34d5    00000007     uart_driver.obj (.cinit:_UART_DRV_RxBufferWRCount)
                  003f34dc    00000007     uart_driver.obj (.cinit:_UART_DRV_RxBufferWRIndex)
                  003f34e3    00000006     CSMON_C28xx.lib : csmon.obj (.cinit:_CSMON_abFileAutorization_RecordReadOnly)
                  003f34e9    00000006                     : csmon.obj (.cinit:_CSMON_abFileAutorization_RecordStringData)
                  003f34ef    00000006                     : csmon.obj (.cinit:_CSMON_au16FileAutorization_RecordOffsets)
                  003f34f5    00000006                     : csmon.obj (.cinit:_CSMON_au8FileRecorderDataElementsSizeTableUsedLength)
                  003f34fb    00000006                     : hmscopeparam.obj (.cinit:_nSizeBytesScopeBuffer)
                  003f3501    00000005                     : modbusreg.obj (.cinit:_HMMODBUS_u32CoilAddressTableInRam)
                  003f3506    00000005                     : modbusreg.obj (.cinit:_MODBUSREG_sInputCoilAddressTableInRam)
                  003f350b    00000005     rts2800_ml.lib : _lock.c.obj (.cinit:__lock)
                  003f3510    00000005                    : _lock.c.obj (.cinit:__unlock)
                  003f3515    00000004     CSMON_C28xx.lib : hmscopeparam.obj (.cinit)
                  003f3519    00000004                     : uart_drv.obj (.cinit)
                  003f351d    00000004                     : csmon.obj (.cinit:_CSMON_au8FileParameterListElementsSizeTablePart2)
                  003f3521    00000004                     : csmon.obj (.cinit:_CSMON_au8FileParameterListElementsSizeTablePart3)
                  003f3525    00000004                     : csmon.obj (.cinit:_CSMON_au8FileScopeStatusElementsSizeTable)
                  003f3529    00000004                     : modbusreg.obj (.cinit:_MODBUSREG_asFileTable)
                  003f352d    00000004                     : modbusreg.obj (.cinit:_MODBUSREG_asQueueTable)
                  003f3531    00000004                     : hmrecparam.obj (.cinit:_sRecTimeBase)
                  003f3535    00000004     rts2800_ml.lib : errno.c.obj (.cinit)
                  003f3539    00000002     --HOLE-- [fill = 0]

.pinit     0    003e8000    00000000     UNINITIALIZED

.text      0    003e8000    00009261     
                  003e8000    00002140     CSMON_C28xx.lib : hmmodbus.obj (.text)
                  003ea140    00001f04                     : csmon.obj (.text)
                  003ec044    00000d7a                     : modbusreg.obj (.text)
                  003ecdbe    00000983                     : hmdrv.obj (.text)
                  003ed741    00000698     rts2800_ml.lib : k_rem_pio2.c.obj (.text)
                  003eddd9    00000606     CSMON_C28xx.lib : hmrecparam.obj (.text)
                  003ee3df    000004de     main.obj (.text)
                  003ee8bd    00000444     sysctl.obj (.text)
                  003eed01    00000242     CSMON_C28xx.lib : Hash.obj (.text)
                  003eef43    0000021f                     : hmrec.obj (.text)
                  003ef162    00000202                     : hmserial.obj (.text)
                  003ef364    000001cc     F2806x_DefaultIsr.obj (.text:retain)
                  003ef530    000001bf     CSMON_C28xx.lib : hmprotocol.obj (.text)
                  003ef6ef    0000019a                     : uart_drv.obj (.text)
                  003ef889    00000192     F2806x_SysCtrl.obj (.text)
                  003efa1b    0000018c     gpio.obj (.text)
                  003efba7    00000177     interrupt.obj (.text)
                  003efd1e    00000155     CSMON_C28xx.lib : hmlib.obj (.text)
                  003efe73    0000013c                     : hmscopeparam.obj (.text)
                  003effaf    00000130     uart_driver.obj (.text)
                  003f00df    00000114     rts2800_ml.lib : s_sinf.c.obj (.text)
                  003f01f3    00000107                    : ll_div28.asm.obj (.text)
                  003f02fa    000000ea     tmr_drv.obj (.text)
                  003f03e4    000000e8     rts2800_ml.lib : s_floor.c.obj (.text)
                  003f04cc    000000d3     sci.obj (.text)
                  003f059f    000000ae     tmr_drv.obj (.text:retain)
                  003f064d    000000aa     rts2800_ml.lib : s_scalbn.c.obj (.text)
                  003f06f7    000000a7                    : e_rem_pio2f.c.obj (.text)
                  003f079e    0000009c                    : fd_add28.asm.obj (.text)
                  003f083a    00000094     sci_driver.obj (.text)
                  003f08ce    00000092     rts2800_ml.lib : k_sinf.c.obj (.text)
                  003f0960    00000090     sci_driver.obj (.text:retain)
                  003f09f0    00000090     sci_drv.obj (.text:retain)
                  003f0a80    0000008f     sci_drv.obj (.text)
                  003f0b0f    0000008b     rts2800_ml.lib : fd_div28.asm.obj (.text)
                  003f0b9a    00000087                    : k_cosf.c.obj (.text)
                  003f0c21    00000083                    : fd_mpy28.asm.obj (.text)
                  003f0ca4    00000083                    : fs_div28.asm.obj (.text)
                  003f0d27    00000078                    : fs_add28.asm.obj (.text)
                  003f0d9f    00000071     CSMON_C28xx.lib : hmscope.obj (.text)
                  003f0e10    00000063     int_drv.obj (.text)
                  003f0e73    0000005a     rts2800_ml.lib : fs_mpy28.asm.obj (.text)
                  003f0ecd    00000054                    : boot28.asm.obj (.text)
                  003f0f21    0000002a                    : fd_cmp28.asm.obj (.text)
                  003f0f4b    00000029                    : exit.c.obj (.text)
                  003f0f74    00000029                    : fs_tol28.asm.obj (.text)
                  003f0f9d    00000028     F2806x_PieCtrl.obj (.text)
                  003f0fc5    00000025     rts2800_ml.lib : fs_toi28.asm.obj (.text)
                  003f0fea    00000024                    : cpy_tbl.c.obj (.text)
                  003f100e    00000023                    : s_copysign.c.obj (.text)
                  003f1031    00000022                    : i_div28.asm.obj (.text)
                  003f1053    00000021                    : fd_tofs28.asm.obj (.text)
                  003f1074    00000021                    : fs_toul28.asm.obj (.text)
                  003f1095    0000001f                    : fd_tol28.asm.obj (.text)
                  003f10b4    0000001e     device.obj (.text)
                  003f10d2    0000001d     rts2800_ml.lib : fs_tou28.asm.obj (.text)
                  003f10ef    0000001d                    : memcpy.c.obj (.text)
                  003f110c    0000001c                    : fs_tofd28.asm.obj (.text)
                  003f1128    0000001c                    : l_tofd28.asm.obj (.text)
                  003f1144    0000001b                    : fd_toul28.asm.obj (.text)
                  003f115f    0000001a                    : l_tofs28.asm.obj (.text)
                  003f1179    00000018                    : ll_aox28.asm.obj (.text)
                  003f1191    00000017                    : fs_cmp28.asm.obj (.text)
                  003f11a8    00000017                    : u_tofd28.asm.obj (.text)
                  003f11bf    00000015     F2806x_Gpio.obj (.text)
                  003f11d4    00000013     rts2800_ml.lib : ul_tofs28.asm.obj (.text)
                  003f11e7    00000011     F2806x_PieVect.obj (.text)
                  003f11f8    00000011     rts2800_ml.lib : args_main.c.obj (.text)
                  003f1209    00000010                    : u_tofs28.asm.obj (.text)
                  003f1219    0000000e                    : fd_sub28.asm.obj (.text)
                  003f1227    0000000b                    : u_div28.asm.obj (.text)
                  003f1232    00000009                    : _lock.c.obj (.text)
                  003f123b    00000009                    : fd_neg28.asm.obj (.text)
                  003f1244    00000007     F2806x_DisInt.obj (.text)
                  003f124b    00000006     cputimer.obj (.text)
                  003f1251    00000005     interrupt.obj (.text:retain)
                  003f1256    00000005     rts2800_ml.lib : fs_neg28.asm.obj (.text)
                  003f125b    00000003     F2806x_DBGIER.obj (.text)
                  003f125e    00000002     rts2800_ml.lib : pre_init.c.obj (.text)
                  003f1260    00000001                    : startup.c.obj (.text)

ramfuncs   0    003f1261    00000008     RUN ADDR = 00008000
                  003f1261    00000004     sysctl.obj (ramfuncs)
                  003f1265    00000004     F2806x_usDelay.obj (ramfuncs)

csm_rsvd   0    003f7f80    00000076     
                  003f7f80    00000076     F2806x_CSMPasswords.obj (csm_rsvd)

csmpasswds 
*          0    003f7ff8    00000008     
                  003f7ff8    00000008     F2806x_CSMPasswords.obj (csmpasswds)

.stack     1    00000050    00000380     UNINITIALIZED
                  00000050    00000380     --HOLE--

.econst    0    003f126a    0000195e     
                  003f126a    00001400     main.obj (.econst:_asParameterList)
                  003f266a    00000100     CSMON_C28xx.lib : hmmodbus.obj (.econst:.string:_auchCRCHi)
                  003f276a    00000100                     : hmmodbus.obj (.econst:.string:_auchCRCLo)
                  003f286a    00000100     F2806x_PieVect.obj (.econst:_PieVectTableInit)
                  003f296a    00000084     rts2800_ml.lib : k_rem_pio2.c.obj (.econst:_ipio2)
                  003f29ee    00000050     CSMON_C28xx.lib : csmon.obj (.econst:_CSMON_asAccessLevelPasswords)
                  003f2a3e    0000002c     rts2800_ml.lib : k_rem_pio2.c.obj (.econst)
                  003f2a6a    00000028                    : k_cosf.c.obj (.econst)
                  003f2a92    00000020                    : k_rem_pio2.c.obj (.econst:_PIo2)
                  003f2ab2    00000020                    : k_sinf.c.obj (.econst)
                  003f2ad2    0000001f     CSMON_C28xx.lib : Hash.obj (.econst:.string:_noPrime8)
                  003f2af1    0000001d                     : Hash.obj (.econst:.string:_prime8)
                  003f2b0e    0000001c     rts2800_ml.lib : e_rem_pio2f.c.obj (.econst)
                  003f2b2a    0000001c                    : s_scalbn.c.obj (.econst)
                  003f2b46    00000018     CSMON_C28xx.lib : csmon.obj (.econst:_$P$T45$2)
                  003f2b5e    00000018     rts2800_ml.lib : s_sinf.c.obj (.econst)
                  003f2b76    00000014     CSMON_C28xx.lib : csmon.obj (.econst:_CSMON_au8FileImplementedFunctionCodes)
                  003f2b8a    00000010     main.obj (.econst)
                  003f2b9a    0000000c     CSMON_C28xx.lib : hmprotocol.obj (.econst:.string)
                  003f2ba6    0000000c     rts2800_ml.lib : s_floor.c.obj (.econst)
                  003f2bb2    00000006     CSMON_C28xx.lib : csmon.obj (.econst:_$P$T44$1)
                  003f2bb8    00000004     rts2800_ml.lib : k_rem_pio2.c.obj (.econst:_init_jk)
                  003f2bbc    00000003     CSMON_C28xx.lib : csmon.obj (.econst:_CSMON_au8FileParameterListElementsCountInPartTable)
                  003f2bbf    00000003                     : modbusreg.obj (.econst:_HMMODBUS_u32CoilAddressTable)
                  003f2bc2    00000003                     : modbusreg.obj (.econst:_MODBUSREG_sInputCoilAddressTable)
                  003f2bc5    00000003                     : modbusreg.obj (.econst:_MODBUSREG_sInputRegisterAddressTable)

.switch    0    003f353c    00000020     
                  003f353c    00000020     CSMON_C28xx.lib : csmon.obj (.switch:_CSMON_eSetParameter)

.reset     0    003fffc0    00000002     DSECT
                  003fffc0    00000002     rts2800_ml.lib : boot28.asm.obj (.reset)

vectors    0    003fffc2    00000000     DSECT

DevEmuRegsFile 
*          1    00000880    00000004     UNINITIALIZED
                  00000880    00000004     F2806x_GlobalVariableDefs.obj (DevEmuRegsFile)

SysPwrCtrlRegsFile 
*          1    00000985    00000003     UNINITIALIZED
                  00000985    00000003     F2806x_GlobalVariableDefs.obj (SysPwrCtrlRegsFile)

FlashRegsFile 
*          1    00000a80    00000008     UNINITIALIZED
                  00000a80    00000008     F2806x_GlobalVariableDefs.obj (FlashRegsFile)

CsmRegsFile 
*          1    00000ae0    00000010     UNINITIALIZED
                  00000ae0    00000010     F2806x_GlobalVariableDefs.obj (CsmRegsFile)

AdcResultFile 
*          1    00000b00    00000010     UNINITIALIZED
                  00000b00    00000010     F2806x_GlobalVariableDefs.obj (AdcResultFile)

CpuTimer0RegsFile 
*          1    00000c00    00000008     UNINITIALIZED
                  00000c00    00000008     F2806x_GlobalVariableDefs.obj (CpuTimer0RegsFile)

CpuTimer1RegsFile 
*          1    00000c08    00000008     UNINITIALIZED
                  00000c08    00000008     F2806x_GlobalVariableDefs.obj (CpuTimer1RegsFile)

CpuTimer2RegsFile 
*          1    00000c10    00000008     UNINITIALIZED
                  00000c10    00000008     F2806x_GlobalVariableDefs.obj (CpuTimer2RegsFile)

PieCtrlRegsFile 
*          1    00000ce0    0000001a     UNINITIALIZED
                  00000ce0    0000001a     F2806x_GlobalVariableDefs.obj (PieCtrlRegsFile)

PieVectTableFile 
*          1    00000d00    00000100     UNINITIALIZED
                  00000d00    00000100     F2806x_GlobalVariableDefs.obj (PieVectTableFile)

EmuKeyVar 
*          1    00000d00    00000001     UNINITIALIZED
                  00000d00    00000001     F2806x_GlobalVariableDefs.obj (EmuKeyVar)

EmuBModeVar 
*          1    00000d01    00000001     UNINITIALIZED
                  00000d01    00000001     F2806x_GlobalVariableDefs.obj (EmuBModeVar)

FlashCallbackVar 
*          1    00000d02    00000002     UNINITIALIZED
                  00000d02    00000002     F2806x_GlobalVariableDefs.obj (FlashCallbackVar)

FlashScalingVar 
*          1    00000d04    00000002     UNINITIALIZED
                  00000d04    00000002     F2806x_GlobalVariableDefs.obj (FlashScalingVar)

DmaRegsFile 
*          1    00001000    000000e0     UNINITIALIZED
                  00001000    000000e0     F2806x_GlobalVariableDefs.obj (DmaRegsFile)

Cla1RegsFile 
*          1    00001400    00000040     UNINITIALIZED
                  00001400    00000040     F2806x_GlobalVariableDefs.obj (Cla1RegsFile)

Usb0RegsFile 
*          1    00004000    00000454     UNINITIALIZED
                  00004000    00000454     F2806x_GlobalVariableDefs.obj (Usb0RegsFile)

McbspaRegsFile 
*          1    00005000    00000024     UNINITIALIZED
                  00005000    00000024     F2806x_GlobalVariableDefs.obj (McbspaRegsFile)

ECanaRegsFile 
*          1    00006000    00000034     UNINITIALIZED
                  00006000    00000034     F2806x_GlobalVariableDefs.obj (ECanaRegsFile)

ECanaLAMRegsFile 
*          1    00006040    00000040     UNINITIALIZED
                  00006040    00000040     F2806x_GlobalVariableDefs.obj (ECanaLAMRegsFile)

ECanaMOTSRegsFile 
*          1    00006080    00000040     UNINITIALIZED
                  00006080    00000040     F2806x_GlobalVariableDefs.obj (ECanaMOTSRegsFile)

ECanaMOTORegsFile 
*          1    000060c0    00000040     UNINITIALIZED
                  000060c0    00000040     F2806x_GlobalVariableDefs.obj (ECanaMOTORegsFile)

ECanaMboxesFile 
*          1    00006100    00000100     UNINITIALIZED
                  00006100    00000100     F2806x_GlobalVariableDefs.obj (ECanaMboxesFile)

Comp1RegsFile 
*          1    00006400    00000014     UNINITIALIZED
                  00006400    00000014     F2806x_GlobalVariableDefs.obj (Comp1RegsFile)

Comp2RegsFile 
*          1    00006420    00000014     UNINITIALIZED
                  00006420    00000014     F2806x_GlobalVariableDefs.obj (Comp2RegsFile)

Comp3RegsFile 
*          1    00006440    00000014     UNINITIALIZED
                  00006440    00000014     F2806x_GlobalVariableDefs.obj (Comp3RegsFile)

EPwm1RegsFile 
*          1    00006800    00000040     UNINITIALIZED
                  00006800    00000040     F2806x_GlobalVariableDefs.obj (EPwm1RegsFile)

EPwm2RegsFile 
*          1    00006840    00000040     UNINITIALIZED
                  00006840    00000040     F2806x_GlobalVariableDefs.obj (EPwm2RegsFile)

EPwm3RegsFile 
*          1    00006880    00000040     UNINITIALIZED
                  00006880    00000040     F2806x_GlobalVariableDefs.obj (EPwm3RegsFile)

EPwm4RegsFile 
*          1    000068c0    00000040     UNINITIALIZED
                  000068c0    00000040     F2806x_GlobalVariableDefs.obj (EPwm4RegsFile)

EPwm5RegsFile 
*          1    00006900    00000040     UNINITIALIZED
                  00006900    00000040     F2806x_GlobalVariableDefs.obj (EPwm5RegsFile)

EPwm6RegsFile 
*          1    00006940    00000040     UNINITIALIZED
                  00006940    00000040     F2806x_GlobalVariableDefs.obj (EPwm6RegsFile)

EPwm7RegsFile 
*          1    00006980    00000040     UNINITIALIZED
                  00006980    00000040     F2806x_GlobalVariableDefs.obj (EPwm7RegsFile)

EPwm8RegsFile 
*          1    000069c0    00000040     UNINITIALIZED
                  000069c0    00000040     F2806x_GlobalVariableDefs.obj (EPwm8RegsFile)

ECap1RegsFile 
*          1    00006a00    00000020     UNINITIALIZED
                  00006a00    00000020     F2806x_GlobalVariableDefs.obj (ECap1RegsFile)

ECap2RegsFile 
*          1    00006a20    00000020     UNINITIALIZED
                  00006a20    00000020     F2806x_GlobalVariableDefs.obj (ECap2RegsFile)

ECap3RegsFile 
*          1    00006a40    00000020     UNINITIALIZED
                  00006a40    00000020     F2806x_GlobalVariableDefs.obj (ECap3RegsFile)

HRCap1RegsFile 
*          1    00006ac0    00000020     UNINITIALIZED
                  00006ac0    00000020     F2806x_GlobalVariableDefs.obj (HRCap1RegsFile)

HRCap2RegsFile 
*          1    00006ae0    00000020     UNINITIALIZED
                  00006ae0    00000020     F2806x_GlobalVariableDefs.obj (HRCap2RegsFile)

EQep1RegsFile 
*          1    00006b00    00000022     UNINITIALIZED
                  00006b00    00000022     F2806x_GlobalVariableDefs.obj (EQep1RegsFile)

EQep2RegsFile 
*          1    00006b40    00000022     UNINITIALIZED
                  00006b40    00000022     F2806x_GlobalVariableDefs.obj (EQep2RegsFile)

HRCap3RegsFile 
*          1    00006c80    00000020     UNINITIALIZED
                  00006c80    00000020     F2806x_GlobalVariableDefs.obj (HRCap3RegsFile)

HRCap4RegsFile 
*          1    00006ca0    00000020     UNINITIALIZED
                  00006ca0    00000020     F2806x_GlobalVariableDefs.obj (HRCap4RegsFile)

GpioCtrlRegsFile 
*          1    00006f80    00000040     UNINITIALIZED
                  00006f80    00000040     F2806x_GlobalVariableDefs.obj (GpioCtrlRegsFile)

GpioDataRegsFile 
*          1    00006fc0    00000020     UNINITIALIZED
                  00006fc0    00000020     F2806x_GlobalVariableDefs.obj (GpioDataRegsFile)

GpioIntRegsFile 
*          1    00006fe0    00000020     UNINITIALIZED
                  00006fe0    00000020     F2806x_GlobalVariableDefs.obj (GpioIntRegsFile)

SysCtrlRegsFile 
*          1    00007010    00000030     UNINITIALIZED
                  00007010    00000030     F2806x_GlobalVariableDefs.obj (SysCtrlRegsFile)

SpiaRegsFile 
*          1    00007040    00000010     UNINITIALIZED
                  00007040    00000010     F2806x_GlobalVariableDefs.obj (SpiaRegsFile)

SciaRegsFile 
*          1    00007050    00000010     UNINITIALIZED
                  00007050    00000010     F2806x_GlobalVariableDefs.obj (SciaRegsFile)

NmiIntruptRegsFile 
*          1    00007060    00000010     UNINITIALIZED
                  00007060    00000010     F2806x_GlobalVariableDefs.obj (NmiIntruptRegsFile)

XIntruptRegsFile 
*          1    00007070    00000010     UNINITIALIZED
                  00007070    00000010     F2806x_GlobalVariableDefs.obj (XIntruptRegsFile)

AdcRegsFile 
*          1    00007100    00000050     UNINITIALIZED
                  00007100    00000050     F2806x_GlobalVariableDefs.obj (AdcRegsFile)

SpibRegsFile 
*          1    00007740    00000010     UNINITIALIZED
                  00007740    00000010     F2806x_GlobalVariableDefs.obj (SpibRegsFile)

ScibRegsFile 
*          1    00007750    00000010     UNINITIALIZED
                  00007750    00000010     F2806x_GlobalVariableDefs.obj (ScibRegsFile)

I2caRegsFile 
*          1    00007900    00000022     UNINITIALIZED
                  00007900    00000022     F2806x_GlobalVariableDefs.obj (I2caRegsFile)

PartIdRegsFile 
*          1    003d7e80    00000001     UNINITIALIZED
                  003d7e80    00000001     F2806x_GlobalVariableDefs.obj (PartIdRegsFile)

CsmPwlFile 
*          1    003f7ff8    00000008     UNINITIALIZED
                  003f7ff8    00000008     F2806x_GlobalVariableDefs.obj (CsmPwlFile)

.ebss.1    1    0000a000    00002000     UNINITIALIZED
                  0000a000    00000800     CSMON_C28xx.lib : uart_drv.obj (.ebss:_UARTRxBufferTimeDiff)
                  0000a800    00000800                     : hmrec.obj (.ebss:_au8RecBuffer0)
                  0000b000    00000516                     : modbusreg.obj (.ebss:_MODBUSREG_asFileTable)
                  0000b516    0000002a                     : modbusreg.obj (.ebss)
                  0000b540    00000500                     : csmon.obj (.ebss)
                  0000ba40    00000400                     : csmon.obj (.ebss:_CSMON_asFileParameterDefinitionsFromAccessLevel)
                  0000be40    00000126                     : hmrecparam.obj (.ebss:_sRecHandleParam)
                  0000bf66    00000018     F2806x_CpuTimers.obj (.ebss)
                  0000bf7e    00000002     CSMON_C28xx.lib : hmlib.obj (.ebss)
                  0000bf80    0000007e                     : csmon.obj (.ebss:_sScopeConfigParam)
                  0000bffe    00000002                     : hmscopeparam.obj (.ebss)

.ebss.2    1    0000c000    00001c59     UNINITIALIZED
                  0000c000    00000400     CSMON_C28xx.lib : modbusreg.obj (.ebss:_MODBUSREG_u32RegisterAccessTableInRam)
                  0000c400    00000400                     : uart_drv.obj (.ebss:_UARTRxBuffer)
                  0000c800    00000300                     : hmscopeparam.obj (.ebss:_HMSCOPEPRM_u8Buffer)
                  0000cb00    00000200     uart_driver.obj (.ebss:_UART_DRV_RxBufferTimeDiff)
                  0000cd00    00000200     CSMON_C28xx.lib : hmmodbus.obj (.ebss:_u32ModbusTimeoutBuffer)
                  0000cf00    00000108                     : hmrec.obj (.ebss:_sRecHandle)
                  0000d008    00000030                     : hmrecparam.obj (.ebss:_sRecStatusParam)
                  0000d038    00000008     sci_driver.obj (.ebss:_SCI_DRV_ErrorRx)
                  0000d040    00000100     CSMON_C28xx.lib : hmmodbus.obj (.ebss:_HMMODBUS_anTxCheckSum)
                  0000d140    00000100                     : hmmodbus.obj (.ebss:_HMMODBUS_pCommBufferRx)
                  0000d240    00000100                     : hmmodbus.obj (.ebss:_HMMODBUS_pCommBufferTx)
                  0000d340    00000100     uart_driver.obj (.ebss:_UART_DRV_RxBuffer)
                  0000d440    000000f2     CSMON_C28xx.lib : hmmodbus.obj (.ebss)
                  0000d532    0000000e                     : hmserial.obj (.ebss)
                  0000d540    000000c0                     : modbusreg.obj (.ebss:_QueueTestTable)
                  0000d600    000000c0                     : csmon.obj (.ebss:_sRecConfigParam)
                  0000d6c0    000000ba                     : hmscopeparam.obj (.ebss:_sScopeHandlePrm)
                  0000d77a    00000006                     : hmprotocol.obj (.ebss)
                  0000d780    00000088     main.obj (.ebss)
                  0000d808    0000002d     CSMON_C28xx.lib : csmon.obj (.ebss:_CSMON_au8FileRecorderConfigElementsSizeTable)
                  0000d835    00000001                     : hmrec.obj (.ebss)
                  0000d836    0000000a                     : hmdrv.obj (.ebss)
                  0000d840    00000079                     : hmserial.obj (.ebss:_pcm_pCommBuffer)
                  0000d8b9    00000001                     : csmon.obj (.ebss:_CSMON_au8FileParameterListElementsSizeTablePart2)
                  0000d8ba    00000006                     : csmon.obj (.ebss:_CSMON_au32FileAutorization_FunctionAfterWriteFileRecord)
                  0000d8c0    00000054                     : hmrecparam.obj (.ebss:_sRecExternParam)
                  0000d914    0000002a                     : csmon.obj (.ebss:_CSMON_au8FileScopeConfigurationElementsSizeTable)
                  0000d93e    00000002                     : csmon.obj (.ebss:_CSMON_abFlagProcessPassed)
                  0000d940    00000040                     : hmscope.obj (.ebss)
                  0000d980    0000003c                     : csmon.obj (.ebss:_CSMON_au8FileRecorderDataElementsSizeTable)
                  0000d9bc    00000004                     : csmon.obj (.ebss:_CSMON_au8FileParameterListElementsSizeTablePart1)
                  0000d9c0    00000024     io_drv.obj (.ebss)
                  0000d9e4    00000016     CSMON_C28xx.lib : uart_drv.obj (.ebss)
                  0000d9fa    00000006                     : csmon.obj (.ebss:_CSMON_au32FileParameterDefinitionsFileRecordElementsRealAddressTable)
                  0000da00    00000020                     : modbusreg.obj (.ebss:_MODBUSREG_asQueueTable)
                  0000da20    0000001e                     : hmrecparam.obj (.ebss:_sRecStatusParamInternal)
                  0000da3e    00000002     rts2800_ml.lib : _lock.c.obj (.ebss:__lock)
                  0000da40    00000014     main.obj (.ebss:_sExternalRecoderHandle)
                  0000da54    00000014     rtc_drv.obj (.ebss)
                  0000da68    00000012     CSMON_C28xx.lib : hmrecparam.obj (.ebss)
                  0000da7a    00000006                     : csmon.obj (.ebss:_CSMON_au32FileParameterDefinitionsFileRecordElementsSizeTable)
                  0000da80    00000010                     : modbusreg.obj (.ebss:_MODBUSREG_au8DeviceIDMajorMinorRevision)
                  0000da90    00000010                     : modbusreg.obj (.ebss:_MODBUSREG_au8DeviceIDModelName)
                  0000daa0    00000010                     : modbusreg.obj (.ebss:_MODBUSREG_au8DeviceIDProductCode)
                  0000dab0    00000010                     : modbusreg.obj (.ebss:_MODBUSREG_au8DeviceIDProductName)
                  0000dac0    00000010                     : modbusreg.obj (.ebss:_MODBUSREG_au8DeviceIDUserApplicationName)
                  0000dad0    00000010                     : modbusreg.obj (.ebss:_MODBUSREG_au8DeviceIDUserReserve0)
                  0000dae0    00000010                     : modbusreg.obj (.ebss:_MODBUSREG_au8DeviceIDUserReserve1)
                  0000daf0    00000010                     : modbusreg.obj (.ebss:_MODBUSREG_au8DeviceIDUserReserve2)
                  0000db00    00000010                     : modbusreg.obj (.ebss:_MODBUSREG_au8DeviceIDVendorName)
                  0000db10    00000010                     : modbusreg.obj (.ebss:_MODBUSREG_au8DeviceIDVendorUrl)
                  0000db20    00000010                     : modbusreg.obj (.ebss:_MODBUSREG_au8ServerIDData)
                  0000db30    0000000e                     : Hash.obj (.ebss:_primeIndArr)
                  0000db3e    00000002     rts2800_ml.lib : _lock.c.obj (.ebss:__unlock)
                  0000db40    0000000e     tmr_drv.obj (.ebss)
                  0000db4e    0000000a     CSMON_C28xx.lib : csmon.obj (.ebss:_CSMON_au8FileParameterCountElementsSizeTable)
                  0000db58    0000000a                     : csmon.obj (.ebss:_CSMON_au8FileRTCElementsSizeTable)
                  0000db62    0000000a                     : hmmodbus.obj (.ebss:_HMMODBUS_nFilePrimaryAddrWriteLast)
                  0000db6c    0000000a                     : hmmodbus.obj (.ebss:_HMMOSBUS_nFileWriteAddrReadLast)
                  0000db76    00000009                     : csmon.obj (.ebss:_CSMON_au8FileParameterNumericElementsSizeTable)
                  0000db7f    00000001                     : csmon.obj (.ebss:_CSMON_au8FileParameterListElementsSizeTablePart3)
                  0000db80    00000008     sci_drv.obj (.ebss:_SCI_ErrorRx)
                  0000db88    00000008     uart_driver.obj (.ebss:_UART_DRV_RXIntOverflowCounter)
                  0000db90    00000008     uart_driver.obj (.ebss:_UART_DRV_u32TimeDiffLast)
                  0000db98    00000008     uart_driver.obj (.ebss:_UART_DRV_u32TimeDiffNow)
                  0000dba0    00000008     uart_driver.obj (.ebss:_UART_DRV_u32TimeDiffRead)
                  0000dba8    00000008     CSMON_C28xx.lib : uart_drv.obj (.ebss:_UART_RXIntOverflowCounter)
                  0000dbb0    00000008     tmr_drv.obj (.ebss:_pfDelayedFunction)
                  0000dbb8    00000008     tmr_drv.obj (.ebss:_pfDelayedFunction_u8)
                  0000dbc0    00000008     CSMON_C28xx.lib : uart_drv.obj (.ebss:_u32TimeDiffLast)
                  0000dbc8    00000008                     : uart_drv.obj (.ebss:_u32TimeDiffNow)
                  0000dbd0    00000008                     : uart_drv.obj (.ebss:_u32TimeDiffRead)
                  0000dbd8    00000006                     : modbusreg.obj (.ebss:_HMMODBUS_u32CoilAddressTableInRam)
                  0000dbde    00000006                     : modbusreg.obj (.ebss:_MODBUSREG_sInputCoilAddressTableInRam)
                  0000dbe4    00000006                     : hmscopeparam.obj (.ebss:_pBufferScope)
                  0000dbea    00000006                     : hmrecparam.obj (.ebss:_u32RecorderLastFreeCounter)
                  0000dbf0    00000006                     : hmrecparam.obj (.ebss:_u32RecorderMicroSec)
                  0000dbf6    00000006     device.obj (.ebss)
                  0000dbfc    00000004     CSMON_C28xx.lib : csmon.obj (.ebss:_CSMON_au8FileRecorderStatusElementsSizeTable)
                  0000dc00    00000006     rts2800_ml.lib : exit.c.obj (.ebss)
                  0000dc06    00000004     CSMON_C28xx.lib : modbusreg.obj (.ebss:_MODBUSREG_sInputRegisterAddressTableInRam)
                  0000dc0a    00000004                     : uart_drv.obj (.ebss:_UARTRxBufferRDCount)
                  0000dc0e    00000004                     : uart_drv.obj (.ebss:_UARTRxBufferRDIndex)
                  0000dc12    00000004                     : uart_drv.obj (.ebss:_UARTRxBufferWRCount)
                  0000dc16    00000004                     : uart_drv.obj (.ebss:_UARTRxBufferWRIndex)
                  0000dc1a    00000004     uart_driver.obj (.ebss:_UART_DRV_RxBufferRDCount)
                  0000dc1e    00000004     uart_driver.obj (.ebss:_UART_DRV_RxBufferRDIndex)
                  0000dc22    00000004     uart_driver.obj (.ebss:_UART_DRV_RxBufferWRCount)
                  0000dc26    00000004     uart_driver.obj (.ebss:_UART_DRV_RxBufferWRIndex)
                  0000dc2a    00000004     tmr_drv.obj (.ebss:_u16TimerMainDelayedData)
                  0000dc2e    00000004     tmr_drv.obj (.ebss:_u16TimerMainFunctionDelay)
                  0000dc32    00000004     tmr_drv.obj (.ebss:_u16TimerMainFunctionDelayCompare)
                  0000dc36    00000004     tmr_drv.obj (.ebss:_u16TimerMainFunctionDelayCounter)
                  0000dc3a    00000003     CSMON_C28xx.lib : csmon.obj (.ebss:_CSMON_abFileAutorization_RecordReadOnly)
                  0000dc3d    00000003                     : csmon.obj (.ebss:_CSMON_abFileAutorization_RecordStringData)
                  0000dc40    00000003                     : csmon.obj (.ebss:_CSMON_au16FileAutorization_RecordOffsets)
                  0000dc43    00000003                     : csmon.obj (.ebss:_CSMON_au32FileParameterDefinitionsFileRecordElementsRecordToRecordOffsetSizeBytesTable)
                  0000dc46    00000003                     : csmon.obj (.ebss:_CSMON_au8FileRecorderDataElementsSizeTableUsedLength)
                  0000dc49    00000003                     : hmrecparam.obj (.ebss:_abRecorderJustStopped)
                  0000dc4c    00000003                     : hmrecparam.obj (.ebss:_abRecorderRunning)
                  0000dc4f    00000003                     : hmscopeparam.obj (.ebss:_nSizeBytesScopeBuffer)
                  0000dc52    00000003                     : hmscopeparam.obj (.ebss:_sScopeStatusParam)
                  0000dc55    00000001                     : csmon.obj (.ebss:_CSMON_au8FileScopeStatusElementsSizeTable)
                  0000dc56    00000001                     : modbusreg.obj (.ebss:_MODBUSREG_sInputRegisterAccessTableInRam)
                  0000dc57    00000001                     : hmrecparam.obj (.ebss:_sRecTimeBase)
                  0000dc58    00000001     rts2800_ml.lib : errno.c.obj (.ebss)

MODULE SUMMARY

       Module                          code    initialized data   uninitialized data
       ------                          ----    ----------------   ------------------
    .\01_Source_Test\
       main.obj                        1246    5498               156               
    +--+-------------------------------+-------+------------------+--------------------+
       Total:                          1246    5498               156               
                                                                                    
    .\01_Source_Test\peripheral_driver\
       uart_driver.obj                 304     72                 816               
       sci_driver.obj                  292     0                  8                 
    +--+-------------------------------+-------+------------------+--------------------+
       Total:                          596     72                 824               
                                                                                    
    .\C2806x_Device\
       device.obj                      30      15                 6                 
    +--+-------------------------------+-------+------------------+--------------------+
       Total:                          30      15                 6                 
                                                                                    
    .\C2806x_LIB\common\source\
       F2806x_DefaultIsr.obj           460     0                  0                 
       F2806x_SysCtrl.obj              402     0                  0                 
       F2806x_PieVect.obj              17      256                0                 
       F2806x_CSMPasswords.obj         0       126                0                 
       F2806x_PieCtrl.obj              40      0                  0                 
       F2806x_CpuTimers.obj            0       0                  24                
       F2806x_Gpio.obj                 21      0                  0                 
       F2806x_usDelay.obj              8       0                  0                 
       F2806x_DisInt.obj               7       0                  0                 
       F2806x_DBGIER.obj               3       0                  0                 
    +--+-------------------------------+-------+------------------+--------------------+
       Total:                          958     382                24                
                                                                                    
    .\C2806x_LIB\driverlib\
       interrupt.obj                   380     0                  0                 
    +--+-------------------------------+-------+------------------+--------------------+
       Total:                          380     0                  0                 
                                                                                    
    .\C2806x_LIB\headers\source\
       F2806x_GlobalVariableDefs.obj   0       0                  3550              
    +--+-------------------------------+-------+------------------+--------------------+
       Total:                          0       0                  3550              
                                                                                    
    .\Peripheral\01_Source\TMS320F2806x\
       sysctl.obj                      1100    0                  0                 
       tmr_drv.obj                     408     35                 46                
       gpio.obj                        396     0                  0                 
       sci_drv.obj                     287     0                  8                 
       sci.obj                         211     0                  0                 
       int_drv.obj                     99      0                  0                 
       io_drv.obj                      0       40                 36                
       rtc_drv.obj                     0       38                 20                
       cputimer.obj                    6       0                  0                 
    +--+-------------------------------+-------+------------------+--------------------+
       Total:                          2507    113                110               
                                                                                    
    C:/repo_git/fw_LIB_CSMON/04_Output_Files/Motor28062/CSMON_C28xx.lib
       csmon.obj                       7940    721                2844              
       hmmodbus.obj                    8512    1055               1542              
       modbusreg.obj                   3450    488                2785              
       uart_drv.obj                    410     76                 3142              
       hmrec.obj                       543     0                  2313              
       hmdrv.obj                       2435    20                 10                
       hmrecparam.obj                  1542    97                 493               
       hmscopeparam.obj                316     19                 968               
       hmserial.obj                    514     9                  135               
       Hash.obj                        578     60                 14                
       hmprotocol.obj                  447     32                 6                 
       hmlib.obj                       341     8                  2                 
       hmscope.obj                     113     0                  64                
    +--+-------------------------------+-------+------------------+--------------------+
       Total:                          27141   2585               14318             
                                                                                    
    C:\ti\ccs1100\ccs\tools\compiler\ti-cgt-c2000_22.6.0.LTS\lib\rts2800_ml.lib
       k_rem_pio2.c.obj                1688    212                0                 
       s_sinf.c.obj                    276     24                 0                 
       ll_div28.asm.obj                263     0                  0                 
       s_floor.c.obj                   232     12                 0                 
       s_scalbn.c.obj                  170     28                 0                 
       e_rem_pio2f.c.obj               167     28                 0                 
       k_sinf.c.obj                    146     32                 0                 
       k_cosf.c.obj                    135     40                 0                 
       fd_add28.asm.obj                156     0                  0                 
       fd_div28.asm.obj                139     0                  0                 
       fd_mpy28.asm.obj                131     0                  0                 
       fs_div28.asm.obj                131     0                  0                 
       fs_add28.asm.obj                120     0                  0                 
       fs_mpy28.asm.obj                90      0                  0                 
       boot28.asm.obj                  84      0                  0                 
       exit.c.obj                      41      14                 6                 
       fd_cmp28.asm.obj                42      0                  0                 
       fs_tol28.asm.obj                41      0                  0                 
       fs_toi28.asm.obj                37      0                  0                 
       cpy_tbl.c.obj                   36      0                  0                 
       s_copysign.c.obj                35      0                  0                 
       i_div28.asm.obj                 34      0                  0                 
       fd_tofs28.asm.obj               33      0                  0                 
       fs_toul28.asm.obj               33      0                  0                 
       fd_tol28.asm.obj                31      0                  0                 
       fs_tou28.asm.obj                29      0                  0                 
       memcpy.c.obj                    29      0                  0                 
       fs_tofd28.asm.obj               28      0                  0                 
       l_tofd28.asm.obj                28      0                  0                 
       fd_toul28.asm.obj               27      0                  0                 
       l_tofs28.asm.obj                26      0                  0                 
       ll_aox28.asm.obj                24      0                  0                 
       _lock.c.obj                     9       10                 4                 
       fs_cmp28.asm.obj                23      0                  0                 
       u_tofd28.asm.obj                23      0                  0                 
       ul_tofs28.asm.obj               19      0                  0                 
       args_main.c.obj                 17      0                  0                 
       u_tofs28.asm.obj                16      0                  0                 
       fd_sub28.asm.obj                14      0                  0                 
       u_div28.asm.obj                 11      0                  0                 
       fd_neg28.asm.obj                9       0                  0                 
       errno.c.obj                     0       4                  1                 
       fs_neg28.asm.obj                5       0                  0                 
       pre_init.c.obj                  2       0                  0                 
       startup.c.obj                   1       0                  0                 
    +--+-------------------------------+-------+------------------+--------------------+
       Total:                          4631    404                11                
                                                                                    
       Stack:                          0       0                  896               
    +--+-------------------------------+-------+------------------+--------------------+
       Grand Total:                    37489   9069               19895             


GLOBAL DATA SYMBOLS: SORTED BY DATA PAGE

address     data page           name
--------    ----------------    ----
00000050       1 (00000040)     __stack

00000880      22 (00000880)     _DevEmuRegs

00000985      26 (00000980)     _SysPwrCtrlRegs

00000a80      2a (00000a80)     _FlashRegs

00000ae0      2b (00000ac0)     _CsmRegs

00000b00      2c (00000b00)     _AdcResult

00000c00      30 (00000c00)     _CpuTimer0Regs
00000c08      30 (00000c00)     _CpuTimer1Regs
00000c10      30 (00000c00)     _CpuTimer2Regs

00000ce0      33 (00000cc0)     _PieCtrlRegs

00000d00      34 (00000d00)     _EmuKey
00000d00      34 (00000d00)     _PieVectTable
00000d01      34 (00000d00)     _EmuBMode
00000d02      34 (00000d00)     _Flash_CallbackPtr
00000d04      34 (00000d00)     _Flash_CPUScaleFactor

00001000      40 (00001000)     _DmaRegs

00001400      50 (00001400)     _Cla1Regs

00004000     100 (00004000)     _Usb0Regs

00005000     140 (00005000)     _McbspaRegs

00006000     180 (00006000)     _ECanaRegs

00006040     181 (00006040)     _ECanaLAMRegs

00006080     182 (00006080)     _ECanaMOTSRegs

000060c0     183 (000060c0)     _ECanaMOTORegs

00006100     184 (00006100)     _ECanaMboxes

00006400     190 (00006400)     _Comp1Regs
00006420     190 (00006400)     _Comp2Regs

00006440     191 (00006440)     _Comp3Regs

00006800     1a0 (00006800)     _EPwm1Regs

00006840     1a1 (00006840)     _EPwm2Regs

00006880     1a2 (00006880)     _EPwm3Regs

000068c0     1a3 (000068c0)     _EPwm4Regs

00006900     1a4 (00006900)     _EPwm5Regs

00006940     1a5 (00006940)     _EPwm6Regs

00006980     1a6 (00006980)     _EPwm7Regs

000069c0     1a7 (000069c0)     _EPwm8Regs

00006a00     1a8 (00006a00)     _ECap1Regs
00006a20     1a8 (00006a00)     _ECap2Regs

00006a40     1a9 (00006a40)     _ECap3Regs

00006ac0     1ab (00006ac0)     _HRCap1Regs
00006ae0     1ab (00006ac0)     _HRCap2Regs

00006b00     1ac (00006b00)     _EQep1Regs

00006b40     1ad (00006b40)     _EQep2Regs

00006c80     1b2 (00006c80)     _HRCap3Regs
00006ca0     1b2 (00006c80)     _HRCap4Regs

00006f80     1be (00006f80)     _GpioCtrlRegs

00006fc0     1bf (00006fc0)     _GpioDataRegs
00006fe0     1bf (00006fc0)     _GpioIntRegs

00007010     1c0 (00007000)     _SysCtrlRegs

00007040     1c1 (00007040)     _SpiaRegs
00007050     1c1 (00007040)     _SciaRegs
00007060     1c1 (00007040)     _NmiIntruptRegs
00007070     1c1 (00007040)     _XIntruptRegs

00007100     1c4 (00007100)     _AdcRegs

00007740     1dd (00007740)     _SpibRegs
00007750     1dd (00007740)     _ScibRegs

00007900     1e4 (00007900)     _I2caRegs

0000a000     280 (0000a000)     _UARTRxBufferTimeDiff

0000a800     2a0 (0000a800)     _au8RecBuffer0

0000b000     2c0 (0000b000)     _MODBUSREG_asFileTable

0000b516     2d4 (0000b500)     _MODBUSREG_u16ModbusParamCount
0000b517     2d4 (0000b500)     _MODBUSREG_u16ParamCount
0000b518     2d4 (0000b500)     _InputRegisterDummy
0000b519     2d4 (0000b500)     _InputCoilDummy
0000b51a     2d4 (0000b500)     _CoilTest
0000b51b     2d4 (0000b500)     _HMMODBUS_u16RegisterAddressTableControlParametersStartIndex
0000b51c     2d4 (0000b500)     _MODBUSREG_u16HoldRegFillCount
0000b51d     2d4 (0000b500)     _MODBUSREG_u16HoldRegUsedCount
0000b51e     2d4 (0000b500)     _MODBUSREG_u16HoldRegListCount
0000b51f     2d4 (0000b500)     _MODBUSREG_u16FileTableRecorderIndex
0000b520     2d4 (0000b500)     _MODBUSREG_u32ParamRecorderConfigAddress
0000b522     2d4 (0000b500)     _MODBUSREG_u32ParamScopeConfigAddress
0000b524     2d4 (0000b500)     _MODBUSREG_u32ParamListAddress
0000b526     2d4 (0000b500)     _MODBUSREG_u32ParamNameAddress
0000b528     2d4 (0000b500)     _MODBUSREG_u32ParamNumbAddress
0000b52a     2d4 (0000b500)     _MODBUSREG_u32ParamStringAddress
0000b52c     2d4 (0000b500)     _MODBUSREG_u32ParamAuxAddress
0000b52e     2d4 (0000b500)     _MODBUSREG_u32ParamReservedAddress
0000b530     2d4 (0000b500)     _MODBUSREG_u32FileRTC_FunctionAfterWriteFileRecord
0000b532     2d4 (0000b500)     _MODBUSREG_u32FileRTC_FunctionAfterReadFileRecord
0000b534     2d4 (0000b500)     _MODBUSREG_u32FileParamCount_FunctionBeforeReadFileRecord
0000b536     2d4 (0000b500)     _MODBUSREG_u32FileAutorization_FunctionAfterWriteFileRecordTable
0000b538     2d4 (0000b500)     _MODBUSREG_u32FileRecStatus_FunctionIndexGenerationFileRecord
0000b53a     2d4 (0000b500)     _MODBUSREG_u32FileRecConfig_FunctionAfterWriteFileRecord
0000b53c     2d4 (0000b500)     _MODBUSREG_pu32RegisterAddressTable
0000b53e     2d4 (0000b500)     _MODBUSREG_pu32RegisterAddressTableInRam

0000b540     2d5 (0000b540)     _CSMON_u16MaskSetupRecorderParam
0000b541     2d5 (0000b540)     _CSMON_u16MaskStartRecorderParam
0000b542     2d5 (0000b540)     _CSMON_u16MaskStopRecorderParam
0000b543     2d5 (0000b540)     _eResponseCodeStartRecParam0
0000b544     2d5 (0000b540)     _eResponseCodeStartRecParam1
0000b545     2d5 (0000b540)     _eResponseCodeStartRecParam2
0000b546     2d5 (0000b540)     _CSMON_bGetDateTimeAutorization
0000b547     2d5 (0000b540)     _CSMON_bSetDateTimeRequest
0000b548     2d5 (0000b540)     _CSMON_bGetDateTimeRequest
0000b549     2d5 (0000b540)     _CSMON_u16SCIErrorPercent
0000b54a     2d5 (0000b540)     _bServiceWatchdog
0000b54b     2d5 (0000b540)     _CSMON_bResetMaxMeasure
0000b54c     2d5 (0000b540)     _bRunOnceGetSavedRecorderState
0000b54d     2d5 (0000b540)     _CSMON_bWatchdogCalcNeeded
0000b54e     2d5 (0000b540)     _CSMON_u16WatchdogPrescaler
0000b54f     2d5 (0000b540)     _CSMON_u16MaxTimeInISR_usec
0000b550     2d5 (0000b540)     _CSMON_u16MinTimeProcessExit_usec
0000b551     2d5 (0000b540)     _CSMON_u16MaxTimeTillWdtClear_usec
0000b552     2d5 (0000b540)     _CSMON_u16MinTimeProcessAllowedNeeded_usec
0000b553     2d5 (0000b540)     _u16SkipProcessCounter
0000b554     2d5 (0000b540)     _u16SkipProcessTag
0000b555     2d5 (0000b540)     _bSkipProcessFlag
0000b556     2d5 (0000b540)     _CSMON_bUseAccessLevelForHoldingRegistersAndCoils
0000b557     2d5 (0000b540)     _CSMON_bUseAccessLevelForInputRegistersAndCoils
0000b558     2d5 (0000b540)     _CSMON_u16CurrentAccessLevelPrev
0000b559     2d5 (0000b540)     _CSMON_u16FileParameterFillCount
0000b55a     2d5 (0000b540)     _CSMON_u16FileParameterUseMaxCnt
0000b55b     2d5 (0000b540)     _CSMON_u16FileParameterListCount
0000b55c     2d5 (0000b540)     _CSMON_u16FileParameterNameCount
0000b55d     2d5 (0000b540)     _CSMON_u16FileParameterNumeric
0000b55e     2d5 (0000b540)     _CSMON_bUseDisconnectOnTimeout
0000b55f     2d5 (0000b540)     _CSMON_u16NoMessageTimeout_msec
0000b560     2d5 (0000b540)     _CSMON_u16NoMessageTimeoutOld_msec
0000b561     2d5 (0000b540)     _CSMON_bRunningInitialization
0000b562     2d5 (0000b540)     _arr2
0000b564     2d5 (0000b540)     _u32FreeRunTimerSysClkMHz
0000b566     2d5 (0000b540)     _u32FreeRunTimerSysClkDiv
0000b568     2d5 (0000b540)     _CSMON_u32SCIErrorPPM
0000b56a     2d5 (0000b540)     _CSMON_u32FreeRunTimerCheckSumListBegin
0000b56c     2d5 (0000b540)     _CSMON_u32FreeRunTimerCheckSumListEnd
0000b56e     2d5 (0000b540)     _CSMON_u32FreeRunTimerCheckSumListMax
0000b570     2d5 (0000b540)     _CSMON_u32FreeRunTimerCheckSumNameBegin
0000b572     2d5 (0000b540)     _CSMON_u32FreeRunTimerCheckSumNameEnd
0000b574     2d5 (0000b540)     _CSMON_u32FreeRunTimerCheckSumNameMax
0000b576     2d5 (0000b540)     _CSMON_u32FreeRunTimerCheckSumNumbBegin
0000b578     2d5 (0000b540)     _CSMON_u32FreeRunTimerCheckSumNumbEnd
0000b57a     2d5 (0000b540)     _CSMON_u32FreeRunTimerCheckSumNumbMax
0000b57c     2d5 (0000b540)     _CSMON_u32FreeRunTimerCheckSumStrgBegin
0000b57e     2d5 (0000b540)     _CSMON_u32FreeRunTimerCheckSumStrgEnd

0000b580     2d6 (0000b580)     _CSMON_u32FreeRunTimerCheckSumStrgMax
0000b582     2d6 (0000b580)     _CSMON_u32FreeRunTimerAccessChangeBegin
0000b584     2d6 (0000b580)     _CSMON_u32FreeRunTimerAccessChangeEnd
0000b586     2d6 (0000b580)     _CSMON_u32FreeRunTimerAccessChangeMax
0000b588     2d6 (0000b580)     _CSMON_u32FreeRunTimerPrepareFileParameterAccessListEnd
0000b58a     2d6 (0000b580)     _CSMON_u32FreeRunTimerPrepareFileParameterAccessListMax
0000b58c     2d6 (0000b580)     _CSMON_u32FreeRunTimerPasswordHashBegin
0000b58e     2d6 (0000b580)     _CSMON_u32FreeRunTimerPasswordHashEnd
0000b590     2d6 (0000b580)     _CSMON_u32FreeRunTimerPasswordHashMax
0000b592     2d6 (0000b580)     _CSMON_u32FreeRunTimerProcessBegin
0000b594     2d6 (0000b580)     _CSMON_u32FreeRunTimerProcessNow
0000b596     2d6 (0000b580)     _CSMON_u32FreeRunTimerProcessEnd
0000b598     2d6 (0000b580)     _CSMON_u32FreeRunTimerProcessMax
0000b59a     2d6 (0000b580)     _CSMON_u32WatchdogPeriod_usec
0000b59c     2d6 (0000b580)     _CSMON_u32WatchdogPeriod_Ticks
0000b59e     2d6 (0000b580)     _CSMON_u32MaxTimeInISR_Ticks
0000b5a0     2d6 (0000b580)     _CSMON_u32MaxTimeProcess_Ticks
0000b5a2     2d6 (0000b580)     _CSMON_u32MaxTimeTillWdtClearISRs
0000b5a4     2d6 (0000b580)     _CSMON_u32MinTimeProcessExit_Ticks
0000b5a6     2d6 (0000b580)     _CSMON_u32MaxTimeTillWdtClear_Ticks
0000b5a8     2d6 (0000b580)     _CSMON_u32MinTimeProcessAllowedNeeded_Ticks
0000b5aa     2d6 (0000b580)     _CSMON_s32MaxTimeProcessAllowedCalc_Ticks
0000b5ac     2d6 (0000b580)     _CSMON_u32MaxTimeProcessAllowed_Ticks
0000b5ae     2d6 (0000b580)     _CSMON_pasFileParameterList
0000b5b0     2d6 (0000b580)     _CSMON_pasFileParameterShortName
0000b5b2     2d6 (0000b580)     _CSMON_pu32FileParameterString
0000b5b4     2d6 (0000b580)     _CSMON_psFileParameterAux
0000b5b6     2d6 (0000b580)     _CSMON_pu32FileParameterReserved
0000b5b8     2d6 (0000b580)     _CSMON_pu32HoldingRegistersAddressTable
0000b5ba     2d6 (0000b580)     _CSMON_pu32HoldingRegistersAddressTableInRam
0000b5bc     2d6 (0000b580)     _CSMON_pu32HoldingRegistersAccessTableInRam
0000b5be     2d6 (0000b580)     _CSMON_pauFileParameterNumeric

0000b5c0     2d7 (0000b5c0)     _CSMON_u32FreeRunTimerNow
0000b5c2     2d7 (0000b5c0)     _CSMON_u32FreeRunTimerPrev
0000b5c4     2d7 (0000b5c0)     _CSMON_u32FreeRunTimerDiff
0000b5c6     2d7 (0000b5c0)     _CSMON_u32NoMessageTime
0000b5c8     2d7 (0000b5c0)     _CSMON_u32NoMessageTimeout_Ticks
0000b5ca     2d7 (0000b5c0)     _CSMON_sFileProtocolVersion
0000b5cd     2d7 (0000b5c0)     _sHashKey
0000b5d8     2d7 (0000b5c0)     _CSMON_sDateTimeDefault
0000b5e4     2d7 (0000b5c0)     _CSMON_sDateTime
0000b5f0     2d7 (0000b5c0)     _CSMON_sDateTimeApplication

0000b600     2d8 (0000b600)     _CSMON_sFileParameterCount
0000b610     2d8 (0000b600)     _CSMON_sFileAutorization

0000b640     2d9 (0000b640)     _CSMON_sFileParameterAccessList

0000ba40     2e9 (0000ba40)     _CSMON_asFileParameterDefinitionsFromAccessLevel

0000be40     2f9 (0000be40)     _sRecHandleParam

0000bf66     2fd (0000bf40)     _CpuTimer0
0000bf6e     2fd (0000bf40)     _CpuTimer1
0000bf76     2fd (0000bf40)     _CpuTimer2

0000bf80     2fe (0000bf80)     _sScopeConfigParam

0000bffe     2ff (0000bfc0)     _DataChangedParamFlag
0000bfff     2ff (0000bfc0)     _nScopeIndexFreemaster

0000c000     300 (0000c000)     _MODBUSREG_u32RegisterAccessTableInRam

0000c400     310 (0000c400)     _UARTRxBuffer

0000c800     320 (0000c800)     _HMSCOPEPRM_u8Buffer

0000cb00     32c (0000cb00)     _UART_DRV_RxBufferTimeDiff

0000cd00     334 (0000cd00)     _u32ModbusTimeoutBuffer

0000cf00     33c (0000cf00)     _sRecHandle

0000d008     340 (0000d000)     _sRecStatusParam
0000d038     340 (0000d000)     _SCI_DRV_ErrorRx

0000d040     341 (0000d040)     _HMMODBUS_anTxCheckSum

0000d140     345 (0000d140)     _HMMODBUS_pCommBufferRx

0000d240     349 (0000d240)     _HMMODBUS_pCommBufferTx

0000d340     34d (0000d340)     _UART_DRV_RxBuffer

0000d440     351 (0000d440)     _HMMODBUS_wFlags
0000d441     351 (0000d440)     _HMMODBUS_wFlagsRxTx
0000d442     351 (0000d440)     _HMMODBUS_nTxTodo
0000d443     351 (0000d440)     _HMMODBUS_nRxTodoEcho
0000d444     351 (0000d440)     _HMMODBUS_nLastResponseCmd
0000d445     351 (0000d440)     _HMMODBUS_nLastResponseCode
0000d446     351 (0000d440)     _HMMODBUS_nRxTodo
0000d447     351 (0000d440)     _HMMODBUS_nRxCheckSum
0000d448     351 (0000d440)     _HMMODBUS_nTxCheckSum
0000d449     351 (0000d440)     _HMMODBUS_bOverflowReached
0000d44a     351 (0000d440)     _u8UartModBusIndex
0000d44b     351 (0000d440)     _HMMODBUS_u8DeviceAddress
0000d44c     351 (0000d440)     _HMMODBUS_u8QueueActiveIndex
0000d44d     351 (0000d440)     _u16RegisterAddressDummyValue
0000d44e     351 (0000d440)     _HMMODBUS_bReceivedMessage
0000d44f     351 (0000d440)     _bInputRegsGlobal
0000d450     351 (0000d440)     _bBareRamTable
0000d451     351 (0000d440)     _bUsedDummyDataAddressInResponseData
0000d452     351 (0000d440)     _bLengthException
0000d453     351 (0000d440)     _bInputRegTableSorted
0000d454     351 (0000d440)     _bHoldingRegTableSorted
0000d455     351 (0000d440)     _bInputRegTableBareRam
0000d456     351 (0000d440)     _bHoldingRegTableBareRam
0000d457     351 (0000d440)     _bInputCoilTableSorted
0000d458     351 (0000d440)     _bHoldingCoilTableSorted
0000d459     351 (0000d440)     _bInputCoilTableBareRam
0000d45a     351 (0000d440)     _bHoldingCoilTableBareRam
0000d45b     351 (0000d440)     _u16FreeRunTimerPrescaller
0000d45c     351 (0000d440)     _u16ModbusMinMessToMess_usec
0000d45d     351 (0000d440)     _HMMODBUS_u8ReadServerIDLength
0000d45e     351 (0000d440)     _HMMODBUS_u8ReadServerIDNumber
0000d45f     351 (0000d440)     _HMMODBUS_u8ReadServerOnStatus
0000d460     351 (0000d440)     _HMMODBUS_u8ReadDeviceIDConfLvlMask
0000d461     351 (0000d440)     _HMMODBUS_u8ReadDeviceIDConfLvl
0000d462     351 (0000d440)     _HMMODBUS_u8ReadDeviceIDVendorNameLength
0000d463     351 (0000d440)     _HMMODBUS_u8ReadDeviceIDProductCodeLength
0000d464     351 (0000d440)     _HMMODBUS_u8ReadDeviceIDMajorMinorRevisionLength
0000d465     351 (0000d440)     _HMMODBUS_u8ReadDeviceIDVendorUrlLength
0000d466     351 (0000d440)     _HMMODBUS_u8ReadDeviceIDProductNameLength
0000d467     351 (0000d440)     _HMMODBUS_u8ReadDeviceIDModelNameLength
0000d468     351 (0000d440)     _HMMODBUS_u8ReadDeviceIDUserApplicationNameLength
0000d469     351 (0000d440)     _HMMODBUS_u8ReadDeviceIDUserReserve0Length
0000d46a     351 (0000d440)     _HMMODBUS_u8ReadDeviceIDUserReserve1Length
0000d46b     351 (0000d440)     _HMMODBUS_u8ReadDeviceIDUserReserve2Length
0000d46c     351 (0000d440)     _eElementFixedArgument
0000d46d     351 (0000d440)     _u16NoStoreFixedArgument
0000d46e     351 (0000d440)     _u16DataModeFixedArgument
0000d46f     351 (0000d440)     _u16PasswordFixedArgument
0000d470     351 (0000d440)     _bNeedResetBackup
0000d471     351 (0000d440)     _realRxByteDelayLastFailBytesReceived
0000d472     351 (0000d440)     _u16ModbusStartedReceiveMessageCounter
0000d473     351 (0000d440)     _u16ModbusCompleteReceiveMessageCounter
0000d474     351 (0000d440)     _u16ModbusCompleteReceiveMessageCounterThisDevice
0000d475     351 (0000d440)     _u16ModbusBufferOverflowReceiveMessageCounter
0000d476     351 (0000d440)     _u16ModbusBadCSReceiveMessageCounter
0000d477     351 (0000d440)     _u16ModbusBadTimeoutReceiveMessageCounter
0000d478     351 (0000d440)     _u16IndexFileTable
0000d479     351 (0000d440)     _u8SampleSize
0000d47a     351 (0000d440)     _bElementsDifference
0000d47c     351 (0000d440)     _HMMODBUS_pTxBuff
0000d47e     351 (0000d440)     _HMMODBUS_pRxBuff

0000d480     352 (0000d480)     _HMMODBUS_pu32HoldingRegisterAddressTable
0000d482     352 (0000d480)     _HMMODBUS_pu32HoldingRegisterAddressTableInRam
0000d484     352 (0000d480)     _HMMODBUS_pu32HoldingRegisterAccessTableInRam
0000d486     352 (0000d480)     _HMMODBUS_u32HoldingRegisterAddressTableSize
0000d488     352 (0000d480)     _HMMODBUS_u32HoldingRegisterAddressTableInRamSize
0000d48a     352 (0000d480)     _HMMODBUS_u32HoldingRegisterValuesTableSize
0000d48c     352 (0000d480)     _HMMODBUS_pu32InputRegisterAddressTable
0000d48e     352 (0000d480)     _HMMODBUS_pu32InputRegisterAddressTableInRam
0000d490     352 (0000d480)     _HMMODBUS_pu32InputRegisterAccessTableInRam
0000d492     352 (0000d480)     _HMMODBUS_u32InputRegisterAddressTableSize
0000d494     352 (0000d480)     _HMMODBUS_u32InputRegisterAddressTableInRamSize
0000d496     352 (0000d480)     _HMMODBUS_u32InputRegisterValuesTableSize
0000d498     352 (0000d480)     _HMMODBUS_pu32HoldingCoilAddressTable
0000d49a     352 (0000d480)     _HMMODBUS_pu32HoldingCoilAddressTableInRam
0000d49c     352 (0000d480)     _HMMODBUS_u32HoldingCoilAddressTableSize
0000d49e     352 (0000d480)     _HMMODBUS_u32HoldingCoilAddressTableInRamSize
0000d4a0     352 (0000d480)     _HMMODBUS_u32HoldingCoilValuesTableSize
0000d4a2     352 (0000d480)     _HMMODBUS_pu32InputCoilAddressTable
0000d4a4     352 (0000d480)     _HMMODBUS_pu32InputCoilAddressTableInRam
0000d4a6     352 (0000d480)     _HMMODBUS_u32InputCoilAddressTableSize
0000d4a8     352 (0000d480)     _HMMODBUS_u32InputCoilAddressTableInRamSize
0000d4aa     352 (0000d480)     _HMMODBUS_u32InputCoilValuesTableSize
0000d4ac     352 (0000d480)     _HMMODBUS_pasQueueRegisterAddressTable
0000d4ae     352 (0000d480)     _HMMODBUS_u32QueueRegisterAddressTableSize
0000d4b0     352 (0000d480)     _HMMODBUS_u32TxDelayCounter
0000d4b2     352 (0000d480)     _HMMOSBUS_nFileWritePrimaryAddrReadLast
0000d4b4     352 (0000d480)     _HMMOSBUS_nDummy
0000d4b6     352 (0000d480)     _HMMODBUS_u32FreeRunTimerReceivedMessage
0000d4b8     352 (0000d480)     _HMMODBUS_pasFileAddressTable
0000d4ba     352 (0000d480)     _HMMODBUS_u32FileCount
0000d4bc     352 (0000d480)     _HMMODBUS_u32DeviceSYSCLKFreq
0000d4be     352 (0000d480)     _u32ModbusMaxByteToByte

0000d4c0     353 (0000d4c0)     _u32ModbusMaxMessToMess
0000d4c2     353 (0000d4c0)     _u32ModbusMinMessToMess
0000d4c4     353 (0000d4c0)     _u32ModbusMaxByteToByteExact
0000d4c6     353 (0000d4c0)     _u32ModbusMaxMessToMessExact
0000d4c8     353 (0000d4c0)     _u32ModbusTimeout
0000d4ca     353 (0000d4c0)     _u32WrongElementSizeTable
0000d4cc     353 (0000d4c0)     _u32ElementSizeTableD384_0
0000d4ce     353 (0000d4c0)     _u32ElementSizeTableB326_0
0000d4d0     353 (0000d4c0)     _u32ElementSizeTableD384_1
0000d4d2     353 (0000d4c0)     _u32ElementSizeTableB326_1
0000d4d4     353 (0000d4c0)     _u32ElementSizeTableD384_2
0000d4d6     353 (0000d4c0)     _u32ElementSizeTableB326_2
0000d4d8     353 (0000d4c0)     _HMMODBUS_pu8ReadServerIDDatAdr
0000d4da     353 (0000d4c0)     _HMMODBUS_pu8ReadDeviceIDVendorName
0000d4dc     353 (0000d4c0)     _HMMODBUS_pu8ReadDeviceIDProductCode
0000d4de     353 (0000d4c0)     _HMMODBUS_pu8ReadDeviceIDMajorMinorRevision
0000d4e0     353 (0000d4c0)     _HMMODBUS_pu8ReadDeviceIDVendorUrl
0000d4e2     353 (0000d4c0)     _HMMODBUS_pu8ReadDeviceIDProductName
0000d4e4     353 (0000d4c0)     _HMMODBUS_pu8ReadDeviceIDModelName
0000d4e6     353 (0000d4c0)     _HMMODBUS_pu8ReadDeviceIDUserApplicationName
0000d4e8     353 (0000d4c0)     _HMMODBUS_pu8ReadDeviceIDUserReserve0
0000d4ea     353 (0000d4c0)     _HMMODBUS_pu8ReadDeviceIDUserReserve1
0000d4ec     353 (0000d4c0)     _HMMODBUS_pu8ReadDeviceIDUserReserve2
0000d4ee     353 (0000d4c0)     _pfWriteParElementCallbackFunction
0000d4f0     353 (0000d4c0)     _u32ModbusTimeoutBufferIndex
0000d4f2     353 (0000d4c0)     _u32RxTimeout
0000d4f4     353 (0000d4c0)     _realRxByteDelay
0000d4f6     353 (0000d4c0)     _realRxByteDelayLastFail
0000d4f8     353 (0000d4c0)     _u32RxTimeoutLastFail
0000d4fa     353 (0000d4c0)     _HMMODBUS_u32DebugAddrReadFileReal
0000d4fc     353 (0000d4c0)     _HMMODBUS_u32DebugAddrReadFileFromIndex
0000d4fe     353 (0000d4c0)     _HMMODBUS_u32DebugAddrReadFileFromAddress

0000d500     354 (0000d500)     _HMMODBUS_u32DebugAddrReadPlusOffset
0000d502     354 (0000d500)     _HMMODBUS_u32DebugAddrReadFileCircleTooFarAddress
0000d504     354 (0000d500)     _HMMODBUS_u32DebugAddrReadFileCircle
0000d506     354 (0000d500)     _HMMODBUS_u32DebugAddrReadFileForRead
0000d508     354 (0000d500)     _HMMODBUS_u32DebugAddrReadFileForReadLooped
0000d50a     354 (0000d500)     _HMMODBUS_nSizeReadRequestLoopLeft
0000d50c     354 (0000d500)     _u32BufferAddressStart
0000d50e     354 (0000d500)     _u32BufferSize
0000d510     354 (0000d500)     _u32SampleCountBuffer
0000d512     354 (0000d500)     _u32SampleCountAvailable
0000d514     354 (0000d500)     _u32StartSampleIndex
0000d516     354 (0000d500)     _u32ElementsSizeModbus
0000d518     354 (0000d500)     _u32ElementsSizeMemory
0000d51a     354 (0000d500)     _nTimeTickDelayModbus
0000d51c     354 (0000d500)     _nTimeTickDelayModbusMin
0000d51e     354 (0000d500)     _nTimeTickDelayModbusMax
0000d522     354 (0000d500)     _HMMODBUS_u32RegisterAddressDummy
0000d525     354 (0000d500)     _HMMODBUS_u32CoilAddressDummy
0000d528     354 (0000d500)     _HMMODBUS_u32RegisterAddressInRamDummy
0000d52c     354 (0000d500)     _HMMODBUS_u32CoilAddressInRamDummy
0000d532     354 (0000d500)     _pcm_wFlags
0000d533     354 (0000d500)     _pcm_wFlagsRxTx
0000d534     354 (0000d500)     _pcm_nTxTodo
0000d535     354 (0000d500)     _pcm_nRxTodoEcho
0000d536     354 (0000d500)     _pcm_nRxTodo
0000d537     354 (0000d500)     _pcm_nRxCheckSum
0000d538     354 (0000d500)     _u8UartIndex
0000d53a     354 (0000d500)     _pcm_pTxBuff
0000d53c     354 (0000d500)     _pcm_pRxBuff

0000d540     355 (0000d540)     _QueueTestTable

0000d600     358 (0000d600)     _sRecConfigParam

0000d6c0     35b (0000d6c0)     _sScopeHandlePrm

0000d77a     35d (0000d740)     _nRecorderFreemasterIndex
0000d77b     35d (0000d740)     _nScopePrmFreemasterIndex
0000d77c     35d (0000d740)     _bRecorderParameterUsage
0000d77d     35d (0000d740)     _bScopeParameterUsage
0000d77e     35d (0000d740)     _u16TimeBase
0000d77f     35d (0000d740)     _breakData

0000d780     35e (0000d780)     _MAIN_bDateTimeSet
0000d781     35e (0000d780)     _bDummyStatsDevRunning
0000d782     35e (0000d780)     _bDummyReqstDevRunning
0000d783     35e (0000d780)     _s16DummyCurrentPhaseAStartup
0000d784     35e (0000d780)     _s16DummyCurrentPhaseBStartup
0000d785     35e (0000d780)     _s16DummyCurrentPhaseCStartup
0000d786     35e (0000d780)     _s16DummyVoltageDCLinkStartup
0000d787     35e (0000d780)     _s16DummyCurrentPhaseAStop
0000d788     35e (0000d780)     _s16DummyCurrentPhaseBStop
0000d789     35e (0000d780)     _s16DummyCurrentPhaseCStop
0000d78a     35e (0000d780)     _s16DummyVoltageDCLinkStop
0000d78b     35e (0000d780)     _s16DummyCurrentPhaseAIdle
0000d78c     35e (0000d780)     _s16DummyCurrentPhaseBIdle
0000d78d     35e (0000d780)     _s16DummyCurrentPhaseCIdle
0000d78e     35e (0000d780)     _s16DummyVoltageDCLinkIdle
0000d78f     35e (0000d780)     _s16DummyIncrementLoopCDiff
0000d790     35e (0000d780)     _s16DummyIncrementLoopA
0000d791     35e (0000d780)     _s16DummyIncrementLoopB
0000d792     35e (0000d780)     _s16DummyIncrementLoopC
0000d793     35e (0000d780)     _s16DummyIncrementLoopV
0000d794     35e (0000d780)     _s16DummyCurrentPhaseA
0000d795     35e (0000d780)     _s16DummyCurrentPhaseB
0000d796     35e (0000d780)     _s16DummyCurrentPhaseC
0000d797     35e (0000d780)     _s16DummyVoltageDCLink
0000d798     35e (0000d780)     _s16DummyIncrementLoop
0000d799     35e (0000d780)     _u16DummyDataCnt
0000d79a     35e (0000d780)     _s16DummyDataTst
0000d79b     35e (0000d780)     _s16ScaleDataTst
0000d79c     35e (0000d780)     _u16TestData0
0000d79d     35e (0000d780)     _u16TestData1
0000d79e     35e (0000d780)     _u16TestData2
0000d79f     35e (0000d780)     _u16TestData3
0000d7a0     35e (0000d780)     _u16TestData4
0000d7a1     35e (0000d780)     _u16TestData5
0000d7a2     35e (0000d780)     _u16TestData6
0000d7a3     35e (0000d780)     _u16TestData7
0000d7a4     35e (0000d780)     _u16TestData8
0000d7a5     35e (0000d780)     _u16TestData9
0000d7a6     35e (0000d780)     _s16DummyData
0000d7a7     35e (0000d780)     _u16WatchdogPrescaler
0000d7a8     35e (0000d780)     _u16WatchdogPrescalerOld
0000d7a9     35e (0000d780)     _u16WatchdogPrescalerTime
0000d7aa     35e (0000d780)     _u16WatchdogPrescalerTimeOld
0000d7ab     35e (0000d780)     _u16DelayCtrlLoop_100nsec
0000d7ac     35e (0000d780)     _u16DelayCtrlLoopOld_100nsec
0000d7ad     35e (0000d780)     _u16DelayMainLoop_usec
0000d7ae     35e (0000d780)     _u16DelayMainLoopOld_usec
0000d7af     35e (0000d780)     _u16PeriodControl_usec
[...]
003f108b  local     RETURN1 (.text)
003f1092  local     UNDERFLOW (.text)


================================================================================

rts2800_ml.lib : ll_div28.asm.obj

Run/Load            
Value     Binding   Name (Section)
--------  --------  ---------------
003f0201  local     $10 (.text)
003f020d  local     $15 (.text)
003f0242  local     $20 (.text)
003f023c  local     $25 (.text)
003f0248  local     $30 (.text)
003f0276  local     $35 (.text)
003f02a5  local     $40 (.text)
003f0207  local     $5_$2 (.text)
00000000  local     .bss (.bss)
00000000  local     .data (.data)
003f01f3  local     .text (.text)
003f0217  local     CHECK_SIGN1 (.text)
003f0252  local     CHECK_SIGN2 (.text)
003f028a  local     DGT3 (.text)
003f028c  local     DIVUDenHighZero (.text)
003f0221  local     EQ0 (.text)
003f021c  local     EQ1 (.text)
003f025a  local     EQ2 (.text)
003f0285  local     EQ3 (.text)
003f02b6  local     EQ4 (.text)
003f01f3  global    LL$$DIV (.text)
003f022f  global    LL$$MOD (.text)
003f02d5  local     LOOP (.text)
003f02c4  local     MAINDIV (.text)
003f02e3  local     MD_NEQ (.text)
003f02b8  local     MODUDenHighZero (.text)
003f021a  local     RET1 (.text)
003f0255  local     RET2 (.text)
003f0283  local     RET3 (.text)
003f02b2  local     RET4 (.text)
003f0257  local     RET_NUM1 (.text)
003f02b4  local     RET_NUM2 (.text)
003f0223  local     SDIVUDenHighZero (.text)
003f02ed  local     SKIP (.text)
003f02ef  local     SKIP1 (.text)
003f025d  local     SMODUDenHighZero (.text)
003f0269  global    ULL$$DIV (.text)
003f0298  global    ULL$$MOD (.text)


================================================================================

rts2800_ml.lib : u_div28.asm.obj

Run/Load            
Value     Binding   Name (Section)
--------  --------  ---------------
00000000  local     .bss (.bss)
00000000  local     .data (.data)
003f1227  local     .text (.text)
003f1227  global    U$$DIV (.text)
003f122c  global    U$$MOD (.text)


================================================================================

rts2800_ml.lib : u_tofd28.asm.obj

Run/Load            
Value     Binding   Name (Section)
--------  --------  ---------------
00000000  local     .bss (.bss)
00000000  local     .data (.data)
003f11a8  local     .text (.text)
003f11b5  local     NORMALIZE (.text)
003f11bd  local     OP_ZERO (.text)
003f11b7  local     PACK (.text)
003f11bc  local     RETURN (.text)
003f11ba  local     RETURN_VALUE (.text)
003f11a8  global    U$$TOFD (.text)


================================================================================

rts2800_ml.lib : u_tofs28.asm.obj

Run/Load            
Value     Binding   Name (Section)
--------  --------  ---------------
00000000  local     .bss (.bss)
00000000  local     .data (.data)
003f1209  local     .text (.text)
003f1218  local     RESTORE (.text)
003f1209  global    U$$TOFS (.text)
003f1218  local     ZERO (.text)


================================================================================

rts2800_ml.lib : l_tofs28.asm.obj

Run/Load            
Value     Binding   Name (Section)
--------  --------  ---------------
00000000  local     .bss (.bss)
00000000  local     .data (.data)
003f115f  local     .text (.text)
003f115f  global    L$$TOFS (.text)
003f1175  local     OVERFLOW (.text)
003f1174  local     RETURN (.text)
003f1174  local     ZERO (.text)


================================================================================

rts2800_ml.lib : ul_tofs28.asm.obj

Run/Load            
Value     Binding   Name (Section)
--------  --------  ---------------
00000000  local     .bss (.bss)
00000000  local     .data (.data)
003f11d4  local     .text (.text)
003f11dc  local     LEFT_SHIFT (.text)
003f11de  local     PACK (.text)
003f11e6  local     RETURN (.text)
003f11d4  global    UL$$TOFS (.text)
003f11e6  local     ZERO (.text)


================================================================================

rts2800_ml.lib : fs_tofd28.asm.obj

Run/Load            
Value     Binding   Name (Section)
--------  --------  ---------------
00000000  local     .bss (.bss)
00000000  local     .data (.data)
003f110c  local     .text (.text)
003f110c  global    FS$$TOFD (.text)
003f1120  local     OVERFLOW (.text)
003f111f  local     RETURN (.text)
003f111d  local     RETURN_VALUE (.text)
003f1126  local     UNDERFLOW (.text)


================================================================================

rts2800_ml.lib : fd_div28.asm.obj

Run/Load            
Value     Binding   Name (Section)
--------  --------  ---------------
003f0b4b  local     $1_$3 (.text)
003f0b56  local     $2_$3 (.text)
00000000  local     .bss (.bss)
00000000  local     .data (.data)
003f0b0f  local     .text (.text)
003f0b65  local     DIV_END (.text)
003f0b46  local     DIV_START (.text)
003f0b0f  global    FD$$DIV (.text)
003f0b68  local     NORMALIZE (.text)
003f0b92  local     OVERFLOW (.text)
003f0b8d  local     RETURN (.text)
003f0b8b  local     RETURN_VALUE (.text)
003f0b7d  local     RND64_SET_MANT$3$ (.text)
003f0b71  local     ROUND (.text)
003f0b98  local     UNDERFLOW (.text)


================================================================================

rts2800_ml.lib : cpy_tbl.c.obj

Run/Load            
Value     Binding   Name (Section)
--------  --------  ---------------
003f0ff2  local     $C$L1 (.text)
003f1005  local     $C$L2 (.text)
003f1006  local     $C$L3 (.text)
00000000  local     .bss (.bss)
00000000  local     .data (.data)
003f0fea  local     .text (.text)
003f0fea  global    _copy_in (.text)


================================================================================

rts2800_ml.lib : memcpy.c.obj

Run/Load            
Value     Binding   Name (Section)
--------  --------  ---------------
003f10f5  local     $C$L1 (.text)
003f10f9  local     $C$L2 (.text)
003f1100  local     $C$L3 (.text)
003f1102  local     $C$L4 (.text)
003f110a  local     $C$L5 (.text)
00000000  local     .bss (.bss)
00000000  local     .data (.data)
003f10ef  local     .text (.text)
003f10ef  global    _memcpy (.text)


================================================================================

rts2800_ml.lib : pre_init.c.obj

Run/Load            
Value     Binding   Name (Section)
--------  --------  ---------------
00000000  local     .bss (.bss)
00000000  local     .data (.data)
003f125e  local     .text (.text)
003f125e  global    __system_pre_init (.text)


================================================================================

rts2800_ml.lib : startup.c.obj

Run/Load            
Value     Binding   Name (Section)
--------  --------  ---------------
00000000  local     .bss (.bss)
00000000  local     .data (.data)
003f1260  local     .text (.text)
003f1260  global    __system_post_cinit (.text)


================================================================================

rts2800_ml.lib : e_rem_pio2f.c.obj

Run/Load            
Value     Binding   Name (Section)
--------  --------  ---------------
003f2b1a  local     $C$FL1 (.econst)
003f2b1e  local     $C$FL2 (.econst)
003f2b22  local     $C$FL3 (.econst)
003f2b26  local     $C$FL4 (.econst)
003f075a  local     $C$L1 (.text)
003f0768  local     $C$L2 (.text)
003f0794  local     $C$L3 (.text)
003f0799  local     $C$L4 (.text)
00000000  local     .bss (.bss)
00000000  local     .data (.data)
003f2b0e  local     .econst (.econst)
003f06f7  local     .text (.text)
003f06f7  global    ___rem_pio2f (.text)
003f2b0e  local     _invpio2 (.econst)
003f2b12  local     _pio2_1 (.econst)
003f2b16  local     _pio2_1t (.econst)


================================================================================

rts2800_ml.lib : k_rem_pio2.c.obj

Run/Load            
Value     Binding   Name (Section)
--------  --------  ---------------
003f2a4e  local     $C$FL1 (.econst)
003f2a52  local     $C$FL2 (.econst)
003f2a56  local     $C$FL3 (.econst)
003f2a5a  local     $C$FL4 (.econst)
003f2a5e  local     $C$FL5 (.econst)
003f2a62  local     $C$FL6 (.econst)
003f2a66  local     $C$FL7 (.econst)
003ed76f  local     $C$L1 (.text)
003ed829  local     $C$L10 (.text)
003ed856  local     $C$L11 (.text)
003ed876  local     $C$L12 (.text)
003ed89b  local     $C$L13 (.text)
003ed8ba  local     $C$L14 (.text)
003ed8c1  local     $C$L15 (.text)
003ed8de  local     $C$L16 (.text)
003ed92c  local     $C$L17 (.text)
003ed998  local     $C$L18 (.text)
003ed99c  local     $C$L19 (.text)
003ed797  local     $C$L2 (.text)
003ed9aa  local     $C$L20 (.text)
003ed9d3  local     $C$L21 (.text)
003ed9d8  local     $C$L22 (.text)
003ed9e3  local     $C$L23 (.text)
003ed9ef  local     $C$L24 (.text)
003ed9f4  local     $C$L25 (.text)
003ed9fa  local     $C$L26 (.text)
003eda17  local     $C$L27 (.text)
003eda23  local     $C$L28 (.text)
003eda4e  local     $C$L29 (.text)
003ed7a2  local     $C$L3 (.text)
003eda7c  local     $C$L30 (.text)
003edac7  local     $C$L31 (.text)
003edacc  local     $C$L32 (.text)
003edae4  local     $C$L33 (.text)
003edaee  local     $C$L34 (.text)
003edafd  local     $C$L35 (.text)
003edb07  local     $C$L36 (.text)
003edb22  local     $C$L37 (.text)
003edb32  local     $C$L38 (.text)
003edb34  local     $C$L39 (.text)
003ed7ae  local     $C$L4 (.text)
003edb54  local     $C$L40 (.text)
003edb7c  local     $C$L41 (.text)
003edb93  local     $C$L42 (.text)
003edba7  local     $C$L43 (.text)
003edbd5  local     $C$L44 (.text)
003edbf3  local     $C$L45 (.text)
003edc11  local     $C$L46 (.text)
003edc60  local     $C$L47 (.text)
003edc9a  local     $C$L48 (.text)
003edcb2  local     $C$L49 (.text)
003ed7bf  local     $C$L5 (.text)
003edcc3  local     $C$L50 (.text)
003edce0  local     $C$L51 (.text)
003edcfb  local     $C$L52 (.text)
003edd0e  local     $C$L53 (.text)
003edd1f  local     $C$L54 (.text)
003edd2d  local     $C$L55 (.text)
003edd37  local     $C$L56 (.text)
003edd58  local     $C$L57 (.text)
003edd69  local     $C$L58 (.text)
003edd77  local     $C$L59 (.text)
003ed7cb  local     $C$L6 (.text)
003edd81  local     $C$L60 (.text)
003edd8b  local     $C$L61 (.text)
003edd9e  local     $C$L62 (.text)
003eddaf  local     $C$L63 (.text)
003eddbd  local     $C$L64 (.text)
003eddc7  local     $C$L65 (.text)
003eddd0  local     $C$L66 (.text)
003ed7e8  local     $C$L7 (.text)
003ed80d  local     $C$L8 (.text)
003ed822  local     $C$L9 (.text)
00000000  local     .bss (.bss)
00000000  local     .data (.data)
003f2a3e  local     .econst (.econst)
003f2a92  local     .econst:_PIo2 (.econst:_PIo2)
003f2bb8  local     .econst:_init_jk (.econst:_init_jk)
003f296a  local     .econst:_ipio2 (.econst:_ipio2)
003ed741  local     .text (.text)
003f2a92  local     _PIo2 (.econst:_PIo2)
003ed741  global    ___kernel_rem_pio2 (.text)
003f2bb8  local     _init_jk (.econst:_init_jk)
003f296a  local     _ipio2 (.econst:_ipio2)
003f2a42  local     _one (.econst)
003f2a46  local     _two24 (.econst)
003f2a4a  local     _twon24 (.econst)
003f2a3e  local     _zero (.econst)


================================================================================

rts2800_ml.lib : exit.c.obj

Run/Load            
Value     Binding   Name (Section)
--------  --------  ---------------
003f0f4c  local     $C$L1 (.text)
003f0f5f  local     $C$L2 (.text)
003f0f6a  local     $C$L3 (.text)
003f0f70  local     $C$L4 (.text)
00000000  local     .bss (.bss)
003f3376  local     .cinit (.cinit)
00000000  local     .data (.data)
0000dc00  local     .ebss (.ebss)
003f0f4b  local     .text (.text)
003f0f4b  global    C$$EXIT (.text)
0000dc02  global    ___TI_cleanup_ptr (.ebss)
0000dc04  global    ___TI_dtors_ptr (.ebss)
0000dc00  global    ___TI_enable_exit_profile_output (.ebss)
003f0f4b  global    _abort (.text)
003f0f4d  global    _exit (.text)


================================================================================

rts2800_ml.lib : _lock.c.obj

Run/Load            
Value     Binding   Name (Section)
--------  --------  ---------------
00000000  local     .bss (.bss)
003f350b  local     .cinit:__lock (.cinit:__lock)
003f3510  local     .cinit:__unlock (.cinit:__unlock)
00000000  local     .data (.data)
0000da3e  local     .ebss:__lock (.ebss:__lock)
0000db3e  local     .ebss:__unlock (.ebss:__unlock)
003f1232  local     .text (.text)
0000da3e  global    __lock (.ebss:__lock)
003f123a  global    __nop (.text)
003f1236  global    __register_lock (.text)
003f1232  global    __register_unlock (.text)
0000db3e  global    __unlock (.ebss:__unlock)


================================================================================

rts2800_ml.lib : args_main.c.obj

Run/Load            
Value     Binding   Name (Section)
--------  --------  ---------------
003f1203  local     $C$L1 (.text)
003f1206  local     $C$L2 (.text)
00000000  local     .bss (.bss)
00000000  local     .data (.data)
003f11f8  local     .text (.text)
003f11f8  global    __args_main (.text)


================================================================================

rts2800_ml.lib : s_floor.c.obj

Run/Load            
Value     Binding   Name (Section)
--------  --------  ---------------
003f2baa  local     $C$FL1 (.econst)
003f2bae  local     $C$FL2 (.econst)
003f043c  local     $C$L1 (.text)
003f0494  local     $C$L10 (.text)
003f04b4  local     $C$L11 (.text)
003f04b6  local     $C$L12 (.text)
003f04c2  local     $C$L13 (.text)
003f04c7  local     $C$L14 (.text)
003f0441  local     $C$L2 (.text)
003f0442  local     $C$L3 (.text)
003f044a  local     $C$L4 (.text)
003f045d  local     $C$L5 (.text)
003f046c  local     $C$L6 (.text)
003f046f  local     $C$L7 (.text)
003f048b  local     $C$L8 (.text)
003f0491  local     $C$L9 (.text)
00000000  local     .bss (.bss)
00000000  local     .data (.data)
003f2ba6  local     .econst (.econst)
003f03e4  local     .text (.text)
003f03e4  global    _floorl (.text)
003f2ba6  local     _huge (.econst)


================================================================================

rts2800_ml.lib : s_scalbn.c.obj

Run/Load            
Value     Binding   Name (Section)
--------  --------  ---------------
003f2b36  local     $C$FL1 (.econst)
003f2b3a  local     $C$FL2 (.econst)
003f2b3e  local     $C$FL3 (.econst)
003f2b42  local     $C$FL4 (.econst)
003f0673  local     $C$L1 (.text)
003f068c  local     $C$L2 (.text)
003f069e  local     $C$L3 (.text)
003f06a9  local     $C$L4 (.text)
003f06be  local     $C$L5 (.text)
003f06c4  local     $C$L6 (.text)
003f06cf  local     $C$L7 (.text)
003f06ef  local     $C$L8 (.text)
003f06f3  local     $C$L9 (.text)
00000000  local     .bss (.bss)
00000000  local     .data (.data)
003f2b2a  local     .econst (.econst)
003f064d  local     .text (.text)
003f064d  global    _ldexpl (.text)
003f064d  global    _scalbnl (.text)
003f2b32  local     _tiny (.econst)
003f2b2a  local     _two54 (.econst)
003f2b2e  local     _twom54 (.econst)


================================================================================

rts2800_ml.lib : s_copysign.c.obj

Run/Load            
Value     Binding   Name (Section)
--------  --------  ---------------
003f102f  local     $C$L1 (.text)
00000000  local     .bss (.bss)
00000000  local     .data (.data)
003f100e  local     .text (.text)
003f100e  global    _copysignl (.text)


================================================================================

rts2800_ml.lib : k_cosf.c.obj

Run/Load            
Value     Binding   Name (Section)
--------  --------  ---------------
003f2a7e  local     $C$FL1 (.econst)
003f2a82  local     $C$FL2 (.econst)
003f2a86  local     $C$FL3 (.econst)
003f2a8a  local     $C$FL4 (.econst)
003f2a8e  local     $C$FL5 (.econst)
00000000  local     .bss (.bss)
00000000  local     .data (.data)
003f2a6a  local     .econst (.econst)
003f0b9a  local     .text (.text)
003f2a6e  local     _C0 (.econst)
003f2a72  local     _C1 (.econst)
003f2a76  local     _C2 (.econst)
003f2a7a  local     _C3 (.econst)
003f0b9a  global    ___kernel_cosdf (.text)
003f2a6a  local     _one (.econst)


================================================================================

rts2800_ml.lib : k_sinf.c.obj

Run/Load            
Value     Binding   Name (Section)
--------  --------  ---------------
003f2ac2  local     $C$FL1 (.econst)
003f2ac6  local     $C$FL2 (.econst)
003f2aca  local     $C$FL3 (.econst)
003f2ace  local     $C$FL4 (.econst)
00000000  local     .bss (.bss)
00000000  local     .data (.data)
003f2ab2  local     .econst (.econst)
003f08ce  local     .text (.text)
003f2ab2  local     _S1 (.econst)
003f2ab6  local     _S2 (.econst)
003f2aba  local     _S3 (.econst)
003f2abe  local     _S4 (.econst)
003f08ce  global    ___kernel_sindf (.text)


================================================================================

rts2800_ml.lib : fd_cmp28.asm.obj

Run/Load            
Value     Binding   Name (Section)
--------  --------  ---------------
00000000  local     .bss (.bss)
00000000  local     .data (.data)
003f0f21  local     .text (.text)
003f0f31  local     CHECK_INF (.text)
003f0f21  global    FD$$CMP (.text)
003f0f48  local     NO_NEG (.text)
003f0f49  local     OP_EQUAL (.text)
003f0f41  local     RETURN (.text)


================================================================================

rts2800_ml.lib : fd_tol28.asm.obj

Run/Load            
Value     Binding   Name (Section)
--------  --------  ---------------
00000000  local     .bss (.bss)
00000000  local     .data (.data)
003f1095  local     .text (.text)
003f1095  global    FD$$TOL (.text)
003f10ae  local     OVERFLOW (.text)
003f10ad  local     RETURN_VALUE (.text)
003f10b2  local     UNDERFLOW (.text)


================================================================================

rts2800_ml.lib : ll_aox28.asm.obj

Run/Load            
Value     Binding   Name (Section)
--------  --------  ---------------
00000000  local     .bss (.bss)
00000000  local     .data (.data)
003f1179  local     .text (.text)
003f1179  global    LL$$AND (.text)
003f1181  global    LL$$OR (.text)
003f1189  global    LL$$XOR (.text)


================================================================================

rts2800_ml.lib : i_div28.asm.obj

Run/Load            
Value     Binding   Name (Section)
--------  --------  ---------------
00000000  local     .bss (.bss)
00000000  local     .data (.data)
003f1031  local     .text (.text)
003f1031  global    I$$DIV (.text)
003f1042  global    I$$MOD (.text)
003f1041  local     RET1 (.text)
003f1051  local     RET2 (.text)


================================================================================

rts2800_ml.lib : l_tofd28.asm.obj

Run/Load            
Value     Binding   Name (Section)
--------  --------  ---------------
003f1136  local     $10 (.text)
00000000  local     .bss (.bss)
00000000  local     .data (.data)
003f1128  local     .text (.text)
003f1128  global    L$$TOFD (.text)
003f1142  local     OP_ZERO (.text)
003f1141  local     RETURN (.text)
003f113f  local     RETURN_VALUE (.text)


================================================================================

rts2800_ml.lib : fd_tofs28.asm.obj

Run/Load            
Value     Binding   Name (Section)
--------  --------  ---------------
00000000  local     .bss (.bss)
00000000  local     .data (.data)
003f1053  local     .text (.text)
003f1060  local     EXP_EVAL (.text)
003f1053  global    FD$$TOFS (.text)
003f106c  local     OVERFLOW (.text)
003f106b  local     RETURN_VALUE (.text)
003f1072  local     UNDERFLOW (.text)


================================================================================

rts2800_ml.lib : errno.c.obj

Run/Load            
Value     Binding   Name (Section)
--------  --------  ---------------
00000000  local     .bss (.bss)
003f3535  local     .cinit (.cinit)
00000000  local     .data (.data)
0000dc58  local     .ebss (.ebss)
00000000  local     .text (.text)
0000dc58  global    _errno (.ebss)


================================================================================

