******************************************************************************
             TMS320C2000 Linker PC v22.6.0                     
******************************************************************************
>> Linked Mon Jan 23 23:09:20 2023

OUTPUT FILE NAME:   <../../../04_Output_Files/Motor28062/TEST_CSMON_C28xx.out>
ENTRY POINT SYMBOL: "_c_int00"  address: 003ecb98


MEMORY CONFIGURATION

         name            origin    length      used     unused   attr    fill
----------------------  --------  ---------  --------  --------  ----  --------
PAGE 0:
  RAML0                 00008000   00000800  00000029  000007d7  RWIX
  RAML1                 00008800   00000400  00000000  00000400  RWIX
  OTP                   003d7800   00000400  00000000  00000400  RWIX
  FLASH_APP             003e8000   0000dff0  00008e05  000051eb  RWIX
  CSM_RSVD              003f7f80   00000076  00000076  00000000  RWIX
  BEGIN                 003f7ff6   00000002  00000002  00000000  RWIX
  CSM_PWL_P0            003f7ff8   00000008  00000008  00000000  RWIX
  FPUTABLES             003fd590   000006a0  00000000  000006a0  RWIX
  IQTABLES              003fdf00   00000b50  00000000  00000b50  RWIX
  IQTABLES2             003fea50   0000008c  00000000  0000008c  RWIX
  IQTABLES3             003feadc   000000aa  00000000  000000aa  RWIX
  ROM                   003ff3b0   00000c10  00000000  00000c10  RWIX
  RESET                 003fffc0   00000002  00000000  00000002  RWIX
  VECTORS               003fffc2   0000003e  00000000  0000003e  RWIX

PAGE 1:
  BOOT_RSVD             00000000   00000050  00000000  00000050  RWIX
  RAMM0                 00000050   000003b0  00000380  00000030  RWIX
  RAMM1                 00000400   00000400  00000000  00000400  RWIX
  DEV_EMU               00000880   00000105  00000004  00000101  RWIX
  SYS_PWR_CTL           00000985   00000003  00000003  00000000  RWIX
  FLASH_REGS            00000a80   00000060  00000008  00000058  RWIX
  CSM                   00000ae0   00000020  00000010  00000010  RWIX
  ADC_RESULT            00000b00   00000020  00000010  00000010  RWIX
  CPU_TIMER0            00000c00   00000008  00000008  00000000  RWIX
  CPU_TIMER1            00000c08   00000008  00000008  00000000  RWIX
  CPU_TIMER2            00000c10   00000008  00000008  00000000  RWIX
  PIE_CTRL              00000ce0   00000020  0000001a  00000006  RWIX
  PIE_VECT              00000d00   00000100  00000100  00000000  RWIX
  DMA                   00001000   00000200  000000e0  00000120  RWIX
  CLA1                  00001400   00000080  00000040  00000040  RWIX
  USB0                  00004000   00001000  00000454  00000bac  RWIX
  McBSPA                00005000   00000040  00000024  0000001c  RWIX
  ECANA                 00006000   00000040  00000034  0000000c  RWIX
  ECANA_LAM             00006040   00000040  00000040  00000000  RWIX
  ECANA_MOTS            00006080   00000040  00000040  00000000  RWIX
  ECANA_MOTO            000060c0   00000040  00000040  00000000  RWIX
  ECANA_MBOX            00006100   00000100  00000100  00000000  RWIX
  COMP1                 00006400   00000020  00000014  0000000c  RWIX
  COMP2                 00006420   00000020  00000014  0000000c  RWIX
  COMP3                 00006440   00000020  00000014  0000000c  RWIX
  EPWM1                 00006800   00000040  00000040  00000000  RWIX
  EPWM2                 00006840   00000040  00000040  00000000  RWIX
  EPWM3                 00006880   00000040  00000040  00000000  RWIX
  EPWM4                 000068c0   00000040  00000040  00000000  RWIX
  EPWM5                 00006900   00000040  00000040  00000000  RWIX
  EPWM6                 00006940   00000040  00000040  00000000  RWIX
  EPWM7                 00006980   00000040  00000040  00000000  RWIX
  EPWM8                 000069c0   00000040  00000040  00000000  RWIX
  ECAP1                 00006a00   00000020  00000020  00000000  RWIX
  ECAP2                 00006a20   00000020  00000020  00000000  RWIX
  ECAP3                 00006a40   00000020  00000020  00000000  RWIX
  HRCAP1                00006ac0   00000020  00000020  00000000  RWIX
  HRCAP2                00006ae0   00000020  00000020  00000000  RWIX
  EQEP1                 00006b00   00000040  00000022  0000001e  RWIX
  EQEP2                 00006b40   00000040  00000022  0000001e  RWIX
  HRCAP3                00006c80   00000020  00000020  00000000  RWIX
  HRCAP4                00006ca0   00000020  00000020  00000000  RWIX
  GPIOCTRL              00006f80   00000040  00000040  00000000  RWIX
  GPIODAT               00006fc0   00000020  00000020  00000000  RWIX
  GPIOINT               00006fe0   00000020  00000020  00000000  RWIX
  SYSTEM                00007010   00000030  00000030  00000000  RWIX
  SPIA                  00007040   00000010  00000010  00000000  RWIX
  SCIA                  00007050   00000010  00000010  00000000  RWIX
  NMIINTRUPT            00007060   00000010  00000010  00000000  RWIX
  XINTRUPT              00007070   00000010  00000010  00000000  RWIX
  ADC                   00007100   00000080  00000050  00000030  RWIX
  SPIB                  00007740   00000010  00000010  00000000  RWIX
  SCIB                  00007750   00000010  00000010  00000000  RWIX
  I2CA                  00007900   00000040  00000022  0000001e  RWIX
  RAML2                 00008c00   00000400  00000400  00000000  RWIX
  RAML34                00009000   00003000  00003000  00000000  RWIX
  RAML5                 0000c000   00002000  00000121  00001edf  RWIX
  RAML6                 0000e000   00002000  00000000  00002000  RWIX
  RAML7                 00010000   00002000  00000000  00002000  RWIX
  RAML8                 00012000   00002000  00000000  00002000  RWIX
  USB_RAM               00040000   00000800  00000000  00000800  RWIX
  PARTID                003d7e80   00000001  00000001  00000000  RWIX
  CSM_PWL               003f7ff8   00000008  00000008  00000000  RWIX


SECTION ALLOCATION MAP

 output                                  attributes/
section   page    origin      length       input sections
--------  ----  ----------  ----------   ----------------
.cinit     0    003f05a6    00000860     
                  003f05a6    00000216     CSMON_C28xx.lib : hmmodbus.obj (.cinit)
                  003f07bc    0000017b     main.obj (.cinit)
                  003f0937    00000105     CSMON_C28xx.lib : csmon.obj (.cinit)
                  003f0a3c    0000009c                     : modbusreg.obj (.cinit)
                  003f0ad8    00000030                     : csmon.obj (.cinit:_CSMON_au8FileRecorderConfigElementsSizeTable)
                  003f0b08    0000002b                     : csmon.obj (.cinit:_CSMON_au8FileScopeConfigurationElementsSizeTable)
                  003f0b33    00000017                     : csmon.obj (.cinit:_CSMON_au8FileRecorderDataElementsSizeTable)
                  003f0b4a    00000015                     : csmon.obj (.cinit:_CSMON_sFileAutorization)
                  003f0b5f    00000014                     : hmdrv.obj (.cinit)
                  003f0b73    00000014                     : hmprotocol.obj (.cinit)
                  003f0b87    00000013                     : modbusreg.obj (.cinit:_MODBUSREG_au8DeviceIDUserApplicationName)
                  003f0b9a    00000013                     : modbusreg.obj (.cinit:_MODBUSREG_au8DeviceIDVendorUrl)
                  003f0bad    00000013                     : modbusreg.obj (.cinit:_MODBUSREG_au8ServerIDData)
                  003f0bc0    00000013                     : hmrecparam.obj (.cinit:_sRecStatusParam)
                  003f0bd3    0000000f                     : csmon.obj (.cinit:_CSMON_sDateTime)
                  003f0be2    0000000f                     : csmon.obj (.cinit:_CSMON_sDateTimeApplication)
                  003f0bf1    0000000f                     : csmon.obj (.cinit:_CSMON_sDateTimeDefault)
                  003f0c00    0000000f                     : modbusreg.obj (.cinit:_MODBUSREG_au8DeviceIDModelName)
                  003f0c0f    0000000f     device.obj (.cinit)
                  003f0c1e    0000000e     rts2800_ml.lib : exit.c.obj (.cinit)
                  003f0c2c    0000000d     CSMON_C28xx.lib : tmr_drv.obj (.cinit)
                  003f0c39    0000000d                     : csmon.obj (.cinit:_CSMON_au8FileParameterCountElementsSizeTable)
                  003f0c46    0000000d                     : csmon.obj (.cinit:_CSMON_au8FileRTCElementsSizeTable)
                  003f0c53    0000000d                     : csmon.obj (.cinit:_sHashKey)
                  003f0c60    0000000c                     : modbusreg.obj (.cinit:_MODBUSREG_au8DeviceIDProductName)
                  003f0c6c    0000000c                     : modbusreg.obj (.cinit:_MODBUSREG_au8DeviceIDUserReserve0)
                  003f0c78    0000000c                     : modbusreg.obj (.cinit:_MODBUSREG_au8DeviceIDUserReserve1)
                  003f0c84    0000000c                     : modbusreg.obj (.cinit:_MODBUSREG_au8DeviceIDUserReserve2)
                  003f0c90    0000000c                     : modbusreg.obj (.cinit:_MODBUSREG_au8DeviceIDVendorName)
                  003f0c9c    0000000b                     : hmrecparam.obj (.cinit:_HMRECPRM_sDateTime)
                  003f0ca7    0000000b     main.obj (.cinit:_MAIN_sDateTimeGet)
                  003f0cb2    0000000b     main.obj (.cinit:_MAIN_sDateTimeSet)
                  003f0cbd    0000000b     uart_driver.obj (.cinit:_UART_DRV_RXIntOverflowCounter)
                  003f0cc8    0000000b     uart_driver.obj (.cinit:_UART_DRV_u32TimeDiffLast)
                  003f0cd3    0000000b     uart_driver.obj (.cinit:_UART_DRV_u32TimeDiffNow)
                  003f0cde    0000000b     CSMON_C28xx.lib : uart_drv.obj (.cinit:_UART_RXIntOverflowCounter)
                  003f0ce9    0000000b                     : tmr_drv.obj (.cinit:_pfDelayedFunction)
                  003f0cf4    0000000b                     : tmr_drv.obj (.cinit:_pfDelayedFunction_u8)
                  003f0cff    0000000b                     : hmrecparam.obj (.cinit:_sRecStatusParamInternal)
                  003f0d0a    0000000b                     : uart_drv.obj (.cinit:_u32TimeDiffLast)
                  003f0d15    0000000b                     : uart_drv.obj (.cinit:_u32TimeDiffNow)
                  003f0d20    0000000b                     : uart_drv.obj (.cinit:_u32TimeDiffRead)
                  003f0d2b    00000009                     : hmserial.obj (.cinit)
                  003f0d34    00000009                     : csmon.obj (.cinit:_CSMON_au32FileAutorization_FunctionAfterWriteFileRecord)
                  003f0d3d    00000009                     : csmon.obj (.cinit:_CSMON_sFileParameterCount)
                  003f0d46    00000008                     : hmlib.obj (.cinit)
                  003f0d4e    00000007                     : csmon.obj (.cinit:_CSMON_au8FileRecorderStatusElementsSizeTable)
                  003f0d55    00000007                     : modbusreg.obj (.cinit:_MODBUSREG_au8DeviceIDMajorMinorRevision)
                  003f0d5c    00000007                     : modbusreg.obj (.cinit:_MODBUSREG_au8DeviceIDProductCode)
                  003f0d63    00000007                     : uart_drv.obj (.cinit:_UARTRxBufferRDCount)
                  003f0d6a    00000007                     : uart_drv.obj (.cinit:_UARTRxBufferRDIndex)
                  003f0d71    00000007                     : uart_drv.obj (.cinit:_UARTRxBufferWRCount)
                  003f0d78    00000007                     : uart_drv.obj (.cinit:_UARTRxBufferWRIndex)
                  003f0d7f    00000007     uart_driver.obj (.cinit:_UART_DRV_RxBufferRDCount)
                  003f0d86    00000007     uart_driver.obj (.cinit:_UART_DRV_RxBufferWRCount)
                  003f0d8d    00000007     uart_driver.obj (.cinit:_UART_DRV_RxBufferWRIndex)
                  003f0d94    00000006     CSMON_C28xx.lib : csmon.obj (.cinit:_CSMON_abFileAutorization_RecordReadOnly)
                  003f0d9a    00000006                     : csmon.obj (.cinit:_CSMON_abFileAutorization_RecordStringData)
                  003f0da0    00000006                     : csmon.obj (.cinit:_CSMON_au16FileAutorization_RecordOffsets)
                  003f0da6    00000006                     : csmon.obj (.cinit:_CSMON_sFileProtocolVersion)
                  003f0dac    00000005     rts2800_ml.lib : _lock.c.obj (.cinit:__lock)
                  003f0db1    00000005                    : _lock.c.obj (.cinit:__unlock)
                  003f0db6    00000005     CSMON_C28xx.lib : hmscopeparam.obj (.cinit:_pBufferScope)
                  003f0dbb    00000005                     : csmon.obj (.cinit:_sFileParameterNumericOffsetDefault)
                  003f0dc0    00000004                     : hmscopeparam.obj (.cinit)
                  003f0dc4    00000004                     : uart_drv.obj (.cinit)
                  003f0dc8    00000004                     : csmon.obj (.cinit:_CSMON_au8FileParameterListElementsSizeTablePart1_1)
                  003f0dcc    00000004                     : csmon.obj (.cinit:_CSMON_au8FileParameterListElementsSizeTablePart1_2)
                  003f0dd0    00000004                     : csmon.obj (.cinit:_CSMON_au8FileParameterListElementsSizeTablePart1_3)
                  003f0dd4    00000004                     : csmon.obj (.cinit:_CSMON_au8FileParameterListElementsSizeTablePart1_4)
                  003f0dd8    00000004                     : csmon.obj (.cinit:_CSMON_au8FileParameterListElementsSizeTablePart2)
                  003f0ddc    00000004                     : csmon.obj (.cinit:_CSMON_au8FileParameterListElementsSizeTablePart3)
                  003f0de0    00000004                     : csmon.obj (.cinit:_CSMON_au8FileParameterNumbElementsSizeTablePart16Bits)
                  003f0de4    00000004                     : csmon.obj (.cinit:_CSMON_au8FileParameterNumbElementsSizeTablePart32Bits)
                  003f0de8    00000004                     : csmon.obj (.cinit:_CSMON_au8FileRecorderDataElementsSizeTableUsedLength)
                  003f0dec    00000004                     : csmon.obj (.cinit:_CSMON_au8FileScopeStatusElementsSizeTable)
                  003f0df0    00000004                     : csmon.obj (.cinit:_CSMON_sFileParameterAccessList)
                  003f0df4    00000004                     : hmmodbus.obj (.cinit:_HMMODBUS_u32RegisterAddressDummyuSize)
                  003f0df8    00000004                     : modbusreg.obj (.cinit:_MODBUSREG_asFileTable)
                  003f0dfc    00000004                     : csmon.obj (.cinit:_sFileParameterNumericVisualTypeDefault)
                  003f0e00    00000004     rts2800_ml.lib : errno.c.obj (.cinit)
                  003f0e04    00000002     --HOLE-- [fill = 0]

.pinit     0    003e8000    00000000     UNINITIALIZED

.text      0    003e8000    00006770     
                  003e8000    000008b8     CSMON_C28xx.lib : hmmodbus.obj (.text:_HMMODBUS_ReadFileRecord)
                  003e88b8    00000893                     : hmmodbus.obj (.text:_HMMODBUS_bDecoder_OPT)
                  003e914b    0000077b                     : modbusreg.obj (.text:_MODBUSREG_AddressTablesInit)
                  003e98c6    00000698     rts2800_ml.lib : k_rem_pio2.c.obj (.text)
                  003e9f5e    00000687     CSMON_C28xx.lib : hmmodbus.obj (.text:_HMMODBUS_WriteFileRecord)
                  003ea5e5    000001ae     main.obj (.text:_main)
                  003ea793    0000017f     CSMON_C28xx.lib : csmon.obj (.text:_CSMON_eSetUpRecParam)
                  003ea912    0000016a                     : csmon.obj (.text:_CSMON_eProcess)
                  003eaa7c    00000146                     : hmmodbus.obj (.text:_HMMODBUS_Rx)
                  003eabc2    0000011b                     : hmmodbus.obj (.text:_HMMODBUS_vSetFreeRunTimerPrescaller)
                  003eacdd    00000114     rts2800_ml.lib : s_sinf.c.obj (.text)
                  003eadf1    00000107                    : ll_div28.asm.obj (.text)
                  003eaef8    000000f1     CSMON_C28xx.lib : csmon.obj (.text:_CSMON_vFileRecoderStatusFix)
                  003eafe9    000000ef                     : hmmodbus.obj (.text:_HMMODBUS_WriteHoldingRegister)
                  003eb0d8    000000e9                     : hmmodbus.obj (.text:_HMMODBUS_ReadHoldingRegister)
                  003eb1c1    000000e9                     : hmprotocol.obj (.text:_HMPROTOCOL_bDecoder)
                  003eb2aa    000000e8                     : hmrecparam.obj (.text:_HMRECPRM_vProcess)
                  003eb392    000000e8     rts2800_ml.lib : s_floor.c.obj (.text)
                  003eb47a    000000e4     main.obj (.text:_ControlProcess)
                  003eb55e    000000d6     CSMON_C28xx.lib : csmon.obj (.text:_CSMON_vSetupHoldingRegistersAndCoilsAddressTableFromCSMONParameterList)
                  003eb634    000000c6                     : csmon.obj (.text:_CSMON_vInitParameterListRealAddressRecordTables)
                  003eb6fa    000000c2                     : hmdrv.obj (.text:_HMDRV_vInit)
                  003eb7bc    000000bc                     : csmon.obj (.text:_CSMON_vPrepareFileParameterAccessList)
                  003eb878    000000bc                     : hmrecparam.obj (.text:_HMRECPRM_SetUpRec)
                  003eb934    000000ba                     : csmon.obj (.text:_CSMON_eInit)
                  003eb9ee    000000b8                     : hmrec.obj (.text:_HMREC_SetUpRec)
                  003ebaa6    000000aa                     : hmdrv.obj (.text:_HMDRV_CopyFromBufferInternalModbusBitField)
                  003ebb50    000000aa     rts2800_ml.lib : s_scalbn.c.obj (.text)
                  003ebbfa    000000a7                    : e_rem_pio2f.c.obj (.text)
                  003ebca1    000000a3     CSMON_C28xx.lib : tmr_drv.obj (.text:_TMR2_ISR)
                  003ebd44    0000009d                     : hmmodbus.obj (.text:_HMMODBUS_GetRealRegisterAddressAndSize)
                  003ebde1    0000009c     rts2800_ml.lib : fd_add28.asm.obj (.text)
                  003ebe7d    00000099     main.obj (.text:_RecordersInitialization)
                  003ebf16    00000097     main.obj (.text:_ParameterInitialization)
                  003ebfad    00000092     CSMON_C28xx.lib : hmdrv.obj (.text:_HMDRV_CopyMemory)
                  003ec03f    00000092                     : hmdrv.obj (.text:_HMDRV_CopyToBufferInternalModbus)
                  003ec0d1    00000092     rts2800_ml.lib : k_sinf.c.obj (.text)
                  003ec163    00000090     CSMON_C28xx.lib : csmon.obj (.text:_CSMON_vSetDateTimeAutorization)
                  003ec1f3    0000008b     rts2800_ml.lib : fd_div28.asm.obj (.text)
                  003ec27e    00000087     CSMON_C28xx.lib : hmrecparam.obj (.text:_HMRECPRM_SetUpRecParamStatusDateTime)
                  003ec305    00000087     rts2800_ml.lib : k_cosf.c.obj (.text)
                  003ec38c    00000083     CSMON_C28xx.lib : hmdrv.obj (.text:_HMDRV_CopyFromBufferInternalModbus)
                  003ec40f    00000083     rts2800_ml.lib : fd_mpy28.asm.obj (.text)
                  003ec492    00000083                    : fs_div28.asm.obj (.text)
                  003ec515    0000007f     CSMON_C28xx.lib : hmserial.obj (.text:_HMSERIAL_vProcessSCI)
                  003ec594    00000078     rts2800_ml.lib : fs_add28.asm.obj (.text)
                  003ec60c    0000006a     CSMON_C28xx.lib : hmserial.obj (.text:_HMSERIAL_Rx)
                  003ec676    00000068                     : hmmodbus.obj (.text:_HMMODBUS_vProcessSCI)
                  003ec6de    00000068                     : hmprotocol.obj (.text:_HMPROTOCOL_GetBoardInfo)
                  003ec746    00000067                     : hmmodbus.obj (.text:_HMMODBUS_CopyFromBuffer)
                  003ec7ad    00000064                     : hmrec.obj (.text:_HMREC_vProcess)
                  003ec811    00000062                     : modbusreg.obj (.text:_MODBUSREG_vInit)
                  003ec873    0000005f     F2806x_SysCtrl.obj (.text:_InitPeripheralClocks)
                  003ec8d2    0000005d     CSMON_C28xx.lib : uart_drv.obj (.text:_UART_RXInterrupt)
                  003ec92f    0000005a                     : gpio.obj (.text:_GPIO_setPinConfigOutput)
                  003ec989    0000005a     rts2800_ml.lib : fs_mpy28.asm.obj (.text)
                  003ec9e3    00000059     CSMON_C28xx.lib : csmon.obj (.text:_CSMON_vUpdateDateTimeFromApplication)
                  003eca3c    00000059                     : hmmodbus.obj (.text:_vSetElementsSize)
                  003eca95    00000057                     : csmon.obj (.text:_CSMON_bCheckValidDateTime)
                  003ecaec    00000057     uart_driver.obj (.text:_UART_DRV_RXInterrupt)
                  003ecb43    00000055     CSMON_C28xx.lib : modbusreg.obj (.text:_MODBUSREG_FileRecorderExternalUpdateInit)
                  003ecb98    00000054     rts2800_ml.lib : boot28.asm.obj (.text)
                  003ecbec    00000052     CSMON_C28xx.lib : csmon.obj (.text:_CSMON_eSetRecorderTriggerAtPosition)
                  003ecc3e    00000051     F2806x_SysCtrl.obj (.text:_InitPll)
                  003ecc8f    0000004f     device.obj (.text:_Device_CsmUnlock)
                  003eccde    0000004e     CSMON_C28xx.lib : hmmodbus.obj (.text:_HMMODBUS_GetRegisterFunction)
                  003ecd2c    0000004e                     : hmrecparam.obj (.text:_HMRECPRM_StartRecParam)
                  003ecd7a    0000004c                     : hmmodbus.obj (.text:_HMMODBUS_vSendResponse)
                  003ecdc6    0000004c                     : hmrecparam.obj (.text:_HMRECPRM_vTimeSync)
                  003ece12    00000047                     : hmmodbus.obj (.text:_HMMODBUS_CopyToBuffer)
                  003ece59    00000047                     : hmscopeparam.obj (.text:_HMSCOPEPRM_SetUpScope)
                  003ecea0    00000045     main.obj (.text:_ExternalParametersInitialization)
                  003ecee5    00000043     CSMON_C28xx.lib : hmscopeparam.obj (.text:_HMSCOPEPRM_ReadScope)
                  003ecf28    00000042     interrupt.obj (.text:_Interrupt_enable)
                  003ecf6a    0000003f     CSMON_C28xx.lib : hmdrv.obj (.text:_HMDRV_CopyFromBufferInternal)
                  003ecfa9    0000003d                     : hmmodbus.obj (.text:_vSetStartSampleIndex)
                  003ecfe6    0000003c                     : tmr_drv.obj (.text:_configCPUTimer)
                  003ed022    0000003b                     : hmscope.obj (.text:_HMSCOPE_SetUpScope)
                  003ed05d    00000039                     : csmon.obj (.text:_CSMON_u16FindIndexParameterTable)
                  003ed096    00000038                     : csmon.obj (.text:_CSMON_eSetRecorderConfigurationSkipSamples)
                  003ed0ce    00000038     device.obj (.text:_Device_init)
                  003ed106    00000038     CSMON_C28xx.lib : hmmodbus.obj (.text:_HMMODBUS_bDecoderInit_OPT)
                  003ed13e    00000038                     : uart_drv.obj (.text:_UART_ReadDataRx)
                  003ed176    00000036                     : csmon.obj (.text:_CSMON_vRecorderParamStartStopProcess)
                  003ed1ac    00000036                     : hmscope.obj (.text:_HMSCOPE_ReadScope)
                  003ed1e2    00000036                     : hmserial.obj (.text:_HMSERIAL_vSendResponse)
                  003ed218    00000035                     : csmon.obj (.text:_CSMON_u32GetRealAddressAndSizeOffsetFromParameter)
                  003ed24d    00000035                     : hmdrv.obj (.text:_HMDRV_CopyToBufferInternal)
                  003ed282    00000033                     : hmmodbus.obj (.text:_HMMODBUS_Listen)
                  003ed2b5    0000002e                     : hmserial.obj (.text:_HMSERIAL_vProcessSCIFreemasterOnly)
                  003ed2e3    0000002d                     : csmon.obj (.text:_CSMON_eSetParameterInRecorderAtPosition)
                  003ed310    0000002d                     : csmon.obj (.text:_CSMON_eSetParameterInScopeAtPosition)
                  003ed33d    0000002d                     : csmon.obj (.text:_CSMON_vInitRecorders)
                  003ed36a    0000002d                     : csmon.obj (.text:_CSMON_vSetupHoldingRegistersAndCoilsAddressTableAccessAll)
                  003ed397    0000002d                     : hmserial.obj (.text:_HMSERIAL_Listen)
                  003ed3c4    0000002d                     : hmrecparam.obj (.text:_RecorderTimeFromLocalDateTime)
                  003ed3f1    0000002b                     : hmrecparam.obj (.text:_FillTimeData)
                  003ed41c    0000002a     rts2800_ml.lib : fd_cmp28.asm.obj (.text)
                  003ed446    00000029                    : exit.c.obj (.text)
                  003ed46f    00000029                    : fs_tol28.asm.obj (.text)
                  003ed498    00000028     CSMON_C28xx.lib : csmon.obj (.text:_CSMON_bAutorizationPasswordCheck)
                  003ed4c0    00000028     main.obj (.text:_ScopesInitialization)
                  003ed4e8    00000027     CSMON_C28xx.lib : hmserial.obj (.text:_HMSERIAL_vProcessSCITXISR)
                  003ed50f    00000027                     : hmdrv.obj (.text:_sci_echoback_init)
                  003ed536    00000026                     : hmdrv.obj (.text:_HMDRV_CopyFromBufferInternalWithMaskModbus)
                  003ed55c    00000026                     : modbusreg.obj (.text:_MODBUSREG_vInitHoldingRegistersTableChangesExternalList)
                  003ed582    00000025                     : hmserial.obj (.text:_HMSERIAL_Tx)
                  003ed5a7    00000025     rts2800_ml.lib : fs_toi28.asm.obj (.text)
                  003ed5cc    00000024     CSMON_C28xx.lib : csmon.obj (.text:_CSMON_vAutorizationReset)
                  003ed5f0    00000024                     : hmprotocol.obj (.text:_HMPROTOCOL_ReadMem)
                  003ed614    00000024                     : hmrecparam.obj (.text:_RecorderDateFromLocalDateTime)
                  003ed638    00000024     sci_driver.obj (.text:_SCIA_DRV_RXFIFOISR)
                  003ed65c    00000024     sci_driver.obj (.text:_SCIA_DRV_TXFIFOISR)
                  003ed680    00000024     CSMON_C28xx.lib : sci_drv.obj (.text:_SCIA_RXFIFOISR)
                  003ed6a4    00000024                     : sci_drv.obj (.text:_SCIA_TXFIFOISR)
                  003ed6c8    00000024     sci_driver.obj (.text:_SCIB_DRV_RXFIFOISR)
                  003ed6ec    00000024     sci_driver.obj (.text:_SCIB_DRV_TXFIFOISR)
                  003ed710    00000024     CSMON_C28xx.lib : sci_drv.obj (.text:_SCIB_RXFIFOISR)
                  003ed734    00000024                     : sci_drv.obj (.text:_SCIB_TXFIFOISR)
                  003ed758    00000024                     : tmr_drv.obj (.text:_TMR_vInit)
                  003ed77c    00000024                     : hmmodbus.obj (.text:_vSetSampleCountAvailable)
                  003ed7a0    00000024     rts2800_ml.lib : cpy_tbl.c.obj (.text)
                  003ed7c4    00000023     CSMON_C28xx.lib : csmon.obj (.text:_CSMON_vRecorderParamSetupProcess)
                  003ed7e7    00000023                     : hmlib.obj (.text:_HMLIB_vInit)
                  003ed80a    00000023                     : modbusreg.obj (.text:_MODBUSREG_FileRecorderElementSizeTableUsedSizeUpdateInit)
                  003ed82d    00000023     rts2800_ml.lib : s_copysign.c.obj (.text)
                  003ed850    00000022                    : i_div28.asm.obj (.text)
                  003ed872    00000021     CSMON_C28xx.lib : csmon.obj (.text:_CSMON_eSetParameterListParameterID)
                  003ed893    00000021                     : hmdrv.obj (.text:_HMDRV_CopyFromBufferInternalWithMask)
                  003ed8b4    00000021     rts2800_ml.lib : fd_tofs28.asm.obj (.text)
                  003ed8d5    00000021                    : fs_toul28.asm.obj (.text)
                  003ed8f6    00000020     CSMON_C28xx.lib : csmon.obj (.text:_CSMON_eSetParameterListRealAddress)
                  003ed916    00000020                     : hmdrv.obj (.text:_HMDRV_vProcess)
                  003ed936    00000020                     : tmr_drv.obj (.text:_TMR_vInitCPUTimers)
                  003ed956    00000020                     : hmmodbus.obj (.text:_vSetSampleCountBuffer)
                  003ed976    0000001f                     : hmmodbus.obj (.text:_HMMODBUS_vInit)
                  003ed995    0000001f     F2806x_PieCtrl.obj (.text:_InitPieCtrl)
                  003ed9b4    0000001f     CSMON_C28xx.lib : hmmodbus.obj (.text:_vSetSampleSize)
                  003ed9d3    0000001f     rts2800_ml.lib : fd_tol28.asm.obj (.text)
                  003ed9f2    0000001d     CSMON_C28xx.lib : hmmodbus.obj (.text:_HMMODBUS_Tx)
                  003eda0f    0000001d                     : hmrecparam.obj (.text:_HMRECPRM_GetRecBuffFreemaster)
                  003eda2c    0000001d                     : hmrec.obj (.text:_HMREC_GetRecBuffFreemaster)
                  003eda49    0000001d     rts2800_ml.lib : fs_tou28.asm.obj (.text)
                  003eda66    0000001d                    : memcpy.c.obj (.text)
                  003eda83    0000001c     main.obj (.text:_CSMON_vGetDateTime)
                  003eda9f    0000001c     CSMON_C28xx.lib : csmon.obj (.text:_HMRECPRM_vGetDateTime)
                  003edabb    0000001c                     : sci.obj (.text:_SCI_clearInterruptStatus)
                  003edad7    0000001c                     : hmmodbus.obj (.text:_vSetIndexFileTable)
                  003edaf3    0000001c     rts2800_ml.lib : fs_tofd28.asm.obj (.text)
                  003edb0f    0000001c                    : l_tofd28.asm.obj (.text)
                  003edb2b    0000001b     device.obj (.text:_Device_initGPIO)
                  003edb46    0000001b     CSMON_C28xx.lib : hmdrv.obj (.text:_HMDRV_AddressToBuffer)
                  003edb61    0000001b     rts2800_ml.lib : fd_toul28.asm.obj (.text)
                  003edb7c    0000001a     CSMON_C28xx.lib : hmmodbus.obj (.text:_HMMODBUS_vProcessSCITXISR)
                  003edb96    0000001a                     : hmrecparam.obj (.text:_HMRECPRM_StartRec)
                  003edbb0    0000001a                     : hmserial.obj (.text:_HMSERIAL_vProcessSCITXISRFreemasterOnly)
                  003edbca    0000001a                     : sci.obj (.text:_SCI_disableInterrupt)
                  003edbe4    0000001a                     : sci.obj (.text:_SCI_enableInterrupt)
                  003edbfe    0000001a     rts2800_ml.lib : l_tofs28.asm.obj (.text)
                  003edc18    00000019     CSMON_C28xx.lib : csmon.obj (.text:_CSMON_eSetParameterCountInRecorder)
                  003edc31    00000019                     : hmdrv.obj (.text:_HMDRV_AddressFromBuffer)
                  003edc4a    00000019                     : uart_drv.obj (.text:_UART_vInit)
                  003edc63    00000019                     : hmmodbus.obj (.text:_bGetFileReadAccess)
                  003edc7c    00000019     rts2800_ml.lib : prolog28.asm.obj (.text)
                  003edc95    00000018     CSMON_C28xx.lib : csmon.obj (.text:_CSMON_u32GetFreeRunningTimerMicroseconds)
                  003edcad    00000018                     : hmlib.obj (.text:_HMLIB_vProcessSCITXISRWithIndex)
                  003edcc5    00000018     F2806x_SysCtrl.obj (.text:_InitSysCtrl)
                  003edcdd    00000018     rts2800_ml.lib : ll_aox28.asm.obj (.text)
                  003edcf5    00000017     CSMON_C28xx.lib : csmon.obj (.text:_CSMON_vSaveRecorderConfig)
                  003edd0c    00000017                     : hmmodbus.obj (.text:_HMMODBUS_vProcessTxDelay)
                  003edd23    00000017                     : hmprotocol.obj (.text:_HMPROTOCOL_WriteMem)
                  003edd3a    00000017                     : hmprotocol.obj (.text:_HMPROTOCOL_WriteMemMask)
                  003edd51    00000017                     : hmmodbus.obj (.text:_vSetBufferAddressStart)
                  003edd68    00000017     rts2800_ml.lib : fs_cmp28.asm.obj (.text)
                  003edd7f    00000017                    : u_tofd28.asm.obj (.text)
                  003edd96    00000016     CSMON_C28xx.lib : csmon.obj (.text:_CSMON_eSetParameterCountInScope)
                  003eddac    00000016                     : hmdrv.obj (.text:_HMDRV_AddressFromBufferBigEndian)
                  003eddc2    00000015                     : hmrecparam.obj (.text:_HMRECPRM_Comparefloat)
                  003eddd7    00000015                     : hmrec.obj (.text:_HMREC_Comparefloat)
                  003eddec    00000015                     : hmrec.obj (.text:_HMREC_StartRec)
                  003ede01    00000015     F2806x_Gpio.obj (.text:_InitGpio)
                  003ede16    00000014     CSMON_C28xx.lib : hmlib.obj (.text:_HMLIB_vProcessFastTD)
                  003ede2a    00000014                     : hmmodbus.obj (.text:_HMMODBUS_DelayedTx)
                  003ede3e    00000014                     : hmrecparam.obj (.text:_HMRECPRM_StopRecParam)
                  003ede52    00000014                     : hmserial.obj (.text:_HMSERIAL_DelayedTx)
                  003ede66    00000013                     : csmon.obj (.text:_CSMON_eSetFlagProcessPassed)
                  003ede79    00000013     rts2800_ml.lib : ul_tofs28.asm.obj (.text)
                  003ede8c    00000012     CSMON_C28xx.lib : csmon.obj (.text:_CSMON_vFileParameterCountCheckSumUpdate)
                  003ede9e    00000012                     : hmdrv.obj (.text:_HMDRV_GetStringLengthFromWordInternal)
                  003edeb0    00000012                     : hmmodbus.obj (.text:_HMMODBUS_vSetupRegisterDummy)
                  003edec2    00000012                     : hmrecparam.obj (.text:_HMRECPRM_CompareBOOL)
                  003eded4    00000012                     : modbusreg.obj (.text:_MODBUSREG_FileShortNameElementSizeandAddressUpdateInit)
                  003edee6    00000012                     : modbusreg.obj (.text:_MODBUSREG_vFileDenyAccess)
                  003edef8    00000012                     : uart_drv.obj (.text:_UART_TxIntDis)
                  003edf0a    00000012                     : uart_drv.obj (.text:_UART_TxIntEna)
                  003edf1c    00000011     main.obj (.text:_CSMON_vSetDateTime)
                  003edf2d    00000011     CSMON_C28xx.lib : hmserial.obj (.text:_HMSERIAL_vInit)
                  003edf3e    00000011     F2806x_PieVect.obj (.text:_InitPieVectTable)
                  003edf4f    00000011     main.obj (.text:_vSetWatchdogPrescalerTimeDiv)
                  003edf60    00000011     rts2800_ml.lib : args_main.c.obj (.text)
                  003edf71    00000010     CSMON_C28xx.lib : csmon.obj (.text:_CSMON_eSetParameterListRegisterFlags)
                  003edf81    00000010     device.obj (.text:_Example_MemCopy)
                  003edf91    00000010     F2806x_SysCtrl.obj (.text:_IntOsc1Sel)
                  003edfa1    00000010     CSMON_C28xx.lib : hmmodbus.obj (.text:_bIsValidEndAddressInBuffer)
                  003edfb1    00000010                     : hmmodbus.obj (.text:_u32BytesMemoryToBytesModbus)
                  003edfc1    00000010                     : hmmodbus.obj (.text:_u32BytesModbusToBytesMemory)
                  003edfd1    00000010     main.obj (.text:_vGetWatchdogPrescaler)
                  003edfe1    00000010     rts2800_ml.lib : u_tofs28.asm.obj (.text)
                  003edff1    0000000f     CSMON_C28xx.lib : hmmodbus.obj (.text:_HMMODBUS_CalcCRC)
                  003ee000    0000000f                     : uart_drv.obj (.text:_UART_IsTxEmpty)
                  003ee00f    0000000e                     : hmdrv.obj (.text:_HMDRV_GetStringLengthInternal)
                  003ee01d    0000000e                     : hmrecparam.obj (.text:_HMRECPRM_Compare16S)
                  003ee02b    0000000e                     : hmrecparam.obj (.text:_HMRECPRM_Compare16U)
                  003ee039    0000000e                     : hmrecparam.obj (.text:_HMRECPRM_Compare32S)
                  003ee047    0000000e                     : hmrecparam.obj (.text:_HMRECPRM_Compare32U)
                  003ee055    0000000e                     : hmrecparam.obj (.text:_HMRECPRM_Compare8S)
                  003ee063    0000000e                     : hmrecparam.obj (.text:_HMRECPRM_Compare8U)
                  003ee071    0000000e                     : hmrec.obj (.text:_HMREC_Compare16S)
                  003ee07f    0000000e                     : hmrec.obj (.text:_HMREC_Compare16U)
                  003ee08d    0000000e                     : hmrec.obj (.text:_HMREC_Compare32S)
                  003ee09b    0000000e                     : hmrec.obj (.text:_HMREC_Compare32U)
                  003ee0a9    0000000e                     : hmrec.obj (.text:_HMREC_Compare8S)
                  003ee0b7    0000000e                     : hmrec.obj (.text:_HMREC_Compare8U)
                  003ee0c5    0000000e                     : hmmodbus.obj (.text:_u32FitAddressCircleBufferInside)
                  003ee0d3    0000000e     rts2800_ml.lib : fd_sub28.asm.obj (.text)
                  003ee0e1    0000000d     CSMON_C28xx.lib : csmon.obj (.text:_CSMON_eResetParameterTable)
                  003ee0ee    0000000d                     : csmon.obj (.text:_CSMON_vInitHoldingRegistersTableChanges)
                  003ee0fb    0000000d                     : hmrecparam.obj (.text:_HMRECPRM_IsJustStopped)
                  003ee108    0000000d                     : hmrecparam.obj (.text:_HMRECPRM_StopRec)
                  003ee115    0000000d                     : hmrec.obj (.text:_HMREC_StopRec)
                  003ee122    0000000d                     : modbusreg.obj (.text:_MODBUSREG_vFileAllowAccess)
                  003ee12f    0000000d                     : tmr_drv.obj (.text:_TIMER_vSetupTimerMainFunctionDelayCompare)
                  003ee13c    0000000d                     : uart_drv.obj (.text:_UART_ReadDataRxAvailable)
                  003ee149    0000000c                     : hmlib.obj (.text:_HMLIB_vProcess)
                  003ee155    0000000c                     : hmrecparam.obj (.text:_HMRECPRM_GetBufferRecParamPtrAddress)
                  003ee161    0000000c                     : hmrecparam.obj (.text:_HMRECPRM_TriggerRec)
                  003ee16d    0000000c                     : hmmodbus.obj (.text:_u32FixAddressCircleBufferOverflow)
                  003ee179    0000000c     rts2800_ml.lib : epilog28.asm.obj (.text)
                  003ee185    0000000b     CSMON_C28xx.lib : hmmodbus.obj (.text:_HMMODBUS_vProcessFastTD)
                  003ee190    0000000b                     : hmrecparam.obj (.text:_HMRECPRM_IsRunning)
                  003ee19b    0000000b                     : hmserial.obj (.text:_HMSERIAL_vProcessFastTD)
                  003ee1a6    0000000b                     : modbusreg.obj (.text:_MODBUSREG_vDataZero)
                  003ee1b1    0000000b     sci_driver.obj (.text:_SCI_DRV_eGetModuleIndexFromBase)
                  003ee1bc    0000000b     CSMON_C28xx.lib : sci_drv.obj (.text:_SCI_eGetModuleIndexFromBase)
                  003ee1c7    0000000b                     : hmmodbus.obj (.text:_bIsValidIndexFileTable)
                  003ee1d2    0000000b     rts2800_ml.lib : u_div28.asm.obj (.text)
                  003ee1dd    0000000a     CSMON_C28xx.lib : hmrecparam.obj (.text:_HMRECPRM_ClrLastStopDetectionToRecorderStopSamplesCounter)
                  003ee1e7    0000000a                     : hmrecparam.obj (.text:_HMRECPRM_GetRecStatus)
                  003ee1f1    0000000a                     : hmrec.obj (.text:_HMREC_GetRecStatus)
                  003ee1fb    0000000a                     : hmdrv.obj (.text:_sci_fifo_init)
                  003ee205    00000009                     : csmon.obj (.text:_CSMON_eSetParameterListRegisterSize)
                  003ee20e    00000009                     : csmon.obj (.text:_CSMON_eSetParameterListShortNaming)
                  003ee217    00000009                     : csmon.obj (.text:_CSMON_eSetServerOnStatus)
                  003ee220    00000009                     : hmlib.obj (.text:_HMLIB_vInitRecParamBuff)
                  003ee229    00000009                     : hmmodbus.obj (.text:_HMMODBUS_vProcessFreeTimer)
                  003ee232    00000009                     : hmmodbus.obj (.text:_HMMODBUS_vProcessRxDelay)
                  003ee23b    00000009                     : hmrecparam.obj (.text:_HMRECPRM_GetExternBufferRecParamLastPointedAddress)
                  003ee244    00000009                     : hmrecparam.obj (.text:_HMRECPRM_GetExternBufferRecParamPtrAddress)
                  003ee24d    00000009                     : hmrec.obj (.text:_HMREC_TriggerRec)
                  003ee256    00000009                     : hmscopeparam.obj (.text:_HMSCOPEPRM_GetBufferScopeParamAddress)
                  003ee25f    00000009                     : hmserial.obj (.text:_HMSERIAL_vProcessFreeTimer)
                  003ee268    00000009                     : tmr_drv.obj (.text:_TIMER_vResetTimerMainFunctionDelayCounter)
                  003ee271    00000009                     : tmr_drv.obj (.text:_TIMER_vSetupTimerMainDelayedFunctionSendData)
                  003ee27a    00000009                     : uart_drv.obj (.text:_UART_PutChar)
                  003ee283    00000009                     : uart_drv.obj (.text:_UART_ReadDataRxTimeDiff)
                  003ee28c    00000009     rts2800_ml.lib : _lock.c.obj (.text)
                  003ee295    00000009                    : fd_neg28.asm.obj (.text)
                  003ee29e    00000008     Example_Flash2806x_CsmKeys.obj (.text)
                  003ee2a6    00000008     F2806x_CodeStartBranch.obj (.text)
                  003ee2ae    00000008     F2806x_SysCtrl.obj (.text:_DisableDog)
                  003ee2b6    00000008     CSMON_C28xx.lib : hmdrv.obj (.text:_HMDRV_CopyFromBufferWithMaskModbus)
                  003ee2be    00000008                     : hmmodbus.obj (.text:_HMMODBUS_vSetupHoldingRegistersProcessFuncTable)
                  003ee2c6    00000008                     : hmmodbus.obj (.text:_HMMODBUS_vSetupHoldingRegistersRealAddressTable)
                  003ee2ce    00000008                     : hmmodbus.obj (.text:_HMMODBUS_vSetupHoldingRegistersRegisterFlagsTable)
                  003ee2d6    00000008                     : hmmodbus.obj (.text:_HMMODBUS_vSetupHoldingRegistersRegisterSizeTable)
                  003ee2de    00000008                     : hmmodbus.obj (.text:_HMMODBUS_vSetupHoldingRegistersVirtAddressTable)
                  003ee2e6    00000008                     : hmrecparam.obj (.text:_HMRECPRM_GetExternRecParamAddress)
                  003ee2ee    00000008                     : hmrecparam.obj (.text:_HMRECPRM_GetExternRecParamPtrMaximumUsedSampleCount)
                  003ee2f6    00000008                     : hmrecparam.obj (.text:_HMRECPRM_GetExternRecParamPtrSampleSize)
                  003ee2fe    00000008                     : hmrecparam.obj (.text:_HMRECPRM_GetRecParamPtrAvailableSampleCount)
                  003ee306    00000008                     : hmrecparam.obj (.text:_HMRECPRM_GetRecParamPtrLastSampleIndex)
                  003ee30e    00000008                     : hmrecparam.obj (.text:_HMRECPRM_GetRecParamPtrMaximumUsedSampleCount)
                  003ee316    00000008                     : hmrecparam.obj (.text:_HMRECPRM_GetRecParamPtrSampleSize)
                  003ee31e    00000008                     : hmrecparam.obj (.text:_HMRECPRM_GetStatusRecParamAddress)
                  003ee326    00000008                     : hmrecparam.obj (.text:_HMRECPRM_vInit)
                  003ee32e    00000008                     : hmrec.obj (.text:_HMREC_vInit)
                  003ee336    00000007     F2806x_DisInt.obj (.text)
                  003ee33d    00000007     CSMON_C28xx.lib : csmon.obj (.text:_CSMON_eSetParameterListAccessLevel)
                  003ee344    00000007                     : csmon.obj (.text:_CSMON_eSetParameterListBitsCount)
                  003ee34b    00000007                     : csmon.obj (.text:_CSMON_eSetParameterListDataDefault)
                  003ee352    00000007                     : csmon.obj (.text:_CSMON_eSetParameterListDataMaximum)
                  003ee359    00000007                     : csmon.obj (.text:_CSMON_eSetParameterListDataMinimum)
                  003ee360    00000007                     : csmon.obj (.text:_CSMON_eSetParameterListDataType)
                  003ee367    00000007                     : csmon.obj (.text:_CSMON_eSetParameterListFunctionCode)
                  003ee36e    00000007                     : csmon.obj (.text:_CSMON_eSetParameterListValueFormat)
                  003ee375    00000007                     : hmlib.obj (.text:_HMLIB_vProcessDifferentPorts)
                  003ee37c    00000007                     : hmlib.obj (.text:_HMLIB_vProcessRecorders)
                  003ee383    00000007                     : hmrecparam.obj (.text:_HMRECPRM_vResetAllStopDetections)
                  003ee38a    00000007                     : hmscopeparam.obj (.text:_HMSCOPEPRM_GetStatusScopeParamAddress)
                  003ee391    00000007                     : modbusreg.obj (.text:_MODBUSREG_vInitHoldingRegistersTableChanges)
                  003ee398    00000007     sci_driver.obj (.text:_SCI_DRV_u32GetBaseFromModuleIndex)
                  003ee39f    00000007     CSMON_C28xx.lib : sci_drv.obj (.text:_SCI_u32GetBaseFromModuleIndex)
                  003ee3a6    00000006                     : cputimer.obj (.text:_CPUTimer_setEmulationMode)
                  003ee3ac    00000006                     : hmrecparam.obj (.text:_HMRECPRM_SetUpRecBuff)
                  003ee3b2    00000006                     : hmrec.obj (.text:_HMREC_SetUpRecBuff)
                  003ee3b8    00000006                     : tmr_drv.obj (.text:_TIMER_u16ResetTimerMainPeriod)
                  003ee3be    00000006     uart_driver.obj (.text:_UART_DRV_GetChar)
                  003ee3c4    00000006     CSMON_C28xx.lib : uart_drv.obj (.text:_UART_GetChar)
                  003ee3ca    00000005     F2806x_DefaultIsr.obj (.text:_ADCINT1_ISR)
                  003ee3cf    00000005     F2806x_DefaultIsr.obj (.text:_ADCINT2_ISR)
                  003ee3d4    00000005     F2806x_DefaultIsr.obj (.text:_ADCINT3_ISR)
                  003ee3d9    00000005     F2806x_DefaultIsr.obj (.text:_ADCINT4_ISR)
                  003ee3de    00000005     F2806x_DefaultIsr.obj (.text:_ADCINT5_ISR)
                  003ee3e3    00000005     F2806x_DefaultIsr.obj (.text:_ADCINT6_ISR)
                  003ee3e8    00000005     F2806x_DefaultIsr.obj (.text:_ADCINT7_ISR)
                  003ee3ed    00000005     F2806x_DefaultIsr.obj (.text:_ADCINT8_ISR)
                  003ee3f2    00000005     F2806x_DefaultIsr.obj (.text:_ADCINT9_ISR)
                  003ee3f7    00000005     F2806x_DefaultIsr.obj (.text:_CLA1_INT1_ISR)
                  003ee3fc    00000005     F2806x_DefaultIsr.obj (.text:_CLA1_INT2_ISR)
                  003ee401    00000005     F2806x_DefaultIsr.obj (.text:_CLA1_INT3_ISR)
                  003ee406    00000005     F2806x_DefaultIsr.obj (.text:_CLA1_INT4_ISR)
                  003ee40b    00000005     F2806x_DefaultIsr.obj (.text:_CLA1_INT5_ISR)
                  003ee410    00000005     F2806x_DefaultIsr.obj (.text:_CLA1_INT6_ISR)
                  003ee415    00000005     F2806x_DefaultIsr.obj (.text:_CLA1_INT7_ISR)
                  003ee41a    00000005     F2806x_DefaultIsr.obj (.text:_CLA1_INT8_ISR)
                  003ee41f    00000005     CSMON_C28xx.lib : csmon.obj (.text:_CSMON_eSetAutoServiceWatchdogInternalSlowCalculationsInMainLoop)
                  003ee424    00000005                     : csmon.obj (.text:_CSMON_eSetFirmwareApplicationVersion)
                  003ee429    00000005                     : csmon.obj (.text:_CSMON_eSetMaxTimeInISR)
                  003ee42e    00000005                     : csmon.obj (.text:_CSMON_eSetMinGuaranteedTimeBetweenTwoISRs)
                  003ee433    00000005                     : csmon.obj (.text:_CSMON_u16ParametersAccessListIndexGenerate)
                  003ee438    00000005                     : csmon.obj (.text:_CSMON_u32GetFreeRunningTimerTicks)
                  003ee43d    00000005                     : csmon.obj (.text:_CSMON_u32GetParameterAuxCheckSum)
                  003ee442    00000005                     : csmon.obj (.text:_CSMON_u32GetParameterCheckSum)
                  003ee447    00000005                     : csmon.obj (.text:_CSMON_u32GetParameterListCheckSum)
                  003ee44c    00000005                     : csmon.obj (.text:_CSMON_u32GetParameterNumbCheckSum)
                  003ee451    00000005                     : csmon.obj (.text:_CSMON_u32GetParameterShortNameCheckSum)
                  003ee456    00000005                     : csmon.obj (.text:_CSMON_u32GetParameterStringCheckSum)
                  003ee45b    00000005                     : csmon.obj (.text:_CSMON_vSetDateTimeRequest)
                  003ee460    00000005     F2806x_DefaultIsr.obj (.text:_DATALOG_ISR)
                  003ee465    00000005     F2806x_DefaultIsr.obj (.text:_DINTCH1_ISR)
                  003ee46a    00000005     F2806x_DefaultIsr.obj (.text:_DINTCH2_ISR)
                  003ee46f    00000005     F2806x_DefaultIsr.obj (.text:_DINTCH3_ISR)
                  003ee474    00000005     F2806x_DefaultIsr.obj (.text:_DINTCH4_ISR)
                  003ee479    00000005     F2806x_DefaultIsr.obj (.text:_DINTCH5_ISR)
                  003ee47e    00000005     F2806x_DefaultIsr.obj (.text:_DINTCH6_ISR)
                  003ee483    00000005     F2806x_DefaultIsr.obj (.text:_ECAN0INTA_ISR)
                  003ee488    00000005     F2806x_DefaultIsr.obj (.text:_ECAN1INTA_ISR)
                  003ee48d    00000005     F2806x_DefaultIsr.obj (.text:_ECAP1_INT_ISR)
                  003ee492    00000005     F2806x_DefaultIsr.obj (.text:_ECAP2_INT_ISR)
                  003ee497    00000005     F2806x_DefaultIsr.obj (.text:_ECAP3_INT_ISR)
                  003ee49c    00000005     F2806x_DefaultIsr.obj (.text:_EMPTY_ISR)
                  003ee4a1    00000005     F2806x_DefaultIsr.obj (.text:_EMUINT_ISR)
                  003ee4a6    00000005     F2806x_DefaultIsr.obj (.text:_EPWM1_INT_ISR)
                  003ee4ab    00000005     F2806x_DefaultIsr.obj (.text:_EPWM1_TZINT_ISR)
                  003ee4b0    00000005     F2806x_DefaultIsr.obj (.text:_EPWM2_INT_ISR)
                  003ee4b5    00000005     F2806x_DefaultIsr.obj (.text:_EPWM2_TZINT_ISR)
                  003ee4ba    00000005     F2806x_DefaultIsr.obj (.text:_EPWM3_INT_ISR)
                  003ee4bf    00000005     F2806x_DefaultIsr.obj (.text:_EPWM3_TZINT_ISR)
                  003ee4c4    00000005     F2806x_DefaultIsr.obj (.text:_EPWM4_INT_ISR)
                  003ee4c9    00000005     F2806x_DefaultIsr.obj (.text:_EPWM4_TZINT_ISR)
                  003ee4ce    00000005     F2806x_DefaultIsr.obj (.text:_EPWM5_INT_ISR)
                  003ee4d3    00000005     F2806x_DefaultIsr.obj (.text:_EPWM5_TZINT_ISR)
                  003ee4d8    00000005     F2806x_DefaultIsr.obj (.text:_EPWM6_INT_ISR)
                  003ee4dd    00000005     F2806x_DefaultIsr.obj (.text:_EPWM6_TZINT_ISR)
                  003ee4e2    00000005     F2806x_DefaultIsr.obj (.text:_EPWM7_INT_ISR)
                  003ee4e7    00000005     F2806x_DefaultIsr.obj (.text:_EPWM7_TZINT_ISR)
                  003ee4ec    00000005     F2806x_DefaultIsr.obj (.text:_EPWM8_INT_ISR)
                  003ee4f1    00000005     F2806x_DefaultIsr.obj (.text:_EPWM8_TZINT_ISR)
                  003ee4f6    00000005     F2806x_DefaultIsr.obj (.text:_EQEP1_INT_ISR)
                  003ee4fb    00000005     F2806x_DefaultIsr.obj (.text:_EQEP2_INT_ISR)
                  003ee500    00000005     CSMON_C28xx.lib : hmlib.obj (.text:_HMLIB_vProcessSamePort)
                  003ee505    00000005                     : hmlib.obj (.text:_HMLIB_vRecorder0)
                  003ee50a    00000005                     : hmmodbus.obj (.text:_HMMODBUS_bGetReceivedMessage)
                  003ee50f    00000005                     : hmmodbus.obj (.text:_HMMODBUS_vFileTable)
                  003ee514    00000005                     : hmrecparam.obj (.text:_HMRECPRM_vDisableAllStopDetections)
                  003ee519    00000005     F2806x_DefaultIsr.obj (.text:_HRCAP1_INT_ISR)
                  003ee51e    00000005     F2806x_DefaultIsr.obj (.text:_HRCAP2_INT_ISR)
                  003ee523    00000005     F2806x_DefaultIsr.obj (.text:_HRCAP3_INT_ISR)
                  003ee528    00000005     F2806x_DefaultIsr.obj (.text:_HRCAP4_INT_ISR)
                  003ee52d    00000005     F2806x_DefaultIsr.obj (.text:_I2CINT1A_ISR)
                  003ee532    00000005     F2806x_DefaultIsr.obj (.text:_I2CINT2A_ISR)
                  003ee537    00000005     F2806x_DefaultIsr.obj (.text:_ILLEGAL_ISR)
                  003ee53c    00000005     F2806x_DefaultIsr.obj (.text:_INT13_ISR)
                  003ee541    00000005     F2806x_DefaultIsr.obj (.text:_INT14_ISR)
                  003ee546    00000005     interrupt.obj (.text:_IntDefaultHandler)
                  003ee54b    00000005     F2806x_DefaultIsr.obj (.text:_LUF_ISR)
                  003ee550    00000005     F2806x_DefaultIsr.obj (.text:_LVF_ISR)
                  003ee555    00000005     CSMON_C28xx.lib : modbusreg.obj (.text:_MODBUSREG_vSetTableNameAddress)
                  003ee55a    00000005                     : modbusreg.obj (.text:_MODBUSREG_vSetTableRealAddressInRam)
                  003ee55f    00000005                     : modbusreg.obj (.text:_MODBUSREG_vSetTableRegisterFlags)
                  003ee564    00000005                     : modbusreg.obj (.text:_MODBUSREG_vSetTableRegisterSize)
                  003ee569    00000005                     : modbusreg.obj (.text:_MODBUSREG_vSetTableVirtAddress)
                  003ee56e    00000005     F2806x_DefaultIsr.obj (.text:_MRINTA_ISR)
                  003ee573    00000005     F2806x_DefaultIsr.obj (.text:_MXINTA_ISR)
                  003ee578    00000005     F2806x_DefaultIsr.obj (.text:_NMI_ISR)
                  003ee57d    00000005     F2806x_DefaultIsr.obj (.text:_PIE_RESERVED)
                  003ee582    00000005     F2806x_DefaultIsr.obj (.text:_RTOSINT_ISR)
                  003ee587    00000005     F2806x_DefaultIsr.obj (.text:_SCIRXINTA_ISR)
                  003ee58c    00000005     F2806x_DefaultIsr.obj (.text:_SCIRXINTB_ISR)
                  003ee591    00000005     F2806x_DefaultIsr.obj (.text:_SCITXINTA_ISR)
                  003ee596    00000005     F2806x_DefaultIsr.obj (.text:_SCITXINTB_ISR)
                  003ee59b    00000005     F2806x_DefaultIsr.obj (.text:_SPIRXINTA_ISR)
                  003ee5a0    00000005     F2806x_DefaultIsr.obj (.text:_SPIRXINTB_ISR)
                  003ee5a5    00000005     F2806x_DefaultIsr.obj (.text:_SPITXINTA_ISR)
                  003ee5aa    00000005     F2806x_DefaultIsr.obj (.text:_SPITXINTB_ISR)
                  003ee5af    00000005     CSMON_C28xx.lib : tmr_drv.obj (.text:_TIMER_vSetupTimerMainDelayedData)
                  003ee5b4    00000005     F2806x_DefaultIsr.obj (.text:_TINT0_ISR)
                  003ee5b9    00000005     F2806x_DefaultIsr.obj (.text:_USB0_INT_ISR)
                  003ee5be    00000005     F2806x_DefaultIsr.obj (.text:_USER10_ISR)
                  003ee5c3    00000005     F2806x_DefaultIsr.obj (.text:_USER11_ISR)
                  003ee5c8    00000005     F2806x_DefaultIsr.obj (.text:_USER12_ISR)
                  003ee5cd    00000005     F2806x_DefaultIsr.obj (.text:_USER1_ISR)
                  003ee5d2    00000005     F2806x_DefaultIsr.obj (.text:_USER2_ISR)
                  003ee5d7    00000005     F2806x_DefaultIsr.obj (.text:_USER3_ISR)
                  003ee5dc    00000005     F2806x_DefaultIsr.obj (.text:_USER4_ISR)
                  003ee5e1    00000005     F2806x_DefaultIsr.obj (.text:_USER5_ISR)
                  003ee5e6    00000005     F2806x_DefaultIsr.obj (.text:_USER6_ISR)
                  003ee5eb    00000005     F2806x_DefaultIsr.obj (.text:_USER7_ISR)
                  003ee5f0    00000005     F2806x_DefaultIsr.obj (.text:_USER8_ISR)
                  003ee5f5    00000005     F2806x_DefaultIsr.obj (.text:_USER9_ISR)
                  003ee5fa    00000005     F2806x_DefaultIsr.obj (.text:_WAKEINT_ISR)
                  003ee5ff    00000005     F2806x_DefaultIsr.obj (.text:_XINT1_ISR)
                  003ee604    00000005     F2806x_DefaultIsr.obj (.text:_XINT2_ISR)
                  003ee609    00000005     F2806x_DefaultIsr.obj (.text:_XINT3_ISR)
                  003ee60e    00000005     F2806x_DefaultIsr.obj (.text:_rsvd_ISR)
                  003ee613    00000005     rts2800_ml.lib : fs_neg28.asm.obj (.text)
                  003ee618    00000004     CSMON_C28xx.lib : csmon.obj (.text:_CSMON_eApplyParameterChanges)
                  003ee61c    00000004                     : csmon.obj (.text:_CSMON_eRegisterWriteParElementCallbackFunction)
                  003ee620    00000004                     : csmon.obj (.text:_CSMON_eSetInternalTimerPeriod)
                  003ee624    00000004                     : csmon.obj (.text:_CSMON_eSetTimerPeriodISRFunctionRegister)
                  003ee628    00000004                     : csmon.obj (.text:_CSMON_u32GetBaudError_PPM)
                  003ee62c    00000004                     : csmon.obj (.text:_CSMON_vAddSetupRecorderParameterMask)
                  003ee630    00000004                     : csmon.obj (.text:_CSMON_vInitScopes)
                  003ee634    00000004                     : csmon.obj (.text:_CSMON_vSetStartRecorderParameterMask)
                  003ee638    00000004                     : hmdrv.obj (.text:_HMDRV_SetExAddr)
                  003ee63c    00000004                     : hmdrv.obj (.text:_HMDRV_u32GetDeviceSYSCLKFreq)
                  003ee640    00000004                     : hmdrv.obj (.text:_HMDRV_u32GetSCIErrorPPM)
                  003ee644    00000004                     : hmlib.obj (.text:_HMLIB_vRecorderParam0)
                  003ee648    00000004                     : hmmodbus.obj (.text:_HMMODBUS_u32GetAddressMessageCounterThisDevice)
                  003ee64c    00000004                     : hmmodbus.obj (.text:_HMMODBUS_vSetAddressMessageCounterThisDevice)
                  003ee650    00000004                     : hmmodbus.obj (.text:_HMMODBUS_vSetDeviceIDMajorMinorRevision)
                  003ee654    00000004                     : hmmodbus.obj (.text:_HMMODBUS_vSetDeviceIDMajorMinorRevisionLength)
                  003ee658    00000004                     : hmmodbus.obj (.text:_HMMODBUS_vSetDeviceIDModelName)
                  003ee65c    00000004                     : hmmodbus.obj (.text:_HMMODBUS_vSetDeviceIDModelNameLength)
                  003ee660    00000004                     : hmmodbus.obj (.text:_HMMODBUS_vSetDeviceIDProductCode)
                  003ee664    00000004                     : hmmodbus.obj (.text:_HMMODBUS_vSetDeviceIDProductCodeLength)
                  003ee668    00000004                     : hmmodbus.obj (.text:_HMMODBUS_vSetDeviceIDProductName)
                  003ee66c    00000004                     : hmmodbus.obj (.text:_HMMODBUS_vSetDeviceIDProductNameLength)
                  003ee670    00000004                     : hmmodbus.obj (.text:_HMMODBUS_vSetDeviceIDUserApplicationName)
                  003ee674    00000004                     : hmmodbus.obj (.text:_HMMODBUS_vSetDeviceIDUserApplicationNameLength)
                  003ee678    00000004                     : hmmodbus.obj (.text:_HMMODBUS_vSetDeviceIDUserReserve0)
                  003ee67c    00000004                     : hmmodbus.obj (.text:_HMMODBUS_vSetDeviceIDUserReserve0Length)
                  003ee680    00000004                     : hmmodbus.obj (.text:_HMMODBUS_vSetDeviceIDUserReserve1)
                  003ee684    00000004                     : hmmodbus.obj (.text:_HMMODBUS_vSetDeviceIDUserReserve1Length)
                  003ee688    00000004                     : hmmodbus.obj (.text:_HMMODBUS_vSetDeviceIDUserReserve2)
                  003ee68c    00000004                     : hmmodbus.obj (.text:_HMMODBUS_vSetDeviceIDUserReserve2Length)
                  003ee690    00000004                     : hmmodbus.obj (.text:_HMMODBUS_vSetDeviceIDVendorName)
                  003ee694    00000004                     : hmmodbus.obj (.text:_HMMODBUS_vSetDeviceIDVendorNameLength)
                  003ee698    00000004                     : hmmodbus.obj (.text:_HMMODBUS_vSetDeviceIDVendorUrl)
                  003ee69c    00000004                     : hmmodbus.obj (.text:_HMMODBUS_vSetDeviceIDVendorUrlLength)
                  003ee6a0    00000004                     : hmmodbus.obj (.text:_HMMODBUS_vSetServerIDDataAddress)
                  003ee6a4    00000004                     : hmmodbus.obj (.text:_HMMODBUS_vSetServerIDLength)
                  003ee6a8    00000004                     : hmmodbus.obj (.text:_HMMODBUS_vSetServerIDNumber)
                  003ee6ac    00000004                     : hmmodbus.obj (.text:_HMMODBUS_vSetServerOnStatus)
                  003ee6b0    00000004                     : hmmodbus.obj (.text:_HMMODBUS_vSetupHoldingRegistersAccessTableInRam)
                  003ee6b4    00000004                     : hmmodbus.obj (.text:_HMMODBUS_vSetupWriteParElementCallbackFunction)
                  003ee6b8    00000004     interrupt.obj (.text:_IntMasterDisable)
                  003ee6bc    00000004     interrupt.obj (.text:_IntMasterEnable)
                  003ee6c0    00000004     CSMON_C28xx.lib : modbusreg.obj (.text:_MODBUSREG_u16GetHoldRegFillCount)
                  003ee6c4    00000004                     : modbusreg.obj (.text:_MODBUSREG_u16GetTableRegisterFlagsElementOffset)
                  003ee6c8    00000004                     : modbusreg.obj (.text:_MODBUSREG_u16GetTableRegisterSizeElementOffset)
                  003ee6cc    00000004                     : modbusreg.obj (.text:_MODBUSREG_u16GetTableVirtAddressElementOffset)
                  003ee6d0    00000004                     : modbusreg.obj (.text:_MODBUSREG_u32GetRegisterAccessTableInRam)
                  003ee6d4    00000004                     : modbusreg.obj (.text:_MODBUSREG_u32GetTableRegisterFlags)
                  003ee6d8    00000004                     : modbusreg.obj (.text:_MODBUSREG_u32GetTableRegisterSize)
                  003ee6dc    00000004                     : modbusreg.obj (.text:_MODBUSREG_u32GetTableVirtAddress)
                  003ee6e0    00000004                     : modbusreg.obj (.text:_MODBUSREG_vSetFileAutorization_FunctionAfterWriteFileRecordTable)
                  003ee6e4    00000004                     : modbusreg.obj (.text:_MODBUSREG_vSetFileParamCount_FunctionBeforeReadFileRecord)
                  003ee6e8    00000004                     : modbusreg.obj (.text:_MODBUSREG_vSetFileRTC_FunctionAfterReadFileRecord)
                  003ee6ec    00000004                     : modbusreg.obj (.text:_MODBUSREG_vSetFileRTC_FunctionAfterWriteFileRecord)
                  003ee6f0    00000004                     : modbusreg.obj (.text:_MODBUSREG_vSetFileRecConfig_FunctionAfterWriteFileRecord)
                  003ee6f4    00000004                     : modbusreg.obj (.text:_MODBUSREG_vSetFileRecStatus_FunctionIndexGenerationFileRecord)
                  003ee6f8    00000004                     : modbusreg.obj (.text:_MODBUSREG_vSetHoldRegFillCount)
                  003ee6fc    00000004                     : modbusreg.obj (.text:_MODBUSREG_vSetParamCount)
                  003ee700    00000004                     : modbusreg.obj (.text:_MODBUSREG_vSetParamListAddress)
                  003ee704    00000004                     : modbusreg.obj (.text:_MODBUSREG_vSetParamNumbAddress)
                  003ee708    00000004                     : modbusreg.obj (.text:_MODBUSREG_vSetParamRecorderConfigAddress)
                  003ee70c    00000004                     : modbusreg.obj (.text:_MODBUSREG_vSetParamScopeConfigAddress)
                  003ee710    00000004                     : tmr_drv.obj (.text:_TIMER_vGetTimerMainRollingCounter)
                  003ee714    00000004                     : tmr_drv.obj (.text:_TIMER_vSetupTimerMainCSMONFunction)
                  003ee718    00000004                     : tmr_drv.obj (.text:_TMR_u16GetFreeRunTimerPrescaller)
                  003ee71c    00000004                     : hmmodbus.obj (.text:_bGetElementsDifference)
                  003ee720    00000004                     : hmmodbus.obj (.text:_u16GetIndexFileTable)
                  003ee724    00000004                     : hmmodbus.obj (.text:_u32GetBufferAddressStart)
                  003ee728    00000004                     : hmmodbus.obj (.text:_u32GetBufferSize)
                  003ee72c    00000004                     : hmmodbus.obj (.text:_u32GetSampleCountAvailable)
                  003ee730    00000004                     : hmmodbus.obj (.text:_u32GetSampleCountBuffer)
                  003ee734    00000004                     : hmmodbus.obj (.text:_u32GetStartSampleIndex)
                  003ee738    00000004                     : hmmodbus.obj (.text:_u8GetSampleSize)
                  003ee73c    00000004                     : hmmodbus.obj (.text:_vSetBufferAddressStartFromFunction)
                  003ee740    00000004                     : hmmodbus.obj (.text:_vSetBufferSize)
                  003ee744    00000003     F2806x_DBGIER.obj (.text)
                  003ee747    00000003     CSMON_C28xx.lib : csmon.obj (.text:_CSMON_eSetParameter)
                  003ee74a    00000003                     : csmon.obj (.text:_CSMON_u32GetModbusMessageCounterRegisterRealAddress)
                  003ee74d    00000003                     : csmon.obj (.text:_CSMON_vSetModbusMessageCounterRegisterRealAddress)
                  003ee750    00000003                     : hmlib.obj (.text:_HMLIB_vRecorderParamTimeSync)
                  003ee753    00000003                     : hmrecparam.obj (.text:_HMRECPRM_GetTimeBase)
                  003ee756    00000003                     : modbusreg.obj (.text:_MODBUSREG_u32GetAddressMessageCounterThisDevice)
                  003ee759    00000003                     : modbusreg.obj (.text:_MODBUSREG_vSetAddressMessageCounterThisDevice)
                  003ee75c    00000003                     : uart_drv.obj (.text:_UART_TXInterrupt)
                  003ee75f    00000002                     : hmrecparam.obj (.text:_HMRECPRM_AbortRec)
                  003ee761    00000002                     : hmrecparam.obj (.text:_HMRECPRM_GetRecBuffSize)
                  003ee763    00000002                     : hmrec.obj (.text:_HMREC_AbortRec)
                  003ee765    00000002                     : hmrec.obj (.text:_HMREC_GetRecBuffSize)
                  003ee767    00000002     main.obj (.text:_eWriteParElement)
                  003ee769    00000002     rts2800_ml.lib : pre_init.c.obj (.text)
                  003ee76b    00000001     CSMON_C28xx.lib : hmprotocol.obj (.text:_HMPROTOCOL_vInit)
                  003ee76c    00000001     uart_driver.obj (.text:_UART_DRV_TXInterrupt)
                  003ee76d    00000001     CSMON_C28xx.lib : uart_drv.obj (.text:_UART_TxDis)
                  003ee76e    00000001                     : uart_drv.obj (.text:_UART_TxEna)
                  003ee76f    00000001     rts2800_ml.lib : startup.c.obj (.text)

ramfuncs   0    003ee770    00000029     RUN ADDR = 00008000
                  003ee770    0000001d     F2806x_SysCtrl.obj (ramfuncs:_InitFlash)
                  003ee78d    00000008     device.obj (ramfuncs:_MyCallbackFunction)
                  003ee795    00000004     F2806x_usDelay.obj (ramfuncs)

csm_rsvd   0    003f7f80    00000076     
                  003f7f80    00000076     F2806x_CSMPasswords.obj (csm_rsvd)

codestart 
*          0    003f7ff6    00000002     
                  003f7ff6    00000002     F2806x_CodeStartBranch.obj (codestart)

csmpasswds 
*          0    003f7ff8    00000008     
                  003f7ff8    00000008     F2806x_CSMPasswords.obj (csmpasswds)

.stack     1    00000050    00000380     UNINITIALIZED
                  00000050    00000380     --HOLE--

.econst    0    003ee79a    00001e0c     
                  003ee79a    00001900     csmon_config.obj (.econst:_asParameterList)
                  003f009a    00000100     CSMON_C28xx.lib : hmmodbus.obj (.econst:.string:_auchCRCHi)
                  003f019a    00000100                     : hmmodbus.obj (.econst:.string:_auchCRCLo)
                  003f029a    00000100     F2806x_PieVect.obj (.econst:_PieVectTableInit)
                  003f039a    00000084     rts2800_ml.lib : k_rem_pio2.c.obj (.econst:_ipio2)
                  003f041e    00000050     CSMON_C28xx.lib : csmon.obj (.econst:_CSMON_asAccessLevelPasswords)
                  003f046e    0000002c     rts2800_ml.lib : k_rem_pio2.c.obj (.econst)
                  003f049a    00000028                    : k_cosf.c.obj (.econst)
                  003f04c2    00000020                    : k_rem_pio2.c.obj (.econst:_PIo2)
                  003f04e2    00000020                    : k_sinf.c.obj (.econst)
                  003f0502    0000001c                    : e_rem_pio2f.c.obj (.econst)
                  003f051e    0000001c                    : s_scalbn.c.obj (.econst)
                  003f053a    00000018                    : s_sinf.c.obj (.econst)
                  003f0552    00000014     CSMON_C28xx.lib : csmon.obj (.econst:_CSMON_au8FileImplementedFunctionCodes)
                  003f0566    00000010     main.obj (.econst)
                  003f0576    0000000e     CSMON_C28xx.lib : csmon.obj (.econst:_CSMON_au8FileParameterNumbElementsCountInPartTable)
                  003f0584    0000000c                     : hmprotocol.obj (.econst:.string)
                  003f0590    0000000c     rts2800_ml.lib : s_floor.c.obj (.econst)
                  003f059c    00000006     CSMON_C28xx.lib : csmon.obj (.econst:_CSMON_au8FileParameterListElementsCountInPartTable)
                  003f05a2    00000004     rts2800_ml.lib : k_rem_pio2.c.obj (.econst:_init_jk)

.reset     0    003fffc0    00000002     DSECT
                  003fffc0    00000002     rts2800_ml.lib : boot28.asm.obj (.reset)

vectors    0    003fffc2    00000000     DSECT

DevEmuRegsFile 
*          1    00000880    00000004     UNINITIALIZED
                  00000880    00000004     F2806x_GlobalVariableDefs.obj (DevEmuRegsFile)

SysPwrCtrlRegsFile 
*          1    00000985    00000003     UNINITIALIZED
                  00000985    00000003     F2806x_GlobalVariableDefs.obj (SysPwrCtrlRegsFile)

FlashRegsFile 
*          1    00000a80    00000008     UNINITIALIZED
                  00000a80    00000008     F2806x_GlobalVariableDefs.obj (FlashRegsFile)

CsmRegsFile 
*          1    00000ae0    00000010     UNINITIALIZED
                  00000ae0    00000010     F2806x_GlobalVariableDefs.obj (CsmRegsFile)

AdcResultFile 
*          1    00000b00    00000010     UNINITIALIZED
                  00000b00    00000010     F2806x_GlobalVariableDefs.obj (AdcResultFile)

CpuTimer0RegsFile 
*          1    00000c00    00000008     UNINITIALIZED
                  00000c00    00000008     F2806x_GlobalVariableDefs.obj (CpuTimer0RegsFile)

CpuTimer1RegsFile 
*          1    00000c08    00000008     UNINITIALIZED
                  00000c08    00000008     F2806x_GlobalVariableDefs.obj (CpuTimer1RegsFile)

CpuTimer2RegsFile 
*          1    00000c10    00000008     UNINITIALIZED
                  00000c10    00000008     F2806x_GlobalVariableDefs.obj (CpuTimer2RegsFile)

PieCtrlRegsFile 
*          1    00000ce0    0000001a     UNINITIALIZED
                  00000ce0    0000001a     F2806x_GlobalVariableDefs.obj (PieCtrlRegsFile)

PieVectTableFile 
*          1    00000d00    00000100     UNINITIALIZED
                  00000d00    00000100     F2806x_GlobalVariableDefs.obj (PieVectTableFile)

EmuKeyVar 
*          1    00000d00    00000001     UNINITIALIZED
                  00000d00    00000001     F2806x_GlobalVariableDefs.obj (EmuKeyVar)

EmuBModeVar 
*          1    00000d01    00000001     UNINITIALIZED
                  00000d01    00000001     F2806x_GlobalVariableDefs.obj (EmuBModeVar)

FlashCallbackVar 
*          1    00000d02    00000002     UNINITIALIZED
                  00000d02    00000002     F2806x_GlobalVariableDefs.obj (FlashCallbackVar)

FlashScalingVar 
*          1    00000d04    00000002     UNINITIALIZED
                  00000d04    00000002     F2806x_GlobalVariableDefs.obj (FlashScalingVar)

DmaRegsFile 
*          1    00001000    000000e0     UNINITIALIZED
                  00001000    000000e0     F2806x_GlobalVariableDefs.obj (DmaRegsFile)

Cla1RegsFile 
*          1    00001400    00000040     UNINITIALIZED
                  00001400    00000040     F2806x_GlobalVariableDefs.obj (Cla1RegsFile)

Usb0RegsFile 
*          1    00004000    00000454     UNINITIALIZED
                  00004000    00000454     F2806x_GlobalVariableDefs.obj (Usb0RegsFile)

McbspaRegsFile 
*          1    00005000    00000024     UNINITIALIZED
                  00005000    00000024     F2806x_GlobalVariableDefs.obj (McbspaRegsFile)

ECanaRegsFile 
*          1    00006000    00000034     UNINITIALIZED
                  00006000    00000034     F2806x_GlobalVariableDefs.obj (ECanaRegsFile)

ECanaLAMRegsFile 
*          1    00006040    00000040     UNINITIALIZED
                  00006040    00000040     F2806x_GlobalVariableDefs.obj (ECanaLAMRegsFile)

ECanaMOTSRegsFile 
*          1    00006080    00000040     UNINITIALIZED
                  00006080    00000040     F2806x_GlobalVariableDefs.obj (ECanaMOTSRegsFile)

ECanaMOTORegsFile 
*          1    000060c0    00000040     UNINITIALIZED
                  000060c0    00000040     F2806x_GlobalVariableDefs.obj (ECanaMOTORegsFile)

ECanaMboxesFile 
*          1    00006100    00000100     UNINITIALIZED
                  00006100    00000100     F2806x_GlobalVariableDefs.obj (ECanaMboxesFile)

Comp1RegsFile 
*          1    00006400    00000014     UNINITIALIZED
                  00006400    00000014     F2806x_GlobalVariableDefs.obj (Comp1RegsFile)

Comp2RegsFile 
*          1    00006420    00000014     UNINITIALIZED
                  00006420    00000014     F2806x_GlobalVariableDefs.obj (Comp2RegsFile)

Comp3RegsFile 
*          1    00006440    00000014     UNINITIALIZED
                  00006440    00000014     F2806x_GlobalVariableDefs.obj (Comp3RegsFile)

EPwm1RegsFile 
*          1    00006800    00000040     UNINITIALIZED
                  00006800    00000040     F2806x_GlobalVariableDefs.obj (EPwm1RegsFile)

EPwm2RegsFile 
*          1    00006840    00000040     UNINITIALIZED
                  00006840    00000040     F2806x_GlobalVariableDefs.obj (EPwm2RegsFile)

EPwm3RegsFile 
*          1    00006880    00000040     UNINITIALIZED
                  00006880    00000040     F2806x_GlobalVariableDefs.obj (EPwm3RegsFile)

EPwm4RegsFile 
*          1    000068c0    00000040     UNINITIALIZED
                  000068c0    00000040     F2806x_GlobalVariableDefs.obj (EPwm4RegsFile)

EPwm5RegsFile 
*          1    00006900    00000040     UNINITIALIZED
                  00006900    00000040     F2806x_GlobalVariableDefs.obj (EPwm5RegsFile)

EPwm6RegsFile 
*          1    00006940    00000040     UNINITIALIZED
                  00006940    00000040     F2806x_GlobalVariableDefs.obj (EPwm6RegsFile)

EPwm7RegsFile 
*          1    00006980    00000040     UNINITIALIZED
                  00006980    00000040     F2806x_GlobalVariableDefs.obj (EPwm7RegsFile)

EPwm8RegsFile 
*          1    000069c0    00000040     UNINITIALIZED
                  000069c0    00000040     F2806x_GlobalVariableDefs.obj (EPwm8RegsFile)

ECap1RegsFile 
*          1    00006a00    00000020     UNINITIALIZED
                  00006a00    00000020     F2806x_GlobalVariableDefs.obj (ECap1RegsFile)

ECap2RegsFile 
*          1    00006a20    00000020     UNINITIALIZED
                  00006a20    00000020     F2806x_GlobalVariableDefs.obj (ECap2RegsFile)

ECap3RegsFile 
*          1    00006a40    00000020     UNINITIALIZED
                  00006a40    00000020     F2806x_GlobalVariableDefs.obj (ECap3RegsFile)

HRCap1RegsFile 
*          1    00006ac0    00000020     UNINITIALIZED
                  00006ac0    00000020     F2806x_GlobalVariableDefs.obj (HRCap1RegsFile)

HRCap2RegsFile 
*          1    00006ae0    00000020     UNINITIALIZED
                  00006ae0    00000020     F2806x_GlobalVariableDefs.obj (HRCap2RegsFile)

EQep1RegsFile 
*          1    00006b00    00000022     UNINITIALIZED
                  00006b00    00000022     F2806x_GlobalVariableDefs.obj (EQep1RegsFile)

EQep2RegsFile 
*          1    00006b40    00000022     UNINITIALIZED
                  00006b40    00000022     F2806x_GlobalVariableDefs.obj (EQep2RegsFile)

HRCap3RegsFile 
*          1    00006c80    00000020     UNINITIALIZED
                  00006c80    00000020     F2806x_GlobalVariableDefs.obj (HRCap3RegsFile)

HRCap4RegsFile 
*          1    00006ca0    00000020     UNINITIALIZED
                  00006ca0    00000020     F2806x_GlobalVariableDefs.obj (HRCap4RegsFile)

GpioCtrlRegsFile 
*          1    00006f80    00000040     UNINITIALIZED
                  00006f80    00000040     F2806x_GlobalVariableDefs.obj (GpioCtrlRegsFile)

GpioDataRegsFile 
*          1    00006fc0    00000020     UNINITIALIZED
                  00006fc0    00000020     F2806x_GlobalVariableDefs.obj (GpioDataRegsFile)

GpioIntRegsFile 
*          1    00006fe0    00000020     UNINITIALIZED
                  00006fe0    00000020     F2806x_GlobalVariableDefs.obj (GpioIntRegsFile)

SysCtrlRegsFile 
*          1    00007010    00000030     UNINITIALIZED
                  00007010    00000030     F2806x_GlobalVariableDefs.obj (SysCtrlRegsFile)

SpiaRegsFile 
*          1    00007040    00000010     UNINITIALIZED
                  00007040    00000010     F2806x_GlobalVariableDefs.obj (SpiaRegsFile)

SciaRegsFile 
*          1    00007050    00000010     UNINITIALIZED
                  00007050    00000010     F2806x_GlobalVariableDefs.obj (SciaRegsFile)

NmiIntruptRegsFile 
*          1    00007060    00000010     UNINITIALIZED
                  00007060    00000010     F2806x_GlobalVariableDefs.obj (NmiIntruptRegsFile)

XIntruptRegsFile 
*          1    00007070    00000010     UNINITIALIZED
                  00007070    00000010     F2806x_GlobalVariableDefs.obj (XIntruptRegsFile)

AdcRegsFile 
*          1    00007100    00000050     UNINITIALIZED
                  00007100    00000050     F2806x_GlobalVariableDefs.obj (AdcRegsFile)

SpibRegsFile 
*          1    00007740    00000010     UNINITIALIZED
                  00007740    00000010     F2806x_GlobalVariableDefs.obj (SpibRegsFile)

ScibRegsFile 
[...]
003eae46  local     $30 (.text)
003eae74  local     $35 (.text)
003eaea3  local     $40 (.text)
003eae05  local     $5_$2 (.text)
00000000  local     .bss (.bss)
00000000  local     .data (.data)
003eadf1  local     .text (.text)
003eae15  local     CHECK_SIGN1 (.text)
003eae50  local     CHECK_SIGN2 (.text)
003eae88  local     DGT3 (.text)
003eae8a  local     DIVUDenHighZero (.text)
003eae1f  local     EQ0 (.text)
003eae1a  local     EQ1 (.text)
003eae58  local     EQ2 (.text)
003eae83  local     EQ3 (.text)
003eaeb4  local     EQ4 (.text)
003eadf1  global    LL$$DIV (.text)
003eae2d  global    LL$$MOD (.text)
003eaed3  local     LOOP (.text)
003eaec2  local     MAINDIV (.text)
003eaee1  local     MD_NEQ (.text)
003eaeb6  local     MODUDenHighZero (.text)
003eae18  local     RET1 (.text)
003eae53  local     RET2 (.text)
003eae81  local     RET3 (.text)
003eaeb0  local     RET4 (.text)
003eae55  local     RET_NUM1 (.text)
003eaeb2  local     RET_NUM2 (.text)
003eae21  local     SDIVUDenHighZero (.text)
003eaeeb  local     SKIP (.text)
003eaeed  local     SKIP1 (.text)
003eae5b  local     SMODUDenHighZero (.text)
003eae67  global    ULL$$DIV (.text)
003eae96  global    ULL$$MOD (.text)


================================================================================

rts2800_ml.lib : u_div28.asm.obj

Run/Load            
Value     Binding   Name (Section)
--------  --------  ---------------
00000000  local     .bss (.bss)
00000000  local     .data (.data)
003ee1d2  local     .text (.text)
003ee1d2  global    U$$DIV (.text)
003ee1d7  global    U$$MOD (.text)


================================================================================

rts2800_ml.lib : u_tofd28.asm.obj

Run/Load            
Value     Binding   Name (Section)
--------  --------  ---------------
00000000  local     .bss (.bss)
00000000  local     .data (.data)
003edd7f  local     .text (.text)
003edd8c  local     NORMALIZE (.text)
003edd94  local     OP_ZERO (.text)
003edd8e  local     PACK (.text)
003edd93  local     RETURN (.text)
003edd91  local     RETURN_VALUE (.text)
003edd7f  global    U$$TOFD (.text)


================================================================================

rts2800_ml.lib : u_tofs28.asm.obj

Run/Load            
Value     Binding   Name (Section)
--------  --------  ---------------
00000000  local     .bss (.bss)
00000000  local     .data (.data)
003edfe1  local     .text (.text)
003edff0  local     RESTORE (.text)
003edfe1  global    U$$TOFS (.text)
003edff0  local     ZERO (.text)


================================================================================

rts2800_ml.lib : l_tofs28.asm.obj

Run/Load            
Value     Binding   Name (Section)
--------  --------  ---------------
00000000  local     .bss (.bss)
00000000  local     .data (.data)
003edbfe  local     .text (.text)
003edbfe  global    L$$TOFS (.text)
003edc14  local     OVERFLOW (.text)
003edc13  local     RETURN (.text)
003edc13  local     ZERO (.text)


================================================================================

rts2800_ml.lib : ul_tofs28.asm.obj

Run/Load            
Value     Binding   Name (Section)
--------  --------  ---------------
00000000  local     .bss (.bss)
00000000  local     .data (.data)
003ede79  local     .text (.text)
003ede81  local     LEFT_SHIFT (.text)
003ede83  local     PACK (.text)
003ede8b  local     RETURN (.text)
003ede79  global    UL$$TOFS (.text)
003ede8b  local     ZERO (.text)


================================================================================

rts2800_ml.lib : prolog28.asm.obj

Run/Load            
Value     Binding   Name (Section)
--------  --------  ---------------
00000000  local     .bss (.bss)
00000000  local     .data (.data)
003edc7c  local     .text (.text)
003edc7c  global    _prolog_c28x_1 (.text)
003edc80  global    _prolog_c28x_2 (.text)
003edc88  global    _prolog_c28x_3 (.text)


================================================================================

rts2800_ml.lib : fs_tofd28.asm.obj

Run/Load            
Value     Binding   Name (Section)
--------  --------  ---------------
00000000  local     .bss (.bss)
00000000  local     .data (.data)
003edaf3  local     .text (.text)
003edaf3  global    FS$$TOFD (.text)
003edb07  local     OVERFLOW (.text)
003edb06  local     RETURN (.text)
003edb04  local     RETURN_VALUE (.text)
003edb0d  local     UNDERFLOW (.text)


================================================================================

rts2800_ml.lib : fd_div28.asm.obj

Run/Load            
Value     Binding   Name (Section)
--------  --------  ---------------
003ec22f  local     $1_$3 (.text)
003ec23a  local     $2_$3 (.text)
00000000  local     .bss (.bss)
00000000  local     .data (.data)
003ec1f3  local     .text (.text)
003ec249  local     DIV_END (.text)
003ec22a  local     DIV_START (.text)
003ec1f3  global    FD$$DIV (.text)
003ec24c  local     NORMALIZE (.text)
003ec276  local     OVERFLOW (.text)
003ec271  local     RETURN (.text)
003ec26f  local     RETURN_VALUE (.text)
003ec261  local     RND64_SET_MANT$3$ (.text)
003ec255  local     ROUND (.text)
003ec27c  local     UNDERFLOW (.text)


================================================================================

rts2800_ml.lib : cpy_tbl.c.obj

Run/Load            
Value     Binding   Name (Section)
--------  --------  ---------------
003ed7a8  local     $C$L1 (.text)
003ed7bb  local     $C$L2 (.text)
003ed7bc  local     $C$L3 (.text)
00000000  local     .bss (.bss)
00000000  local     .data (.data)
003ed7a0  local     .text (.text)
003ed7a0  global    _copy_in (.text)


================================================================================

rts2800_ml.lib : memcpy.c.obj

Run/Load            
Value     Binding   Name (Section)
--------  --------  ---------------
003eda6c  local     $C$L1 (.text)
003eda70  local     $C$L2 (.text)
003eda77  local     $C$L3 (.text)
003eda79  local     $C$L4 (.text)
003eda81  local     $C$L5 (.text)
00000000  local     .bss (.bss)
00000000  local     .data (.data)
003eda66  local     .text (.text)
003eda66  global    _memcpy (.text)


================================================================================

rts2800_ml.lib : pre_init.c.obj

Run/Load            
Value     Binding   Name (Section)
--------  --------  ---------------
00000000  local     .bss (.bss)
00000000  local     .data (.data)
003ee769  local     .text (.text)
003ee769  global    __system_pre_init (.text)


================================================================================

rts2800_ml.lib : startup.c.obj

Run/Load            
Value     Binding   Name (Section)
--------  --------  ---------------
00000000  local     .bss (.bss)
00000000  local     .data (.data)
003ee76f  local     .text (.text)
003ee76f  global    __system_post_cinit (.text)


================================================================================

rts2800_ml.lib : e_rem_pio2f.c.obj

Run/Load            
Value     Binding   Name (Section)
--------  --------  ---------------
003f050e  local     $C$FL1 (.econst)
003f0512  local     $C$FL2 (.econst)
003f0516  local     $C$FL3 (.econst)
003f051a  local     $C$FL4 (.econst)
003ebc5d  local     $C$L1 (.text)
003ebc6b  local     $C$L2 (.text)
003ebc97  local     $C$L3 (.text)
003ebc9c  local     $C$L4 (.text)
00000000  local     .bss (.bss)
00000000  local     .data (.data)
003f0502  local     .econst (.econst)
003ebbfa  local     .text (.text)
003ebbfa  global    ___rem_pio2f (.text)
003f0502  local     _invpio2 (.econst)
003f0506  local     _pio2_1 (.econst)
003f050a  local     _pio2_1t (.econst)


================================================================================

rts2800_ml.lib : k_rem_pio2.c.obj

Run/Load            
Value     Binding   Name (Section)
--------  --------  ---------------
003f047e  local     $C$FL1 (.econst)
003f0482  local     $C$FL2 (.econst)
003f0486  local     $C$FL3 (.econst)
003f048a  local     $C$FL4 (.econst)
003f048e  local     $C$FL5 (.econst)
003f0492  local     $C$FL6 (.econst)
003f0496  local     $C$FL7 (.econst)
003e98f4  local     $C$L1 (.text)
003e99ae  local     $C$L10 (.text)
003e99db  local     $C$L11 (.text)
003e99fb  local     $C$L12 (.text)
003e9a20  local     $C$L13 (.text)
003e9a3f  local     $C$L14 (.text)
003e9a46  local     $C$L15 (.text)
003e9a63  local     $C$L16 (.text)
003e9ab1  local     $C$L17 (.text)
003e9b1d  local     $C$L18 (.text)
003e9b21  local     $C$L19 (.text)
003e991c  local     $C$L2 (.text)
003e9b2f  local     $C$L20 (.text)
003e9b58  local     $C$L21 (.text)
003e9b5d  local     $C$L22 (.text)
003e9b68  local     $C$L23 (.text)
003e9b74  local     $C$L24 (.text)
003e9b79  local     $C$L25 (.text)
003e9b7f  local     $C$L26 (.text)
003e9b9c  local     $C$L27 (.text)
003e9ba8  local     $C$L28 (.text)
003e9bd3  local     $C$L29 (.text)
003e9927  local     $C$L3 (.text)
003e9c01  local     $C$L30 (.text)
003e9c4c  local     $C$L31 (.text)
003e9c51  local     $C$L32 (.text)
003e9c69  local     $C$L33 (.text)
003e9c73  local     $C$L34 (.text)
003e9c82  local     $C$L35 (.text)
003e9c8c  local     $C$L36 (.text)
003e9ca7  local     $C$L37 (.text)
003e9cb7  local     $C$L38 (.text)
003e9cb9  local     $C$L39 (.text)
003e9933  local     $C$L4 (.text)
003e9cd9  local     $C$L40 (.text)
003e9d01  local     $C$L41 (.text)
003e9d18  local     $C$L42 (.text)
003e9d2c  local     $C$L43 (.text)
003e9d5a  local     $C$L44 (.text)
003e9d78  local     $C$L45 (.text)
003e9d96  local     $C$L46 (.text)
003e9de5  local     $C$L47 (.text)
003e9e1f  local     $C$L48 (.text)
003e9e37  local     $C$L49 (.text)
003e9944  local     $C$L5 (.text)
003e9e48  local     $C$L50 (.text)
003e9e65  local     $C$L51 (.text)
003e9e80  local     $C$L52 (.text)
003e9e93  local     $C$L53 (.text)
003e9ea4  local     $C$L54 (.text)
003e9eb2  local     $C$L55 (.text)
003e9ebc  local     $C$L56 (.text)
003e9edd  local     $C$L57 (.text)
003e9eee  local     $C$L58 (.text)
003e9efc  local     $C$L59 (.text)
003e9950  local     $C$L6 (.text)
003e9f06  local     $C$L60 (.text)
003e9f10  local     $C$L61 (.text)
003e9f23  local     $C$L62 (.text)
003e9f34  local     $C$L63 (.text)
003e9f42  local     $C$L64 (.text)
003e9f4c  local     $C$L65 (.text)
003e9f55  local     $C$L66 (.text)
003e996d  local     $C$L7 (.text)
003e9992  local     $C$L8 (.text)
003e99a7  local     $C$L9 (.text)
00000000  local     .bss (.bss)
00000000  local     .data (.data)
003f046e  local     .econst (.econst)
003f04c2  local     .econst:_PIo2 (.econst:_PIo2)
003f05a2  local     .econst:_init_jk (.econst:_init_jk)
003f039a  local     .econst:_ipio2 (.econst:_ipio2)
003e98c6  local     .text (.text)
003f04c2  local     _PIo2 (.econst:_PIo2)
003e98c6  global    ___kernel_rem_pio2 (.text)
003f05a2  local     _init_jk (.econst:_init_jk)
003f039a  local     _ipio2 (.econst:_ipio2)
003f0472  local     _one (.econst)
003f0476  local     _two24 (.econst)
003f047a  local     _twon24 (.econst)
003f046e  local     _zero (.econst)


================================================================================

rts2800_ml.lib : exit.c.obj

Run/Load            
Value     Binding   Name (Section)
--------  --------  ---------------
003ed447  local     $C$L1 (.text)
003ed45a  local     $C$L2 (.text)
003ed465  local     $C$L3 (.text)
003ed46b  local     $C$L4 (.text)
00000000  local     .bss (.bss)
003f0c1e  local     .cinit (.cinit)
00000000  local     .data (.data)
0000bdfa  local     .ebss (.ebss)
003ed446  local     .text (.text)
003ed446  global    C$$EXIT (.text)
0000bdfc  global    ___TI_cleanup_ptr (.ebss)
0000bdfe  global    ___TI_dtors_ptr (.ebss)
0000bdfa  global    ___TI_enable_exit_profile_output (.ebss)
003ed446  global    _abort (.text)
003ed448  global    _exit (.text)


================================================================================

rts2800_ml.lib : _lock.c.obj

Run/Load            
Value     Binding   Name (Section)
--------  --------  ---------------
00000000  local     .bss (.bss)
003f0dac  local     .cinit:__lock (.cinit:__lock)
003f0db1  local     .cinit:__unlock (.cinit:__unlock)
00000000  local     .data (.data)
0000c100  local     .ebss:__lock (.ebss:__lock)
0000c102  local     .ebss:__unlock (.ebss:__unlock)
003ee28c  local     .text (.text)
0000c100  global    __lock (.ebss:__lock)
003ee294  global    __nop (.text)
003ee290  global    __register_lock (.text)
003ee28c  global    __register_unlock (.text)
0000c102  global    __unlock (.ebss:__unlock)


================================================================================

rts2800_ml.lib : args_main.c.obj

Run/Load            
Value     Binding   Name (Section)
--------  --------  ---------------
003edf6b  local     $C$L1 (.text)
003edf6e  local     $C$L2 (.text)
00000000  local     .bss (.bss)
00000000  local     .data (.data)
003edf60  local     .text (.text)
003edf60  global    __args_main (.text)


================================================================================

rts2800_ml.lib : s_floor.c.obj

Run/Load            
Value     Binding   Name (Section)
--------  --------  ---------------
003f0594  local     $C$FL1 (.econst)
003f0598  local     $C$FL2 (.econst)
003eb3ea  local     $C$L1 (.text)
003eb442  local     $C$L10 (.text)
003eb462  local     $C$L11 (.text)
003eb464  local     $C$L12 (.text)
003eb470  local     $C$L13 (.text)
003eb475  local     $C$L14 (.text)
003eb3ef  local     $C$L2 (.text)
003eb3f0  local     $C$L3 (.text)
003eb3f8  local     $C$L4 (.text)
003eb40b  local     $C$L5 (.text)
003eb41a  local     $C$L6 (.text)
003eb41d  local     $C$L7 (.text)
003eb439  local     $C$L8 (.text)
003eb43f  local     $C$L9 (.text)
00000000  local     .bss (.bss)
00000000  local     .data (.data)
003f0590  local     .econst (.econst)
003eb392  local     .text (.text)
003eb392  global    _floorl (.text)
003f0590  local     _huge (.econst)


================================================================================

rts2800_ml.lib : s_scalbn.c.obj

Run/Load            
Value     Binding   Name (Section)
--------  --------  ---------------
003f052a  local     $C$FL1 (.econst)
003f052e  local     $C$FL2 (.econst)
003f0532  local     $C$FL3 (.econst)
003f0536  local     $C$FL4 (.econst)
003ebb76  local     $C$L1 (.text)
003ebb8f  local     $C$L2 (.text)
003ebba1  local     $C$L3 (.text)
003ebbac  local     $C$L4 (.text)
003ebbc1  local     $C$L5 (.text)
003ebbc7  local     $C$L6 (.text)
003ebbd2  local     $C$L7 (.text)
003ebbf2  local     $C$L8 (.text)
003ebbf6  local     $C$L9 (.text)
00000000  local     .bss (.bss)
00000000  local     .data (.data)
003f051e  local     .econst (.econst)
003ebb50  local     .text (.text)
003ebb50  global    _ldexpl (.text)
003ebb50  global    _scalbnl (.text)
003f0526  local     _tiny (.econst)
003f051e  local     _two54 (.econst)
003f0522  local     _twom54 (.econst)


================================================================================

rts2800_ml.lib : s_copysign.c.obj

Run/Load            
Value     Binding   Name (Section)
--------  --------  ---------------
003ed84e  local     $C$L1 (.text)
00000000  local     .bss (.bss)
00000000  local     .data (.data)
003ed82d  local     .text (.text)
003ed82d  global    _copysignl (.text)


================================================================================

rts2800_ml.lib : k_cosf.c.obj

Run/Load            
Value     Binding   Name (Section)
--------  --------  ---------------
003f04ae  local     $C$FL1 (.econst)
003f04b2  local     $C$FL2 (.econst)
003f04b6  local     $C$FL3 (.econst)
003f04ba  local     $C$FL4 (.econst)
003f04be  local     $C$FL5 (.econst)
00000000  local     .bss (.bss)
00000000  local     .data (.data)
003f049a  local     .econst (.econst)
003ec305  local     .text (.text)
003f049e  local     _C0 (.econst)
003f04a2  local     _C1 (.econst)
003f04a6  local     _C2 (.econst)
003f04aa  local     _C3 (.econst)
003ec305  global    ___kernel_cosdf (.text)
003f049a  local     _one (.econst)


================================================================================

rts2800_ml.lib : k_sinf.c.obj

Run/Load            
Value     Binding   Name (Section)
--------  --------  ---------------
003f04f2  local     $C$FL1 (.econst)
003f04f6  local     $C$FL2 (.econst)
003f04fa  local     $C$FL3 (.econst)
003f04fe  local     $C$FL4 (.econst)
00000000  local     .bss (.bss)
00000000  local     .data (.data)
003f04e2  local     .econst (.econst)
003ec0d1  local     .text (.text)
003f04e2  local     _S1 (.econst)
003f04e6  local     _S2 (.econst)
003f04ea  local     _S3 (.econst)
003f04ee  local     _S4 (.econst)
003ec0d1  global    ___kernel_sindf (.text)


================================================================================

rts2800_ml.lib : fd_cmp28.asm.obj

Run/Load            
Value     Binding   Name (Section)
--------  --------  ---------------
00000000  local     .bss (.bss)
00000000  local     .data (.data)
003ed41c  local     .text (.text)
003ed42c  local     CHECK_INF (.text)
003ed41c  global    FD$$CMP (.text)
003ed443  local     NO_NEG (.text)
003ed444  local     OP_EQUAL (.text)
003ed43c  local     RETURN (.text)


================================================================================

rts2800_ml.lib : fd_tol28.asm.obj

Run/Load            
Value     Binding   Name (Section)
--------  --------  ---------------
00000000  local     .bss (.bss)
00000000  local     .data (.data)
003ed9d3  local     .text (.text)
003ed9d3  global    FD$$TOL (.text)
003ed9ec  local     OVERFLOW (.text)
003ed9eb  local     RETURN_VALUE (.text)
003ed9f0  local     UNDERFLOW (.text)


================================================================================

rts2800_ml.lib : ll_aox28.asm.obj

Run/Load            
Value     Binding   Name (Section)
--------  --------  ---------------
00000000  local     .bss (.bss)
00000000  local     .data (.data)
003edcdd  local     .text (.text)
003edcdd  global    LL$$AND (.text)
003edce5  global    LL$$OR (.text)
003edced  global    LL$$XOR (.text)


================================================================================

rts2800_ml.lib : i_div28.asm.obj

Run/Load            
Value     Binding   Name (Section)
--------  --------  ---------------
00000000  local     .bss (.bss)
00000000  local     .data (.data)
003ed850  local     .text (.text)
003ed850  global    I$$DIV (.text)
003ed861  global    I$$MOD (.text)
003ed860  local     RET1 (.text)
003ed870  local     RET2 (.text)


================================================================================

rts2800_ml.lib : l_tofd28.asm.obj

Run/Load            
Value     Binding   Name (Section)
--------  --------  ---------------
003edb1d  local     $10 (.text)
00000000  local     .bss (.bss)
00000000  local     .data (.data)
003edb0f  local     .text (.text)
003edb0f  global    L$$TOFD (.text)
003edb29  local     OP_ZERO (.text)
003edb28  local     RETURN (.text)
003edb26  local     RETURN_VALUE (.text)


================================================================================

rts2800_ml.lib : fd_tofs28.asm.obj

Run/Load            
Value     Binding   Name (Section)
--------  --------  ---------------
00000000  local     .bss (.bss)
00000000  local     .data (.data)
003ed8b4  local     .text (.text)
003ed8c1  local     EXP_EVAL (.text)
003ed8b4  global    FD$$TOFS (.text)
003ed8cd  local     OVERFLOW (.text)
003ed8cc  local     RETURN_VALUE (.text)
003ed8d3  local     UNDERFLOW (.text)


================================================================================

rts2800_ml.lib : errno.c.obj

Run/Load            
Value     Binding   Name (Section)
--------  --------  ---------------
00000000  local     .bss (.bss)
003f0e00  local     .cinit (.cinit)
00000000  local     .data (.data)
0000c120  local     .ebss (.ebss)
00000000  local     .text (.text)
0000c120  global    _errno (.ebss)


================================================================================

