******************************************************************************
             TMS320C2000 Linker PC v22.6.0                     
******************************************************************************
>> Linked Tue Oct 11 12:42:56 2022

OUTPUT FILE NAME:   <../../../04_Output_Files/Motor28062/TEST_CSMON_C28xx.out>
ENTRY POINT SYMBOL: "_c_int00"  address: 003ecccc


MEMORY CONFIGURATION

         name            origin    length      used     unused   attr    fill
----------------------  --------  ---------  --------  --------  ----  --------
PAGE 0:
  RAML0                 00008000   00000800  00000029  000007d7  RWIX
  RAML1                 00008800   00000400  00000000  00000400  RWIX
  OTP                   003d7800   00000400  00000000  00000400  RWIX
  FLASH_APP             003e8000   0000dff0  0000c4ac  00001b44  RWIX
  CSM_RSVD              003f7f80   00000076  00000076  00000000  RWIX
  BEGIN                 003f7ff6   00000002  00000002  00000000  RWIX
  CSM_PWL_P0            003f7ff8   00000008  00000008  00000000  RWIX
  FPUTABLES             003fd590   000006a0  00000000  000006a0  RWIX
  IQTABLES              003fdf00   00000b50  00000000  00000b50  RWIX
  IQTABLES2             003fea50   0000008c  00000000  0000008c  RWIX
  IQTABLES3             003feadc   000000aa  00000000  000000aa  RWIX
  ROM                   003ff3b0   00000c10  00000000  00000c10  RWIX
  RESET                 003fffc0   00000002  00000000  00000002  RWIX
  VECTORS               003fffc2   0000003e  00000000  0000003e  RWIX

PAGE 1:
  BOOT_RSVD             00000000   00000050  00000000  00000050  RWIX
  RAMM0                 00000050   000003b0  00000380  00000030  RWIX
  RAMM1                 00000400   00000400  00000000  00000400  RWIX
  DEV_EMU               00000880   00000105  00000004  00000101  RWIX
  SYS_PWR_CTL           00000985   00000003  00000003  00000000  RWIX
  FLASH_REGS            00000a80   00000060  00000008  00000058  RWIX
  CSM                   00000ae0   00000020  00000010  00000010  RWIX
  ADC_RESULT            00000b00   00000020  00000010  00000010  RWIX
  CPU_TIMER0            00000c00   00000008  00000008  00000000  RWIX
  CPU_TIMER1            00000c08   00000008  00000008  00000000  RWIX
  CPU_TIMER2            00000c10   00000008  00000008  00000000  RWIX
  PIE_CTRL              00000ce0   00000020  0000001a  00000006  RWIX
  PIE_VECT              00000d00   00000100  00000100  00000000  RWIX
  DMA                   00001000   00000200  000000e0  00000120  RWIX
  CLA1                  00001400   00000080  00000040  00000040  RWIX
  USB0                  00004000   00001000  00000454  00000bac  RWIX
  McBSPA                00005000   00000040  00000024  0000001c  RWIX
  ECANA                 00006000   00000040  00000034  0000000c  RWIX
  ECANA_LAM             00006040   00000040  00000040  00000000  RWIX
  ECANA_MOTS            00006080   00000040  00000040  00000000  RWIX
  ECANA_MOTO            000060c0   00000040  00000040  00000000  RWIX
  ECANA_MBOX            00006100   00000100  00000100  00000000  RWIX
  COMP1                 00006400   00000020  00000014  0000000c  RWIX
  COMP2                 00006420   00000020  00000014  0000000c  RWIX
  COMP3                 00006440   00000020  00000014  0000000c  RWIX
  EPWM1                 00006800   00000040  00000040  00000000  RWIX
  EPWM2                 00006840   00000040  00000040  00000000  RWIX
  EPWM3                 00006880   00000040  00000040  00000000  RWIX
  EPWM4                 000068c0   00000040  00000040  00000000  RWIX
  EPWM5                 00006900   00000040  00000040  00000000  RWIX
  EPWM6                 00006940   00000040  00000040  00000000  RWIX
  EPWM7                 00006980   00000040  00000040  00000000  RWIX
  EPWM8                 000069c0   00000040  00000040  00000000  RWIX
  ECAP1                 00006a00   00000020  00000020  00000000  RWIX
  ECAP2                 00006a20   00000020  00000020  00000000  RWIX
  ECAP3                 00006a40   00000020  00000020  00000000  RWIX
  HRCAP1                00006ac0   00000020  00000020  00000000  RWIX
  HRCAP2                00006ae0   00000020  00000020  00000000  RWIX
  EQEP1                 00006b00   00000040  00000022  0000001e  RWIX
  EQEP2                 00006b40   00000040  00000022  0000001e  RWIX
  HRCAP3                00006c80   00000020  00000020  00000000  RWIX
  HRCAP4                00006ca0   00000020  00000020  00000000  RWIX
  GPIOCTRL              00006f80   00000040  00000040  00000000  RWIX
  GPIODAT               00006fc0   00000020  00000020  00000000  RWIX
  GPIOINT               00006fe0   00000020  00000020  00000000  RWIX
  SYSTEM                00007010   00000030  00000030  00000000  RWIX
  SPIA                  00007040   00000010  00000010  00000000  RWIX
  SCIA                  00007050   00000010  00000010  00000000  RWIX
  NMIINTRUPT            00007060   00000010  00000010  00000000  RWIX
  XINTRUPT              00007070   00000010  00000010  00000000  RWIX
  ADC                   00007100   00000080  00000050  00000030  RWIX
  SPIB                  00007740   00000010  00000010  00000000  RWIX
  SCIB                  00007750   00000010  00000010  00000000  RWIX
  I2CA                  00007900   00000040  00000022  0000001e  RWIX
  RAML2                 00008c00   00000400  00000400  00000000  RWIX
  RAML3456              00009000   00007000  00006e74  0000018c  RWIX
  RAML7                 00010000   00002000  00000000  00002000  RWIX
  RAML8                 00012000   00002000  00000000  00002000  RWIX
  USB_RAM               00040000   00000800  00000000  00000800  RWIX
  PARTID                003d7e80   00000001  00000001  00000000  RWIX
  CSM_PWL               003f7ff8   00000008  00000008  00000000  RWIX


SECTION ALLOCATION MAP

 output                                  attributes/
section   page    origin      length       input sections
--------  ----  ----------  ----------   ----------------
.cinit     0    003f3c87    00000806     
                  003f3c87    000001c3     CSMON_C28xx.lib : hmmodbus.obj (.cinit)
                  003f3e4a    00000173     main.obj (.cinit)
                  003f3fbd    000000b6     CSMON_C28xx.lib : csmon.obj (.cinit)
                  003f4073    00000076                     : modbusreg.obj (.cinit)
                  003f40e9    0000003f                     : csmon.obj (.cinit:_CSMON_au8FileRecorderDataElementsSizeTable)
                  003f4128    00000033                     : hmrecparam.obj (.cinit:_sRecStatusParam)
                  003f415b    00000030                     : csmon.obj (.cinit:_CSMON_au8FileRecorderConfigElementsSizeTable)
                  003f418b    0000002b                     : csmon.obj (.cinit:_CSMON_au8FileScopeConfigurationElementsSizeTable)
                  003f41b6    0000001f                     : hmrecparam.obj (.cinit:_sRecStatusParamInternal)
                  003f41d5    00000016     main.obj (.cinit:_sExternalRecoderHandle)
                  003f41eb    00000015     CSMON_C28xx.lib : csmon.obj (.cinit:_CSMON_sFileAutorization)
                  003f4200    00000014                     : hmdrv.obj (.cinit)
                  003f4214    00000014                     : hmprotocol.obj (.cinit)
                  003f4228    00000013                     : modbusreg.obj (.cinit:_MODBUSREG_au8DeviceIDUserApplicationName)
                  003f423b    00000013                     : modbusreg.obj (.cinit:_MODBUSREG_au8DeviceIDVendorUrl)
                  003f424e    00000013                     : modbusreg.obj (.cinit:_MODBUSREG_au8ServerIDData)
                  003f4261    00000010     rtc_drv.obj (.cinit)
                  003f4271    0000000f     CSMON_C28xx.lib : csmon.obj (.cinit:_CSMON_sDateTime)
                  003f4280    0000000f                     : csmon.obj (.cinit:_CSMON_sDateTimeApplication)
                  003f428f    0000000f                     : csmon.obj (.cinit:_CSMON_sDateTimeDefault)
                  003f429e    0000000f                     : modbusreg.obj (.cinit:_MODBUSREG_au8DeviceIDModelName)
                  003f42ad    0000000f     device.obj (.cinit)
                  003f42bc    0000000e     rts2800_ml.lib : exit.c.obj (.cinit)
                  003f42ca    0000000d     CSMON_C28xx.lib : csmon.obj (.cinit:_CSMON_au8FileParameterCountElementsSizeTable)
                  003f42d7    0000000d                     : csmon.obj (.cinit:_CSMON_au8FileRTCElementsSizeTable)
                  003f42e4    0000000d                     : csmon.obj (.cinit:_sHashKey)
                  003f42f1    0000000d     tmr_drv.obj (.cinit)
                  003f42fe    0000000c     CSMON_C28xx.lib : csmon.obj (.cinit:_CSMON_au8FileParameterNumericElementsSizeTable)
                  003f430a    0000000c                     : modbusreg.obj (.cinit:_MODBUSREG_au8DeviceIDProductName)
                  003f4316    0000000c                     : modbusreg.obj (.cinit:_MODBUSREG_au8DeviceIDUserReserve0)
                  003f4322    0000000c                     : modbusreg.obj (.cinit:_MODBUSREG_au8DeviceIDUserReserve1)
                  003f432e    0000000c                     : modbusreg.obj (.cinit:_MODBUSREG_au8DeviceIDUserReserve2)
                  003f433a    0000000c                     : modbusreg.obj (.cinit:_MODBUSREG_au8DeviceIDVendorName)
                  003f4346    0000000b                     : hmrecparam.obj (.cinit:_HMRECPRM_sDateTime)
                  003f4351    0000000b     main.obj (.cinit:_MAIN_sDateTimeGet)
                  003f435c    0000000b     main.obj (.cinit:_MAIN_sDateTimeSet)
                  003f4367    0000000b     uart_driver.obj (.cinit:_UART_DRV_RXIntOverflowCounter)
                  003f4372    0000000b     uart_driver.obj (.cinit:_UART_DRV_u32TimeDiffLast)
                  003f437d    0000000b     uart_driver.obj (.cinit:_UART_DRV_u32TimeDiffNow)
                  003f4388    0000000b     CSMON_C28xx.lib : uart_drv.obj (.cinit:_UART_RXIntOverflowCounter)
                  003f4393    0000000b     tmr_drv.obj (.cinit:_pfDelayedFunction)
                  003f439e    0000000b     tmr_drv.obj (.cinit:_pfDelayedFunction_u8)
                  003f43a9    0000000b     CSMON_C28xx.lib : uart_drv.obj (.cinit:_u32TimeDiffLast)
                  003f43b4    0000000b                     : uart_drv.obj (.cinit:_u32TimeDiffNow)
                  003f43bf    0000000b                     : uart_drv.obj (.cinit:_u32TimeDiffRead)
                  003f43ca    00000009                     : hmserial.obj (.cinit)
                  003f43d3    00000009                     : csmon.obj (.cinit:_CSMON_au32FileAutorization_FunctionAfterWriteFileRecord)
                  003f43dc    00000009                     : csmon.obj (.cinit:_CSMON_sFileParameterCount)
                  003f43e5    00000009                     : hmscopeparam.obj (.cinit:_pBufferScope)
                  003f43ee    00000008                     : hmlib.obj (.cinit)
                  003f43f6    00000007                     : csmon.obj (.cinit:_CSMON_au8FileParameterListElementsSizeTablePart1)
                  003f43fd    00000007                     : csmon.obj (.cinit:_CSMON_au8FileRecorderStatusElementsSizeTable)
                  003f4404    00000007                     : modbusreg.obj (.cinit:_MODBUSREG_au8DeviceIDMajorMinorRevision)
                  003f440b    00000007                     : modbusreg.obj (.cinit:_MODBUSREG_au8DeviceIDProductCode)
                  003f4412    00000007                     : uart_drv.obj (.cinit:_UARTRxBufferRDCount)
                  003f4419    00000007                     : uart_drv.obj (.cinit:_UARTRxBufferRDIndex)
                  003f4420    00000007                     : uart_drv.obj (.cinit:_UARTRxBufferWRCount)
                  003f4427    00000007                     : uart_drv.obj (.cinit:_UARTRxBufferWRIndex)
                  003f442e    00000007     uart_driver.obj (.cinit:_UART_DRV_RxBufferRDCount)
                  003f4435    00000007     uart_driver.obj (.cinit:_UART_DRV_RxBufferWRCount)
                  003f443c    00000007     uart_driver.obj (.cinit:_UART_DRV_RxBufferWRIndex)
                  003f4443    00000006     CSMON_C28xx.lib : csmon.obj (.cinit:_CSMON_abFileAutorization_RecordReadOnly)
                  003f4449    00000006                     : csmon.obj (.cinit:_CSMON_abFileAutorization_RecordStringData)
                  003f444f    00000006                     : csmon.obj (.cinit:_CSMON_au16FileAutorization_RecordOffsets)
                  003f4455    00000006                     : csmon.obj (.cinit:_CSMON_au8FileRecorderDataElementsSizeTableUsedLength)
                  003f445b    00000006                     : csmon.obj (.cinit:_CSMON_sFileProtocolVersion)
                  003f4461    00000005     rts2800_ml.lib : _lock.c.obj (.cinit:__lock)
                  003f4466    00000005                    : _lock.c.obj (.cinit:__unlock)
                  003f446b    00000004     CSMON_C28xx.lib : hmscopeparam.obj (.cinit)
                  003f446f    00000004                     : uart_drv.obj (.cinit)
                  003f4473    00000004                     : csmon.obj (.cinit:_CSMON_au8FileParameterListElementsSizeTablePart2)
                  003f4477    00000004                     : csmon.obj (.cinit:_CSMON_au8FileParameterListElementsSizeTablePart3)
                  003f447b    00000004                     : csmon.obj (.cinit:_CSMON_au8FileScopeStatusElementsSizeTable)
                  003f447f    00000004                     : csmon.obj (.cinit:_CSMON_sFileParameterAccessList)
                  003f4483    00000004                     : modbusreg.obj (.cinit:_MODBUSREG_asFileTable)
                  003f4487    00000004     rts2800_ml.lib : errno.c.obj (.cinit)
                  003f448b    00000002     --HOLE-- [fill = 0]

.pinit     0    003e8000    00000000     UNINITIALIZED

.text      0    003e8000    00006744     
                  003e8000    00001328     CSMON_C28xx.lib : hmmodbus.obj (.text:_HMMODBUS_bDecoder)
                  003e9328    000008fa                     : modbusreg.obj (.text:_MODBUSREG_AddressTablesInit)
                  003e9c22    00000698     rts2800_ml.lib : k_rem_pio2.c.obj (.text)
                  003ea2ba    0000042f     CSMON_C28xx.lib : csmon.obj (.text:_CSMON_eSetParameter)
                  003ea6e9    000001ac     main.obj (.text:_main)
                  003ea895    00000178     CSMON_C28xx.lib : csmon.obj (.text:_CSMON_eSetUpRecParam)
                  003eaa0d    00000165                     : csmon.obj (.text:_CSMON_eProcess)
                  003eab72    00000136                     : hmmodbus.obj (.text:_HMMODBUS_Rx)
                  003eaca8    0000011b                     : hmmodbus.obj (.text:_HMMODBUS_vSetFreeRunTimerPrescaller)
                  003eadc3    00000114     rts2800_ml.lib : s_sinf.c.obj (.text)
                  003eaed7    00000107                    : ll_div28.asm.obj (.text)
                  003eafde    000000f8     CSMON_C28xx.lib : hmprotocol.obj (.text:_HMPROTOCOL_bDecoder)
                  003eb0d6    000000f5                     : hmdrv.obj (.text:_HMDRV_vInit)
                  003eb1cb    000000f1                     : csmon.obj (.text:_CSMON_vFileRecoderStatusFix)
                  003eb2bc    000000ea                     : csmon.obj (.text:_CSMON_eInit)
                  003eb3a6    000000e8                     : hmrecparam.obj (.text:_HMRECPRM_vProcess)
                  003eb48e    000000e8     rts2800_ml.lib : s_floor.c.obj (.text)
                  003eb576    000000e4     main.obj (.text:_ControlProcess)
                  003eb65a    000000cc     CSMON_C28xx.lib : hmmodbus.obj (.text:_HMMODBUS_GetRealRegisterAddressAndSize)
                  003eb726    000000c1     main.obj (.text:_RecordersInitialization)
                  003eb7e7    000000bc     CSMON_C28xx.lib : hmrecparam.obj (.text:_HMRECPRM_SetUpRec)
                  003eb8a3    000000b8                     : hmrec.obj (.text:_HMREC_SetUpRec)
                  003eb95b    000000aa                     : hmdrv.obj (.text:_HMDRV_CopyFromBufferInternalModbusBitField)
                  003eba05    000000aa     rts2800_ml.lib : s_scalbn.c.obj (.text)
                  003ebaaf    000000a7                    : e_rem_pio2f.c.obj (.text)
                  003ebb56    000000a6     main.obj (.text:_ParameterInitialization)
                  003ebbfc    000000a3     tmr_drv.obj (.text:_TMR2_ISR)
                  003ebc9f    000000a0     CSMON_C28xx.lib : csmon.obj (.text:_CSMON_vSetupHoldingRegistersAndCoilsAddressTableFromCSMONParameterList)
                  003ebd3f    0000009c     rts2800_ml.lib : fd_add28.asm.obj (.text)
                  003ebddb    00000092     CSMON_C28xx.lib : hmdrv.obj (.text:_HMDRV_CopyMemory)
                  003ebe6d    00000092                     : hmdrv.obj (.text:_HMDRV_CopyToBufferInternalModbus)
                  003ebeff    00000092     rts2800_ml.lib : k_sinf.c.obj (.text)
                  003ebf91    00000090     CSMON_C28xx.lib : csmon.obj (.text:_CSMON_vSetDateTimeAutorization)
                  003ec021    0000008d                     : csmon.obj (.text:_CSMON_vInitRecorders)
                  003ec0ae    0000008b     rts2800_ml.lib : fd_div28.asm.obj (.text)
                  003ec139    00000087     CSMON_C28xx.lib : hmrecparam.obj (.text:_HMRECPRM_SetUpRecParamStatusDateTime)
                  003ec1c0    00000087     rts2800_ml.lib : k_cosf.c.obj (.text)
                  003ec247    00000083     CSMON_C28xx.lib : hmdrv.obj (.text:_HMDRV_CopyFromBufferInternalModbus)
                  003ec2ca    00000083     rts2800_ml.lib : fd_mpy28.asm.obj (.text)
                  003ec34d    00000083                    : fs_div28.asm.obj (.text)
                  003ec3d0    00000081     CSMON_C28xx.lib : csmon.obj (.text:_CSMON_vPrepareFileParameterAccessList)
                  003ec451    0000007f                     : hmserial.obj (.text:_HMSERIAL_vProcessSCI)
                  003ec4d0    0000007e                     : hmrecparam.obj (.text:_HMRECPRM_vTimeSync)
                  003ec54e    00000078     rts2800_ml.lib : fs_add28.asm.obj (.text)
                  003ec5c6    00000076     main.obj (.text:_ScopesInitialization)
                  003ec63c    0000006a     CSMON_C28xx.lib : hmprotocol.obj (.text:_HMPROTOCOL_GetBoardInfo)
                  003ec6a6    0000006a                     : hmserial.obj (.text:_HMSERIAL_Rx)
                  003ec710    0000006a                     : modbusreg.obj (.text:_MODBUSREG_vInit)
                  003ec77a    00000067                     : hmmodbus.obj (.text:_HMMODBUS_CopyFromBuffer)
                  003ec7e1    00000066                     : hmmodbus.obj (.text:_HMMODBUS_vProcessSCI)
                  003ec847    00000064                     : hmrec.obj (.text:_HMREC_vProcess)
                  003ec8ab    0000005f     F2806x_SysCtrl.obj (.text:_InitPeripheralClocks)
                  003ec90a    0000005d     CSMON_C28xx.lib : uart_drv.obj (.text:_UART_RXInterrupt)
                  003ec967    0000005a     gpio.obj (.text:_GPIO_setPinConfigOutput)
                  003ec9c1    0000005a     rts2800_ml.lib : fs_mpy28.asm.obj (.text)
                  003eca1b    00000059     CSMON_C28xx.lib : csmon.obj (.text:_CSMON_vUpdateDateTimeFromApplication)
                  003eca74    00000059                     : hmmodbus.obj (.text:_vSetElementsSize)
                  003ecacd    00000057                     : csmon.obj (.text:_CSMON_bCheckValidDateTime)
                  003ecb24    00000057     uart_driver.obj (.text:_UART_DRV_RXInterrupt)
                  003ecb7b    00000055     CSMON_C28xx.lib : modbusreg.obj (.text:_MODBUSREG_FileRecorderExternalUpdateInit)
                  003ecbd0    00000054                     : csmon.obj (.text:_CSMON_u32GetParameterNumbCheckSum)
                  003ecc24    00000054                     : csmon.obj (.text:_CSMON_u32GetParameterShortNameCheckSum)
                  003ecc78    00000054                     : hmlib.obj (.text:_HMLIB_vInit)
                  003ecccc    00000054     rts2800_ml.lib : boot28.asm.obj (.text)
                  003ecd20    00000051     F2806x_SysCtrl.obj (.text:_InitPll)
                  003ecd71    00000050     CSMON_C28xx.lib : csmon.obj (.text:_CSMON_eSetExternalRecorderUsage)
                  003ecdc1    0000004f     device.obj (.text:_Device_CsmUnlock)
                  003ece10    0000004e     CSMON_C28xx.lib : hmrecparam.obj (.text:_HMRECPRM_StartRecParam)
                  003ece5e    00000048                     : csmon.obj (.text:_CSMON_eSetRecorderTriggerAtPosition)
                  003ecea6    00000047                     : hmmodbus.obj (.text:_HMMODBUS_CopyToBuffer)
                  003eceed    00000047                     : hmscopeparam.obj (.text:_HMSCOPEPRM_SetUpScope)
                  003ecf34    00000045                     : hmmodbus.obj (.text:_HMMODBUS_GetRegisterFunction)
                  003ecf79    00000043                     : hmscopeparam.obj (.text:_HMSCOPEPRM_ReadScope)
                  003ecfbc    00000042                     : hmmodbus.obj (.text:_HMMODBUS_vSendResponse)
                  003ecffe    00000042     interrupt.obj (.text:_Interrupt_enable)
                  003ed040    0000003f     CSMON_C28xx.lib : hmdrv.obj (.text:_HMDRV_CopyFromBufferInternal)
                  003ed07f    0000003d                     : hmmodbus.obj (.text:_vSetStartSampleIndex)
                  003ed0bc    0000003c     tmr_drv.obj (.text:_configCPUTimer)
                  003ed0f8    0000003b     main.obj (.text:_ExternalParametersInitialization)
                  003ed133    0000003b     CSMON_C28xx.lib : hmscope.obj (.text:_HMSCOPE_SetUpScope)
                  003ed16e    00000039                     : csmon.obj (.text:_CSMON_eSetRecorderConfigurationSkipSamples)
                  003ed1a7    00000038     device.obj (.text:_Device_init)
                  003ed1df    00000038     CSMON_C28xx.lib : uart_drv.obj (.text:_UART_ReadDataRx)
                  003ed217    00000037                     : csmon.obj (.text:_CSMON_u32GetRealAddressAndSizeOffsetFromParameter)
                  003ed24e    00000036                     : csmon.obj (.text:_CSMON_vRecorderParamStartStopProcess)
                  003ed284    00000036                     : hmscope.obj (.text:_HMSCOPE_ReadScope)
                  003ed2ba    00000036                     : hmserial.obj (.text:_HMSERIAL_vSendResponse)
                  003ed2f0    00000035                     : hmdrv.obj (.text:_HMDRV_CopyToBufferInternal)
                  003ed325    00000033                     : hmmodbus.obj (.text:_HMMODBUS_Listen)
                  003ed358    00000032                     : csmon.obj (.text:_CSMON_eSetParameterInRecorderAtPosition)
                  003ed38a    00000032                     : csmon.obj (.text:_CSMON_eSetParameterInScopeAtPosition)
                  003ed3bc    0000002e                     : hmserial.obj (.text:_HMSERIAL_vProcessSCIFreemasterOnly)
                  003ed3ea    0000002d                     : hmserial.obj (.text:_HMSERIAL_Listen)
                  003ed417    0000002d                     : hmrecparam.obj (.text:_RecorderTimeFromLocalDateTime)
                  003ed444    0000002b                     : hmrecparam.obj (.text:_FillTimeData)
                  003ed46f    0000002a     rts2800_ml.lib : fd_cmp28.asm.obj (.text)
                  003ed499    00000029                    : exit.c.obj (.text)
                  003ed4c2    00000029                    : fs_tol28.asm.obj (.text)
                  003ed4eb    00000028     CSMON_C28xx.lib : csmon.obj (.text:_CSMON_bAutorizationPasswordCheck)
                  003ed513    00000028                     : csmon.obj (.text:_CSMON_vSetupHoldingRegistersAndCoilsAddressTableAccessAll)
                  003ed53b    00000027                     : csmon.obj (.text:_CSMON_u32GetParameterCheckSum)
                  003ed562    00000027                     : hmserial.obj (.text:_HMSERIAL_vProcessSCITXISR)
                  003ed589    00000026                     : hmdrv.obj (.text:_HMDRV_CopyFromBufferInternalWithMaskModbus)
                  003ed5af    00000025                     : hmserial.obj (.text:_HMSERIAL_Tx)
                  003ed5d4    00000025     rts2800_ml.lib : fs_toi28.asm.obj (.text)
                  003ed5f9    00000024     CSMON_C28xx.lib : csmon.obj (.text:_CSMON_vAutorizationReset)
                  003ed61d    00000024                     : hmprotocol.obj (.text:_HMPROTOCOL_ReadMem)
                  003ed641    00000024                     : hmrecparam.obj (.text:_RecorderDateFromLocalDateTime)
                  003ed665    00000024     sci_driver.obj (.text:_SCIA_DRV_RXFIFOISR)
                  003ed689    00000024     sci_driver.obj (.text:_SCIA_DRV_TXFIFOISR)
                  003ed6ad    00000024     sci_drv.obj (.text:_SCIA_RXFIFOISR)
                  003ed6d1    00000024     sci_drv.obj (.text:_SCIA_TXFIFOISR)
                  003ed6f5    00000024     sci_driver.obj (.text:_SCIB_DRV_RXFIFOISR)
                  003ed719    00000024     sci_driver.obj (.text:_SCIB_DRV_TXFIFOISR)
                  003ed73d    00000024     sci_drv.obj (.text:_SCIB_RXFIFOISR)
                  003ed761    00000024     sci_drv.obj (.text:_SCIB_TXFIFOISR)
                  003ed785    00000024     tmr_drv.obj (.text:_TMR_vInit)
                  003ed7a9    00000024     CSMON_C28xx.lib : hmmodbus.obj (.text:_vSetSampleCountAvailable)
                  003ed7cd    00000024     rts2800_ml.lib : cpy_tbl.c.obj (.text)
                  003ed7f1    00000023     CSMON_C28xx.lib : csmon.obj (.text:_CSMON_vRecorderParamSetupProcess)
                  003ed814    00000023                     : csmon.obj (.text:_CSMON_vSaveRecorderConfig)
                  003ed837    00000023                     : modbusreg.obj (.text:_MODBUSREG_FileRecorderElementSizeTableUsedSizeUpdateInit)
                  003ed85a    00000023     rts2800_ml.lib : s_copysign.c.obj (.text)
                  003ed87d    00000022                    : i_div28.asm.obj (.text)
                  003ed89f    00000021     CSMON_C28xx.lib : hmdrv.obj (.text:_HMDRV_CopyFromBufferInternalWithMask)
                  003ed8c0    00000021     sci.obj (.text:_SCI_setConfig)
                  003ed8e1    00000021     rts2800_ml.lib : fd_tofs28.asm.obj (.text)
                  003ed902    00000021                    : fs_toul28.asm.obj (.text)
                  003ed923    00000020     CSMON_C28xx.lib : hmdrv.obj (.text:_HMDRV_vProcess)
                  003ed943    00000020     tmr_drv.obj (.text:_TMR_vInitCPUTimers)
                  003ed963    00000020     CSMON_C28xx.lib : hmmodbus.obj (.text:_vSetSampleCountBuffer)
                  003ed983    0000001f                     : csmon.obj (.text:_CSMON_u16FindIndexParameterTable)
                  003ed9a2    0000001f     F2806x_PieCtrl.obj (.text:_InitPieCtrl)
                  003ed9c1    0000001f     CSMON_C28xx.lib : hmmodbus.obj (.text:_vSetSampleSize)
                  003ed9e0    0000001f     rts2800_ml.lib : fd_tol28.asm.obj (.text)
                  003ed9ff    0000001d     CSMON_C28xx.lib : hmrecparam.obj (.text:_HMRECPRM_GetRecBuffFreemaster)
                  003eda1c    0000001d                     : hmrec.obj (.text:_HMREC_GetRecBuffFreemaster)
                  003eda39    0000001d     rts2800_ml.lib : fs_tou28.asm.obj (.text)
                  003eda56    0000001d                    : memcpy.c.obj (.text)
                  003eda73    0000001c     main.obj (.text:_CSMON_vGetDateTime)
                  003eda8f    0000001c     CSMON_C28xx.lib : csmon.obj (.text:_HMRECPRM_vGetDateTime)
                  003edaab    0000001c     sci.obj (.text:_SCI_clearInterruptStatus)
                  003edac7    0000001c     CSMON_C28xx.lib : hmmodbus.obj (.text:_vSetIndexFileTable)
                  003edae3    0000001c     rts2800_ml.lib : fs_tofd28.asm.obj (.text)
                  003edaff    0000001c                    : l_tofd28.asm.obj (.text)
                  003edb1b    0000001b     device.obj (.text:_Device_initGPIO)
                  003edb36    0000001b     CSMON_C28xx.lib : hmdrv.obj (.text:_HMDRV_AddressToBuffer)
                  003edb51    0000001b                     : hmmodbus.obj (.text:_HMMODBUS_vInit)
                  003edb6c    0000001b     rts2800_ml.lib : fd_toul28.asm.obj (.text)
                  003edb87    0000001a     CSMON_C28xx.lib : csmon.obj (.text:_CSMON_eSetParameterListRealAddress)
                  003edba1    0000001a                     : hmmodbus.obj (.text:_HMMODBUS_vProcessSCITXISR)
                  003edbbb    0000001a                     : hmrecparam.obj (.text:_HMRECPRM_StartRec)
                  003edbd5    0000001a                     : hmserial.obj (.text:_HMSERIAL_vProcessSCITXISRFreemasterOnly)
                  003edbef    0000001a     sci.obj (.text:_SCI_disableInterrupt)
                  003edc09    0000001a     sci.obj (.text:_SCI_enableInterrupt)
                  003edc23    0000001a     rts2800_ml.lib : l_tofs28.asm.obj (.text)
                  003edc3d    00000019     CSMON_C28xx.lib : csmon.obj (.text:_CSMON_eSetParameterCountInRecorder)
                  003edc56    00000019                     : hmdrv.obj (.text:_HMDRV_AddressFromBuffer)
                  003edc6f    00000019                     : uart_drv.obj (.text:_UART_vInit)
                  003edc88    00000019                     : hmmodbus.obj (.text:_bGetFileReadAccess)
                  003edca1    00000019     rts2800_ml.lib : prolog28.asm.obj (.text)
                  003edcba    00000018     CSMON_C28xx.lib : csmon.obj (.text:_CSMON_u32GetFreeRunningTimerMicroseconds)
                  003edcd2    00000018                     : hmlib.obj (.text:_HMLIB_vProcessSCITXISRWithIndex)
                  003edcea    00000018     F2806x_SysCtrl.obj (.text:_InitSysCtrl)
                  003edd02    00000018     rts2800_ml.lib : ll_aox28.asm.obj (.text)
                  003edd1a    00000017     CSMON_C28xx.lib : csmon.obj (.text:_CSMON_vFileParameterCountCheckSumUpdate)
                  003edd31    00000017                     : hmmodbus.obj (.text:_HMMODBUS_Tx)
                  003edd48    00000017                     : hmmodbus.obj (.text:_HMMODBUS_vProcessTxDelay)
                  003edd5f    00000017                     : hmprotocol.obj (.text:_HMPROTOCOL_WriteMem)
                  003edd76    00000017                     : hmprotocol.obj (.text:_HMPROTOCOL_WriteMemMask)
                  003edd8d    00000017                     : hmmodbus.obj (.text:_vSetBufferAddressStart)
                  003edda4    00000017     rts2800_ml.lib : fs_cmp28.asm.obj (.text)
                  003eddbb    00000017                    : u_tofd28.asm.obj (.text)
                  003eddd2    00000016     CSMON_C28xx.lib : csmon.obj (.text:_CSMON_eSetParameterCountInScope)
                  003edde8    00000016                     : hmdrv.obj (.text:_HMDRV_AddressFromBufferBigEndian)
                  003eddfe    00000015                     : hmrecparam.obj (.text:_HMRECPRM_Comparefloat)
                  003ede13    00000015                     : hmrec.obj (.text:_HMREC_Comparefloat)
                  003ede28    00000015                     : hmrec.obj (.text:_HMREC_StartRec)
                  003ede3d    00000015     F2806x_Gpio.obj (.text:_InitGpio)
                  003ede52    00000014     CSMON_C28xx.lib : hmlib.obj (.text:_HMLIB_vProcessFastTD)
                  003ede66    00000014                     : hmmodbus.obj (.text:_HMMODBUS_DelayedTx)
                  003ede7a    00000014                     : hmrecparam.obj (.text:_HMRECPRM_StopRecParam)
                  003ede8e    00000014                     : hmserial.obj (.text:_HMSERIAL_DelayedTx)
                  003edea2    00000013                     : csmon.obj (.text:_CSMON_eSetFlagProcessPassed)
                  003edeb5    00000013     rts2800_ml.lib : ul_tofs28.asm.obj (.text)
                  003edec8    00000012     CSMON_C28xx.lib : hmdrv.obj (.text:_HMDRV_GetStringLengthFromWordInternal)
                  003ededa    00000012                     : hmrecparam.obj (.text:_HMRECPRM_CompareBOOL)
                  003edeec    00000012                     : modbusreg.obj (.text:_MODBUSREG_vFileDenyAccess)
                  003edefe    00000012                     : uart_drv.obj (.text:_UART_TxIntDis)
                  003edf10    00000012                     : uart_drv.obj (.text:_UART_TxIntEna)
                  003edf22    00000011     main.obj (.text:_CSMON_vSetDateTime)
                  003edf33    00000011     CSMON_C28xx.lib : hmserial.obj (.text:_HMSERIAL_vInit)
                  003edf44    00000011     F2806x_PieVect.obj (.text:_InitPieVectTable)
                  003edf55    00000011     main.obj (.text:_vSetWatchdogPrescalerTimeDiv)
                  003edf66    00000011     rts2800_ml.lib : args_main.c.obj (.text)
                  003edf77    00000010     device.obj (.text:_Example_MemCopy)
                  003edf87    00000010     CSMON_C28xx.lib : hmlib.obj (.text:_HMLIB_vInitRecParamBuff)
                  003edf97    00000010                     : hmmodbus.obj (.text:_HMMODBUS_vSetupRegisterDummy)
                  003edfa7    00000010     F2806x_SysCtrl.obj (.text:_IntOsc1Sel)
                  003edfb7    00000010     CSMON_C28xx.lib : modbusreg.obj (.text:_MODBUSREG_vInitHoldingRegistersTableChanges)
                  003edfc7    00000010                     : hmmodbus.obj (.text:_bIsValidEndAddressInBuffer)
                  003edfd7    00000010                     : hmmodbus.obj (.text:_u32BytesMemoryToBytesModbus)
                  003edfe7    00000010                     : hmmodbus.obj (.text:_u32BytesModbusToBytesMemory)
                  003edff7    00000010     main.obj (.text:_vGetWatchdogPrescaler)
                  003ee007    00000010     rts2800_ml.lib : u_tofs28.asm.obj (.text)
                  003ee017    0000000f     CSMON_C28xx.lib : hmlib.obj (.text:_HMLIB_vProcessRecorders)
                  003ee026    0000000f                     : hmmodbus.obj (.text:_HMMODBUS_CalcCRC)
                  003ee035    0000000f                     : modbusreg.obj (.text:_MODBUSREG_vInitHoldingRegistersTableChangesExternalList)
                  003ee044    0000000f                     : uart_drv.obj (.text:_UART_IsTxEmpty)
                  003ee053    0000000e                     : hmdrv.obj (.text:_HMDRV_GetStringLengthInternal)
                  003ee061    0000000e                     : hmrecparam.obj (.text:_HMRECPRM_Compare16S)
                  003ee06f    0000000e                     : hmrecparam.obj (.text:_HMRECPRM_Compare16U)
                  003ee07d    0000000e                     : hmrecparam.obj (.text:_HMRECPRM_Compare32S)
                  003ee08b    0000000e                     : hmrecparam.obj (.text:_HMRECPRM_Compare32U)
                  003ee099    0000000e                     : hmrecparam.obj (.text:_HMRECPRM_Compare8S)
                  003ee0a7    0000000e                     : hmrecparam.obj (.text:_HMRECPRM_Compare8U)
                  003ee0b5    0000000e                     : hmrec.obj (.text:_HMREC_Compare16S)
                  003ee0c3    0000000e                     : hmrec.obj (.text:_HMREC_Compare16U)
                  003ee0d1    0000000e                     : hmrec.obj (.text:_HMREC_Compare32S)
                  003ee0df    0000000e                     : hmrec.obj (.text:_HMREC_Compare32U)
                  003ee0ed    0000000e                     : hmrec.obj (.text:_HMREC_Compare8S)
                  003ee0fb    0000000e                     : hmrec.obj (.text:_HMREC_Compare8U)
                  003ee109    0000000e                     : hmmodbus.obj (.text:_u32FitAddressCircleBufferInside)
                  003ee117    0000000e     rts2800_ml.lib : fd_sub28.asm.obj (.text)
                  003ee125    0000000d     CSMON_C28xx.lib : csmon.obj (.text:_CSMON_eResetParameterTable)
                  003ee132    0000000d                     : csmon.obj (.text:_CSMON_vInitHoldingRegistersTableChanges)
                  003ee13f    0000000d                     : hmrecparam.obj (.text:_HMRECPRM_IsJustStopped)
                  003ee14c    0000000d                     : hmrecparam.obj (.text:_HMRECPRM_StopRec)
                  003ee159    0000000d                     : hmrec.obj (.text:_HMREC_StopRec)
                  003ee166    0000000d                     : modbusreg.obj (.text:_MODBUSREG_vFileAllowAccess)
                  003ee173    0000000d     tmr_drv.obj (.text:_TIMER_vSetupTimerMainFunctionDelayCompare)
                  003ee180    0000000d     CSMON_C28xx.lib : uart_drv.obj (.text:_UART_ReadDataRxAvailable)
                  003ee18d    0000000c                     : hmlib.obj (.text:_HMLIB_vProcess)
                  003ee199    0000000c                     : hmrecparam.obj (.text:_HMRECPRM_GetBufferRecParamPtrAddress)
                  003ee1a5    0000000c                     : hmrecparam.obj (.text:_HMRECPRM_TriggerRec)
                  003ee1b1    0000000c                     : hmmodbus.obj (.text:_u32FixAddressCircleBufferOverflow)
                  003ee1bd    0000000c     rts2800_ml.lib : epilog28.asm.obj (.text)
                  003ee1c9    0000000b     CSMON_C28xx.lib : hmmodbus.obj (.text:_HMMODBUS_vProcessFastTD)
                  003ee1d4    0000000b                     : hmrecparam.obj (.text:_HMRECPRM_IsRunning)
                  003ee1df    0000000b                     : hmrecparam.obj (.text:_HMRECPRM_vResetAllStopDetections)
                  003ee1ea    0000000b                     : hmserial.obj (.text:_HMSERIAL_vProcessFastTD)
                  003ee1f5    0000000b                     : modbusreg.obj (.text:_MODBUSREG_vDataZero)
                  003ee200    0000000b     sci_driver.obj (.text:_SCI_DRV_eGetModuleIndexFromBase)
                  003ee20b    0000000b     sci_drv.obj (.text:_SCI_eGetModuleIndexFromBase)
                  003ee216    0000000b     CSMON_C28xx.lib : uart_drv.obj (.text:_UART_TxDis)
                  003ee221    0000000b                     : uart_drv.obj (.text:_UART_TxEna)
                  003ee22c    0000000b                     : hmmodbus.obj (.text:_bIsValidIndexFileTable)
                  003ee237    0000000b     rts2800_ml.lib : u_div28.asm.obj (.text)
                  003ee242    0000000a     CSMON_C28xx.lib : hmrecparam.obj (.text:_HMRECPRM_ClrLastStopDetectionToRecorderStopSamplesCounter)
                  003ee24c    0000000a                     : hmrecparam.obj (.text:_HMRECPRM_GetRecStatus)
                  003ee256    0000000a                     : hmrec.obj (.text:_HMREC_GetRecStatus)
                  003ee260    00000009                     : csmon.obj (.text:_CSMON_eSetServerOnStatus)
                  003ee269    00000009                     : hmmodbus.obj (.text:_HMMODBUS_vProcessFreeTimer)
                  003ee272    00000009                     : hmmodbus.obj (.text:_HMMODBUS_vProcessRxDelay)
                  003ee27b    00000009                     : hmrecparam.obj (.text:_HMRECPRM_GetExternBufferRecParamLastPointedAddress)
                  003ee284    00000009                     : hmrecparam.obj (.text:_HMRECPRM_GetExternBufferRecParamPtrAddress)
                  003ee28d    00000009                     : hmrecparam.obj (.text:_HMRECPRM_vDisableAllStopDetections)
                  003ee296    00000009                     : hmrec.obj (.text:_HMREC_TriggerRec)
                  003ee29f    00000009                     : hmscopeparam.obj (.text:_HMSCOPEPRM_GetBufferScopeParamAddress)
                  003ee2a8    00000009                     : hmserial.obj (.text:_HMSERIAL_vProcessFreeTimer)
                  003ee2b1    00000009     tmr_drv.obj (.text:_TIMER_vResetTimerMainFunctionDelayCounter)
                  003ee2ba    00000009     tmr_drv.obj (.text:_TIMER_vSetupTimerMainDelayedFunctionSendData)
                  003ee2c3    00000009     CSMON_C28xx.lib : uart_drv.obj (.text:_UART_PutChar)
                  003ee2cc    00000009                     : uart_drv.obj (.text:_UART_ReadDataRxTimeDiff)
                  003ee2d5    00000009     rts2800_ml.lib : _lock.c.obj (.text)
                  003ee2de    00000009                    : fd_neg28.asm.obj (.text)
                  003ee2e7    00000008     Example_Flash2806x_CsmKeys.obj (.text)
                  003ee2ef    00000008     F2806x_CodeStartBranch.obj (.text)
                  003ee2f7    00000008     CSMON_C28xx.lib : csmon.obj (.text:_CSMON_vInitScopes)
                  003ee2ff    00000008     F2806x_SysCtrl.obj (.text:_DisableDog)
                  003ee307    00000008     CSMON_C28xx.lib : hmdrv.obj (.text:_HMDRV_CopyFromBufferWithMaskModbus)
                  003ee30f    00000008                     : hmmodbus.obj (.text:_HMMODBUS_vSetupHoldingRegistersProcessFuncTable)
                  003ee317    00000008                     : hmmodbus.obj (.text:_HMMODBUS_vSetupHoldingRegistersRealAddressTable)
                  003ee31f    00000008                     : hmrecparam.obj (.text:_HMRECPRM_GetExternRecParamAddress)
                  003ee327    00000008                     : hmrecparam.obj (.text:_HMRECPRM_GetExternRecParamPtrMaximumUsedSampleCount)
                  003ee32f    00000008                     : hmrecparam.obj (.text:_HMRECPRM_GetExternRecParamPtrSampleSize)
                  003ee337    00000008                     : hmrecparam.obj (.text:_HMRECPRM_GetRecParamPtrAvailableSampleCount)
                  003ee33f    00000008                     : hmrecparam.obj (.text:_HMRECPRM_GetRecParamPtrLastSampleIndex)
                  003ee347    00000008                     : hmrecparam.obj (.text:_HMRECPRM_GetRecParamPtrMaximumUsedSampleCount)
                  003ee34f    00000008                     : hmrecparam.obj (.text:_HMRECPRM_GetRecParamPtrSampleSize)
                  003ee357    00000008                     : hmrecparam.obj (.text:_HMRECPRM_GetStatusRecParamAddress)
                  003ee35f    00000008                     : hmrecparam.obj (.text:_HMRECPRM_vInit)
                  003ee367    00000008                     : hmrec.obj (.text:_HMREC_vInit)
                  003ee36f    00000007     F2806x_DisInt.obj (.text)
                  003ee376    00000007     CSMON_C28xx.lib : hmlib.obj (.text:_HMLIB_vProcessDifferentPorts)
                  003ee37d    00000007                     : hmscopeparam.obj (.text:_HMSCOPEPRM_GetStatusScopeParamAddress)
                  003ee384    00000007     sci_driver.obj (.text:_SCI_DRV_u32GetBaseFromModuleIndex)
                  003ee38b    00000007     sci_drv.obj (.text:_SCI_u32GetBaseFromModuleIndex)
                  003ee392    00000006     cputimer.obj (.text:_CPUTimer_setEmulationMode)
                  003ee398    00000006     CSMON_C28xx.lib : hmmodbus.obj (.text:_HMMODBUS_vSetupHoldingRegistersAddressTable)
                  003ee39e    00000006                     : hmrecparam.obj (.text:_HMRECPRM_SetUpRecBuff)
                  003ee3a4    00000006                     : hmrec.obj (.text:_HMREC_SetUpRecBuff)
                  003ee3aa    00000006     tmr_drv.obj (.text:_TIMER_u16ResetTimerMainPeriod)
                  003ee3b0    00000006     uart_driver.obj (.text:_UART_DRV_GetChar)
                  003ee3b6    00000006     CSMON_C28xx.lib : uart_drv.obj (.text:_UART_GetChar)
                  003ee3bc    00000005     F2806x_DefaultIsr.obj (.text:_ADCINT1_ISR)
                  003ee3c1    00000005     F2806x_DefaultIsr.obj (.text:_ADCINT2_ISR)
                  003ee3c6    00000005     F2806x_DefaultIsr.obj (.text:_ADCINT3_ISR)
                  003ee3cb    00000005     F2806x_DefaultIsr.obj (.text:_ADCINT4_ISR)
                  003ee3d0    00000005     F2806x_DefaultIsr.obj (.text:_ADCINT5_ISR)
                  003ee3d5    00000005     F2806x_DefaultIsr.obj (.text:_ADCINT6_ISR)
                  003ee3da    00000005     F2806x_DefaultIsr.obj (.text:_ADCINT7_ISR)
                  003ee3df    00000005     F2806x_DefaultIsr.obj (.text:_ADCINT8_ISR)
                  003ee3e4    00000005     F2806x_DefaultIsr.obj (.text:_ADCINT9_ISR)
                  003ee3e9    00000005     F2806x_DefaultIsr.obj (.text:_CLA1_INT1_ISR)
                  003ee3ee    00000005     F2806x_DefaultIsr.obj (.text:_CLA1_INT2_ISR)
                  003ee3f3    00000005     F2806x_DefaultIsr.obj (.text:_CLA1_INT3_ISR)
                  003ee3f8    00000005     F2806x_DefaultIsr.obj (.text:_CLA1_INT4_ISR)
                  003ee3fd    00000005     F2806x_DefaultIsr.obj (.text:_CLA1_INT5_ISR)
                  003ee402    00000005     F2806x_DefaultIsr.obj (.text:_CLA1_INT6_ISR)
                  003ee407    00000005     F2806x_DefaultIsr.obj (.text:_CLA1_INT7_ISR)
                  003ee40c    00000005     F2806x_DefaultIsr.obj (.text:_CLA1_INT8_ISR)
                  003ee411    00000005     CSMON_C28xx.lib : csmon.obj (.text:_CSMON_eSetAutoServiceWatchdogInternalSlowCalculationsInMainLoop)
                  003ee416    00000005                     : csmon.obj (.text:_CSMON_eSetFirmwareApplicationVersion)
                  003ee41b    00000005                     : csmon.obj (.text:_CSMON_eSetMaxTimeInISR)
                  003ee420    00000005                     : csmon.obj (.text:_CSMON_eSetMinGuaranteedTimeBetweenTwoISRs)
                  003ee425    00000005                     : csmon.obj (.text:_CSMON_u16ParametersAccessListIndexGenerate)
                  003ee42a    00000005                     : csmon.obj (.text:_CSMON_u32GetFreeRunningTimerTicks)
                  003ee42f    00000005                     : csmon.obj (.text:_CSMON_u32GetParameterAuxCheckSum)
                  003ee434    00000005                     : csmon.obj (.text:_CSMON_u32GetParameterStringCheckSum)
                  003ee439    00000005                     : csmon.obj (.text:_CSMON_vSetDateTimeRequest)
                  003ee43e    00000005     F2806x_DefaultIsr.obj (.text:_DATALOG_ISR)
                  003ee443    00000005     F2806x_DefaultIsr.obj (.text:_DINTCH1_ISR)
                  003ee448    00000005     F2806x_DefaultIsr.obj (.text:_DINTCH2_ISR)
                  003ee44d    00000005     F2806x_DefaultIsr.obj (.text:_DINTCH3_ISR)
                  003ee452    00000005     F2806x_DefaultIsr.obj (.text:_DINTCH4_ISR)
                  003ee457    00000005     F2806x_DefaultIsr.obj (.text:_DINTCH5_ISR)
                  003ee45c    00000005     F2806x_DefaultIsr.obj (.text:_DINTCH6_ISR)
                  003ee461    00000005     F2806x_DefaultIsr.obj (.text:_ECAN0INTA_ISR)
                  003ee466    00000005     F2806x_DefaultIsr.obj (.text:_ECAN1INTA_ISR)
                  003ee46b    00000005     F2806x_DefaultIsr.obj (.text:_ECAP1_INT_ISR)
                  003ee470    00000005     F2806x_DefaultIsr.obj (.text:_ECAP2_INT_ISR)
                  003ee475    00000005     F2806x_DefaultIsr.obj (.text:_ECAP3_INT_ISR)
                  003ee47a    00000005     F2806x_DefaultIsr.obj (.text:_EMPTY_ISR)
                  003ee47f    00000005     F2806x_DefaultIsr.obj (.text:_EMUINT_ISR)
                  003ee484    00000005     F2806x_DefaultIsr.obj (.text:_EPWM1_INT_ISR)
                  003ee489    00000005     F2806x_DefaultIsr.obj (.text:_EPWM1_TZINT_ISR)
                  003ee48e    00000005     F2806x_DefaultIsr.obj (.text:_EPWM2_INT_ISR)
                  003ee493    00000005     F2806x_DefaultIsr.obj (.text:_EPWM2_TZINT_ISR)
                  003ee498    00000005     F2806x_DefaultIsr.obj (.text:_EPWM3_INT_ISR)
                  003ee49d    00000005     F2806x_DefaultIsr.obj (.text:_EPWM3_TZINT_ISR)
                  003ee4a2    00000005     F2806x_DefaultIsr.obj (.text:_EPWM4_INT_ISR)
                  003ee4a7    00000005     F2806x_DefaultIsr.obj (.text:_EPWM4_TZINT_ISR)
                  003ee4ac    00000005     F2806x_DefaultIsr.obj (.text:_EPWM5_INT_ISR)
                  003ee4b1    00000005     F2806x_DefaultIsr.obj (.text:_EPWM5_TZINT_ISR)
                  003ee4b6    00000005     F2806x_DefaultIsr.obj (.text:_EPWM6_INT_ISR)
                  003ee4bb    00000005     F2806x_DefaultIsr.obj (.text:_EPWM6_TZINT_ISR)
                  003ee4c0    00000005     F2806x_DefaultIsr.obj (.text:_EPWM7_INT_ISR)
                  003ee4c5    00000005     F2806x_DefaultIsr.obj (.text:_EPWM7_TZINT_ISR)
                  003ee4ca    00000005     F2806x_DefaultIsr.obj (.text:_EPWM8_INT_ISR)
                  003ee4cf    00000005     F2806x_DefaultIsr.obj (.text:_EPWM8_TZINT_ISR)
                  003ee4d4    00000005     F2806x_DefaultIsr.obj (.text:_EQEP1_INT_ISR)
                  003ee4d9    00000005     F2806x_DefaultIsr.obj (.text:_EQEP2_INT_ISR)
                  003ee4de    00000005     CSMON_C28xx.lib : hmlib.obj (.text:_HMLIB_vProcessSamePort)
                  003ee4e3    00000005                     : hmlib.obj (.text:_HMLIB_vRecorder0)
                  003ee4e8    00000005                     : hmlib.obj (.text:_HMLIB_vRecorder1)
                  003ee4ed    00000005                     : hmlib.obj (.text:_HMLIB_vRecorder2)
                  003ee4f2    00000005                     : hmmodbus.obj (.text:_HMMODBUS_bGetReceivedMessage)
                  003ee4f7    00000005                     : hmmodbus.obj (.text:_HMMODBUS_vFileTable)
                  003ee4fc    00000005     F2806x_DefaultIsr.obj (.text:_HRCAP1_INT_ISR)
                  003ee501    00000005     F2806x_DefaultIsr.obj (.text:_HRCAP2_INT_ISR)
                  003ee506    00000005     F2806x_DefaultIsr.obj (.text:_HRCAP3_INT_ISR)
                  003ee50b    00000005     F2806x_DefaultIsr.obj (.text:_HRCAP4_INT_ISR)
                  003ee510    00000005     F2806x_DefaultIsr.obj (.text:_I2CINT1A_ISR)
                  003ee515    00000005     F2806x_DefaultIsr.obj (.text:_I2CINT2A_ISR)
                  003ee51a    00000005     F2806x_DefaultIsr.obj (.text:_ILLEGAL_ISR)
                  003ee51f    00000005     F2806x_DefaultIsr.obj (.text:_INT13_ISR)
                  003ee524    00000005     F2806x_DefaultIsr.obj (.text:_INT14_ISR)
                  003ee529    00000005     interrupt.obj (.text:_IntDefaultHandler)
                  003ee52e    00000005     F2806x_DefaultIsr.obj (.text:_LUF_ISR)
                  003ee533    00000005     F2806x_DefaultIsr.obj (.text:_LVF_ISR)
                  003ee538    00000005     CSMON_C28xx.lib : modbusreg.obj (.text:_MODBUSREG_vSetTableRealAddressInRam)
                  003ee53d    00000005     F2806x_DefaultIsr.obj (.text:_MRINTA_ISR)
                  003ee542    00000005     F2806x_DefaultIsr.obj (.text:_MXINTA_ISR)
                  003ee547    00000005     F2806x_DefaultIsr.obj (.text:_NMI_ISR)
                  003ee54c    00000005     F2806x_DefaultIsr.obj (.text:_PIE_RESERVED)
                  003ee551    00000005     F2806x_DefaultIsr.obj (.text:_RTOSINT_ISR)
                  003ee556    00000005     F2806x_DefaultIsr.obj (.text:_SCIRXINTA_ISR)
                  003ee55b    00000005     F2806x_DefaultIsr.obj (.text:_SCIRXINTB_ISR)
                  003ee560    00000005     F2806x_DefaultIsr.obj (.text:_SCITXINTA_ISR)
                  003ee565    00000005     F2806x_DefaultIsr.obj (.text:_SCITXINTB_ISR)
                  003ee56a    00000005     F2806x_DefaultIsr.obj (.text:_SPIRXINTA_ISR)
                  003ee56f    00000005     F2806x_DefaultIsr.obj (.text:_SPIRXINTB_ISR)
                  003ee574    00000005     F2806x_DefaultIsr.obj (.text:_SPITXINTA_ISR)
                  003ee579    00000005     F2806x_DefaultIsr.obj (.text:_SPITXINTB_ISR)
                  003ee57e    00000005     tmr_drv.obj (.text:_TIMER_vSetupTimerMainDelayedData)
                  003ee583    00000005     F2806x_DefaultIsr.obj (.text:_TINT0_ISR)
                  003ee588    00000005     F2806x_DefaultIsr.obj (.text:_USB0_INT_ISR)
                  003ee58d    00000005     F2806x_DefaultIsr.obj (.text:_USER10_ISR)
                  003ee592    00000005     F2806x_DefaultIsr.obj (.text:_USER11_ISR)
                  003ee597    00000005     F2806x_DefaultIsr.obj (.text:_USER12_ISR)
                  003ee59c    00000005     F2806x_DefaultIsr.obj (.text:_USER1_ISR)
                  003ee5a1    00000005     F2806x_DefaultIsr.obj (.text:_USER2_ISR)
                  003ee5a6    00000005     F2806x_DefaultIsr.obj (.text:_USER3_ISR)
                  003ee5ab    00000005     F2806x_DefaultIsr.obj (.text:_USER4_ISR)
                  003ee5b0    00000005     F2806x_DefaultIsr.obj (.text:_USER5_ISR)
                  003ee5b5    00000005     F2806x_DefaultIsr.obj (.text:_USER6_ISR)
                  003ee5ba    00000005     F2806x_DefaultIsr.obj (.text:_USER7_ISR)
                  003ee5bf    00000005     F2806x_DefaultIsr.obj (.text:_USER8_ISR)
                  003ee5c4    00000005     F2806x_DefaultIsr.obj (.text:_USER9_ISR)
                  003ee5c9    00000005     F2806x_DefaultIsr.obj (.text:_WAKEINT_ISR)
                  003ee5ce    00000005     F2806x_DefaultIsr.obj (.text:_XINT1_ISR)
                  003ee5d3    00000005     F2806x_DefaultIsr.obj (.text:_XINT2_ISR)
                  003ee5d8    00000005     F2806x_DefaultIsr.obj (.text:_XINT3_ISR)
                  003ee5dd    00000005     F2806x_DefaultIsr.obj (.text:_rsvd_ISR)
                  003ee5e2    00000005     rts2800_ml.lib : fs_neg28.asm.obj (.text)
                  003ee5e7    00000004     CSMON_C28xx.lib : csmon.obj (.text:_CSMON_eApplyParameterChanges)
                  003ee5eb    00000004                     : csmon.obj (.text:_CSMON_eRegisterWriteParElementCallbackFunction)
                  003ee5ef    00000004                     : csmon.obj (.text:_CSMON_eSetInternalTimerPeriod)
                  003ee5f3    00000004                     : csmon.obj (.text:_CSMON_eSetTimerPeriodISRFunctionRegister)
                  003ee5f7    00000004                     : csmon.obj (.text:_CSMON_u32GetBaudError_PPM)
                  003ee5fb    00000004                     : csmon.obj (.text:_CSMON_vAddSetupRecorderParameterMask)
                  003ee5ff    00000004                     : csmon.obj (.text:_CSMON_vSetStartRecorderParameterMask)
                  003ee603    00000004                     : hmdrv.obj (.text:_HMDRV_SetExAddr)
                  003ee607    00000004                     : hmdrv.obj (.text:_HMDRV_u32GetDeviceSYSCLKFreq)
                  003ee60b    00000004                     : hmdrv.obj (.text:_HMDRV_u32GetSCIErrorPPM)
                  003ee60f    00000004                     : hmlib.obj (.text:_HMLIB_vRecorderParam0)
                  003ee613    00000004                     : hmlib.obj (.text:_HMLIB_vRecorderParam1)
                  003ee617    00000004                     : hmlib.obj (.text:_HMLIB_vRecorderParam2)
                  003ee61b    00000004                     : hmmodbus.obj (.text:_HMMODBUS_u32GetAddressMessageCounterThisDevice)
                  003ee61f    00000004                     : hmmodbus.obj (.text:_HMMODBUS_vSetAddressMessageCounterThisDevice)
                  003ee623    00000004                     : hmmodbus.obj (.text:_HMMODBUS_vSetDeviceIDMajorMinorRevision)
                  003ee627    00000004                     : hmmodbus.obj (.text:_HMMODBUS_vSetDeviceIDMajorMinorRevisionLength)
                  003ee62b    00000004                     : hmmodbus.obj (.text:_HMMODBUS_vSetDeviceIDModelName)
                  003ee62f    00000004                     : hmmodbus.obj (.text:_HMMODBUS_vSetDeviceIDModelNameLength)
                  003ee633    00000004                     : hmmodbus.obj (.text:_HMMODBUS_vSetDeviceIDProductCode)
                  003ee637    00000004                     : hmmodbus.obj (.text:_HMMODBUS_vSetDeviceIDProductCodeLength)
                  003ee63b    00000004                     : hmmodbus.obj (.text:_HMMODBUS_vSetDeviceIDProductName)
                  003ee63f    00000004                     : hmmodbus.obj (.text:_HMMODBUS_vSetDeviceIDProductNameLength)
                  003ee643    00000004                     : hmmodbus.obj (.text:_HMMODBUS_vSetDeviceIDUserApplicationName)
                  003ee647    00000004                     : hmmodbus.obj (.text:_HMMODBUS_vSetDeviceIDUserApplicationNameLength)
                  003ee64b    00000004                     : hmmodbus.obj (.text:_HMMODBUS_vSetDeviceIDUserReserve0)
                  003ee64f    00000004                     : hmmodbus.obj (.text:_HMMODBUS_vSetDeviceIDUserReserve0Length)
                  003ee653    00000004                     : hmmodbus.obj (.text:_HMMODBUS_vSetDeviceIDUserReserve1)
                  003ee657    00000004                     : hmmodbus.obj (.text:_HMMODBUS_vSetDeviceIDUserReserve1Length)
                  003ee65b    00000004                     : hmmodbus.obj (.text:_HMMODBUS_vSetDeviceIDUserReserve2)
                  003ee65f    00000004                     : hmmodbus.obj (.text:_HMMODBUS_vSetDeviceIDUserReserve2Length)
                  003ee663    00000004                     : hmmodbus.obj (.text:_HMMODBUS_vSetDeviceIDVendorName)
                  003ee667    00000004                     : hmmodbus.obj (.text:_HMMODBUS_vSetDeviceIDVendorNameLength)
                  003ee66b    00000004                     : hmmodbus.obj (.text:_HMMODBUS_vSetDeviceIDVendorUrl)
                  003ee66f    00000004                     : hmmodbus.obj (.text:_HMMODBUS_vSetDeviceIDVendorUrlLength)
                  003ee673    00000004                     : hmmodbus.obj (.text:_HMMODBUS_vSetServerIDDataAddress)
                  003ee677    00000004                     : hmmodbus.obj (.text:_HMMODBUS_vSetServerIDLength)
                  003ee67b    00000004                     : hmmodbus.obj (.text:_HMMODBUS_vSetServerIDNumber)
                  003ee67f    00000004                     : hmmodbus.obj (.text:_HMMODBUS_vSetServerOnStatus)
                  003ee683    00000004                     : hmmodbus.obj (.text:_HMMODBUS_vSetupHoldingRegistersAccessTableInRam)
                  003ee687    00000004                     : hmmodbus.obj (.text:_HMMODBUS_vSetupWriteParElementCallbackFunction)
                  003ee68b    00000004     interrupt.obj (.text:_IntMasterDisable)
                  003ee68f    00000004     interrupt.obj (.text:_IntMasterEnable)
                  003ee693    00000004     CSMON_C28xx.lib : modbusreg.obj (.text:_MODBUSREG_u16GetHoldRegFillCount)
                  003ee697    00000004                     : modbusreg.obj (.text:_MODBUSREG_u16GetHoldRegUsedCount)
                  003ee69b    00000004                     : modbusreg.obj (.text:_MODBUSREG_u32GetRegisterAccessTableInRam)
                  003ee69f    00000004                     : modbusreg.obj (.text:_MODBUSREG_u32GetRegisterAddressTable)
                  003ee6a3    00000004                     : modbusreg.obj (.text:_MODBUSREG_vSetFileAutorization_FunctionAfterWriteFileRecordTable)
                  003ee6a7    00000004                     : modbusreg.obj (.text:_MODBUSREG_vSetFileParamCount_FunctionBeforeReadFileRecord)
                  003ee6ab    00000004                     : modbusreg.obj (.text:_MODBUSREG_vSetFileRTC_FunctionAfterReadFileRecord)
                  003ee6af    00000004                     : modbusreg.obj (.text:_MODBUSREG_vSetFileRTC_FunctionAfterWriteFileRecord)
                  003ee6b3    00000004                     : modbusreg.obj (.text:_MODBUSREG_vSetFileRecConfig_FunctionAfterWriteFileRecord)
                  003ee6b7    00000004                     : modbusreg.obj (.text:_MODBUSREG_vSetFileRecStatus_FunctionIndexGenerationFileRecord)
                  003ee6bb    00000004                     : modbusreg.obj (.text:_MODBUSREG_vSetHoldRegFillCount)
                  003ee6bf    00000004                     : modbusreg.obj (.text:_MODBUSREG_vSetParamCount)
                  003ee6c3    00000004                     : modbusreg.obj (.text:_MODBUSREG_vSetParamListAddress)
                  003ee6c7    00000004                     : modbusreg.obj (.text:_MODBUSREG_vSetParamNameAddress)
                  003ee6cb    00000004                     : modbusreg.obj (.text:_MODBUSREG_vSetParamNumbAddress)
                  003ee6cf    00000004                     : modbusreg.obj (.text:_MODBUSREG_vSetParamRecorderConfigAddress)
                  003ee6d3    00000004                     : modbusreg.obj (.text:_MODBUSREG_vSetParamScopeConfigAddress)
                  003ee6d7    00000004     tmr_drv.obj (.text:_TIMER_vGetTimerMainRollingCounter)
                  003ee6db    00000004     tmr_drv.obj (.text:_TIMER_vSetupTimerMainCSMONFunction)
                  003ee6df    00000004     tmr_drv.obj (.text:_TMR_u16GetFreeRunTimerPrescaller)
                  003ee6e3    00000004     CSMON_C28xx.lib : hmmodbus.obj (.text:_bGetElementsDifference)
                  003ee6e7    00000004                     : hmmodbus.obj (.text:_u16GetIndexFileTable)
                  003ee6eb    00000004                     : hmmodbus.obj (.text:_u32GetBufferAddressStart)
                  003ee6ef    00000004                     : hmmodbus.obj (.text:_u32GetBufferSize)
                  003ee6f3    00000004                     : hmmodbus.obj (.text:_u32GetSampleCountAvailable)
                  003ee6f7    00000004                     : hmmodbus.obj (.text:_u32GetSampleCountBuffer)
                  003ee6fb    00000004                     : hmmodbus.obj (.text:_u32GetStartSampleIndex)
                  003ee6ff    00000004                     : hmmodbus.obj (.text:_u8GetSampleSize)
                  003ee703    00000004                     : hmmodbus.obj (.text:_vSetBufferSize)
                  003ee707    00000003     F2806x_DBGIER.obj (.text)
                  003ee70a    00000003     CSMON_C28xx.lib : csmon.obj (.text:_CSMON_u32GetModbusMessageCounterRegisterRealAddress)
                  003ee70d    00000003                     : csmon.obj (.text:_CSMON_vSetModbusMessageCounterRegisterRealAddress)
                  003ee710    00000003                     : hmlib.obj (.text:_HMLIB_vRecorderParamTimeSync)
                  003ee713    00000003                     : hmrecparam.obj (.text:_HMRECPRM_GetTimeBase)
                  003ee716    00000003                     : modbusreg.obj (.text:_MODBUSREG_u32GetAddressMessageCounterThisDevice)
                  003ee719    00000003                     : modbusreg.obj (.text:_MODBUSREG_vSetAddressMessageCounterThisDevice)
                  003ee71c    00000003                     : uart_drv.obj (.text:_UART_TXInterrupt)
                  003ee71f    00000002                     : csmon.obj (.text:_CSMON_eSetParameterListCntBitEleSz)
                  003ee721    00000002                     : csmon.obj (.text:_CSMON_eSetParameterListDataDefault)
                  003ee723    00000002                     : csmon.obj (.text:_CSMON_eSetParameterListDataMaximum)
                  003ee725    00000002                     : csmon.obj (.text:_CSMON_eSetParameterListDataMinimum)
                  003ee727    00000002                     : csmon.obj (.text:_CSMON_eSetParameterListParamAttrib)
                  003ee729    00000002                     : csmon.obj (.text:_CSMON_eSetParameterListParameterID)
                  003ee72b    00000002                     : csmon.obj (.text:_CSMON_eSetParameterListShortNaming)
                  003ee72d    00000002                     : csmon.obj (.text:_CSMON_eSetParameterListStBitEleCnt)
                  003ee72f    00000002                     : csmon.obj (.text:_CSMON_eSetParameterListStringUnits)
                  003ee731    00000002                     : csmon.obj (.text:_CSMON_eSetParameterListValueFormat)
                  003ee733    00000002                     : csmon.obj (.text:_CSMON_u32GetParameterListCheckSum)
                  003ee735    00000002                     : hmrecparam.obj (.text:_HMRECPRM_AbortRec)
                  003ee737    00000002                     : hmrecparam.obj (.text:_HMRECPRM_GetRecBuffSize)
                  003ee739    00000002                     : hmrec.obj (.text:_HMREC_AbortRec)
                  003ee73b    00000002                     : hmrec.obj (.text:_HMREC_GetRecBuffSize)
                  003ee73d    00000002     main.obj (.text:_eWriteParElement)
                  003ee73f    00000002     rts2800_ml.lib : pre_init.c.obj (.text)
                  003ee741    00000001     CSMON_C28xx.lib : hmprotocol.obj (.text:_HMPROTOCOL_vInit)
                  003ee742    00000001     uart_driver.obj (.text:_UART_DRV_TXInterrupt)
                  003ee743    00000001     rts2800_ml.lib : startup.c.obj (.text)

ramfuncs   0    003ee744    00000029     RUN ADDR = 00008000
                  003ee744    0000001d     F2806x_SysCtrl.obj (ramfuncs:_InitFlash)
                  003ee761    00000008     device.obj (ramfuncs:_MyCallbackFunction)
                  003ee769    00000004     F2806x_usDelay.obj (ramfuncs)

csm_rsvd   0    003f7f80    00000076     
                  003f7f80    00000076     F2806x_CSMPasswords.obj (csm_rsvd)

codestart 
*          0    003f7ff6    00000002     
                  003f7ff6    00000002     F2806x_CodeStartBranch.obj (codestart)

csmpasswds 
*          0    003f7ff8    00000008     
                  003f7ff8    00000008     F2806x_CSMPasswords.obj (csmpasswds)

.stack     1    00000050    00000380     UNINITIALIZED
                  00000050    00000380     --HOLE--

.econst    0    003ee76e    00005519     
                  003ee76e    00005000     main.obj (.econst:_asParameterList)
                  003f376e    00000100     CSMON_C28xx.lib : hmmodbus.obj (.econst:.string:_auchCRCHi)
                  003f386e    00000100                     : hmmodbus.obj (.econst:.string:_auchCRCLo)
                  003f396e    00000100     F2806x_PieVect.obj (.econst:_PieVectTableInit)
                  003f3a6e    00000084     rts2800_ml.lib : k_rem_pio2.c.obj (.econst:_ipio2)
                  003f3af2    00000050     CSMON_C28xx.lib : csmon.obj (.econst:_CSMON_asAccessLevelPasswords)
                  003f3b42    0000002c     rts2800_ml.lib : k_rem_pio2.c.obj (.econst)
                  003f3b6e    00000028                    : k_cosf.c.obj (.econst)
                  003f3b96    00000020                    : k_rem_pio2.c.obj (.econst:_PIo2)
                  003f3bb6    00000020                    : k_sinf.c.obj (.econst)
                  003f3bd6    0000001c                    : e_rem_pio2f.c.obj (.econst)
                  003f3bf2    0000001c                    : s_scalbn.c.obj (.econst)
                  003f3c0e    00000018     CSMON_C28xx.lib : csmon.obj (.econst:_$P$T9$2)
                  003f3c26    00000018     rts2800_ml.lib : s_sinf.c.obj (.econst)
                  003f3c3e    00000014     CSMON_C28xx.lib : csmon.obj (.econst:_CSMON_au8FileImplementedFunctionCodes)
                  003f3c52    00000010     main.obj (.econst)
                  003f3c62    0000000c     CSMON_C28xx.lib : hmprotocol.obj (.econst:.string)
                  003f3c6e    0000000c     rts2800_ml.lib : s_floor.c.obj (.econst)
                  003f3c7a    00000006     CSMON_C28xx.lib : csmon.obj (.econst:_$P$T8$1)
                  003f3c80    00000004     rts2800_ml.lib : k_rem_pio2.c.obj (.econst:_init_jk)
                  003f3c84    00000003     CSMON_C28xx.lib : csmon.obj (.econst:_CSMON_au8FileParameterListElementsCountInPartTable)

.switch    0    003f448e    00000020     
                  003f448e    00000020     CSMON_C28xx.lib : csmon.obj (.switch:_CSMON_eSetParameter)

.reset     0    003fffc0    00000002     DSECT
                  003fffc0    00000002     rts2800_ml.lib : boot28.asm.obj (.reset)

vectors    0    003fffc2    00000000     DSECT

DevEmuRegsFile 
*          1    00000880    00000004     UNINITIALIZED
                  00000880    00000004     F2806x_GlobalVariableDefs.obj (DevEmuRegsFile)

SysPwrCtrlRegsFile 
*          1    00000985    00000003     UNINITIALIZED
                  00000985    00000003     F2806x_GlobalVariableDefs.obj (SysPwrCtrlRegsFile)

FlashRegsFile 
*          1    00000a80    00000008     UNINITIALIZED
                  00000a80    00000008     F2806x_GlobalVariableDefs.obj (FlashRegsFile)

CsmRegsFile 
*          1    00000ae0    00000010     UNINITIALIZED
                  00000ae0    00000010     F2806x_GlobalVariableDefs.obj (CsmRegsFile)

AdcResultFile 
*          1    00000b00    00000010     UNINITIALIZED
                  00000b00    00000010     F2806x_GlobalVariableDefs.obj (AdcResultFile)

CpuTimer0RegsFile 
*          1    00000c00    00000008     UNINITIALIZED
                  00000c00    00000008     F2806x_GlobalVariableDefs.obj (CpuTimer0RegsFile)

CpuTimer1RegsFile 
*          1    00000c08    00000008     UNINITIALIZED
                  00000c08    00000008     F2806x_GlobalVariableDefs.obj (CpuTimer1RegsFile)

CpuTimer2RegsFile 
*          1    00000c10    00000008     UNINITIALIZED
                  00000c10    00000008     F2806x_GlobalVariableDefs.obj (CpuTimer2RegsFile)

PieCtrlRegsFile 
*          1    00000ce0    0000001a     UNINITIALIZED
                  00000ce0    0000001a     F2806x_GlobalVariableDefs.obj (PieCtrlRegsFile)

PieVectTableFile 
*          1    00000d00    00000100     UNINITIALIZED
                  00000d00    00000100     F2806x_GlobalVariableDefs.obj (PieVectTableFile)

EmuKeyVar 
*          1    00000d00    00000001     UNINITIALIZED
                  00000d00    00000001     F2806x_GlobalVariableDefs.obj (EmuKeyVar)

EmuBModeVar 
*          1    00000d01    00000001     UNINITIALIZED
                  00000d01    00000001     F2806x_GlobalVariableDefs.obj (EmuBModeVar)

FlashCallbackVar 
*          1    00000d02    00000002     UNINITIALIZED
                  00000d02    00000002     F2806x_GlobalVariableDefs.obj (FlashCallbackVar)

FlashScalingVar 
*          1    00000d04    00000002     UNINITIALIZED
                  00000d04    00000002     F2806x_GlobalVariableDefs.obj (FlashScalingVar)

DmaRegsFile 
*          1    00001000    000000e0     UNINITIALIZED
                  00001000    000000e0     F2806x_GlobalVariableDefs.obj (DmaRegsFile)

Cla1RegsFile 
*          1    00001400    00000040     UNINITIALIZED
                  00001400    00000040     F2806x_GlobalVariableDefs.obj (Cla1RegsFile)

Usb0RegsFile 
*          1    00004000    00000454     UNINITIALIZED
                  00004000    00000454     F2806x_GlobalVariableDefs.obj (Usb0RegsFile)

McbspaRegsFile 
*          1    00005000    00000024     UNINITIALIZED
                  00005000    00000024     F2806x_GlobalVariableDefs.obj (McbspaRegsFile)

ECanaRegsFile 
*          1    00006000    00000034     UNINITIALIZED
                  00006000    00000034     F2806x_GlobalVariableDefs.obj (ECanaRegsFile)

ECanaLAMRegsFile 
*          1    00006040    00000040     UNINITIALIZED
                  00006040    00000040     F2806x_GlobalVariableDefs.obj (ECanaLAMRegsFile)

ECanaMOTSRegsFile 
*          1    00006080    00000040     UNINITIALIZED
                  00006080    00000040     F2806x_GlobalVariableDefs.obj (ECanaMOTSRegsFile)

ECanaMOTORegsFile 
*          1    000060c0    00000040     UNINITIALIZED
                  000060c0    00000040     F2806x_GlobalVariableDefs.obj (ECanaMOTORegsFile)

ECanaMboxesFile 
*          1    00006100    00000100     UNINITIALIZED
                  00006100    00000100     F2806x_GlobalVariableDefs.obj (ECanaMboxesFile)

Comp1RegsFile 
*          1    00006400    00000014     UNINITIALIZED
                  00006400    00000014     F2806x_GlobalVariableDefs.obj (Comp1RegsFile)

Comp2RegsFile 
*          1    00006420    00000014     UNINITIALIZED
                  00006420    00000014     F2806x_GlobalVariableDefs.obj (Comp2RegsFile)

Comp3RegsFile 
*          1    00006440    00000014     UNINITIALIZED
                  00006440    00000014     F2806x_GlobalVariableDefs.obj (Comp3RegsFile)

EPwm1RegsFile 
*          1    00006800    00000040     UNINITIALIZED
                  00006800    00000040     F2806x_GlobalVariableDefs.obj (EPwm1RegsFile)

EPwm2RegsFile 
*          1    00006840    00000040     UNINITIALIZED
                  00006840    00000040     F2806x_GlobalVariableDefs.obj (EPwm2RegsFile)

EPwm3RegsFile 
*          1    00006880    00000040     UNINITIALIZED
                  00006880    00000040     F2806x_GlobalVariableDefs.obj (EPwm3RegsFile)

EPwm4RegsFile 
*          1    000068c0    00000040     UNINITIALIZED
                  000068c0    00000040     F2806x_GlobalVariableDefs.obj (EPwm4RegsFile)

EPwm5RegsFile 
*          1    00006900    00000040     UNINITIALIZED
                  00006900    00000040     F2806x_GlobalVariableDefs.obj (EPwm5RegsFile)

EPwm6RegsFile 
*          1    00006940    00000040     UNINITIALIZED
                  00006940    00000040     F2806x_GlobalVariableDefs.obj (EPwm6RegsFile)

EPwm7RegsFile 
*          1    00006980    00000040     UNINITIALIZED
                  00006980    00000040     F2806x_GlobalVariableDefs.obj (EPwm7RegsFile)

EPwm8RegsFile 
*          1    000069c0    00000040     UNINITIALIZED
                  000069c0    00000040     F2806x_GlobalVariableDefs.obj (EPwm8RegsFile)

ECap1RegsFile 
*          1    00006a00    00000020     UNINITIALIZED
                  00006a00    00000020     F2806x_GlobalVariableDefs.obj (ECap1RegsFile)

ECap2RegsFile 
*          1    00006a20    00000020     UNINITIALIZED
                  00006a20    00000020     F2806x_GlobalVariableDefs.obj (ECap2RegsFile)

ECap3RegsFile 
*          1    00006a40    00000020     UNINITIALIZED
                  00006a40    00000020     F2806x_GlobalVariableDefs.obj (ECap3RegsFile)

HRCap1RegsFile 
*          1    00006ac0    00000020     UNINITIALIZED
                  00006ac0    00000020     F2806x_GlobalVariableDefs.obj (HRCap1RegsFile)

HRCap2RegsFile 
*          1    00006ae0    00000020     UNINITIALIZED
                  00006ae0    00000020     F2806x_GlobalVariableDefs.obj (HRCap2RegsFile)

EQep1RegsFile 
*          1    00006b00    00000022     UNINITIALIZED
                  00006b00    00000022     F2806x_GlobalVariableDefs.obj (EQep1RegsFile)

EQep2RegsFile 
*          1    00006b40    00000022     UNINITIALIZED
                  00006b40    00000022     F2806x_GlobalVariableDefs.obj (EQep2RegsFile)

HRCap3RegsFile 
*          1    00006c80    00000020     UNINITIALIZED
                  00006c80    00000020     F2806x_GlobalVariableDefs.obj (HRCap3RegsFile)

HRCap4RegsFile 
*          1    00006ca0    00000020     UNINITIALIZED
                  00006ca0    00000020     F2806x_GlobalVariableDefs.obj (HRCap4RegsFile)

GpioCtrlRegsFile 
*          1    00006f80    00000040     UNINITIALIZED
                  00006f80    00000040     F2806x_GlobalVariableDefs.obj (GpioCtrlRegsFile)

GpioDataRegsFile 
*          1    00006fc0    00000020     UNINITIALIZED
                  00006fc0    00000020     F2806x_GlobalVariableDefs.obj (GpioDataRegsFile)

GpioIntRegsFile 
*          1    00006fe0    00000020     UNINITIALIZED
                  00006fe0    00000020     F2806x_GlobalVariableDefs.obj (GpioIntRegsFile)

SysCtrlRegsFile 
*          1    00007010    00000030     UNINITIALIZED
                  00007010    00000030     F2806x_GlobalVariableDefs.obj (SysCtrlRegsFile)

SpiaRegsFile 
*          1    00007040    00000010     UNINITIALIZED
                  00007040    00000010     F2806x_GlobalVariableDefs.obj (SpiaRegsFile)

SciaRegsFile 
*          1    00007050    00000010     UNINITIALIZED
                  00007050    00000010     F2806x_GlobalVariableDefs.obj (SciaRegsFile)

NmiIntruptRegsFile 
*          1    00007060    00000010     UNINITIALIZED
                  00007060    00000010     F2806x_GlobalVariableDefs.obj (NmiIntruptRegsFile)

XIntruptRegsFile 
*          1    00007070    00000010     UNINITIALIZED
                  00007070    00000010     F2806x_GlobalVariableDefs.obj (XIntruptRegsFile)

AdcRegsFile 
*          1    00007100    00000050     UNINITIALIZED
                  00007100    00000050     F2806x_GlobalVariableDefs.obj (AdcRegsFile)

SpibRegsFile 
*          1    00007740    00000010     UNINITIALIZED
                  00007740    00000010     F2806x_GlobalVariableDefs.obj (SpibRegsFile)

ScibRegsFile 
*          1    00007750    00000010     UNINITIALIZED
                  00007750    00000010     F2806x_GlobalVariableDefs.obj (ScibRegsFile)

I2caRegsFile 
*          1    00007900    00000022     UNINITIALIZED
                  00007900    00000022     F2806x_GlobalVariableDefs.obj (I2caRegsFile)

PartIdRegsFile 
*          1    003d7e80    00000001     UNINITIALIZED
                  003d7e80    00000001     F2806x_GlobalVariableDefs.obj (PartIdRegsFile)

CsmPwlFile 
*          1    003f7ff8    00000008     UNINITIALIZED
                  003f7ff8    00000008     F2806x_GlobalVariableDefs.obj (CsmPwlFile)

.ebss.1    1    00008c00    00000400     UNINITIALIZED
                  00008c00    00000400     CSMON_C28xx.lib : modbusreg.obj (.ebss:_MODBUSREG_u32RegisterAccessTableInRam)

.ebss.2    1    00009000    00006e74     UNINITIALIZED
                  00009000    00002000     CSMON_C28xx.lib : csmon.obj (.ebss:_CSMON_pasFileParameterShortNameRealocatable)
                  0000b000    00001800                     : csmon.obj (.ebss:_CSMON_pauFileParameterNumericRealocatable)
                  0000c800    00000800                     : uart_drv.obj (.ebss:_UARTRxBufferTimeDiff)
                  0000d000    00000800                     : hmrec.obj (.ebss:_au8RecBuffer0)
                  0000d800    00000600                     : csmon.obj (.ebss:_CSMON_pasFileParameterListRealocatable)
                  0000de00    00000516                     : modbusreg.obj (.ebss:_MODBUSREG_asFileTable)
                  0000e316    0000002a                     : csmon.obj (.ebss:_CSMON_au8FileScopeConfigurationElementsSizeTable)
                  0000e340    00000400                     : uart_drv.obj (.ebss:_UARTRxBuffer)
                  0000e740    00000300                     : modbusreg.obj (.ebss:_MODBUSREG_pu32RegisterAddressTableRealocatable)
                  0000ea40    00000200     uart_driver.obj (.ebss:_UART_DRV_RxBufferTimeDiff)
                  0000ec40    00000200     CSMON_C28xx.lib : hmmodbus.obj (.ebss:_u32ModbusTimeoutBuffer)
                  0000ee40    00000126                     : hmrecparam.obj (.ebss:_sRecHandleParam)
                  0000ef66    00000014     main.obj (.ebss:_sExternalRecoderHandle)
                  0000ef7a    00000006     CSMON_C28xx.lib : hmprotocol.obj (.ebss)
                  0000ef80    00000108                     : hmrec.obj (.ebss:_sRecHandle)
                  0000f088    00000030                     : hmrecparam.obj (.ebss:_sRecStatusParam)
                  0000f0b8    00000008                     : hmrecparam.obj (.ebss:_HMRECPRM_sDateTime)
                  0000f0c0    00000100                     : csmon.obj (.ebss:_CSMON_asFileParameterDefinitionsFromAccessLevel)
                  0000f1c0    00000100                     : csmon.obj (.ebss:_CSMON_sFileParameterAccessList)
                  0000f2c0    00000100                     : hmmodbus.obj (.ebss:_HMMODBUS_anTxCheckSum)
                  0000f3c0    00000100                     : hmmodbus.obj (.ebss:_HMMODBUS_pCommBufferRx)
[...]
003eaf2c  local     $30 (.text)
003eaf5a  local     $35 (.text)
003eaf89  local     $40 (.text)
003eaeeb  local     $5_$2 (.text)
00000000  local     .bss (.bss)
00000000  local     .data (.data)
003eaed7  local     .text (.text)
003eaefb  local     CHECK_SIGN1 (.text)
003eaf36  local     CHECK_SIGN2 (.text)
003eaf6e  local     DGT3 (.text)
003eaf70  local     DIVUDenHighZero (.text)
003eaf05  local     EQ0 (.text)
003eaf00  local     EQ1 (.text)
003eaf3e  local     EQ2 (.text)
003eaf69  local     EQ3 (.text)
003eaf9a  local     EQ4 (.text)
003eaed7  global    LL$$DIV (.text)
003eaf13  global    LL$$MOD (.text)
003eafb9  local     LOOP (.text)
003eafa8  local     MAINDIV (.text)
003eafc7  local     MD_NEQ (.text)
003eaf9c  local     MODUDenHighZero (.text)
003eaefe  local     RET1 (.text)
003eaf39  local     RET2 (.text)
003eaf67  local     RET3 (.text)
003eaf96  local     RET4 (.text)
003eaf3b  local     RET_NUM1 (.text)
003eaf98  local     RET_NUM2 (.text)
003eaf07  local     SDIVUDenHighZero (.text)
003eafd1  local     SKIP (.text)
003eafd3  local     SKIP1 (.text)
003eaf41  local     SMODUDenHighZero (.text)
003eaf4d  global    ULL$$DIV (.text)
003eaf7c  global    ULL$$MOD (.text)


================================================================================

rts2800_ml.lib : u_div28.asm.obj

Run/Load            
Value     Binding   Name (Section)
--------  --------  ---------------
00000000  local     .bss (.bss)
00000000  local     .data (.data)
003ee237  local     .text (.text)
003ee237  global    U$$DIV (.text)
003ee23c  global    U$$MOD (.text)


================================================================================

rts2800_ml.lib : u_tofd28.asm.obj

Run/Load            
Value     Binding   Name (Section)
--------  --------  ---------------
00000000  local     .bss (.bss)
00000000  local     .data (.data)
003eddbb  local     .text (.text)
003eddc8  local     NORMALIZE (.text)
003eddd0  local     OP_ZERO (.text)
003eddca  local     PACK (.text)
003eddcf  local     RETURN (.text)
003eddcd  local     RETURN_VALUE (.text)
003eddbb  global    U$$TOFD (.text)


================================================================================

rts2800_ml.lib : u_tofs28.asm.obj

Run/Load            
Value     Binding   Name (Section)
--------  --------  ---------------
00000000  local     .bss (.bss)
00000000  local     .data (.data)
003ee007  local     .text (.text)
003ee016  local     RESTORE (.text)
003ee007  global    U$$TOFS (.text)
003ee016  local     ZERO (.text)


================================================================================

rts2800_ml.lib : l_tofs28.asm.obj

Run/Load            
Value     Binding   Name (Section)
--------  --------  ---------------
00000000  local     .bss (.bss)
00000000  local     .data (.data)
003edc23  local     .text (.text)
003edc23  global    L$$TOFS (.text)
003edc39  local     OVERFLOW (.text)
003edc38  local     RETURN (.text)
003edc38  local     ZERO (.text)


================================================================================

rts2800_ml.lib : ul_tofs28.asm.obj

Run/Load            
Value     Binding   Name (Section)
--------  --------  ---------------
00000000  local     .bss (.bss)
00000000  local     .data (.data)
003edeb5  local     .text (.text)
003edebd  local     LEFT_SHIFT (.text)
003edebf  local     PACK (.text)
003edec7  local     RETURN (.text)
003edeb5  global    UL$$TOFS (.text)
003edec7  local     ZERO (.text)


================================================================================

rts2800_ml.lib : prolog28.asm.obj

Run/Load            
Value     Binding   Name (Section)
--------  --------  ---------------
00000000  local     .bss (.bss)
00000000  local     .data (.data)
003edca1  local     .text (.text)
003edca1  global    _prolog_c28x_1 (.text)
003edca5  global    _prolog_c28x_2 (.text)
003edcad  global    _prolog_c28x_3 (.text)


================================================================================

rts2800_ml.lib : fs_tofd28.asm.obj

Run/Load            
Value     Binding   Name (Section)
--------  --------  ---------------
00000000  local     .bss (.bss)
00000000  local     .data (.data)
003edae3  local     .text (.text)
003edae3  global    FS$$TOFD (.text)
003edaf7  local     OVERFLOW (.text)
003edaf6  local     RETURN (.text)
003edaf4  local     RETURN_VALUE (.text)
003edafd  local     UNDERFLOW (.text)


================================================================================

rts2800_ml.lib : fd_div28.asm.obj

Run/Load            
Value     Binding   Name (Section)
--------  --------  ---------------
003ec0ea  local     $1_$3 (.text)
003ec0f5  local     $2_$3 (.text)
00000000  local     .bss (.bss)
00000000  local     .data (.data)
003ec0ae  local     .text (.text)
003ec104  local     DIV_END (.text)
003ec0e5  local     DIV_START (.text)
003ec0ae  global    FD$$DIV (.text)
003ec107  local     NORMALIZE (.text)
003ec131  local     OVERFLOW (.text)
003ec12c  local     RETURN (.text)
003ec12a  local     RETURN_VALUE (.text)
003ec11c  local     RND64_SET_MANT$3$ (.text)
003ec110  local     ROUND (.text)
003ec137  local     UNDERFLOW (.text)


================================================================================

rts2800_ml.lib : cpy_tbl.c.obj

Run/Load            
Value     Binding   Name (Section)
--------  --------  ---------------
003ed7d5  local     $C$L1 (.text)
003ed7e8  local     $C$L2 (.text)
003ed7e9  local     $C$L3 (.text)
00000000  local     .bss (.bss)
00000000  local     .data (.data)
003ed7cd  local     .text (.text)
003ed7cd  global    _copy_in (.text)


================================================================================

rts2800_ml.lib : memcpy.c.obj

Run/Load            
Value     Binding   Name (Section)
--------  --------  ---------------
003eda5c  local     $C$L1 (.text)
003eda60  local     $C$L2 (.text)
003eda67  local     $C$L3 (.text)
003eda69  local     $C$L4 (.text)
003eda71  local     $C$L5 (.text)
00000000  local     .bss (.bss)
00000000  local     .data (.data)
003eda56  local     .text (.text)
003eda56  global    _memcpy (.text)


================================================================================

rts2800_ml.lib : pre_init.c.obj

Run/Load            
Value     Binding   Name (Section)
--------  --------  ---------------
00000000  local     .bss (.bss)
00000000  local     .data (.data)
003ee73f  local     .text (.text)
003ee73f  global    __system_pre_init (.text)


================================================================================

rts2800_ml.lib : startup.c.obj

Run/Load            
Value     Binding   Name (Section)
--------  --------  ---------------
00000000  local     .bss (.bss)
00000000  local     .data (.data)
003ee743  local     .text (.text)
003ee743  global    __system_post_cinit (.text)


================================================================================

rts2800_ml.lib : e_rem_pio2f.c.obj

Run/Load            
Value     Binding   Name (Section)
--------  --------  ---------------
003f3be2  local     $C$FL1 (.econst)
003f3be6  local     $C$FL2 (.econst)
003f3bea  local     $C$FL3 (.econst)
003f3bee  local     $C$FL4 (.econst)
003ebb12  local     $C$L1 (.text)
003ebb20  local     $C$L2 (.text)
003ebb4c  local     $C$L3 (.text)
003ebb51  local     $C$L4 (.text)
00000000  local     .bss (.bss)
00000000  local     .data (.data)
003f3bd6  local     .econst (.econst)
003ebaaf  local     .text (.text)
003ebaaf  global    ___rem_pio2f (.text)
003f3bd6  local     _invpio2 (.econst)
003f3bda  local     _pio2_1 (.econst)
003f3bde  local     _pio2_1t (.econst)


================================================================================

rts2800_ml.lib : k_rem_pio2.c.obj

Run/Load            
Value     Binding   Name (Section)
--------  --------  ---------------
003f3b52  local     $C$FL1 (.econst)
003f3b56  local     $C$FL2 (.econst)
003f3b5a  local     $C$FL3 (.econst)
003f3b5e  local     $C$FL4 (.econst)
003f3b62  local     $C$FL5 (.econst)
003f3b66  local     $C$FL6 (.econst)
003f3b6a  local     $C$FL7 (.econst)
003e9c50  local     $C$L1 (.text)
003e9d0a  local     $C$L10 (.text)
003e9d37  local     $C$L11 (.text)
003e9d57  local     $C$L12 (.text)
003e9d7c  local     $C$L13 (.text)
003e9d9b  local     $C$L14 (.text)
003e9da2  local     $C$L15 (.text)
003e9dbf  local     $C$L16 (.text)
003e9e0d  local     $C$L17 (.text)
003e9e79  local     $C$L18 (.text)
003e9e7d  local     $C$L19 (.text)
003e9c78  local     $C$L2 (.text)
003e9e8b  local     $C$L20 (.text)
003e9eb4  local     $C$L21 (.text)
003e9eb9  local     $C$L22 (.text)
003e9ec4  local     $C$L23 (.text)
003e9ed0  local     $C$L24 (.text)
003e9ed5  local     $C$L25 (.text)
003e9edb  local     $C$L26 (.text)
003e9ef8  local     $C$L27 (.text)
003e9f04  local     $C$L28 (.text)
003e9f2f  local     $C$L29 (.text)
003e9c83  local     $C$L3 (.text)
003e9f5d  local     $C$L30 (.text)
003e9fa8  local     $C$L31 (.text)
003e9fad  local     $C$L32 (.text)
003e9fc5  local     $C$L33 (.text)
003e9fcf  local     $C$L34 (.text)
003e9fde  local     $C$L35 (.text)
003e9fe8  local     $C$L36 (.text)
003ea003  local     $C$L37 (.text)
003ea013  local     $C$L38 (.text)
003ea015  local     $C$L39 (.text)
003e9c8f  local     $C$L4 (.text)
003ea035  local     $C$L40 (.text)
003ea05d  local     $C$L41 (.text)
003ea074  local     $C$L42 (.text)
003ea088  local     $C$L43 (.text)
003ea0b6  local     $C$L44 (.text)
003ea0d4  local     $C$L45 (.text)
003ea0f2  local     $C$L46 (.text)
003ea141  local     $C$L47 (.text)
003ea17b  local     $C$L48 (.text)
003ea193  local     $C$L49 (.text)
003e9ca0  local     $C$L5 (.text)
003ea1a4  local     $C$L50 (.text)
003ea1c1  local     $C$L51 (.text)
003ea1dc  local     $C$L52 (.text)
003ea1ef  local     $C$L53 (.text)
003ea200  local     $C$L54 (.text)
003ea20e  local     $C$L55 (.text)
003ea218  local     $C$L56 (.text)
003ea239  local     $C$L57 (.text)
003ea24a  local     $C$L58 (.text)
003ea258  local     $C$L59 (.text)
003e9cac  local     $C$L6 (.text)
003ea262  local     $C$L60 (.text)
003ea26c  local     $C$L61 (.text)
003ea27f  local     $C$L62 (.text)
003ea290  local     $C$L63 (.text)
003ea29e  local     $C$L64 (.text)
003ea2a8  local     $C$L65 (.text)
003ea2b1  local     $C$L66 (.text)
003e9cc9  local     $C$L7 (.text)
003e9cee  local     $C$L8 (.text)
003e9d03  local     $C$L9 (.text)
00000000  local     .bss (.bss)
00000000  local     .data (.data)
003f3b42  local     .econst (.econst)
003f3b96  local     .econst:_PIo2 (.econst:_PIo2)
003f3c80  local     .econst:_init_jk (.econst:_init_jk)
003f3a6e  local     .econst:_ipio2 (.econst:_ipio2)
003e9c22  local     .text (.text)
003f3b96  local     _PIo2 (.econst:_PIo2)
003e9c22  global    ___kernel_rem_pio2 (.text)
003f3c80  local     _init_jk (.econst:_init_jk)
003f3a6e  local     _ipio2 (.econst:_ipio2)
003f3b46  local     _one (.econst)
003f3b4a  local     _two24 (.econst)
003f3b4e  local     _twon24 (.econst)
003f3b42  local     _zero (.econst)


================================================================================

rts2800_ml.lib : exit.c.obj

Run/Load            
Value     Binding   Name (Section)
--------  --------  ---------------
003ed49a  local     $C$L1 (.text)
003ed4ad  local     $C$L2 (.text)
003ed4b8  local     $C$L3 (.text)
003ed4be  local     $C$L4 (.text)
00000000  local     .bss (.bss)
003f42bc  local     .cinit (.cinit)
00000000  local     .data (.data)
0000fe12  local     .ebss (.ebss)
003ed499  local     .text (.text)
003ed499  global    C$$EXIT (.text)
0000fe14  global    ___TI_cleanup_ptr (.ebss)
0000fe16  global    ___TI_dtors_ptr (.ebss)
0000fe12  global    ___TI_enable_exit_profile_output (.ebss)
003ed499  global    _abort (.text)
003ed49b  global    _exit (.text)


================================================================================

rts2800_ml.lib : _lock.c.obj

Run/Load            
Value     Binding   Name (Section)
--------  --------  ---------------
00000000  local     .bss (.bss)
003f4461  local     .cinit:__lock (.cinit:__lock)
003f4466  local     .cinit:__unlock (.cinit:__unlock)
00000000  local     .data (.data)
0000fe68  local     .ebss:__lock (.ebss:__lock)
0000fe6a  local     .ebss:__unlock (.ebss:__unlock)
003ee2d5  local     .text (.text)
0000fe68  global    __lock (.ebss:__lock)
003ee2dd  global    __nop (.text)
003ee2d9  global    __register_lock (.text)
003ee2d5  global    __register_unlock (.text)
0000fe6a  global    __unlock (.ebss:__unlock)


================================================================================

rts2800_ml.lib : args_main.c.obj

Run/Load            
Value     Binding   Name (Section)
--------  --------  ---------------
003edf71  local     $C$L1 (.text)
003edf74  local     $C$L2 (.text)
00000000  local     .bss (.bss)
00000000  local     .data (.data)
003edf66  local     .text (.text)
003edf66  global    __args_main (.text)


================================================================================

rts2800_ml.lib : s_floor.c.obj

Run/Load            
Value     Binding   Name (Section)
--------  --------  ---------------
003f3c72  local     $C$FL1 (.econst)
003f3c76  local     $C$FL2 (.econst)
003eb4e6  local     $C$L1 (.text)
003eb53e  local     $C$L10 (.text)
003eb55e  local     $C$L11 (.text)
003eb560  local     $C$L12 (.text)
003eb56c  local     $C$L13 (.text)
003eb571  local     $C$L14 (.text)
003eb4eb  local     $C$L2 (.text)
003eb4ec  local     $C$L3 (.text)
003eb4f4  local     $C$L4 (.text)
003eb507  local     $C$L5 (.text)
003eb516  local     $C$L6 (.text)
003eb519  local     $C$L7 (.text)
003eb535  local     $C$L8 (.text)
003eb53b  local     $C$L9 (.text)
00000000  local     .bss (.bss)
00000000  local     .data (.data)
003f3c6e  local     .econst (.econst)
003eb48e  local     .text (.text)
003eb48e  global    _floorl (.text)
003f3c6e  local     _huge (.econst)


================================================================================

rts2800_ml.lib : s_scalbn.c.obj

Run/Load            
Value     Binding   Name (Section)
--------  --------  ---------------
003f3bfe  local     $C$FL1 (.econst)
003f3c02  local     $C$FL2 (.econst)
003f3c06  local     $C$FL3 (.econst)
003f3c0a  local     $C$FL4 (.econst)
003eba2b  local     $C$L1 (.text)
003eba44  local     $C$L2 (.text)
003eba56  local     $C$L3 (.text)
003eba61  local     $C$L4 (.text)
003eba76  local     $C$L5 (.text)
003eba7c  local     $C$L6 (.text)
003eba87  local     $C$L7 (.text)
003ebaa7  local     $C$L8 (.text)
003ebaab  local     $C$L9 (.text)
00000000  local     .bss (.bss)
00000000  local     .data (.data)
003f3bf2  local     .econst (.econst)
003eba05  local     .text (.text)
003eba05  global    _ldexpl (.text)
003eba05  global    _scalbnl (.text)
003f3bfa  local     _tiny (.econst)
003f3bf2  local     _two54 (.econst)
003f3bf6  local     _twom54 (.econst)


================================================================================

rts2800_ml.lib : s_copysign.c.obj

Run/Load            
Value     Binding   Name (Section)
--------  --------  ---------------
003ed87b  local     $C$L1 (.text)
00000000  local     .bss (.bss)
00000000  local     .data (.data)
003ed85a  local     .text (.text)
003ed85a  global    _copysignl (.text)


================================================================================

rts2800_ml.lib : k_cosf.c.obj

Run/Load            
Value     Binding   Name (Section)
--------  --------  ---------------
003f3b82  local     $C$FL1 (.econst)
003f3b86  local     $C$FL2 (.econst)
003f3b8a  local     $C$FL3 (.econst)
003f3b8e  local     $C$FL4 (.econst)
003f3b92  local     $C$FL5 (.econst)
00000000  local     .bss (.bss)
00000000  local     .data (.data)
003f3b6e  local     .econst (.econst)
003ec1c0  local     .text (.text)
003f3b72  local     _C0 (.econst)
003f3b76  local     _C1 (.econst)
003f3b7a  local     _C2 (.econst)
003f3b7e  local     _C3 (.econst)
003ec1c0  global    ___kernel_cosdf (.text)
003f3b6e  local     _one (.econst)


================================================================================

rts2800_ml.lib : k_sinf.c.obj

Run/Load            
Value     Binding   Name (Section)
--------  --------  ---------------
003f3bc6  local     $C$FL1 (.econst)
003f3bca  local     $C$FL2 (.econst)
003f3bce  local     $C$FL3 (.econst)
003f3bd2  local     $C$FL4 (.econst)
00000000  local     .bss (.bss)
00000000  local     .data (.data)
003f3bb6  local     .econst (.econst)
003ebeff  local     .text (.text)
003f3bb6  local     _S1 (.econst)
003f3bba  local     _S2 (.econst)
003f3bbe  local     _S3 (.econst)
003f3bc2  local     _S4 (.econst)
003ebeff  global    ___kernel_sindf (.text)


================================================================================

rts2800_ml.lib : fd_cmp28.asm.obj

Run/Load            
Value     Binding   Name (Section)
--------  --------  ---------------
00000000  local     .bss (.bss)
00000000  local     .data (.data)
003ed46f  local     .text (.text)
003ed47f  local     CHECK_INF (.text)
003ed46f  global    FD$$CMP (.text)
003ed496  local     NO_NEG (.text)
003ed497  local     OP_EQUAL (.text)
003ed48f  local     RETURN (.text)


================================================================================

rts2800_ml.lib : fd_tol28.asm.obj

Run/Load            
Value     Binding   Name (Section)
--------  --------  ---------------
00000000  local     .bss (.bss)
00000000  local     .data (.data)
003ed9e0  local     .text (.text)
003ed9e0  global    FD$$TOL (.text)
003ed9f9  local     OVERFLOW (.text)
003ed9f8  local     RETURN_VALUE (.text)
003ed9fd  local     UNDERFLOW (.text)


================================================================================

rts2800_ml.lib : ll_aox28.asm.obj

Run/Load            
Value     Binding   Name (Section)
--------  --------  ---------------
00000000  local     .bss (.bss)
00000000  local     .data (.data)
003edd02  local     .text (.text)
003edd02  global    LL$$AND (.text)
003edd0a  global    LL$$OR (.text)
003edd12  global    LL$$XOR (.text)


================================================================================

rts2800_ml.lib : i_div28.asm.obj

Run/Load            
Value     Binding   Name (Section)
--------  --------  ---------------
00000000  local     .bss (.bss)
00000000  local     .data (.data)
003ed87d  local     .text (.text)
003ed87d  global    I$$DIV (.text)
003ed88e  global    I$$MOD (.text)
003ed88d  local     RET1 (.text)
003ed89d  local     RET2 (.text)


================================================================================

rts2800_ml.lib : l_tofd28.asm.obj

Run/Load            
Value     Binding   Name (Section)
--------  --------  ---------------
003edb0d  local     $10 (.text)
00000000  local     .bss (.bss)
00000000  local     .data (.data)
003edaff  local     .text (.text)
003edaff  global    L$$TOFD (.text)
003edb19  local     OP_ZERO (.text)
003edb18  local     RETURN (.text)
003edb16  local     RETURN_VALUE (.text)


================================================================================

rts2800_ml.lib : fd_tofs28.asm.obj

Run/Load            
Value     Binding   Name (Section)
--------  --------  ---------------
00000000  local     .bss (.bss)
00000000  local     .data (.data)
003ed8e1  local     .text (.text)
003ed8ee  local     EXP_EVAL (.text)
003ed8e1  global    FD$$TOFS (.text)
003ed8fa  local     OVERFLOW (.text)
003ed8f9  local     RETURN_VALUE (.text)
003ed900  local     UNDERFLOW (.text)


================================================================================

rts2800_ml.lib : errno.c.obj

Run/Load            
Value     Binding   Name (Section)
--------  --------  ---------------
00000000  local     .bss (.bss)
003f4487  local     .cinit (.cinit)
00000000  local     .data (.data)
0000fe73  local     .ebss (.ebss)
00000000  local     .text (.text)
0000fe73  global    _errno (.ebss)


================================================================================

