******************************************************************************
             TMS320C2000 Linker PC v22.6.0                     
******************************************************************************
>> Linked Wed Oct 12 02:20:13 2022

OUTPUT FILE NAME:   <../../../04_Output_Files/Motor28062/TEST_CSMON_C28xx.out>
ENTRY POINT SYMBOL: "_c_int00"  address: 003ecc00


MEMORY CONFIGURATION

         name            origin    length      used     unused   attr    fill
----------------------  --------  ---------  --------  --------  ----  --------
PAGE 0:
  RAML0                 00008000   00000800  00000029  000007d7  RWIX
  RAML1                 00008800   00000400  00000000  00000400  RWIX
  OTP                   003d7800   00000400  00000000  00000400  RWIX
  FLASH_APP             003e8000   0000dff0  0000c89e  00001752  RWIX
  CSM_RSVD              003f7f80   00000076  00000076  00000000  RWIX
  BEGIN                 003f7ff6   00000002  00000002  00000000  RWIX
  CSM_PWL_P0            003f7ff8   00000008  00000008  00000000  RWIX
  FPUTABLES             003fd590   000006a0  00000000  000006a0  RWIX
  IQTABLES              003fdf00   00000b50  00000000  00000b50  RWIX
  IQTABLES2             003fea50   0000008c  00000000  0000008c  RWIX
  IQTABLES3             003feadc   000000aa  00000000  000000aa  RWIX
  ROM                   003ff3b0   00000c10  00000000  00000c10  RWIX
  RESET                 003fffc0   00000002  00000000  00000002  RWIX
  VECTORS               003fffc2   0000003e  00000000  0000003e  RWIX

PAGE 1:
  BOOT_RSVD             00000000   00000050  00000000  00000050  RWIX
  RAMM0                 00000050   000003b0  00000380  00000030  RWIX
  RAMM1                 00000400   00000400  00000000  00000400  RWIX
  DEV_EMU               00000880   00000105  00000004  00000101  RWIX
  SYS_PWR_CTL           00000985   00000003  00000003  00000000  RWIX
  FLASH_REGS            00000a80   00000060  00000008  00000058  RWIX
  CSM                   00000ae0   00000020  00000010  00000010  RWIX
  ADC_RESULT            00000b00   00000020  00000010  00000010  RWIX
  CPU_TIMER0            00000c00   00000008  00000008  00000000  RWIX
  CPU_TIMER1            00000c08   00000008  00000008  00000000  RWIX
  CPU_TIMER2            00000c10   00000008  00000008  00000000  RWIX
  PIE_CTRL              00000ce0   00000020  0000001a  00000006  RWIX
  PIE_VECT              00000d00   00000100  00000100  00000000  RWIX
  DMA                   00001000   00000200  000000e0  00000120  RWIX
  CLA1                  00001400   00000080  00000040  00000040  RWIX
  USB0                  00004000   00001000  00000454  00000bac  RWIX
  McBSPA                00005000   00000040  00000024  0000001c  RWIX
  ECANA                 00006000   00000040  00000034  0000000c  RWIX
  ECANA_LAM             00006040   00000040  00000040  00000000  RWIX
  ECANA_MOTS            00006080   00000040  00000040  00000000  RWIX
  ECANA_MOTO            000060c0   00000040  00000040  00000000  RWIX
  ECANA_MBOX            00006100   00000100  00000100  00000000  RWIX
  COMP1                 00006400   00000020  00000014  0000000c  RWIX
  COMP2                 00006420   00000020  00000014  0000000c  RWIX
  COMP3                 00006440   00000020  00000014  0000000c  RWIX
  EPWM1                 00006800   00000040  00000040  00000000  RWIX
  EPWM2                 00006840   00000040  00000040  00000000  RWIX
  EPWM3                 00006880   00000040  00000040  00000000  RWIX
  EPWM4                 000068c0   00000040  00000040  00000000  RWIX
  EPWM5                 00006900   00000040  00000040  00000000  RWIX
  EPWM6                 00006940   00000040  00000040  00000000  RWIX
  EPWM7                 00006980   00000040  00000040  00000000  RWIX
  EPWM8                 000069c0   00000040  00000040  00000000  RWIX
  ECAP1                 00006a00   00000020  00000020  00000000  RWIX
  ECAP2                 00006a20   00000020  00000020  00000000  RWIX
  ECAP3                 00006a40   00000020  00000020  00000000  RWIX
  HRCAP1                00006ac0   00000020  00000020  00000000  RWIX
  HRCAP2                00006ae0   00000020  00000020  00000000  RWIX
  EQEP1                 00006b00   00000040  00000022  0000001e  RWIX
  EQEP2                 00006b40   00000040  00000022  0000001e  RWIX
  HRCAP3                00006c80   00000020  00000020  00000000  RWIX
  HRCAP4                00006ca0   00000020  00000020  00000000  RWIX
  GPIOCTRL              00006f80   00000040  00000040  00000000  RWIX
  GPIODAT               00006fc0   00000020  00000020  00000000  RWIX
  GPIOINT               00006fe0   00000020  00000020  00000000  RWIX
  SYSTEM                00007010   00000030  00000030  00000000  RWIX
  SPIA                  00007040   00000010  00000010  00000000  RWIX
  SCIA                  00007050   00000010  00000010  00000000  RWIX
  NMIINTRUPT            00007060   00000010  00000010  00000000  RWIX
  XINTRUPT              00007070   00000010  00000010  00000000  RWIX
  ADC                   00007100   00000080  00000050  00000030  RWIX
  SPIB                  00007740   00000010  00000010  00000000  RWIX
  SCIB                  00007750   00000010  00000010  00000000  RWIX
  I2CA                  00007900   00000040  00000022  0000001e  RWIX
  RAML2                 00008c00   00000400  00000400  00000000  RWIX
  RAML3456              00009000   00007000  00006b86  0000047a  RWIX
  RAML7                 00010000   00002000  00000000  00002000  RWIX
  RAML8                 00012000   00002000  00000000  00002000  RWIX
  USB_RAM               00040000   00000800  00000000  00000800  RWIX
  PARTID                003d7e80   00000001  00000001  00000000  RWIX
  CSM_PWL               003f7ff8   00000008  00000008  00000000  RWIX


SECTION ALLOCATION MAP

 output                                  attributes/
section   page    origin      length       input sections
--------  ----  ----------  ----------   ----------------
.cinit     0    003f4039    00000846     
                  003f4039    000001e9     CSMON_C28xx.lib : hmmodbus.obj (.cinit)
                  003f4222    00000173     main.obj (.cinit)
                  003f4395    000000b6     CSMON_C28xx.lib : csmon.obj (.cinit)
                  003f444b    0000008c                     : modbusreg.obj (.cinit)
                  003f44d7    0000003f                     : csmon.obj (.cinit:_CSMON_au8FileRecorderDataElementsSizeTable)
                  003f4516    00000033                     : hmrecparam.obj (.cinit:_sRecStatusParam)
                  003f4549    00000030                     : csmon.obj (.cinit:_CSMON_au8FileRecorderConfigElementsSizeTable)
                  003f4579    0000002b                     : csmon.obj (.cinit:_CSMON_au8FileScopeConfigurationElementsSizeTable)
                  003f45a4    0000001f                     : hmrecparam.obj (.cinit:_sRecStatusParamInternal)
                  003f45c3    00000016     main.obj (.cinit:_sExternalRecoderHandle)
                  003f45d9    00000015     CSMON_C28xx.lib : csmon.obj (.cinit:_CSMON_sFileAutorization)
                  003f45ee    00000014                     : hmdrv.obj (.cinit)
                  003f4602    00000014                     : hmprotocol.obj (.cinit)
                  003f4616    00000013                     : modbusreg.obj (.cinit:_MODBUSREG_au8DeviceIDUserApplicationName)
                  003f4629    00000013                     : modbusreg.obj (.cinit:_MODBUSREG_au8DeviceIDVendorUrl)
                  003f463c    00000013                     : modbusreg.obj (.cinit:_MODBUSREG_au8ServerIDData)
                  003f464f    00000010     rtc_drv.obj (.cinit)
                  003f465f    0000000f     CSMON_C28xx.lib : csmon.obj (.cinit:_CSMON_sDateTime)
                  003f466e    0000000f                     : csmon.obj (.cinit:_CSMON_sDateTimeApplication)
                  003f467d    0000000f                     : csmon.obj (.cinit:_CSMON_sDateTimeDefault)
                  003f468c    0000000f                     : modbusreg.obj (.cinit:_MODBUSREG_au8DeviceIDModelName)
                  003f469b    0000000f     device.obj (.cinit)
                  003f46aa    0000000e     rts2800_ml.lib : exit.c.obj (.cinit)
                  003f46b8    0000000d     CSMON_C28xx.lib : csmon.obj (.cinit:_CSMON_au8FileParameterCountElementsSizeTable)
                  003f46c5    0000000d                     : csmon.obj (.cinit:_CSMON_au8FileRTCElementsSizeTable)
                  003f46d2    0000000d                     : csmon.obj (.cinit:_sHashKey)
                  003f46df    0000000d     tmr_drv.obj (.cinit)
                  003f46ec    0000000c     CSMON_C28xx.lib : csmon.obj (.cinit:_CSMON_au8FileParameterNumericElementsSizeTable)
                  003f46f8    0000000c                     : modbusreg.obj (.cinit:_MODBUSREG_au8DeviceIDProductName)
                  003f4704    0000000c                     : modbusreg.obj (.cinit:_MODBUSREG_au8DeviceIDUserReserve0)
                  003f4710    0000000c                     : modbusreg.obj (.cinit:_MODBUSREG_au8DeviceIDUserReserve1)
                  003f471c    0000000c                     : modbusreg.obj (.cinit:_MODBUSREG_au8DeviceIDUserReserve2)
                  003f4728    0000000c                     : modbusreg.obj (.cinit:_MODBUSREG_au8DeviceIDVendorName)
                  003f4734    0000000b                     : hmrecparam.obj (.cinit:_HMRECPRM_sDateTime)
                  003f473f    0000000b     main.obj (.cinit:_MAIN_sDateTimeGet)
                  003f474a    0000000b     main.obj (.cinit:_MAIN_sDateTimeSet)
                  003f4755    0000000b     uart_driver.obj (.cinit:_UART_DRV_RXIntOverflowCounter)
                  003f4760    0000000b     uart_driver.obj (.cinit:_UART_DRV_u32TimeDiffLast)
                  003f476b    0000000b     uart_driver.obj (.cinit:_UART_DRV_u32TimeDiffNow)
                  003f4776    0000000b     CSMON_C28xx.lib : uart_drv.obj (.cinit:_UART_RXIntOverflowCounter)
                  003f4781    0000000b     tmr_drv.obj (.cinit:_pfDelayedFunction)
                  003f478c    0000000b     tmr_drv.obj (.cinit:_pfDelayedFunction_u8)
                  003f4797    0000000b     CSMON_C28xx.lib : uart_drv.obj (.cinit:_u32TimeDiffLast)
                  003f47a2    0000000b                     : uart_drv.obj (.cinit:_u32TimeDiffNow)
                  003f47ad    0000000b                     : uart_drv.obj (.cinit:_u32TimeDiffRead)
                  003f47b8    00000009                     : hmserial.obj (.cinit)
                  003f47c1    00000009                     : csmon.obj (.cinit:_CSMON_au32FileAutorization_FunctionAfterWriteFileRecord)
                  003f47ca    00000009                     : csmon.obj (.cinit:_CSMON_sFileParameterCount)
                  003f47d3    00000009                     : hmscopeparam.obj (.cinit:_pBufferScope)
                  003f47dc    00000008                     : hmlib.obj (.cinit)
                  003f47e4    00000007                     : csmon.obj (.cinit:_CSMON_au8FileParameterListElementsSizeTablePart1)
                  003f47eb    00000007                     : csmon.obj (.cinit:_CSMON_au8FileRecorderStatusElementsSizeTable)
                  003f47f2    00000007                     : modbusreg.obj (.cinit:_MODBUSREG_au8DeviceIDMajorMinorRevision)
                  003f47f9    00000007                     : modbusreg.obj (.cinit:_MODBUSREG_au8DeviceIDProductCode)
                  003f4800    00000007                     : uart_drv.obj (.cinit:_UARTRxBufferRDCount)
                  003f4807    00000007                     : uart_drv.obj (.cinit:_UARTRxBufferRDIndex)
                  003f480e    00000007                     : uart_drv.obj (.cinit:_UARTRxBufferWRCount)
                  003f4815    00000007                     : uart_drv.obj (.cinit:_UARTRxBufferWRIndex)
                  003f481c    00000007     uart_driver.obj (.cinit:_UART_DRV_RxBufferRDCount)
                  003f4823    00000007     uart_driver.obj (.cinit:_UART_DRV_RxBufferWRCount)
                  003f482a    00000007     uart_driver.obj (.cinit:_UART_DRV_RxBufferWRIndex)
                  003f4831    00000006     CSMON_C28xx.lib : csmon.obj (.cinit:_CSMON_abFileAutorization_RecordReadOnly)
                  003f4837    00000006                     : csmon.obj (.cinit:_CSMON_abFileAutorization_RecordStringData)
                  003f483d    00000006                     : csmon.obj (.cinit:_CSMON_au16FileAutorization_RecordOffsets)
                  003f4843    00000006                     : csmon.obj (.cinit:_CSMON_au8FileRecorderDataElementsSizeTableUsedLength)
                  003f4849    00000006                     : csmon.obj (.cinit:_CSMON_sFileProtocolVersion)
                  003f484f    00000005     rts2800_ml.lib : _lock.c.obj (.cinit:__lock)
                  003f4854    00000005                    : _lock.c.obj (.cinit:__unlock)
                  003f4859    00000004     CSMON_C28xx.lib : hmscopeparam.obj (.cinit)
                  003f485d    00000004                     : uart_drv.obj (.cinit)
                  003f4861    00000004                     : csmon.obj (.cinit:_CSMON_au8FileParameterListElementsSizeTablePart2)
                  003f4865    00000004                     : csmon.obj (.cinit:_CSMON_au8FileParameterListElementsSizeTablePart3)
                  003f4869    00000004                     : csmon.obj (.cinit:_CSMON_au8FileScopeStatusElementsSizeTable)
                  003f486d    00000004                     : csmon.obj (.cinit:_CSMON_sFileParameterAccessList)
                  003f4871    00000004                     : hmmodbus.obj (.cinit:_HMMODBUS_u32RegisterAddressDummyuSize)
                  003f4875    00000004                     : modbusreg.obj (.cinit:_MODBUSREG_asFileTable)
                  003f4879    00000004     rts2800_ml.lib : errno.c.obj (.cinit)
                  003f487d    00000002     --HOLE-- [fill = 0]

.pinit     0    003e8000    00000000     UNINITIALIZED

.text      0    003e8000    000066f6     
                  003e8000    00001328     CSMON_C28xx.lib : hmmodbus.obj (.text:_HMMODBUS_bDecoder)
                  003e9328    000008fa                     : modbusreg.obj (.text:_MODBUSREG_AddressTablesInit)
                  003e9c22    00000698     rts2800_ml.lib : k_rem_pio2.c.obj (.text)
                  003ea2ba    00000358     CSMON_C28xx.lib : csmon.obj (.text:_CSMON_eSetParameter)
                  003ea612    000001ac     main.obj (.text:_main)
                  003ea7be    00000178     CSMON_C28xx.lib : csmon.obj (.text:_CSMON_eSetUpRecParam)
                  003ea936    00000165                     : csmon.obj (.text:_CSMON_eProcess)
                  003eaa9b    00000146                     : hmmodbus.obj (.text:_HMMODBUS_Rx)
                  003eabe1    0000011b                     : hmmodbus.obj (.text:_HMMODBUS_vSetFreeRunTimerPrescaller)
                  003eacfc    00000114     rts2800_ml.lib : s_sinf.c.obj (.text)
                  003eae10    00000107                    : ll_div28.asm.obj (.text)
                  003eaf17    000000f8     CSMON_C28xx.lib : hmprotocol.obj (.text:_HMPROTOCOL_bDecoder)
                  003eb00f    000000f5                     : hmdrv.obj (.text:_HMDRV_vInit)
                  003eb104    000000f1                     : csmon.obj (.text:_CSMON_vFileRecoderStatusFix)
                  003eb1f5    000000e8                     : hmrecparam.obj (.text:_HMRECPRM_vProcess)
                  003eb2dd    000000e8     rts2800_ml.lib : s_floor.c.obj (.text)
                  003eb3c5    000000e5     CSMON_C28xx.lib : csmon.obj (.text:_CSMON_eInit)
                  003eb4aa    000000e4     main.obj (.text:_ControlProcess)
                  003eb58e    000000c1     main.obj (.text:_RecordersInitialization)
                  003eb64f    000000c0     CSMON_C28xx.lib : csmon.obj (.text:_CSMON_vSetupHoldingRegistersAndCoilsAddressTableFromCSMONParameterList)
                  003eb70f    000000bc                     : hmrecparam.obj (.text:_HMRECPRM_SetUpRec)
                  003eb7cb    000000b8                     : hmrec.obj (.text:_HMREC_SetUpRec)
                  003eb883    000000b2                     : hmmodbus.obj (.text:_HMMODBUS_GetRealRegisterAddressAndSize)
                  003eb935    000000aa                     : hmdrv.obj (.text:_HMDRV_CopyFromBufferInternalModbusBitField)
                  003eb9df    000000aa     rts2800_ml.lib : s_scalbn.c.obj (.text)
                  003eba89    000000a7                    : e_rem_pio2f.c.obj (.text)
                  003ebb30    000000a6     main.obj (.text:_ParameterInitialization)
                  003ebbd6    000000a3     tmr_drv.obj (.text:_TMR2_ISR)
                  003ebc79    0000009c     rts2800_ml.lib : fd_add28.asm.obj (.text)
                  003ebd15    00000092     CSMON_C28xx.lib : hmdrv.obj (.text:_HMDRV_CopyMemory)
                  003ebda7    00000092                     : hmdrv.obj (.text:_HMDRV_CopyToBufferInternalModbus)
                  003ebe39    00000092     rts2800_ml.lib : k_sinf.c.obj (.text)
                  003ebecb    00000090     CSMON_C28xx.lib : csmon.obj (.text:_CSMON_vSetDateTimeAutorization)
                  003ebf5b    0000008d                     : csmon.obj (.text:_CSMON_vInitRecorders)
                  003ebfe8    0000008b     rts2800_ml.lib : fd_div28.asm.obj (.text)
                  003ec073    00000087     CSMON_C28xx.lib : hmrecparam.obj (.text:_HMRECPRM_SetUpRecParamStatusDateTime)
                  003ec0fa    00000087     rts2800_ml.lib : k_cosf.c.obj (.text)
                  003ec181    00000083     CSMON_C28xx.lib : hmdrv.obj (.text:_HMDRV_CopyFromBufferInternalModbus)
                  003ec204    00000083     rts2800_ml.lib : fd_mpy28.asm.obj (.text)
                  003ec287    00000083                    : fs_div28.asm.obj (.text)
                  003ec30a    00000081     CSMON_C28xx.lib : csmon.obj (.text:_CSMON_vPrepareFileParameterAccessList)
                  003ec38b    0000007f                     : hmserial.obj (.text:_HMSERIAL_vProcessSCI)
                  003ec40a    0000007e                     : hmrecparam.obj (.text:_HMRECPRM_vTimeSync)
                  003ec488    00000078     rts2800_ml.lib : fs_add28.asm.obj (.text)
                  003ec500    00000076     main.obj (.text:_ScopesInitialization)
                  003ec576    0000006a     CSMON_C28xx.lib : hmprotocol.obj (.text:_HMPROTOCOL_GetBoardInfo)
                  003ec5e0    0000006a                     : hmserial.obj (.text:_HMSERIAL_Rx)
                  003ec64a    00000067                     : hmmodbus.obj (.text:_HMMODBUS_CopyFromBuffer)
                  003ec6b1    00000066                     : hmmodbus.obj (.text:_HMMODBUS_vProcessSCI)
                  003ec717    00000064                     : hmrec.obj (.text:_HMREC_vProcess)
                  003ec77b    00000064                     : modbusreg.obj (.text:_MODBUSREG_vInit)
                  003ec7df    0000005f     F2806x_SysCtrl.obj (.text:_InitPeripheralClocks)
                  003ec83e    0000005d     CSMON_C28xx.lib : uart_drv.obj (.text:_UART_RXInterrupt)
                  003ec89b    0000005a     gpio.obj (.text:_GPIO_setPinConfigOutput)
                  003ec8f5    0000005a     rts2800_ml.lib : fs_mpy28.asm.obj (.text)
                  003ec94f    00000059     CSMON_C28xx.lib : csmon.obj (.text:_CSMON_vUpdateDateTimeFromApplication)
                  003ec9a8    00000059                     : hmmodbus.obj (.text:_vSetElementsSize)
                  003eca01    00000057                     : csmon.obj (.text:_CSMON_bCheckValidDateTime)
                  003eca58    00000057     uart_driver.obj (.text:_UART_DRV_RXInterrupt)
                  003ecaaf    00000055     CSMON_C28xx.lib : modbusreg.obj (.text:_MODBUSREG_FileRecorderExternalUpdateInit)
                  003ecb04    00000054                     : csmon.obj (.text:_CSMON_u32GetParameterNumbCheckSum)
                  003ecb58    00000054                     : csmon.obj (.text:_CSMON_u32GetParameterShortNameCheckSum)
                  003ecbac    00000054                     : hmlib.obj (.text:_HMLIB_vInit)
                  003ecc00    00000054     rts2800_ml.lib : boot28.asm.obj (.text)
                  003ecc54    00000051     F2806x_SysCtrl.obj (.text:_InitPll)
                  003ecca5    00000050     CSMON_C28xx.lib : csmon.obj (.text:_CSMON_eSetExternalRecorderUsage)
                  003eccf5    0000004f     device.obj (.text:_Device_CsmUnlock)
                  003ecd44    0000004e     CSMON_C28xx.lib : hmrecparam.obj (.text:_HMRECPRM_StartRecParam)
                  003ecd92    0000004a                     : hmmodbus.obj (.text:_HMMODBUS_GetRegisterFunction)
                  003ecddc    00000048                     : csmon.obj (.text:_CSMON_eSetRecorderTriggerAtPosition)
                  003ece24    00000047                     : hmmodbus.obj (.text:_HMMODBUS_CopyToBuffer)
                  003ece6b    00000047                     : hmscopeparam.obj (.text:_HMSCOPEPRM_SetUpScope)
                  003eceb2    00000045     main.obj (.text:_ExternalParametersInitialization)
                  003ecef7    00000043     CSMON_C28xx.lib : hmscopeparam.obj (.text:_HMSCOPEPRM_ReadScope)
                  003ecf3a    00000042                     : hmmodbus.obj (.text:_HMMODBUS_vSendResponse)
                  003ecf7c    00000042     interrupt.obj (.text:_Interrupt_enable)
                  003ecfbe    0000003f     CSMON_C28xx.lib : hmdrv.obj (.text:_HMDRV_CopyFromBufferInternal)
                  003ecffd    0000003d                     : hmmodbus.obj (.text:_vSetStartSampleIndex)
                  003ed03a    0000003c     tmr_drv.obj (.text:_configCPUTimer)
                  003ed076    0000003b     CSMON_C28xx.lib : hmscope.obj (.text:_HMSCOPE_SetUpScope)
                  003ed0b1    00000039                     : csmon.obj (.text:_CSMON_eSetRecorderConfigurationSkipSamples)
                  003ed0ea    00000038     device.obj (.text:_Device_init)
                  003ed122    00000038     CSMON_C28xx.lib : uart_drv.obj (.text:_UART_ReadDataRx)
                  003ed15a    00000037                     : csmon.obj (.text:_CSMON_u32GetRealAddressAndSizeOffsetFromParameter)
                  003ed191    00000036                     : csmon.obj (.text:_CSMON_vRecorderParamStartStopProcess)
                  003ed1c7    00000036                     : hmscope.obj (.text:_HMSCOPE_ReadScope)
                  003ed1fd    00000036                     : hmserial.obj (.text:_HMSERIAL_vSendResponse)
                  003ed233    00000035                     : hmdrv.obj (.text:_HMDRV_CopyToBufferInternal)
                  003ed268    00000033                     : hmmodbus.obj (.text:_HMMODBUS_Listen)
                  003ed29b    00000032                     : csmon.obj (.text:_CSMON_eSetParameterInRecorderAtPosition)
                  003ed2cd    00000032                     : csmon.obj (.text:_CSMON_eSetParameterInScopeAtPosition)
                  003ed2ff    0000002e                     : hmserial.obj (.text:_HMSERIAL_vProcessSCIFreemasterOnly)
                  003ed32d    0000002d                     : hmserial.obj (.text:_HMSERIAL_Listen)
                  003ed35a    0000002d                     : hmrecparam.obj (.text:_RecorderTimeFromLocalDateTime)
                  003ed387    0000002b                     : csmon.obj (.text:_CSMON_vSetupHoldingRegistersAndCoilsAddressTableAccessAll)
                  003ed3b2    0000002b                     : hmrecparam.obj (.text:_FillTimeData)
                  003ed3dd    0000002a     rts2800_ml.lib : fd_cmp28.asm.obj (.text)
                  003ed407    00000029                    : exit.c.obj (.text)
                  003ed430    00000029                    : fs_tol28.asm.obj (.text)
                  003ed459    00000028     CSMON_C28xx.lib : csmon.obj (.text:_CSMON_bAutorizationPasswordCheck)
                  003ed481    00000027                     : csmon.obj (.text:_CSMON_u32GetParameterCheckSum)
                  003ed4a8    00000027                     : hmserial.obj (.text:_HMSERIAL_vProcessSCITXISR)
                  003ed4cf    00000026                     : hmdrv.obj (.text:_HMDRV_CopyFromBufferInternalWithMaskModbus)
                  003ed4f5    00000025                     : hmserial.obj (.text:_HMSERIAL_Tx)
                  003ed51a    00000025     rts2800_ml.lib : fs_toi28.asm.obj (.text)
                  003ed53f    00000024     CSMON_C28xx.lib : csmon.obj (.text:_CSMON_vAutorizationReset)
                  003ed563    00000024                     : hmprotocol.obj (.text:_HMPROTOCOL_ReadMem)
                  003ed587    00000024                     : modbusreg.obj (.text:_MODBUSREG_vInitHoldingRegistersTableChangesExternalList)
                  003ed5ab    00000024                     : hmrecparam.obj (.text:_RecorderDateFromLocalDateTime)
                  003ed5cf    00000024     sci_driver.obj (.text:_SCIA_DRV_RXFIFOISR)
                  003ed5f3    00000024     sci_driver.obj (.text:_SCIA_DRV_TXFIFOISR)
                  003ed617    00000024     sci_drv.obj (.text:_SCIA_RXFIFOISR)
                  003ed63b    00000024     sci_drv.obj (.text:_SCIA_TXFIFOISR)
                  003ed65f    00000024     sci_driver.obj (.text:_SCIB_DRV_RXFIFOISR)
                  003ed683    00000024     sci_driver.obj (.text:_SCIB_DRV_TXFIFOISR)
                  003ed6a7    00000024     sci_drv.obj (.text:_SCIB_RXFIFOISR)
                  003ed6cb    00000024     sci_drv.obj (.text:_SCIB_TXFIFOISR)
                  003ed6ef    00000024     tmr_drv.obj (.text:_TMR_vInit)
                  003ed713    00000024     CSMON_C28xx.lib : hmmodbus.obj (.text:_vSetSampleCountAvailable)
                  003ed737    00000024     rts2800_ml.lib : cpy_tbl.c.obj (.text)
                  003ed75b    00000023     CSMON_C28xx.lib : csmon.obj (.text:_CSMON_vRecorderParamSetupProcess)
                  003ed77e    00000023                     : csmon.obj (.text:_CSMON_vSaveRecorderConfig)
                  003ed7a1    00000023                     : modbusreg.obj (.text:_MODBUSREG_FileRecorderElementSizeTableUsedSizeUpdateInit)
                  003ed7c4    00000023     rts2800_ml.lib : s_copysign.c.obj (.text)
                  003ed7e7    00000022                    : i_div28.asm.obj (.text)
                  003ed809    00000021     CSMON_C28xx.lib : hmdrv.obj (.text:_HMDRV_CopyFromBufferInternalWithMask)
                  003ed82a    00000021     sci.obj (.text:_SCI_setConfig)
                  003ed84b    00000021     rts2800_ml.lib : fd_tofs28.asm.obj (.text)
                  003ed86c    00000021                    : fs_toul28.asm.obj (.text)
                  003ed88d    00000020     CSMON_C28xx.lib : hmdrv.obj (.text:_HMDRV_vProcess)
                  003ed8ad    00000020     tmr_drv.obj (.text:_TMR_vInitCPUTimers)
                  003ed8cd    00000020     CSMON_C28xx.lib : hmmodbus.obj (.text:_vSetSampleCountBuffer)
                  003ed8ed    0000001f                     : csmon.obj (.text:_CSMON_u16FindIndexParameterTable)
                  003ed90c    0000001f                     : hmmodbus.obj (.text:_HMMODBUS_vInit)
                  003ed92b    0000001f     F2806x_PieCtrl.obj (.text:_InitPieCtrl)
                  003ed94a    0000001f     CSMON_C28xx.lib : hmmodbus.obj (.text:_vSetSampleSize)
                  003ed969    0000001f     rts2800_ml.lib : fd_tol28.asm.obj (.text)
                  003ed988    0000001d     CSMON_C28xx.lib : hmrecparam.obj (.text:_HMRECPRM_GetRecBuffFreemaster)
                  003ed9a5    0000001d                     : hmrec.obj (.text:_HMREC_GetRecBuffFreemaster)
                  003ed9c2    0000001d     rts2800_ml.lib : fs_tou28.asm.obj (.text)
                  003ed9df    0000001d                    : memcpy.c.obj (.text)
                  003ed9fc    0000001c     main.obj (.text:_CSMON_vGetDateTime)
                  003eda18    0000001c     CSMON_C28xx.lib : csmon.obj (.text:_HMRECPRM_vGetDateTime)
                  003eda34    0000001c     sci.obj (.text:_SCI_clearInterruptStatus)
                  003eda50    0000001c     CSMON_C28xx.lib : hmmodbus.obj (.text:_vSetIndexFileTable)
                  003eda6c    0000001c     rts2800_ml.lib : fs_tofd28.asm.obj (.text)
                  003eda88    0000001c                    : l_tofd28.asm.obj (.text)
                  003edaa4    0000001b     device.obj (.text:_Device_initGPIO)
                  003edabf    0000001b     CSMON_C28xx.lib : hmdrv.obj (.text:_HMDRV_AddressToBuffer)
                  003edada    0000001b     rts2800_ml.lib : fd_toul28.asm.obj (.text)
                  003edaf5    0000001a     CSMON_C28xx.lib : csmon.obj (.text:_CSMON_eSetParameterListRealAddress)
                  003edb0f    0000001a                     : hmmodbus.obj (.text:_HMMODBUS_vProcessSCITXISR)
                  003edb29    0000001a                     : hmrecparam.obj (.text:_HMRECPRM_StartRec)
                  003edb43    0000001a                     : hmserial.obj (.text:_HMSERIAL_vProcessSCITXISRFreemasterOnly)
                  003edb5d    0000001a     sci.obj (.text:_SCI_disableInterrupt)
                  003edb77    0000001a     sci.obj (.text:_SCI_enableInterrupt)
                  003edb91    0000001a     rts2800_ml.lib : l_tofs28.asm.obj (.text)
                  003edbab    00000019     CSMON_C28xx.lib : csmon.obj (.text:_CSMON_eSetParameterCountInRecorder)
                  003edbc4    00000019                     : hmdrv.obj (.text:_HMDRV_AddressFromBuffer)
                  003edbdd    00000019                     : uart_drv.obj (.text:_UART_vInit)
                  003edbf6    00000019                     : hmmodbus.obj (.text:_bGetFileReadAccess)
                  003edc0f    00000019     rts2800_ml.lib : prolog28.asm.obj (.text)
                  003edc28    00000018     CSMON_C28xx.lib : csmon.obj (.text:_CSMON_u32GetFreeRunningTimerMicroseconds)
                  003edc40    00000018                     : hmlib.obj (.text:_HMLIB_vProcessSCITXISRWithIndex)
                  003edc58    00000018     F2806x_SysCtrl.obj (.text:_InitSysCtrl)
                  003edc70    00000018     rts2800_ml.lib : ll_aox28.asm.obj (.text)
                  003edc88    00000017     CSMON_C28xx.lib : csmon.obj (.text:_CSMON_vFileParameterCountCheckSumUpdate)
                  003edc9f    00000017                     : hmmodbus.obj (.text:_HMMODBUS_Tx)
                  003edcb6    00000017                     : hmmodbus.obj (.text:_HMMODBUS_vProcessTxDelay)
                  003edccd    00000017                     : hmprotocol.obj (.text:_HMPROTOCOL_WriteMem)
                  003edce4    00000017                     : hmprotocol.obj (.text:_HMPROTOCOL_WriteMemMask)
                  003edcfb    00000017                     : hmmodbus.obj (.text:_vSetBufferAddressStart)
                  003edd12    00000017     rts2800_ml.lib : fs_cmp28.asm.obj (.text)
                  003edd29    00000017                    : u_tofd28.asm.obj (.text)
                  003edd40    00000016     CSMON_C28xx.lib : csmon.obj (.text:_CSMON_eSetParameterCountInScope)
                  003edd56    00000016                     : hmdrv.obj (.text:_HMDRV_AddressFromBufferBigEndian)
                  003edd6c    00000015                     : hmrecparam.obj (.text:_HMRECPRM_Comparefloat)
                  003edd81    00000015                     : hmrec.obj (.text:_HMREC_Comparefloat)
                  003edd96    00000015                     : hmrec.obj (.text:_HMREC_StartRec)
                  003eddab    00000015     F2806x_Gpio.obj (.text:_InitGpio)
                  003eddc0    00000014     CSMON_C28xx.lib : hmlib.obj (.text:_HMLIB_vProcessFastTD)
                  003eddd4    00000014                     : hmmodbus.obj (.text:_HMMODBUS_DelayedTx)
                  003edde8    00000014                     : hmrecparam.obj (.text:_HMRECPRM_StopRecParam)
                  003eddfc    00000014                     : hmserial.obj (.text:_HMSERIAL_DelayedTx)
                  003ede10    00000013                     : csmon.obj (.text:_CSMON_eSetFlagProcessPassed)
                  003ede23    00000013     rts2800_ml.lib : ul_tofs28.asm.obj (.text)
                  003ede36    00000012     CSMON_C28xx.lib : hmdrv.obj (.text:_HMDRV_GetStringLengthFromWordInternal)
                  003ede48    00000012                     : hmmodbus.obj (.text:_HMMODBUS_vSetupRegisterDummy)
                  003ede5a    00000012                     : hmrecparam.obj (.text:_HMRECPRM_CompareBOOL)
                  003ede6c    00000012                     : modbusreg.obj (.text:_MODBUSREG_vFileDenyAccess)
                  003ede7e    00000012                     : uart_drv.obj (.text:_UART_TxIntDis)
                  003ede90    00000012                     : uart_drv.obj (.text:_UART_TxIntEna)
                  003edea2    00000011     main.obj (.text:_CSMON_vSetDateTime)
                  003edeb3    00000011     CSMON_C28xx.lib : hmserial.obj (.text:_HMSERIAL_vInit)
                  003edec4    00000011     F2806x_PieVect.obj (.text:_InitPieVectTable)
                  003eded5    00000011     main.obj (.text:_vSetWatchdogPrescalerTimeDiv)
                  003edee6    00000011     rts2800_ml.lib : args_main.c.obj (.text)
                  003edef7    00000010     device.obj (.text:_Example_MemCopy)
                  003edf07    00000010     CSMON_C28xx.lib : hmlib.obj (.text:_HMLIB_vInitRecParamBuff)
                  003edf17    00000010     F2806x_SysCtrl.obj (.text:_IntOsc1Sel)
                  003edf27    00000010     CSMON_C28xx.lib : hmmodbus.obj (.text:_bIsValidEndAddressInBuffer)
                  003edf37    00000010                     : hmmodbus.obj (.text:_u32BytesMemoryToBytesModbus)
                  003edf47    00000010                     : hmmodbus.obj (.text:_u32BytesModbusToBytesMemory)
                  003edf57    00000010     main.obj (.text:_vGetWatchdogPrescaler)
                  003edf67    00000010     rts2800_ml.lib : u_tofs28.asm.obj (.text)
                  003edf77    0000000f     CSMON_C28xx.lib : hmlib.obj (.text:_HMLIB_vProcessRecorders)
                  003edf86    0000000f                     : hmmodbus.obj (.text:_HMMODBUS_CalcCRC)
                  003edf95    0000000f                     : uart_drv.obj (.text:_UART_IsTxEmpty)
                  003edfa4    0000000e                     : hmdrv.obj (.text:_HMDRV_GetStringLengthInternal)
                  003edfb2    0000000e                     : hmrecparam.obj (.text:_HMRECPRM_Compare16S)
                  003edfc0    0000000e                     : hmrecparam.obj (.text:_HMRECPRM_Compare16U)
                  003edfce    0000000e                     : hmrecparam.obj (.text:_HMRECPRM_Compare32S)
                  003edfdc    0000000e                     : hmrecparam.obj (.text:_HMRECPRM_Compare32U)
                  003edfea    0000000e                     : hmrecparam.obj (.text:_HMRECPRM_Compare8S)
                  003edff8    0000000e                     : hmrecparam.obj (.text:_HMRECPRM_Compare8U)
                  003ee006    0000000e                     : hmrec.obj (.text:_HMREC_Compare16S)
                  003ee014    0000000e                     : hmrec.obj (.text:_HMREC_Compare16U)
                  003ee022    0000000e                     : hmrec.obj (.text:_HMREC_Compare32S)
                  003ee030    0000000e                     : hmrec.obj (.text:_HMREC_Compare32U)
                  003ee03e    0000000e                     : hmrec.obj (.text:_HMREC_Compare8S)
                  003ee04c    0000000e                     : hmrec.obj (.text:_HMREC_Compare8U)
                  003ee05a    0000000e                     : hmmodbus.obj (.text:_u32FitAddressCircleBufferInside)
                  003ee068    0000000e     rts2800_ml.lib : fd_sub28.asm.obj (.text)
                  003ee076    0000000d     CSMON_C28xx.lib : csmon.obj (.text:_CSMON_eResetParameterTable)
                  003ee083    0000000d                     : csmon.obj (.text:_CSMON_vInitHoldingRegistersTableChanges)
                  003ee090    0000000d                     : hmrecparam.obj (.text:_HMRECPRM_IsJustStopped)
                  003ee09d    0000000d                     : hmrecparam.obj (.text:_HMRECPRM_StopRec)
                  003ee0aa    0000000d                     : hmrec.obj (.text:_HMREC_StopRec)
                  003ee0b7    0000000d                     : modbusreg.obj (.text:_MODBUSREG_vFileAllowAccess)
                  003ee0c4    0000000d     tmr_drv.obj (.text:_TIMER_vSetupTimerMainFunctionDelayCompare)
                  003ee0d1    0000000d     CSMON_C28xx.lib : uart_drv.obj (.text:_UART_ReadDataRxAvailable)
                  003ee0de    0000000c                     : hmlib.obj (.text:_HMLIB_vProcess)
                  003ee0ea    0000000c                     : hmrecparam.obj (.text:_HMRECPRM_GetBufferRecParamPtrAddress)
                  003ee0f6    0000000c                     : hmrecparam.obj (.text:_HMRECPRM_TriggerRec)
                  003ee102    0000000c                     : hmmodbus.obj (.text:_u32FixAddressCircleBufferOverflow)
                  003ee10e    0000000c     rts2800_ml.lib : epilog28.asm.obj (.text)
                  003ee11a    0000000b     CSMON_C28xx.lib : hmmodbus.obj (.text:_HMMODBUS_vProcessFastTD)
                  003ee125    0000000b                     : hmrecparam.obj (.text:_HMRECPRM_IsRunning)
                  003ee130    0000000b                     : hmrecparam.obj (.text:_HMRECPRM_vResetAllStopDetections)
                  003ee13b    0000000b                     : hmserial.obj (.text:_HMSERIAL_vProcessFastTD)
                  003ee146    0000000b                     : modbusreg.obj (.text:_MODBUSREG_vDataZero)
                  003ee151    0000000b     sci_driver.obj (.text:_SCI_DRV_eGetModuleIndexFromBase)
                  003ee15c    0000000b     sci_drv.obj (.text:_SCI_eGetModuleIndexFromBase)
                  003ee167    0000000b     CSMON_C28xx.lib : uart_drv.obj (.text:_UART_TxDis)
                  003ee172    0000000b                     : uart_drv.obj (.text:_UART_TxEna)
                  003ee17d    0000000b                     : hmmodbus.obj (.text:_bIsValidIndexFileTable)
                  003ee188    0000000b     rts2800_ml.lib : u_div28.asm.obj (.text)
                  003ee193    0000000a     CSMON_C28xx.lib : hmrecparam.obj (.text:_HMRECPRM_ClrLastStopDetectionToRecorderStopSamplesCounter)
                  003ee19d    0000000a                     : hmrecparam.obj (.text:_HMRECPRM_GetRecStatus)
                  003ee1a7    0000000a                     : hmrec.obj (.text:_HMREC_GetRecStatus)
                  003ee1b1    00000009                     : csmon.obj (.text:_CSMON_eSetParameterListParameterID)
                  003ee1ba    00000009                     : csmon.obj (.text:_CSMON_eSetParameterListProcessFunc)
                  003ee1c3    00000009                     : csmon.obj (.text:_CSMON_eSetParameterListRegisterFlags)
                  003ee1cc    00000009                     : csmon.obj (.text:_CSMON_eSetParameterListRegisterSize)
                  003ee1d5    00000009                     : csmon.obj (.text:_CSMON_eSetServerOnStatus)
                  003ee1de    00000009                     : hmmodbus.obj (.text:_HMMODBUS_vProcessFreeTimer)
                  003ee1e7    00000009                     : hmmodbus.obj (.text:_HMMODBUS_vProcessRxDelay)
                  003ee1f0    00000009                     : hmrecparam.obj (.text:_HMRECPRM_GetExternBufferRecParamLastPointedAddress)
                  003ee1f9    00000009                     : hmrecparam.obj (.text:_HMRECPRM_GetExternBufferRecParamPtrAddress)
                  003ee202    00000009                     : hmrecparam.obj (.text:_HMRECPRM_vDisableAllStopDetections)
                  003ee20b    00000009                     : hmrec.obj (.text:_HMREC_TriggerRec)
                  003ee214    00000009                     : hmscopeparam.obj (.text:_HMSCOPEPRM_GetBufferScopeParamAddress)
                  003ee21d    00000009                     : hmserial.obj (.text:_HMSERIAL_vProcessFreeTimer)
                  003ee226    00000009     tmr_drv.obj (.text:_TIMER_vResetTimerMainFunctionDelayCounter)
                  003ee22f    00000009     tmr_drv.obj (.text:_TIMER_vSetupTimerMainDelayedFunctionSendData)
                  003ee238    00000009     CSMON_C28xx.lib : uart_drv.obj (.text:_UART_PutChar)
                  003ee241    00000009                     : uart_drv.obj (.text:_UART_ReadDataRxTimeDiff)
                  003ee24a    00000009     rts2800_ml.lib : _lock.c.obj (.text)
                  003ee253    00000009                    : fd_neg28.asm.obj (.text)
                  003ee25c    00000008     Example_Flash2806x_CsmKeys.obj (.text)
                  003ee264    00000008     F2806x_CodeStartBranch.obj (.text)
                  003ee26c    00000008     CSMON_C28xx.lib : csmon.obj (.text:_CSMON_vInitScopes)
                  003ee274    00000008     F2806x_SysCtrl.obj (.text:_DisableDog)
                  003ee27c    00000008     CSMON_C28xx.lib : hmdrv.obj (.text:_HMDRV_CopyFromBufferWithMaskModbus)
                  003ee284    00000008                     : hmmodbus.obj (.text:_HMMODBUS_vSetupHoldingRegistersProcessFuncTable)
                  003ee28c    00000008                     : hmmodbus.obj (.text:_HMMODBUS_vSetupHoldingRegistersRealAddressTable)
                  003ee294    00000008                     : hmmodbus.obj (.text:_HMMODBUS_vSetupHoldingRegistersRegisterFlagsTable)
                  003ee29c    00000008                     : hmmodbus.obj (.text:_HMMODBUS_vSetupHoldingRegistersRegisterSizeTable)
                  003ee2a4    00000008                     : hmmodbus.obj (.text:_HMMODBUS_vSetupHoldingRegistersVirtAddressTable)
                  003ee2ac    00000008                     : hmrecparam.obj (.text:_HMRECPRM_GetExternRecParamAddress)
                  003ee2b4    00000008                     : hmrecparam.obj (.text:_HMRECPRM_GetExternRecParamPtrMaximumUsedSampleCount)
                  003ee2bc    00000008                     : hmrecparam.obj (.text:_HMRECPRM_GetExternRecParamPtrSampleSize)
                  003ee2c4    00000008                     : hmrecparam.obj (.text:_HMRECPRM_GetRecParamPtrAvailableSampleCount)
                  003ee2cc    00000008                     : hmrecparam.obj (.text:_HMRECPRM_GetRecParamPtrLastSampleIndex)
                  003ee2d4    00000008                     : hmrecparam.obj (.text:_HMRECPRM_GetRecParamPtrMaximumUsedSampleCount)
                  003ee2dc    00000008                     : hmrecparam.obj (.text:_HMRECPRM_GetRecParamPtrSampleSize)
                  003ee2e4    00000008                     : hmrecparam.obj (.text:_HMRECPRM_GetStatusRecParamAddress)
                  003ee2ec    00000008                     : hmrecparam.obj (.text:_HMRECPRM_vInit)
                  003ee2f4    00000008                     : hmrec.obj (.text:_HMREC_vInit)
                  003ee2fc    00000007     F2806x_DisInt.obj (.text)
                  003ee303    00000007     CSMON_C28xx.lib : hmlib.obj (.text:_HMLIB_vProcessDifferentPorts)
                  003ee30a    00000007                     : hmscopeparam.obj (.text:_HMSCOPEPRM_GetStatusScopeParamAddress)
                  003ee311    00000007                     : modbusreg.obj (.text:_MODBUSREG_vInitHoldingRegistersTableChanges)
                  003ee318    00000007     sci_driver.obj (.text:_SCI_DRV_u32GetBaseFromModuleIndex)
                  003ee31f    00000007     sci_drv.obj (.text:_SCI_u32GetBaseFromModuleIndex)
                  003ee326    00000006     cputimer.obj (.text:_CPUTimer_setEmulationMode)
                  003ee32c    00000006     CSMON_C28xx.lib : hmrecparam.obj (.text:_HMRECPRM_SetUpRecBuff)
                  003ee332    00000006                     : hmrec.obj (.text:_HMREC_SetUpRecBuff)
                  003ee338    00000006     tmr_drv.obj (.text:_TIMER_u16ResetTimerMainPeriod)
                  003ee33e    00000006     uart_driver.obj (.text:_UART_DRV_GetChar)
                  003ee344    00000006     CSMON_C28xx.lib : uart_drv.obj (.text:_UART_GetChar)
                  003ee34a    00000005     F2806x_DefaultIsr.obj (.text:_ADCINT1_ISR)
                  003ee34f    00000005     F2806x_DefaultIsr.obj (.text:_ADCINT2_ISR)
                  003ee354    00000005     F2806x_DefaultIsr.obj (.text:_ADCINT3_ISR)
                  003ee359    00000005     F2806x_DefaultIsr.obj (.text:_ADCINT4_ISR)
                  003ee35e    00000005     F2806x_DefaultIsr.obj (.text:_ADCINT5_ISR)
                  003ee363    00000005     F2806x_DefaultIsr.obj (.text:_ADCINT6_ISR)
                  003ee368    00000005     F2806x_DefaultIsr.obj (.text:_ADCINT7_ISR)
                  003ee36d    00000005     F2806x_DefaultIsr.obj (.text:_ADCINT8_ISR)
                  003ee372    00000005     F2806x_DefaultIsr.obj (.text:_ADCINT9_ISR)
                  003ee377    00000005     F2806x_DefaultIsr.obj (.text:_CLA1_INT1_ISR)
                  003ee37c    00000005     F2806x_DefaultIsr.obj (.text:_CLA1_INT2_ISR)
                  003ee381    00000005     F2806x_DefaultIsr.obj (.text:_CLA1_INT3_ISR)
                  003ee386    00000005     F2806x_DefaultIsr.obj (.text:_CLA1_INT4_ISR)
                  003ee38b    00000005     F2806x_DefaultIsr.obj (.text:_CLA1_INT5_ISR)
                  003ee390    00000005     F2806x_DefaultIsr.obj (.text:_CLA1_INT6_ISR)
                  003ee395    00000005     F2806x_DefaultIsr.obj (.text:_CLA1_INT7_ISR)
                  003ee39a    00000005     F2806x_DefaultIsr.obj (.text:_CLA1_INT8_ISR)
                  003ee39f    00000005     CSMON_C28xx.lib : csmon.obj (.text:_CSMON_eSetAutoServiceWatchdogInternalSlowCalculationsInMainLoop)
                  003ee3a4    00000005                     : csmon.obj (.text:_CSMON_eSetFirmwareApplicationVersion)
                  003ee3a9    00000005                     : csmon.obj (.text:_CSMON_eSetMaxTimeInISR)
                  003ee3ae    00000005                     : csmon.obj (.text:_CSMON_eSetMinGuaranteedTimeBetweenTwoISRs)
                  003ee3b3    00000005                     : csmon.obj (.text:_CSMON_u16ParametersAccessListIndexGenerate)
                  003ee3b8    00000005                     : csmon.obj (.text:_CSMON_u32GetFreeRunningTimerTicks)
                  003ee3bd    00000005                     : csmon.obj (.text:_CSMON_u32GetParameterAuxCheckSum)
                  003ee3c2    00000005                     : csmon.obj (.text:_CSMON_u32GetParameterStringCheckSum)
                  003ee3c7    00000005                     : csmon.obj (.text:_CSMON_vSetDateTimeRequest)
                  003ee3cc    00000005     F2806x_DefaultIsr.obj (.text:_DATALOG_ISR)
                  003ee3d1    00000005     F2806x_DefaultIsr.obj (.text:_DINTCH1_ISR)
                  003ee3d6    00000005     F2806x_DefaultIsr.obj (.text:_DINTCH2_ISR)
                  003ee3db    00000005     F2806x_DefaultIsr.obj (.text:_DINTCH3_ISR)
                  003ee3e0    00000005     F2806x_DefaultIsr.obj (.text:_DINTCH4_ISR)
                  003ee3e5    00000005     F2806x_DefaultIsr.obj (.text:_DINTCH5_ISR)
                  003ee3ea    00000005     F2806x_DefaultIsr.obj (.text:_DINTCH6_ISR)
                  003ee3ef    00000005     F2806x_DefaultIsr.obj (.text:_ECAN0INTA_ISR)
                  003ee3f4    00000005     F2806x_DefaultIsr.obj (.text:_ECAN1INTA_ISR)
                  003ee3f9    00000005     F2806x_DefaultIsr.obj (.text:_ECAP1_INT_ISR)
                  003ee3fe    00000005     F2806x_DefaultIsr.obj (.text:_ECAP2_INT_ISR)
                  003ee403    00000005     F2806x_DefaultIsr.obj (.text:_ECAP3_INT_ISR)
                  003ee408    00000005     F2806x_DefaultIsr.obj (.text:_EMPTY_ISR)
                  003ee40d    00000005     F2806x_DefaultIsr.obj (.text:_EMUINT_ISR)
                  003ee412    00000005     F2806x_DefaultIsr.obj (.text:_EPWM1_INT_ISR)
                  003ee417    00000005     F2806x_DefaultIsr.obj (.text:_EPWM1_TZINT_ISR)
                  003ee41c    00000005     F2806x_DefaultIsr.obj (.text:_EPWM2_INT_ISR)
                  003ee421    00000005     F2806x_DefaultIsr.obj (.text:_EPWM2_TZINT_ISR)
                  003ee426    00000005     F2806x_DefaultIsr.obj (.text:_EPWM3_INT_ISR)
                  003ee42b    00000005     F2806x_DefaultIsr.obj (.text:_EPWM3_TZINT_ISR)
                  003ee430    00000005     F2806x_DefaultIsr.obj (.text:_EPWM4_INT_ISR)
                  003ee435    00000005     F2806x_DefaultIsr.obj (.text:_EPWM4_TZINT_ISR)
                  003ee43a    00000005     F2806x_DefaultIsr.obj (.text:_EPWM5_INT_ISR)
                  003ee43f    00000005     F2806x_DefaultIsr.obj (.text:_EPWM5_TZINT_ISR)
                  003ee444    00000005     F2806x_DefaultIsr.obj (.text:_EPWM6_INT_ISR)
                  003ee449    00000005     F2806x_DefaultIsr.obj (.text:_EPWM6_TZINT_ISR)
                  003ee44e    00000005     F2806x_DefaultIsr.obj (.text:_EPWM7_INT_ISR)
                  003ee453    00000005     F2806x_DefaultIsr.obj (.text:_EPWM7_TZINT_ISR)
                  003ee458    00000005     F2806x_DefaultIsr.obj (.text:_EPWM8_INT_ISR)
                  003ee45d    00000005     F2806x_DefaultIsr.obj (.text:_EPWM8_TZINT_ISR)
                  003ee462    00000005     F2806x_DefaultIsr.obj (.text:_EQEP1_INT_ISR)
                  003ee467    00000005     F2806x_DefaultIsr.obj (.text:_EQEP2_INT_ISR)
                  003ee46c    00000005     CSMON_C28xx.lib : hmlib.obj (.text:_HMLIB_vProcessSamePort)
                  003ee471    00000005                     : hmlib.obj (.text:_HMLIB_vRecorder0)
                  003ee476    00000005                     : hmlib.obj (.text:_HMLIB_vRecorder1)
                  003ee47b    00000005                     : hmlib.obj (.text:_HMLIB_vRecorder2)
                  003ee480    00000005                     : hmmodbus.obj (.text:_HMMODBUS_bGetReceivedMessage)
                  003ee485    00000005                     : hmmodbus.obj (.text:_HMMODBUS_vFileTable)
                  003ee48a    00000005     F2806x_DefaultIsr.obj (.text:_HRCAP1_INT_ISR)
                  003ee48f    00000005     F2806x_DefaultIsr.obj (.text:_HRCAP2_INT_ISR)
                  003ee494    00000005     F2806x_DefaultIsr.obj (.text:_HRCAP3_INT_ISR)
                  003ee499    00000005     F2806x_DefaultIsr.obj (.text:_HRCAP4_INT_ISR)
                  003ee49e    00000005     F2806x_DefaultIsr.obj (.text:_I2CINT1A_ISR)
                  003ee4a3    00000005     F2806x_DefaultIsr.obj (.text:_I2CINT2A_ISR)
                  003ee4a8    00000005     F2806x_DefaultIsr.obj (.text:_ILLEGAL_ISR)
                  003ee4ad    00000005     F2806x_DefaultIsr.obj (.text:_INT13_ISR)
                  003ee4b2    00000005     F2806x_DefaultIsr.obj (.text:_INT14_ISR)
                  003ee4b7    00000005     interrupt.obj (.text:_IntDefaultHandler)
                  003ee4bc    00000005     F2806x_DefaultIsr.obj (.text:_LUF_ISR)
                  003ee4c1    00000005     F2806x_DefaultIsr.obj (.text:_LVF_ISR)
                  003ee4c6    00000005     CSMON_C28xx.lib : modbusreg.obj (.text:_MODBUSREG_vSetTableProcessFuncInRam)
                  003ee4cb    00000005                     : modbusreg.obj (.text:_MODBUSREG_vSetTableRealAddressInRam)
                  003ee4d0    00000005                     : modbusreg.obj (.text:_MODBUSREG_vSetTableRegisterFlags)
                  003ee4d5    00000005                     : modbusreg.obj (.text:_MODBUSREG_vSetTableRegisterSize)
                  003ee4da    00000005                     : modbusreg.obj (.text:_MODBUSREG_vSetTableVirtAddress)
                  003ee4df    00000005     F2806x_DefaultIsr.obj (.text:_MRINTA_ISR)
                  003ee4e4    00000005     F2806x_DefaultIsr.obj (.text:_MXINTA_ISR)
                  003ee4e9    00000005     F2806x_DefaultIsr.obj (.text:_NMI_ISR)
                  003ee4ee    00000005     F2806x_DefaultIsr.obj (.text:_PIE_RESERVED)
                  003ee4f3    00000005     F2806x_DefaultIsr.obj (.text:_RTOSINT_ISR)
                  003ee4f8    00000005     F2806x_DefaultIsr.obj (.text:_SCIRXINTA_ISR)
                  003ee4fd    00000005     F2806x_DefaultIsr.obj (.text:_SCIRXINTB_ISR)
                  003ee502    00000005     F2806x_DefaultIsr.obj (.text:_SCITXINTA_ISR)
                  003ee507    00000005     F2806x_DefaultIsr.obj (.text:_SCITXINTB_ISR)
                  003ee50c    00000005     F2806x_DefaultIsr.obj (.text:_SPIRXINTA_ISR)
                  003ee511    00000005     F2806x_DefaultIsr.obj (.text:_SPIRXINTB_ISR)
                  003ee516    00000005     F2806x_DefaultIsr.obj (.text:_SPITXINTA_ISR)
                  003ee51b    00000005     F2806x_DefaultIsr.obj (.text:_SPITXINTB_ISR)
                  003ee520    00000005     tmr_drv.obj (.text:_TIMER_vSetupTimerMainDelayedData)
                  003ee525    00000005     F2806x_DefaultIsr.obj (.text:_TINT0_ISR)
                  003ee52a    00000005     F2806x_DefaultIsr.obj (.text:_USB0_INT_ISR)
                  003ee52f    00000005     F2806x_DefaultIsr.obj (.text:_USER10_ISR)
                  003ee534    00000005     F2806x_DefaultIsr.obj (.text:_USER11_ISR)
                  003ee539    00000005     F2806x_DefaultIsr.obj (.text:_USER12_ISR)
                  003ee53e    00000005     F2806x_DefaultIsr.obj (.text:_USER1_ISR)
                  003ee543    00000005     F2806x_DefaultIsr.obj (.text:_USER2_ISR)
                  003ee548    00000005     F2806x_DefaultIsr.obj (.text:_USER3_ISR)
                  003ee54d    00000005     F2806x_DefaultIsr.obj (.text:_USER4_ISR)
                  003ee552    00000005     F2806x_DefaultIsr.obj (.text:_USER5_ISR)
                  003ee557    00000005     F2806x_DefaultIsr.obj (.text:_USER6_ISR)
                  003ee55c    00000005     F2806x_DefaultIsr.obj (.text:_USER7_ISR)
                  003ee561    00000005     F2806x_DefaultIsr.obj (.text:_USER8_ISR)
                  003ee566    00000005     F2806x_DefaultIsr.obj (.text:_USER9_ISR)
                  003ee56b    00000005     F2806x_DefaultIsr.obj (.text:_WAKEINT_ISR)
                  003ee570    00000005     F2806x_DefaultIsr.obj (.text:_XINT1_ISR)
                  003ee575    00000005     F2806x_DefaultIsr.obj (.text:_XINT2_ISR)
                  003ee57a    00000005     F2806x_DefaultIsr.obj (.text:_XINT3_ISR)
                  003ee57f    00000005     F2806x_DefaultIsr.obj (.text:_rsvd_ISR)
                  003ee584    00000005     rts2800_ml.lib : fs_neg28.asm.obj (.text)
                  003ee589    00000004     CSMON_C28xx.lib : csmon.obj (.text:_CSMON_eApplyParameterChanges)
                  003ee58d    00000004                     : csmon.obj (.text:_CSMON_eRegisterWriteParElementCallbackFunction)
                  003ee591    00000004                     : csmon.obj (.text:_CSMON_eSetInternalTimerPeriod)
                  003ee595    00000004                     : csmon.obj (.text:_CSMON_eSetTimerPeriodISRFunctionRegister)
                  003ee599    00000004                     : csmon.obj (.text:_CSMON_u32GetBaudError_PPM)
                  003ee59d    00000004                     : csmon.obj (.text:_CSMON_vAddSetupRecorderParameterMask)
                  003ee5a1    00000004                     : csmon.obj (.text:_CSMON_vSetStartRecorderParameterMask)
                  003ee5a5    00000004                     : hmdrv.obj (.text:_HMDRV_SetExAddr)
                  003ee5a9    00000004                     : hmdrv.obj (.text:_HMDRV_u32GetDeviceSYSCLKFreq)
                  003ee5ad    00000004                     : hmdrv.obj (.text:_HMDRV_u32GetSCIErrorPPM)
                  003ee5b1    00000004                     : hmlib.obj (.text:_HMLIB_vRecorderParam0)
                  003ee5b5    00000004                     : hmlib.obj (.text:_HMLIB_vRecorderParam1)
                  003ee5b9    00000004                     : hmlib.obj (.text:_HMLIB_vRecorderParam2)
                  003ee5bd    00000004                     : hmmodbus.obj (.text:_HMMODBUS_u32GetAddressMessageCounterThisDevice)
                  003ee5c1    00000004                     : hmmodbus.obj (.text:_HMMODBUS_vSetAddressMessageCounterThisDevice)
                  003ee5c5    00000004                     : hmmodbus.obj (.text:_HMMODBUS_vSetDeviceIDMajorMinorRevision)
                  003ee5c9    00000004                     : hmmodbus.obj (.text:_HMMODBUS_vSetDeviceIDMajorMinorRevisionLength)
                  003ee5cd    00000004                     : hmmodbus.obj (.text:_HMMODBUS_vSetDeviceIDModelName)
                  003ee5d1    00000004                     : hmmodbus.obj (.text:_HMMODBUS_vSetDeviceIDModelNameLength)
                  003ee5d5    00000004                     : hmmodbus.obj (.text:_HMMODBUS_vSetDeviceIDProductCode)
                  003ee5d9    00000004                     : hmmodbus.obj (.text:_HMMODBUS_vSetDeviceIDProductCodeLength)
                  003ee5dd    00000004                     : hmmodbus.obj (.text:_HMMODBUS_vSetDeviceIDProductName)
                  003ee5e1    00000004                     : hmmodbus.obj (.text:_HMMODBUS_vSetDeviceIDProductNameLength)
                  003ee5e5    00000004                     : hmmodbus.obj (.text:_HMMODBUS_vSetDeviceIDUserApplicationName)
                  003ee5e9    00000004                     : hmmodbus.obj (.text:_HMMODBUS_vSetDeviceIDUserApplicationNameLength)
                  003ee5ed    00000004                     : hmmodbus.obj (.text:_HMMODBUS_vSetDeviceIDUserReserve0)
                  003ee5f1    00000004                     : hmmodbus.obj (.text:_HMMODBUS_vSetDeviceIDUserReserve0Length)
                  003ee5f5    00000004                     : hmmodbus.obj (.text:_HMMODBUS_vSetDeviceIDUserReserve1)
                  003ee5f9    00000004                     : hmmodbus.obj (.text:_HMMODBUS_vSetDeviceIDUserReserve1Length)
                  003ee5fd    00000004                     : hmmodbus.obj (.text:_HMMODBUS_vSetDeviceIDUserReserve2)
                  003ee601    00000004                     : hmmodbus.obj (.text:_HMMODBUS_vSetDeviceIDUserReserve2Length)
                  003ee605    00000004                     : hmmodbus.obj (.text:_HMMODBUS_vSetDeviceIDVendorName)
                  003ee609    00000004                     : hmmodbus.obj (.text:_HMMODBUS_vSetDeviceIDVendorNameLength)
                  003ee60d    00000004                     : hmmodbus.obj (.text:_HMMODBUS_vSetDeviceIDVendorUrl)
                  003ee611    00000004                     : hmmodbus.obj (.text:_HMMODBUS_vSetDeviceIDVendorUrlLength)
                  003ee615    00000004                     : hmmodbus.obj (.text:_HMMODBUS_vSetServerIDDataAddress)
                  003ee619    00000004                     : hmmodbus.obj (.text:_HMMODBUS_vSetServerIDLength)
                  003ee61d    00000004                     : hmmodbus.obj (.text:_HMMODBUS_vSetServerIDNumber)
                  003ee621    00000004                     : hmmodbus.obj (.text:_HMMODBUS_vSetServerOnStatus)
                  003ee625    00000004                     : hmmodbus.obj (.text:_HMMODBUS_vSetupHoldingRegistersAccessTableInRam)
                  003ee629    00000004                     : hmmodbus.obj (.text:_HMMODBUS_vSetupWriteParElementCallbackFunction)
                  003ee62d    00000004     interrupt.obj (.text:_IntMasterDisable)
                  003ee631    00000004     interrupt.obj (.text:_IntMasterEnable)
                  003ee635    00000004     CSMON_C28xx.lib : modbusreg.obj (.text:_MODBUSREG_u16GetHoldRegFillCount)
                  003ee639    00000004                     : modbusreg.obj (.text:_MODBUSREG_u16GetHoldRegUsedCount)
                  003ee63d    00000004                     : modbusreg.obj (.text:_MODBUSREG_u16GetTableRegisterFlagsElementOffset)
                  003ee641    00000004                     : modbusreg.obj (.text:_MODBUSREG_u16GetTableRegisterSizeElementOffset)
                  003ee645    00000004                     : modbusreg.obj (.text:_MODBUSREG_u16GetTableVirtAddressElementOffset)
                  003ee649    00000004                     : modbusreg.obj (.text:_MODBUSREG_u32GetRegisterAccessTableInRam)
                  003ee64d    00000004                     : modbusreg.obj (.text:_MODBUSREG_u32GetTableRegisterFlags)
                  003ee651    00000004                     : modbusreg.obj (.text:_MODBUSREG_u32GetTableRegisterSize)
                  003ee655    00000004                     : modbusreg.obj (.text:_MODBUSREG_u32GetTableVirtAddress)
                  003ee659    00000004                     : modbusreg.obj (.text:_MODBUSREG_vSetFileAutorization_FunctionAfterWriteFileRecordTable)
                  003ee65d    00000004                     : modbusreg.obj (.text:_MODBUSREG_vSetFileParamCount_FunctionBeforeReadFileRecord)
                  003ee661    00000004                     : modbusreg.obj (.text:_MODBUSREG_vSetFileRTC_FunctionAfterReadFileRecord)
                  003ee665    00000004                     : modbusreg.obj (.text:_MODBUSREG_vSetFileRTC_FunctionAfterWriteFileRecord)
                  003ee669    00000004                     : modbusreg.obj (.text:_MODBUSREG_vSetFileRecConfig_FunctionAfterWriteFileRecord)
                  003ee66d    00000004                     : modbusreg.obj (.text:_MODBUSREG_vSetFileRecStatus_FunctionIndexGenerationFileRecord)
                  003ee671    00000004                     : modbusreg.obj (.text:_MODBUSREG_vSetHoldRegFillCount)
                  003ee675    00000004                     : modbusreg.obj (.text:_MODBUSREG_vSetParamCount)
                  003ee679    00000004                     : modbusreg.obj (.text:_MODBUSREG_vSetParamListAddress)
                  003ee67d    00000004                     : modbusreg.obj (.text:_MODBUSREG_vSetParamNameAddress)
                  003ee681    00000004                     : modbusreg.obj (.text:_MODBUSREG_vSetParamNumbAddress)
                  003ee685    00000004                     : modbusreg.obj (.text:_MODBUSREG_vSetParamRecorderConfigAddress)
                  003ee689    00000004                     : modbusreg.obj (.text:_MODBUSREG_vSetParamScopeConfigAddress)
                  003ee68d    00000004     tmr_drv.obj (.text:_TIMER_vGetTimerMainRollingCounter)
                  003ee691    00000004     tmr_drv.obj (.text:_TIMER_vSetupTimerMainCSMONFunction)
                  003ee695    00000004     tmr_drv.obj (.text:_TMR_u16GetFreeRunTimerPrescaller)
                  003ee699    00000004     CSMON_C28xx.lib : hmmodbus.obj (.text:_bGetElementsDifference)
                  003ee69d    00000004                     : hmmodbus.obj (.text:_u16GetIndexFileTable)
                  003ee6a1    00000004                     : hmmodbus.obj (.text:_u32GetBufferAddressStart)
                  003ee6a5    00000004                     : hmmodbus.obj (.text:_u32GetBufferSize)
                  003ee6a9    00000004                     : hmmodbus.obj (.text:_u32GetSampleCountAvailable)
                  003ee6ad    00000004                     : hmmodbus.obj (.text:_u32GetSampleCountBuffer)
                  003ee6b1    00000004                     : hmmodbus.obj (.text:_u32GetStartSampleIndex)
                  003ee6b5    00000004                     : hmmodbus.obj (.text:_u8GetSampleSize)
                  003ee6b9    00000004                     : hmmodbus.obj (.text:_vSetBufferSize)
                  003ee6bd    00000003     F2806x_DBGIER.obj (.text)
                  003ee6c0    00000003     CSMON_C28xx.lib : csmon.obj (.text:_CSMON_u32GetModbusMessageCounterRegisterRealAddress)
                  003ee6c3    00000003                     : csmon.obj (.text:_CSMON_vSetModbusMessageCounterRegisterRealAddress)
                  003ee6c6    00000003                     : hmlib.obj (.text:_HMLIB_vRecorderParamTimeSync)
                  003ee6c9    00000003                     : hmrecparam.obj (.text:_HMRECPRM_GetTimeBase)
                  003ee6cc    00000003                     : modbusreg.obj (.text:_MODBUSREG_u32GetAddressMessageCounterThisDevice)
                  003ee6cf    00000003                     : modbusreg.obj (.text:_MODBUSREG_vSetAddressMessageCounterThisDevice)
                  003ee6d2    00000003                     : uart_drv.obj (.text:_UART_TXInterrupt)
                  003ee6d5    00000002                     : csmon.obj (.text:_CSMON_eSetParameterListCntBitEleSz)
                  003ee6d7    00000002                     : csmon.obj (.text:_CSMON_eSetParameterListDataDefault)
                  003ee6d9    00000002                     : csmon.obj (.text:_CSMON_eSetParameterListDataMaximum)
                  003ee6db    00000002                     : csmon.obj (.text:_CSMON_eSetParameterListDataMinimum)
                  003ee6dd    00000002                     : csmon.obj (.text:_CSMON_eSetParameterListShortNaming)
                  003ee6df    00000002                     : csmon.obj (.text:_CSMON_eSetParameterListStBitEleCnt)
                  003ee6e1    00000002                     : csmon.obj (.text:_CSMON_eSetParameterListStringUnits)
                  003ee6e3    00000002                     : csmon.obj (.text:_CSMON_eSetParameterListValueFormat)
                  003ee6e5    00000002                     : csmon.obj (.text:_CSMON_u32GetParameterListCheckSum)
                  003ee6e7    00000002                     : hmrecparam.obj (.text:_HMRECPRM_AbortRec)
                  003ee6e9    00000002                     : hmrecparam.obj (.text:_HMRECPRM_GetRecBuffSize)
                  003ee6eb    00000002                     : hmrec.obj (.text:_HMREC_AbortRec)
                  003ee6ed    00000002                     : hmrec.obj (.text:_HMREC_GetRecBuffSize)
                  003ee6ef    00000002     main.obj (.text:_eWriteParElement)
                  003ee6f1    00000002     rts2800_ml.lib : pre_init.c.obj (.text)
                  003ee6f3    00000001     CSMON_C28xx.lib : hmprotocol.obj (.text:_HMPROTOCOL_vInit)
                  003ee6f4    00000001     uart_driver.obj (.text:_UART_DRV_TXInterrupt)
                  003ee6f5    00000001     rts2800_ml.lib : startup.c.obj (.text)

ramfuncs   0    003ee6f6    00000029     RUN ADDR = 00008000
                  003ee6f6    0000001d     F2806x_SysCtrl.obj (ramfuncs:_InitFlash)
                  003ee713    00000008     device.obj (ramfuncs:_MyCallbackFunction)
                  003ee71b    00000004     F2806x_usDelay.obj (ramfuncs)

csm_rsvd   0    003f7f80    00000076     
                  003f7f80    00000076     F2806x_CSMPasswords.obj (csm_rsvd)

codestart 
*          0    003f7ff6    00000002     
                  003f7ff6    00000002     F2806x_CodeStartBranch.obj (codestart)

csmpasswds 
*          0    003f7ff8    00000008     
                  003f7ff8    00000008     F2806x_CSMPasswords.obj (csmpasswds)

.stack     1    00000050    00000380     UNINITIALIZED
                  00000050    00000380     --HOLE--

.econst    0    003ee720    00005919     
                  003ee720    00005400     main.obj (.econst:_asParameterList)
                  003f3b20    00000100     CSMON_C28xx.lib : hmmodbus.obj (.econst:.string:_auchCRCHi)
                  003f3c20    00000100                     : hmmodbus.obj (.econst:.string:_auchCRCLo)
                  003f3d20    00000100     F2806x_PieVect.obj (.econst:_PieVectTableInit)
                  003f3e20    00000084     rts2800_ml.lib : k_rem_pio2.c.obj (.econst:_ipio2)
                  003f3ea4    00000050     CSMON_C28xx.lib : csmon.obj (.econst:_CSMON_asAccessLevelPasswords)
                  003f3ef4    0000002c     rts2800_ml.lib : k_rem_pio2.c.obj (.econst)
                  003f3f20    00000028                    : k_cosf.c.obj (.econst)
                  003f3f48    00000020                    : k_rem_pio2.c.obj (.econst:_PIo2)
                  003f3f68    00000020                    : k_sinf.c.obj (.econst)
                  003f3f88    0000001c                    : e_rem_pio2f.c.obj (.econst)
                  003f3fa4    0000001c                    : s_scalbn.c.obj (.econst)
                  003f3fc0    00000018     CSMON_C28xx.lib : csmon.obj (.econst:_$P$T9$2)
                  003f3fd8    00000018     rts2800_ml.lib : s_sinf.c.obj (.econst)
                  003f3ff0    00000014     CSMON_C28xx.lib : csmon.obj (.econst:_CSMON_au8FileImplementedFunctionCodes)
                  003f4004    00000010     main.obj (.econst)
                  003f4014    0000000c     CSMON_C28xx.lib : hmprotocol.obj (.econst:.string)
                  003f4020    0000000c     rts2800_ml.lib : s_floor.c.obj (.econst)
                  003f402c    00000006     CSMON_C28xx.lib : csmon.obj (.econst:_$P$T8$1)
                  003f4032    00000004     rts2800_ml.lib : k_rem_pio2.c.obj (.econst:_init_jk)
                  003f4036    00000003     CSMON_C28xx.lib : csmon.obj (.econst:_CSMON_au8FileParameterListElementsCountInPartTable)

.switch    0    003f4880    00000020     
                  003f4880    00000020     CSMON_C28xx.lib : csmon.obj (.switch:_CSMON_eSetParameter)

.reset     0    003fffc0    00000002     DSECT
                  003fffc0    00000002     rts2800_ml.lib : boot28.asm.obj (.reset)

vectors    0    003fffc2    00000000     DSECT

DevEmuRegsFile 
*          1    00000880    00000004     UNINITIALIZED
                  00000880    00000004     F2806x_GlobalVariableDefs.obj (DevEmuRegsFile)

SysPwrCtrlRegsFile 
*          1    00000985    00000003     UNINITIALIZED
                  00000985    00000003     F2806x_GlobalVariableDefs.obj (SysPwrCtrlRegsFile)

FlashRegsFile 
*          1    00000a80    00000008     UNINITIALIZED
                  00000a80    00000008     F2806x_GlobalVariableDefs.obj (FlashRegsFile)

CsmRegsFile 
*          1    00000ae0    00000010     UNINITIALIZED
                  00000ae0    00000010     F2806x_GlobalVariableDefs.obj (CsmRegsFile)

AdcResultFile 
*          1    00000b00    00000010     UNINITIALIZED
                  00000b00    00000010     F2806x_GlobalVariableDefs.obj (AdcResultFile)

CpuTimer0RegsFile 
*          1    00000c00    00000008     UNINITIALIZED
                  00000c00    00000008     F2806x_GlobalVariableDefs.obj (CpuTimer0RegsFile)

CpuTimer1RegsFile 
*          1    00000c08    00000008     UNINITIALIZED
                  00000c08    00000008     F2806x_GlobalVariableDefs.obj (CpuTimer1RegsFile)

CpuTimer2RegsFile 
*          1    00000c10    00000008     UNINITIALIZED
                  00000c10    00000008     F2806x_GlobalVariableDefs.obj (CpuTimer2RegsFile)

PieCtrlRegsFile 
*          1    00000ce0    0000001a     UNINITIALIZED
                  00000ce0    0000001a     F2806x_GlobalVariableDefs.obj (PieCtrlRegsFile)

PieVectTableFile 
*          1    00000d00    00000100     UNINITIALIZED
                  00000d00    00000100     F2806x_GlobalVariableDefs.obj (PieVectTableFile)

EmuKeyVar 
*          1    00000d00    00000001     UNINITIALIZED
                  00000d00    00000001     F2806x_GlobalVariableDefs.obj (EmuKeyVar)

EmuBModeVar 
*          1    00000d01    00000001     UNINITIALIZED
                  00000d01    00000001     F2806x_GlobalVariableDefs.obj (EmuBModeVar)

FlashCallbackVar 
*          1    00000d02    00000002     UNINITIALIZED
                  00000d02    00000002     F2806x_GlobalVariableDefs.obj (FlashCallbackVar)

FlashScalingVar 
*          1    00000d04    00000002     UNINITIALIZED
                  00000d04    00000002     F2806x_GlobalVariableDefs.obj (FlashScalingVar)

DmaRegsFile 
*          1    00001000    000000e0     UNINITIALIZED
                  00001000    000000e0     F2806x_GlobalVariableDefs.obj (DmaRegsFile)

Cla1RegsFile 
*          1    00001400    00000040     UNINITIALIZED
                  00001400    00000040     F2806x_GlobalVariableDefs.obj (Cla1RegsFile)

Usb0RegsFile 
*          1    00004000    00000454     UNINITIALIZED
                  00004000    00000454     F2806x_GlobalVariableDefs.obj (Usb0RegsFile)

McbspaRegsFile 
*          1    00005000    00000024     UNINITIALIZED
                  00005000    00000024     F2806x_GlobalVariableDefs.obj (McbspaRegsFile)

ECanaRegsFile 
*          1    00006000    00000034     UNINITIALIZED
                  00006000    00000034     F2806x_GlobalVariableDefs.obj (ECanaRegsFile)

ECanaLAMRegsFile 
*          1    00006040    00000040     UNINITIALIZED
                  00006040    00000040     F2806x_GlobalVariableDefs.obj (ECanaLAMRegsFile)

ECanaMOTSRegsFile 
*          1    00006080    00000040     UNINITIALIZED
                  00006080    00000040     F2806x_GlobalVariableDefs.obj (ECanaMOTSRegsFile)

ECanaMOTORegsFile 
*          1    000060c0    00000040     UNINITIALIZED
                  000060c0    00000040     F2806x_GlobalVariableDefs.obj (ECanaMOTORegsFile)

ECanaMboxesFile 
*          1    00006100    00000100     UNINITIALIZED
                  00006100    00000100     F2806x_GlobalVariableDefs.obj (ECanaMboxesFile)

Comp1RegsFile 
*          1    00006400    00000014     UNINITIALIZED
                  00006400    00000014     F2806x_GlobalVariableDefs.obj (Comp1RegsFile)

Comp2RegsFile 
*          1    00006420    00000014     UNINITIALIZED
                  00006420    00000014     F2806x_GlobalVariableDefs.obj (Comp2RegsFile)

Comp3RegsFile 
*          1    00006440    00000014     UNINITIALIZED
                  00006440    00000014     F2806x_GlobalVariableDefs.obj (Comp3RegsFile)

EPwm1RegsFile 
*          1    00006800    00000040     UNINITIALIZED
                  00006800    00000040     F2806x_GlobalVariableDefs.obj (EPwm1RegsFile)

EPwm2RegsFile 
*          1    00006840    00000040     UNINITIALIZED
                  00006840    00000040     F2806x_GlobalVariableDefs.obj (EPwm2RegsFile)

EPwm3RegsFile 
*          1    00006880    00000040     UNINITIALIZED
                  00006880    00000040     F2806x_GlobalVariableDefs.obj (EPwm3RegsFile)

EPwm4RegsFile 
*          1    000068c0    00000040     UNINITIALIZED
                  000068c0    00000040     F2806x_GlobalVariableDefs.obj (EPwm4RegsFile)

EPwm5RegsFile 
*          1    00006900    00000040     UNINITIALIZED
                  00006900    00000040     F2806x_GlobalVariableDefs.obj (EPwm5RegsFile)

EPwm6RegsFile 
*          1    00006940    00000040     UNINITIALIZED
                  00006940    00000040     F2806x_GlobalVariableDefs.obj (EPwm6RegsFile)

EPwm7RegsFile 
*          1    00006980    00000040     UNINITIALIZED
                  00006980    00000040     F2806x_GlobalVariableDefs.obj (EPwm7RegsFile)

EPwm8RegsFile 
*          1    000069c0    00000040     UNINITIALIZED
                  000069c0    00000040     F2806x_GlobalVariableDefs.obj (EPwm8RegsFile)

ECap1RegsFile 
*          1    00006a00    00000020     UNINITIALIZED
                  00006a00    00000020     F2806x_GlobalVariableDefs.obj (ECap1RegsFile)

ECap2RegsFile 
*          1    00006a20    00000020     UNINITIALIZED
                  00006a20    00000020     F2806x_GlobalVariableDefs.obj (ECap2RegsFile)

ECap3RegsFile 
*          1    00006a40    00000020     UNINITIALIZED
                  00006a40    00000020     F2806x_GlobalVariableDefs.obj (ECap3RegsFile)

HRCap1RegsFile 
*          1    00006ac0    00000020     UNINITIALIZED
                  00006ac0    00000020     F2806x_GlobalVariableDefs.obj (HRCap1RegsFile)

HRCap2RegsFile 
*          1    00006ae0    00000020     UNINITIALIZED
                  00006ae0    00000020     F2806x_GlobalVariableDefs.obj (HRCap2RegsFile)

EQep1RegsFile 
*          1    00006b00    00000022     UNINITIALIZED
                  00006b00    00000022     F2806x_GlobalVariableDefs.obj (EQep1RegsFile)

EQep2RegsFile 
*          1    00006b40    00000022     UNINITIALIZED
                  00006b40    00000022     F2806x_GlobalVariableDefs.obj (EQep2RegsFile)

HRCap3RegsFile 
*          1    00006c80    00000020     UNINITIALIZED
                  00006c80    00000020     F2806x_GlobalVariableDefs.obj (HRCap3RegsFile)

HRCap4RegsFile 
*          1    00006ca0    00000020     UNINITIALIZED
                  00006ca0    00000020     F2806x_GlobalVariableDefs.obj (HRCap4RegsFile)

GpioCtrlRegsFile 
*          1    00006f80    00000040     UNINITIALIZED
                  00006f80    00000040     F2806x_GlobalVariableDefs.obj (GpioCtrlRegsFile)

GpioDataRegsFile 
*          1    00006fc0    00000020     UNINITIALIZED
                  00006fc0    00000020     F2806x_GlobalVariableDefs.obj (GpioDataRegsFile)

GpioIntRegsFile 
*          1    00006fe0    00000020     UNINITIALIZED
                  00006fe0    00000020     F2806x_GlobalVariableDefs.obj (GpioIntRegsFile)

SysCtrlRegsFile 
*          1    00007010    00000030     UNINITIALIZED
                  00007010    00000030     F2806x_GlobalVariableDefs.obj (SysCtrlRegsFile)

SpiaRegsFile 
*          1    00007040    00000010     UNINITIALIZED
                  00007040    00000010     F2806x_GlobalVariableDefs.obj (SpiaRegsFile)

SciaRegsFile 
*          1    00007050    00000010     UNINITIALIZED
                  00007050    00000010     F2806x_GlobalVariableDefs.obj (SciaRegsFile)

NmiIntruptRegsFile 
*          1    00007060    00000010     UNINITIALIZED
                  00007060    00000010     F2806x_GlobalVariableDefs.obj (NmiIntruptRegsFile)

XIntruptRegsFile 
*          1    00007070    00000010     UNINITIALIZED
                  00007070    00000010     F2806x_GlobalVariableDefs.obj (XIntruptRegsFile)

AdcRegsFile 
*          1    00007100    00000050     UNINITIALIZED
                  00007100    00000050     F2806x_GlobalVariableDefs.obj (AdcRegsFile)

SpibRegsFile 
*          1    00007740    00000010     UNINITIALIZED
                  00007740    00000010     F2806x_GlobalVariableDefs.obj (SpibRegsFile)

ScibRegsFile 
*          1    00007750    00000010     UNINITIALIZED
                  00007750    00000010     F2806x_GlobalVariableDefs.obj (ScibRegsFile)

I2caRegsFile 
*          1    00007900    00000022     UNINITIALIZED
                  00007900    00000022     F2806x_GlobalVariableDefs.obj (I2caRegsFile)

PartIdRegsFile 
*          1    003d7e80    00000001     UNINITIALIZED
                  003d7e80    00000001     F2806x_GlobalVariableDefs.obj (PartIdRegsFile)

CsmPwlFile 
*          1    003f7ff8    00000008     UNINITIALIZED
                  003f7ff8    00000008     F2806x_GlobalVariableDefs.obj (CsmPwlFile)

.ebss.1    1    00008c00    00000400     UNINITIALIZED
                  00008c00    00000400     CSMON_C28xx.lib : modbusreg.obj (.ebss:_MODBUSREG_u32RegisterAccessTableInRam)

.ebss.2    1    00009000    00006b86     UNINITIALIZED
                  00009000    00002000     CSMON_C28xx.lib : csmon.obj (.ebss:_CSMON_pasFileParameterShortNameRealocatable)
                  0000b000    00001800                     : csmon.obj (.ebss:_CSMON_pauFileParameterNumericRealocatable)
                  0000c800    00000800                     : uart_drv.obj (.ebss:_UARTRxBufferTimeDiff)
                  0000d000    00000800                     : hmrec.obj (.ebss:_au8RecBuffer0)
[...]
003eae65  local     $30 (.text)
003eae93  local     $35 (.text)
003eaec2  local     $40 (.text)
003eae24  local     $5_$2 (.text)
00000000  local     .bss (.bss)
00000000  local     .data (.data)
003eae10  local     .text (.text)
003eae34  local     CHECK_SIGN1 (.text)
003eae6f  local     CHECK_SIGN2 (.text)
003eaea7  local     DGT3 (.text)
003eaea9  local     DIVUDenHighZero (.text)
003eae3e  local     EQ0 (.text)
003eae39  local     EQ1 (.text)
003eae77  local     EQ2 (.text)
003eaea2  local     EQ3 (.text)
003eaed3  local     EQ4 (.text)
003eae10  global    LL$$DIV (.text)
003eae4c  global    LL$$MOD (.text)
003eaef2  local     LOOP (.text)
003eaee1  local     MAINDIV (.text)
003eaf00  local     MD_NEQ (.text)
003eaed5  local     MODUDenHighZero (.text)
003eae37  local     RET1 (.text)
003eae72  local     RET2 (.text)
003eaea0  local     RET3 (.text)
003eaecf  local     RET4 (.text)
003eae74  local     RET_NUM1 (.text)
003eaed1  local     RET_NUM2 (.text)
003eae40  local     SDIVUDenHighZero (.text)
003eaf0a  local     SKIP (.text)
003eaf0c  local     SKIP1 (.text)
003eae7a  local     SMODUDenHighZero (.text)
003eae86  global    ULL$$DIV (.text)
003eaeb5  global    ULL$$MOD (.text)


================================================================================

rts2800_ml.lib : u_div28.asm.obj

Run/Load            
Value     Binding   Name (Section)
--------  --------  ---------------
00000000  local     .bss (.bss)
00000000  local     .data (.data)
003ee188  local     .text (.text)
003ee188  global    U$$DIV (.text)
003ee18d  global    U$$MOD (.text)


================================================================================

rts2800_ml.lib : u_tofd28.asm.obj

Run/Load            
Value     Binding   Name (Section)
--------  --------  ---------------
00000000  local     .bss (.bss)
00000000  local     .data (.data)
003edd29  local     .text (.text)
003edd36  local     NORMALIZE (.text)
003edd3e  local     OP_ZERO (.text)
003edd38  local     PACK (.text)
003edd3d  local     RETURN (.text)
003edd3b  local     RETURN_VALUE (.text)
003edd29  global    U$$TOFD (.text)


================================================================================

rts2800_ml.lib : u_tofs28.asm.obj

Run/Load            
Value     Binding   Name (Section)
--------  --------  ---------------
00000000  local     .bss (.bss)
00000000  local     .data (.data)
003edf67  local     .text (.text)
003edf76  local     RESTORE (.text)
003edf67  global    U$$TOFS (.text)
003edf76  local     ZERO (.text)


================================================================================

rts2800_ml.lib : l_tofs28.asm.obj

Run/Load            
Value     Binding   Name (Section)
--------  --------  ---------------
00000000  local     .bss (.bss)
00000000  local     .data (.data)
003edb91  local     .text (.text)
003edb91  global    L$$TOFS (.text)
003edba7  local     OVERFLOW (.text)
003edba6  local     RETURN (.text)
003edba6  local     ZERO (.text)


================================================================================

rts2800_ml.lib : ul_tofs28.asm.obj

Run/Load            
Value     Binding   Name (Section)
--------  --------  ---------------
00000000  local     .bss (.bss)
00000000  local     .data (.data)
003ede23  local     .text (.text)
003ede2b  local     LEFT_SHIFT (.text)
003ede2d  local     PACK (.text)
003ede35  local     RETURN (.text)
003ede23  global    UL$$TOFS (.text)
003ede35  local     ZERO (.text)


================================================================================

rts2800_ml.lib : prolog28.asm.obj

Run/Load            
Value     Binding   Name (Section)
--------  --------  ---------------
00000000  local     .bss (.bss)
00000000  local     .data (.data)
003edc0f  local     .text (.text)
003edc0f  global    _prolog_c28x_1 (.text)
003edc13  global    _prolog_c28x_2 (.text)
003edc1b  global    _prolog_c28x_3 (.text)


================================================================================

rts2800_ml.lib : fs_tofd28.asm.obj

Run/Load            
Value     Binding   Name (Section)
--------  --------  ---------------
00000000  local     .bss (.bss)
00000000  local     .data (.data)
003eda6c  local     .text (.text)
003eda6c  global    FS$$TOFD (.text)
003eda80  local     OVERFLOW (.text)
003eda7f  local     RETURN (.text)
003eda7d  local     RETURN_VALUE (.text)
003eda86  local     UNDERFLOW (.text)


================================================================================

rts2800_ml.lib : fd_div28.asm.obj

Run/Load            
Value     Binding   Name (Section)
--------  --------  ---------------
003ec024  local     $1_$3 (.text)
003ec02f  local     $2_$3 (.text)
00000000  local     .bss (.bss)
00000000  local     .data (.data)
003ebfe8  local     .text (.text)
003ec03e  local     DIV_END (.text)
003ec01f  local     DIV_START (.text)
003ebfe8  global    FD$$DIV (.text)
003ec041  local     NORMALIZE (.text)
003ec06b  local     OVERFLOW (.text)
003ec066  local     RETURN (.text)
003ec064  local     RETURN_VALUE (.text)
003ec056  local     RND64_SET_MANT$3$ (.text)
003ec04a  local     ROUND (.text)
003ec071  local     UNDERFLOW (.text)


================================================================================

rts2800_ml.lib : cpy_tbl.c.obj

Run/Load            
Value     Binding   Name (Section)
--------  --------  ---------------
003ed73f  local     $C$L1 (.text)
003ed752  local     $C$L2 (.text)
003ed753  local     $C$L3 (.text)
00000000  local     .bss (.bss)
00000000  local     .data (.data)
003ed737  local     .text (.text)
003ed737  global    _copy_in (.text)


================================================================================

rts2800_ml.lib : memcpy.c.obj

Run/Load            
Value     Binding   Name (Section)
--------  --------  ---------------
003ed9e5  local     $C$L1 (.text)
003ed9e9  local     $C$L2 (.text)
003ed9f0  local     $C$L3 (.text)
003ed9f2  local     $C$L4 (.text)
003ed9fa  local     $C$L5 (.text)
00000000  local     .bss (.bss)
00000000  local     .data (.data)
003ed9df  local     .text (.text)
003ed9df  global    _memcpy (.text)


================================================================================

rts2800_ml.lib : pre_init.c.obj

Run/Load            
Value     Binding   Name (Section)
--------  --------  ---------------
00000000  local     .bss (.bss)
00000000  local     .data (.data)
003ee6f1  local     .text (.text)
003ee6f1  global    __system_pre_init (.text)


================================================================================

rts2800_ml.lib : startup.c.obj

Run/Load            
Value     Binding   Name (Section)
--------  --------  ---------------
00000000  local     .bss (.bss)
00000000  local     .data (.data)
003ee6f5  local     .text (.text)
003ee6f5  global    __system_post_cinit (.text)


================================================================================

rts2800_ml.lib : e_rem_pio2f.c.obj

Run/Load            
Value     Binding   Name (Section)
--------  --------  ---------------
003f3f94  local     $C$FL1 (.econst)
003f3f98  local     $C$FL2 (.econst)
003f3f9c  local     $C$FL3 (.econst)
003f3fa0  local     $C$FL4 (.econst)
003ebaec  local     $C$L1 (.text)
003ebafa  local     $C$L2 (.text)
003ebb26  local     $C$L3 (.text)
003ebb2b  local     $C$L4 (.text)
00000000  local     .bss (.bss)
00000000  local     .data (.data)
003f3f88  local     .econst (.econst)
003eba89  local     .text (.text)
003eba89  global    ___rem_pio2f (.text)
003f3f88  local     _invpio2 (.econst)
003f3f8c  local     _pio2_1 (.econst)
003f3f90  local     _pio2_1t (.econst)


================================================================================

rts2800_ml.lib : k_rem_pio2.c.obj

Run/Load            
Value     Binding   Name (Section)
--------  --------  ---------------
003f3f04  local     $C$FL1 (.econst)
003f3f08  local     $C$FL2 (.econst)
003f3f0c  local     $C$FL3 (.econst)
003f3f10  local     $C$FL4 (.econst)
003f3f14  local     $C$FL5 (.econst)
003f3f18  local     $C$FL6 (.econst)
003f3f1c  local     $C$FL7 (.econst)
003e9c50  local     $C$L1 (.text)
003e9d0a  local     $C$L10 (.text)
003e9d37  local     $C$L11 (.text)
003e9d57  local     $C$L12 (.text)
003e9d7c  local     $C$L13 (.text)
003e9d9b  local     $C$L14 (.text)
003e9da2  local     $C$L15 (.text)
003e9dbf  local     $C$L16 (.text)
003e9e0d  local     $C$L17 (.text)
003e9e79  local     $C$L18 (.text)
003e9e7d  local     $C$L19 (.text)
003e9c78  local     $C$L2 (.text)
003e9e8b  local     $C$L20 (.text)
003e9eb4  local     $C$L21 (.text)
003e9eb9  local     $C$L22 (.text)
003e9ec4  local     $C$L23 (.text)
003e9ed0  local     $C$L24 (.text)
003e9ed5  local     $C$L25 (.text)
003e9edb  local     $C$L26 (.text)
003e9ef8  local     $C$L27 (.text)
003e9f04  local     $C$L28 (.text)
003e9f2f  local     $C$L29 (.text)
003e9c83  local     $C$L3 (.text)
003e9f5d  local     $C$L30 (.text)
003e9fa8  local     $C$L31 (.text)
003e9fad  local     $C$L32 (.text)
003e9fc5  local     $C$L33 (.text)
003e9fcf  local     $C$L34 (.text)
003e9fde  local     $C$L35 (.text)
003e9fe8  local     $C$L36 (.text)
003ea003  local     $C$L37 (.text)
003ea013  local     $C$L38 (.text)
003ea015  local     $C$L39 (.text)
003e9c8f  local     $C$L4 (.text)
003ea035  local     $C$L40 (.text)
003ea05d  local     $C$L41 (.text)
003ea074  local     $C$L42 (.text)
003ea088  local     $C$L43 (.text)
003ea0b6  local     $C$L44 (.text)
003ea0d4  local     $C$L45 (.text)
003ea0f2  local     $C$L46 (.text)
003ea141  local     $C$L47 (.text)
003ea17b  local     $C$L48 (.text)
003ea193  local     $C$L49 (.text)
003e9ca0  local     $C$L5 (.text)
003ea1a4  local     $C$L50 (.text)
003ea1c1  local     $C$L51 (.text)
003ea1dc  local     $C$L52 (.text)
003ea1ef  local     $C$L53 (.text)
003ea200  local     $C$L54 (.text)
003ea20e  local     $C$L55 (.text)
003ea218  local     $C$L56 (.text)
003ea239  local     $C$L57 (.text)
003ea24a  local     $C$L58 (.text)
003ea258  local     $C$L59 (.text)
003e9cac  local     $C$L6 (.text)
003ea262  local     $C$L60 (.text)
003ea26c  local     $C$L61 (.text)
003ea27f  local     $C$L62 (.text)
003ea290  local     $C$L63 (.text)
003ea29e  local     $C$L64 (.text)
003ea2a8  local     $C$L65 (.text)
003ea2b1  local     $C$L66 (.text)
003e9cc9  local     $C$L7 (.text)
003e9cee  local     $C$L8 (.text)
003e9d03  local     $C$L9 (.text)
00000000  local     .bss (.bss)
00000000  local     .data (.data)
003f3ef4  local     .econst (.econst)
003f3f48  local     .econst:_PIo2 (.econst:_PIo2)
003f4032  local     .econst:_init_jk (.econst:_init_jk)
003f3e20  local     .econst:_ipio2 (.econst:_ipio2)
003e9c22  local     .text (.text)
003f3f48  local     _PIo2 (.econst:_PIo2)
003e9c22  global    ___kernel_rem_pio2 (.text)
003f4032  local     _init_jk (.econst:_init_jk)
003f3e20  local     _ipio2 (.econst:_ipio2)
003f3ef8  local     _one (.econst)
003f3efc  local     _two24 (.econst)
003f3f00  local     _twon24 (.econst)
003f3ef4  local     _zero (.econst)


================================================================================

rts2800_ml.lib : exit.c.obj

Run/Load            
Value     Binding   Name (Section)
--------  --------  ---------------
003ed408  local     $C$L1 (.text)
003ed41b  local     $C$L2 (.text)
003ed426  local     $C$L3 (.text)
003ed42c  local     $C$L4 (.text)
00000000  local     .bss (.bss)
003f46aa  local     .cinit (.cinit)
00000000  local     .data (.data)
0000fb1c  local     .ebss (.ebss)
003ed407  local     .text (.text)
003ed407  global    C$$EXIT (.text)
0000fb1e  global    ___TI_cleanup_ptr (.ebss)
0000fb20  global    ___TI_dtors_ptr (.ebss)
0000fb1c  global    ___TI_enable_exit_profile_output (.ebss)
003ed407  global    _abort (.text)
003ed409  global    _exit (.text)


================================================================================

rts2800_ml.lib : _lock.c.obj

Run/Load            
Value     Binding   Name (Section)
--------  --------  ---------------
00000000  local     .bss (.bss)
003f484f  local     .cinit:__lock (.cinit:__lock)
003f4854  local     .cinit:__unlock (.cinit:__unlock)
00000000  local     .data (.data)
0000fb7a  local     .ebss:__lock (.ebss:__lock)
0000fb7c  local     .ebss:__unlock (.ebss:__unlock)
003ee24a  local     .text (.text)
0000fb7a  global    __lock (.ebss:__lock)
003ee252  global    __nop (.text)
003ee24e  global    __register_lock (.text)
003ee24a  global    __register_unlock (.text)
0000fb7c  global    __unlock (.ebss:__unlock)


================================================================================

rts2800_ml.lib : args_main.c.obj

Run/Load            
Value     Binding   Name (Section)
--------  --------  ---------------
003edef1  local     $C$L1 (.text)
003edef4  local     $C$L2 (.text)
00000000  local     .bss (.bss)
00000000  local     .data (.data)
003edee6  local     .text (.text)
003edee6  global    __args_main (.text)


================================================================================

rts2800_ml.lib : s_floor.c.obj

Run/Load            
Value     Binding   Name (Section)
--------  --------  ---------------
003f4024  local     $C$FL1 (.econst)
003f4028  local     $C$FL2 (.econst)
003eb335  local     $C$L1 (.text)
003eb38d  local     $C$L10 (.text)
003eb3ad  local     $C$L11 (.text)
003eb3af  local     $C$L12 (.text)
003eb3bb  local     $C$L13 (.text)
003eb3c0  local     $C$L14 (.text)
003eb33a  local     $C$L2 (.text)
003eb33b  local     $C$L3 (.text)
003eb343  local     $C$L4 (.text)
003eb356  local     $C$L5 (.text)
003eb365  local     $C$L6 (.text)
003eb368  local     $C$L7 (.text)
003eb384  local     $C$L8 (.text)
003eb38a  local     $C$L9 (.text)
00000000  local     .bss (.bss)
00000000  local     .data (.data)
003f4020  local     .econst (.econst)
003eb2dd  local     .text (.text)
003eb2dd  global    _floorl (.text)
003f4020  local     _huge (.econst)


================================================================================

rts2800_ml.lib : s_scalbn.c.obj

Run/Load            
Value     Binding   Name (Section)
--------  --------  ---------------
003f3fb0  local     $C$FL1 (.econst)
003f3fb4  local     $C$FL2 (.econst)
003f3fb8  local     $C$FL3 (.econst)
003f3fbc  local     $C$FL4 (.econst)
003eba05  local     $C$L1 (.text)
003eba1e  local     $C$L2 (.text)
003eba30  local     $C$L3 (.text)
003eba3b  local     $C$L4 (.text)
003eba50  local     $C$L5 (.text)
003eba56  local     $C$L6 (.text)
003eba61  local     $C$L7 (.text)
003eba81  local     $C$L8 (.text)
003eba85  local     $C$L9 (.text)
00000000  local     .bss (.bss)
00000000  local     .data (.data)
003f3fa4  local     .econst (.econst)
003eb9df  local     .text (.text)
003eb9df  global    _ldexpl (.text)
003eb9df  global    _scalbnl (.text)
003f3fac  local     _tiny (.econst)
003f3fa4  local     _two54 (.econst)
003f3fa8  local     _twom54 (.econst)


================================================================================

rts2800_ml.lib : s_copysign.c.obj

Run/Load            
Value     Binding   Name (Section)
--------  --------  ---------------
003ed7e5  local     $C$L1 (.text)
00000000  local     .bss (.bss)
00000000  local     .data (.data)
003ed7c4  local     .text (.text)
003ed7c4  global    _copysignl (.text)


================================================================================

rts2800_ml.lib : k_cosf.c.obj

Run/Load            
Value     Binding   Name (Section)
--------  --------  ---------------
003f3f34  local     $C$FL1 (.econst)
003f3f38  local     $C$FL2 (.econst)
003f3f3c  local     $C$FL3 (.econst)
003f3f40  local     $C$FL4 (.econst)
003f3f44  local     $C$FL5 (.econst)
00000000  local     .bss (.bss)
00000000  local     .data (.data)
003f3f20  local     .econst (.econst)
003ec0fa  local     .text (.text)
003f3f24  local     _C0 (.econst)
003f3f28  local     _C1 (.econst)
003f3f2c  local     _C2 (.econst)
003f3f30  local     _C3 (.econst)
003ec0fa  global    ___kernel_cosdf (.text)
003f3f20  local     _one (.econst)


================================================================================

rts2800_ml.lib : k_sinf.c.obj

Run/Load            
Value     Binding   Name (Section)
--------  --------  ---------------
003f3f78  local     $C$FL1 (.econst)
003f3f7c  local     $C$FL2 (.econst)
003f3f80  local     $C$FL3 (.econst)
003f3f84  local     $C$FL4 (.econst)
00000000  local     .bss (.bss)
00000000  local     .data (.data)
003f3f68  local     .econst (.econst)
003ebe39  local     .text (.text)
003f3f68  local     _S1 (.econst)
003f3f6c  local     _S2 (.econst)
003f3f70  local     _S3 (.econst)
003f3f74  local     _S4 (.econst)
003ebe39  global    ___kernel_sindf (.text)


================================================================================

rts2800_ml.lib : fd_cmp28.asm.obj

Run/Load            
Value     Binding   Name (Section)
--------  --------  ---------------
00000000  local     .bss (.bss)
00000000  local     .data (.data)
003ed3dd  local     .text (.text)
003ed3ed  local     CHECK_INF (.text)
003ed3dd  global    FD$$CMP (.text)
003ed404  local     NO_NEG (.text)
003ed405  local     OP_EQUAL (.text)
003ed3fd  local     RETURN (.text)


================================================================================

rts2800_ml.lib : fd_tol28.asm.obj

Run/Load            
Value     Binding   Name (Section)
--------  --------  ---------------
00000000  local     .bss (.bss)
00000000  local     .data (.data)
003ed969  local     .text (.text)
003ed969  global    FD$$TOL (.text)
003ed982  local     OVERFLOW (.text)
003ed981  local     RETURN_VALUE (.text)
003ed986  local     UNDERFLOW (.text)


================================================================================

rts2800_ml.lib : ll_aox28.asm.obj

Run/Load            
Value     Binding   Name (Section)
--------  --------  ---------------
00000000  local     .bss (.bss)
00000000  local     .data (.data)
003edc70  local     .text (.text)
003edc70  global    LL$$AND (.text)
003edc78  global    LL$$OR (.text)
003edc80  global    LL$$XOR (.text)


================================================================================

rts2800_ml.lib : i_div28.asm.obj

Run/Load            
Value     Binding   Name (Section)
--------  --------  ---------------
00000000  local     .bss (.bss)
00000000  local     .data (.data)
003ed7e7  local     .text (.text)
003ed7e7  global    I$$DIV (.text)
003ed7f8  global    I$$MOD (.text)
003ed7f7  local     RET1 (.text)
003ed807  local     RET2 (.text)


================================================================================

rts2800_ml.lib : l_tofd28.asm.obj

Run/Load            
Value     Binding   Name (Section)
--------  --------  ---------------
003eda96  local     $10 (.text)
00000000  local     .bss (.bss)
00000000  local     .data (.data)
003eda88  local     .text (.text)
003eda88  global    L$$TOFD (.text)
003edaa2  local     OP_ZERO (.text)
003edaa1  local     RETURN (.text)
003eda9f  local     RETURN_VALUE (.text)


================================================================================

rts2800_ml.lib : fd_tofs28.asm.obj

Run/Load            
Value     Binding   Name (Section)
--------  --------  ---------------
00000000  local     .bss (.bss)
00000000  local     .data (.data)
003ed84b  local     .text (.text)
003ed858  local     EXP_EVAL (.text)
003ed84b  global    FD$$TOFS (.text)
003ed864  local     OVERFLOW (.text)
003ed863  local     RETURN_VALUE (.text)
003ed86a  local     UNDERFLOW (.text)


================================================================================

rts2800_ml.lib : errno.c.obj

Run/Load            
Value     Binding   Name (Section)
--------  --------  ---------------
00000000  local     .bss (.bss)
003f4879  local     .cinit (.cinit)
00000000  local     .data (.data)
0000fb85  local     .ebss (.ebss)
00000000  local     .text (.text)
0000fb85  global    _errno (.ebss)


================================================================================

