******************************************************************************
             TMS320C2000 Linker PC v22.6.0                     
******************************************************************************
>> Linked Wed Oct  5 00:58:07 2022

OUTPUT FILE NAME:   <../../../04_Output_Files/Motor28062/TEST_CSMON_C28xx.out>
ENTRY POINT SYMBOL: "_c_int00"  address: 003edac5


MEMORY CONFIGURATION

         name            origin    length      used     unused   attr    fill
----------------------  --------  ---------  --------  --------  ----  --------
PAGE 0:
  RAML0                 00008000   00000800  00000029  000007d7  RWIX
  RAML1                 00008800   00000400  00000000  00000400  RWIX
  OTP                   003d7800   00000400  00000000  00000400  RWIX
  FLASH_APP             003e8000   0000dff0  0000ae17  000031d9  RWIX
  CSM_RSVD              003f7f80   00000076  00000076  00000000  RWIX
  BEGIN                 003f7ff6   00000002  00000002  00000000  RWIX
  CSM_PWL_P0            003f7ff8   00000008  00000008  00000000  RWIX
  FPUTABLES             003fd590   000006a0  00000000  000006a0  RWIX
  IQTABLES              003fdf00   00000b50  00000000  00000b50  RWIX
  IQTABLES2             003fea50   0000008c  00000000  0000008c  RWIX
  IQTABLES3             003feadc   000000aa  00000000  000000aa  RWIX
  ROM                   003ff3b0   00000c10  00000000  00000c10  RWIX
  RESET                 003fffc0   00000002  00000000  00000002  RWIX
  VECTORS               003fffc2   0000003e  00000000  0000003e  RWIX

PAGE 1:
  BOOT_RSVD             00000000   00000050  00000000  00000050  RWIX
  RAMM0                 00000050   000003b0  00000380  00000030  RWIX
  RAMM1                 00000400   00000400  00000000  00000400  RWIX
  DEV_EMU               00000880   00000105  00000004  00000101  RWIX
  SYS_PWR_CTL           00000985   00000003  00000003  00000000  RWIX
  FLASH_REGS            00000a80   00000060  00000008  00000058  RWIX
  CSM                   00000ae0   00000020  00000010  00000010  RWIX
  ADC_RESULT            00000b00   00000020  00000010  00000010  RWIX
  CPU_TIMER0            00000c00   00000008  00000008  00000000  RWIX
  CPU_TIMER1            00000c08   00000008  00000008  00000000  RWIX
  CPU_TIMER2            00000c10   00000008  00000008  00000000  RWIX
  PIE_CTRL              00000ce0   00000020  0000001a  00000006  RWIX
  PIE_VECT              00000d00   00000100  00000100  00000000  RWIX
  DMA                   00001000   00000200  000000e0  00000120  RWIX
  CLA1                  00001400   00000080  00000040  00000040  RWIX
  USB0                  00004000   00001000  00000454  00000bac  RWIX
  McBSPA                00005000   00000040  00000024  0000001c  RWIX
  ECANA                 00006000   00000040  00000034  0000000c  RWIX
  ECANA_LAM             00006040   00000040  00000040  00000000  RWIX
  ECANA_MOTS            00006080   00000040  00000040  00000000  RWIX
  ECANA_MOTO            000060c0   00000040  00000040  00000000  RWIX
  ECANA_MBOX            00006100   00000100  00000100  00000000  RWIX
  COMP1                 00006400   00000020  00000014  0000000c  RWIX
  COMP2                 00006420   00000020  00000014  0000000c  RWIX
  COMP3                 00006440   00000020  00000014  0000000c  RWIX
  EPWM1                 00006800   00000040  00000040  00000000  RWIX
  EPWM2                 00006840   00000040  00000040  00000000  RWIX
  EPWM3                 00006880   00000040  00000040  00000000  RWIX
  EPWM4                 000068c0   00000040  00000040  00000000  RWIX
  EPWM5                 00006900   00000040  00000040  00000000  RWIX
  EPWM6                 00006940   00000040  00000040  00000000  RWIX
  EPWM7                 00006980   00000040  00000040  00000000  RWIX
  EPWM8                 000069c0   00000040  00000040  00000000  RWIX
  ECAP1                 00006a00   00000020  00000020  00000000  RWIX
  ECAP2                 00006a20   00000020  00000020  00000000  RWIX
  ECAP3                 00006a40   00000020  00000020  00000000  RWIX
  HRCAP1                00006ac0   00000020  00000020  00000000  RWIX
  HRCAP2                00006ae0   00000020  00000020  00000000  RWIX
  EQEP1                 00006b00   00000040  00000022  0000001e  RWIX
  EQEP2                 00006b40   00000040  00000022  0000001e  RWIX
  HRCAP3                00006c80   00000020  00000020  00000000  RWIX
  HRCAP4                00006ca0   00000020  00000020  00000000  RWIX
  GPIOCTRL              00006f80   00000040  00000040  00000000  RWIX
  GPIODAT               00006fc0   00000020  00000020  00000000  RWIX
  GPIOINT               00006fe0   00000020  00000020  00000000  RWIX
  SYSTEM                00007010   00000030  00000030  00000000  RWIX
  SPIA                  00007040   00000010  00000010  00000000  RWIX
  SCIA                  00007050   00000010  00000010  00000000  RWIX
  NMIINTRUPT            00007060   00000010  00000010  00000000  RWIX
  XINTRUPT              00007070   00000010  00000010  00000000  RWIX
  ADC                   00007100   00000080  00000050  00000030  RWIX
  SPIB                  00007740   00000010  00000010  00000000  RWIX
  SCIB                  00007750   00000010  00000010  00000000  RWIX
  I2CA                  00007900   00000040  00000022  0000001e  RWIX
  RAML2                 00008c00   00000400  00000000  00000400  RWIX
  RAML3                 00009000   00001000  00000000  00001000  RWIX
  RAML4                 0000a000   00002000  00002000  00000000  RWIX
  RAML5                 0000c000   00002000  000018a2  0000075e  RWIX
  RAML6                 0000e000   00002000  00000000  00002000  RWIX
  RAML7                 00010000   00002000  00000000  00002000  RWIX
  RAML8                 00012000   00002000  00000000  00002000  RWIX
  USB_RAM               00040000   00000800  00000000  00000800  RWIX
  PARTID                003d7e80   00000001  00000001  00000000  RWIX
  CSM_PWL               003f7ff8   00000008  00000008  00000000  RWIX


SECTION ALLOCATION MAP

 output                                  attributes/
section   page    origin      length       input sections
--------  ----  ----------  ----------   ----------------
.cinit     0    003f24e0    00000918     
                  003f24e0    0000021f     CSMON_C28xx.lib : hmmodbus.obj (.cinit)
                  003f26ff    00000142     main.obj (.cinit)
                  003f2841    000000ca     CSMON_C28xx.lib : csmon.obj (.cinit)
                  003f290b    000000c3                     : modbusreg.obj (.cinit:_QueueTestTable)
                  003f29ce    00000078                     : modbusreg.obj (.cinit)
                  003f2a46    0000003f                     : csmon.obj (.cinit:_CSMON_au8FileRecorderDataElementsSizeTable)
                  003f2a85    00000033                     : hmrecparam.obj (.cinit:_sRecStatusParam)
                  003f2ab8    00000030                     : csmon.obj (.cinit:_CSMON_au8FileRecorderConfigElementsSizeTable)
                  003f2ae8    0000002b                     : csmon.obj (.cinit:_CSMON_au8FileScopeConfigurationElementsSizeTable)
                  003f2b13    0000001f                     : hmrecparam.obj (.cinit:_sRecStatusParamInternal)
                  003f2b32    00000016     main.obj (.cinit:_sExternalRecoderHandle)
                  003f2b48    00000015     CSMON_C28xx.lib : csmon.obj (.cinit:_CSMON_sFileAutorization)
                  003f2b5d    00000014                     : hmdrv.obj (.cinit)
                  003f2b71    00000014                     : hmprotocol.obj (.cinit)
                  003f2b85    00000013                     : modbusreg.obj (.cinit:_MODBUSREG_au8DeviceIDUserApplicationName)
                  003f2b98    00000013                     : modbusreg.obj (.cinit:_MODBUSREG_au8DeviceIDVendorUrl)
                  003f2bab    00000013                     : modbusreg.obj (.cinit:_MODBUSREG_au8ServerIDData)
                  003f2bbe    00000010     rtc_drv.obj (.cinit)
                  003f2bce    0000000f     CSMON_C28xx.lib : csmon.obj (.cinit:_CSMON_sDateTime)
                  003f2bdd    0000000f                     : csmon.obj (.cinit:_CSMON_sDateTimeApplication)
                  003f2bec    0000000f                     : csmon.obj (.cinit:_CSMON_sDateTimeDefault)
                  003f2bfb    0000000f                     : modbusreg.obj (.cinit:_MODBUSREG_au8DeviceIDModelName)
                  003f2c0a    0000000f     device.obj (.cinit)
                  003f2c19    0000000e     rts2800_ml.lib : exit.c.obj (.cinit)
                  003f2c27    0000000d     CSMON_C28xx.lib : csmon.obj (.cinit:_CSMON_au8FileParameterCountElementsSizeTable)
                  003f2c34    0000000d                     : csmon.obj (.cinit:_CSMON_au8FileRTCElementsSizeTable)
                  003f2c41    0000000d                     : csmon.obj (.cinit:_sHashKey)
                  003f2c4e    0000000d     tmr_drv.obj (.cinit)
                  003f2c5b    0000000c     CSMON_C28xx.lib : csmon.obj (.cinit:_CSMON_au8FileParameterNumericElementsSizeTable)
                  003f2c67    0000000c                     : modbusreg.obj (.cinit:_MODBUSREG_au8DeviceIDProductName)
                  003f2c73    0000000c                     : modbusreg.obj (.cinit:_MODBUSREG_au8DeviceIDUserReserve0)
                  003f2c7f    0000000c                     : modbusreg.obj (.cinit:_MODBUSREG_au8DeviceIDUserReserve1)
                  003f2c8b    0000000c                     : modbusreg.obj (.cinit:_MODBUSREG_au8DeviceIDUserReserve2)
                  003f2c97    0000000c                     : modbusreg.obj (.cinit:_MODBUSREG_au8DeviceIDVendorName)
                  003f2ca3    0000000b                     : hmrecparam.obj (.cinit:_HMRECPRM_sDateTime)
                  003f2cae    0000000b     main.obj (.cinit:_MAIN_sDateTimeGet)
                  003f2cb9    0000000b     main.obj (.cinit:_MAIN_sDateTimeSet)
                  003f2cc4    0000000b     uart_driver.obj (.cinit:_UART_DRV_RXIntOverflowCounter)
                  003f2ccf    0000000b     uart_driver.obj (.cinit:_UART_DRV_u32TimeDiffLast)
                  003f2cda    0000000b     uart_driver.obj (.cinit:_UART_DRV_u32TimeDiffNow)
                  003f2ce5    0000000b     CSMON_C28xx.lib : uart_drv.obj (.cinit:_UART_RXIntOverflowCounter)
                  003f2cf0    0000000b     tmr_drv.obj (.cinit:_pfDelayedFunction)
                  003f2cfb    0000000b     tmr_drv.obj (.cinit:_pfDelayedFunction_u8)
                  003f2d06    0000000b     CSMON_C28xx.lib : uart_drv.obj (.cinit:_u32TimeDiffLast)
                  003f2d11    0000000b                     : uart_drv.obj (.cinit:_u32TimeDiffNow)
                  003f2d1c    0000000b                     : uart_drv.obj (.cinit:_u32TimeDiffRead)
                  003f2d27    00000009                     : hmserial.obj (.cinit)
                  003f2d30    00000009                     : csmon.obj (.cinit:_CSMON_au32FileAutorization_FunctionAfterWriteFileRecord)
                  003f2d39    00000009                     : csmon.obj (.cinit:_CSMON_sFileParameterCount)
                  003f2d42    00000009                     : hmscopeparam.obj (.cinit:_pBufferScope)
                  003f2d4b    00000008                     : hmlib.obj (.cinit)
                  003f2d53    00000007                     : csmon.obj (.cinit:_CSMON_au8FileParameterListElementsSizeTablePart1)
                  003f2d5a    00000007                     : csmon.obj (.cinit:_CSMON_au8FileRecorderStatusElementsSizeTable)
                  003f2d61    00000007                     : modbusreg.obj (.cinit:_MODBUSREG_au8DeviceIDMajorMinorRevision)
                  003f2d68    00000007                     : modbusreg.obj (.cinit:_MODBUSREG_au8DeviceIDProductCode)
                  003f2d6f    00000007                     : uart_drv.obj (.cinit:_UARTRxBufferRDCount)
                  003f2d76    00000007                     : uart_drv.obj (.cinit:_UARTRxBufferRDIndex)
                  003f2d7d    00000007                     : uart_drv.obj (.cinit:_UARTRxBufferWRCount)
                  003f2d84    00000007                     : uart_drv.obj (.cinit:_UARTRxBufferWRIndex)
                  003f2d8b    00000007     uart_driver.obj (.cinit:_UART_DRV_RxBufferRDCount)
                  003f2d92    00000007     uart_driver.obj (.cinit:_UART_DRV_RxBufferWRCount)
                  003f2d99    00000007     uart_driver.obj (.cinit:_UART_DRV_RxBufferWRIndex)
                  003f2da0    00000006     CSMON_C28xx.lib : csmon.obj (.cinit:_CSMON_abFileAutorization_RecordReadOnly)
                  003f2da6    00000006                     : csmon.obj (.cinit:_CSMON_abFileAutorization_RecordStringData)
                  003f2dac    00000006                     : csmon.obj (.cinit:_CSMON_au16FileAutorization_RecordOffsets)
                  003f2db2    00000006                     : csmon.obj (.cinit:_CSMON_au8FileRecorderDataElementsSizeTableUsedLength)
                  003f2db8    00000006                     : csmon.obj (.cinit:_CSMON_sFileProtocolVersion)
                  003f2dbe    00000005                     : modbusreg.obj (.cinit:_HMMODBUS_u32CoilAddressTableInRam)
                  003f2dc3    00000005                     : modbusreg.obj (.cinit:_MODBUSREG_sInputCoilAddressTableInRam)
                  003f2dc8    00000005     rts2800_ml.lib : _lock.c.obj (.cinit:__lock)
                  003f2dcd    00000005                    : _lock.c.obj (.cinit:__unlock)
                  003f2dd2    00000004     CSMON_C28xx.lib : hmscopeparam.obj (.cinit)
                  003f2dd6    00000004                     : uart_drv.obj (.cinit)
                  003f2dda    00000004                     : csmon.obj (.cinit:_CSMON_au8FileParameterListElementsSizeTablePart2)
                  003f2dde    00000004                     : csmon.obj (.cinit:_CSMON_au8FileParameterListElementsSizeTablePart3)
                  003f2de2    00000004                     : csmon.obj (.cinit:_CSMON_au8FileScopeStatusElementsSizeTable)
                  003f2de6    00000004                     : csmon.obj (.cinit:_CSMON_sFileParameterAccessList)
                  003f2dea    00000004                     : modbusreg.obj (.cinit:_MODBUSREG_asFileTable)
                  003f2dee    00000004                     : modbusreg.obj (.cinit:_MODBUSREG_asQueueTable)
                  003f2df2    00000004     rts2800_ml.lib : errno.c.obj (.cinit)
                  003f2df6    00000002     --HOLE-- [fill = 0]

.pinit     0    003e8000    00000000     UNINITIALIZED

.text      0    003e8000    00007794     
                  003e8000    00001543     CSMON_C28xx.lib : hmmodbus.obj (.text:_HMMODBUS_bDecoder)
                  003e9543    00000ac2                     : modbusreg.obj (.text:_MODBUSREG_AddressTablesInit)
                  003ea005    00000698     rts2800_ml.lib : k_rem_pio2.c.obj (.text)
                  003ea69d    0000048d     CSMON_C28xx.lib : csmon.obj (.text:_CSMON_eSetParameter)
                  003eab2a    000001d9                     : csmon.obj (.text:_CSMON_eInit)
                  003ead03    0000019a     main.obj (.text:_main)
                  003eae9d    0000017c     CSMON_C28xx.lib : csmon.obj (.text:_CSMON_eProcess)
                  003eb019    00000178                     : csmon.obj (.text:_CSMON_eSetUpRecParam)
                  003eb191    0000013c                     : csmon.obj (.text:_CSMON_vCheckLoadRecorderTable)
                  003eb2cd    00000132                     : csmon.obj (.text:_CSMON_vSetupHoldingRegistersAndCoilsAddressTableFromCSMONParameterList)
                  003eb3ff    0000012c                     : hmmodbus.obj (.text:_HMMODBUS_vSetFreeRunTimerPrescaller)
                  003eb52b    00000127                     : hmmodbus.obj (.text:_HMMODBUS_Rx)
                  003eb652    00000114     rts2800_ml.lib : s_sinf.c.obj (.text)
                  003eb766    00000107                    : ll_div28.asm.obj (.text)
                  003eb86d    00000101     CSMON_C28xx.lib : hmmodbus.obj (.text:_HMMODBUS_GetRealRegisterAddressAndSize)
                  003eb96e    000000fa                     : csmon.obj (.text:_CSMON_vCheckSaveRecorderTable)
                  003eba68    000000f8                     : hmprotocol.obj (.text:_HMPROTOCOL_bDecoder)
                  003ebb60    000000f1                     : csmon.obj (.text:_CSMON_vFileRecoderStatusFix)
                  003ebc51    000000e9                     : csmon.obj (.text:_CSMON_vSaveRecorderConfiguration)
                  003ebd3a    000000e8                     : hmrecparam.obj (.text:_HMRECPRM_vProcess)
                  003ebe22    000000e8     rts2800_ml.lib : s_floor.c.obj (.text)
                  003ebf0a    000000d9     main.obj (.text:_ControlProcess)
                  003ebfe3    000000cd     CSMON_C28xx.lib : csmon.obj (.text:_CSMON_vSetupInputRegistersAndCoilsAddressTableFromCSMONParameterList)
                  003ec0b0    000000c4                     : csmon.obj (.text:_CSMON_u32GetParameterListCheckSum)
                  003ec174    000000c1     main.obj (.text:_RecordersInitialization)
                  003ec235    000000bc     CSMON_C28xx.lib : hmrecparam.obj (.text:_HMRECPRM_SetUpRec)
                  003ec2f1    000000b8                     : hmrec.obj (.text:_HMREC_SetUpRec)
                  003ec3a9    000000aa                     : hmdrv.obj (.text:_HMDRV_CopyFromBufferInternalModbusBitField)
                  003ec453    000000aa     rts2800_ml.lib : s_scalbn.c.obj (.text)
                  003ec4fd    000000a7                    : e_rem_pio2f.c.obj (.text)
                  003ec5a4    000000a3     CSMON_C28xx.lib : csmon.obj (.text:_CSMON_vSaveRecorderConfigTrigger)
                  003ec647    000000a3                     : hmdrv.obj (.text:_HMDRV_vInit)
                  003ec6ea    000000a3                     : modbusreg.obj (.text:_MODBUSREG_vInit)
                  003ec78d    000000a3     tmr_drv.obj (.text:_TMR2_ISR)
                  003ec830    0000009c     rts2800_ml.lib : fd_add28.asm.obj (.text)
                  003ec8cc    00000099     main.obj (.text:_ParameterInitialization)
                  003ec965    00000095     CSMON_C28xx.lib : csmon.obj (.text:_CSMON_vLoadRecorderConfiguration)
                  003ec9fa    00000092                     : hmdrv.obj (.text:_HMDRV_CopyMemory)
                  003eca8c    00000092                     : hmdrv.obj (.text:_HMDRV_CopyToBufferInternalModbus)
                  003ecb1e    00000092     rts2800_ml.lib : k_sinf.c.obj (.text)
                  003ecbb0    00000090     CSMON_C28xx.lib : csmon.obj (.text:_CSMON_vSetDateTimeAutorization)
                  003ecc40    0000008d                     : csmon.obj (.text:_CSMON_vInitRecorders)
                  003ecccd    0000008b     rts2800_ml.lib : fd_div28.asm.obj (.text)
                  003ecd58    00000087     CSMON_C28xx.lib : hmrecparam.obj (.text:_HMRECPRM_SetUpRecParamStatusDateTime)
                  003ecddf    00000087     rts2800_ml.lib : k_cosf.c.obj (.text)
                  003ece66    00000083     CSMON_C28xx.lib : hmdrv.obj (.text:_HMDRV_CopyFromBufferInternalModbus)
                  003ecee9    00000083     rts2800_ml.lib : fd_mpy28.asm.obj (.text)
                  003ecf6c    00000083                    : fs_div28.asm.obj (.text)
                  003ecfef    00000081     CSMON_C28xx.lib : csmon.obj (.text:_CSMON_vPrepareFileParameterAccessList)
                  003ed070    0000007f                     : hmserial.obj (.text:_HMSERIAL_vProcessSCI)
                  003ed0ef    0000007e                     : hmrecparam.obj (.text:_HMRECPRM_vTimeSync)
                  003ed16d    00000078     rts2800_ml.lib : fs_add28.asm.obj (.text)
                  003ed1e5    00000076     main.obj (.text:_ScopesInitialization)
                  003ed25b    00000070     CSMON_C28xx.lib : csmon.obj (.text:_CSMON_u32GetParameterStringCheckSum)
                  003ed2cb    0000006a                     : hmprotocol.obj (.text:_HMPROTOCOL_GetBoardInfo)
                  003ed335    0000006a                     : hmserial.obj (.text:_HMSERIAL_Rx)
                  003ed39f    00000067                     : hmmodbus.obj (.text:_HMMODBUS_CopyFromBuffer)
                  003ed406    00000066                     : hmmodbus.obj (.text:_HMMODBUS_vProcessSCI)
                  003ed46c    00000064                     : hmrec.obj (.text:_HMREC_vProcess)
                  003ed4d0    00000063                     : hmmodbus.obj (.text:_HMMODBUS_CopyToBufferCoil)
                  003ed533    0000005f                     : hmmodbus.obj (.text:_HMMODBUS_CopyFromBufferCoil)
                  003ed592    0000005f     F2806x_SysCtrl.obj (.text:_InitPeripheralClocks)
                  003ed5f1    0000005d     CSMON_C28xx.lib : uart_drv.obj (.text:_UART_RXInterrupt)
                  003ed64e    0000005c                     : hmmodbus.obj (.text:_HMMODBUS_GetCoilFunction)
                  003ed6aa    0000005c                     : hmmodbus.obj (.text:_HMMODBUS_GetRegisterFunction)
                  003ed706    0000005a                     : csmon.obj (.text:_CSMON_vRecorderParamStartStopProcess)
                  003ed760    0000005a     main.obj (.text:_GPIO_setPinConfigOutput)
                  003ed7ba    0000005a     rts2800_ml.lib : fs_mpy28.asm.obj (.text)
                  003ed814    00000059     CSMON_C28xx.lib : csmon.obj (.text:_CSMON_vUpdateDateTimeFromApplication)
                  003ed86d    00000059                     : hmmodbus.obj (.text:_vSetElementsSize)
                  003ed8c6    00000057                     : csmon.obj (.text:_CSMON_bCheckValidDateTime)
                  003ed91d    00000057     uart_driver.obj (.text:_UART_DRV_RXInterrupt)
                  003ed974    00000055     CSMON_C28xx.lib : modbusreg.obj (.text:_MODBUSREG_FileRecorderExternalUpdateInit)
                  003ed9c9    00000054                     : csmon.obj (.text:_CSMON_u32GetParameterNumbCheckSum)
                  003eda1d    00000054                     : csmon.obj (.text:_CSMON_u32GetParameterShortNameCheckSum)
                  003eda71    00000054                     : hmlib.obj (.text:_HMLIB_vInit)
                  003edac5    00000054     rts2800_ml.lib : boot28.asm.obj (.text)
                  003edb19    00000052     CSMON_C28xx.lib : csmon.obj (.text:_CSMON_vLoadRecorderConfigTrigger)
                  003edb6b    00000051     F2806x_SysCtrl.obj (.text:_InitPll)
                  003edbbc    00000050     CSMON_C28xx.lib : csmon.obj (.text:_CSMON_eSetExternalRecorderUsage)
                  003edc0c    0000004f     device.obj (.text:_Device_CsmUnlock)
                  003edc5b    0000004e     CSMON_C28xx.lib : hmrecparam.obj (.text:_HMRECPRM_StartRecParam)
                  003edca9    0000004d                     : csmon.obj (.text:_CSMON_vSetupHoldingRegistersAndCoilsAddressTableAccessAll)
                  003edcf6    0000004a                     : csmon.obj (.text:_CSMON_eSetRecorderTriggerAtPosition)
                  003edd40    00000047                     : hmmodbus.obj (.text:_HMMODBUS_CopyToBuffer)
                  003edd87    00000047                     : hmscopeparam.obj (.text:_HMSCOPEPRM_SetUpScope)
                  003eddce    00000043                     : hmscopeparam.obj (.text:_HMSCOPEPRM_ReadScope)
                  003ede11    00000042                     : hmdrv.obj (.text:_HMDRV_CopyFromBufferInternalCoil)
                  003ede53    00000042                     : hmmodbus.obj (.text:_HMMODBUS_vSendResponse)
                  003ede95    00000042     interrupt.obj (.text:_Interrupt_enable)
                  003eded7    0000003f     CSMON_C28xx.lib : csmon.obj (.text:_CSMON_vSetupInputRegistersAndCoilsAddressTableAccessAll)
                  003edf16    0000003f                     : hmdrv.obj (.text:_HMDRV_CopyFromBufferInternal)
                  003edf55    0000003d                     : hmmodbus.obj (.text:_vSetStartSampleIndex)
                  003edf92    0000003c     tmr_drv.obj (.text:_configCPUTimer)
                  003edfce    0000003b     CSMON_C28xx.lib : csmon.obj (.text:_CSMON_eSetRecorderConfigurationSkipSamples)
                  003ee009    0000003b                     : hmscope.obj (.text:_HMSCOPE_SetUpScope)
                  003ee044    00000038     device.obj (.text:_Device_init)
                  003ee07c    00000038     CSMON_C28xx.lib : hmdrv.obj (.text:_HMDRV_CopyToBufferInternalCoil)
                  003ee0b4    00000038                     : uart_drv.obj (.text:_UART_ReadDataRx)
                  003ee0ec    00000037                     : csmon.obj (.text:_CSMON_u32GetRealAddressAndSizeOffsetFromParameter)
                  003ee123    00000036                     : hmscope.obj (.text:_HMSCOPE_ReadScope)
                  003ee159    00000036                     : hmserial.obj (.text:_HMSERIAL_vSendResponse)
                  003ee18f    00000035                     : hmdrv.obj (.text:_HMDRV_CopyToBufferInternal)
                  003ee1c4    00000035     tmr_drv.obj (.text:_TMR_vInit)
                  003ee1f9    00000034     CSMON_C28xx.lib : csmon.obj (.text:_CSMON_eSetParameterInRecorderAtPosition)
                  003ee22d    00000033                     : hmmodbus.obj (.text:_HMMODBUS_Listen)
                  003ee260    00000032                     : csmon.obj (.text:_CSMON_eSetParameterInScopeAtPosition)
                  003ee292    0000002f                     : hmmodbus.obj (.text:_HMMODBUS_CopyFromBufferSingleCoil)
                  003ee2c1    0000002e                     : csmon.obj (.text:_CSMON_vRecorderParamSetupProcess)
                  003ee2ef    0000002e                     : hmserial.obj (.text:_HMSERIAL_vProcessSCIFreemasterOnly)
                  003ee31d    0000002d                     : hmdrv.obj (.text:_HMDRV_CopyToBufferInternalModbusCoil)
                  003ee34a    0000002d                     : hmserial.obj (.text:_HMSERIAL_Listen)
                  003ee377    0000002d                     : hmrecparam.obj (.text:_RecorderTimeFromLocalDateTime)
                  003ee3a4    0000002d     tmr_drv.obj (.text:_TMR_vInitCPUTimers)
                  003ee3d1    0000002b     CSMON_C28xx.lib : hmrecparam.obj (.text:_FillTimeData)
                  003ee3fc    0000002a     rts2800_ml.lib : fd_cmp28.asm.obj (.text)
                  003ee426    00000029                    : exit.c.obj (.text)
                  003ee44f    00000029                    : fs_tol28.asm.obj (.text)
                  003ee478    00000028     CSMON_C28xx.lib : csmon.obj (.text:_CSMON_bAutorizationPasswordCheck)
                  003ee4a0    00000027                     : csmon.obj (.text:_CSMON_u32GetParameterCheckSum)
                  003ee4c7    00000027                     : csmon.obj (.text:_CSMON_vSaveRecorderConfig)
                  003ee4ee    00000027                     : hmdrv.obj (.text:_HMDRV_CopyFromBufferInternalModbusSingleCoil)
                  003ee515    00000027                     : hmserial.obj (.text:_HMSERIAL_vProcessSCITXISR)
                  003ee53c    00000027                     : hmdrv.obj (.text:_sci_echoback_init)
                  003ee563    00000026                     : csmon.obj (.text:_CSMON_u32GetParameterAuxCheckSum)
                  003ee589    00000026                     : hmdrv.obj (.text:_HMDRV_CopyFromBufferInternalWithMaskModbus)
                  003ee5af    00000026                     : hmmodbus.obj (.text:_HMMODBUS_CopyToBufferSingleCoil)
                  003ee5d5    00000025                     : hmserial.obj (.text:_HMSERIAL_Tx)
                  003ee5fa    00000025     rts2800_ml.lib : fs_toi28.asm.obj (.text)
                  003ee61f    00000024     CSMON_C28xx.lib : csmon.obj (.text:_CSMON_vAutorizationReset)
                  003ee643    00000024                     : hmprotocol.obj (.text:_HMPROTOCOL_ReadMem)
                  003ee667    00000024                     : hmrecparam.obj (.text:_RecorderDateFromLocalDateTime)
                  003ee68b    00000024     sci_driver.obj (.text:_SCIA_DRV_RXFIFOISR)
                  003ee6af    00000024     sci_driver.obj (.text:_SCIA_DRV_TXFIFOISR)
                  003ee6d3    00000024     sci_drv.obj (.text:_SCIA_RXFIFOISR)
                  003ee6f7    00000024     sci_drv.obj (.text:_SCIA_TXFIFOISR)
                  003ee71b    00000024     sci_driver.obj (.text:_SCIB_DRV_RXFIFOISR)
                  003ee73f    00000024     sci_driver.obj (.text:_SCIB_DRV_TXFIFOISR)
                  003ee763    00000024     sci_drv.obj (.text:_SCIB_RXFIFOISR)
                  003ee787    00000024     sci_drv.obj (.text:_SCIB_TXFIFOISR)
                  003ee7ab    00000024     CSMON_C28xx.lib : hmmodbus.obj (.text:_vSetSampleCountAvailable)
                  003ee7cf    00000024     rts2800_ml.lib : cpy_tbl.c.obj (.text)
                  003ee7f3    00000023     CSMON_C28xx.lib : modbusreg.obj (.text:_MODBUSREG_FileRecorderElementSizeTableUsedSizeUpdateInit)
                  003ee816    00000023     rts2800_ml.lib : s_copysign.c.obj (.text)
                  003ee839    00000022     CSMON_C28xx.lib : hmdrv.obj (.text:_HMDRV_CopyFromBufferInternalModbusCoil)
                  003ee85b    00000022     rts2800_ml.lib : i_div28.asm.obj (.text)
                  003ee87d    00000021     CSMON_C28xx.lib : hmdrv.obj (.text:_HMDRV_CopyFromBufferInternalWithMask)
                  003ee89e    00000021     rts2800_ml.lib : fd_tofs28.asm.obj (.text)
                  003ee8bf    00000021                    : fs_toul28.asm.obj (.text)
                  003ee8e0    00000020     CSMON_C28xx.lib : hmdrv.obj (.text:_HMDRV_vProcess)
                  003ee900    00000020                     : hmmodbus.obj (.text:_vSetSampleCountBuffer)
                  003ee920    0000001f                     : csmon.obj (.text:_CSMON_u16FindIndexParameterTable)
                  003ee93f    0000001f     F2806x_PieCtrl.obj (.text:_InitPieCtrl)
                  003ee95e    0000001f     CSMON_C28xx.lib : hmmodbus.obj (.text:_vSetSampleSize)
                  003ee97d    0000001f     rts2800_ml.lib : fd_tol28.asm.obj (.text)
                  003ee99c    0000001e     CSMON_C28xx.lib : csmon.obj (.text:_CSMON_eApplyParameterChanges)
                  003ee9ba    0000001d                     : hmrecparam.obj (.text:_HMRECPRM_GetRecBuffFreemaster)
                  003ee9d7    0000001d                     : hmrec.obj (.text:_HMREC_GetRecBuffFreemaster)
                  003ee9f4    0000001d     rts2800_ml.lib : fs_tou28.asm.obj (.text)
                  003eea11    0000001d                    : memcpy.c.obj (.text)
                  003eea2e    0000001c     main.obj (.text:_CSMON_vGetDateTime)
                  003eea4a    0000001c     CSMON_C28xx.lib : csmon.obj (.text:_HMRECPRM_vGetDateTime)
                  003eea66    0000001c     sci.obj (.text:_SCI_clearInterruptStatus)
                  003eea82    0000001c     CSMON_C28xx.lib : hmmodbus.obj (.text:_vSetIndexFileTable)
                  003eea9e    0000001c     rts2800_ml.lib : fs_tofd28.asm.obj (.text)
                  003eeaba    0000001c                    : l_tofd28.asm.obj (.text)
                  003eead6    0000001b     CSMON_C28xx.lib : csmon.obj (.text:_CSMON_eSetParameterCountInRecorder)
                  003eeaf1    0000001b                     : csmon.obj (.text:_CSMON_vFileParameterCountCheckSumUpdate)
                  003eeb0c    0000001b     device.obj (.text:_Device_initGPIO)
                  003eeb27    0000001b     CSMON_C28xx.lib : hmdrv.obj (.text:_HMDRV_AddressToBuffer)
                  003eeb42    0000001b                     : hmmodbus.obj (.text:_HMMODBUS_vInit)
                  003eeb5d    0000001b     rts2800_ml.lib : fd_toul28.asm.obj (.text)
                  003eeb78    0000001a     CSMON_C28xx.lib : hmmodbus.obj (.text:_HMMODBUS_vProcessSCITXISR)
                  003eeb92    0000001a                     : hmrecparam.obj (.text:_HMRECPRM_StartRec)
                  003eebac    0000001a                     : hmserial.obj (.text:_HMSERIAL_vProcessSCITXISRFreemasterOnly)
                  003eebc6    0000001a     sci.obj (.text:_SCI_disableInterrupt)
                  003eebe0    0000001a     sci.obj (.text:_SCI_enableInterrupt)
                  003eebfa    0000001a     rts2800_ml.lib : l_tofs28.asm.obj (.text)
                  003eec14    00000019     CSMON_C28xx.lib : hmdrv.obj (.text:_HMDRV_AddressFromBuffer)
                  003eec2d    00000019                     : hmmodbus.obj (.text:_HMMODBUS_GetRealQueueNumber)
                  003eec46    00000019                     : uart_drv.obj (.text:_UART_vInit)
                  003eec5f    00000019                     : hmmodbus.obj (.text:_bGetFileReadAccess)
                  003eec78    00000019     rts2800_ml.lib : prolog28.asm.obj (.text)
                  003eec91    00000018     CSMON_C28xx.lib : csmon.obj (.text:_CSMON_u32GetFreeRunningTimerMicroseconds)
                  003eeca9    00000018                     : hmlib.obj (.text:_HMLIB_vProcessSCITXISRWithIndex)
                  003eecc1    00000018     F2806x_SysCtrl.obj (.text:_InitSysCtrl)
                  003eecd9    00000018     rts2800_ml.lib : ll_aox28.asm.obj (.text)
                  003eecf1    00000017     CSMON_C28xx.lib : hmmodbus.obj (.text:_HMMODBUS_Tx)
                  003eed08    00000017                     : hmmodbus.obj (.text:_HMMODBUS_vProcessTxDelay)
                  003eed1f    00000017                     : hmprotocol.obj (.text:_HMPROTOCOL_WriteMem)
                  003eed36    00000017                     : hmprotocol.obj (.text:_HMPROTOCOL_WriteMemMask)
                  003eed4d    00000017                     : hmmodbus.obj (.text:_vSetBufferAddressStart)
                  003eed64    00000017     rts2800_ml.lib : fs_cmp28.asm.obj (.text)
                  003eed7b    00000017                    : u_tofd28.asm.obj (.text)
                  003eed92    00000016     CSMON_C28xx.lib : csmon.obj (.text:_CSMON_eSetParameterCountInScope)
                  003eeda8    00000016                     : hmdrv.obj (.text:_HMDRV_AddressFromBufferBigEndian)
                  003eedbe    00000016                     : hmdrv.obj (.text:_HMDRV_CopyToBufferInternalModbusSingleCoil)
                  003eedd4    00000015                     : csmon.obj (.text:_CSMON_eResetParameterTable)
                  003eede9    00000015                     : hmrecparam.obj (.text:_HMRECPRM_Comparefloat)
                  003eedfe    00000015                     : hmrec.obj (.text:_HMREC_Comparefloat)
                  003eee13    00000015                     : hmrec.obj (.text:_HMREC_StartRec)
                  003eee28    00000015     F2806x_Gpio.obj (.text:_InitGpio)
                  003eee3d    00000014     CSMON_C28xx.lib : hmlib.obj (.text:_HMLIB_vProcessFastTD)
                  003eee51    00000014                     : hmmodbus.obj (.text:_HMMODBUS_DelayedTx)
                  003eee65    00000014                     : hmrecparam.obj (.text:_HMRECPRM_StopRecParam)
                  003eee79    00000014                     : hmserial.obj (.text:_HMSERIAL_DelayedTx)
                  003eee8d    00000013                     : csmon.obj (.text:_CSMON_eSetFlagProcessPassed)
                  003eeea0    00000013                     : hmmodbus.obj (.text:_HMMODBUS_vSetupQueueRegistersAddressTable)
                  003eeeb3    00000013     rts2800_ml.lib : ul_tofs28.asm.obj (.text)
                  003eeec6    00000012     CSMON_C28xx.lib : csmon.obj (.text:_CSMON_vInitHoldingRegistersTableChanges)
                  003eeed8    00000012                     : hmdrv.obj (.text:_HMDRV_GetStringLengthFromWordInternal)
                  003eeeea    00000012                     : hmrecparam.obj (.text:_HMRECPRM_CompareBOOL)
                  003eeefc    00000012                     : modbusreg.obj (.text:_MODBUSREG_vFileDenyAccess)
                  003eef0e    00000012                     : modbusreg.obj (.text:_MODBUSREG_vInitHoldingRegistersTableChanges)
                  003eef20    00000012                     : uart_drv.obj (.text:_UART_TxIntDis)
                  003eef32    00000012                     : uart_drv.obj (.text:_UART_TxIntEna)
                  003eef44    00000011     main.obj (.text:_CSMON_vSetDateTime)
                  003eef55    00000011     CSMON_C28xx.lib : hmserial.obj (.text:_HMSERIAL_vInit)
                  003eef66    00000011     F2806x_PieVect.obj (.text:_InitPieVectTable)
                  003eef77    00000011     main.obj (.text:_vSetWatchdogPrescalerTimeDiv)
                  003eef88    00000011     rts2800_ml.lib : args_main.c.obj (.text)
                  003eef99    00000010     device.obj (.text:_Example_MemCopy)
                  003eefa9    00000010     CSMON_C28xx.lib : hmlib.obj (.text:_HMLIB_vInitRecParamBuff)
                  003eefb9    00000010     F2806x_SysCtrl.obj (.text:_IntOsc1Sel)
                  003eefc9    00000010     CSMON_C28xx.lib : hmmodbus.obj (.text:_bIsValidEndAddressInBuffer)
                  003eefd9    00000010                     : hmmodbus.obj (.text:_u32BytesMemoryToBytesModbus)
                  003eefe9    00000010                     : hmmodbus.obj (.text:_u32BytesModbusToBytesMemory)
                  003eeff9    00000010     main.obj (.text:_vGetWatchdogPrescaler)
                  003ef009    00000010     rts2800_ml.lib : u_tofs28.asm.obj (.text)
                  003ef019    0000000f     CSMON_C28xx.lib : hmlib.obj (.text:_HMLIB_GetRecBuffAddress)
                  003ef028    0000000f                     : hmlib.obj (.text:_HMLIB_vProcessRecorders)
                  003ef037    0000000f                     : hmmodbus.obj (.text:_HMMODBUS_CalcCRC)
                  003ef046    0000000f                     : uart_drv.obj (.text:_UART_IsTxEmpty)
                  003ef055    0000000e                     : hmdrv.obj (.text:_HMDRV_GetStringLengthInternal)
                  003ef063    0000000e                     : hmlib.obj (.text:_HMLIB_GetRecBufferSize)
                  003ef071    0000000e                     : hmlib.obj (.text:_HMLIB_GetRecSampleSize)
                  003ef07f    0000000e                     : hmrecparam.obj (.text:_HMRECPRM_Compare16S)
                  003ef08d    0000000e                     : hmrecparam.obj (.text:_HMRECPRM_Compare16U)
                  003ef09b    0000000e                     : hmrecparam.obj (.text:_HMRECPRM_Compare32S)
                  003ef0a9    0000000e                     : hmrecparam.obj (.text:_HMRECPRM_Compare32U)
                  003ef0b7    0000000e                     : hmrecparam.obj (.text:_HMRECPRM_Compare8S)
                  003ef0c5    0000000e                     : hmrecparam.obj (.text:_HMRECPRM_Compare8U)
                  003ef0d3    0000000e                     : hmrec.obj (.text:_HMREC_Compare16S)
                  003ef0e1    0000000e                     : hmrec.obj (.text:_HMREC_Compare16U)
                  003ef0ef    0000000e                     : hmrec.obj (.text:_HMREC_Compare32S)
                  003ef0fd    0000000e                     : hmrec.obj (.text:_HMREC_Compare32U)
                  003ef10b    0000000e                     : hmrec.obj (.text:_HMREC_Compare8S)
                  003ef119    0000000e                     : hmrec.obj (.text:_HMREC_Compare8U)
                  003ef127    0000000e                     : hmmodbus.obj (.text:_u32FitAddressCircleBufferInside)
                  003ef135    0000000e     rts2800_ml.lib : fd_sub28.asm.obj (.text)
                  003ef143    0000000d     CSMON_C28xx.lib : hmdrv.obj (.text:_HMDRV_CopyFromBufferInternalSingleCoil)
                  003ef150    0000000d                     : hmrecparam.obj (.text:_HMRECPRM_IsJustStopped)
                  003ef15d    0000000d                     : hmrecparam.obj (.text:_HMRECPRM_StopRec)
                  003ef16a    0000000d                     : hmrec.obj (.text:_HMREC_StopRec)
                  003ef177    0000000d                     : modbusreg.obj (.text:_MODBUSREG_vFileAllowAccess)
                  003ef184    0000000d     tmr_drv.obj (.text:_TIMER_vSetupTimerMainFunctionDelayCompare)
                  003ef191    0000000d     CSMON_C28xx.lib : uart_drv.obj (.text:_UART_ReadDataRxAvailable)
                  003ef19e    0000000c                     : hmdrv.obj (.text:_HMDRV_CopyToBufferInternalSingleCoil)
                  003ef1aa    0000000c                     : hmlib.obj (.text:_HMLIB_vProcess)
                  003ef1b6    0000000c                     : hmrecparam.obj (.text:_HMRECPRM_GetBufferRecParamPtrAddress)
                  003ef1c2    0000000c                     : hmrecparam.obj (.text:_HMRECPRM_TriggerRec)
                  003ef1ce    0000000c                     : hmmodbus.obj (.text:_u32FixAddressCircleBufferOverflow)
                  003ef1da    0000000c     rts2800_ml.lib : epilog28.asm.obj (.text)
                  003ef1e6    0000000b     CSMON_C28xx.lib : hmmodbus.obj (.text:_HMMODBUS_vProcessFastTD)
                  003ef1f1    0000000b                     : hmrecparam.obj (.text:_HMRECPRM_IsRunning)
                  003ef1fc    0000000b                     : hmrecparam.obj (.text:_HMRECPRM_vResetAllStopDetections)
                  003ef207    0000000b                     : hmserial.obj (.text:_HMSERIAL_vProcessFastTD)
                  003ef212    0000000b                     : modbusreg.obj (.text:_MODBUSREG_vDataZero)
                  003ef21d    0000000b     sci_driver.obj (.text:_SCI_DRV_eGetModuleIndexFromBase)
                  003ef228    0000000b     sci_drv.obj (.text:_SCI_eGetModuleIndexFromBase)
                  003ef233    0000000b     tmr_drv.obj (.text:_TMR1_ISR)
                  003ef23e    0000000b     CSMON_C28xx.lib : hmmodbus.obj (.text:_bIsValidIndexFileTable)
                  003ef249    0000000b     rts2800_ml.lib : u_div28.asm.obj (.text)
                  003ef254    0000000a     CSMON_C28xx.lib : hmrecparam.obj (.text:_HMRECPRM_ClrLastStopDetectionToRecorderStopSamplesCounter)
                  003ef25e    0000000a                     : hmrecparam.obj (.text:_HMRECPRM_GetRecStatus)
                  003ef268    0000000a                     : hmrec.obj (.text:_HMREC_GetRecStatus)
                  003ef272    0000000a                     : hmdrv.obj (.text:_sci_fifo_init)
                  003ef27c    00000009                     : csmon.obj (.text:_CSMON_eSetServerOnStatus)
                  003ef285    00000009                     : hmmodbus.obj (.text:_HMMODBUS_vProcessFreeTimer)
                  003ef28e    00000009                     : hmmodbus.obj (.text:_HMMODBUS_vProcessRxDelay)
                  003ef297    00000009                     : hmmodbus.obj (.text:_HMMODBUS_vSetupRegisterDummy)
                  003ef2a0    00000009                     : hmrecparam.obj (.text:_HMRECPRM_GetExternBufferRecParamLastPointedAddress)
                  003ef2a9    00000009                     : hmrecparam.obj (.text:_HMRECPRM_GetExternBufferRecParamPtrAddress)
                  003ef2b2    00000009                     : hmrecparam.obj (.text:_HMRECPRM_vDisableAllStopDetections)
                  003ef2bb    00000009                     : hmrec.obj (.text:_HMREC_TriggerRec)
                  003ef2c4    00000009                     : hmscopeparam.obj (.text:_HMSCOPEPRM_GetBufferScopeParamAddress)
                  003ef2cd    00000009                     : hmserial.obj (.text:_HMSERIAL_vProcessFreeTimer)
                  003ef2d6    00000009     tmr_drv.obj (.text:_TIMER_vResetTimerMainFunctionDelayCounter)
                  003ef2df    00000009     tmr_drv.obj (.text:_TIMER_vSetupTimerMainDelayedFunctionSendData)
                  003ef2e8    00000009     CSMON_C28xx.lib : uart_drv.obj (.text:_UART_PutChar)
                  003ef2f1    00000009                     : uart_drv.obj (.text:_UART_ReadDataRxTimeDiff)
                  003ef2fa    00000009     rts2800_ml.lib : _lock.c.obj (.text)
                  003ef303    00000009                    : fd_neg28.asm.obj (.text)
                  003ef30c    00000008     Example_Flash2806x_CsmKeys.obj (.text)
                  003ef314    00000008     F2806x_CodeStartBranch.obj (.text)
                  003ef31c    00000008     CSMON_C28xx.lib : csmon.obj (.text:_CSMON_vInitScopes)
                  003ef324    00000008     F2806x_SysCtrl.obj (.text:_DisableDog)
                  003ef32c    00000008     CSMON_C28xx.lib : hmdrv.obj (.text:_HMDRV_CopyFromBufferWithMaskModbus)
                  003ef334    00000008                     : hmmodbus.obj (.text:_HMMODBUS_vSetupHoldingRegistersAddressTable)
                  003ef33c    00000008                     : hmrecparam.obj (.text:_HMRECPRM_GetExternRecParamAddress)
                  003ef344    00000008                     : hmrecparam.obj (.text:_HMRECPRM_GetExternRecParamPtrMaximumUsedSampleCount)
                  003ef34c    00000008                     : hmrecparam.obj (.text:_HMRECPRM_GetExternRecParamPtrSampleSize)
                  003ef354    00000008                     : hmrecparam.obj (.text:_HMRECPRM_GetRecParamPtrAvailableSampleCount)
                  003ef35c    00000008                     : hmrecparam.obj (.text:_HMRECPRM_GetRecParamPtrLastSampleIndex)
                  003ef364    00000008                     : hmrecparam.obj (.text:_HMRECPRM_GetRecParamPtrMaximumUsedSampleCount)
                  003ef36c    00000008                     : hmrecparam.obj (.text:_HMRECPRM_GetRecParamPtrSampleSize)
                  003ef374    00000008                     : hmrecparam.obj (.text:_HMRECPRM_GetStatusInternalRecParamAddress)
                  003ef37c    00000008                     : hmrecparam.obj (.text:_HMRECPRM_GetStatusRecParamAddress)
                  003ef384    00000008                     : hmrecparam.obj (.text:_HMRECPRM_vInit)
                  003ef38c    00000008                     : hmrec.obj (.text:_HMREC_vInit)
                  003ef394    00000007     F2806x_DisInt.obj (.text)
                  003ef39b    00000007     CSMON_C28xx.lib : hmlib.obj (.text:_HMLIB_vProcessDifferentPorts)
                  003ef3a2    00000007                     : hmscopeparam.obj (.text:_HMSCOPEPRM_GetStatusScopeParamAddress)
                  003ef3a9    00000007     sci_driver.obj (.text:_SCI_DRV_u32GetBaseFromModuleIndex)
                  003ef3b0    00000007     sci_drv.obj (.text:_SCI_u32GetBaseFromModuleIndex)
                  003ef3b7    00000006     cputimer.obj (.text:_CPUTimer_setEmulationMode)
                  003ef3bd    00000006     CSMON_C28xx.lib : hmmodbus.obj (.text:_HMMODBUS_vSetupActiveQueueIndex)
                  003ef3c3    00000006                     : hmmodbus.obj (.text:_HMMODBUS_vSetupCoilDummy)
                  003ef3c9    00000006                     : hmmodbus.obj (.text:_HMMODBUS_vSetupHoldingCoilsAddressTable)
                  003ef3cf    00000006                     : hmmodbus.obj (.text:_HMMODBUS_vSetupHoldingRegistersAddressTableInRam)
                  003ef3d5    00000006                     : hmmodbus.obj (.text:_HMMODBUS_vSetupInputCoilsAddressTable)
                  003ef3db    00000006                     : hmmodbus.obj (.text:_HMMODBUS_vSetupInputRegistersAddressTable)
                  003ef3e1    00000006                     : hmmodbus.obj (.text:_HMMODBUS_vSetupInputRegistersAddressTableInRam)
                  003ef3e7    00000006                     : hmrecparam.obj (.text:_HMRECPRM_SetUpRecBuff)
                  003ef3ed    00000006                     : hmrec.obj (.text:_HMREC_SetUpRecBuff)
                  003ef3f3    00000006     tmr_drv.obj (.text:_TIMER_u16ResetTimerMainPeriod)
                  003ef3f9    00000006     uart_driver.obj (.text:_UART_DRV_GetChar)
                  003ef3ff    00000006     CSMON_C28xx.lib : uart_drv.obj (.text:_UART_GetChar)
                  003ef405    00000005     F2806x_DefaultIsr.obj (.text:_ADCINT1_ISR)
                  003ef40a    00000005     F2806x_DefaultIsr.obj (.text:_ADCINT2_ISR)
                  003ef40f    00000005     F2806x_DefaultIsr.obj (.text:_ADCINT3_ISR)
                  003ef414    00000005     F2806x_DefaultIsr.obj (.text:_ADCINT4_ISR)
                  003ef419    00000005     F2806x_DefaultIsr.obj (.text:_ADCINT5_ISR)
                  003ef41e    00000005     F2806x_DefaultIsr.obj (.text:_ADCINT6_ISR)
                  003ef423    00000005     F2806x_DefaultIsr.obj (.text:_ADCINT7_ISR)
                  003ef428    00000005     F2806x_DefaultIsr.obj (.text:_ADCINT8_ISR)
                  003ef42d    00000005     F2806x_DefaultIsr.obj (.text:_ADCINT9_ISR)
                  003ef432    00000005     F2806x_DefaultIsr.obj (.text:_CLA1_INT1_ISR)
                  003ef437    00000005     F2806x_DefaultIsr.obj (.text:_CLA1_INT2_ISR)
                  003ef43c    00000005     F2806x_DefaultIsr.obj (.text:_CLA1_INT3_ISR)
                  003ef441    00000005     F2806x_DefaultIsr.obj (.text:_CLA1_INT4_ISR)
                  003ef446    00000005     F2806x_DefaultIsr.obj (.text:_CLA1_INT5_ISR)
                  003ef44b    00000005     F2806x_DefaultIsr.obj (.text:_CLA1_INT6_ISR)
                  003ef450    00000005     F2806x_DefaultIsr.obj (.text:_CLA1_INT7_ISR)
                  003ef455    00000005     F2806x_DefaultIsr.obj (.text:_CLA1_INT8_ISR)
                  003ef45a    00000005     CSMON_C28xx.lib : csmon.obj (.text:_CSMON_eSetAutoServiceWatchdogInternalSlowCalculationsInMainLoop)
                  003ef45f    00000005                     : csmon.obj (.text:_CSMON_eSetFirmwareApplicationVersion)
                  003ef464    00000005                     : csmon.obj (.text:_CSMON_eSetMaxTimeInISR)
                  003ef469    00000005                     : csmon.obj (.text:_CSMON_eSetMinGuaranteedTimeBetweenTwoISRs)
                  003ef46e    00000005                     : csmon.obj (.text:_CSMON_u16ParametersAccessListIndexGenerate)
                  003ef473    00000005                     : csmon.obj (.text:_CSMON_u32GetFreeRunningTimerTicks)
                  003ef478    00000005                     : csmon.obj (.text:_CSMON_vSetDateTimeRequest)
                  003ef47d    00000005     F2806x_DefaultIsr.obj (.text:_DATALOG_ISR)
                  003ef482    00000005     F2806x_DefaultIsr.obj (.text:_DINTCH1_ISR)
                  003ef487    00000005     F2806x_DefaultIsr.obj (.text:_DINTCH2_ISR)
                  003ef48c    00000005     F2806x_DefaultIsr.obj (.text:_DINTCH3_ISR)
                  003ef491    00000005     F2806x_DefaultIsr.obj (.text:_DINTCH4_ISR)
                  003ef496    00000005     F2806x_DefaultIsr.obj (.text:_DINTCH5_ISR)
                  003ef49b    00000005     F2806x_DefaultIsr.obj (.text:_DINTCH6_ISR)
                  003ef4a0    00000005     F2806x_DefaultIsr.obj (.text:_ECAN0INTA_ISR)
                  003ef4a5    00000005     F2806x_DefaultIsr.obj (.text:_ECAN1INTA_ISR)
                  003ef4aa    00000005     F2806x_DefaultIsr.obj (.text:_ECAP1_INT_ISR)
                  003ef4af    00000005     F2806x_DefaultIsr.obj (.text:_ECAP2_INT_ISR)
                  003ef4b4    00000005     F2806x_DefaultIsr.obj (.text:_ECAP3_INT_ISR)
                  003ef4b9    00000005     F2806x_DefaultIsr.obj (.text:_EMPTY_ISR)
                  003ef4be    00000005     F2806x_DefaultIsr.obj (.text:_EMUINT_ISR)
                  003ef4c3    00000005     F2806x_DefaultIsr.obj (.text:_EPWM1_INT_ISR)
                  003ef4c8    00000005     F2806x_DefaultIsr.obj (.text:_EPWM1_TZINT_ISR)
                  003ef4cd    00000005     F2806x_DefaultIsr.obj (.text:_EPWM2_INT_ISR)
                  003ef4d2    00000005     F2806x_DefaultIsr.obj (.text:_EPWM2_TZINT_ISR)
                  003ef4d7    00000005     F2806x_DefaultIsr.obj (.text:_EPWM3_INT_ISR)
                  003ef4dc    00000005     F2806x_DefaultIsr.obj (.text:_EPWM3_TZINT_ISR)
                  003ef4e1    00000005     F2806x_DefaultIsr.obj (.text:_EPWM4_INT_ISR)
                  003ef4e6    00000005     F2806x_DefaultIsr.obj (.text:_EPWM4_TZINT_ISR)
                  003ef4eb    00000005     F2806x_DefaultIsr.obj (.text:_EPWM5_INT_ISR)
                  003ef4f0    00000005     F2806x_DefaultIsr.obj (.text:_EPWM5_TZINT_ISR)
                  003ef4f5    00000005     F2806x_DefaultIsr.obj (.text:_EPWM6_INT_ISR)
                  003ef4fa    00000005     F2806x_DefaultIsr.obj (.text:_EPWM6_TZINT_ISR)
                  003ef4ff    00000005     F2806x_DefaultIsr.obj (.text:_EPWM7_INT_ISR)
                  003ef504    00000005     F2806x_DefaultIsr.obj (.text:_EPWM7_TZINT_ISR)
                  003ef509    00000005     F2806x_DefaultIsr.obj (.text:_EPWM8_INT_ISR)
                  003ef50e    00000005     F2806x_DefaultIsr.obj (.text:_EPWM8_TZINT_ISR)
                  003ef513    00000005     F2806x_DefaultIsr.obj (.text:_EQEP1_INT_ISR)
                  003ef518    00000005     F2806x_DefaultIsr.obj (.text:_EQEP2_INT_ISR)
                  003ef51d    00000005     CSMON_C28xx.lib : hmlib.obj (.text:_HMLIB_vProcessSamePort)
                  003ef522    00000005                     : hmlib.obj (.text:_HMLIB_vRecorder0)
                  003ef527    00000005                     : hmlib.obj (.text:_HMLIB_vRecorder1)
                  003ef52c    00000005                     : hmlib.obj (.text:_HMLIB_vRecorder2)
                  003ef531    00000005                     : hmmodbus.obj (.text:_HMMODBUS_bGetReceivedMessage)
                  003ef536    00000005                     : hmmodbus.obj (.text:_HMMODBUS_vFileTable)
                  003ef53b    00000005                     : hmmodbus.obj (.text:_HMMODBUS_vSetupHoldingCoilsAddressTableInRam)
                  003ef540    00000005                     : hmmodbus.obj (.text:_HMMODBUS_vSetupInputCoilsAddressTableInRam)
                  003ef545    00000005     F2806x_DefaultIsr.obj (.text:_HRCAP1_INT_ISR)
                  003ef54a    00000005     F2806x_DefaultIsr.obj (.text:_HRCAP2_INT_ISR)
                  003ef54f    00000005     F2806x_DefaultIsr.obj (.text:_HRCAP3_INT_ISR)
                  003ef554    00000005     F2806x_DefaultIsr.obj (.text:_HRCAP4_INT_ISR)
                  003ef559    00000005     F2806x_DefaultIsr.obj (.text:_I2CINT1A_ISR)
                  003ef55e    00000005     F2806x_DefaultIsr.obj (.text:_I2CINT2A_ISR)
                  003ef563    00000005     F2806x_DefaultIsr.obj (.text:_ILLEGAL_ISR)
                  003ef568    00000005     F2806x_DefaultIsr.obj (.text:_INT13_ISR)
                  003ef56d    00000005     F2806x_DefaultIsr.obj (.text:_INT14_ISR)
                  003ef572    00000005     interrupt.obj (.text:_IntDefaultHandler)
                  003ef577    00000005     F2806x_DefaultIsr.obj (.text:_LUF_ISR)
                  003ef57c    00000005     F2806x_DefaultIsr.obj (.text:_LVF_ISR)
                  003ef581    00000005     F2806x_DefaultIsr.obj (.text:_MRINTA_ISR)
                  003ef586    00000005     F2806x_DefaultIsr.obj (.text:_MXINTA_ISR)
                  003ef58b    00000005     F2806x_DefaultIsr.obj (.text:_NMI_ISR)
                  003ef590    00000005     F2806x_DefaultIsr.obj (.text:_PIE_RESERVED)
                  003ef595    00000005     F2806x_DefaultIsr.obj (.text:_RTOSINT_ISR)
                  003ef59a    00000005     F2806x_DefaultIsr.obj (.text:_SCIRXINTA_ISR)
                  003ef59f    00000005     F2806x_DefaultIsr.obj (.text:_SCIRXINTB_ISR)
                  003ef5a4    00000005     F2806x_DefaultIsr.obj (.text:_SCITXINTA_ISR)
                  003ef5a9    00000005     F2806x_DefaultIsr.obj (.text:_SCITXINTB_ISR)
                  003ef5ae    00000005     F2806x_DefaultIsr.obj (.text:_SPIRXINTA_ISR)
                  003ef5b3    00000005     F2806x_DefaultIsr.obj (.text:_SPIRXINTB_ISR)
                  003ef5b8    00000005     F2806x_DefaultIsr.obj (.text:_SPITXINTA_ISR)
                  003ef5bd    00000005     F2806x_DefaultIsr.obj (.text:_SPITXINTB_ISR)
                  003ef5c2    00000005     tmr_drv.obj (.text:_TIMER_vSetupTimerMainDelayedData)
                  003ef5c7    00000005     F2806x_DefaultIsr.obj (.text:_TINT0_ISR)
                  003ef5cc    00000005     F2806x_DefaultIsr.obj (.text:_USB0_INT_ISR)
                  003ef5d1    00000005     F2806x_DefaultIsr.obj (.text:_USER10_ISR)
                  003ef5d6    00000005     F2806x_DefaultIsr.obj (.text:_USER11_ISR)
                  003ef5db    00000005     F2806x_DefaultIsr.obj (.text:_USER12_ISR)
                  003ef5e0    00000005     F2806x_DefaultIsr.obj (.text:_USER1_ISR)
                  003ef5e5    00000005     F2806x_DefaultIsr.obj (.text:_USER2_ISR)
                  003ef5ea    00000005     F2806x_DefaultIsr.obj (.text:_USER3_ISR)
                  003ef5ef    00000005     F2806x_DefaultIsr.obj (.text:_USER4_ISR)
                  003ef5f4    00000005     F2806x_DefaultIsr.obj (.text:_USER5_ISR)
                  003ef5f9    00000005     F2806x_DefaultIsr.obj (.text:_USER6_ISR)
                  003ef5fe    00000005     F2806x_DefaultIsr.obj (.text:_USER7_ISR)
                  003ef603    00000005     F2806x_DefaultIsr.obj (.text:_USER8_ISR)
                  003ef608    00000005     F2806x_DefaultIsr.obj (.text:_USER9_ISR)
                  003ef60d    00000005     F2806x_DefaultIsr.obj (.text:_WAKEINT_ISR)
                  003ef612    00000005     F2806x_DefaultIsr.obj (.text:_XINT1_ISR)
                  003ef617    00000005     F2806x_DefaultIsr.obj (.text:_XINT2_ISR)
                  003ef61c    00000005     F2806x_DefaultIsr.obj (.text:_XINT3_ISR)
                  003ef621    00000005     F2806x_DefaultIsr.obj (.text:_rsvd_ISR)
                  003ef626    00000005     rts2800_ml.lib : fs_neg28.asm.obj (.text)
                  003ef62b    00000004     CSMON_C28xx.lib : csmon.obj (.text:_CSMON_eRegisterWriteParElementCallbackFunction)
                  003ef62f    00000004                     : csmon.obj (.text:_CSMON_eSetInternalTimerPeriod)
                  003ef633    00000004                     : csmon.obj (.text:_CSMON_eSetTimerPeriodISRFunctionRegister)
                  003ef637    00000004                     : csmon.obj (.text:_CSMON_u32GetBaudError_PPM)
                  003ef63b    00000004                     : csmon.obj (.text:_CSMON_vAddSetupRecorderParameterMask)
                  003ef63f    00000004                     : csmon.obj (.text:_CSMON_vSetStartRecorderParameterMask)
                  003ef643    00000004                     : hmdrv.obj (.text:_HMDRV_SetExAddr)
                  003ef647    00000004                     : hmdrv.obj (.text:_HMDRV_u32GetDeviceSYSCLKFreq)
                  003ef64b    00000004                     : hmdrv.obj (.text:_HMDRV_u32GetSCIErrorPPM)
                  003ef64f    00000004                     : hmlib.obj (.text:_HMLIB_vRecorderParam0)
                  003ef653    00000004                     : hmlib.obj (.text:_HMLIB_vRecorderParam1)
                  003ef657    00000004                     : hmlib.obj (.text:_HMLIB_vRecorderParam2)
                  003ef65b    00000004                     : hmmodbus.obj (.text:_HMMODBUS_u32GetAddressMessageCounterThisDevice)
                  003ef65f    00000004                     : hmmodbus.obj (.text:_HMMODBUS_vSetDeviceIDMajorMinorRevision)
                  003ef663    00000004                     : hmmodbus.obj (.text:_HMMODBUS_vSetDeviceIDMajorMinorRevisionLength)
                  003ef667    00000004                     : hmmodbus.obj (.text:_HMMODBUS_vSetDeviceIDModelName)
                  003ef66b    00000004                     : hmmodbus.obj (.text:_HMMODBUS_vSetDeviceIDModelNameLength)
                  003ef66f    00000004                     : hmmodbus.obj (.text:_HMMODBUS_vSetDeviceIDProductCode)
                  003ef673    00000004                     : hmmodbus.obj (.text:_HMMODBUS_vSetDeviceIDProductCodeLength)
                  003ef677    00000004                     : hmmodbus.obj (.text:_HMMODBUS_vSetDeviceIDProductName)
                  003ef67b    00000004                     : hmmodbus.obj (.text:_HMMODBUS_vSetDeviceIDProductNameLength)
                  003ef67f    00000004                     : hmmodbus.obj (.text:_HMMODBUS_vSetDeviceIDUserApplicationName)
                  003ef683    00000004                     : hmmodbus.obj (.text:_HMMODBUS_vSetDeviceIDUserApplicationNameLength)
                  003ef687    00000004                     : hmmodbus.obj (.text:_HMMODBUS_vSetDeviceIDUserReserve0)
                  003ef68b    00000004                     : hmmodbus.obj (.text:_HMMODBUS_vSetDeviceIDUserReserve0Length)
                  003ef68f    00000004                     : hmmodbus.obj (.text:_HMMODBUS_vSetDeviceIDUserReserve1)
                  003ef693    00000004                     : hmmodbus.obj (.text:_HMMODBUS_vSetDeviceIDUserReserve1Length)
                  003ef697    00000004                     : hmmodbus.obj (.text:_HMMODBUS_vSetDeviceIDUserReserve2)
                  003ef69b    00000004                     : hmmodbus.obj (.text:_HMMODBUS_vSetDeviceIDUserReserve2Length)
                  003ef69f    00000004                     : hmmodbus.obj (.text:_HMMODBUS_vSetDeviceIDVendorName)
                  003ef6a3    00000004                     : hmmodbus.obj (.text:_HMMODBUS_vSetDeviceIDVendorNameLength)
                  003ef6a7    00000004                     : hmmodbus.obj (.text:_HMMODBUS_vSetDeviceIDVendorUrl)
                  003ef6ab    00000004                     : hmmodbus.obj (.text:_HMMODBUS_vSetDeviceIDVendorUrlLength)
                  003ef6af    00000004                     : hmmodbus.obj (.text:_HMMODBUS_vSetServerIDDataAddress)
                  003ef6b3    00000004                     : hmmodbus.obj (.text:_HMMODBUS_vSetServerIDLength)
                  003ef6b7    00000004                     : hmmodbus.obj (.text:_HMMODBUS_vSetServerIDNumber)
                  003ef6bb    00000004                     : hmmodbus.obj (.text:_HMMODBUS_vSetServerOnStatus)
                  003ef6bf    00000004                     : hmmodbus.obj (.text:_HMMODBUS_vSetupWriteParElementCallbackFunction)
                  003ef6c3    00000004     interrupt.obj (.text:_IntMasterDisable)
                  003ef6c7    00000004     interrupt.obj (.text:_IntMasterEnable)
                  003ef6cb    00000004     CSMON_C28xx.lib : modbusreg.obj (.text:_MODBUSREG_u16GetHoldRegFillCount)
                  003ef6cf    00000004                     : modbusreg.obj (.text:_MODBUSREG_u16GetHoldRegUsedCount)
                  003ef6d3    00000004                     : modbusreg.obj (.text:_MODBUSREG_u32GetHoldingCoilAddressTable)
                  003ef6d7    00000004                     : modbusreg.obj (.text:_MODBUSREG_u32GetHoldingCoilAddressTableInRam)
                  003ef6db    00000004                     : modbusreg.obj (.text:_MODBUSREG_u32GetInputCoilAddressTable)
                  003ef6df    00000004                     : modbusreg.obj (.text:_MODBUSREG_u32GetInputCoilAddressTableInRam)
                  003ef6e3    00000004                     : modbusreg.obj (.text:_MODBUSREG_u32GetInputRegisterAccessTableInRam)
                  003ef6e7    00000004                     : modbusreg.obj (.text:_MODBUSREG_u32GetInputRegisterAddressTable)
                  003ef6eb    00000004                     : modbusreg.obj (.text:_MODBUSREG_u32GetRegisterAccessTableInRam)
                  003ef6ef    00000004                     : modbusreg.obj (.text:_MODBUSREG_u32GetRegisterAddressTable)
                  003ef6f3    00000004                     : modbusreg.obj (.text:_MODBUSREG_u32GetRegisterAddressTableInRam)
                  003ef6f7    00000004                     : modbusreg.obj (.text:_MODBUSREG_vSetFileAutorization_FunctionAfterWriteFileRecordTable)
                  003ef6fb    00000004                     : modbusreg.obj (.text:_MODBUSREG_vSetFileParamCount_FunctionBeforeReadFileRecord)
                  003ef6ff    00000004                     : modbusreg.obj (.text:_MODBUSREG_vSetFileRTC_FunctionAfterReadFileRecord)
                  003ef703    00000004                     : modbusreg.obj (.text:_MODBUSREG_vSetFileRTC_FunctionAfterWriteFileRecord)
                  003ef707    00000004                     : modbusreg.obj (.text:_MODBUSREG_vSetFileRecConfig_FunctionAfterWriteFileRecord)
                  003ef70b    00000004                     : modbusreg.obj (.text:_MODBUSREG_vSetFileRecStatus_FunctionIndexGenerationFileRecord)
                  003ef70f    00000004                     : modbusreg.obj (.text:_MODBUSREG_vSetHoldRegFillCount)
                  003ef713    00000004                     : modbusreg.obj (.text:_MODBUSREG_vSetModbusParamCount)
                  003ef717    00000004                     : modbusreg.obj (.text:_MODBUSREG_vSetParamAuxAddress)
                  003ef71b    00000004                     : modbusreg.obj (.text:_MODBUSREG_vSetParamCount)
                  003ef71f    00000004                     : modbusreg.obj (.text:_MODBUSREG_vSetParamListAddress)
                  003ef723    00000004                     : modbusreg.obj (.text:_MODBUSREG_vSetParamNameAddress)
                  003ef727    00000004                     : modbusreg.obj (.text:_MODBUSREG_vSetParamNumbAddress)
                  003ef72b    00000004                     : modbusreg.obj (.text:_MODBUSREG_vSetParamRecorderConfigAddress)
                  003ef72f    00000004                     : modbusreg.obj (.text:_MODBUSREG_vSetParamReservedAddress)
                  003ef733    00000004                     : modbusreg.obj (.text:_MODBUSREG_vSetParamScopeConfigAddress)
                  003ef737    00000004                     : modbusreg.obj (.text:_MODBUSREG_vSetParamStringAddress)
                  003ef73b    00000004     tmr_drv.obj (.text:_TIMER_vGetTimerMainRollingCounter)
                  003ef73f    00000004     tmr_drv.obj (.text:_TIMER_vSetupTimerMainCSMONFunction)
                  003ef743    00000004     tmr_drv.obj (.text:_TMR_u16GetFreeRunTimerPrescaller)
                  003ef747    00000004     CSMON_C28xx.lib : hmmodbus.obj (.text:_bGetElementsDifference)
                  003ef74b    00000004                     : hmmodbus.obj (.text:_u16GetIndexFileTable)
                  003ef74f    00000004                     : hmmodbus.obj (.text:_u32GetBufferAddressStart)
                  003ef753    00000004                     : hmmodbus.obj (.text:_u32GetBufferSize)
                  003ef757    00000004                     : hmmodbus.obj (.text:_u32GetSampleCountAvailable)
                  003ef75b    00000004                     : hmmodbus.obj (.text:_u32GetSampleCountBuffer)
                  003ef75f    00000004                     : hmmodbus.obj (.text:_u32GetStartSampleIndex)
                  003ef763    00000004                     : hmmodbus.obj (.text:_u8GetSampleSize)
                  003ef767    00000004                     : hmmodbus.obj (.text:_vSetBufferSize)
                  003ef76b    00000003     F2806x_DBGIER.obj (.text)
                  003ef76e    00000003     CSMON_C28xx.lib : csmon.obj (.text:_CSMON_u32GetModbusMessageCounterRegisterRealAddress)
                  003ef771    00000003                     : hmlib.obj (.text:_HMLIB_vRecorderParamTimeSync)
                  003ef774    00000003                     : hmrecparam.obj (.text:_HMRECPRM_GetTimeBase)
                  003ef777    00000003                     : modbusreg.obj (.text:_MODBUSREG_u32GetAddressMessageCounterThisDevice)
                  003ef77a    00000003                     : uart_drv.obj (.text:_UART_TXInterrupt)
                  003ef77d    00000002                     : hmrecparam.obj (.text:_HMRECPRM_AbortRec)
                  003ef77f    00000002                     : hmrecparam.obj (.text:_HMRECPRM_GetRecBuffSize)
                  003ef781    00000002                     : hmrec.obj (.text:_HMREC_AbortRec)
                  003ef783    00000002                     : hmrec.obj (.text:_HMREC_GetRecBuffSize)
                  003ef785    00000002                     : modbusreg.obj (.text:_MODBUSREG_u16GetHoldingCoilUsedCount)
                  003ef787    00000002                     : modbusreg.obj (.text:_MODBUSREG_u16GetInputCoilUsedCount)
                  003ef789    00000002                     : modbusreg.obj (.text:_MODBUSREG_u16GetInputRegisterUsedCount)
                  003ef78b    00000002     main.obj (.text:_eWriteParElement)
                  003ef78d    00000002     rts2800_ml.lib : pre_init.c.obj (.text)
                  003ef78f    00000001     CSMON_C28xx.lib : hmprotocol.obj (.text:_HMPROTOCOL_vInit)
                  003ef790    00000001     uart_driver.obj (.text:_UART_DRV_TXInterrupt)
                  003ef791    00000001     CSMON_C28xx.lib : uart_drv.obj (.text:_UART_TxDis)
                  003ef792    00000001                     : uart_drv.obj (.text:_UART_TxEna)
                  003ef793    00000001     rts2800_ml.lib : startup.c.obj (.text)

ramfuncs   0    003ef794    00000029     RUN ADDR = 00008000
                  003ef794    0000001d     F2806x_SysCtrl.obj (ramfuncs:_InitFlash)
                  003ef7b1    00000008     device.obj (ramfuncs:_MyCallbackFunction)
                  003ef7b9    00000004     F2806x_usDelay.obj (ramfuncs)

csm_rsvd   0    003f7f80    00000076     
                  003f7f80    00000076     F2806x_CSMPasswords.obj (csm_rsvd)

codestart 
*          0    003f7ff6    00000002     
                  003f7ff6    00000002     F2806x_CodeStartBranch.obj (codestart)

csmpasswds 
*          0    003f7ff8    00000008     
                  003f7ff8    00000008     F2806x_CSMPasswords.obj (csmpasswds)

.stack     1    00000050    00000380     UNINITIALIZED
                  00000050    00000380     --HOLE--

.econst    0    003ef7be    00002d22     
                  003ef7be    00002800     main.obj (.econst:_asParameterList)
                  003f1fbe    00000100     CSMON_C28xx.lib : hmmodbus.obj (.econst:.string:_auchCRCHi)
                  003f20be    00000100                     : hmmodbus.obj (.econst:.string:_auchCRCLo)
                  003f21be    00000100     F2806x_PieVect.obj (.econst:_PieVectTableInit)
                  003f22be    00000084     rts2800_ml.lib : k_rem_pio2.c.obj (.econst:_ipio2)
                  003f2342    00000050     CSMON_C28xx.lib : csmon.obj (.econst:_CSMON_asAccessLevelPasswords)
                  003f2392    0000002c     rts2800_ml.lib : k_rem_pio2.c.obj (.econst)
                  003f23be    00000028                    : k_cosf.c.obj (.econst)
                  003f23e6    00000020                    : k_rem_pio2.c.obj (.econst:_PIo2)
                  003f2406    00000020                    : k_sinf.c.obj (.econst)
                  003f2426    0000001c                    : e_rem_pio2f.c.obj (.econst)
                  003f2442    0000001c                    : s_scalbn.c.obj (.econst)
                  003f245e    00000018     CSMON_C28xx.lib : csmon.obj (.econst:_$P$T45$2)
                  003f2476    00000018     rts2800_ml.lib : s_sinf.c.obj (.econst)
                  003f248e    00000014     CSMON_C28xx.lib : csmon.obj (.econst:_CSMON_au8FileImplementedFunctionCodes)
                  003f24a2    00000010     main.obj (.econst)
                  003f24b2    0000000c     CSMON_C28xx.lib : hmprotocol.obj (.econst:.string)
                  003f24be    0000000c     rts2800_ml.lib : s_floor.c.obj (.econst)
                  003f24ca    00000006     CSMON_C28xx.lib : csmon.obj (.econst:_$P$T44$1)
                  003f24d0    00000004     rts2800_ml.lib : k_rem_pio2.c.obj (.econst:_init_jk)
                  003f24d4    00000003     CSMON_C28xx.lib : csmon.obj (.econst:_CSMON_au8FileParameterListElementsCountInPartTable)
                  003f24d7    00000003                     : modbusreg.obj (.econst:_HMMODBUS_u32CoilAddressTable)
                  003f24da    00000003                     : modbusreg.obj (.econst:_MODBUSREG_sInputCoilAddressTable)
                  003f24dd    00000003                     : modbusreg.obj (.econst:_MODBUSREG_sInputRegisterAddressTable)

.switch    0    003f2df8    00000020     
                  003f2df8    00000020     CSMON_C28xx.lib : csmon.obj (.switch:_CSMON_eSetParameter)

.reset     0    003fffc0    00000002     DSECT
                  003fffc0    00000002     rts2800_ml.lib : boot28.asm.obj (.reset)

vectors    0    003fffc2    00000000     DSECT

DevEmuRegsFile 
*          1    00000880    00000004     UNINITIALIZED
                  00000880    00000004     F2806x_GlobalVariableDefs.obj (DevEmuRegsFile)

SysPwrCtrlRegsFile 
*          1    00000985    00000003     UNINITIALIZED
                  00000985    00000003     F2806x_GlobalVariableDefs.obj (SysPwrCtrlRegsFile)

FlashRegsFile 
*          1    00000a80    00000008     UNINITIALIZED
                  00000a80    00000008     F2806x_GlobalVariableDefs.obj (FlashRegsFile)

CsmRegsFile 
*          1    00000ae0    00000010     UNINITIALIZED
                  00000ae0    00000010     F2806x_GlobalVariableDefs.obj (CsmRegsFile)

AdcResultFile 
*          1    00000b00    00000010     UNINITIALIZED
                  00000b00    00000010     F2806x_GlobalVariableDefs.obj (AdcResultFile)

CpuTimer0RegsFile 
*          1    00000c00    00000008     UNINITIALIZED
                  00000c00    00000008     F2806x_GlobalVariableDefs.obj (CpuTimer0RegsFile)

CpuTimer1RegsFile 
*          1    00000c08    00000008     UNINITIALIZED
                  00000c08    00000008     F2806x_GlobalVariableDefs.obj (CpuTimer1RegsFile)

CpuTimer2RegsFile 
*          1    00000c10    00000008     UNINITIALIZED
                  00000c10    00000008     F2806x_GlobalVariableDefs.obj (CpuTimer2RegsFile)

PieCtrlRegsFile 
*          1    00000ce0    0000001a     UNINITIALIZED
                  00000ce0    0000001a     F2806x_GlobalVariableDefs.obj (PieCtrlRegsFile)

PieVectTableFile 
*          1    00000d00    00000100     UNINITIALIZED
                  00000d00    00000100     F2806x_GlobalVariableDefs.obj (PieVectTableFile)

EmuKeyVar 
*          1    00000d00    00000001     UNINITIALIZED
                  00000d00    00000001     F2806x_GlobalVariableDefs.obj (EmuKeyVar)

EmuBModeVar 
*          1    00000d01    00000001     UNINITIALIZED
                  00000d01    00000001     F2806x_GlobalVariableDefs.obj (EmuBModeVar)

FlashCallbackVar 
*          1    00000d02    00000002     UNINITIALIZED
                  00000d02    00000002     F2806x_GlobalVariableDefs.obj (FlashCallbackVar)

FlashScalingVar 
*          1    00000d04    00000002     UNINITIALIZED
                  00000d04    00000002     F2806x_GlobalVariableDefs.obj (FlashScalingVar)

DmaRegsFile 
*          1    00001000    000000e0     UNINITIALIZED
                  00001000    000000e0     F2806x_GlobalVariableDefs.obj (DmaRegsFile)

Cla1RegsFile 
*          1    00001400    00000040     UNINITIALIZED
                  00001400    00000040     F2806x_GlobalVariableDefs.obj (Cla1RegsFile)

Usb0RegsFile 
*          1    00004000    00000454     UNINITIALIZED
                  00004000    00000454     F2806x_GlobalVariableDefs.obj (Usb0RegsFile)

McbspaRegsFile 
*          1    00005000    00000024     UNINITIALIZED
                  00005000    00000024     F2806x_GlobalVariableDefs.obj (McbspaRegsFile)

ECanaRegsFile 
*          1    00006000    00000034     UNINITIALIZED
                  00006000    00000034     F2806x_GlobalVariableDefs.obj (ECanaRegsFile)

ECanaLAMRegsFile 
*          1    00006040    00000040     UNINITIALIZED
                  00006040    00000040     F2806x_GlobalVariableDefs.obj (ECanaLAMRegsFile)

ECanaMOTSRegsFile 
*          1    00006080    00000040     UNINITIALIZED
                  00006080    00000040     F2806x_GlobalVariableDefs.obj (ECanaMOTSRegsFile)

ECanaMOTORegsFile 
*          1    000060c0    00000040     UNINITIALIZED
                  000060c0    00000040     F2806x_GlobalVariableDefs.obj (ECanaMOTORegsFile)

ECanaMboxesFile 
*          1    00006100    00000100     UNINITIALIZED
                  00006100    00000100     F2806x_GlobalVariableDefs.obj (ECanaMboxesFile)

Comp1RegsFile 
*          1    00006400    00000014     UNINITIALIZED
                  00006400    00000014     F2806x_GlobalVariableDefs.obj (Comp1RegsFile)

Comp2RegsFile 
*          1    00006420    00000014     UNINITIALIZED
                  00006420    00000014     F2806x_GlobalVariableDefs.obj (Comp2RegsFile)

Comp3RegsFile 
*          1    00006440    00000014     UNINITIALIZED
                  00006440    00000014     F2806x_GlobalVariableDefs.obj (Comp3RegsFile)

EPwm1RegsFile 
*          1    00006800    00000040     UNINITIALIZED
                  00006800    00000040     F2806x_GlobalVariableDefs.obj (EPwm1RegsFile)

EPwm2RegsFile 
*          1    00006840    00000040     UNINITIALIZED
                  00006840    00000040     F2806x_GlobalVariableDefs.obj (EPwm2RegsFile)

EPwm3RegsFile 
*          1    00006880    00000040     UNINITIALIZED
                  00006880    00000040     F2806x_GlobalVariableDefs.obj (EPwm3RegsFile)

EPwm4RegsFile 
*          1    000068c0    00000040     UNINITIALIZED
                  000068c0    00000040     F2806x_GlobalVariableDefs.obj (EPwm4RegsFile)

EPwm5RegsFile 
*          1    00006900    00000040     UNINITIALIZED
                  00006900    00000040     F2806x_GlobalVariableDefs.obj (EPwm5RegsFile)

EPwm6RegsFile 
*          1    00006940    00000040     UNINITIALIZED
                  00006940    00000040     F2806x_GlobalVariableDefs.obj (EPwm6RegsFile)

EPwm7RegsFile 
*          1    00006980    00000040     UNINITIALIZED
                  00006980    00000040     F2806x_GlobalVariableDefs.obj (EPwm7RegsFile)

EPwm8RegsFile 
*          1    000069c0    00000040     UNINITIALIZED
                  000069c0    00000040     F2806x_GlobalVariableDefs.obj (EPwm8RegsFile)

ECap1RegsFile 
*          1    00006a00    00000020     UNINITIALIZED
                  00006a00    00000020     F2806x_GlobalVariableDefs.obj (ECap1RegsFile)

ECap2RegsFile 
*          1    00006a20    00000020     UNINITIALIZED
                  00006a20    00000020     F2806x_GlobalVariableDefs.obj (ECap2RegsFile)

ECap3RegsFile 
*          1    00006a40    00000020     UNINITIALIZED
                  00006a40    00000020     F2806x_GlobalVariableDefs.obj (ECap3RegsFile)

HRCap1RegsFile 
*          1    00006ac0    00000020     UNINITIALIZED
                  00006ac0    00000020     F2806x_GlobalVariableDefs.obj (HRCap1RegsFile)

HRCap2RegsFile 
*          1    00006ae0    00000020     UNINITIALIZED
                  00006ae0    00000020     F2806x_GlobalVariableDefs.obj (HRCap2RegsFile)

EQep1RegsFile 
*          1    00006b00    00000022     UNINITIALIZED
                  00006b00    00000022     F2806x_GlobalVariableDefs.obj (EQep1RegsFile)

EQep2RegsFile 
*          1    00006b40    00000022     UNINITIALIZED
                  00006b40    00000022     F2806x_GlobalVariableDefs.obj (EQep2RegsFile)

HRCap3RegsFile 
*          1    00006c80    00000020     UNINITIALIZED
                  00006c80    00000020     F2806x_GlobalVariableDefs.obj (HRCap3RegsFile)

HRCap4RegsFile 
*          1    00006ca0    00000020     UNINITIALIZED
[...]
003eb7bb  local     $30 (.text)
003eb7e9  local     $35 (.text)
003eb818  local     $40 (.text)
003eb77a  local     $5_$2 (.text)
00000000  local     .bss (.bss)
00000000  local     .data (.data)
003eb766  local     .text (.text)
003eb78a  local     CHECK_SIGN1 (.text)
003eb7c5  local     CHECK_SIGN2 (.text)
003eb7fd  local     DGT3 (.text)
003eb7ff  local     DIVUDenHighZero (.text)
003eb794  local     EQ0 (.text)
003eb78f  local     EQ1 (.text)
003eb7cd  local     EQ2 (.text)
003eb7f8  local     EQ3 (.text)
003eb829  local     EQ4 (.text)
003eb766  global    LL$$DIV (.text)
003eb7a2  global    LL$$MOD (.text)
003eb848  local     LOOP (.text)
003eb837  local     MAINDIV (.text)
003eb856  local     MD_NEQ (.text)
003eb82b  local     MODUDenHighZero (.text)
003eb78d  local     RET1 (.text)
003eb7c8  local     RET2 (.text)
003eb7f6  local     RET3 (.text)
003eb825  local     RET4 (.text)
003eb7ca  local     RET_NUM1 (.text)
003eb827  local     RET_NUM2 (.text)
003eb796  local     SDIVUDenHighZero (.text)
003eb860  local     SKIP (.text)
003eb862  local     SKIP1 (.text)
003eb7d0  local     SMODUDenHighZero (.text)
003eb7dc  global    ULL$$DIV (.text)
003eb80b  global    ULL$$MOD (.text)


================================================================================

rts2800_ml.lib : u_div28.asm.obj

Run/Load            
Value     Binding   Name (Section)
--------  --------  ---------------
00000000  local     .bss (.bss)
00000000  local     .data (.data)
003ef249  local     .text (.text)
003ef249  global    U$$DIV (.text)
003ef24e  global    U$$MOD (.text)


================================================================================

rts2800_ml.lib : u_tofd28.asm.obj

Run/Load            
Value     Binding   Name (Section)
--------  --------  ---------------
00000000  local     .bss (.bss)
00000000  local     .data (.data)
003eed7b  local     .text (.text)
003eed88  local     NORMALIZE (.text)
003eed90  local     OP_ZERO (.text)
003eed8a  local     PACK (.text)
003eed8f  local     RETURN (.text)
003eed8d  local     RETURN_VALUE (.text)
003eed7b  global    U$$TOFD (.text)


================================================================================

rts2800_ml.lib : u_tofs28.asm.obj

Run/Load            
Value     Binding   Name (Section)
--------  --------  ---------------
00000000  local     .bss (.bss)
00000000  local     .data (.data)
003ef009  local     .text (.text)
003ef018  local     RESTORE (.text)
003ef009  global    U$$TOFS (.text)
003ef018  local     ZERO (.text)


================================================================================

rts2800_ml.lib : l_tofs28.asm.obj

Run/Load            
Value     Binding   Name (Section)
--------  --------  ---------------
00000000  local     .bss (.bss)
00000000  local     .data (.data)
003eebfa  local     .text (.text)
003eebfa  global    L$$TOFS (.text)
003eec10  local     OVERFLOW (.text)
003eec0f  local     RETURN (.text)
003eec0f  local     ZERO (.text)


================================================================================

rts2800_ml.lib : ul_tofs28.asm.obj

Run/Load            
Value     Binding   Name (Section)
--------  --------  ---------------
00000000  local     .bss (.bss)
00000000  local     .data (.data)
003eeeb3  local     .text (.text)
003eeebb  local     LEFT_SHIFT (.text)
003eeebd  local     PACK (.text)
003eeec5  local     RETURN (.text)
003eeeb3  global    UL$$TOFS (.text)
003eeec5  local     ZERO (.text)


================================================================================

rts2800_ml.lib : prolog28.asm.obj

Run/Load            
Value     Binding   Name (Section)
--------  --------  ---------------
00000000  local     .bss (.bss)
00000000  local     .data (.data)
003eec78  local     .text (.text)
003eec78  global    _prolog_c28x_1 (.text)
003eec7c  global    _prolog_c28x_2 (.text)
003eec84  global    _prolog_c28x_3 (.text)


================================================================================

rts2800_ml.lib : fs_tofd28.asm.obj

Run/Load            
Value     Binding   Name (Section)
--------  --------  ---------------
00000000  local     .bss (.bss)
00000000  local     .data (.data)
003eea9e  local     .text (.text)
003eea9e  global    FS$$TOFD (.text)
003eeab2  local     OVERFLOW (.text)
003eeab1  local     RETURN (.text)
003eeaaf  local     RETURN_VALUE (.text)
003eeab8  local     UNDERFLOW (.text)


================================================================================

rts2800_ml.lib : fd_div28.asm.obj

Run/Load            
Value     Binding   Name (Section)
--------  --------  ---------------
003ecd09  local     $1_$3 (.text)
003ecd14  local     $2_$3 (.text)
00000000  local     .bss (.bss)
00000000  local     .data (.data)
003ecccd  local     .text (.text)
003ecd23  local     DIV_END (.text)
003ecd04  local     DIV_START (.text)
003ecccd  global    FD$$DIV (.text)
003ecd26  local     NORMALIZE (.text)
003ecd50  local     OVERFLOW (.text)
003ecd4b  local     RETURN (.text)
003ecd49  local     RETURN_VALUE (.text)
003ecd3b  local     RND64_SET_MANT$3$ (.text)
003ecd2f  local     ROUND (.text)
003ecd56  local     UNDERFLOW (.text)


================================================================================

rts2800_ml.lib : cpy_tbl.c.obj

Run/Load            
Value     Binding   Name (Section)
--------  --------  ---------------
003ee7d7  local     $C$L1 (.text)
003ee7ea  local     $C$L2 (.text)
003ee7eb  local     $C$L3 (.text)
00000000  local     .bss (.bss)
00000000  local     .data (.data)
003ee7cf  local     .text (.text)
003ee7cf  global    _copy_in (.text)


================================================================================

rts2800_ml.lib : memcpy.c.obj

Run/Load            
Value     Binding   Name (Section)
--------  --------  ---------------
003eea17  local     $C$L1 (.text)
003eea1b  local     $C$L2 (.text)
003eea22  local     $C$L3 (.text)
003eea24  local     $C$L4 (.text)
003eea2c  local     $C$L5 (.text)
00000000  local     .bss (.bss)
00000000  local     .data (.data)
003eea11  local     .text (.text)
003eea11  global    _memcpy (.text)


================================================================================

rts2800_ml.lib : pre_init.c.obj

Run/Load            
Value     Binding   Name (Section)
--------  --------  ---------------
00000000  local     .bss (.bss)
00000000  local     .data (.data)
003ef78d  local     .text (.text)
003ef78d  global    __system_pre_init (.text)


================================================================================

rts2800_ml.lib : startup.c.obj

Run/Load            
Value     Binding   Name (Section)
--------  --------  ---------------
00000000  local     .bss (.bss)
00000000  local     .data (.data)
003ef793  local     .text (.text)
003ef793  global    __system_post_cinit (.text)


================================================================================

rts2800_ml.lib : e_rem_pio2f.c.obj

Run/Load            
Value     Binding   Name (Section)
--------  --------  ---------------
003f2432  local     $C$FL1 (.econst)
003f2436  local     $C$FL2 (.econst)
003f243a  local     $C$FL3 (.econst)
003f243e  local     $C$FL4 (.econst)
003ec560  local     $C$L1 (.text)
003ec56e  local     $C$L2 (.text)
003ec59a  local     $C$L3 (.text)
003ec59f  local     $C$L4 (.text)
00000000  local     .bss (.bss)
00000000  local     .data (.data)
003f2426  local     .econst (.econst)
003ec4fd  local     .text (.text)
003ec4fd  global    ___rem_pio2f (.text)
003f2426  local     _invpio2 (.econst)
003f242a  local     _pio2_1 (.econst)
003f242e  local     _pio2_1t (.econst)


================================================================================

rts2800_ml.lib : k_rem_pio2.c.obj

Run/Load            
Value     Binding   Name (Section)
--------  --------  ---------------
003f23a2  local     $C$FL1 (.econst)
003f23a6  local     $C$FL2 (.econst)
003f23aa  local     $C$FL3 (.econst)
003f23ae  local     $C$FL4 (.econst)
003f23b2  local     $C$FL5 (.econst)
003f23b6  local     $C$FL6 (.econst)
003f23ba  local     $C$FL7 (.econst)
003ea033  local     $C$L1 (.text)
003ea0ed  local     $C$L10 (.text)
003ea11a  local     $C$L11 (.text)
003ea13a  local     $C$L12 (.text)
003ea15f  local     $C$L13 (.text)
003ea17e  local     $C$L14 (.text)
003ea185  local     $C$L15 (.text)
003ea1a2  local     $C$L16 (.text)
003ea1f0  local     $C$L17 (.text)
003ea25c  local     $C$L18 (.text)
003ea260  local     $C$L19 (.text)
003ea05b  local     $C$L2 (.text)
003ea26e  local     $C$L20 (.text)
003ea297  local     $C$L21 (.text)
003ea29c  local     $C$L22 (.text)
003ea2a7  local     $C$L23 (.text)
003ea2b3  local     $C$L24 (.text)
003ea2b8  local     $C$L25 (.text)
003ea2be  local     $C$L26 (.text)
003ea2db  local     $C$L27 (.text)
003ea2e7  local     $C$L28 (.text)
003ea312  local     $C$L29 (.text)
003ea066  local     $C$L3 (.text)
003ea340  local     $C$L30 (.text)
003ea38b  local     $C$L31 (.text)
003ea390  local     $C$L32 (.text)
003ea3a8  local     $C$L33 (.text)
003ea3b2  local     $C$L34 (.text)
003ea3c1  local     $C$L35 (.text)
003ea3cb  local     $C$L36 (.text)
003ea3e6  local     $C$L37 (.text)
003ea3f6  local     $C$L38 (.text)
003ea3f8  local     $C$L39 (.text)
003ea072  local     $C$L4 (.text)
003ea418  local     $C$L40 (.text)
003ea440  local     $C$L41 (.text)
003ea457  local     $C$L42 (.text)
003ea46b  local     $C$L43 (.text)
003ea499  local     $C$L44 (.text)
003ea4b7  local     $C$L45 (.text)
003ea4d5  local     $C$L46 (.text)
003ea524  local     $C$L47 (.text)
003ea55e  local     $C$L48 (.text)
003ea576  local     $C$L49 (.text)
003ea083  local     $C$L5 (.text)
003ea587  local     $C$L50 (.text)
003ea5a4  local     $C$L51 (.text)
003ea5bf  local     $C$L52 (.text)
003ea5d2  local     $C$L53 (.text)
003ea5e3  local     $C$L54 (.text)
003ea5f1  local     $C$L55 (.text)
003ea5fb  local     $C$L56 (.text)
003ea61c  local     $C$L57 (.text)
003ea62d  local     $C$L58 (.text)
003ea63b  local     $C$L59 (.text)
003ea08f  local     $C$L6 (.text)
003ea645  local     $C$L60 (.text)
003ea64f  local     $C$L61 (.text)
003ea662  local     $C$L62 (.text)
003ea673  local     $C$L63 (.text)
003ea681  local     $C$L64 (.text)
003ea68b  local     $C$L65 (.text)
003ea694  local     $C$L66 (.text)
003ea0ac  local     $C$L7 (.text)
003ea0d1  local     $C$L8 (.text)
003ea0e6  local     $C$L9 (.text)
00000000  local     .bss (.bss)
00000000  local     .data (.data)
003f2392  local     .econst (.econst)
003f23e6  local     .econst:_PIo2 (.econst:_PIo2)
003f24d0  local     .econst:_init_jk (.econst:_init_jk)
003f22be  local     .econst:_ipio2 (.econst:_ipio2)
003ea005  local     .text (.text)
003f23e6  local     _PIo2 (.econst:_PIo2)
003ea005  global    ___kernel_rem_pio2 (.text)
003f24d0  local     _init_jk (.econst:_init_jk)
003f22be  local     _ipio2 (.econst:_ipio2)
003f2396  local     _one (.econst)
003f239a  local     _two24 (.econst)
003f239e  local     _twon24 (.econst)
003f2392  local     _zero (.econst)


================================================================================

rts2800_ml.lib : exit.c.obj

Run/Load            
Value     Binding   Name (Section)
--------  --------  ---------------
003ee427  local     $C$L1 (.text)
003ee43a  local     $C$L2 (.text)
003ee445  local     $C$L3 (.text)
003ee44b  local     $C$L4 (.text)
00000000  local     .bss (.bss)
003f2c19  local     .cinit (.cinit)
00000000  local     .data (.data)
0000d82e  local     .ebss (.ebss)
003ee426  local     .text (.text)
003ee426  global    C$$EXIT (.text)
0000d830  global    ___TI_cleanup_ptr (.ebss)
0000d832  global    ___TI_dtors_ptr (.ebss)
0000d82e  global    ___TI_enable_exit_profile_output (.ebss)
003ee426  global    _abort (.text)
003ee428  global    _exit (.text)


================================================================================

rts2800_ml.lib : _lock.c.obj

Run/Load            
Value     Binding   Name (Section)
--------  --------  ---------------
00000000  local     .bss (.bss)
003f2dc8  local     .cinit:__lock (.cinit:__lock)
003f2dcd  local     .cinit:__unlock (.cinit:__unlock)
00000000  local     .data (.data)
0000d896  local     .ebss:__lock (.ebss:__lock)
0000d898  local     .ebss:__unlock (.ebss:__unlock)
003ef2fa  local     .text (.text)
0000d896  global    __lock (.ebss:__lock)
003ef302  global    __nop (.text)
003ef2fe  global    __register_lock (.text)
003ef2fa  global    __register_unlock (.text)
0000d898  global    __unlock (.ebss:__unlock)


================================================================================

rts2800_ml.lib : args_main.c.obj

Run/Load            
Value     Binding   Name (Section)
--------  --------  ---------------
003eef93  local     $C$L1 (.text)
003eef96  local     $C$L2 (.text)
00000000  local     .bss (.bss)
00000000  local     .data (.data)
003eef88  local     .text (.text)
003eef88  global    __args_main (.text)


================================================================================

rts2800_ml.lib : s_floor.c.obj

Run/Load            
Value     Binding   Name (Section)
--------  --------  ---------------
003f24c2  local     $C$FL1 (.econst)
003f24c6  local     $C$FL2 (.econst)
003ebe7a  local     $C$L1 (.text)
003ebed2  local     $C$L10 (.text)
003ebef2  local     $C$L11 (.text)
003ebef4  local     $C$L12 (.text)
003ebf00  local     $C$L13 (.text)
003ebf05  local     $C$L14 (.text)
003ebe7f  local     $C$L2 (.text)
003ebe80  local     $C$L3 (.text)
003ebe88  local     $C$L4 (.text)
003ebe9b  local     $C$L5 (.text)
003ebeaa  local     $C$L6 (.text)
003ebead  local     $C$L7 (.text)
003ebec9  local     $C$L8 (.text)
003ebecf  local     $C$L9 (.text)
00000000  local     .bss (.bss)
00000000  local     .data (.data)
003f24be  local     .econst (.econst)
003ebe22  local     .text (.text)
003ebe22  global    _floorl (.text)
003f24be  local     _huge (.econst)


================================================================================

rts2800_ml.lib : s_scalbn.c.obj

Run/Load            
Value     Binding   Name (Section)
--------  --------  ---------------
003f244e  local     $C$FL1 (.econst)
003f2452  local     $C$FL2 (.econst)
003f2456  local     $C$FL3 (.econst)
003f245a  local     $C$FL4 (.econst)
003ec479  local     $C$L1 (.text)
003ec492  local     $C$L2 (.text)
003ec4a4  local     $C$L3 (.text)
003ec4af  local     $C$L4 (.text)
003ec4c4  local     $C$L5 (.text)
003ec4ca  local     $C$L6 (.text)
003ec4d5  local     $C$L7 (.text)
003ec4f5  local     $C$L8 (.text)
003ec4f9  local     $C$L9 (.text)
00000000  local     .bss (.bss)
00000000  local     .data (.data)
003f2442  local     .econst (.econst)
003ec453  local     .text (.text)
003ec453  global    _ldexpl (.text)
003ec453  global    _scalbnl (.text)
003f244a  local     _tiny (.econst)
003f2442  local     _two54 (.econst)
003f2446  local     _twom54 (.econst)


================================================================================

rts2800_ml.lib : s_copysign.c.obj

Run/Load            
Value     Binding   Name (Section)
--------  --------  ---------------
003ee837  local     $C$L1 (.text)
00000000  local     .bss (.bss)
00000000  local     .data (.data)
003ee816  local     .text (.text)
003ee816  global    _copysignl (.text)


================================================================================

rts2800_ml.lib : k_cosf.c.obj

Run/Load            
Value     Binding   Name (Section)
--------  --------  ---------------
003f23d2  local     $C$FL1 (.econst)
003f23d6  local     $C$FL2 (.econst)
003f23da  local     $C$FL3 (.econst)
003f23de  local     $C$FL4 (.econst)
003f23e2  local     $C$FL5 (.econst)
00000000  local     .bss (.bss)
00000000  local     .data (.data)
003f23be  local     .econst (.econst)
003ecddf  local     .text (.text)
003f23c2  local     _C0 (.econst)
003f23c6  local     _C1 (.econst)
003f23ca  local     _C2 (.econst)
003f23ce  local     _C3 (.econst)
003ecddf  global    ___kernel_cosdf (.text)
003f23be  local     _one (.econst)


================================================================================

rts2800_ml.lib : k_sinf.c.obj

Run/Load            
Value     Binding   Name (Section)
--------  --------  ---------------
003f2416  local     $C$FL1 (.econst)
003f241a  local     $C$FL2 (.econst)
003f241e  local     $C$FL3 (.econst)
003f2422  local     $C$FL4 (.econst)
00000000  local     .bss (.bss)
00000000  local     .data (.data)
003f2406  local     .econst (.econst)
003ecb1e  local     .text (.text)
003f2406  local     _S1 (.econst)
003f240a  local     _S2 (.econst)
003f240e  local     _S3 (.econst)
003f2412  local     _S4 (.econst)
003ecb1e  global    ___kernel_sindf (.text)


================================================================================

rts2800_ml.lib : fd_cmp28.asm.obj

Run/Load            
Value     Binding   Name (Section)
--------  --------  ---------------
00000000  local     .bss (.bss)
00000000  local     .data (.data)
003ee3fc  local     .text (.text)
003ee40c  local     CHECK_INF (.text)
003ee3fc  global    FD$$CMP (.text)
003ee423  local     NO_NEG (.text)
003ee424  local     OP_EQUAL (.text)
003ee41c  local     RETURN (.text)


================================================================================

rts2800_ml.lib : fd_tol28.asm.obj

Run/Load            
Value     Binding   Name (Section)
--------  --------  ---------------
00000000  local     .bss (.bss)
00000000  local     .data (.data)
003ee97d  local     .text (.text)
003ee97d  global    FD$$TOL (.text)
003ee996  local     OVERFLOW (.text)
003ee995  local     RETURN_VALUE (.text)
003ee99a  local     UNDERFLOW (.text)


================================================================================

rts2800_ml.lib : ll_aox28.asm.obj

Run/Load            
Value     Binding   Name (Section)
--------  --------  ---------------
00000000  local     .bss (.bss)
00000000  local     .data (.data)
003eecd9  local     .text (.text)
003eecd9  global    LL$$AND (.text)
003eece1  global    LL$$OR (.text)
003eece9  global    LL$$XOR (.text)


================================================================================

rts2800_ml.lib : i_div28.asm.obj

Run/Load            
Value     Binding   Name (Section)
--------  --------  ---------------
00000000  local     .bss (.bss)
00000000  local     .data (.data)
003ee85b  local     .text (.text)
003ee85b  global    I$$DIV (.text)
003ee86c  global    I$$MOD (.text)
003ee86b  local     RET1 (.text)
003ee87b  local     RET2 (.text)


================================================================================

rts2800_ml.lib : l_tofd28.asm.obj

Run/Load            
Value     Binding   Name (Section)
--------  --------  ---------------
003eeac8  local     $10 (.text)
00000000  local     .bss (.bss)
00000000  local     .data (.data)
003eeaba  local     .text (.text)
003eeaba  global    L$$TOFD (.text)
003eead4  local     OP_ZERO (.text)
003eead3  local     RETURN (.text)
003eead1  local     RETURN_VALUE (.text)


================================================================================

rts2800_ml.lib : fd_tofs28.asm.obj

Run/Load            
Value     Binding   Name (Section)
--------  --------  ---------------
00000000  local     .bss (.bss)
00000000  local     .data (.data)
003ee89e  local     .text (.text)
003ee8ab  local     EXP_EVAL (.text)
003ee89e  global    FD$$TOFS (.text)
003ee8b7  local     OVERFLOW (.text)
003ee8b6  local     RETURN_VALUE (.text)
003ee8bd  local     UNDERFLOW (.text)


================================================================================

rts2800_ml.lib : errno.c.obj

Run/Load            
Value     Binding   Name (Section)
--------  --------  ---------------
00000000  local     .bss (.bss)
003f2df2  local     .cinit (.cinit)
00000000  local     .data (.data)
0000d8a1  local     .ebss (.ebss)
00000000  local     .text (.text)
0000d8a1  global    _errno (.ebss)


================================================================================

