******************************************************************************
             TMS320C2000 Linker PC v22.6.0                     
******************************************************************************
>> Linked Wed Oct  5 18:43:03 2022

OUTPUT FILE NAME:   <../../../04_Output_Files/Motor28062/TEST_CSMON_C28xx.out>
ENTRY POINT SYMBOL: "_c_int00"  address: 003ed63a


MEMORY CONFIGURATION

         name            origin    length      used     unused   attr    fill
----------------------  --------  ---------  --------  --------  ----  --------
PAGE 0:
  RAML0                 00008000   00000800  00000029  000007d7  RWIX
  RAML1                 00008800   00000400  00000000  00000400  RWIX
  OTP                   003d7800   00000400  00000000  00000400  RWIX
  FLASH_APP             003e8000   0000dff0  0000a95a  00003696  RWIX
  CSM_RSVD              003f7f80   00000076  00000076  00000000  RWIX
  BEGIN                 003f7ff6   00000002  00000002  00000000  RWIX
  CSM_PWL_P0            003f7ff8   00000008  00000008  00000000  RWIX
  FPUTABLES             003fd590   000006a0  00000000  000006a0  RWIX
  IQTABLES              003fdf00   00000b50  00000000  00000b50  RWIX
  IQTABLES2             003fea50   0000008c  00000000  0000008c  RWIX
  IQTABLES3             003feadc   000000aa  00000000  000000aa  RWIX
  ROM                   003ff3b0   00000c10  00000000  00000c10  RWIX
  RESET                 003fffc0   00000002  00000000  00000002  RWIX
  VECTORS               003fffc2   0000003e  00000000  0000003e  RWIX

PAGE 1:
  BOOT_RSVD             00000000   00000050  00000000  00000050  RWIX
  RAMM0                 00000050   000003b0  00000380  00000030  RWIX
  RAMM1                 00000400   00000400  00000000  00000400  RWIX
  DEV_EMU               00000880   00000105  00000004  00000101  RWIX
  SYS_PWR_CTL           00000985   00000003  00000003  00000000  RWIX
  FLASH_REGS            00000a80   00000060  00000008  00000058  RWIX
  CSM                   00000ae0   00000020  00000010  00000010  RWIX
  ADC_RESULT            00000b00   00000020  00000010  00000010  RWIX
  CPU_TIMER0            00000c00   00000008  00000008  00000000  RWIX
  CPU_TIMER1            00000c08   00000008  00000008  00000000  RWIX
  CPU_TIMER2            00000c10   00000008  00000008  00000000  RWIX
  PIE_CTRL              00000ce0   00000020  0000001a  00000006  RWIX
  PIE_VECT              00000d00   00000100  00000100  00000000  RWIX
  DMA                   00001000   00000200  000000e0  00000120  RWIX
  CLA1                  00001400   00000080  00000040  00000040  RWIX
  USB0                  00004000   00001000  00000454  00000bac  RWIX
  McBSPA                00005000   00000040  00000024  0000001c  RWIX
  ECANA                 00006000   00000040  00000034  0000000c  RWIX
  ECANA_LAM             00006040   00000040  00000040  00000000  RWIX
  ECANA_MOTS            00006080   00000040  00000040  00000000  RWIX
  ECANA_MOTO            000060c0   00000040  00000040  00000000  RWIX
  ECANA_MBOX            00006100   00000100  00000100  00000000  RWIX
  COMP1                 00006400   00000020  00000014  0000000c  RWIX
  COMP2                 00006420   00000020  00000014  0000000c  RWIX
  COMP3                 00006440   00000020  00000014  0000000c  RWIX
  EPWM1                 00006800   00000040  00000040  00000000  RWIX
  EPWM2                 00006840   00000040  00000040  00000000  RWIX
  EPWM3                 00006880   00000040  00000040  00000000  RWIX
  EPWM4                 000068c0   00000040  00000040  00000000  RWIX
  EPWM5                 00006900   00000040  00000040  00000000  RWIX
  EPWM6                 00006940   00000040  00000040  00000000  RWIX
  EPWM7                 00006980   00000040  00000040  00000000  RWIX
  EPWM8                 000069c0   00000040  00000040  00000000  RWIX
  ECAP1                 00006a00   00000020  00000020  00000000  RWIX
  ECAP2                 00006a20   00000020  00000020  00000000  RWIX
  ECAP3                 00006a40   00000020  00000020  00000000  RWIX
  HRCAP1                00006ac0   00000020  00000020  00000000  RWIX
  HRCAP2                00006ae0   00000020  00000020  00000000  RWIX
  EQEP1                 00006b00   00000040  00000022  0000001e  RWIX
  EQEP2                 00006b40   00000040  00000022  0000001e  RWIX
  HRCAP3                00006c80   00000020  00000020  00000000  RWIX
  HRCAP4                00006ca0   00000020  00000020  00000000  RWIX
  GPIOCTRL              00006f80   00000040  00000040  00000000  RWIX
  GPIODAT               00006fc0   00000020  00000020  00000000  RWIX
  GPIOINT               00006fe0   00000020  00000020  00000000  RWIX
  SYSTEM                00007010   00000030  00000030  00000000  RWIX
  SPIA                  00007040   00000010  00000010  00000000  RWIX
  SCIA                  00007050   00000010  00000010  00000000  RWIX
  NMIINTRUPT            00007060   00000010  00000010  00000000  RWIX
  XINTRUPT              00007070   00000010  00000010  00000000  RWIX
  ADC                   00007100   00000080  00000050  00000030  RWIX
  SPIB                  00007740   00000010  00000010  00000000  RWIX
  SCIB                  00007750   00000010  00000010  00000000  RWIX
  I2CA                  00007900   00000040  00000022  0000001e  RWIX
  RAML2                 00008c00   00000400  00000000  00000400  RWIX
  RAML3                 00009000   00001000  00000000  00001000  RWIX
  RAML4                 0000a000   00002000  00002000  00000000  RWIX
  RAML5                 0000c000   00002000  00000cbc  00001344  RWIX
  RAML6                 0000e000   00002000  00000000  00002000  RWIX
  RAML7                 00010000   00002000  00000000  00002000  RWIX
  RAML8                 00012000   00002000  00000000  00002000  RWIX
  USB_RAM               00040000   00000800  00000000  00000800  RWIX
  PARTID                003d7e80   00000001  00000001  00000000  RWIX
  CSM_PWL               003f7ff8   00000008  00000008  00000000  RWIX


SECTION ALLOCATION MAP

 output                                  attributes/
section   page    origin      length       input sections
--------  ----  ----------  ----------   ----------------
.cinit     0    003f2034    00000926     
                  003f2034    0000021f     CSMON_C28xx.lib : hmmodbus.obj (.cinit)
                  003f2253    00000142     main.obj (.cinit)
                  003f2395    000000ca     CSMON_C28xx.lib : csmon.obj (.cinit)
                  003f245f    000000c3                     : modbusreg.obj (.cinit:_QueueTestTable)
                  003f2522    00000078                     : modbusreg.obj (.cinit)
                  003f259a    0000003f                     : csmon.obj (.cinit:_CSMON_au8FileRecorderDataElementsSizeTable)
                  003f25d9    00000033                     : hmrecparam.obj (.cinit:_sRecStatusParam)
                  003f260c    00000030                     : csmon.obj (.cinit:_CSMON_au8FileRecorderConfigElementsSizeTable)
                  003f263c    0000002b                     : csmon.obj (.cinit:_CSMON_au8FileScopeConfigurationElementsSizeTable)
                  003f2667    0000001f                     : hmrecparam.obj (.cinit:_sRecStatusParamInternal)
                  003f2686    00000016     main.obj (.cinit:_sExternalRecoderHandle)
                  003f269c    00000015     CSMON_C28xx.lib : csmon.obj (.cinit:_CSMON_sFileAutorization)
                  003f26b1    00000014                     : hmdrv.obj (.cinit)
                  003f26c5    00000014                     : hmprotocol.obj (.cinit)
                  003f26d9    00000013                     : modbusreg.obj (.cinit:_MODBUSREG_au8DeviceIDUserApplicationName)
                  003f26ec    00000013                     : modbusreg.obj (.cinit:_MODBUSREG_au8DeviceIDVendorUrl)
                  003f26ff    00000013                     : modbusreg.obj (.cinit:_MODBUSREG_au8ServerIDData)
                  003f2712    00000010     rtc_drv.obj (.cinit)
                  003f2722    0000000f     CSMON_C28xx.lib : csmon.obj (.cinit:_CSMON_sDateTime)
                  003f2731    0000000f                     : csmon.obj (.cinit:_CSMON_sDateTimeApplication)
                  003f2740    0000000f                     : csmon.obj (.cinit:_CSMON_sDateTimeDefault)
                  003f274f    0000000f                     : modbusreg.obj (.cinit:_MODBUSREG_au8DeviceIDModelName)
                  003f275e    0000000f     device.obj (.cinit)
                  003f276d    0000000e     rts2800_ml.lib : exit.c.obj (.cinit)
                  003f277b    0000000d     CSMON_C28xx.lib : csmon.obj (.cinit:_CSMON_au8FileParameterCountElementsSizeTable)
                  003f2788    0000000d                     : csmon.obj (.cinit:_CSMON_au8FileRTCElementsSizeTable)
                  003f2795    0000000d                     : csmon.obj (.cinit:_sHashKey)
                  003f27a2    0000000d     tmr_drv.obj (.cinit)
                  003f27af    0000000c     CSMON_C28xx.lib : csmon.obj (.cinit:_CSMON_au8FileParameterNumericElementsSizeTable)
                  003f27bb    0000000c                     : modbusreg.obj (.cinit:_MODBUSREG_au8DeviceIDProductName)
                  003f27c7    0000000c                     : modbusreg.obj (.cinit:_MODBUSREG_au8DeviceIDUserReserve0)
                  003f27d3    0000000c                     : modbusreg.obj (.cinit:_MODBUSREG_au8DeviceIDUserReserve1)
                  003f27df    0000000c                     : modbusreg.obj (.cinit:_MODBUSREG_au8DeviceIDUserReserve2)
                  003f27eb    0000000c                     : modbusreg.obj (.cinit:_MODBUSREG_au8DeviceIDVendorName)
                  003f27f7    0000000b                     : hmrecparam.obj (.cinit:_HMRECPRM_sDateTime)
                  003f2802    0000000b     main.obj (.cinit:_MAIN_sDateTimeGet)
                  003f280d    0000000b     main.obj (.cinit:_MAIN_sDateTimeSet)
                  003f2818    0000000b     uart_driver.obj (.cinit:_UART_DRV_RXIntOverflowCounter)
                  003f2823    0000000b     uart_driver.obj (.cinit:_UART_DRV_u32TimeDiffLast)
                  003f282e    0000000b     uart_driver.obj (.cinit:_UART_DRV_u32TimeDiffNow)
                  003f2839    0000000b     CSMON_C28xx.lib : uart_drv.obj (.cinit:_UART_RXIntOverflowCounter)
                  003f2844    0000000b     tmr_drv.obj (.cinit:_pfDelayedFunction)
                  003f284f    0000000b     tmr_drv.obj (.cinit:_pfDelayedFunction_u8)
                  003f285a    0000000b     CSMON_C28xx.lib : uart_drv.obj (.cinit:_u32TimeDiffLast)
                  003f2865    0000000b                     : uart_drv.obj (.cinit:_u32TimeDiffNow)
                  003f2870    0000000b                     : uart_drv.obj (.cinit:_u32TimeDiffRead)
                  003f287b    00000009                     : hmserial.obj (.cinit)
                  003f2884    00000009                     : csmon.obj (.cinit:_CSMON_au32FileAutorization_FunctionAfterWriteFileRecord)
                  003f288d    00000009                     : csmon.obj (.cinit:_CSMON_sFileParameterCount)
                  003f2896    00000009                     : hmscopeparam.obj (.cinit:_pBufferScope)
                  003f289f    00000008                     : hmlib.obj (.cinit)
                  003f28a7    00000007                     : csmon.obj (.cinit:_CSMON_au8FileParameterListElementsSizeTablePart1)
                  003f28ae    00000007                     : csmon.obj (.cinit:_CSMON_au8FileRecorderStatusElementsSizeTable)
                  003f28b5    00000007                     : hmmodbus.obj (.cinit:_HMMODBUS_u32RegisterAddressInRamDummy)
                  003f28bc    00000007                     : modbusreg.obj (.cinit:_MODBUSREG_au8DeviceIDMajorMinorRevision)
                  003f28c3    00000007                     : modbusreg.obj (.cinit:_MODBUSREG_au8DeviceIDProductCode)
                  003f28ca    00000007                     : uart_drv.obj (.cinit:_UARTRxBufferRDCount)
                  003f28d1    00000007                     : uart_drv.obj (.cinit:_UARTRxBufferRDIndex)
                  003f28d8    00000007                     : uart_drv.obj (.cinit:_UARTRxBufferWRCount)
                  003f28df    00000007                     : uart_drv.obj (.cinit:_UARTRxBufferWRIndex)
                  003f28e6    00000007     uart_driver.obj (.cinit:_UART_DRV_RxBufferRDCount)
                  003f28ed    00000007     uart_driver.obj (.cinit:_UART_DRV_RxBufferWRCount)
                  003f28f4    00000007     uart_driver.obj (.cinit:_UART_DRV_RxBufferWRIndex)
                  003f28fb    00000007     sys_drv.obj (.cinit:_sHexMonUartModuleConfiguration)
                  003f2902    00000006     CSMON_C28xx.lib : csmon.obj (.cinit:_CSMON_abFileAutorization_RecordReadOnly)
                  003f2908    00000006                     : csmon.obj (.cinit:_CSMON_abFileAutorization_RecordStringData)
                  003f290e    00000006                     : csmon.obj (.cinit:_CSMON_au16FileAutorization_RecordOffsets)
                  003f2914    00000006                     : csmon.obj (.cinit:_CSMON_au8FileRecorderDataElementsSizeTableUsedLength)
                  003f291a    00000006                     : csmon.obj (.cinit:_CSMON_sFileProtocolVersion)
                  003f2920    00000005                     : modbusreg.obj (.cinit:_HMMODBUS_u32CoilAddressTableInRam)
                  003f2925    00000005                     : modbusreg.obj (.cinit:_MODBUSREG_sInputCoilAddressTableInRam)
                  003f292a    00000005     rts2800_ml.lib : _lock.c.obj (.cinit:__lock)
                  003f292f    00000005                    : _lock.c.obj (.cinit:__unlock)
                  003f2934    00000004     CSMON_C28xx.lib : hmscopeparam.obj (.cinit)
                  003f2938    00000004                     : uart_drv.obj (.cinit)
                  003f293c    00000004                     : csmon.obj (.cinit:_CSMON_au8FileParameterListElementsSizeTablePart2)
                  003f2940    00000004                     : csmon.obj (.cinit:_CSMON_au8FileParameterListElementsSizeTablePart3)
                  003f2944    00000004                     : csmon.obj (.cinit:_CSMON_au8FileScopeStatusElementsSizeTable)
                  003f2948    00000004                     : csmon.obj (.cinit:_CSMON_sFileParameterAccessList)
                  003f294c    00000004                     : modbusreg.obj (.cinit:_MODBUSREG_asFileTable)
                  003f2950    00000004                     : modbusreg.obj (.cinit:_MODBUSREG_asQueueTable)
                  003f2954    00000004     rts2800_ml.lib : errno.c.obj (.cinit)
                  003f2958    00000002     --HOLE-- [fill = 0]

.pinit     0    003e8000    00000000     UNINITIALIZED

.text      0    003e8000    000072bd     
                  003e8000    00001543     CSMON_C28xx.lib : hmmodbus.obj (.text:_HMMODBUS_bDecoder)
                  003e9543    00000ad3                     : modbusreg.obj (.text:_MODBUSREG_AddressTablesInit)
                  003ea016    00000698     rts2800_ml.lib : k_rem_pio2.c.obj (.text)
                  003ea6ae    0000019a     main.obj (.text:_main)
                  003ea848    00000189     CSMON_C28xx.lib : csmon.obj (.text:_CSMON_eInit)
                  003ea9d1    00000178                     : csmon.obj (.text:_CSMON_eSetUpRecParam)
                  003eab49    0000016f                     : csmon.obj (.text:_CSMON_eProcess)
                  003eacb8    0000013c                     : csmon.obj (.text:_CSMON_vCheckLoadRecorderTable)
                  003eadf4    00000132                     : csmon.obj (.text:_CSMON_vSetupHoldingRegistersAndCoilsAddressTableFromCSMONParameterList)
                  003eaf26    0000012c                     : hmmodbus.obj (.text:_HMMODBUS_vSetFreeRunTimerPrescaller)
                  003eb052    00000127                     : hmmodbus.obj (.text:_HMMODBUS_Rx)
                  003eb179    00000114     rts2800_ml.lib : s_sinf.c.obj (.text)
                  003eb28d    00000107                    : ll_div28.asm.obj (.text)
                  003eb394    00000101     CSMON_C28xx.lib : hmmodbus.obj (.text:_HMMODBUS_GetRealRegisterAddressAndSize)
                  003eb495    000000fa                     : csmon.obj (.text:_CSMON_vCheckSaveRecorderTable)
                  003eb58f    000000f8                     : hmprotocol.obj (.text:_HMPROTOCOL_bDecoder)
                  003eb687    000000f5                     : hmdrv.obj (.text:_HMDRV_vInit)
                  003eb77c    000000f1                     : csmon.obj (.text:_CSMON_vFileRecoderStatusFix)
                  003eb86d    000000e9                     : csmon.obj (.text:_CSMON_vSaveRecorderConfiguration)
                  003eb956    000000e8                     : hmrecparam.obj (.text:_HMRECPRM_vProcess)
                  003eba3e    000000e8     rts2800_ml.lib : s_floor.c.obj (.text)
                  003ebb26    000000d9     main.obj (.text:_ControlProcess)
                  003ebbff    000000cd     CSMON_C28xx.lib : csmon.obj (.text:_CSMON_vSetupInputRegistersAndCoilsAddressTableFromCSMONParameterList)
                  003ebccc    000000c4                     : csmon.obj (.text:_CSMON_u32GetParameterListCheckSum)
                  003ebd90    000000c1     main.obj (.text:_RecordersInitialization)
                  003ebe51    000000bc     CSMON_C28xx.lib : hmrecparam.obj (.text:_HMRECPRM_SetUpRec)
                  003ebf0d    000000b8                     : hmrec.obj (.text:_HMREC_SetUpRec)
                  003ebfc5    000000aa                     : hmdrv.obj (.text:_HMDRV_CopyFromBufferInternalModbusBitField)
                  003ec06f    000000aa     rts2800_ml.lib : s_scalbn.c.obj (.text)
                  003ec119    000000a7                    : e_rem_pio2f.c.obj (.text)
                  003ec1c0    000000a3     CSMON_C28xx.lib : csmon.obj (.text:_CSMON_vSaveRecorderConfigTrigger)
                  003ec263    000000a3                     : modbusreg.obj (.text:_MODBUSREG_vInit)
                  003ec306    000000a3     tmr_drv.obj (.text:_TMR2_ISR)
                  003ec3a9    0000009c     rts2800_ml.lib : fd_add28.asm.obj (.text)
                  003ec445    00000099     main.obj (.text:_ParameterInitialization)
                  003ec4de    00000095     CSMON_C28xx.lib : csmon.obj (.text:_CSMON_vLoadRecorderConfiguration)
                  003ec573    00000092                     : hmdrv.obj (.text:_HMDRV_CopyMemory)
                  003ec605    00000092                     : hmdrv.obj (.text:_HMDRV_CopyToBufferInternalModbus)
                  003ec697    00000092     rts2800_ml.lib : k_sinf.c.obj (.text)
                  003ec729    00000090     CSMON_C28xx.lib : csmon.obj (.text:_CSMON_vSetDateTimeAutorization)
                  003ec7b9    0000008d                     : csmon.obj (.text:_CSMON_vInitRecorders)
                  003ec846    0000008b     rts2800_ml.lib : fd_div28.asm.obj (.text)
                  003ec8d1    00000087     CSMON_C28xx.lib : hmrecparam.obj (.text:_HMRECPRM_SetUpRecParamStatusDateTime)
                  003ec958    00000087     rts2800_ml.lib : k_cosf.c.obj (.text)
                  003ec9df    00000083     CSMON_C28xx.lib : hmdrv.obj (.text:_HMDRV_CopyFromBufferInternalModbus)
                  003eca62    00000083     rts2800_ml.lib : fd_mpy28.asm.obj (.text)
                  003ecae5    00000083                    : fs_div28.asm.obj (.text)
                  003ecb68    0000007f     CSMON_C28xx.lib : hmserial.obj (.text:_HMSERIAL_vProcessSCI)
                  003ecbe7    0000007e                     : hmrecparam.obj (.text:_HMRECPRM_vTimeSync)
                  003ecc65    0000007d                     : csmon.obj (.text:_CSMON_vPrepareFileParameterAccessList)
                  003ecce2    00000078     rts2800_ml.lib : fs_add28.asm.obj (.text)
                  003ecd5a    00000076     main.obj (.text:_ScopesInitialization)
                  003ecdd0    00000070     CSMON_C28xx.lib : csmon.obj (.text:_CSMON_u32GetParameterStringCheckSum)
                  003ece40    0000006a                     : hmprotocol.obj (.text:_HMPROTOCOL_GetBoardInfo)
                  003eceaa    0000006a                     : hmserial.obj (.text:_HMSERIAL_Rx)
                  003ecf14    00000067                     : hmmodbus.obj (.text:_HMMODBUS_CopyFromBuffer)
                  003ecf7b    00000066                     : hmmodbus.obj (.text:_HMMODBUS_vProcessSCI)
                  003ecfe1    00000064                     : hmrec.obj (.text:_HMREC_vProcess)
                  003ed045    00000063                     : hmmodbus.obj (.text:_HMMODBUS_CopyToBufferCoil)
                  003ed0a8    0000005f                     : hmmodbus.obj (.text:_HMMODBUS_CopyFromBufferCoil)
                  003ed107    0000005f     F2806x_SysCtrl.obj (.text:_InitPeripheralClocks)
                  003ed166    0000005d     CSMON_C28xx.lib : uart_drv.obj (.text:_UART_RXInterrupt)
                  003ed1c3    0000005c                     : hmmodbus.obj (.text:_HMMODBUS_GetCoilFunction)
                  003ed21f    0000005c                     : hmmodbus.obj (.text:_HMMODBUS_GetRegisterFunction)
                  003ed27b    0000005a                     : csmon.obj (.text:_CSMON_vRecorderParamStartStopProcess)
                  003ed2d5    0000005a     gpio.obj (.text:_GPIO_setPinConfigOutput)
                  003ed32f    0000005a     rts2800_ml.lib : fs_mpy28.asm.obj (.text)
                  003ed389    00000059     CSMON_C28xx.lib : csmon.obj (.text:_CSMON_vUpdateDateTimeFromApplication)
                  003ed3e2    00000059                     : hmmodbus.obj (.text:_vSetElementsSize)
                  003ed43b    00000057                     : csmon.obj (.text:_CSMON_bCheckValidDateTime)
                  003ed492    00000057     uart_driver.obj (.text:_UART_DRV_RXInterrupt)
                  003ed4e9    00000055     CSMON_C28xx.lib : modbusreg.obj (.text:_MODBUSREG_FileRecorderExternalUpdateInit)
                  003ed53e    00000054                     : csmon.obj (.text:_CSMON_u32GetParameterNumbCheckSum)
                  003ed592    00000054                     : csmon.obj (.text:_CSMON_u32GetParameterShortNameCheckSum)
                  003ed5e6    00000054                     : hmlib.obj (.text:_HMLIB_vInit)
                  003ed63a    00000054     rts2800_ml.lib : boot28.asm.obj (.text)
                  003ed68e    00000052     CSMON_C28xx.lib : csmon.obj (.text:_CSMON_vLoadRecorderConfigTrigger)
                  003ed6e0    00000051     F2806x_SysCtrl.obj (.text:_InitPll)
                  003ed731    00000050     CSMON_C28xx.lib : csmon.obj (.text:_CSMON_eSetExternalRecorderUsage)
                  003ed781    0000004f     device.obj (.text:_Device_CsmUnlock)
                  003ed7d0    0000004e     CSMON_C28xx.lib : hmrecparam.obj (.text:_HMRECPRM_StartRecParam)
                  003ed81e    0000004d                     : csmon.obj (.text:_CSMON_vSetupHoldingRegistersAndCoilsAddressTableAccessAll)
                  003ed86b    0000004a                     : csmon.obj (.text:_CSMON_eSetRecorderTriggerAtPosition)
                  003ed8b5    00000047                     : hmmodbus.obj (.text:_HMMODBUS_CopyToBuffer)
                  003ed8fc    00000047                     : hmscopeparam.obj (.text:_HMSCOPEPRM_SetUpScope)
                  003ed943    00000043                     : hmscopeparam.obj (.text:_HMSCOPEPRM_ReadScope)
                  003ed986    00000042                     : hmdrv.obj (.text:_HMDRV_CopyFromBufferInternalCoil)
                  003ed9c8    00000042                     : hmmodbus.obj (.text:_HMMODBUS_vSendResponse)
                  003eda0a    00000042     interrupt.obj (.text:_Interrupt_enable)
                  003eda4c    0000003f     CSMON_C28xx.lib : csmon.obj (.text:_CSMON_vSetupInputRegistersAndCoilsAddressTableAccessAll)
                  003eda8b    0000003f                     : hmdrv.obj (.text:_HMDRV_CopyFromBufferInternal)
                  003edaca    0000003d                     : hmmodbus.obj (.text:_vSetStartSampleIndex)
                  003edb07    0000003c     tmr_drv.obj (.text:_configCPUTimer)
                  003edb43    0000003b     CSMON_C28xx.lib : csmon.obj (.text:_CSMON_eSetRecorderConfigurationSkipSamples)
                  003edb7e    0000003b                     : hmscope.obj (.text:_HMSCOPE_SetUpScope)
                  003edbb9    00000038     device.obj (.text:_Device_init)
                  003edbf1    00000038     CSMON_C28xx.lib : hmdrv.obj (.text:_HMDRV_CopyToBufferInternalCoil)
                  003edc29    00000038                     : uart_drv.obj (.text:_UART_ReadDataRx)
                  003edc61    00000037                     : csmon.obj (.text:_CSMON_u32GetRealAddressAndSizeOffsetFromParameter)
                  003edc98    00000036                     : hmscope.obj (.text:_HMSCOPE_ReadScope)
                  003edcce    00000036                     : hmserial.obj (.text:_HMSERIAL_vSendResponse)
                  003edd04    00000035                     : hmdrv.obj (.text:_HMDRV_CopyToBufferInternal)
                  003edd39    00000035     tmr_drv.obj (.text:_TMR_vInit)
                  003edd6e    00000034     CSMON_C28xx.lib : csmon.obj (.text:_CSMON_eSetParameterInRecorderAtPosition)
                  003edda2    00000033                     : hmmodbus.obj (.text:_HMMODBUS_Listen)
                  003eddd5    00000032                     : csmon.obj (.text:_CSMON_eSetParameterInScopeAtPosition)
                  003ede07    0000002f                     : hmmodbus.obj (.text:_HMMODBUS_CopyFromBufferSingleCoil)
                  003ede36    0000002e                     : csmon.obj (.text:_CSMON_vRecorderParamSetupProcess)
                  003ede64    0000002e                     : hmserial.obj (.text:_HMSERIAL_vProcessSCIFreemasterOnly)
                  003ede92    0000002d                     : hmdrv.obj (.text:_HMDRV_CopyToBufferInternalModbusCoil)
                  003edebf    0000002d                     : hmserial.obj (.text:_HMSERIAL_Listen)
                  003edeec    0000002d                     : hmrecparam.obj (.text:_RecorderTimeFromLocalDateTime)
                  003edf19    0000002d     tmr_drv.obj (.text:_TMR_vInitCPUTimers)
                  003edf46    0000002b     CSMON_C28xx.lib : hmrecparam.obj (.text:_FillTimeData)
                  003edf71    0000002a     rts2800_ml.lib : fd_cmp28.asm.obj (.text)
                  003edf9b    00000029                    : exit.c.obj (.text)
                  003edfc4    00000029                    : fs_tol28.asm.obj (.text)
                  003edfed    00000028     CSMON_C28xx.lib : csmon.obj (.text:_CSMON_bAutorizationPasswordCheck)
                  003ee015    00000027                     : csmon.obj (.text:_CSMON_u32GetParameterCheckSum)
                  003ee03c    00000027                     : csmon.obj (.text:_CSMON_vSaveRecorderConfig)
                  003ee063    00000027                     : hmdrv.obj (.text:_HMDRV_CopyFromBufferInternalModbusSingleCoil)
                  003ee08a    00000027                     : hmserial.obj (.text:_HMSERIAL_vProcessSCITXISR)
                  003ee0b1    00000026                     : hmdrv.obj (.text:_HMDRV_CopyFromBufferInternalWithMaskModbus)
                  003ee0d7    00000026                     : hmmodbus.obj (.text:_HMMODBUS_CopyToBufferSingleCoil)
                  003ee0fd    00000025                     : hmserial.obj (.text:_HMSERIAL_Tx)
                  003ee122    00000025     rts2800_ml.lib : fs_toi28.asm.obj (.text)
                  003ee147    00000024     CSMON_C28xx.lib : csmon.obj (.text:_CSMON_vAutorizationReset)
                  003ee16b    00000024                     : hmprotocol.obj (.text:_HMPROTOCOL_ReadMem)
                  003ee18f    00000024                     : hmrecparam.obj (.text:_RecorderDateFromLocalDateTime)
                  003ee1b3    00000024     sci_driver.obj (.text:_SCIA_DRV_RXFIFOISR)
                  003ee1d7    00000024     sci_driver.obj (.text:_SCIA_DRV_TXFIFOISR)
                  003ee1fb    00000024     sci_drv.obj (.text:_SCIA_RXFIFOISR)
                  003ee21f    00000024     sci_drv.obj (.text:_SCIA_TXFIFOISR)
                  003ee243    00000024     sci_driver.obj (.text:_SCIB_DRV_RXFIFOISR)
                  003ee267    00000024     sci_driver.obj (.text:_SCIB_DRV_TXFIFOISR)
                  003ee28b    00000024     sci_drv.obj (.text:_SCIB_RXFIFOISR)
                  003ee2af    00000024     sci_drv.obj (.text:_SCIB_TXFIFOISR)
                  003ee2d3    00000024     CSMON_C28xx.lib : hmmodbus.obj (.text:_vSetSampleCountAvailable)
                  003ee2f7    00000024     rts2800_ml.lib : cpy_tbl.c.obj (.text)
                  003ee31b    00000023     CSMON_C28xx.lib : modbusreg.obj (.text:_MODBUSREG_FileRecorderElementSizeTableUsedSizeUpdateInit)
                  003ee33e    00000023     rts2800_ml.lib : s_copysign.c.obj (.text)
                  003ee361    00000022     CSMON_C28xx.lib : hmdrv.obj (.text:_HMDRV_CopyFromBufferInternalModbusCoil)
                  003ee383    00000022     rts2800_ml.lib : i_div28.asm.obj (.text)
                  003ee3a5    00000021     CSMON_C28xx.lib : hmdrv.obj (.text:_HMDRV_CopyFromBufferInternalWithMask)
                  003ee3c6    00000021     sci.obj (.text:_SCI_setConfig)
                  003ee3e7    00000021     rts2800_ml.lib : fd_tofs28.asm.obj (.text)
                  003ee408    00000021                    : fs_toul28.asm.obj (.text)
                  003ee429    00000020     CSMON_C28xx.lib : hmdrv.obj (.text:_HMDRV_vProcess)
                  003ee449    00000020                     : hmmodbus.obj (.text:_vSetSampleCountBuffer)
                  003ee469    0000001f                     : csmon.obj (.text:_CSMON_u16FindIndexParameterTable)
                  003ee488    0000001f     F2806x_PieCtrl.obj (.text:_InitPieCtrl)
                  003ee4a7    0000001f     CSMON_C28xx.lib : hmmodbus.obj (.text:_vSetSampleSize)
                  003ee4c6    0000001f     rts2800_ml.lib : fd_tol28.asm.obj (.text)
                  003ee4e5    0000001d     CSMON_C28xx.lib : hmrecparam.obj (.text:_HMRECPRM_GetRecBuffFreemaster)
                  003ee502    0000001d                     : hmrec.obj (.text:_HMREC_GetRecBuffFreemaster)
                  003ee51f    0000001d     rts2800_ml.lib : fs_tou28.asm.obj (.text)
                  003ee53c    0000001d                    : memcpy.c.obj (.text)
                  003ee559    0000001c     main.obj (.text:_CSMON_vGetDateTime)
                  003ee575    0000001c     CSMON_C28xx.lib : csmon.obj (.text:_HMRECPRM_vGetDateTime)
                  003ee591    0000001c     sci.obj (.text:_SCI_clearInterruptStatus)
                  003ee5ad    0000001c     CSMON_C28xx.lib : hmmodbus.obj (.text:_vSetIndexFileTable)
                  003ee5c9    0000001c     rts2800_ml.lib : fs_tofd28.asm.obj (.text)
                  003ee5e5    0000001c                    : l_tofd28.asm.obj (.text)
                  003ee601    0000001b     CSMON_C28xx.lib : csmon.obj (.text:_CSMON_eSetParameterCountInRecorder)
                  003ee61c    0000001b     device.obj (.text:_Device_initGPIO)
                  003ee637    0000001b     CSMON_C28xx.lib : hmdrv.obj (.text:_HMDRV_AddressToBuffer)
                  003ee652    0000001b                     : hmmodbus.obj (.text:_HMMODBUS_vInit)
                  003ee66d    0000001b     rts2800_ml.lib : fd_toul28.asm.obj (.text)
                  003ee688    0000001a     CSMON_C28xx.lib : hmmodbus.obj (.text:_HMMODBUS_vProcessSCITXISR)
                  003ee6a2    0000001a                     : hmrecparam.obj (.text:_HMRECPRM_StartRec)
                  003ee6bc    0000001a                     : hmserial.obj (.text:_HMSERIAL_vProcessSCITXISRFreemasterOnly)
                  003ee6d6    0000001a     sci.obj (.text:_SCI_disableInterrupt)
                  003ee6f0    0000001a     sci.obj (.text:_SCI_enableInterrupt)
                  003ee70a    0000001a     rts2800_ml.lib : l_tofs28.asm.obj (.text)
                  003ee724    00000019     CSMON_C28xx.lib : csmon.obj (.text:_CSMON_vFileParameterCountCheckSumUpdate)
                  003ee73d    00000019                     : hmdrv.obj (.text:_HMDRV_AddressFromBuffer)
                  003ee756    00000019                     : hmmodbus.obj (.text:_HMMODBUS_GetRealQueueNumber)
                  003ee76f    00000019                     : uart_drv.obj (.text:_UART_vInit)
                  003ee788    00000019                     : hmmodbus.obj (.text:_bGetFileReadAccess)
                  003ee7a1    00000019     rts2800_ml.lib : prolog28.asm.obj (.text)
                  003ee7ba    00000018     CSMON_C28xx.lib : csmon.obj (.text:_CSMON_u32GetFreeRunningTimerMicroseconds)
                  003ee7d2    00000018                     : hmlib.obj (.text:_HMLIB_vProcessSCITXISRWithIndex)
                  003ee7ea    00000018     F2806x_SysCtrl.obj (.text:_InitSysCtrl)
                  003ee802    00000018     rts2800_ml.lib : ll_aox28.asm.obj (.text)
                  003ee81a    00000017     CSMON_C28xx.lib : hmmodbus.obj (.text:_HMMODBUS_Tx)
                  003ee831    00000017                     : hmmodbus.obj (.text:_HMMODBUS_vProcessTxDelay)
                  003ee848    00000017                     : hmprotocol.obj (.text:_HMPROTOCOL_WriteMem)
                  003ee85f    00000017                     : hmprotocol.obj (.text:_HMPROTOCOL_WriteMemMask)
                  003ee876    00000017                     : hmmodbus.obj (.text:_vSetBufferAddressStart)
                  003ee88d    00000017     rts2800_ml.lib : fs_cmp28.asm.obj (.text)
                  003ee8a4    00000017                    : u_tofd28.asm.obj (.text)
                  003ee8bb    00000016     CSMON_C28xx.lib : csmon.obj (.text:_CSMON_eSetParameterCountInScope)
                  003ee8d1    00000016                     : hmdrv.obj (.text:_HMDRV_AddressFromBufferBigEndian)
                  003ee8e7    00000016                     : hmdrv.obj (.text:_HMDRV_CopyToBufferInternalModbusSingleCoil)
                  003ee8fd    00000015                     : hmrecparam.obj (.text:_HMRECPRM_Comparefloat)
                  003ee912    00000015                     : hmrec.obj (.text:_HMREC_Comparefloat)
                  003ee927    00000015                     : hmrec.obj (.text:_HMREC_StartRec)
                  003ee93c    00000015     F2806x_Gpio.obj (.text:_InitGpio)
                  003ee951    00000014     CSMON_C28xx.lib : hmlib.obj (.text:_HMLIB_vProcessFastTD)
                  003ee965    00000014                     : hmmodbus.obj (.text:_HMMODBUS_DelayedTx)
                  003ee979    00000014                     : hmrecparam.obj (.text:_HMRECPRM_StopRecParam)
                  003ee98d    00000014                     : hmserial.obj (.text:_HMSERIAL_DelayedTx)
                  003ee9a1    00000013                     : csmon.obj (.text:_CSMON_eSetFlagProcessPassed)
                  003ee9b4    00000013                     : hmmodbus.obj (.text:_HMMODBUS_vSetupQueueRegistersAddressTable)
                  003ee9c7    00000013     rts2800_ml.lib : ul_tofs28.asm.obj (.text)
                  003ee9da    00000012     CSMON_C28xx.lib : hmdrv.obj (.text:_HMDRV_GetStringLengthFromWordInternal)
                  003ee9ec    00000012                     : hmrecparam.obj (.text:_HMRECPRM_CompareBOOL)
                  003ee9fe    00000012                     : modbusreg.obj (.text:_MODBUSREG_vFileDenyAccess)
                  003eea10    00000012                     : modbusreg.obj (.text:_MODBUSREG_vInitHoldingRegistersTableChanges)
                  003eea22    00000012                     : uart_drv.obj (.text:_UART_TxIntDis)
                  003eea34    00000012                     : uart_drv.obj (.text:_UART_TxIntEna)
                  003eea46    00000011                     : csmon.obj (.text:_CSMON_eApplyParameterChanges)
                  003eea57    00000011     main.obj (.text:_CSMON_vSetDateTime)
                  003eea68    00000011     CSMON_C28xx.lib : hmserial.obj (.text:_HMSERIAL_vInit)
                  003eea79    00000011     F2806x_PieVect.obj (.text:_InitPieVectTable)
                  003eea8a    00000011     main.obj (.text:_vSetWatchdogPrescalerTimeDiv)
                  003eea9b    00000011     rts2800_ml.lib : args_main.c.obj (.text)
                  003eeaac    00000010     device.obj (.text:_Example_MemCopy)
                  003eeabc    00000010     CSMON_C28xx.lib : hmlib.obj (.text:_HMLIB_vInitRecParamBuff)
                  003eeacc    00000010                     : hmmodbus.obj (.text:_HMMODBUS_vSetupRegisterDummy)
                  003eeadc    00000010     F2806x_SysCtrl.obj (.text:_IntOsc1Sel)
                  003eeaec    00000010     CSMON_C28xx.lib : hmmodbus.obj (.text:_bIsValidEndAddressInBuffer)
                  003eeafc    00000010                     : hmmodbus.obj (.text:_u32BytesMemoryToBytesModbus)
                  003eeb0c    00000010                     : hmmodbus.obj (.text:_u32BytesModbusToBytesMemory)
                  003eeb1c    00000010     main.obj (.text:_vGetWatchdogPrescaler)
                  003eeb2c    00000010     rts2800_ml.lib : u_tofs28.asm.obj (.text)
                  003eeb3c    0000000f     CSMON_C28xx.lib : hmlib.obj (.text:_HMLIB_GetRecBuffAddress)
                  003eeb4b    0000000f                     : hmlib.obj (.text:_HMLIB_vProcessRecorders)
                  003eeb5a    0000000f                     : hmmodbus.obj (.text:_HMMODBUS_CalcCRC)
                  003eeb69    0000000f                     : uart_drv.obj (.text:_UART_IsTxEmpty)
                  003eeb78    0000000e                     : hmdrv.obj (.text:_HMDRV_GetStringLengthInternal)
                  003eeb86    0000000e                     : hmlib.obj (.text:_HMLIB_GetRecBufferSize)
                  003eeb94    0000000e                     : hmlib.obj (.text:_HMLIB_GetRecSampleSize)
                  003eeba2    0000000e                     : hmrecparam.obj (.text:_HMRECPRM_Compare16S)
                  003eebb0    0000000e                     : hmrecparam.obj (.text:_HMRECPRM_Compare16U)
                  003eebbe    0000000e                     : hmrecparam.obj (.text:_HMRECPRM_Compare32S)
                  003eebcc    0000000e                     : hmrecparam.obj (.text:_HMRECPRM_Compare32U)
                  003eebda    0000000e                     : hmrecparam.obj (.text:_HMRECPRM_Compare8S)
                  003eebe8    0000000e                     : hmrecparam.obj (.text:_HMRECPRM_Compare8U)
                  003eebf6    0000000e                     : hmrec.obj (.text:_HMREC_Compare16S)
                  003eec04    0000000e                     : hmrec.obj (.text:_HMREC_Compare16U)
                  003eec12    0000000e                     : hmrec.obj (.text:_HMREC_Compare32S)
                  003eec20    0000000e                     : hmrec.obj (.text:_HMREC_Compare32U)
                  003eec2e    0000000e                     : hmrec.obj (.text:_HMREC_Compare8S)
                  003eec3c    0000000e                     : hmrec.obj (.text:_HMREC_Compare8U)
                  003eec4a    0000000e                     : hmmodbus.obj (.text:_u32FitAddressCircleBufferInside)
                  003eec58    0000000e     rts2800_ml.lib : fd_sub28.asm.obj (.text)
                  003eec66    0000000d     CSMON_C28xx.lib : hmdrv.obj (.text:_HMDRV_CopyFromBufferInternalSingleCoil)
                  003eec73    0000000d                     : hmrecparam.obj (.text:_HMRECPRM_IsJustStopped)
                  003eec80    0000000d                     : hmrecparam.obj (.text:_HMRECPRM_StopRec)
                  003eec8d    0000000d                     : hmrec.obj (.text:_HMREC_StopRec)
                  003eec9a    0000000d                     : modbusreg.obj (.text:_MODBUSREG_vFileAllowAccess)
                  003eeca7    0000000d     tmr_drv.obj (.text:_TIMER_vSetupTimerMainFunctionDelayCompare)
                  003eecb4    0000000d     CSMON_C28xx.lib : uart_drv.obj (.text:_UART_ReadDataRxAvailable)
                  003eecc1    0000000c                     : hmdrv.obj (.text:_HMDRV_CopyToBufferInternalSingleCoil)
                  003eeccd    0000000c                     : hmlib.obj (.text:_HMLIB_vProcess)
                  003eecd9    0000000c                     : hmrecparam.obj (.text:_HMRECPRM_GetBufferRecParamPtrAddress)
                  003eece5    0000000c                     : hmrecparam.obj (.text:_HMRECPRM_TriggerRec)
                  003eecf1    0000000c                     : hmmodbus.obj (.text:_u32FixAddressCircleBufferOverflow)
                  003eecfd    0000000c     rts2800_ml.lib : epilog28.asm.obj (.text)
                  003eed09    0000000b     CSMON_C28xx.lib : hmmodbus.obj (.text:_HMMODBUS_vProcessFastTD)
                  003eed14    0000000b                     : hmrecparam.obj (.text:_HMRECPRM_IsRunning)
                  003eed1f    0000000b                     : hmrecparam.obj (.text:_HMRECPRM_vResetAllStopDetections)
                  003eed2a    0000000b                     : hmserial.obj (.text:_HMSERIAL_vProcessFastTD)
                  003eed35    0000000b                     : modbusreg.obj (.text:_MODBUSREG_vDataZero)
                  003eed40    0000000b     sci_driver.obj (.text:_SCI_DRV_eGetModuleIndexFromBase)
                  003eed4b    0000000b     sci_drv.obj (.text:_SCI_eGetModuleIndexFromBase)
                  003eed56    0000000b     tmr_drv.obj (.text:_TMR1_ISR)
                  003eed61    0000000b     CSMON_C28xx.lib : uart_drv.obj (.text:_UART_TxDis)
                  003eed6c    0000000b                     : uart_drv.obj (.text:_UART_TxEna)
                  003eed77    0000000b                     : hmmodbus.obj (.text:_bIsValidIndexFileTable)
                  003eed82    0000000b     rts2800_ml.lib : u_div28.asm.obj (.text)
                  003eed8d    0000000a     CSMON_C28xx.lib : csmon.obj (.text:_CSMON_eResetParameterTable)
                  003eed97    0000000a                     : hmrecparam.obj (.text:_HMRECPRM_ClrLastStopDetectionToRecorderStopSamplesCounter)
                  003eeda1    0000000a                     : hmrecparam.obj (.text:_HMRECPRM_GetRecStatus)
                  003eedab    0000000a                     : hmrec.obj (.text:_HMREC_GetRecStatus)
                  003eedb5    00000009                     : csmon.obj (.text:_CSMON_eSetServerOnStatus)
                  003eedbe    00000009                     : hmmodbus.obj (.text:_HMMODBUS_vProcessFreeTimer)
                  003eedc7    00000009                     : hmmodbus.obj (.text:_HMMODBUS_vProcessRxDelay)
                  003eedd0    00000009                     : hmrecparam.obj (.text:_HMRECPRM_GetExternBufferRecParamLastPointedAddress)
                  003eedd9    00000009                     : hmrecparam.obj (.text:_HMRECPRM_GetExternBufferRecParamPtrAddress)
                  003eede2    00000009                     : hmrecparam.obj (.text:_HMRECPRM_vDisableAllStopDetections)
                  003eedeb    00000009                     : hmrec.obj (.text:_HMREC_TriggerRec)
                  003eedf4    00000009                     : hmscopeparam.obj (.text:_HMSCOPEPRM_GetBufferScopeParamAddress)
                  003eedfd    00000009                     : hmserial.obj (.text:_HMSERIAL_vProcessFreeTimer)
                  003eee06    00000009     tmr_drv.obj (.text:_TIMER_vResetTimerMainFunctionDelayCounter)
                  003eee0f    00000009     tmr_drv.obj (.text:_TIMER_vSetupTimerMainDelayedFunctionSendData)
                  003eee18    00000009     CSMON_C28xx.lib : uart_drv.obj (.text:_UART_PutChar)
                  003eee21    00000009                     : uart_drv.obj (.text:_UART_ReadDataRxTimeDiff)
                  003eee2a    00000009     rts2800_ml.lib : _lock.c.obj (.text)
                  003eee33    00000009                    : fd_neg28.asm.obj (.text)
                  003eee3c    00000008     Example_Flash2806x_CsmKeys.obj (.text)
                  003eee44    00000008     F2806x_CodeStartBranch.obj (.text)
                  003eee4c    00000008     CSMON_C28xx.lib : csmon.obj (.text:_CSMON_u32GetParameterAuxCheckSum)
                  003eee54    00000008                     : csmon.obj (.text:_CSMON_vInitScopes)
                  003eee5c    00000008     F2806x_SysCtrl.obj (.text:_DisableDog)
                  003eee64    00000008     CSMON_C28xx.lib : hmdrv.obj (.text:_HMDRV_CopyFromBufferWithMaskModbus)
                  003eee6c    00000008                     : hmmodbus.obj (.text:_HMMODBUS_vSetupHoldingRegistersAddressTable)
                  003eee74    00000008                     : hmrecparam.obj (.text:_HMRECPRM_GetExternRecParamAddress)
                  003eee7c    00000008                     : hmrecparam.obj (.text:_HMRECPRM_GetExternRecParamPtrMaximumUsedSampleCount)
                  003eee84    00000008                     : hmrecparam.obj (.text:_HMRECPRM_GetExternRecParamPtrSampleSize)
                  003eee8c    00000008                     : hmrecparam.obj (.text:_HMRECPRM_GetRecParamPtrAvailableSampleCount)
                  003eee94    00000008                     : hmrecparam.obj (.text:_HMRECPRM_GetRecParamPtrLastSampleIndex)
                  003eee9c    00000008                     : hmrecparam.obj (.text:_HMRECPRM_GetRecParamPtrMaximumUsedSampleCount)
                  003eeea4    00000008                     : hmrecparam.obj (.text:_HMRECPRM_GetRecParamPtrSampleSize)
                  003eeeac    00000008                     : hmrecparam.obj (.text:_HMRECPRM_GetStatusInternalRecParamAddress)
                  003eeeb4    00000008                     : hmrecparam.obj (.text:_HMRECPRM_GetStatusRecParamAddress)
                  003eeebc    00000008                     : hmrecparam.obj (.text:_HMRECPRM_vInit)
                  003eeec4    00000008                     : hmrec.obj (.text:_HMREC_vInit)
                  003eeecc    00000007     F2806x_DisInt.obj (.text)
                  003eeed3    00000007     CSMON_C28xx.lib : hmlib.obj (.text:_HMLIB_vProcessDifferentPorts)
                  003eeeda    00000007                     : hmscopeparam.obj (.text:_HMSCOPEPRM_GetStatusScopeParamAddress)
                  003eeee1    00000007     sci_driver.obj (.text:_SCI_DRV_u32GetBaseFromModuleIndex)
                  003eeee8    00000007     sci_drv.obj (.text:_SCI_u32GetBaseFromModuleIndex)
                  003eeeef    00000006     cputimer.obj (.text:_CPUTimer_setEmulationMode)
                  003eeef5    00000006     CSMON_C28xx.lib : hmmodbus.obj (.text:_HMMODBUS_vSetupActiveQueueIndex)
                  003eeefb    00000006                     : hmmodbus.obj (.text:_HMMODBUS_vSetupCoilDummy)
                  003eef01    00000006                     : hmmodbus.obj (.text:_HMMODBUS_vSetupHoldingCoilsAddressTable)
                  003eef07    00000006                     : hmmodbus.obj (.text:_HMMODBUS_vSetupHoldingRegistersAddressTableInRam)
                  003eef0d    00000006                     : hmmodbus.obj (.text:_HMMODBUS_vSetupInputCoilsAddressTable)
                  003eef13    00000006                     : hmmodbus.obj (.text:_HMMODBUS_vSetupInputRegistersAddressTable)
                  003eef19    00000006                     : hmmodbus.obj (.text:_HMMODBUS_vSetupInputRegistersAddressTableInRam)
                  003eef1f    00000006                     : hmrecparam.obj (.text:_HMRECPRM_SetUpRecBuff)
                  003eef25    00000006                     : hmrec.obj (.text:_HMREC_SetUpRecBuff)
                  003eef2b    00000006     tmr_drv.obj (.text:_TIMER_u16ResetTimerMainPeriod)
                  003eef31    00000006     uart_driver.obj (.text:_UART_DRV_GetChar)
                  003eef37    00000006     CSMON_C28xx.lib : uart_drv.obj (.text:_UART_GetChar)
                  003eef3d    00000005     F2806x_DefaultIsr.obj (.text:_ADCINT1_ISR)
                  003eef42    00000005     F2806x_DefaultIsr.obj (.text:_ADCINT2_ISR)
                  003eef47    00000005     F2806x_DefaultIsr.obj (.text:_ADCINT3_ISR)
                  003eef4c    00000005     F2806x_DefaultIsr.obj (.text:_ADCINT4_ISR)
                  003eef51    00000005     F2806x_DefaultIsr.obj (.text:_ADCINT5_ISR)
                  003eef56    00000005     F2806x_DefaultIsr.obj (.text:_ADCINT6_ISR)
                  003eef5b    00000005     F2806x_DefaultIsr.obj (.text:_ADCINT7_ISR)
                  003eef60    00000005     F2806x_DefaultIsr.obj (.text:_ADCINT8_ISR)
                  003eef65    00000005     F2806x_DefaultIsr.obj (.text:_ADCINT9_ISR)
                  003eef6a    00000005     F2806x_DefaultIsr.obj (.text:_CLA1_INT1_ISR)
                  003eef6f    00000005     F2806x_DefaultIsr.obj (.text:_CLA1_INT2_ISR)
                  003eef74    00000005     F2806x_DefaultIsr.obj (.text:_CLA1_INT3_ISR)
                  003eef79    00000005     F2806x_DefaultIsr.obj (.text:_CLA1_INT4_ISR)
                  003eef7e    00000005     F2806x_DefaultIsr.obj (.text:_CLA1_INT5_ISR)
                  003eef83    00000005     F2806x_DefaultIsr.obj (.text:_CLA1_INT6_ISR)
                  003eef88    00000005     F2806x_DefaultIsr.obj (.text:_CLA1_INT7_ISR)
                  003eef8d    00000005     F2806x_DefaultIsr.obj (.text:_CLA1_INT8_ISR)
                  003eef92    00000005     CSMON_C28xx.lib : csmon.obj (.text:_CSMON_eSetAutoServiceWatchdogInternalSlowCalculationsInMainLoop)
                  003eef97    00000005                     : csmon.obj (.text:_CSMON_eSetFirmwareApplicationVersion)
                  003eef9c    00000005                     : csmon.obj (.text:_CSMON_eSetMaxTimeInISR)
                  003eefa1    00000005                     : csmon.obj (.text:_CSMON_eSetMinGuaranteedTimeBetweenTwoISRs)
                  003eefa6    00000005                     : csmon.obj (.text:_CSMON_u16ParametersAccessListIndexGenerate)
                  003eefab    00000005                     : csmon.obj (.text:_CSMON_u32GetFreeRunningTimerTicks)
                  003eefb0    00000005                     : csmon.obj (.text:_CSMON_vSetDateTimeRequest)
                  003eefb5    00000005     F2806x_DefaultIsr.obj (.text:_DATALOG_ISR)
                  003eefba    00000005     F2806x_DefaultIsr.obj (.text:_DINTCH1_ISR)
                  003eefbf    00000005     F2806x_DefaultIsr.obj (.text:_DINTCH2_ISR)
                  003eefc4    00000005     F2806x_DefaultIsr.obj (.text:_DINTCH3_ISR)
                  003eefc9    00000005     F2806x_DefaultIsr.obj (.text:_DINTCH4_ISR)
                  003eefce    00000005     F2806x_DefaultIsr.obj (.text:_DINTCH5_ISR)
                  003eefd3    00000005     F2806x_DefaultIsr.obj (.text:_DINTCH6_ISR)
                  003eefd8    00000005     F2806x_DefaultIsr.obj (.text:_ECAN0INTA_ISR)
                  003eefdd    00000005     F2806x_DefaultIsr.obj (.text:_ECAN1INTA_ISR)
                  003eefe2    00000005     F2806x_DefaultIsr.obj (.text:_ECAP1_INT_ISR)
                  003eefe7    00000005     F2806x_DefaultIsr.obj (.text:_ECAP2_INT_ISR)
                  003eefec    00000005     F2806x_DefaultIsr.obj (.text:_ECAP3_INT_ISR)
                  003eeff1    00000005     F2806x_DefaultIsr.obj (.text:_EMPTY_ISR)
                  003eeff6    00000005     F2806x_DefaultIsr.obj (.text:_EMUINT_ISR)
                  003eeffb    00000005     F2806x_DefaultIsr.obj (.text:_EPWM1_INT_ISR)
                  003ef000    00000005     F2806x_DefaultIsr.obj (.text:_EPWM1_TZINT_ISR)
                  003ef005    00000005     F2806x_DefaultIsr.obj (.text:_EPWM2_INT_ISR)
                  003ef00a    00000005     F2806x_DefaultIsr.obj (.text:_EPWM2_TZINT_ISR)
                  003ef00f    00000005     F2806x_DefaultIsr.obj (.text:_EPWM3_INT_ISR)
                  003ef014    00000005     F2806x_DefaultIsr.obj (.text:_EPWM3_TZINT_ISR)
                  003ef019    00000005     F2806x_DefaultIsr.obj (.text:_EPWM4_INT_ISR)
                  003ef01e    00000005     F2806x_DefaultIsr.obj (.text:_EPWM4_TZINT_ISR)
                  003ef023    00000005     F2806x_DefaultIsr.obj (.text:_EPWM5_INT_ISR)
                  003ef028    00000005     F2806x_DefaultIsr.obj (.text:_EPWM5_TZINT_ISR)
                  003ef02d    00000005     F2806x_DefaultIsr.obj (.text:_EPWM6_INT_ISR)
                  003ef032    00000005     F2806x_DefaultIsr.obj (.text:_EPWM6_TZINT_ISR)
                  003ef037    00000005     F2806x_DefaultIsr.obj (.text:_EPWM7_INT_ISR)
                  003ef03c    00000005     F2806x_DefaultIsr.obj (.text:_EPWM7_TZINT_ISR)
                  003ef041    00000005     F2806x_DefaultIsr.obj (.text:_EPWM8_INT_ISR)
                  003ef046    00000005     F2806x_DefaultIsr.obj (.text:_EPWM8_TZINT_ISR)
                  003ef04b    00000005     F2806x_DefaultIsr.obj (.text:_EQEP1_INT_ISR)
                  003ef050    00000005     F2806x_DefaultIsr.obj (.text:_EQEP2_INT_ISR)
                  003ef055    00000005     CSMON_C28xx.lib : hmlib.obj (.text:_HMLIB_vProcessSamePort)
                  003ef05a    00000005                     : hmlib.obj (.text:_HMLIB_vRecorder0)
                  003ef05f    00000005                     : hmlib.obj (.text:_HMLIB_vRecorder1)
                  003ef064    00000005                     : hmlib.obj (.text:_HMLIB_vRecorder2)
                  003ef069    00000005                     : hmmodbus.obj (.text:_HMMODBUS_bGetReceivedMessage)
                  003ef06e    00000005                     : hmmodbus.obj (.text:_HMMODBUS_vFileTable)
                  003ef073    00000005                     : hmmodbus.obj (.text:_HMMODBUS_vSetupHoldingCoilsAddressTableInRam)
                  003ef078    00000005                     : hmmodbus.obj (.text:_HMMODBUS_vSetupInputCoilsAddressTableInRam)
                  003ef07d    00000005     F2806x_DefaultIsr.obj (.text:_HRCAP1_INT_ISR)
                  003ef082    00000005     F2806x_DefaultIsr.obj (.text:_HRCAP2_INT_ISR)
                  003ef087    00000005     F2806x_DefaultIsr.obj (.text:_HRCAP3_INT_ISR)
                  003ef08c    00000005     F2806x_DefaultIsr.obj (.text:_HRCAP4_INT_ISR)
                  003ef091    00000005     F2806x_DefaultIsr.obj (.text:_I2CINT1A_ISR)
                  003ef096    00000005     F2806x_DefaultIsr.obj (.text:_I2CINT2A_ISR)
                  003ef09b    00000005     F2806x_DefaultIsr.obj (.text:_ILLEGAL_ISR)
                  003ef0a0    00000005     F2806x_DefaultIsr.obj (.text:_INT13_ISR)
                  003ef0a5    00000005     F2806x_DefaultIsr.obj (.text:_INT14_ISR)
                  003ef0aa    00000005     interrupt.obj (.text:_IntDefaultHandler)
                  003ef0af    00000005     F2806x_DefaultIsr.obj (.text:_LUF_ISR)
                  003ef0b4    00000005     F2806x_DefaultIsr.obj (.text:_LVF_ISR)
                  003ef0b9    00000005     F2806x_DefaultIsr.obj (.text:_MRINTA_ISR)
                  003ef0be    00000005     F2806x_DefaultIsr.obj (.text:_MXINTA_ISR)
                  003ef0c3    00000005     F2806x_DefaultIsr.obj (.text:_NMI_ISR)
                  003ef0c8    00000005     F2806x_DefaultIsr.obj (.text:_PIE_RESERVED)
                  003ef0cd    00000005     F2806x_DefaultIsr.obj (.text:_RTOSINT_ISR)
                  003ef0d2    00000005     F2806x_DefaultIsr.obj (.text:_SCIRXINTA_ISR)
                  003ef0d7    00000005     F2806x_DefaultIsr.obj (.text:_SCIRXINTB_ISR)
                  003ef0dc    00000005     F2806x_DefaultIsr.obj (.text:_SCITXINTA_ISR)
                  003ef0e1    00000005     F2806x_DefaultIsr.obj (.text:_SCITXINTB_ISR)
                  003ef0e6    00000005     F2806x_DefaultIsr.obj (.text:_SPIRXINTA_ISR)
                  003ef0eb    00000005     F2806x_DefaultIsr.obj (.text:_SPIRXINTB_ISR)
                  003ef0f0    00000005     F2806x_DefaultIsr.obj (.text:_SPITXINTA_ISR)
                  003ef0f5    00000005     F2806x_DefaultIsr.obj (.text:_SPITXINTB_ISR)
                  003ef0fa    00000005     tmr_drv.obj (.text:_TIMER_vSetupTimerMainDelayedData)
                  003ef0ff    00000005     F2806x_DefaultIsr.obj (.text:_TINT0_ISR)
                  003ef104    00000005     F2806x_DefaultIsr.obj (.text:_USB0_INT_ISR)
                  003ef109    00000005     F2806x_DefaultIsr.obj (.text:_USER10_ISR)
                  003ef10e    00000005     F2806x_DefaultIsr.obj (.text:_USER11_ISR)
                  003ef113    00000005     F2806x_DefaultIsr.obj (.text:_USER12_ISR)
                  003ef118    00000005     F2806x_DefaultIsr.obj (.text:_USER1_ISR)
                  003ef11d    00000005     F2806x_DefaultIsr.obj (.text:_USER2_ISR)
                  003ef122    00000005     F2806x_DefaultIsr.obj (.text:_USER3_ISR)
                  003ef127    00000005     F2806x_DefaultIsr.obj (.text:_USER4_ISR)
                  003ef12c    00000005     F2806x_DefaultIsr.obj (.text:_USER5_ISR)
                  003ef131    00000005     F2806x_DefaultIsr.obj (.text:_USER6_ISR)
                  003ef136    00000005     F2806x_DefaultIsr.obj (.text:_USER7_ISR)
                  003ef13b    00000005     F2806x_DefaultIsr.obj (.text:_USER8_ISR)
                  003ef140    00000005     F2806x_DefaultIsr.obj (.text:_USER9_ISR)
                  003ef145    00000005     F2806x_DefaultIsr.obj (.text:_WAKEINT_ISR)
                  003ef14a    00000005     F2806x_DefaultIsr.obj (.text:_XINT1_ISR)
                  003ef14f    00000005     F2806x_DefaultIsr.obj (.text:_XINT2_ISR)
                  003ef154    00000005     F2806x_DefaultIsr.obj (.text:_XINT3_ISR)
                  003ef159    00000005     F2806x_DefaultIsr.obj (.text:_rsvd_ISR)
                  003ef15e    00000005     rts2800_ml.lib : fs_neg28.asm.obj (.text)
                  003ef163    00000004     CSMON_C28xx.lib : csmon.obj (.text:_CSMON_eRegisterWriteParElementCallbackFunction)
                  003ef167    00000004                     : csmon.obj (.text:_CSMON_eSetInternalTimerPeriod)
                  003ef16b    00000004                     : csmon.obj (.text:_CSMON_eSetTimerPeriodISRFunctionRegister)
                  003ef16f    00000004                     : csmon.obj (.text:_CSMON_u32GetBaudError_PPM)
                  003ef173    00000004                     : csmon.obj (.text:_CSMON_vAddSetupRecorderParameterMask)
                  003ef177    00000004                     : csmon.obj (.text:_CSMON_vSetStartRecorderParameterMask)
                  003ef17b    00000004                     : hmdrv.obj (.text:_HMDRV_SetExAddr)
                  003ef17f    00000004                     : hmdrv.obj (.text:_HMDRV_u32GetDeviceSYSCLKFreq)
                  003ef183    00000004                     : hmdrv.obj (.text:_HMDRV_u32GetSCIErrorPPM)
                  003ef187    00000004                     : hmlib.obj (.text:_HMLIB_vRecorderParam0)
                  003ef18b    00000004                     : hmlib.obj (.text:_HMLIB_vRecorderParam1)
                  003ef18f    00000004                     : hmlib.obj (.text:_HMLIB_vRecorderParam2)
                  003ef193    00000004                     : hmmodbus.obj (.text:_HMMODBUS_u32GetAddressMessageCounterThisDevice)
                  003ef197    00000004                     : hmmodbus.obj (.text:_HMMODBUS_vSetDeviceIDMajorMinorRevision)
                  003ef19b    00000004                     : hmmodbus.obj (.text:_HMMODBUS_vSetDeviceIDMajorMinorRevisionLength)
                  003ef19f    00000004                     : hmmodbus.obj (.text:_HMMODBUS_vSetDeviceIDModelName)
                  003ef1a3    00000004                     : hmmodbus.obj (.text:_HMMODBUS_vSetDeviceIDModelNameLength)
                  003ef1a7    00000004                     : hmmodbus.obj (.text:_HMMODBUS_vSetDeviceIDProductCode)
                  003ef1ab    00000004                     : hmmodbus.obj (.text:_HMMODBUS_vSetDeviceIDProductCodeLength)
                  003ef1af    00000004                     : hmmodbus.obj (.text:_HMMODBUS_vSetDeviceIDProductName)
                  003ef1b3    00000004                     : hmmodbus.obj (.text:_HMMODBUS_vSetDeviceIDProductNameLength)
                  003ef1b7    00000004                     : hmmodbus.obj (.text:_HMMODBUS_vSetDeviceIDUserApplicationName)
                  003ef1bb    00000004                     : hmmodbus.obj (.text:_HMMODBUS_vSetDeviceIDUserApplicationNameLength)
                  003ef1bf    00000004                     : hmmodbus.obj (.text:_HMMODBUS_vSetDeviceIDUserReserve0)
                  003ef1c3    00000004                     : hmmodbus.obj (.text:_HMMODBUS_vSetDeviceIDUserReserve0Length)
                  003ef1c7    00000004                     : hmmodbus.obj (.text:_HMMODBUS_vSetDeviceIDUserReserve1)
                  003ef1cb    00000004                     : hmmodbus.obj (.text:_HMMODBUS_vSetDeviceIDUserReserve1Length)
                  003ef1cf    00000004                     : hmmodbus.obj (.text:_HMMODBUS_vSetDeviceIDUserReserve2)
                  003ef1d3    00000004                     : hmmodbus.obj (.text:_HMMODBUS_vSetDeviceIDUserReserve2Length)
                  003ef1d7    00000004                     : hmmodbus.obj (.text:_HMMODBUS_vSetDeviceIDVendorName)
                  003ef1db    00000004                     : hmmodbus.obj (.text:_HMMODBUS_vSetDeviceIDVendorNameLength)
                  003ef1df    00000004                     : hmmodbus.obj (.text:_HMMODBUS_vSetDeviceIDVendorUrl)
                  003ef1e3    00000004                     : hmmodbus.obj (.text:_HMMODBUS_vSetDeviceIDVendorUrlLength)
                  003ef1e7    00000004                     : hmmodbus.obj (.text:_HMMODBUS_vSetServerIDDataAddress)
                  003ef1eb    00000004                     : hmmodbus.obj (.text:_HMMODBUS_vSetServerIDLength)
                  003ef1ef    00000004                     : hmmodbus.obj (.text:_HMMODBUS_vSetServerIDNumber)
                  003ef1f3    00000004                     : hmmodbus.obj (.text:_HMMODBUS_vSetServerOnStatus)
                  003ef1f7    00000004                     : hmmodbus.obj (.text:_HMMODBUS_vSetupWriteParElementCallbackFunction)
                  003ef1fb    00000004     interrupt.obj (.text:_IntMasterDisable)
                  003ef1ff    00000004     interrupt.obj (.text:_IntMasterEnable)
                  003ef203    00000004     CSMON_C28xx.lib : modbusreg.obj (.text:_MODBUSREG_u16GetHoldRegFillCount)
                  003ef207    00000004                     : modbusreg.obj (.text:_MODBUSREG_u32GetHoldingCoilAddressTable)
                  003ef20b    00000004                     : modbusreg.obj (.text:_MODBUSREG_u32GetHoldingCoilAddressTableInRam)
                  003ef20f    00000004                     : modbusreg.obj (.text:_MODBUSREG_u32GetInputCoilAddressTable)
                  003ef213    00000004                     : modbusreg.obj (.text:_MODBUSREG_u32GetInputCoilAddressTableInRam)
                  003ef217    00000004                     : modbusreg.obj (.text:_MODBUSREG_u32GetInputRegisterAccessTableInRam)
                  003ef21b    00000004                     : modbusreg.obj (.text:_MODBUSREG_u32GetInputRegisterAddressTable)
                  003ef21f    00000004                     : modbusreg.obj (.text:_MODBUSREG_u32GetRegisterAccessTableInRam)
                  003ef223    00000004                     : modbusreg.obj (.text:_MODBUSREG_u32GetRegisterAddressTable)
                  003ef227    00000004                     : modbusreg.obj (.text:_MODBUSREG_u32GetRegisterAddressTableInRam)
                  003ef22b    00000004                     : modbusreg.obj (.text:_MODBUSREG_vSetFileAutorization_FunctionAfterWriteFileRecordTable)
                  003ef22f    00000004                     : modbusreg.obj (.text:_MODBUSREG_vSetFileParamCount_FunctionBeforeReadFileRecord)
                  003ef233    00000004                     : modbusreg.obj (.text:_MODBUSREG_vSetFileRTC_FunctionAfterReadFileRecord)
                  003ef237    00000004                     : modbusreg.obj (.text:_MODBUSREG_vSetFileRTC_FunctionAfterWriteFileRecord)
                  003ef23b    00000004                     : modbusreg.obj (.text:_MODBUSREG_vSetFileRecConfig_FunctionAfterWriteFileRecord)
                  003ef23f    00000004                     : modbusreg.obj (.text:_MODBUSREG_vSetFileRecStatus_FunctionIndexGenerationFileRecord)
                  003ef243    00000004                     : modbusreg.obj (.text:_MODBUSREG_vSetParamCount)
                  003ef247    00000004                     : modbusreg.obj (.text:_MODBUSREG_vSetParamListAddress)
                  003ef24b    00000004                     : modbusreg.obj (.text:_MODBUSREG_vSetParamNameAddress)
                  003ef24f    00000004                     : modbusreg.obj (.text:_MODBUSREG_vSetParamNumbAddress)
                  003ef253    00000004                     : modbusreg.obj (.text:_MODBUSREG_vSetParamRecorderConfigAddress)
                  003ef257    00000004                     : modbusreg.obj (.text:_MODBUSREG_vSetParamReservedAddress)
                  003ef25b    00000004                     : modbusreg.obj (.text:_MODBUSREG_vSetParamScopeConfigAddress)
                  003ef25f    00000004                     : modbusreg.obj (.text:_MODBUSREG_vSetParamStringAddress)
                  003ef263    00000004     tmr_drv.obj (.text:_TIMER_vGetTimerMainRollingCounter)
                  003ef267    00000004     tmr_drv.obj (.text:_TIMER_vSetupTimerMainCSMONFunction)
                  003ef26b    00000004     tmr_drv.obj (.text:_TMR_u16GetFreeRunTimerPrescaller)
                  003ef26f    00000004     CSMON_C28xx.lib : hmmodbus.obj (.text:_bGetElementsDifference)
                  003ef273    00000004                     : hmmodbus.obj (.text:_u16GetIndexFileTable)
                  003ef277    00000004                     : hmmodbus.obj (.text:_u32GetBufferAddressStart)
                  003ef27b    00000004                     : hmmodbus.obj (.text:_u32GetBufferSize)
                  003ef27f    00000004                     : hmmodbus.obj (.text:_u32GetSampleCountAvailable)
                  003ef283    00000004                     : hmmodbus.obj (.text:_u32GetSampleCountBuffer)
                  003ef287    00000004                     : hmmodbus.obj (.text:_u32GetStartSampleIndex)
                  003ef28b    00000004                     : hmmodbus.obj (.text:_u8GetSampleSize)
                  003ef28f    00000004                     : hmmodbus.obj (.text:_vSetBufferSize)
                  003ef293    00000003     F2806x_DBGIER.obj (.text)
                  003ef296    00000003     CSMON_C28xx.lib : csmon.obj (.text:_CSMON_eSetParameter)
                  003ef299    00000003                     : csmon.obj (.text:_CSMON_u32GetModbusMessageCounterRegisterRealAddress)
                  003ef29c    00000003                     : hmlib.obj (.text:_HMLIB_vRecorderParamTimeSync)
                  003ef29f    00000003                     : hmrecparam.obj (.text:_HMRECPRM_GetTimeBase)
                  003ef2a2    00000003                     : modbusreg.obj (.text:_MODBUSREG_u32GetAddressMessageCounterThisDevice)
                  003ef2a5    00000003                     : uart_drv.obj (.text:_UART_TXInterrupt)
                  003ef2a8    00000002                     : hmrecparam.obj (.text:_HMRECPRM_AbortRec)
                  003ef2aa    00000002                     : hmrecparam.obj (.text:_HMRECPRM_GetRecBuffSize)
                  003ef2ac    00000002                     : hmrec.obj (.text:_HMREC_AbortRec)
                  003ef2ae    00000002                     : hmrec.obj (.text:_HMREC_GetRecBuffSize)
                  003ef2b0    00000002                     : modbusreg.obj (.text:_MODBUSREG_u16GetHoldingCoilUsedCount)
                  003ef2b2    00000002                     : modbusreg.obj (.text:_MODBUSREG_u16GetInputCoilUsedCount)
                  003ef2b4    00000002                     : modbusreg.obj (.text:_MODBUSREG_u16GetInputRegisterUsedCount)
                  003ef2b6    00000002     main.obj (.text:_eWriteParElement)
                  003ef2b8    00000002     rts2800_ml.lib : pre_init.c.obj (.text)
                  003ef2ba    00000001     CSMON_C28xx.lib : hmprotocol.obj (.text:_HMPROTOCOL_vInit)
                  003ef2bb    00000001     uart_driver.obj (.text:_UART_DRV_TXInterrupt)
                  003ef2bc    00000001     rts2800_ml.lib : startup.c.obj (.text)

ramfuncs   0    003ef2bd    00000029     RUN ADDR = 00008000
                  003ef2bd    0000001d     F2806x_SysCtrl.obj (ramfuncs:_InitFlash)
                  003ef2da    00000008     device.obj (ramfuncs:_MyCallbackFunction)
                  003ef2e2    00000004     F2806x_usDelay.obj (ramfuncs)

csm_rsvd   0    003f7f80    00000076     
                  003f7f80    00000076     F2806x_CSMPasswords.obj (csm_rsvd)

codestart 
*          0    003f7ff6    00000002     
                  003f7ff6    00000002     F2806x_CodeStartBranch.obj (codestart)

csmpasswds 
*          0    003f7ff8    00000008     
                  003f7ff8    00000008     F2806x_CSMPasswords.obj (csmpasswds)

.stack     1    00000050    00000380     UNINITIALIZED
                  00000050    00000380     --HOLE--

.econst    0    003ef2e6    00002d4e     
                  003ef2e6    00002800     main.obj (.econst:_asParameterList)
                  003f1ae6    00000100     CSMON_C28xx.lib : hmmodbus.obj (.econst:.string:_auchCRCHi)
                  003f1be6    00000100                     : hmmodbus.obj (.econst:.string:_auchCRCLo)
                  003f1ce6    00000100     F2806x_PieVect.obj (.econst:_PieVectTableInit)
                  003f1de6    00000084     rts2800_ml.lib : k_rem_pio2.c.obj (.econst:_ipio2)
                  003f1e6a    00000050     CSMON_C28xx.lib : csmon.obj (.econst:_CSMON_asAccessLevelPasswords)
                  003f1eba    0000002c     rts2800_ml.lib : k_rem_pio2.c.obj (.econst)
                  003f1ee6    00000028                    : k_cosf.c.obj (.econst)
                  003f1f0e    00000020     CSMON_C28xx.lib : short_names_dummy.obj (.econst:_CSMON_asFileParameterShortName)
                  003f1f2e    00000020     rts2800_ml.lib : k_rem_pio2.c.obj (.econst:_PIo2)
                  003f1f4e    00000020                    : k_sinf.c.obj (.econst)
                  003f1f6e    0000001c                    : e_rem_pio2f.c.obj (.econst)
                  003f1f8a    0000001c                    : s_scalbn.c.obj (.econst)
                  003f1fa6    00000018     CSMON_C28xx.lib : csmon.obj (.econst:_CSMON_uFileParameterNumeric)
                  003f1fbe    00000018     rts2800_ml.lib : s_sinf.c.obj (.econst)
                  003f1fd6    00000014     CSMON_C28xx.lib : csmon.obj (.econst:_CSMON_au8FileImplementedFunctionCodes)
                  003f1fea    00000010     main.obj (.econst)
                  003f1ffa    0000000c     CSMON_C28xx.lib : hmprotocol.obj (.econst:.string)
                  003f2006    0000000c                     : modbusreg.obj (.econst:_MODBUSREG_au32RegisterAddressTable)
                  003f2012    0000000c     rts2800_ml.lib : s_floor.c.obj (.econst)
                  003f201e    00000006     CSMON_C28xx.lib : csmon.obj (.econst:_CSMON_sFileParameterList)
                  003f2024    00000004     rts2800_ml.lib : k_rem_pio2.c.obj (.econst:_init_jk)
                  003f2028    00000003     CSMON_C28xx.lib : csmon.obj (.econst:_CSMON_au8FileParameterListElementsCountInPartTable)
                  003f202b    00000003                     : modbusreg.obj (.econst:_HMMODBUS_u32CoilAddressTable)
                  003f202e    00000003                     : modbusreg.obj (.econst:_MODBUSREG_sInputCoilAddressTable)
                  003f2031    00000003                     : modbusreg.obj (.econst:_MODBUSREG_sInputRegisterAddressTable)

.reset     0    003fffc0    00000002     DSECT
                  003fffc0    00000002     rts2800_ml.lib : boot28.asm.obj (.reset)

vectors    0    003fffc2    00000000     DSECT

DevEmuRegsFile 
*          1    00000880    00000004     UNINITIALIZED
                  00000880    00000004     F2806x_GlobalVariableDefs.obj (DevEmuRegsFile)

SysPwrCtrlRegsFile 
*          1    00000985    00000003     UNINITIALIZED
                  00000985    00000003     F2806x_GlobalVariableDefs.obj (SysPwrCtrlRegsFile)

FlashRegsFile 
*          1    00000a80    00000008     UNINITIALIZED
                  00000a80    00000008     F2806x_GlobalVariableDefs.obj (FlashRegsFile)

CsmRegsFile 
*          1    00000ae0    00000010     UNINITIALIZED
                  00000ae0    00000010     F2806x_GlobalVariableDefs.obj (CsmRegsFile)

AdcResultFile 
*          1    00000b00    00000010     UNINITIALIZED
                  00000b00    00000010     F2806x_GlobalVariableDefs.obj (AdcResultFile)

CpuTimer0RegsFile 
*          1    00000c00    00000008     UNINITIALIZED
                  00000c00    00000008     F2806x_GlobalVariableDefs.obj (CpuTimer0RegsFile)

CpuTimer1RegsFile 
*          1    00000c08    00000008     UNINITIALIZED
                  00000c08    00000008     F2806x_GlobalVariableDefs.obj (CpuTimer1RegsFile)

CpuTimer2RegsFile 
*          1    00000c10    00000008     UNINITIALIZED
                  00000c10    00000008     F2806x_GlobalVariableDefs.obj (CpuTimer2RegsFile)

PieCtrlRegsFile 
*          1    00000ce0    0000001a     UNINITIALIZED
                  00000ce0    0000001a     F2806x_GlobalVariableDefs.obj (PieCtrlRegsFile)

PieVectTableFile 
*          1    00000d00    00000100     UNINITIALIZED
                  00000d00    00000100     F2806x_GlobalVariableDefs.obj (PieVectTableFile)

EmuKeyVar 
*          1    00000d00    00000001     UNINITIALIZED
                  00000d00    00000001     F2806x_GlobalVariableDefs.obj (EmuKeyVar)

EmuBModeVar 
*          1    00000d01    00000001     UNINITIALIZED
                  00000d01    00000001     F2806x_GlobalVariableDefs.obj (EmuBModeVar)

FlashCallbackVar 
*          1    00000d02    00000002     UNINITIALIZED
                  00000d02    00000002     F2806x_GlobalVariableDefs.obj (FlashCallbackVar)

FlashScalingVar 
*          1    00000d04    00000002     UNINITIALIZED
                  00000d04    00000002     F2806x_GlobalVariableDefs.obj (FlashScalingVar)

DmaRegsFile 
*          1    00001000    000000e0     UNINITIALIZED
                  00001000    000000e0     F2806x_GlobalVariableDefs.obj (DmaRegsFile)

Cla1RegsFile 
*          1    00001400    00000040     UNINITIALIZED
                  00001400    00000040     F2806x_GlobalVariableDefs.obj (Cla1RegsFile)

Usb0RegsFile 
*          1    00004000    00000454     UNINITIALIZED
                  00004000    00000454     F2806x_GlobalVariableDefs.obj (Usb0RegsFile)

McbspaRegsFile 
*          1    00005000    00000024     UNINITIALIZED
                  00005000    00000024     F2806x_GlobalVariableDefs.obj (McbspaRegsFile)

ECanaRegsFile 
*          1    00006000    00000034     UNINITIALIZED
                  00006000    00000034     F2806x_GlobalVariableDefs.obj (ECanaRegsFile)

ECanaLAMRegsFile 
*          1    00006040    00000040     UNINITIALIZED
                  00006040    00000040     F2806x_GlobalVariableDefs.obj (ECanaLAMRegsFile)

ECanaMOTSRegsFile 
*          1    00006080    00000040     UNINITIALIZED
                  00006080    00000040     F2806x_GlobalVariableDefs.obj (ECanaMOTSRegsFile)

ECanaMOTORegsFile 
*          1    000060c0    00000040     UNINITIALIZED
                  000060c0    00000040     F2806x_GlobalVariableDefs.obj (ECanaMOTORegsFile)

ECanaMboxesFile 
*          1    00006100    00000100     UNINITIALIZED
                  00006100    00000100     F2806x_GlobalVariableDefs.obj (ECanaMboxesFile)

Comp1RegsFile 
*          1    00006400    00000014     UNINITIALIZED
                  00006400    00000014     F2806x_GlobalVariableDefs.obj (Comp1RegsFile)

Comp2RegsFile 
*          1    00006420    00000014     UNINITIALIZED
                  00006420    00000014     F2806x_GlobalVariableDefs.obj (Comp2RegsFile)

Comp3RegsFile 
*          1    00006440    00000014     UNINITIALIZED
                  00006440    00000014     F2806x_GlobalVariableDefs.obj (Comp3RegsFile)

EPwm1RegsFile 
*          1    00006800    00000040     UNINITIALIZED
                  00006800    00000040     F2806x_GlobalVariableDefs.obj (EPwm1RegsFile)

EPwm2RegsFile 
*          1    00006840    00000040     UNINITIALIZED
                  00006840    00000040     F2806x_GlobalVariableDefs.obj (EPwm2RegsFile)

EPwm3RegsFile 
*          1    00006880    00000040     UNINITIALIZED
                  00006880    00000040     F2806x_GlobalVariableDefs.obj (EPwm3RegsFile)

EPwm4RegsFile 
*          1    000068c0    00000040     UNINITIALIZED
                  000068c0    00000040     F2806x_GlobalVariableDefs.obj (EPwm4RegsFile)

EPwm5RegsFile 
*          1    00006900    00000040     UNINITIALIZED
                  00006900    00000040     F2806x_GlobalVariableDefs.obj (EPwm5RegsFile)

EPwm6RegsFile 
*          1    00006940    00000040     UNINITIALIZED
                  00006940    00000040     F2806x_GlobalVariableDefs.obj (EPwm6RegsFile)

EPwm7RegsFile 
*          1    00006980    00000040     UNINITIALIZED
                  00006980    00000040     F2806x_GlobalVariableDefs.obj (EPwm7RegsFile)

EPwm8RegsFile 
*          1    000069c0    00000040     UNINITIALIZED
                  000069c0    00000040     F2806x_GlobalVariableDefs.obj (EPwm8RegsFile)

ECap1RegsFile 
*          1    00006a00    00000020     UNINITIALIZED
                  00006a00    00000020     F2806x_GlobalVariableDefs.obj (ECap1RegsFile)

ECap2RegsFile 
*          1    00006a20    00000020     UNINITIALIZED
                  00006a20    00000020     F2806x_GlobalVariableDefs.obj (ECap2RegsFile)

ECap3RegsFile 
*          1    00006a40    00000020     UNINITIALIZED
                  00006a40    00000020     F2806x_GlobalVariableDefs.obj (ECap3RegsFile)

HRCap1RegsFile 
*          1    00006ac0    00000020     UNINITIALIZED
                  00006ac0    00000020     F2806x_GlobalVariableDefs.obj (HRCap1RegsFile)

HRCap2RegsFile 
*          1    00006ae0    00000020     UNINITIALIZED
                  00006ae0    00000020     F2806x_GlobalVariableDefs.obj (HRCap2RegsFile)

EQep1RegsFile 
*          1    00006b00    00000022     UNINITIALIZED
                  00006b00    00000022     F2806x_GlobalVariableDefs.obj (EQep1RegsFile)

EQep2RegsFile 
*          1    00006b40    00000022     UNINITIALIZED
                  00006b40    00000022     F2806x_GlobalVariableDefs.obj (EQep2RegsFile)

HRCap3RegsFile 
*          1    00006c80    00000020     UNINITIALIZED
                  00006c80    00000020     F2806x_GlobalVariableDefs.obj (HRCap3RegsFile)

HRCap4RegsFile 
*          1    00006ca0    00000020     UNINITIALIZED
                  00006ca0    00000020     F2806x_GlobalVariableDefs.obj (HRCap4RegsFile)

GpioCtrlRegsFile 
*          1    00006f80    00000040     UNINITIALIZED
                  00006f80    00000040     F2806x_GlobalVariableDefs.obj (GpioCtrlRegsFile)

GpioDataRegsFile 
*          1    00006fc0    00000020     UNINITIALIZED
                  00006fc0    00000020     F2806x_GlobalVariableDefs.obj (GpioDataRegsFile)

[...]
003eb2e2  local     $30 (.text)
003eb310  local     $35 (.text)
003eb33f  local     $40 (.text)
003eb2a1  local     $5_$2 (.text)
00000000  local     .bss (.bss)
00000000  local     .data (.data)
003eb28d  local     .text (.text)
003eb2b1  local     CHECK_SIGN1 (.text)
003eb2ec  local     CHECK_SIGN2 (.text)
003eb324  local     DGT3 (.text)
003eb326  local     DIVUDenHighZero (.text)
003eb2bb  local     EQ0 (.text)
003eb2b6  local     EQ1 (.text)
003eb2f4  local     EQ2 (.text)
003eb31f  local     EQ3 (.text)
003eb350  local     EQ4 (.text)
003eb28d  global    LL$$DIV (.text)
003eb2c9  global    LL$$MOD (.text)
003eb36f  local     LOOP (.text)
003eb35e  local     MAINDIV (.text)
003eb37d  local     MD_NEQ (.text)
003eb352  local     MODUDenHighZero (.text)
003eb2b4  local     RET1 (.text)
003eb2ef  local     RET2 (.text)
003eb31d  local     RET3 (.text)
003eb34c  local     RET4 (.text)
003eb2f1  local     RET_NUM1 (.text)
003eb34e  local     RET_NUM2 (.text)
003eb2bd  local     SDIVUDenHighZero (.text)
003eb387  local     SKIP (.text)
003eb389  local     SKIP1 (.text)
003eb2f7  local     SMODUDenHighZero (.text)
003eb303  global    ULL$$DIV (.text)
003eb332  global    ULL$$MOD (.text)


================================================================================

rts2800_ml.lib : u_div28.asm.obj

Run/Load            
Value     Binding   Name (Section)
--------  --------  ---------------
00000000  local     .bss (.bss)
00000000  local     .data (.data)
003eed82  local     .text (.text)
003eed82  global    U$$DIV (.text)
003eed87  global    U$$MOD (.text)


================================================================================

rts2800_ml.lib : u_tofd28.asm.obj

Run/Load            
Value     Binding   Name (Section)
--------  --------  ---------------
00000000  local     .bss (.bss)
00000000  local     .data (.data)
003ee8a4  local     .text (.text)
003ee8b1  local     NORMALIZE (.text)
003ee8b9  local     OP_ZERO (.text)
003ee8b3  local     PACK (.text)
003ee8b8  local     RETURN (.text)
003ee8b6  local     RETURN_VALUE (.text)
003ee8a4  global    U$$TOFD (.text)


================================================================================

rts2800_ml.lib : u_tofs28.asm.obj

Run/Load            
Value     Binding   Name (Section)
--------  --------  ---------------
00000000  local     .bss (.bss)
00000000  local     .data (.data)
003eeb2c  local     .text (.text)
003eeb3b  local     RESTORE (.text)
003eeb2c  global    U$$TOFS (.text)
003eeb3b  local     ZERO (.text)


================================================================================

rts2800_ml.lib : l_tofs28.asm.obj

Run/Load            
Value     Binding   Name (Section)
--------  --------  ---------------
00000000  local     .bss (.bss)
00000000  local     .data (.data)
003ee70a  local     .text (.text)
003ee70a  global    L$$TOFS (.text)
003ee720  local     OVERFLOW (.text)
003ee71f  local     RETURN (.text)
003ee71f  local     ZERO (.text)


================================================================================

rts2800_ml.lib : ul_tofs28.asm.obj

Run/Load            
Value     Binding   Name (Section)
--------  --------  ---------------
00000000  local     .bss (.bss)
00000000  local     .data (.data)
003ee9c7  local     .text (.text)
003ee9cf  local     LEFT_SHIFT (.text)
003ee9d1  local     PACK (.text)
003ee9d9  local     RETURN (.text)
003ee9c7  global    UL$$TOFS (.text)
003ee9d9  local     ZERO (.text)


================================================================================

rts2800_ml.lib : prolog28.asm.obj

Run/Load            
Value     Binding   Name (Section)
--------  --------  ---------------
00000000  local     .bss (.bss)
00000000  local     .data (.data)
003ee7a1  local     .text (.text)
003ee7a1  global    _prolog_c28x_1 (.text)
003ee7a5  global    _prolog_c28x_2 (.text)
003ee7ad  global    _prolog_c28x_3 (.text)


================================================================================

rts2800_ml.lib : fs_tofd28.asm.obj

Run/Load            
Value     Binding   Name (Section)
--------  --------  ---------------
00000000  local     .bss (.bss)
00000000  local     .data (.data)
003ee5c9  local     .text (.text)
003ee5c9  global    FS$$TOFD (.text)
003ee5dd  local     OVERFLOW (.text)
003ee5dc  local     RETURN (.text)
003ee5da  local     RETURN_VALUE (.text)
003ee5e3  local     UNDERFLOW (.text)


================================================================================

rts2800_ml.lib : fd_div28.asm.obj

Run/Load            
Value     Binding   Name (Section)
--------  --------  ---------------
003ec882  local     $1_$3 (.text)
003ec88d  local     $2_$3 (.text)
00000000  local     .bss (.bss)
00000000  local     .data (.data)
003ec846  local     .text (.text)
003ec89c  local     DIV_END (.text)
003ec87d  local     DIV_START (.text)
003ec846  global    FD$$DIV (.text)
003ec89f  local     NORMALIZE (.text)
003ec8c9  local     OVERFLOW (.text)
003ec8c4  local     RETURN (.text)
003ec8c2  local     RETURN_VALUE (.text)
003ec8b4  local     RND64_SET_MANT$3$ (.text)
003ec8a8  local     ROUND (.text)
003ec8cf  local     UNDERFLOW (.text)


================================================================================

rts2800_ml.lib : cpy_tbl.c.obj

Run/Load            
Value     Binding   Name (Section)
--------  --------  ---------------
003ee2ff  local     $C$L1 (.text)
003ee312  local     $C$L2 (.text)
003ee313  local     $C$L3 (.text)
00000000  local     .bss (.bss)
00000000  local     .data (.data)
003ee2f7  local     .text (.text)
003ee2f7  global    _copy_in (.text)


================================================================================

rts2800_ml.lib : memcpy.c.obj

Run/Load            
Value     Binding   Name (Section)
--------  --------  ---------------
003ee542  local     $C$L1 (.text)
003ee546  local     $C$L2 (.text)
003ee54d  local     $C$L3 (.text)
003ee54f  local     $C$L4 (.text)
003ee557  local     $C$L5 (.text)
00000000  local     .bss (.bss)
00000000  local     .data (.data)
003ee53c  local     .text (.text)
003ee53c  global    _memcpy (.text)


================================================================================

rts2800_ml.lib : pre_init.c.obj

Run/Load            
Value     Binding   Name (Section)
--------  --------  ---------------
00000000  local     .bss (.bss)
00000000  local     .data (.data)
003ef2b8  local     .text (.text)
003ef2b8  global    __system_pre_init (.text)


================================================================================

rts2800_ml.lib : startup.c.obj

Run/Load            
Value     Binding   Name (Section)
--------  --------  ---------------
00000000  local     .bss (.bss)
00000000  local     .data (.data)
003ef2bc  local     .text (.text)
003ef2bc  global    __system_post_cinit (.text)


================================================================================

rts2800_ml.lib : e_rem_pio2f.c.obj

Run/Load            
Value     Binding   Name (Section)
--------  --------  ---------------
003f1f7a  local     $C$FL1 (.econst)
003f1f7e  local     $C$FL2 (.econst)
003f1f82  local     $C$FL3 (.econst)
003f1f86  local     $C$FL4 (.econst)
003ec17c  local     $C$L1 (.text)
003ec18a  local     $C$L2 (.text)
003ec1b6  local     $C$L3 (.text)
003ec1bb  local     $C$L4 (.text)
00000000  local     .bss (.bss)
00000000  local     .data (.data)
003f1f6e  local     .econst (.econst)
003ec119  local     .text (.text)
003ec119  global    ___rem_pio2f (.text)
003f1f6e  local     _invpio2 (.econst)
003f1f72  local     _pio2_1 (.econst)
003f1f76  local     _pio2_1t (.econst)


================================================================================

rts2800_ml.lib : k_rem_pio2.c.obj

Run/Load            
Value     Binding   Name (Section)
--------  --------  ---------------
003f1eca  local     $C$FL1 (.econst)
003f1ece  local     $C$FL2 (.econst)
003f1ed2  local     $C$FL3 (.econst)
003f1ed6  local     $C$FL4 (.econst)
003f1eda  local     $C$FL5 (.econst)
003f1ede  local     $C$FL6 (.econst)
003f1ee2  local     $C$FL7 (.econst)
003ea044  local     $C$L1 (.text)
003ea0fe  local     $C$L10 (.text)
003ea12b  local     $C$L11 (.text)
003ea14b  local     $C$L12 (.text)
003ea170  local     $C$L13 (.text)
003ea18f  local     $C$L14 (.text)
003ea196  local     $C$L15 (.text)
003ea1b3  local     $C$L16 (.text)
003ea201  local     $C$L17 (.text)
003ea26d  local     $C$L18 (.text)
003ea271  local     $C$L19 (.text)
003ea06c  local     $C$L2 (.text)
003ea27f  local     $C$L20 (.text)
003ea2a8  local     $C$L21 (.text)
003ea2ad  local     $C$L22 (.text)
003ea2b8  local     $C$L23 (.text)
003ea2c4  local     $C$L24 (.text)
003ea2c9  local     $C$L25 (.text)
003ea2cf  local     $C$L26 (.text)
003ea2ec  local     $C$L27 (.text)
003ea2f8  local     $C$L28 (.text)
003ea323  local     $C$L29 (.text)
003ea077  local     $C$L3 (.text)
003ea351  local     $C$L30 (.text)
003ea39c  local     $C$L31 (.text)
003ea3a1  local     $C$L32 (.text)
003ea3b9  local     $C$L33 (.text)
003ea3c3  local     $C$L34 (.text)
003ea3d2  local     $C$L35 (.text)
003ea3dc  local     $C$L36 (.text)
003ea3f7  local     $C$L37 (.text)
003ea407  local     $C$L38 (.text)
003ea409  local     $C$L39 (.text)
003ea083  local     $C$L4 (.text)
003ea429  local     $C$L40 (.text)
003ea451  local     $C$L41 (.text)
003ea468  local     $C$L42 (.text)
003ea47c  local     $C$L43 (.text)
003ea4aa  local     $C$L44 (.text)
003ea4c8  local     $C$L45 (.text)
003ea4e6  local     $C$L46 (.text)
003ea535  local     $C$L47 (.text)
003ea56f  local     $C$L48 (.text)
003ea587  local     $C$L49 (.text)
003ea094  local     $C$L5 (.text)
003ea598  local     $C$L50 (.text)
003ea5b5  local     $C$L51 (.text)
003ea5d0  local     $C$L52 (.text)
003ea5e3  local     $C$L53 (.text)
003ea5f4  local     $C$L54 (.text)
003ea602  local     $C$L55 (.text)
003ea60c  local     $C$L56 (.text)
003ea62d  local     $C$L57 (.text)
003ea63e  local     $C$L58 (.text)
003ea64c  local     $C$L59 (.text)
003ea0a0  local     $C$L6 (.text)
003ea656  local     $C$L60 (.text)
003ea660  local     $C$L61 (.text)
003ea673  local     $C$L62 (.text)
003ea684  local     $C$L63 (.text)
003ea692  local     $C$L64 (.text)
003ea69c  local     $C$L65 (.text)
003ea6a5  local     $C$L66 (.text)
003ea0bd  local     $C$L7 (.text)
003ea0e2  local     $C$L8 (.text)
003ea0f7  local     $C$L9 (.text)
00000000  local     .bss (.bss)
00000000  local     .data (.data)
003f1eba  local     .econst (.econst)
003f1f2e  local     .econst:_PIo2 (.econst:_PIo2)
003f2024  local     .econst:_init_jk (.econst:_init_jk)
003f1de6  local     .econst:_ipio2 (.econst:_ipio2)
003ea016  local     .text (.text)
003f1f2e  local     _PIo2 (.econst:_PIo2)
003ea016  global    ___kernel_rem_pio2 (.text)
003f2024  local     _init_jk (.econst:_init_jk)
003f1de6  local     _ipio2 (.econst:_ipio2)
003f1ebe  local     _one (.econst)
003f1ec2  local     _two24 (.econst)
003f1ec6  local     _twon24 (.econst)
003f1eba  local     _zero (.econst)


================================================================================

rts2800_ml.lib : exit.c.obj

Run/Load            
Value     Binding   Name (Section)
--------  --------  ---------------
003edf9c  local     $C$L1 (.text)
003edfaf  local     $C$L2 (.text)
003edfba  local     $C$L3 (.text)
003edfc0  local     $C$L4 (.text)
00000000  local     .bss (.bss)
003f276d  local     .cinit (.cinit)
00000000  local     .data (.data)
0000cc46  local     .ebss (.ebss)
003edf9b  local     .text (.text)
003edf9b  global    C$$EXIT (.text)
0000cc48  global    ___TI_cleanup_ptr (.ebss)
0000cc4a  global    ___TI_dtors_ptr (.ebss)
0000cc46  global    ___TI_enable_exit_profile_output (.ebss)
003edf9b  global    _abort (.text)
003edf9d  global    _exit (.text)


================================================================================

rts2800_ml.lib : _lock.c.obj

Run/Load            
Value     Binding   Name (Section)
--------  --------  ---------------
00000000  local     .bss (.bss)
003f292a  local     .cinit:__lock (.cinit:__lock)
003f292f  local     .cinit:__unlock (.cinit:__unlock)
00000000  local     .data (.data)
0000ccae  local     .ebss:__lock (.ebss:__lock)
0000ccb0  local     .ebss:__unlock (.ebss:__unlock)
003eee2a  local     .text (.text)
0000ccae  global    __lock (.ebss:__lock)
003eee32  global    __nop (.text)
003eee2e  global    __register_lock (.text)
003eee2a  global    __register_unlock (.text)
0000ccb0  global    __unlock (.ebss:__unlock)


================================================================================

rts2800_ml.lib : args_main.c.obj

Run/Load            
Value     Binding   Name (Section)
--------  --------  ---------------
003eeaa6  local     $C$L1 (.text)
003eeaa9  local     $C$L2 (.text)
00000000  local     .bss (.bss)
00000000  local     .data (.data)
003eea9b  local     .text (.text)
003eea9b  global    __args_main (.text)


================================================================================

rts2800_ml.lib : s_floor.c.obj

Run/Load            
Value     Binding   Name (Section)
--------  --------  ---------------
003f2016  local     $C$FL1 (.econst)
003f201a  local     $C$FL2 (.econst)
003eba96  local     $C$L1 (.text)
003ebaee  local     $C$L10 (.text)
003ebb0e  local     $C$L11 (.text)
003ebb10  local     $C$L12 (.text)
003ebb1c  local     $C$L13 (.text)
003ebb21  local     $C$L14 (.text)
003eba9b  local     $C$L2 (.text)
003eba9c  local     $C$L3 (.text)
003ebaa4  local     $C$L4 (.text)
003ebab7  local     $C$L5 (.text)
003ebac6  local     $C$L6 (.text)
003ebac9  local     $C$L7 (.text)
003ebae5  local     $C$L8 (.text)
003ebaeb  local     $C$L9 (.text)
00000000  local     .bss (.bss)
00000000  local     .data (.data)
003f2012  local     .econst (.econst)
003eba3e  local     .text (.text)
003eba3e  global    _floorl (.text)
003f2012  local     _huge (.econst)


================================================================================

rts2800_ml.lib : s_scalbn.c.obj

Run/Load            
Value     Binding   Name (Section)
--------  --------  ---------------
003f1f96  local     $C$FL1 (.econst)
003f1f9a  local     $C$FL2 (.econst)
003f1f9e  local     $C$FL3 (.econst)
003f1fa2  local     $C$FL4 (.econst)
003ec095  local     $C$L1 (.text)
003ec0ae  local     $C$L2 (.text)
003ec0c0  local     $C$L3 (.text)
003ec0cb  local     $C$L4 (.text)
003ec0e0  local     $C$L5 (.text)
003ec0e6  local     $C$L6 (.text)
003ec0f1  local     $C$L7 (.text)
003ec111  local     $C$L8 (.text)
003ec115  local     $C$L9 (.text)
00000000  local     .bss (.bss)
00000000  local     .data (.data)
003f1f8a  local     .econst (.econst)
003ec06f  local     .text (.text)
003ec06f  global    _ldexpl (.text)
003ec06f  global    _scalbnl (.text)
003f1f92  local     _tiny (.econst)
003f1f8a  local     _two54 (.econst)
003f1f8e  local     _twom54 (.econst)


================================================================================

rts2800_ml.lib : s_copysign.c.obj

Run/Load            
Value     Binding   Name (Section)
--------  --------  ---------------
003ee35f  local     $C$L1 (.text)
00000000  local     .bss (.bss)
00000000  local     .data (.data)
003ee33e  local     .text (.text)
003ee33e  global    _copysignl (.text)


================================================================================

rts2800_ml.lib : k_cosf.c.obj

Run/Load            
Value     Binding   Name (Section)
--------  --------  ---------------
003f1efa  local     $C$FL1 (.econst)
003f1efe  local     $C$FL2 (.econst)
003f1f02  local     $C$FL3 (.econst)
003f1f06  local     $C$FL4 (.econst)
003f1f0a  local     $C$FL5 (.econst)
00000000  local     .bss (.bss)
00000000  local     .data (.data)
003f1ee6  local     .econst (.econst)
003ec958  local     .text (.text)
003f1eea  local     _C0 (.econst)
003f1eee  local     _C1 (.econst)
003f1ef2  local     _C2 (.econst)
003f1ef6  local     _C3 (.econst)
003ec958  global    ___kernel_cosdf (.text)
003f1ee6  local     _one (.econst)


================================================================================

rts2800_ml.lib : k_sinf.c.obj

Run/Load            
Value     Binding   Name (Section)
--------  --------  ---------------
003f1f5e  local     $C$FL1 (.econst)
003f1f62  local     $C$FL2 (.econst)
003f1f66  local     $C$FL3 (.econst)
003f1f6a  local     $C$FL4 (.econst)
00000000  local     .bss (.bss)
00000000  local     .data (.data)
003f1f4e  local     .econst (.econst)
003ec697  local     .text (.text)
003f1f4e  local     _S1 (.econst)
003f1f52  local     _S2 (.econst)
003f1f56  local     _S3 (.econst)
003f1f5a  local     _S4 (.econst)
003ec697  global    ___kernel_sindf (.text)


================================================================================

rts2800_ml.lib : fd_cmp28.asm.obj

Run/Load            
Value     Binding   Name (Section)
--------  --------  ---------------
00000000  local     .bss (.bss)
00000000  local     .data (.data)
003edf71  local     .text (.text)
003edf81  local     CHECK_INF (.text)
003edf71  global    FD$$CMP (.text)
003edf98  local     NO_NEG (.text)
003edf99  local     OP_EQUAL (.text)
003edf91  local     RETURN (.text)


================================================================================

rts2800_ml.lib : fd_tol28.asm.obj

Run/Load            
Value     Binding   Name (Section)
--------  --------  ---------------
00000000  local     .bss (.bss)
00000000  local     .data (.data)
003ee4c6  local     .text (.text)
003ee4c6  global    FD$$TOL (.text)
003ee4df  local     OVERFLOW (.text)
003ee4de  local     RETURN_VALUE (.text)
003ee4e3  local     UNDERFLOW (.text)


================================================================================

rts2800_ml.lib : ll_aox28.asm.obj

Run/Load            
Value     Binding   Name (Section)
--------  --------  ---------------
00000000  local     .bss (.bss)
00000000  local     .data (.data)
003ee802  local     .text (.text)
003ee802  global    LL$$AND (.text)
003ee80a  global    LL$$OR (.text)
003ee812  global    LL$$XOR (.text)


================================================================================

rts2800_ml.lib : i_div28.asm.obj

Run/Load            
Value     Binding   Name (Section)
--------  --------  ---------------
00000000  local     .bss (.bss)
00000000  local     .data (.data)
003ee383  local     .text (.text)
003ee383  global    I$$DIV (.text)
003ee394  global    I$$MOD (.text)
003ee393  local     RET1 (.text)
003ee3a3  local     RET2 (.text)


================================================================================

rts2800_ml.lib : l_tofd28.asm.obj

Run/Load            
Value     Binding   Name (Section)
--------  --------  ---------------
003ee5f3  local     $10 (.text)
00000000  local     .bss (.bss)
00000000  local     .data (.data)
003ee5e5  local     .text (.text)
003ee5e5  global    L$$TOFD (.text)
003ee5ff  local     OP_ZERO (.text)
003ee5fe  local     RETURN (.text)
003ee5fc  local     RETURN_VALUE (.text)


================================================================================

rts2800_ml.lib : fd_tofs28.asm.obj

Run/Load            
Value     Binding   Name (Section)
--------  --------  ---------------
00000000  local     .bss (.bss)
00000000  local     .data (.data)
003ee3e7  local     .text (.text)
003ee3f4  local     EXP_EVAL (.text)
003ee3e7  global    FD$$TOFS (.text)
003ee400  local     OVERFLOW (.text)
003ee3ff  local     RETURN_VALUE (.text)
003ee406  local     UNDERFLOW (.text)


================================================================================

rts2800_ml.lib : errno.c.obj

Run/Load            
Value     Binding   Name (Section)
--------  --------  ---------------
00000000  local     .bss (.bss)
003f2954  local     .cinit (.cinit)
00000000  local     .data (.data)
0000ccbb  local     .ebss (.ebss)
00000000  local     .text (.text)
0000ccbb  global    _errno (.ebss)


================================================================================

