******************************************************************************
             TMS320C2000 Linker PC v22.6.0                     
******************************************************************************
>> Linked Wed Oct  5 20:11:22 2022

OUTPUT FILE NAME:   <../../../04_Output_Files/Motor28062/TEST_CSMON_C28xx.out>
ENTRY POINT SYMBOL: "_c_int00"  address: 003ed647


MEMORY CONFIGURATION

         name            origin    length      used     unused   attr    fill
----------------------  --------  ---------  --------  --------  ----  --------
PAGE 0:
  RAML0                 00008000   00000800  00000029  000007d7  RWIX
  RAML1                 00008800   00000400  00000000  00000400  RWIX
  OTP                   003d7800   00000400  00000000  00000400  RWIX
  FLASH_APP             003e8000   0000dff0  0000a967  00003689  RWIX
  CSM_RSVD              003f7f80   00000076  00000076  00000000  RWIX
  BEGIN                 003f7ff6   00000002  00000002  00000000  RWIX
  CSM_PWL_P0            003f7ff8   00000008  00000008  00000000  RWIX
  FPUTABLES             003fd590   000006a0  00000000  000006a0  RWIX
  IQTABLES              003fdf00   00000b50  00000000  00000b50  RWIX
  IQTABLES2             003fea50   0000008c  00000000  0000008c  RWIX
  IQTABLES3             003feadc   000000aa  00000000  000000aa  RWIX
  ROM                   003ff3b0   00000c10  00000000  00000c10  RWIX
  RESET                 003fffc0   00000002  00000000  00000002  RWIX
  VECTORS               003fffc2   0000003e  00000000  0000003e  RWIX

PAGE 1:
  BOOT_RSVD             00000000   00000050  00000000  00000050  RWIX
  RAMM0                 00000050   000003b0  00000380  00000030  RWIX
  RAMM1                 00000400   00000400  00000000  00000400  RWIX
  DEV_EMU               00000880   00000105  00000004  00000101  RWIX
  SYS_PWR_CTL           00000985   00000003  00000003  00000000  RWIX
  FLASH_REGS            00000a80   00000060  00000008  00000058  RWIX
  CSM                   00000ae0   00000020  00000010  00000010  RWIX
  ADC_RESULT            00000b00   00000020  00000010  00000010  RWIX
  CPU_TIMER0            00000c00   00000008  00000008  00000000  RWIX
  CPU_TIMER1            00000c08   00000008  00000008  00000000  RWIX
  CPU_TIMER2            00000c10   00000008  00000008  00000000  RWIX
  PIE_CTRL              00000ce0   00000020  0000001a  00000006  RWIX
  PIE_VECT              00000d00   00000100  00000100  00000000  RWIX
  DMA                   00001000   00000200  000000e0  00000120  RWIX
  CLA1                  00001400   00000080  00000040  00000040  RWIX
  USB0                  00004000   00001000  00000454  00000bac  RWIX
  McBSPA                00005000   00000040  00000024  0000001c  RWIX
  ECANA                 00006000   00000040  00000034  0000000c  RWIX
  ECANA_LAM             00006040   00000040  00000040  00000000  RWIX
  ECANA_MOTS            00006080   00000040  00000040  00000000  RWIX
  ECANA_MOTO            000060c0   00000040  00000040  00000000  RWIX
  ECANA_MBOX            00006100   00000100  00000100  00000000  RWIX
  COMP1                 00006400   00000020  00000014  0000000c  RWIX
  COMP2                 00006420   00000020  00000014  0000000c  RWIX
  COMP3                 00006440   00000020  00000014  0000000c  RWIX
  EPWM1                 00006800   00000040  00000040  00000000  RWIX
  EPWM2                 00006840   00000040  00000040  00000000  RWIX
  EPWM3                 00006880   00000040  00000040  00000000  RWIX
  EPWM4                 000068c0   00000040  00000040  00000000  RWIX
  EPWM5                 00006900   00000040  00000040  00000000  RWIX
  EPWM6                 00006940   00000040  00000040  00000000  RWIX
  EPWM7                 00006980   00000040  00000040  00000000  RWIX
  EPWM8                 000069c0   00000040  00000040  00000000  RWIX
  ECAP1                 00006a00   00000020  00000020  00000000  RWIX
  ECAP2                 00006a20   00000020  00000020  00000000  RWIX
  ECAP3                 00006a40   00000020  00000020  00000000  RWIX
  HRCAP1                00006ac0   00000020  00000020  00000000  RWIX
  HRCAP2                00006ae0   00000020  00000020  00000000  RWIX
  EQEP1                 00006b00   00000040  00000022  0000001e  RWIX
  EQEP2                 00006b40   00000040  00000022  0000001e  RWIX
  HRCAP3                00006c80   00000020  00000020  00000000  RWIX
  HRCAP4                00006ca0   00000020  00000020  00000000  RWIX
  GPIOCTRL              00006f80   00000040  00000040  00000000  RWIX
  GPIODAT               00006fc0   00000020  00000020  00000000  RWIX
  GPIOINT               00006fe0   00000020  00000020  00000000  RWIX
  SYSTEM                00007010   00000030  00000030  00000000  RWIX
  SPIA                  00007040   00000010  00000010  00000000  RWIX
  SCIA                  00007050   00000010  00000010  00000000  RWIX
  NMIINTRUPT            00007060   00000010  00000010  00000000  RWIX
  XINTRUPT              00007070   00000010  00000010  00000000  RWIX
  ADC                   00007100   00000080  00000050  00000030  RWIX
  SPIB                  00007740   00000010  00000010  00000000  RWIX
  SCIB                  00007750   00000010  00000010  00000000  RWIX
  I2CA                  00007900   00000040  00000022  0000001e  RWIX
  RAML2                 00008c00   00000400  00000000  00000400  RWIX
  RAML3                 00009000   00001000  00000000  00001000  RWIX
  RAML4                 0000a000   00002000  00002000  00000000  RWIX
  RAML5                 0000c000   00002000  00000cbc  00001344  RWIX
  RAML6                 0000e000   00002000  00000000  00002000  RWIX
  RAML7                 00010000   00002000  00000000  00002000  RWIX
  RAML8                 00012000   00002000  00000000  00002000  RWIX
  USB_RAM               00040000   00000800  00000000  00000800  RWIX
  PARTID                003d7e80   00000001  00000001  00000000  RWIX
  CSM_PWL               003f7ff8   00000008  00000008  00000000  RWIX


SECTION ALLOCATION MAP

 output                                  attributes/
section   page    origin      length       input sections
--------  ----  ----------  ----------   ----------------
.cinit     0    003f2042    00000926     
                  003f2042    0000021f     CSMON_C28xx.lib : hmmodbus.obj (.cinit)
                  003f2261    00000142     main.obj (.cinit)
                  003f23a3    000000ca     CSMON_C28xx.lib : csmon.obj (.cinit)
                  003f246d    000000c3                     : modbusreg.obj (.cinit:_QueueTestTable)
                  003f2530    00000078                     : modbusreg.obj (.cinit)
                  003f25a8    0000003f                     : csmon.obj (.cinit:_CSMON_au8FileRecorderDataElementsSizeTable)
                  003f25e7    00000033                     : hmrecparam.obj (.cinit:_sRecStatusParam)
                  003f261a    00000030                     : csmon.obj (.cinit:_CSMON_au8FileRecorderConfigElementsSizeTable)
                  003f264a    0000002b                     : csmon.obj (.cinit:_CSMON_au8FileScopeConfigurationElementsSizeTable)
                  003f2675    0000001f                     : hmrecparam.obj (.cinit:_sRecStatusParamInternal)
                  003f2694    00000016     main.obj (.cinit:_sExternalRecoderHandle)
                  003f26aa    00000015     CSMON_C28xx.lib : csmon.obj (.cinit:_CSMON_sFileAutorization)
                  003f26bf    00000014                     : hmdrv.obj (.cinit)
                  003f26d3    00000014                     : hmprotocol.obj (.cinit)
                  003f26e7    00000013                     : modbusreg.obj (.cinit:_MODBUSREG_au8DeviceIDUserApplicationName)
                  003f26fa    00000013                     : modbusreg.obj (.cinit:_MODBUSREG_au8DeviceIDVendorUrl)
                  003f270d    00000013                     : modbusreg.obj (.cinit:_MODBUSREG_au8ServerIDData)
                  003f2720    00000010     rtc_drv.obj (.cinit)
                  003f2730    0000000f     CSMON_C28xx.lib : csmon.obj (.cinit:_CSMON_sDateTime)
                  003f273f    0000000f                     : csmon.obj (.cinit:_CSMON_sDateTimeApplication)
                  003f274e    0000000f                     : csmon.obj (.cinit:_CSMON_sDateTimeDefault)
                  003f275d    0000000f                     : modbusreg.obj (.cinit:_MODBUSREG_au8DeviceIDModelName)
                  003f276c    0000000f     device.obj (.cinit)
                  003f277b    0000000e     rts2800_ml.lib : exit.c.obj (.cinit)
                  003f2789    0000000d     CSMON_C28xx.lib : csmon.obj (.cinit:_CSMON_au8FileParameterCountElementsSizeTable)
                  003f2796    0000000d                     : csmon.obj (.cinit:_CSMON_au8FileRTCElementsSizeTable)
                  003f27a3    0000000d                     : csmon.obj (.cinit:_sHashKey)
                  003f27b0    0000000d     tmr_drv.obj (.cinit)
                  003f27bd    0000000c     CSMON_C28xx.lib : csmon.obj (.cinit:_CSMON_au8FileParameterNumericElementsSizeTable)
                  003f27c9    0000000c                     : modbusreg.obj (.cinit:_MODBUSREG_au8DeviceIDProductName)
                  003f27d5    0000000c                     : modbusreg.obj (.cinit:_MODBUSREG_au8DeviceIDUserReserve0)
                  003f27e1    0000000c                     : modbusreg.obj (.cinit:_MODBUSREG_au8DeviceIDUserReserve1)
                  003f27ed    0000000c                     : modbusreg.obj (.cinit:_MODBUSREG_au8DeviceIDUserReserve2)
                  003f27f9    0000000c                     : modbusreg.obj (.cinit:_MODBUSREG_au8DeviceIDVendorName)
                  003f2805    0000000b                     : hmrecparam.obj (.cinit:_HMRECPRM_sDateTime)
                  003f2810    0000000b     main.obj (.cinit:_MAIN_sDateTimeGet)
                  003f281b    0000000b     main.obj (.cinit:_MAIN_sDateTimeSet)
                  003f2826    0000000b     uart_driver.obj (.cinit:_UART_DRV_RXIntOverflowCounter)
                  003f2831    0000000b     uart_driver.obj (.cinit:_UART_DRV_u32TimeDiffLast)
                  003f283c    0000000b     uart_driver.obj (.cinit:_UART_DRV_u32TimeDiffNow)
                  003f2847    0000000b     CSMON_C28xx.lib : uart_drv.obj (.cinit:_UART_RXIntOverflowCounter)
                  003f2852    0000000b     tmr_drv.obj (.cinit:_pfDelayedFunction)
                  003f285d    0000000b     tmr_drv.obj (.cinit:_pfDelayedFunction_u8)
                  003f2868    0000000b     CSMON_C28xx.lib : uart_drv.obj (.cinit:_u32TimeDiffLast)
                  003f2873    0000000b                     : uart_drv.obj (.cinit:_u32TimeDiffNow)
                  003f287e    0000000b                     : uart_drv.obj (.cinit:_u32TimeDiffRead)
                  003f2889    00000009                     : hmserial.obj (.cinit)
                  003f2892    00000009                     : csmon.obj (.cinit:_CSMON_au32FileAutorization_FunctionAfterWriteFileRecord)
                  003f289b    00000009                     : csmon.obj (.cinit:_CSMON_sFileParameterCount)
                  003f28a4    00000009                     : hmscopeparam.obj (.cinit:_pBufferScope)
                  003f28ad    00000008                     : hmlib.obj (.cinit)
                  003f28b5    00000007                     : csmon.obj (.cinit:_CSMON_au8FileParameterListElementsSizeTablePart1)
                  003f28bc    00000007                     : csmon.obj (.cinit:_CSMON_au8FileRecorderStatusElementsSizeTable)
                  003f28c3    00000007                     : hmmodbus.obj (.cinit:_HMMODBUS_u32RegisterAddressInRamDummy)
                  003f28ca    00000007                     : modbusreg.obj (.cinit:_MODBUSREG_au8DeviceIDMajorMinorRevision)
                  003f28d1    00000007                     : modbusreg.obj (.cinit:_MODBUSREG_au8DeviceIDProductCode)
                  003f28d8    00000007                     : uart_drv.obj (.cinit:_UARTRxBufferRDCount)
                  003f28df    00000007                     : uart_drv.obj (.cinit:_UARTRxBufferRDIndex)
                  003f28e6    00000007                     : uart_drv.obj (.cinit:_UARTRxBufferWRCount)
                  003f28ed    00000007                     : uart_drv.obj (.cinit:_UARTRxBufferWRIndex)
                  003f28f4    00000007     uart_driver.obj (.cinit:_UART_DRV_RxBufferRDCount)
                  003f28fb    00000007     uart_driver.obj (.cinit:_UART_DRV_RxBufferWRCount)
                  003f2902    00000007     uart_driver.obj (.cinit:_UART_DRV_RxBufferWRIndex)
                  003f2909    00000007     sys_drv.obj (.cinit:_sHexMonUartModuleConfiguration)
                  003f2910    00000006     CSMON_C28xx.lib : csmon.obj (.cinit:_CSMON_abFileAutorization_RecordReadOnly)
                  003f2916    00000006                     : csmon.obj (.cinit:_CSMON_abFileAutorization_RecordStringData)
                  003f291c    00000006                     : csmon.obj (.cinit:_CSMON_au16FileAutorization_RecordOffsets)
                  003f2922    00000006                     : csmon.obj (.cinit:_CSMON_au8FileRecorderDataElementsSizeTableUsedLength)
                  003f2928    00000006                     : csmon.obj (.cinit:_CSMON_sFileProtocolVersion)
                  003f292e    00000005                     : modbusreg.obj (.cinit:_HMMODBUS_u32CoilAddressTableInRam)
                  003f2933    00000005                     : modbusreg.obj (.cinit:_MODBUSREG_sInputCoilAddressTableInRam)
                  003f2938    00000005     rts2800_ml.lib : _lock.c.obj (.cinit:__lock)
                  003f293d    00000005                    : _lock.c.obj (.cinit:__unlock)
                  003f2942    00000004     CSMON_C28xx.lib : hmscopeparam.obj (.cinit)
                  003f2946    00000004                     : uart_drv.obj (.cinit)
                  003f294a    00000004                     : csmon.obj (.cinit:_CSMON_au8FileParameterListElementsSizeTablePart2)
                  003f294e    00000004                     : csmon.obj (.cinit:_CSMON_au8FileParameterListElementsSizeTablePart3)
                  003f2952    00000004                     : csmon.obj (.cinit:_CSMON_au8FileScopeStatusElementsSizeTable)
                  003f2956    00000004                     : csmon.obj (.cinit:_CSMON_sFileParameterAccessList)
                  003f295a    00000004                     : modbusreg.obj (.cinit:_MODBUSREG_asFileTable)
                  003f295e    00000004                     : modbusreg.obj (.cinit:_MODBUSREG_asQueueTable)
                  003f2962    00000004     rts2800_ml.lib : errno.c.obj (.cinit)
                  003f2966    00000002     --HOLE-- [fill = 0]

.pinit     0    003e8000    00000000     UNINITIALIZED

.text      0    003e8000    000072ca     
                  003e8000    00001543     CSMON_C28xx.lib : hmmodbus.obj (.text:_HMMODBUS_bDecoder)
                  003e9543    00000ad3                     : modbusreg.obj (.text:_MODBUSREG_AddressTablesInit)
                  003ea016    00000698     rts2800_ml.lib : k_rem_pio2.c.obj (.text)
                  003ea6ae    0000019a     main.obj (.text:_main)
                  003ea848    00000189     CSMON_C28xx.lib : csmon.obj (.text:_CSMON_eInit)
                  003ea9d1    0000017c                     : csmon.obj (.text:_CSMON_eProcess)
                  003eab4d    00000178                     : csmon.obj (.text:_CSMON_eSetUpRecParam)
                  003eacc5    0000013c                     : csmon.obj (.text:_CSMON_vCheckLoadRecorderTable)
                  003eae01    00000132                     : csmon.obj (.text:_CSMON_vSetupHoldingRegistersAndCoilsAddressTableFromCSMONParameterList)
                  003eaf33    0000012c                     : hmmodbus.obj (.text:_HMMODBUS_vSetFreeRunTimerPrescaller)
                  003eb05f    00000127                     : hmmodbus.obj (.text:_HMMODBUS_Rx)
                  003eb186    00000114     rts2800_ml.lib : s_sinf.c.obj (.text)
                  003eb29a    00000107                    : ll_div28.asm.obj (.text)
                  003eb3a1    00000101     CSMON_C28xx.lib : hmmodbus.obj (.text:_HMMODBUS_GetRealRegisterAddressAndSize)
                  003eb4a2    000000fa                     : csmon.obj (.text:_CSMON_vCheckSaveRecorderTable)
                  003eb59c    000000f8                     : hmprotocol.obj (.text:_HMPROTOCOL_bDecoder)
                  003eb694    000000f5                     : hmdrv.obj (.text:_HMDRV_vInit)
                  003eb789    000000f1                     : csmon.obj (.text:_CSMON_vFileRecoderStatusFix)
                  003eb87a    000000e9                     : csmon.obj (.text:_CSMON_vSaveRecorderConfiguration)
                  003eb963    000000e8                     : hmrecparam.obj (.text:_HMRECPRM_vProcess)
                  003eba4b    000000e8     rts2800_ml.lib : s_floor.c.obj (.text)
                  003ebb33    000000d9     main.obj (.text:_ControlProcess)
                  003ebc0c    000000cd     CSMON_C28xx.lib : csmon.obj (.text:_CSMON_vSetupInputRegistersAndCoilsAddressTableFromCSMONParameterList)
                  003ebcd9    000000c4                     : csmon.obj (.text:_CSMON_u32GetParameterListCheckSum)
                  003ebd9d    000000c1     main.obj (.text:_RecordersInitialization)
                  003ebe5e    000000bc     CSMON_C28xx.lib : hmrecparam.obj (.text:_HMRECPRM_SetUpRec)
                  003ebf1a    000000b8                     : hmrec.obj (.text:_HMREC_SetUpRec)
                  003ebfd2    000000aa                     : hmdrv.obj (.text:_HMDRV_CopyFromBufferInternalModbusBitField)
                  003ec07c    000000aa     rts2800_ml.lib : s_scalbn.c.obj (.text)
                  003ec126    000000a7                    : e_rem_pio2f.c.obj (.text)
                  003ec1cd    000000a3     CSMON_C28xx.lib : csmon.obj (.text:_CSMON_vSaveRecorderConfigTrigger)
                  003ec270    000000a3                     : modbusreg.obj (.text:_MODBUSREG_vInit)
                  003ec313    000000a3     tmr_drv.obj (.text:_TMR2_ISR)
                  003ec3b6    0000009c     rts2800_ml.lib : fd_add28.asm.obj (.text)
                  003ec452    00000099     main.obj (.text:_ParameterInitialization)
                  003ec4eb    00000095     CSMON_C28xx.lib : csmon.obj (.text:_CSMON_vLoadRecorderConfiguration)
                  003ec580    00000092                     : hmdrv.obj (.text:_HMDRV_CopyMemory)
                  003ec612    00000092                     : hmdrv.obj (.text:_HMDRV_CopyToBufferInternalModbus)
                  003ec6a4    00000092     rts2800_ml.lib : k_sinf.c.obj (.text)
                  003ec736    00000090     CSMON_C28xx.lib : csmon.obj (.text:_CSMON_vSetDateTimeAutorization)
                  003ec7c6    0000008d                     : csmon.obj (.text:_CSMON_vInitRecorders)
                  003ec853    0000008b     rts2800_ml.lib : fd_div28.asm.obj (.text)
                  003ec8de    00000087     CSMON_C28xx.lib : hmrecparam.obj (.text:_HMRECPRM_SetUpRecParamStatusDateTime)
                  003ec965    00000087     rts2800_ml.lib : k_cosf.c.obj (.text)
                  003ec9ec    00000083     CSMON_C28xx.lib : hmdrv.obj (.text:_HMDRV_CopyFromBufferInternalModbus)
                  003eca6f    00000083     rts2800_ml.lib : fd_mpy28.asm.obj (.text)
                  003ecaf2    00000083                    : fs_div28.asm.obj (.text)
                  003ecb75    0000007f     CSMON_C28xx.lib : hmserial.obj (.text:_HMSERIAL_vProcessSCI)
                  003ecbf4    0000007e                     : hmrecparam.obj (.text:_HMRECPRM_vTimeSync)
                  003ecc72    0000007d                     : csmon.obj (.text:_CSMON_vPrepareFileParameterAccessList)
                  003eccef    00000078     rts2800_ml.lib : fs_add28.asm.obj (.text)
                  003ecd67    00000076     main.obj (.text:_ScopesInitialization)
                  003ecddd    00000070     CSMON_C28xx.lib : csmon.obj (.text:_CSMON_u32GetParameterStringCheckSum)
                  003ece4d    0000006a                     : hmprotocol.obj (.text:_HMPROTOCOL_GetBoardInfo)
                  003eceb7    0000006a                     : hmserial.obj (.text:_HMSERIAL_Rx)
                  003ecf21    00000067                     : hmmodbus.obj (.text:_HMMODBUS_CopyFromBuffer)
                  003ecf88    00000066                     : hmmodbus.obj (.text:_HMMODBUS_vProcessSCI)
                  003ecfee    00000064                     : hmrec.obj (.text:_HMREC_vProcess)
                  003ed052    00000063                     : hmmodbus.obj (.text:_HMMODBUS_CopyToBufferCoil)
                  003ed0b5    0000005f                     : hmmodbus.obj (.text:_HMMODBUS_CopyFromBufferCoil)
                  003ed114    0000005f     F2806x_SysCtrl.obj (.text:_InitPeripheralClocks)
                  003ed173    0000005d     CSMON_C28xx.lib : uart_drv.obj (.text:_UART_RXInterrupt)
                  003ed1d0    0000005c                     : hmmodbus.obj (.text:_HMMODBUS_GetCoilFunction)
                  003ed22c    0000005c                     : hmmodbus.obj (.text:_HMMODBUS_GetRegisterFunction)
                  003ed288    0000005a                     : csmon.obj (.text:_CSMON_vRecorderParamStartStopProcess)
                  003ed2e2    0000005a     gpio.obj (.text:_GPIO_setPinConfigOutput)
                  003ed33c    0000005a     rts2800_ml.lib : fs_mpy28.asm.obj (.text)
                  003ed396    00000059     CSMON_C28xx.lib : csmon.obj (.text:_CSMON_vUpdateDateTimeFromApplication)
                  003ed3ef    00000059                     : hmmodbus.obj (.text:_vSetElementsSize)
                  003ed448    00000057                     : csmon.obj (.text:_CSMON_bCheckValidDateTime)
                  003ed49f    00000057     uart_driver.obj (.text:_UART_DRV_RXInterrupt)
                  003ed4f6    00000055     CSMON_C28xx.lib : modbusreg.obj (.text:_MODBUSREG_FileRecorderExternalUpdateInit)
                  003ed54b    00000054                     : csmon.obj (.text:_CSMON_u32GetParameterNumbCheckSum)
                  003ed59f    00000054                     : csmon.obj (.text:_CSMON_u32GetParameterShortNameCheckSum)
                  003ed5f3    00000054                     : hmlib.obj (.text:_HMLIB_vInit)
                  003ed647    00000054     rts2800_ml.lib : boot28.asm.obj (.text)
                  003ed69b    00000052     CSMON_C28xx.lib : csmon.obj (.text:_CSMON_vLoadRecorderConfigTrigger)
                  003ed6ed    00000051     F2806x_SysCtrl.obj (.text:_InitPll)
                  003ed73e    00000050     CSMON_C28xx.lib : csmon.obj (.text:_CSMON_eSetExternalRecorderUsage)
                  003ed78e    0000004f     device.obj (.text:_Device_CsmUnlock)
                  003ed7dd    0000004e     CSMON_C28xx.lib : hmrecparam.obj (.text:_HMRECPRM_StartRecParam)
                  003ed82b    0000004d                     : csmon.obj (.text:_CSMON_vSetupHoldingRegistersAndCoilsAddressTableAccessAll)
                  003ed878    0000004a                     : csmon.obj (.text:_CSMON_eSetRecorderTriggerAtPosition)
                  003ed8c2    00000047                     : hmmodbus.obj (.text:_HMMODBUS_CopyToBuffer)
                  003ed909    00000047                     : hmscopeparam.obj (.text:_HMSCOPEPRM_SetUpScope)
                  003ed950    00000043                     : hmscopeparam.obj (.text:_HMSCOPEPRM_ReadScope)
                  003ed993    00000042                     : hmdrv.obj (.text:_HMDRV_CopyFromBufferInternalCoil)
                  003ed9d5    00000042                     : hmmodbus.obj (.text:_HMMODBUS_vSendResponse)
                  003eda17    00000042     interrupt.obj (.text:_Interrupt_enable)
                  003eda59    0000003f     CSMON_C28xx.lib : csmon.obj (.text:_CSMON_vSetupInputRegistersAndCoilsAddressTableAccessAll)
                  003eda98    0000003f                     : hmdrv.obj (.text:_HMDRV_CopyFromBufferInternal)
                  003edad7    0000003d                     : hmmodbus.obj (.text:_vSetStartSampleIndex)
                  003edb14    0000003c     tmr_drv.obj (.text:_configCPUTimer)
                  003edb50    0000003b     CSMON_C28xx.lib : csmon.obj (.text:_CSMON_eSetRecorderConfigurationSkipSamples)
                  003edb8b    0000003b                     : hmscope.obj (.text:_HMSCOPE_SetUpScope)
                  003edbc6    00000038     device.obj (.text:_Device_init)
                  003edbfe    00000038     CSMON_C28xx.lib : hmdrv.obj (.text:_HMDRV_CopyToBufferInternalCoil)
                  003edc36    00000038                     : uart_drv.obj (.text:_UART_ReadDataRx)
                  003edc6e    00000037                     : csmon.obj (.text:_CSMON_u32GetRealAddressAndSizeOffsetFromParameter)
                  003edca5    00000036                     : hmscope.obj (.text:_HMSCOPE_ReadScope)
                  003edcdb    00000036                     : hmserial.obj (.text:_HMSERIAL_vSendResponse)
                  003edd11    00000035                     : hmdrv.obj (.text:_HMDRV_CopyToBufferInternal)
                  003edd46    00000035     tmr_drv.obj (.text:_TMR_vInit)
                  003edd7b    00000034     CSMON_C28xx.lib : csmon.obj (.text:_CSMON_eSetParameterInRecorderAtPosition)
                  003eddaf    00000033                     : hmmodbus.obj (.text:_HMMODBUS_Listen)
                  003edde2    00000032                     : csmon.obj (.text:_CSMON_eSetParameterInScopeAtPosition)
                  003ede14    0000002f                     : hmmodbus.obj (.text:_HMMODBUS_CopyFromBufferSingleCoil)
                  003ede43    0000002e                     : csmon.obj (.text:_CSMON_vRecorderParamSetupProcess)
                  003ede71    0000002e                     : hmserial.obj (.text:_HMSERIAL_vProcessSCIFreemasterOnly)
                  003ede9f    0000002d                     : hmdrv.obj (.text:_HMDRV_CopyToBufferInternalModbusCoil)
                  003edecc    0000002d                     : hmserial.obj (.text:_HMSERIAL_Listen)
                  003edef9    0000002d                     : hmrecparam.obj (.text:_RecorderTimeFromLocalDateTime)
                  003edf26    0000002d     tmr_drv.obj (.text:_TMR_vInitCPUTimers)
                  003edf53    0000002b     CSMON_C28xx.lib : hmrecparam.obj (.text:_FillTimeData)
                  003edf7e    0000002a     rts2800_ml.lib : fd_cmp28.asm.obj (.text)
                  003edfa8    00000029                    : exit.c.obj (.text)
                  003edfd1    00000029                    : fs_tol28.asm.obj (.text)
                  003edffa    00000028     CSMON_C28xx.lib : csmon.obj (.text:_CSMON_bAutorizationPasswordCheck)
                  003ee022    00000027                     : csmon.obj (.text:_CSMON_u32GetParameterCheckSum)
                  003ee049    00000027                     : csmon.obj (.text:_CSMON_vSaveRecorderConfig)
                  003ee070    00000027                     : hmdrv.obj (.text:_HMDRV_CopyFromBufferInternalModbusSingleCoil)
                  003ee097    00000027                     : hmserial.obj (.text:_HMSERIAL_vProcessSCITXISR)
                  003ee0be    00000026                     : hmdrv.obj (.text:_HMDRV_CopyFromBufferInternalWithMaskModbus)
                  003ee0e4    00000026                     : hmmodbus.obj (.text:_HMMODBUS_CopyToBufferSingleCoil)
                  003ee10a    00000025                     : hmserial.obj (.text:_HMSERIAL_Tx)
                  003ee12f    00000025     rts2800_ml.lib : fs_toi28.asm.obj (.text)
                  003ee154    00000024     CSMON_C28xx.lib : csmon.obj (.text:_CSMON_vAutorizationReset)
                  003ee178    00000024                     : hmprotocol.obj (.text:_HMPROTOCOL_ReadMem)
                  003ee19c    00000024                     : hmrecparam.obj (.text:_RecorderDateFromLocalDateTime)
                  003ee1c0    00000024     sci_driver.obj (.text:_SCIA_DRV_RXFIFOISR)
                  003ee1e4    00000024     sci_driver.obj (.text:_SCIA_DRV_TXFIFOISR)
                  003ee208    00000024     sci_drv.obj (.text:_SCIA_RXFIFOISR)
                  003ee22c    00000024     sci_drv.obj (.text:_SCIA_TXFIFOISR)
                  003ee250    00000024     sci_driver.obj (.text:_SCIB_DRV_RXFIFOISR)
                  003ee274    00000024     sci_driver.obj (.text:_SCIB_DRV_TXFIFOISR)
                  003ee298    00000024     sci_drv.obj (.text:_SCIB_RXFIFOISR)
                  003ee2bc    00000024     sci_drv.obj (.text:_SCIB_TXFIFOISR)
                  003ee2e0    00000024     CSMON_C28xx.lib : hmmodbus.obj (.text:_vSetSampleCountAvailable)
                  003ee304    00000024     rts2800_ml.lib : cpy_tbl.c.obj (.text)
                  003ee328    00000023     CSMON_C28xx.lib : modbusreg.obj (.text:_MODBUSREG_FileRecorderElementSizeTableUsedSizeUpdateInit)
                  003ee34b    00000023     rts2800_ml.lib : s_copysign.c.obj (.text)
                  003ee36e    00000022     CSMON_C28xx.lib : hmdrv.obj (.text:_HMDRV_CopyFromBufferInternalModbusCoil)
                  003ee390    00000022     rts2800_ml.lib : i_div28.asm.obj (.text)
                  003ee3b2    00000021     CSMON_C28xx.lib : hmdrv.obj (.text:_HMDRV_CopyFromBufferInternalWithMask)
                  003ee3d3    00000021     sci.obj (.text:_SCI_setConfig)
                  003ee3f4    00000021     rts2800_ml.lib : fd_tofs28.asm.obj (.text)
                  003ee415    00000021                    : fs_toul28.asm.obj (.text)
                  003ee436    00000020     CSMON_C28xx.lib : hmdrv.obj (.text:_HMDRV_vProcess)
                  003ee456    00000020                     : hmmodbus.obj (.text:_vSetSampleCountBuffer)
                  003ee476    0000001f                     : csmon.obj (.text:_CSMON_u16FindIndexParameterTable)
                  003ee495    0000001f     F2806x_PieCtrl.obj (.text:_InitPieCtrl)
                  003ee4b4    0000001f     CSMON_C28xx.lib : hmmodbus.obj (.text:_vSetSampleSize)
                  003ee4d3    0000001f     rts2800_ml.lib : fd_tol28.asm.obj (.text)
                  003ee4f2    0000001d     CSMON_C28xx.lib : hmrecparam.obj (.text:_HMRECPRM_GetRecBuffFreemaster)
                  003ee50f    0000001d                     : hmrec.obj (.text:_HMREC_GetRecBuffFreemaster)
                  003ee52c    0000001d     rts2800_ml.lib : fs_tou28.asm.obj (.text)
                  003ee549    0000001d                    : memcpy.c.obj (.text)
                  003ee566    0000001c     main.obj (.text:_CSMON_vGetDateTime)
                  003ee582    0000001c     CSMON_C28xx.lib : csmon.obj (.text:_HMRECPRM_vGetDateTime)
                  003ee59e    0000001c     sci.obj (.text:_SCI_clearInterruptStatus)
                  003ee5ba    0000001c     CSMON_C28xx.lib : hmmodbus.obj (.text:_vSetIndexFileTable)
                  003ee5d6    0000001c     rts2800_ml.lib : fs_tofd28.asm.obj (.text)
                  003ee5f2    0000001c                    : l_tofd28.asm.obj (.text)
                  003ee60e    0000001b     CSMON_C28xx.lib : csmon.obj (.text:_CSMON_eSetParameterCountInRecorder)
                  003ee629    0000001b     device.obj (.text:_Device_initGPIO)
                  003ee644    0000001b     CSMON_C28xx.lib : hmdrv.obj (.text:_HMDRV_AddressToBuffer)
                  003ee65f    0000001b                     : hmmodbus.obj (.text:_HMMODBUS_vInit)
                  003ee67a    0000001b     rts2800_ml.lib : fd_toul28.asm.obj (.text)
                  003ee695    0000001a     CSMON_C28xx.lib : hmmodbus.obj (.text:_HMMODBUS_vProcessSCITXISR)
                  003ee6af    0000001a                     : hmrecparam.obj (.text:_HMRECPRM_StartRec)
                  003ee6c9    0000001a                     : hmserial.obj (.text:_HMSERIAL_vProcessSCITXISRFreemasterOnly)
                  003ee6e3    0000001a     sci.obj (.text:_SCI_disableInterrupt)
                  003ee6fd    0000001a     sci.obj (.text:_SCI_enableInterrupt)
                  003ee717    0000001a     rts2800_ml.lib : l_tofs28.asm.obj (.text)
                  003ee731    00000019     CSMON_C28xx.lib : csmon.obj (.text:_CSMON_vFileParameterCountCheckSumUpdate)
                  003ee74a    00000019                     : hmdrv.obj (.text:_HMDRV_AddressFromBuffer)
                  003ee763    00000019                     : hmmodbus.obj (.text:_HMMODBUS_GetRealQueueNumber)
                  003ee77c    00000019                     : uart_drv.obj (.text:_UART_vInit)
                  003ee795    00000019                     : hmmodbus.obj (.text:_bGetFileReadAccess)
                  003ee7ae    00000019     rts2800_ml.lib : prolog28.asm.obj (.text)
                  003ee7c7    00000018     CSMON_C28xx.lib : csmon.obj (.text:_CSMON_u32GetFreeRunningTimerMicroseconds)
                  003ee7df    00000018                     : hmlib.obj (.text:_HMLIB_vProcessSCITXISRWithIndex)
                  003ee7f7    00000018     F2806x_SysCtrl.obj (.text:_InitSysCtrl)
                  003ee80f    00000018     rts2800_ml.lib : ll_aox28.asm.obj (.text)
                  003ee827    00000017     CSMON_C28xx.lib : hmmodbus.obj (.text:_HMMODBUS_Tx)
                  003ee83e    00000017                     : hmmodbus.obj (.text:_HMMODBUS_vProcessTxDelay)
                  003ee855    00000017                     : hmprotocol.obj (.text:_HMPROTOCOL_WriteMem)
                  003ee86c    00000017                     : hmprotocol.obj (.text:_HMPROTOCOL_WriteMemMask)
                  003ee883    00000017                     : hmmodbus.obj (.text:_vSetBufferAddressStart)
                  003ee89a    00000017     rts2800_ml.lib : fs_cmp28.asm.obj (.text)
                  003ee8b1    00000017                    : u_tofd28.asm.obj (.text)
                  003ee8c8    00000016     CSMON_C28xx.lib : csmon.obj (.text:_CSMON_eSetParameterCountInScope)
                  003ee8de    00000016                     : hmdrv.obj (.text:_HMDRV_AddressFromBufferBigEndian)
                  003ee8f4    00000016                     : hmdrv.obj (.text:_HMDRV_CopyToBufferInternalModbusSingleCoil)
                  003ee90a    00000015                     : hmrecparam.obj (.text:_HMRECPRM_Comparefloat)
                  003ee91f    00000015                     : hmrec.obj (.text:_HMREC_Comparefloat)
                  003ee934    00000015                     : hmrec.obj (.text:_HMREC_StartRec)
                  003ee949    00000015     F2806x_Gpio.obj (.text:_InitGpio)
                  003ee95e    00000014     CSMON_C28xx.lib : hmlib.obj (.text:_HMLIB_vProcessFastTD)
                  003ee972    00000014                     : hmmodbus.obj (.text:_HMMODBUS_DelayedTx)
                  003ee986    00000014                     : hmrecparam.obj (.text:_HMRECPRM_StopRecParam)
                  003ee99a    00000014                     : hmserial.obj (.text:_HMSERIAL_DelayedTx)
                  003ee9ae    00000013                     : csmon.obj (.text:_CSMON_eSetFlagProcessPassed)
                  003ee9c1    00000013                     : hmmodbus.obj (.text:_HMMODBUS_vSetupQueueRegistersAddressTable)
                  003ee9d4    00000013     rts2800_ml.lib : ul_tofs28.asm.obj (.text)
                  003ee9e7    00000012     CSMON_C28xx.lib : hmdrv.obj (.text:_HMDRV_GetStringLengthFromWordInternal)
                  003ee9f9    00000012                     : hmrecparam.obj (.text:_HMRECPRM_CompareBOOL)
                  003eea0b    00000012                     : modbusreg.obj (.text:_MODBUSREG_vFileDenyAccess)
                  003eea1d    00000012                     : modbusreg.obj (.text:_MODBUSREG_vInitHoldingRegistersTableChanges)
                  003eea2f    00000012                     : uart_drv.obj (.text:_UART_TxIntDis)
                  003eea41    00000012                     : uart_drv.obj (.text:_UART_TxIntEna)
                  003eea53    00000011                     : csmon.obj (.text:_CSMON_eApplyParameterChanges)
                  003eea64    00000011     main.obj (.text:_CSMON_vSetDateTime)
                  003eea75    00000011     CSMON_C28xx.lib : hmserial.obj (.text:_HMSERIAL_vInit)
                  003eea86    00000011     F2806x_PieVect.obj (.text:_InitPieVectTable)
                  003eea97    00000011     main.obj (.text:_vSetWatchdogPrescalerTimeDiv)
                  003eeaa8    00000011     rts2800_ml.lib : args_main.c.obj (.text)
                  003eeab9    00000010     device.obj (.text:_Example_MemCopy)
                  003eeac9    00000010     CSMON_C28xx.lib : hmlib.obj (.text:_HMLIB_vInitRecParamBuff)
                  003eead9    00000010                     : hmmodbus.obj (.text:_HMMODBUS_vSetupRegisterDummy)
                  003eeae9    00000010     F2806x_SysCtrl.obj (.text:_IntOsc1Sel)
                  003eeaf9    00000010     CSMON_C28xx.lib : hmmodbus.obj (.text:_bIsValidEndAddressInBuffer)
                  003eeb09    00000010                     : hmmodbus.obj (.text:_u32BytesMemoryToBytesModbus)
                  003eeb19    00000010                     : hmmodbus.obj (.text:_u32BytesModbusToBytesMemory)
                  003eeb29    00000010     main.obj (.text:_vGetWatchdogPrescaler)
                  003eeb39    00000010     rts2800_ml.lib : u_tofs28.asm.obj (.text)
                  003eeb49    0000000f     CSMON_C28xx.lib : hmlib.obj (.text:_HMLIB_GetRecBuffAddress)
                  003eeb58    0000000f                     : hmlib.obj (.text:_HMLIB_vProcessRecorders)
                  003eeb67    0000000f                     : hmmodbus.obj (.text:_HMMODBUS_CalcCRC)
                  003eeb76    0000000f                     : uart_drv.obj (.text:_UART_IsTxEmpty)
                  003eeb85    0000000e                     : hmdrv.obj (.text:_HMDRV_GetStringLengthInternal)
                  003eeb93    0000000e                     : hmlib.obj (.text:_HMLIB_GetRecBufferSize)
                  003eeba1    0000000e                     : hmlib.obj (.text:_HMLIB_GetRecSampleSize)
                  003eebaf    0000000e                     : hmrecparam.obj (.text:_HMRECPRM_Compare16S)
                  003eebbd    0000000e                     : hmrecparam.obj (.text:_HMRECPRM_Compare16U)
                  003eebcb    0000000e                     : hmrecparam.obj (.text:_HMRECPRM_Compare32S)
                  003eebd9    0000000e                     : hmrecparam.obj (.text:_HMRECPRM_Compare32U)
                  003eebe7    0000000e                     : hmrecparam.obj (.text:_HMRECPRM_Compare8S)
                  003eebf5    0000000e                     : hmrecparam.obj (.text:_HMRECPRM_Compare8U)
                  003eec03    0000000e                     : hmrec.obj (.text:_HMREC_Compare16S)
                  003eec11    0000000e                     : hmrec.obj (.text:_HMREC_Compare16U)
                  003eec1f    0000000e                     : hmrec.obj (.text:_HMREC_Compare32S)
                  003eec2d    0000000e                     : hmrec.obj (.text:_HMREC_Compare32U)
                  003eec3b    0000000e                     : hmrec.obj (.text:_HMREC_Compare8S)
                  003eec49    0000000e                     : hmrec.obj (.text:_HMREC_Compare8U)
                  003eec57    0000000e                     : hmmodbus.obj (.text:_u32FitAddressCircleBufferInside)
                  003eec65    0000000e     rts2800_ml.lib : fd_sub28.asm.obj (.text)
                  003eec73    0000000d     CSMON_C28xx.lib : hmdrv.obj (.text:_HMDRV_CopyFromBufferInternalSingleCoil)
                  003eec80    0000000d                     : hmrecparam.obj (.text:_HMRECPRM_IsJustStopped)
                  003eec8d    0000000d                     : hmrecparam.obj (.text:_HMRECPRM_StopRec)
                  003eec9a    0000000d                     : hmrec.obj (.text:_HMREC_StopRec)
                  003eeca7    0000000d                     : modbusreg.obj (.text:_MODBUSREG_vFileAllowAccess)
                  003eecb4    0000000d     tmr_drv.obj (.text:_TIMER_vSetupTimerMainFunctionDelayCompare)
                  003eecc1    0000000d     CSMON_C28xx.lib : uart_drv.obj (.text:_UART_ReadDataRxAvailable)
                  003eecce    0000000c                     : hmdrv.obj (.text:_HMDRV_CopyToBufferInternalSingleCoil)
                  003eecda    0000000c                     : hmlib.obj (.text:_HMLIB_vProcess)
                  003eece6    0000000c                     : hmrecparam.obj (.text:_HMRECPRM_GetBufferRecParamPtrAddress)
                  003eecf2    0000000c                     : hmrecparam.obj (.text:_HMRECPRM_TriggerRec)
                  003eecfe    0000000c                     : hmmodbus.obj (.text:_u32FixAddressCircleBufferOverflow)
                  003eed0a    0000000c     rts2800_ml.lib : epilog28.asm.obj (.text)
                  003eed16    0000000b     CSMON_C28xx.lib : hmmodbus.obj (.text:_HMMODBUS_vProcessFastTD)
                  003eed21    0000000b                     : hmrecparam.obj (.text:_HMRECPRM_IsRunning)
                  003eed2c    0000000b                     : hmrecparam.obj (.text:_HMRECPRM_vResetAllStopDetections)
                  003eed37    0000000b                     : hmserial.obj (.text:_HMSERIAL_vProcessFastTD)
                  003eed42    0000000b                     : modbusreg.obj (.text:_MODBUSREG_vDataZero)
                  003eed4d    0000000b     sci_driver.obj (.text:_SCI_DRV_eGetModuleIndexFromBase)
                  003eed58    0000000b     sci_drv.obj (.text:_SCI_eGetModuleIndexFromBase)
                  003eed63    0000000b     tmr_drv.obj (.text:_TMR1_ISR)
                  003eed6e    0000000b     CSMON_C28xx.lib : uart_drv.obj (.text:_UART_TxDis)
                  003eed79    0000000b                     : uart_drv.obj (.text:_UART_TxEna)
                  003eed84    0000000b                     : hmmodbus.obj (.text:_bIsValidIndexFileTable)
                  003eed8f    0000000b     rts2800_ml.lib : u_div28.asm.obj (.text)
                  003eed9a    0000000a     CSMON_C28xx.lib : csmon.obj (.text:_CSMON_eResetParameterTable)
                  003eeda4    0000000a                     : hmrecparam.obj (.text:_HMRECPRM_ClrLastStopDetectionToRecorderStopSamplesCounter)
                  003eedae    0000000a                     : hmrecparam.obj (.text:_HMRECPRM_GetRecStatus)
                  003eedb8    0000000a                     : hmrec.obj (.text:_HMREC_GetRecStatus)
                  003eedc2    00000009                     : csmon.obj (.text:_CSMON_eSetServerOnStatus)
                  003eedcb    00000009                     : hmmodbus.obj (.text:_HMMODBUS_vProcessFreeTimer)
                  003eedd4    00000009                     : hmmodbus.obj (.text:_HMMODBUS_vProcessRxDelay)
                  003eeddd    00000009                     : hmrecparam.obj (.text:_HMRECPRM_GetExternBufferRecParamLastPointedAddress)
                  003eede6    00000009                     : hmrecparam.obj (.text:_HMRECPRM_GetExternBufferRecParamPtrAddress)
                  003eedef    00000009                     : hmrecparam.obj (.text:_HMRECPRM_vDisableAllStopDetections)
                  003eedf8    00000009                     : hmrec.obj (.text:_HMREC_TriggerRec)
                  003eee01    00000009                     : hmscopeparam.obj (.text:_HMSCOPEPRM_GetBufferScopeParamAddress)
                  003eee0a    00000009                     : hmserial.obj (.text:_HMSERIAL_vProcessFreeTimer)
                  003eee13    00000009     tmr_drv.obj (.text:_TIMER_vResetTimerMainFunctionDelayCounter)
                  003eee1c    00000009     tmr_drv.obj (.text:_TIMER_vSetupTimerMainDelayedFunctionSendData)
                  003eee25    00000009     CSMON_C28xx.lib : uart_drv.obj (.text:_UART_PutChar)
                  003eee2e    00000009                     : uart_drv.obj (.text:_UART_ReadDataRxTimeDiff)
                  003eee37    00000009     rts2800_ml.lib : _lock.c.obj (.text)
                  003eee40    00000009                    : fd_neg28.asm.obj (.text)
                  003eee49    00000008     Example_Flash2806x_CsmKeys.obj (.text)
                  003eee51    00000008     F2806x_CodeStartBranch.obj (.text)
                  003eee59    00000008     CSMON_C28xx.lib : csmon.obj (.text:_CSMON_u32GetParameterAuxCheckSum)
                  003eee61    00000008                     : csmon.obj (.text:_CSMON_vInitScopes)
                  003eee69    00000008     F2806x_SysCtrl.obj (.text:_DisableDog)
                  003eee71    00000008     CSMON_C28xx.lib : hmdrv.obj (.text:_HMDRV_CopyFromBufferWithMaskModbus)
                  003eee79    00000008                     : hmmodbus.obj (.text:_HMMODBUS_vSetupHoldingRegistersAddressTable)
                  003eee81    00000008                     : hmrecparam.obj (.text:_HMRECPRM_GetExternRecParamAddress)
                  003eee89    00000008                     : hmrecparam.obj (.text:_HMRECPRM_GetExternRecParamPtrMaximumUsedSampleCount)
                  003eee91    00000008                     : hmrecparam.obj (.text:_HMRECPRM_GetExternRecParamPtrSampleSize)
                  003eee99    00000008                     : hmrecparam.obj (.text:_HMRECPRM_GetRecParamPtrAvailableSampleCount)
                  003eeea1    00000008                     : hmrecparam.obj (.text:_HMRECPRM_GetRecParamPtrLastSampleIndex)
                  003eeea9    00000008                     : hmrecparam.obj (.text:_HMRECPRM_GetRecParamPtrMaximumUsedSampleCount)
                  003eeeb1    00000008                     : hmrecparam.obj (.text:_HMRECPRM_GetRecParamPtrSampleSize)
                  003eeeb9    00000008                     : hmrecparam.obj (.text:_HMRECPRM_GetStatusInternalRecParamAddress)
                  003eeec1    00000008                     : hmrecparam.obj (.text:_HMRECPRM_GetStatusRecParamAddress)
                  003eeec9    00000008                     : hmrecparam.obj (.text:_HMRECPRM_vInit)
                  003eeed1    00000008                     : hmrec.obj (.text:_HMREC_vInit)
                  003eeed9    00000007     F2806x_DisInt.obj (.text)
                  003eeee0    00000007     CSMON_C28xx.lib : hmlib.obj (.text:_HMLIB_vProcessDifferentPorts)
                  003eeee7    00000007                     : hmscopeparam.obj (.text:_HMSCOPEPRM_GetStatusScopeParamAddress)
                  003eeeee    00000007     sci_driver.obj (.text:_SCI_DRV_u32GetBaseFromModuleIndex)
                  003eeef5    00000007     sci_drv.obj (.text:_SCI_u32GetBaseFromModuleIndex)
                  003eeefc    00000006     cputimer.obj (.text:_CPUTimer_setEmulationMode)
                  003eef02    00000006     CSMON_C28xx.lib : hmmodbus.obj (.text:_HMMODBUS_vSetupActiveQueueIndex)
                  003eef08    00000006                     : hmmodbus.obj (.text:_HMMODBUS_vSetupCoilDummy)
                  003eef0e    00000006                     : hmmodbus.obj (.text:_HMMODBUS_vSetupHoldingCoilsAddressTable)
                  003eef14    00000006                     : hmmodbus.obj (.text:_HMMODBUS_vSetupHoldingRegistersAddressTableInRam)
                  003eef1a    00000006                     : hmmodbus.obj (.text:_HMMODBUS_vSetupInputCoilsAddressTable)
                  003eef20    00000006                     : hmmodbus.obj (.text:_HMMODBUS_vSetupInputRegistersAddressTable)
                  003eef26    00000006                     : hmmodbus.obj (.text:_HMMODBUS_vSetupInputRegistersAddressTableInRam)
                  003eef2c    00000006                     : hmrecparam.obj (.text:_HMRECPRM_SetUpRecBuff)
                  003eef32    00000006                     : hmrec.obj (.text:_HMREC_SetUpRecBuff)
                  003eef38    00000006     tmr_drv.obj (.text:_TIMER_u16ResetTimerMainPeriod)
                  003eef3e    00000006     uart_driver.obj (.text:_UART_DRV_GetChar)
                  003eef44    00000006     CSMON_C28xx.lib : uart_drv.obj (.text:_UART_GetChar)
                  003eef4a    00000005     F2806x_DefaultIsr.obj (.text:_ADCINT1_ISR)
                  003eef4f    00000005     F2806x_DefaultIsr.obj (.text:_ADCINT2_ISR)
                  003eef54    00000005     F2806x_DefaultIsr.obj (.text:_ADCINT3_ISR)
                  003eef59    00000005     F2806x_DefaultIsr.obj (.text:_ADCINT4_ISR)
                  003eef5e    00000005     F2806x_DefaultIsr.obj (.text:_ADCINT5_ISR)
                  003eef63    00000005     F2806x_DefaultIsr.obj (.text:_ADCINT6_ISR)
                  003eef68    00000005     F2806x_DefaultIsr.obj (.text:_ADCINT7_ISR)
                  003eef6d    00000005     F2806x_DefaultIsr.obj (.text:_ADCINT8_ISR)
                  003eef72    00000005     F2806x_DefaultIsr.obj (.text:_ADCINT9_ISR)
                  003eef77    00000005     F2806x_DefaultIsr.obj (.text:_CLA1_INT1_ISR)
                  003eef7c    00000005     F2806x_DefaultIsr.obj (.text:_CLA1_INT2_ISR)
                  003eef81    00000005     F2806x_DefaultIsr.obj (.text:_CLA1_INT3_ISR)
                  003eef86    00000005     F2806x_DefaultIsr.obj (.text:_CLA1_INT4_ISR)
                  003eef8b    00000005     F2806x_DefaultIsr.obj (.text:_CLA1_INT5_ISR)
                  003eef90    00000005     F2806x_DefaultIsr.obj (.text:_CLA1_INT6_ISR)
                  003eef95    00000005     F2806x_DefaultIsr.obj (.text:_CLA1_INT7_ISR)
                  003eef9a    00000005     F2806x_DefaultIsr.obj (.text:_CLA1_INT8_ISR)
                  003eef9f    00000005     CSMON_C28xx.lib : csmon.obj (.text:_CSMON_eSetAutoServiceWatchdogInternalSlowCalculationsInMainLoop)
                  003eefa4    00000005                     : csmon.obj (.text:_CSMON_eSetFirmwareApplicationVersion)
                  003eefa9    00000005                     : csmon.obj (.text:_CSMON_eSetMaxTimeInISR)
                  003eefae    00000005                     : csmon.obj (.text:_CSMON_eSetMinGuaranteedTimeBetweenTwoISRs)
                  003eefb3    00000005                     : csmon.obj (.text:_CSMON_u16ParametersAccessListIndexGenerate)
                  003eefb8    00000005                     : csmon.obj (.text:_CSMON_u32GetFreeRunningTimerTicks)
                  003eefbd    00000005                     : csmon.obj (.text:_CSMON_vSetDateTimeRequest)
                  003eefc2    00000005     F2806x_DefaultIsr.obj (.text:_DATALOG_ISR)
                  003eefc7    00000005     F2806x_DefaultIsr.obj (.text:_DINTCH1_ISR)
                  003eefcc    00000005     F2806x_DefaultIsr.obj (.text:_DINTCH2_ISR)
                  003eefd1    00000005     F2806x_DefaultIsr.obj (.text:_DINTCH3_ISR)
                  003eefd6    00000005     F2806x_DefaultIsr.obj (.text:_DINTCH4_ISR)
                  003eefdb    00000005     F2806x_DefaultIsr.obj (.text:_DINTCH5_ISR)
                  003eefe0    00000005     F2806x_DefaultIsr.obj (.text:_DINTCH6_ISR)
                  003eefe5    00000005     F2806x_DefaultIsr.obj (.text:_ECAN0INTA_ISR)
                  003eefea    00000005     F2806x_DefaultIsr.obj (.text:_ECAN1INTA_ISR)
                  003eefef    00000005     F2806x_DefaultIsr.obj (.text:_ECAP1_INT_ISR)
                  003eeff4    00000005     F2806x_DefaultIsr.obj (.text:_ECAP2_INT_ISR)
                  003eeff9    00000005     F2806x_DefaultIsr.obj (.text:_ECAP3_INT_ISR)
                  003eeffe    00000005     F2806x_DefaultIsr.obj (.text:_EMPTY_ISR)
                  003ef003    00000005     F2806x_DefaultIsr.obj (.text:_EMUINT_ISR)
                  003ef008    00000005     F2806x_DefaultIsr.obj (.text:_EPWM1_INT_ISR)
                  003ef00d    00000005     F2806x_DefaultIsr.obj (.text:_EPWM1_TZINT_ISR)
                  003ef012    00000005     F2806x_DefaultIsr.obj (.text:_EPWM2_INT_ISR)
                  003ef017    00000005     F2806x_DefaultIsr.obj (.text:_EPWM2_TZINT_ISR)
                  003ef01c    00000005     F2806x_DefaultIsr.obj (.text:_EPWM3_INT_ISR)
                  003ef021    00000005     F2806x_DefaultIsr.obj (.text:_EPWM3_TZINT_ISR)
                  003ef026    00000005     F2806x_DefaultIsr.obj (.text:_EPWM4_INT_ISR)
                  003ef02b    00000005     F2806x_DefaultIsr.obj (.text:_EPWM4_TZINT_ISR)
                  003ef030    00000005     F2806x_DefaultIsr.obj (.text:_EPWM5_INT_ISR)
                  003ef035    00000005     F2806x_DefaultIsr.obj (.text:_EPWM5_TZINT_ISR)
                  003ef03a    00000005     F2806x_DefaultIsr.obj (.text:_EPWM6_INT_ISR)
                  003ef03f    00000005     F2806x_DefaultIsr.obj (.text:_EPWM6_TZINT_ISR)
                  003ef044    00000005     F2806x_DefaultIsr.obj (.text:_EPWM7_INT_ISR)
                  003ef049    00000005     F2806x_DefaultIsr.obj (.text:_EPWM7_TZINT_ISR)
                  003ef04e    00000005     F2806x_DefaultIsr.obj (.text:_EPWM8_INT_ISR)
                  003ef053    00000005     F2806x_DefaultIsr.obj (.text:_EPWM8_TZINT_ISR)
                  003ef058    00000005     F2806x_DefaultIsr.obj (.text:_EQEP1_INT_ISR)
                  003ef05d    00000005     F2806x_DefaultIsr.obj (.text:_EQEP2_INT_ISR)
                  003ef062    00000005     CSMON_C28xx.lib : hmlib.obj (.text:_HMLIB_vProcessSamePort)
                  003ef067    00000005                     : hmlib.obj (.text:_HMLIB_vRecorder0)
                  003ef06c    00000005                     : hmlib.obj (.text:_HMLIB_vRecorder1)
                  003ef071    00000005                     : hmlib.obj (.text:_HMLIB_vRecorder2)
                  003ef076    00000005                     : hmmodbus.obj (.text:_HMMODBUS_bGetReceivedMessage)
                  003ef07b    00000005                     : hmmodbus.obj (.text:_HMMODBUS_vFileTable)
                  003ef080    00000005                     : hmmodbus.obj (.text:_HMMODBUS_vSetupHoldingCoilsAddressTableInRam)
                  003ef085    00000005                     : hmmodbus.obj (.text:_HMMODBUS_vSetupInputCoilsAddressTableInRam)
                  003ef08a    00000005     F2806x_DefaultIsr.obj (.text:_HRCAP1_INT_ISR)
                  003ef08f    00000005     F2806x_DefaultIsr.obj (.text:_HRCAP2_INT_ISR)
                  003ef094    00000005     F2806x_DefaultIsr.obj (.text:_HRCAP3_INT_ISR)
                  003ef099    00000005     F2806x_DefaultIsr.obj (.text:_HRCAP4_INT_ISR)
                  003ef09e    00000005     F2806x_DefaultIsr.obj (.text:_I2CINT1A_ISR)
                  003ef0a3    00000005     F2806x_DefaultIsr.obj (.text:_I2CINT2A_ISR)
                  003ef0a8    00000005     F2806x_DefaultIsr.obj (.text:_ILLEGAL_ISR)
                  003ef0ad    00000005     F2806x_DefaultIsr.obj (.text:_INT13_ISR)
                  003ef0b2    00000005     F2806x_DefaultIsr.obj (.text:_INT14_ISR)
                  003ef0b7    00000005     interrupt.obj (.text:_IntDefaultHandler)
                  003ef0bc    00000005     F2806x_DefaultIsr.obj (.text:_LUF_ISR)
                  003ef0c1    00000005     F2806x_DefaultIsr.obj (.text:_LVF_ISR)
                  003ef0c6    00000005     F2806x_DefaultIsr.obj (.text:_MRINTA_ISR)
                  003ef0cb    00000005     F2806x_DefaultIsr.obj (.text:_MXINTA_ISR)
                  003ef0d0    00000005     F2806x_DefaultIsr.obj (.text:_NMI_ISR)
                  003ef0d5    00000005     F2806x_DefaultIsr.obj (.text:_PIE_RESERVED)
                  003ef0da    00000005     F2806x_DefaultIsr.obj (.text:_RTOSINT_ISR)
                  003ef0df    00000005     F2806x_DefaultIsr.obj (.text:_SCIRXINTA_ISR)
                  003ef0e4    00000005     F2806x_DefaultIsr.obj (.text:_SCIRXINTB_ISR)
                  003ef0e9    00000005     F2806x_DefaultIsr.obj (.text:_SCITXINTA_ISR)
                  003ef0ee    00000005     F2806x_DefaultIsr.obj (.text:_SCITXINTB_ISR)
                  003ef0f3    00000005     F2806x_DefaultIsr.obj (.text:_SPIRXINTA_ISR)
                  003ef0f8    00000005     F2806x_DefaultIsr.obj (.text:_SPIRXINTB_ISR)
                  003ef0fd    00000005     F2806x_DefaultIsr.obj (.text:_SPITXINTA_ISR)
                  003ef102    00000005     F2806x_DefaultIsr.obj (.text:_SPITXINTB_ISR)
                  003ef107    00000005     tmr_drv.obj (.text:_TIMER_vSetupTimerMainDelayedData)
                  003ef10c    00000005     F2806x_DefaultIsr.obj (.text:_TINT0_ISR)
                  003ef111    00000005     F2806x_DefaultIsr.obj (.text:_USB0_INT_ISR)
                  003ef116    00000005     F2806x_DefaultIsr.obj (.text:_USER10_ISR)
                  003ef11b    00000005     F2806x_DefaultIsr.obj (.text:_USER11_ISR)
                  003ef120    00000005     F2806x_DefaultIsr.obj (.text:_USER12_ISR)
                  003ef125    00000005     F2806x_DefaultIsr.obj (.text:_USER1_ISR)
                  003ef12a    00000005     F2806x_DefaultIsr.obj (.text:_USER2_ISR)
                  003ef12f    00000005     F2806x_DefaultIsr.obj (.text:_USER3_ISR)
                  003ef134    00000005     F2806x_DefaultIsr.obj (.text:_USER4_ISR)
                  003ef139    00000005     F2806x_DefaultIsr.obj (.text:_USER5_ISR)
                  003ef13e    00000005     F2806x_DefaultIsr.obj (.text:_USER6_ISR)
                  003ef143    00000005     F2806x_DefaultIsr.obj (.text:_USER7_ISR)
                  003ef148    00000005     F2806x_DefaultIsr.obj (.text:_USER8_ISR)
                  003ef14d    00000005     F2806x_DefaultIsr.obj (.text:_USER9_ISR)
                  003ef152    00000005     F2806x_DefaultIsr.obj (.text:_WAKEINT_ISR)
                  003ef157    00000005     F2806x_DefaultIsr.obj (.text:_XINT1_ISR)
                  003ef15c    00000005     F2806x_DefaultIsr.obj (.text:_XINT2_ISR)
                  003ef161    00000005     F2806x_DefaultIsr.obj (.text:_XINT3_ISR)
                  003ef166    00000005     F2806x_DefaultIsr.obj (.text:_rsvd_ISR)
                  003ef16b    00000005     rts2800_ml.lib : fs_neg28.asm.obj (.text)
                  003ef170    00000004     CSMON_C28xx.lib : csmon.obj (.text:_CSMON_eRegisterWriteParElementCallbackFunction)
                  003ef174    00000004                     : csmon.obj (.text:_CSMON_eSetInternalTimerPeriod)
                  003ef178    00000004                     : csmon.obj (.text:_CSMON_eSetTimerPeriodISRFunctionRegister)
                  003ef17c    00000004                     : csmon.obj (.text:_CSMON_u32GetBaudError_PPM)
                  003ef180    00000004                     : csmon.obj (.text:_CSMON_vAddSetupRecorderParameterMask)
                  003ef184    00000004                     : csmon.obj (.text:_CSMON_vSetStartRecorderParameterMask)
                  003ef188    00000004                     : hmdrv.obj (.text:_HMDRV_SetExAddr)
                  003ef18c    00000004                     : hmdrv.obj (.text:_HMDRV_u32GetDeviceSYSCLKFreq)
                  003ef190    00000004                     : hmdrv.obj (.text:_HMDRV_u32GetSCIErrorPPM)
                  003ef194    00000004                     : hmlib.obj (.text:_HMLIB_vRecorderParam0)
                  003ef198    00000004                     : hmlib.obj (.text:_HMLIB_vRecorderParam1)
                  003ef19c    00000004                     : hmlib.obj (.text:_HMLIB_vRecorderParam2)
                  003ef1a0    00000004                     : hmmodbus.obj (.text:_HMMODBUS_u32GetAddressMessageCounterThisDevice)
                  003ef1a4    00000004                     : hmmodbus.obj (.text:_HMMODBUS_vSetDeviceIDMajorMinorRevision)
                  003ef1a8    00000004                     : hmmodbus.obj (.text:_HMMODBUS_vSetDeviceIDMajorMinorRevisionLength)
                  003ef1ac    00000004                     : hmmodbus.obj (.text:_HMMODBUS_vSetDeviceIDModelName)
                  003ef1b0    00000004                     : hmmodbus.obj (.text:_HMMODBUS_vSetDeviceIDModelNameLength)
                  003ef1b4    00000004                     : hmmodbus.obj (.text:_HMMODBUS_vSetDeviceIDProductCode)
                  003ef1b8    00000004                     : hmmodbus.obj (.text:_HMMODBUS_vSetDeviceIDProductCodeLength)
                  003ef1bc    00000004                     : hmmodbus.obj (.text:_HMMODBUS_vSetDeviceIDProductName)
                  003ef1c0    00000004                     : hmmodbus.obj (.text:_HMMODBUS_vSetDeviceIDProductNameLength)
                  003ef1c4    00000004                     : hmmodbus.obj (.text:_HMMODBUS_vSetDeviceIDUserApplicationName)
                  003ef1c8    00000004                     : hmmodbus.obj (.text:_HMMODBUS_vSetDeviceIDUserApplicationNameLength)
                  003ef1cc    00000004                     : hmmodbus.obj (.text:_HMMODBUS_vSetDeviceIDUserReserve0)
                  003ef1d0    00000004                     : hmmodbus.obj (.text:_HMMODBUS_vSetDeviceIDUserReserve0Length)
                  003ef1d4    00000004                     : hmmodbus.obj (.text:_HMMODBUS_vSetDeviceIDUserReserve1)
                  003ef1d8    00000004                     : hmmodbus.obj (.text:_HMMODBUS_vSetDeviceIDUserReserve1Length)
                  003ef1dc    00000004                     : hmmodbus.obj (.text:_HMMODBUS_vSetDeviceIDUserReserve2)
                  003ef1e0    00000004                     : hmmodbus.obj (.text:_HMMODBUS_vSetDeviceIDUserReserve2Length)
                  003ef1e4    00000004                     : hmmodbus.obj (.text:_HMMODBUS_vSetDeviceIDVendorName)
                  003ef1e8    00000004                     : hmmodbus.obj (.text:_HMMODBUS_vSetDeviceIDVendorNameLength)
                  003ef1ec    00000004                     : hmmodbus.obj (.text:_HMMODBUS_vSetDeviceIDVendorUrl)
                  003ef1f0    00000004                     : hmmodbus.obj (.text:_HMMODBUS_vSetDeviceIDVendorUrlLength)
                  003ef1f4    00000004                     : hmmodbus.obj (.text:_HMMODBUS_vSetServerIDDataAddress)
                  003ef1f8    00000004                     : hmmodbus.obj (.text:_HMMODBUS_vSetServerIDLength)
                  003ef1fc    00000004                     : hmmodbus.obj (.text:_HMMODBUS_vSetServerIDNumber)
                  003ef200    00000004                     : hmmodbus.obj (.text:_HMMODBUS_vSetServerOnStatus)
                  003ef204    00000004                     : hmmodbus.obj (.text:_HMMODBUS_vSetupWriteParElementCallbackFunction)
                  003ef208    00000004     interrupt.obj (.text:_IntMasterDisable)
                  003ef20c    00000004     interrupt.obj (.text:_IntMasterEnable)
                  003ef210    00000004     CSMON_C28xx.lib : modbusreg.obj (.text:_MODBUSREG_u16GetHoldRegFillCount)
                  003ef214    00000004                     : modbusreg.obj (.text:_MODBUSREG_u32GetHoldingCoilAddressTable)
                  003ef218    00000004                     : modbusreg.obj (.text:_MODBUSREG_u32GetHoldingCoilAddressTableInRam)
                  003ef21c    00000004                     : modbusreg.obj (.text:_MODBUSREG_u32GetInputCoilAddressTable)
                  003ef220    00000004                     : modbusreg.obj (.text:_MODBUSREG_u32GetInputCoilAddressTableInRam)
                  003ef224    00000004                     : modbusreg.obj (.text:_MODBUSREG_u32GetInputRegisterAccessTableInRam)
                  003ef228    00000004                     : modbusreg.obj (.text:_MODBUSREG_u32GetInputRegisterAddressTable)
                  003ef22c    00000004                     : modbusreg.obj (.text:_MODBUSREG_u32GetRegisterAccessTableInRam)
                  003ef230    00000004                     : modbusreg.obj (.text:_MODBUSREG_u32GetRegisterAddressTable)
                  003ef234    00000004                     : modbusreg.obj (.text:_MODBUSREG_u32GetRegisterAddressTableInRam)
                  003ef238    00000004                     : modbusreg.obj (.text:_MODBUSREG_vSetFileAutorization_FunctionAfterWriteFileRecordTable)
                  003ef23c    00000004                     : modbusreg.obj (.text:_MODBUSREG_vSetFileParamCount_FunctionBeforeReadFileRecord)
                  003ef240    00000004                     : modbusreg.obj (.text:_MODBUSREG_vSetFileRTC_FunctionAfterReadFileRecord)
                  003ef244    00000004                     : modbusreg.obj (.text:_MODBUSREG_vSetFileRTC_FunctionAfterWriteFileRecord)
                  003ef248    00000004                     : modbusreg.obj (.text:_MODBUSREG_vSetFileRecConfig_FunctionAfterWriteFileRecord)
                  003ef24c    00000004                     : modbusreg.obj (.text:_MODBUSREG_vSetFileRecStatus_FunctionIndexGenerationFileRecord)
                  003ef250    00000004                     : modbusreg.obj (.text:_MODBUSREG_vSetParamCount)
                  003ef254    00000004                     : modbusreg.obj (.text:_MODBUSREG_vSetParamListAddress)
                  003ef258    00000004                     : modbusreg.obj (.text:_MODBUSREG_vSetParamNameAddress)
                  003ef25c    00000004                     : modbusreg.obj (.text:_MODBUSREG_vSetParamNumbAddress)
                  003ef260    00000004                     : modbusreg.obj (.text:_MODBUSREG_vSetParamRecorderConfigAddress)
                  003ef264    00000004                     : modbusreg.obj (.text:_MODBUSREG_vSetParamReservedAddress)
                  003ef268    00000004                     : modbusreg.obj (.text:_MODBUSREG_vSetParamScopeConfigAddress)
                  003ef26c    00000004                     : modbusreg.obj (.text:_MODBUSREG_vSetParamStringAddress)
                  003ef270    00000004     tmr_drv.obj (.text:_TIMER_vGetTimerMainRollingCounter)
                  003ef274    00000004     tmr_drv.obj (.text:_TIMER_vSetupTimerMainCSMONFunction)
                  003ef278    00000004     tmr_drv.obj (.text:_TMR_u16GetFreeRunTimerPrescaller)
                  003ef27c    00000004     CSMON_C28xx.lib : hmmodbus.obj (.text:_bGetElementsDifference)
                  003ef280    00000004                     : hmmodbus.obj (.text:_u16GetIndexFileTable)
                  003ef284    00000004                     : hmmodbus.obj (.text:_u32GetBufferAddressStart)
                  003ef288    00000004                     : hmmodbus.obj (.text:_u32GetBufferSize)
                  003ef28c    00000004                     : hmmodbus.obj (.text:_u32GetSampleCountAvailable)
                  003ef290    00000004                     : hmmodbus.obj (.text:_u32GetSampleCountBuffer)
                  003ef294    00000004                     : hmmodbus.obj (.text:_u32GetStartSampleIndex)
                  003ef298    00000004                     : hmmodbus.obj (.text:_u8GetSampleSize)
                  003ef29c    00000004                     : hmmodbus.obj (.text:_vSetBufferSize)
                  003ef2a0    00000003     F2806x_DBGIER.obj (.text)
                  003ef2a3    00000003     CSMON_C28xx.lib : csmon.obj (.text:_CSMON_eSetParameter)
                  003ef2a6    00000003                     : csmon.obj (.text:_CSMON_u32GetModbusMessageCounterRegisterRealAddress)
                  003ef2a9    00000003                     : hmlib.obj (.text:_HMLIB_vRecorderParamTimeSync)
                  003ef2ac    00000003                     : hmrecparam.obj (.text:_HMRECPRM_GetTimeBase)
                  003ef2af    00000003                     : modbusreg.obj (.text:_MODBUSREG_u32GetAddressMessageCounterThisDevice)
                  003ef2b2    00000003                     : uart_drv.obj (.text:_UART_TXInterrupt)
                  003ef2b5    00000002                     : hmrecparam.obj (.text:_HMRECPRM_AbortRec)
                  003ef2b7    00000002                     : hmrecparam.obj (.text:_HMRECPRM_GetRecBuffSize)
                  003ef2b9    00000002                     : hmrec.obj (.text:_HMREC_AbortRec)
                  003ef2bb    00000002                     : hmrec.obj (.text:_HMREC_GetRecBuffSize)
                  003ef2bd    00000002                     : modbusreg.obj (.text:_MODBUSREG_u16GetHoldingCoilUsedCount)
                  003ef2bf    00000002                     : modbusreg.obj (.text:_MODBUSREG_u16GetInputCoilUsedCount)
                  003ef2c1    00000002                     : modbusreg.obj (.text:_MODBUSREG_u16GetInputRegisterUsedCount)
                  003ef2c3    00000002     main.obj (.text:_eWriteParElement)
                  003ef2c5    00000002     rts2800_ml.lib : pre_init.c.obj (.text)
                  003ef2c7    00000001     CSMON_C28xx.lib : hmprotocol.obj (.text:_HMPROTOCOL_vInit)
                  003ef2c8    00000001     uart_driver.obj (.text:_UART_DRV_TXInterrupt)
                  003ef2c9    00000001     rts2800_ml.lib : startup.c.obj (.text)

ramfuncs   0    003ef2ca    00000029     RUN ADDR = 00008000
                  003ef2ca    0000001d     F2806x_SysCtrl.obj (ramfuncs:_InitFlash)
                  003ef2e7    00000008     device.obj (ramfuncs:_MyCallbackFunction)
                  003ef2ef    00000004     F2806x_usDelay.obj (ramfuncs)

csm_rsvd   0    003f7f80    00000076     
                  003f7f80    00000076     F2806x_CSMPasswords.obj (csm_rsvd)

codestart 
*          0    003f7ff6    00000002     
                  003f7ff6    00000002     F2806x_CodeStartBranch.obj (codestart)

csmpasswds 
*          0    003f7ff8    00000008     
                  003f7ff8    00000008     F2806x_CSMPasswords.obj (csmpasswds)

.stack     1    00000050    00000380     UNINITIALIZED
                  00000050    00000380     --HOLE--

.econst    0    003ef2f4    00002d4e     
                  003ef2f4    00002800     main.obj (.econst:_asParameterList)
                  003f1af4    00000100     CSMON_C28xx.lib : hmmodbus.obj (.econst:.string:_auchCRCHi)
                  003f1bf4    00000100                     : hmmodbus.obj (.econst:.string:_auchCRCLo)
                  003f1cf4    00000100     F2806x_PieVect.obj (.econst:_PieVectTableInit)
                  003f1df4    00000084     rts2800_ml.lib : k_rem_pio2.c.obj (.econst:_ipio2)
                  003f1e78    00000050     CSMON_C28xx.lib : csmon.obj (.econst:_CSMON_asAccessLevelPasswords)
                  003f1ec8    0000002c     rts2800_ml.lib : k_rem_pio2.c.obj (.econst)
                  003f1ef4    00000028                    : k_cosf.c.obj (.econst)
                  003f1f1c    00000020     CSMON_C28xx.lib : short_names.obj (.econst:_CSMON_asFileParameterShortName)
                  003f1f3c    00000020     rts2800_ml.lib : k_rem_pio2.c.obj (.econst:_PIo2)
                  003f1f5c    00000020                    : k_sinf.c.obj (.econst)
                  003f1f7c    0000001c                    : e_rem_pio2f.c.obj (.econst)
                  003f1f98    0000001c                    : s_scalbn.c.obj (.econst)
                  003f1fb4    00000018     CSMON_C28xx.lib : csmon.obj (.econst:_CSMON_uFileParameterNumeric)
                  003f1fcc    00000018     rts2800_ml.lib : s_sinf.c.obj (.econst)
                  003f1fe4    00000014     CSMON_C28xx.lib : csmon.obj (.econst:_CSMON_au8FileImplementedFunctionCodes)
                  003f1ff8    00000010     main.obj (.econst)
                  003f2008    0000000c     CSMON_C28xx.lib : hmprotocol.obj (.econst:.string)
                  003f2014    0000000c                     : modbusreg.obj (.econst:_MODBUSREG_au32RegisterAddressTable)
                  003f2020    0000000c     rts2800_ml.lib : s_floor.c.obj (.econst)
                  003f202c    00000006     CSMON_C28xx.lib : csmon.obj (.econst:_CSMON_sFileParameterList)
                  003f2032    00000004     rts2800_ml.lib : k_rem_pio2.c.obj (.econst:_init_jk)
                  003f2036    00000003     CSMON_C28xx.lib : csmon.obj (.econst:_CSMON_au8FileParameterListElementsCountInPartTable)
                  003f2039    00000003                     : modbusreg.obj (.econst:_HMMODBUS_u32CoilAddressTable)
                  003f203c    00000003                     : modbusreg.obj (.econst:_MODBUSREG_sInputCoilAddressTable)
                  003f203f    00000003                     : modbusreg.obj (.econst:_MODBUSREG_sInputRegisterAddressTable)

.reset     0    003fffc0    00000002     DSECT
                  003fffc0    00000002     rts2800_ml.lib : boot28.asm.obj (.reset)

vectors    0    003fffc2    00000000     DSECT

DevEmuRegsFile 
*          1    00000880    00000004     UNINITIALIZED
                  00000880    00000004     F2806x_GlobalVariableDefs.obj (DevEmuRegsFile)

SysPwrCtrlRegsFile 
*          1    00000985    00000003     UNINITIALIZED
                  00000985    00000003     F2806x_GlobalVariableDefs.obj (SysPwrCtrlRegsFile)

FlashRegsFile 
*          1    00000a80    00000008     UNINITIALIZED
                  00000a80    00000008     F2806x_GlobalVariableDefs.obj (FlashRegsFile)

CsmRegsFile 
*          1    00000ae0    00000010     UNINITIALIZED
                  00000ae0    00000010     F2806x_GlobalVariableDefs.obj (CsmRegsFile)

AdcResultFile 
*          1    00000b00    00000010     UNINITIALIZED
                  00000b00    00000010     F2806x_GlobalVariableDefs.obj (AdcResultFile)

CpuTimer0RegsFile 
*          1    00000c00    00000008     UNINITIALIZED
                  00000c00    00000008     F2806x_GlobalVariableDefs.obj (CpuTimer0RegsFile)

CpuTimer1RegsFile 
*          1    00000c08    00000008     UNINITIALIZED
                  00000c08    00000008     F2806x_GlobalVariableDefs.obj (CpuTimer1RegsFile)

CpuTimer2RegsFile 
*          1    00000c10    00000008     UNINITIALIZED
                  00000c10    00000008     F2806x_GlobalVariableDefs.obj (CpuTimer2RegsFile)

PieCtrlRegsFile 
*          1    00000ce0    0000001a     UNINITIALIZED
                  00000ce0    0000001a     F2806x_GlobalVariableDefs.obj (PieCtrlRegsFile)

PieVectTableFile 
*          1    00000d00    00000100     UNINITIALIZED
                  00000d00    00000100     F2806x_GlobalVariableDefs.obj (PieVectTableFile)

EmuKeyVar 
*          1    00000d00    00000001     UNINITIALIZED
                  00000d00    00000001     F2806x_GlobalVariableDefs.obj (EmuKeyVar)

EmuBModeVar 
*          1    00000d01    00000001     UNINITIALIZED
                  00000d01    00000001     F2806x_GlobalVariableDefs.obj (EmuBModeVar)

FlashCallbackVar 
*          1    00000d02    00000002     UNINITIALIZED
                  00000d02    00000002     F2806x_GlobalVariableDefs.obj (FlashCallbackVar)

FlashScalingVar 
*          1    00000d04    00000002     UNINITIALIZED
                  00000d04    00000002     F2806x_GlobalVariableDefs.obj (FlashScalingVar)

DmaRegsFile 
*          1    00001000    000000e0     UNINITIALIZED
                  00001000    000000e0     F2806x_GlobalVariableDefs.obj (DmaRegsFile)

Cla1RegsFile 
*          1    00001400    00000040     UNINITIALIZED
                  00001400    00000040     F2806x_GlobalVariableDefs.obj (Cla1RegsFile)

Usb0RegsFile 
*          1    00004000    00000454     UNINITIALIZED
                  00004000    00000454     F2806x_GlobalVariableDefs.obj (Usb0RegsFile)

McbspaRegsFile 
*          1    00005000    00000024     UNINITIALIZED
                  00005000    00000024     F2806x_GlobalVariableDefs.obj (McbspaRegsFile)

ECanaRegsFile 
*          1    00006000    00000034     UNINITIALIZED
                  00006000    00000034     F2806x_GlobalVariableDefs.obj (ECanaRegsFile)

ECanaLAMRegsFile 
*          1    00006040    00000040     UNINITIALIZED
                  00006040    00000040     F2806x_GlobalVariableDefs.obj (ECanaLAMRegsFile)

ECanaMOTSRegsFile 
*          1    00006080    00000040     UNINITIALIZED
                  00006080    00000040     F2806x_GlobalVariableDefs.obj (ECanaMOTSRegsFile)

ECanaMOTORegsFile 
*          1    000060c0    00000040     UNINITIALIZED
                  000060c0    00000040     F2806x_GlobalVariableDefs.obj (ECanaMOTORegsFile)

ECanaMboxesFile 
*          1    00006100    00000100     UNINITIALIZED
                  00006100    00000100     F2806x_GlobalVariableDefs.obj (ECanaMboxesFile)

Comp1RegsFile 
*          1    00006400    00000014     UNINITIALIZED
                  00006400    00000014     F2806x_GlobalVariableDefs.obj (Comp1RegsFile)

Comp2RegsFile 
*          1    00006420    00000014     UNINITIALIZED
                  00006420    00000014     F2806x_GlobalVariableDefs.obj (Comp2RegsFile)

Comp3RegsFile 
*          1    00006440    00000014     UNINITIALIZED
                  00006440    00000014     F2806x_GlobalVariableDefs.obj (Comp3RegsFile)

EPwm1RegsFile 
*          1    00006800    00000040     UNINITIALIZED
                  00006800    00000040     F2806x_GlobalVariableDefs.obj (EPwm1RegsFile)

EPwm2RegsFile 
*          1    00006840    00000040     UNINITIALIZED
                  00006840    00000040     F2806x_GlobalVariableDefs.obj (EPwm2RegsFile)

EPwm3RegsFile 
*          1    00006880    00000040     UNINITIALIZED
                  00006880    00000040     F2806x_GlobalVariableDefs.obj (EPwm3RegsFile)

EPwm4RegsFile 
*          1    000068c0    00000040     UNINITIALIZED
                  000068c0    00000040     F2806x_GlobalVariableDefs.obj (EPwm4RegsFile)

EPwm5RegsFile 
*          1    00006900    00000040     UNINITIALIZED
                  00006900    00000040     F2806x_GlobalVariableDefs.obj (EPwm5RegsFile)

EPwm6RegsFile 
*          1    00006940    00000040     UNINITIALIZED
                  00006940    00000040     F2806x_GlobalVariableDefs.obj (EPwm6RegsFile)

EPwm7RegsFile 
*          1    00006980    00000040     UNINITIALIZED
                  00006980    00000040     F2806x_GlobalVariableDefs.obj (EPwm7RegsFile)

EPwm8RegsFile 
*          1    000069c0    00000040     UNINITIALIZED
                  000069c0    00000040     F2806x_GlobalVariableDefs.obj (EPwm8RegsFile)

ECap1RegsFile 
*          1    00006a00    00000020     UNINITIALIZED
                  00006a00    00000020     F2806x_GlobalVariableDefs.obj (ECap1RegsFile)

ECap2RegsFile 
*          1    00006a20    00000020     UNINITIALIZED
                  00006a20    00000020     F2806x_GlobalVariableDefs.obj (ECap2RegsFile)

ECap3RegsFile 
*          1    00006a40    00000020     UNINITIALIZED
                  00006a40    00000020     F2806x_GlobalVariableDefs.obj (ECap3RegsFile)

HRCap1RegsFile 
*          1    00006ac0    00000020     UNINITIALIZED
                  00006ac0    00000020     F2806x_GlobalVariableDefs.obj (HRCap1RegsFile)

HRCap2RegsFile 
*          1    00006ae0    00000020     UNINITIALIZED
                  00006ae0    00000020     F2806x_GlobalVariableDefs.obj (HRCap2RegsFile)

EQep1RegsFile 
*          1    00006b00    00000022     UNINITIALIZED
                  00006b00    00000022     F2806x_GlobalVariableDefs.obj (EQep1RegsFile)

EQep2RegsFile 
*          1    00006b40    00000022     UNINITIALIZED
                  00006b40    00000022     F2806x_GlobalVariableDefs.obj (EQep2RegsFile)

HRCap3RegsFile 
*          1    00006c80    00000020     UNINITIALIZED
                  00006c80    00000020     F2806x_GlobalVariableDefs.obj (HRCap3RegsFile)

HRCap4RegsFile 
*          1    00006ca0    00000020     UNINITIALIZED
                  00006ca0    00000020     F2806x_GlobalVariableDefs.obj (HRCap4RegsFile)

GpioCtrlRegsFile 
*          1    00006f80    00000040     UNINITIALIZED
                  00006f80    00000040     F2806x_GlobalVariableDefs.obj (GpioCtrlRegsFile)

GpioDataRegsFile 
*          1    00006fc0    00000020     UNINITIALIZED
                  00006fc0    00000020     F2806x_GlobalVariableDefs.obj (GpioDataRegsFile)

[...]
003eb2ef  local     $30 (.text)
003eb31d  local     $35 (.text)
003eb34c  local     $40 (.text)
003eb2ae  local     $5_$2 (.text)
00000000  local     .bss (.bss)
00000000  local     .data (.data)
003eb29a  local     .text (.text)
003eb2be  local     CHECK_SIGN1 (.text)
003eb2f9  local     CHECK_SIGN2 (.text)
003eb331  local     DGT3 (.text)
003eb333  local     DIVUDenHighZero (.text)
003eb2c8  local     EQ0 (.text)
003eb2c3  local     EQ1 (.text)
003eb301  local     EQ2 (.text)
003eb32c  local     EQ3 (.text)
003eb35d  local     EQ4 (.text)
003eb29a  global    LL$$DIV (.text)
003eb2d6  global    LL$$MOD (.text)
003eb37c  local     LOOP (.text)
003eb36b  local     MAINDIV (.text)
003eb38a  local     MD_NEQ (.text)
003eb35f  local     MODUDenHighZero (.text)
003eb2c1  local     RET1 (.text)
003eb2fc  local     RET2 (.text)
003eb32a  local     RET3 (.text)
003eb359  local     RET4 (.text)
003eb2fe  local     RET_NUM1 (.text)
003eb35b  local     RET_NUM2 (.text)
003eb2ca  local     SDIVUDenHighZero (.text)
003eb394  local     SKIP (.text)
003eb396  local     SKIP1 (.text)
003eb304  local     SMODUDenHighZero (.text)
003eb310  global    ULL$$DIV (.text)
003eb33f  global    ULL$$MOD (.text)


================================================================================

rts2800_ml.lib : u_div28.asm.obj

Run/Load            
Value     Binding   Name (Section)
--------  --------  ---------------
00000000  local     .bss (.bss)
00000000  local     .data (.data)
003eed8f  local     .text (.text)
003eed8f  global    U$$DIV (.text)
003eed94  global    U$$MOD (.text)


================================================================================

rts2800_ml.lib : u_tofd28.asm.obj

Run/Load            
Value     Binding   Name (Section)
--------  --------  ---------------
00000000  local     .bss (.bss)
00000000  local     .data (.data)
003ee8b1  local     .text (.text)
003ee8be  local     NORMALIZE (.text)
003ee8c6  local     OP_ZERO (.text)
003ee8c0  local     PACK (.text)
003ee8c5  local     RETURN (.text)
003ee8c3  local     RETURN_VALUE (.text)
003ee8b1  global    U$$TOFD (.text)


================================================================================

rts2800_ml.lib : u_tofs28.asm.obj

Run/Load            
Value     Binding   Name (Section)
--------  --------  ---------------
00000000  local     .bss (.bss)
00000000  local     .data (.data)
003eeb39  local     .text (.text)
003eeb48  local     RESTORE (.text)
003eeb39  global    U$$TOFS (.text)
003eeb48  local     ZERO (.text)


================================================================================

rts2800_ml.lib : l_tofs28.asm.obj

Run/Load            
Value     Binding   Name (Section)
--------  --------  ---------------
00000000  local     .bss (.bss)
00000000  local     .data (.data)
003ee717  local     .text (.text)
003ee717  global    L$$TOFS (.text)
003ee72d  local     OVERFLOW (.text)
003ee72c  local     RETURN (.text)
003ee72c  local     ZERO (.text)


================================================================================

rts2800_ml.lib : ul_tofs28.asm.obj

Run/Load            
Value     Binding   Name (Section)
--------  --------  ---------------
00000000  local     .bss (.bss)
00000000  local     .data (.data)
003ee9d4  local     .text (.text)
003ee9dc  local     LEFT_SHIFT (.text)
003ee9de  local     PACK (.text)
003ee9e6  local     RETURN (.text)
003ee9d4  global    UL$$TOFS (.text)
003ee9e6  local     ZERO (.text)


================================================================================

rts2800_ml.lib : prolog28.asm.obj

Run/Load            
Value     Binding   Name (Section)
--------  --------  ---------------
00000000  local     .bss (.bss)
00000000  local     .data (.data)
003ee7ae  local     .text (.text)
003ee7ae  global    _prolog_c28x_1 (.text)
003ee7b2  global    _prolog_c28x_2 (.text)
003ee7ba  global    _prolog_c28x_3 (.text)


================================================================================

rts2800_ml.lib : fs_tofd28.asm.obj

Run/Load            
Value     Binding   Name (Section)
--------  --------  ---------------
00000000  local     .bss (.bss)
00000000  local     .data (.data)
003ee5d6  local     .text (.text)
003ee5d6  global    FS$$TOFD (.text)
003ee5ea  local     OVERFLOW (.text)
003ee5e9  local     RETURN (.text)
003ee5e7  local     RETURN_VALUE (.text)
003ee5f0  local     UNDERFLOW (.text)


================================================================================

rts2800_ml.lib : fd_div28.asm.obj

Run/Load            
Value     Binding   Name (Section)
--------  --------  ---------------
003ec88f  local     $1_$3 (.text)
003ec89a  local     $2_$3 (.text)
00000000  local     .bss (.bss)
00000000  local     .data (.data)
003ec853  local     .text (.text)
003ec8a9  local     DIV_END (.text)
003ec88a  local     DIV_START (.text)
003ec853  global    FD$$DIV (.text)
003ec8ac  local     NORMALIZE (.text)
003ec8d6  local     OVERFLOW (.text)
003ec8d1  local     RETURN (.text)
003ec8cf  local     RETURN_VALUE (.text)
003ec8c1  local     RND64_SET_MANT$3$ (.text)
003ec8b5  local     ROUND (.text)
003ec8dc  local     UNDERFLOW (.text)


================================================================================

rts2800_ml.lib : cpy_tbl.c.obj

Run/Load            
Value     Binding   Name (Section)
--------  --------  ---------------
003ee30c  local     $C$L1 (.text)
003ee31f  local     $C$L2 (.text)
003ee320  local     $C$L3 (.text)
00000000  local     .bss (.bss)
00000000  local     .data (.data)
003ee304  local     .text (.text)
003ee304  global    _copy_in (.text)


================================================================================

rts2800_ml.lib : memcpy.c.obj

Run/Load            
Value     Binding   Name (Section)
--------  --------  ---------------
003ee54f  local     $C$L1 (.text)
003ee553  local     $C$L2 (.text)
003ee55a  local     $C$L3 (.text)
003ee55c  local     $C$L4 (.text)
003ee564  local     $C$L5 (.text)
00000000  local     .bss (.bss)
00000000  local     .data (.data)
003ee549  local     .text (.text)
003ee549  global    _memcpy (.text)


================================================================================

rts2800_ml.lib : pre_init.c.obj

Run/Load            
Value     Binding   Name (Section)
--------  --------  ---------------
00000000  local     .bss (.bss)
00000000  local     .data (.data)
003ef2c5  local     .text (.text)
003ef2c5  global    __system_pre_init (.text)


================================================================================

rts2800_ml.lib : startup.c.obj

Run/Load            
Value     Binding   Name (Section)
--------  --------  ---------------
00000000  local     .bss (.bss)
00000000  local     .data (.data)
003ef2c9  local     .text (.text)
003ef2c9  global    __system_post_cinit (.text)


================================================================================

rts2800_ml.lib : e_rem_pio2f.c.obj

Run/Load            
Value     Binding   Name (Section)
--------  --------  ---------------
003f1f88  local     $C$FL1 (.econst)
003f1f8c  local     $C$FL2 (.econst)
003f1f90  local     $C$FL3 (.econst)
003f1f94  local     $C$FL4 (.econst)
003ec189  local     $C$L1 (.text)
003ec197  local     $C$L2 (.text)
003ec1c3  local     $C$L3 (.text)
003ec1c8  local     $C$L4 (.text)
00000000  local     .bss (.bss)
00000000  local     .data (.data)
003f1f7c  local     .econst (.econst)
003ec126  local     .text (.text)
003ec126  global    ___rem_pio2f (.text)
003f1f7c  local     _invpio2 (.econst)
003f1f80  local     _pio2_1 (.econst)
003f1f84  local     _pio2_1t (.econst)


================================================================================

rts2800_ml.lib : k_rem_pio2.c.obj

Run/Load            
Value     Binding   Name (Section)
--------  --------  ---------------
003f1ed8  local     $C$FL1 (.econst)
003f1edc  local     $C$FL2 (.econst)
003f1ee0  local     $C$FL3 (.econst)
003f1ee4  local     $C$FL4 (.econst)
003f1ee8  local     $C$FL5 (.econst)
003f1eec  local     $C$FL6 (.econst)
003f1ef0  local     $C$FL7 (.econst)
003ea044  local     $C$L1 (.text)
003ea0fe  local     $C$L10 (.text)
003ea12b  local     $C$L11 (.text)
003ea14b  local     $C$L12 (.text)
003ea170  local     $C$L13 (.text)
003ea18f  local     $C$L14 (.text)
003ea196  local     $C$L15 (.text)
003ea1b3  local     $C$L16 (.text)
003ea201  local     $C$L17 (.text)
003ea26d  local     $C$L18 (.text)
003ea271  local     $C$L19 (.text)
003ea06c  local     $C$L2 (.text)
003ea27f  local     $C$L20 (.text)
003ea2a8  local     $C$L21 (.text)
003ea2ad  local     $C$L22 (.text)
003ea2b8  local     $C$L23 (.text)
003ea2c4  local     $C$L24 (.text)
003ea2c9  local     $C$L25 (.text)
003ea2cf  local     $C$L26 (.text)
003ea2ec  local     $C$L27 (.text)
003ea2f8  local     $C$L28 (.text)
003ea323  local     $C$L29 (.text)
003ea077  local     $C$L3 (.text)
003ea351  local     $C$L30 (.text)
003ea39c  local     $C$L31 (.text)
003ea3a1  local     $C$L32 (.text)
003ea3b9  local     $C$L33 (.text)
003ea3c3  local     $C$L34 (.text)
003ea3d2  local     $C$L35 (.text)
003ea3dc  local     $C$L36 (.text)
003ea3f7  local     $C$L37 (.text)
003ea407  local     $C$L38 (.text)
003ea409  local     $C$L39 (.text)
003ea083  local     $C$L4 (.text)
003ea429  local     $C$L40 (.text)
003ea451  local     $C$L41 (.text)
003ea468  local     $C$L42 (.text)
003ea47c  local     $C$L43 (.text)
003ea4aa  local     $C$L44 (.text)
003ea4c8  local     $C$L45 (.text)
003ea4e6  local     $C$L46 (.text)
003ea535  local     $C$L47 (.text)
003ea56f  local     $C$L48 (.text)
003ea587  local     $C$L49 (.text)
003ea094  local     $C$L5 (.text)
003ea598  local     $C$L50 (.text)
003ea5b5  local     $C$L51 (.text)
003ea5d0  local     $C$L52 (.text)
003ea5e3  local     $C$L53 (.text)
003ea5f4  local     $C$L54 (.text)
003ea602  local     $C$L55 (.text)
003ea60c  local     $C$L56 (.text)
003ea62d  local     $C$L57 (.text)
003ea63e  local     $C$L58 (.text)
003ea64c  local     $C$L59 (.text)
003ea0a0  local     $C$L6 (.text)
003ea656  local     $C$L60 (.text)
003ea660  local     $C$L61 (.text)
003ea673  local     $C$L62 (.text)
003ea684  local     $C$L63 (.text)
003ea692  local     $C$L64 (.text)
003ea69c  local     $C$L65 (.text)
003ea6a5  local     $C$L66 (.text)
003ea0bd  local     $C$L7 (.text)
003ea0e2  local     $C$L8 (.text)
003ea0f7  local     $C$L9 (.text)
00000000  local     .bss (.bss)
00000000  local     .data (.data)
003f1ec8  local     .econst (.econst)
003f1f3c  local     .econst:_PIo2 (.econst:_PIo2)
003f2032  local     .econst:_init_jk (.econst:_init_jk)
003f1df4  local     .econst:_ipio2 (.econst:_ipio2)
003ea016  local     .text (.text)
003f1f3c  local     _PIo2 (.econst:_PIo2)
003ea016  global    ___kernel_rem_pio2 (.text)
003f2032  local     _init_jk (.econst:_init_jk)
003f1df4  local     _ipio2 (.econst:_ipio2)
003f1ecc  local     _one (.econst)
003f1ed0  local     _two24 (.econst)
003f1ed4  local     _twon24 (.econst)
003f1ec8  local     _zero (.econst)


================================================================================

rts2800_ml.lib : exit.c.obj

Run/Load            
Value     Binding   Name (Section)
--------  --------  ---------------
003edfa9  local     $C$L1 (.text)
003edfbc  local     $C$L2 (.text)
003edfc7  local     $C$L3 (.text)
003edfcd  local     $C$L4 (.text)
00000000  local     .bss (.bss)
003f277b  local     .cinit (.cinit)
00000000  local     .data (.data)
0000cc46  local     .ebss (.ebss)
003edfa8  local     .text (.text)
003edfa8  global    C$$EXIT (.text)
0000cc48  global    ___TI_cleanup_ptr (.ebss)
0000cc4a  global    ___TI_dtors_ptr (.ebss)
0000cc46  global    ___TI_enable_exit_profile_output (.ebss)
003edfa8  global    _abort (.text)
003edfaa  global    _exit (.text)


================================================================================

rts2800_ml.lib : _lock.c.obj

Run/Load            
Value     Binding   Name (Section)
--------  --------  ---------------
00000000  local     .bss (.bss)
003f2938  local     .cinit:__lock (.cinit:__lock)
003f293d  local     .cinit:__unlock (.cinit:__unlock)
00000000  local     .data (.data)
0000ccae  local     .ebss:__lock (.ebss:__lock)
0000ccb0  local     .ebss:__unlock (.ebss:__unlock)
003eee37  local     .text (.text)
0000ccae  global    __lock (.ebss:__lock)
003eee3f  global    __nop (.text)
003eee3b  global    __register_lock (.text)
003eee37  global    __register_unlock (.text)
0000ccb0  global    __unlock (.ebss:__unlock)


================================================================================

rts2800_ml.lib : args_main.c.obj

Run/Load            
Value     Binding   Name (Section)
--------  --------  ---------------
003eeab3  local     $C$L1 (.text)
003eeab6  local     $C$L2 (.text)
00000000  local     .bss (.bss)
00000000  local     .data (.data)
003eeaa8  local     .text (.text)
003eeaa8  global    __args_main (.text)


================================================================================

rts2800_ml.lib : s_floor.c.obj

Run/Load            
Value     Binding   Name (Section)
--------  --------  ---------------
003f2024  local     $C$FL1 (.econst)
003f2028  local     $C$FL2 (.econst)
003ebaa3  local     $C$L1 (.text)
003ebafb  local     $C$L10 (.text)
003ebb1b  local     $C$L11 (.text)
003ebb1d  local     $C$L12 (.text)
003ebb29  local     $C$L13 (.text)
003ebb2e  local     $C$L14 (.text)
003ebaa8  local     $C$L2 (.text)
003ebaa9  local     $C$L3 (.text)
003ebab1  local     $C$L4 (.text)
003ebac4  local     $C$L5 (.text)
003ebad3  local     $C$L6 (.text)
003ebad6  local     $C$L7 (.text)
003ebaf2  local     $C$L8 (.text)
003ebaf8  local     $C$L9 (.text)
00000000  local     .bss (.bss)
00000000  local     .data (.data)
003f2020  local     .econst (.econst)
003eba4b  local     .text (.text)
003eba4b  global    _floorl (.text)
003f2020  local     _huge (.econst)


================================================================================

rts2800_ml.lib : s_scalbn.c.obj

Run/Load            
Value     Binding   Name (Section)
--------  --------  ---------------
003f1fa4  local     $C$FL1 (.econst)
003f1fa8  local     $C$FL2 (.econst)
003f1fac  local     $C$FL3 (.econst)
003f1fb0  local     $C$FL4 (.econst)
003ec0a2  local     $C$L1 (.text)
003ec0bb  local     $C$L2 (.text)
003ec0cd  local     $C$L3 (.text)
003ec0d8  local     $C$L4 (.text)
003ec0ed  local     $C$L5 (.text)
003ec0f3  local     $C$L6 (.text)
003ec0fe  local     $C$L7 (.text)
003ec11e  local     $C$L8 (.text)
003ec122  local     $C$L9 (.text)
00000000  local     .bss (.bss)
00000000  local     .data (.data)
003f1f98  local     .econst (.econst)
003ec07c  local     .text (.text)
003ec07c  global    _ldexpl (.text)
003ec07c  global    _scalbnl (.text)
003f1fa0  local     _tiny (.econst)
003f1f98  local     _two54 (.econst)
003f1f9c  local     _twom54 (.econst)


================================================================================

rts2800_ml.lib : s_copysign.c.obj

Run/Load            
Value     Binding   Name (Section)
--------  --------  ---------------
003ee36c  local     $C$L1 (.text)
00000000  local     .bss (.bss)
00000000  local     .data (.data)
003ee34b  local     .text (.text)
003ee34b  global    _copysignl (.text)


================================================================================

rts2800_ml.lib : k_cosf.c.obj

Run/Load            
Value     Binding   Name (Section)
--------  --------  ---------------
003f1f08  local     $C$FL1 (.econst)
003f1f0c  local     $C$FL2 (.econst)
003f1f10  local     $C$FL3 (.econst)
003f1f14  local     $C$FL4 (.econst)
003f1f18  local     $C$FL5 (.econst)
00000000  local     .bss (.bss)
00000000  local     .data (.data)
003f1ef4  local     .econst (.econst)
003ec965  local     .text (.text)
003f1ef8  local     _C0 (.econst)
003f1efc  local     _C1 (.econst)
003f1f00  local     _C2 (.econst)
003f1f04  local     _C3 (.econst)
003ec965  global    ___kernel_cosdf (.text)
003f1ef4  local     _one (.econst)


================================================================================

rts2800_ml.lib : k_sinf.c.obj

Run/Load            
Value     Binding   Name (Section)
--------  --------  ---------------
003f1f6c  local     $C$FL1 (.econst)
003f1f70  local     $C$FL2 (.econst)
003f1f74  local     $C$FL3 (.econst)
003f1f78  local     $C$FL4 (.econst)
00000000  local     .bss (.bss)
00000000  local     .data (.data)
003f1f5c  local     .econst (.econst)
003ec6a4  local     .text (.text)
003f1f5c  local     _S1 (.econst)
003f1f60  local     _S2 (.econst)
003f1f64  local     _S3 (.econst)
003f1f68  local     _S4 (.econst)
003ec6a4  global    ___kernel_sindf (.text)


================================================================================

rts2800_ml.lib : fd_cmp28.asm.obj

Run/Load            
Value     Binding   Name (Section)
--------  --------  ---------------
00000000  local     .bss (.bss)
00000000  local     .data (.data)
003edf7e  local     .text (.text)
003edf8e  local     CHECK_INF (.text)
003edf7e  global    FD$$CMP (.text)
003edfa5  local     NO_NEG (.text)
003edfa6  local     OP_EQUAL (.text)
003edf9e  local     RETURN (.text)


================================================================================

rts2800_ml.lib : fd_tol28.asm.obj

Run/Load            
Value     Binding   Name (Section)
--------  --------  ---------------
00000000  local     .bss (.bss)
00000000  local     .data (.data)
003ee4d3  local     .text (.text)
003ee4d3  global    FD$$TOL (.text)
003ee4ec  local     OVERFLOW (.text)
003ee4eb  local     RETURN_VALUE (.text)
003ee4f0  local     UNDERFLOW (.text)


================================================================================

rts2800_ml.lib : ll_aox28.asm.obj

Run/Load            
Value     Binding   Name (Section)
--------  --------  ---------------
00000000  local     .bss (.bss)
00000000  local     .data (.data)
003ee80f  local     .text (.text)
003ee80f  global    LL$$AND (.text)
003ee817  global    LL$$OR (.text)
003ee81f  global    LL$$XOR (.text)


================================================================================

rts2800_ml.lib : i_div28.asm.obj

Run/Load            
Value     Binding   Name (Section)
--------  --------  ---------------
00000000  local     .bss (.bss)
00000000  local     .data (.data)
003ee390  local     .text (.text)
003ee390  global    I$$DIV (.text)
003ee3a1  global    I$$MOD (.text)
003ee3a0  local     RET1 (.text)
003ee3b0  local     RET2 (.text)


================================================================================

rts2800_ml.lib : l_tofd28.asm.obj

Run/Load            
Value     Binding   Name (Section)
--------  --------  ---------------
003ee600  local     $10 (.text)
00000000  local     .bss (.bss)
00000000  local     .data (.data)
003ee5f2  local     .text (.text)
003ee5f2  global    L$$TOFD (.text)
003ee60c  local     OP_ZERO (.text)
003ee60b  local     RETURN (.text)
003ee609  local     RETURN_VALUE (.text)


================================================================================

rts2800_ml.lib : fd_tofs28.asm.obj

Run/Load            
Value     Binding   Name (Section)
--------  --------  ---------------
00000000  local     .bss (.bss)
00000000  local     .data (.data)
003ee3f4  local     .text (.text)
003ee401  local     EXP_EVAL (.text)
003ee3f4  global    FD$$TOFS (.text)
003ee40d  local     OVERFLOW (.text)
003ee40c  local     RETURN_VALUE (.text)
003ee413  local     UNDERFLOW (.text)


================================================================================

rts2800_ml.lib : errno.c.obj

Run/Load            
Value     Binding   Name (Section)
--------  --------  ---------------
00000000  local     .bss (.bss)
003f2962  local     .cinit (.cinit)
00000000  local     .data (.data)
0000ccbb  local     .ebss (.ebss)
00000000  local     .text (.text)
0000ccbb  global    _errno (.ebss)


================================================================================

