******************************************************************************
             TMS320C2000 Linker PC v21.6.0                     
******************************************************************************
>> Linked Sat Sep 24 22:37:43 2022

OUTPUT FILE NAME:   <../../../04_Output_Files/Motor28062/TEST_CSMON_C28xx.out>
ENTRY POINT SYMBOL: "_c_int00"  address: 003f0eb8


MEMORY CONFIGURATION

         name            origin    length      used     unused   attr    fill
----------------------  --------  ---------  --------  --------  ----  --------
PAGE 0:
  RAML0                 00008000   00000800  00000008  000007f8  RWIX
  RAML1                 00008800   00000400  00000000  00000400  RWIX
  OTP                   003d7800   00000400  00000000  00000400  RWIX
  FLASH_APP             003e8000   0000bf80  00009be3  0000239d  RWIX
  CSM_RSVD              003f7f80   00000076  00000076  00000000  RWIX
  BEGIN                 003f7ff6   00000002  00000000  00000002  RWIX
  CSM_PWL_P0            003f7ff8   00000008  00000008  00000000  RWIX
  FPUTABLES             003fd590   000006a0  00000000  000006a0  RWIX
  IQTABLES              003fdf00   00000b50  00000000  00000b50  RWIX
  IQTABLES2             003fea50   0000008c  00000000  0000008c  RWIX
  IQTABLES3             003feadc   000000aa  00000000  000000aa  RWIX
  ROM                   003ff3b0   00000c10  00000000  00000c10  RWIX
  RESET                 003fffc0   00000002  00000000  00000002  RWIX
  VECTORS               003fffc2   0000003e  00000000  0000003e  RWIX

PAGE 1:
  BOOT_RSVD             00000000   00000050  00000000  00000050  RWIX
  RAMM0                 00000050   000003b0  00000000  000003b0  RWIX
  RAMM1                 00000400   00000400  00000000  00000400  RWIX
  DEV_EMU               00000880   00000105  00000004  00000101  RWIX
  SYS_PWR_CTL           00000985   00000003  00000003  00000000  RWIX
  FLASH_REGS            00000a80   00000060  00000008  00000058  RWIX
  CSM                   00000ae0   00000020  00000010  00000010  RWIX
  ADC_RESULT            00000b00   00000020  00000010  00000010  RWIX
  CPU_TIMER0            00000c00   00000008  00000008  00000000  RWIX
  CPU_TIMER1            00000c08   00000008  00000008  00000000  RWIX
  CPU_TIMER2            00000c10   00000008  00000008  00000000  RWIX
  PIE_CTRL              00000ce0   00000020  0000001a  00000006  RWIX
  PIE_VECT              00000d00   00000100  00000100  00000000  RWIX
  DMA                   00001000   00000200  000000e0  00000120  RWIX
  CLA1                  00001400   00000080  00000040  00000040  RWIX
  USB0                  00004000   00001000  00000454  00000bac  RWIX
  McBSPA                00005000   00000040  00000024  0000001c  RWIX
  ECANA                 00006000   00000040  00000034  0000000c  RWIX
  ECANA_LAM             00006040   00000040  00000040  00000000  RWIX
  ECANA_MOTS            00006080   00000040  00000040  00000000  RWIX
  ECANA_MOTO            000060c0   00000040  00000040  00000000  RWIX
  ECANA_MBOX            00006100   00000100  00000100  00000000  RWIX
  COMP1                 00006400   00000020  00000014  0000000c  RWIX
  COMP2                 00006420   00000020  00000014  0000000c  RWIX
  COMP3                 00006440   00000020  00000014  0000000c  RWIX
  EPWM1                 00006800   00000040  00000040  00000000  RWIX
  EPWM2                 00006840   00000040  00000040  00000000  RWIX
  EPWM3                 00006880   00000040  00000040  00000000  RWIX
  EPWM4                 000068c0   00000040  00000040  00000000  RWIX
  EPWM5                 00006900   00000040  00000040  00000000  RWIX
  EPWM6                 00006940   00000040  00000040  00000000  RWIX
  EPWM7                 00006980   00000040  00000040  00000000  RWIX
  EPWM8                 000069c0   00000040  00000040  00000000  RWIX
  ECAP1                 00006a00   00000020  00000020  00000000  RWIX
  ECAP2                 00006a20   00000020  00000020  00000000  RWIX
  ECAP3                 00006a40   00000020  00000020  00000000  RWIX
  HRCAP1                00006ac0   00000020  00000020  00000000  RWIX
  HRCAP2                00006ae0   00000020  00000020  00000000  RWIX
  EQEP1                 00006b00   00000040  00000022  0000001e  RWIX
  EQEP2                 00006b40   00000040  00000022  0000001e  RWIX
  HRCAP3                00006c80   00000020  00000020  00000000  RWIX
  HRCAP4                00006ca0   00000020  00000020  00000000  RWIX
  GPIOCTRL              00006f80   00000040  00000040  00000000  RWIX
  GPIODAT               00006fc0   00000020  00000020  00000000  RWIX
  GPIOINT               00006fe0   00000020  00000020  00000000  RWIX
  SYSTEM                00007010   00000030  00000030  00000000  RWIX
  SPIA                  00007040   00000010  00000010  00000000  RWIX
  SCIA                  00007050   00000010  00000010  00000000  RWIX
  NMIINTRUPT            00007060   00000010  00000010  00000000  RWIX
  XINTRUPT              00007070   00000010  00000010  00000000  RWIX
  ADC                   00007100   00000080  00000050  00000030  RWIX
  SPIB                  00007740   00000010  00000010  00000000  RWIX
  SCIB                  00007750   00000010  00000010  00000000  RWIX
  I2CA                  00007900   00000040  00000022  0000001e  RWIX
  RAML2                 00008c00   00000400  00000000  00000400  RWIX
  RAML3                 00009000   00001000  00000000  00001000  RWIX
  RAML4                 0000a000   00002000  00000000  00002000  RWIX
  RAML5                 0000c000   00002000  00000000  00002000  RWIX
  RAML6                 0000e000   00002000  00000000  00002000  RWIX
  RAML7                 00010000   00002000  00000000  00002000  RWIX
  RAML8                 00012000   00002000  00000000  00002000  RWIX
  USB_RAM               00040000   00000800  00000000  00000800  RWIX
  PARTID                003d7e80   00000001  00000001  00000000  RWIX
  CSM_PWL               003f7ff8   00000008  00000008  00000000  RWIX


SECTION ALLOCATION MAP

 output                                  attributes/
section   page    origin      length       input sections
--------  ----  ----------  ----------   ----------------
.cinit     0    003f124c    00000973     
                  003f124c    0000021f     CSMON_C28xx.lib : hmmodbus.obj (.cinit)
                  003f146b    00000154     main.obj (.cinit)
                  003f15bf    00000131     CSMON_C28xx.lib : csmon.obj (.cinit)
                  003f16f0    000000c3                     : modbusreg.obj (.cinit:_QueueTestTable)
                  003f17b3    00000078                     : modbusreg.obj (.cinit)
                  003f182b    0000003f                     : csmon.obj (.cinit:_CSMON_au8FileRecorderDataElementsSizeTable)
                  003f186a    00000033                     : hmrecparam.obj (.cinit:_sRecStatusParam)
                  003f189d    00000030                     : csmon.obj (.cinit:_CSMON_au8FileRecorderConfigElementsSizeTable)
                  003f18cd    0000002b                     : csmon.obj (.cinit:_CSMON_au8FileScopeConfigurationElementsSizeTable)
                  003f18f8    00000028     io_drv.obj (.cinit)
                  003f1920    00000026     rtc_drv.obj (.cinit)
                  003f1946    0000001f     CSMON_C28xx.lib : hmrecparam.obj (.cinit:_sRecStatusParamInternal)
                  003f1965    00000016     main.obj (.cinit:_sExternalRecoderHandle)
                  003f197b    00000014     CSMON_C28xx.lib : hmdrv.obj (.cinit)
                  003f198f    00000014                     : hmprotocol.obj (.cinit)
                  003f19a3    00000013                     : modbusreg.obj (.cinit:_MODBUSREG_au8DeviceIDUserApplicationName)
                  003f19b6    00000013                     : modbusreg.obj (.cinit:_MODBUSREG_au8DeviceIDVendorUrl)
                  003f19c9    00000013                     : modbusreg.obj (.cinit:_MODBUSREG_au8ServerIDData)
                  003f19dc    0000000f                     : modbusreg.obj (.cinit:_MODBUSREG_au8DeviceIDModelName)
                  003f19eb    0000000f     device.obj (.cinit)
                  003f19fa    0000000e     rts2800_ml.lib : exit.c.obj (.cinit)
                  003f1a08    0000000d     CSMON_C28xx.lib : csmon.obj (.cinit:_CSMON_au8FileParameterCountElementsSizeTable)
                  003f1a15    0000000d                     : csmon.obj (.cinit:_CSMON_au8FileRTCElementsSizeTable)
                  003f1a22    0000000d     tmr_drv.obj (.cinit)
                  003f1a2f    0000000c     CSMON_C28xx.lib : csmon.obj (.cinit:_CSMON_au8FileParameterNumericElementsSizeTable)
                  003f1a3b    0000000c                     : modbusreg.obj (.cinit:_MODBUSREG_au8DeviceIDProductName)
                  003f1a47    0000000c                     : modbusreg.obj (.cinit:_MODBUSREG_au8DeviceIDUserReserve0)
                  003f1a53    0000000c                     : modbusreg.obj (.cinit:_MODBUSREG_au8DeviceIDUserReserve1)
                  003f1a5f    0000000c                     : modbusreg.obj (.cinit:_MODBUSREG_au8DeviceIDUserReserve2)
                  003f1a6b    0000000c                     : modbusreg.obj (.cinit:_MODBUSREG_au8DeviceIDVendorName)
                  003f1a77    0000000b                     : hmrecparam.obj (.cinit)
                  003f1a82    0000000b     uart_driver.obj (.cinit:_UART_DRV_RXIntOverflowCounter)
                  003f1a8d    0000000b     uart_driver.obj (.cinit:_UART_DRV_u32TimeDiffLast)
                  003f1a98    0000000b     uart_driver.obj (.cinit:_UART_DRV_u32TimeDiffNow)
                  003f1aa3    0000000b     uart_driver.obj (.cinit:_UART_DRV_u32TimeDiffRead)
                  003f1aae    0000000b     CSMON_C28xx.lib : uart_drv.obj (.cinit:_UART_RXIntOverflowCounter)
                  003f1ab9    0000000b     tmr_drv.obj (.cinit:_pfDelayedFunction)
                  003f1ac4    0000000b     tmr_drv.obj (.cinit:_pfDelayedFunction_u8)
                  003f1acf    0000000b     CSMON_C28xx.lib : uart_drv.obj (.cinit:_u32TimeDiffLast)
                  003f1ada    0000000b                     : uart_drv.obj (.cinit:_u32TimeDiffNow)
                  003f1ae5    0000000b                     : uart_drv.obj (.cinit:_u32TimeDiffRead)
                  003f1af0    00000009                     : hmserial.obj (.cinit)
                  003f1af9    00000009                     : csmon.obj (.cinit:_CSMON_au32FileAutorization_FunctionAfterWriteFileRecord)
                  003f1b02    00000009                     : hmscopeparam.obj (.cinit:_pBufferScope)
                  003f1b0b    00000008                     : hmlib.obj (.cinit)
                  003f1b13    00000007                     : csmon.obj (.cinit:_CSMON_au8FileParameterListElementsSizeTablePart1)
                  003f1b1a    00000007                     : csmon.obj (.cinit:_CSMON_au8FileRecorderStatusElementsSizeTable)
                  003f1b21    00000007                     : modbusreg.obj (.cinit:_MODBUSREG_au8DeviceIDMajorMinorRevision)
                  003f1b28    00000007                     : modbusreg.obj (.cinit:_MODBUSREG_au8DeviceIDProductCode)
                  003f1b2f    00000007                     : uart_drv.obj (.cinit:_UARTRxBufferRDCount)
                  003f1b36    00000007                     : uart_drv.obj (.cinit:_UARTRxBufferRDIndex)
                  003f1b3d    00000007                     : uart_drv.obj (.cinit:_UARTRxBufferWRCount)
                  003f1b44    00000007                     : uart_drv.obj (.cinit:_UARTRxBufferWRIndex)
                  003f1b4b    00000007     uart_driver.obj (.cinit:_UART_DRV_RxBufferRDCount)
                  003f1b52    00000007     uart_driver.obj (.cinit:_UART_DRV_RxBufferRDIndex)
                  003f1b59    00000007     uart_driver.obj (.cinit:_UART_DRV_RxBufferWRCount)
                  003f1b60    00000007     uart_driver.obj (.cinit:_UART_DRV_RxBufferWRIndex)
                  003f1b67    00000006     CSMON_C28xx.lib : csmon.obj (.cinit:_CSMON_abFileAutorization_RecordReadOnly)
                  003f1b6d    00000006                     : csmon.obj (.cinit:_CSMON_abFileAutorization_RecordStringData)
                  003f1b73    00000006                     : csmon.obj (.cinit:_CSMON_au16FileAutorization_RecordOffsets)
                  003f1b79    00000006                     : csmon.obj (.cinit:_CSMON_au8FileRecorderDataElementsSizeTableUsedLength)
                  003f1b7f    00000006                     : hmscopeparam.obj (.cinit:_nSizeBytesScopeBuffer)
                  003f1b85    00000005                     : modbusreg.obj (.cinit:_HMMODBUS_u32CoilAddressTableInRam)
                  003f1b8a    00000005                     : modbusreg.obj (.cinit:_MODBUSREG_sInputCoilAddressTableInRam)
                  003f1b8f    00000005     rts2800_ml.lib : _lock.c.obj (.cinit:__lock)
                  003f1b94    00000005                    : _lock.c.obj (.cinit:__unlock)
                  003f1b99    00000004     CSMON_C28xx.lib : hmscopeparam.obj (.cinit)
                  003f1b9d    00000004                     : uart_drv.obj (.cinit)
                  003f1ba1    00000004                     : csmon.obj (.cinit:_CSMON_au8FileParameterListElementsSizeTablePart2)
                  003f1ba5    00000004                     : csmon.obj (.cinit:_CSMON_au8FileParameterListElementsSizeTablePart3)
                  003f1ba9    00000004                     : csmon.obj (.cinit:_CSMON_au8FileScopeStatusElementsSizeTable)
                  003f1bad    00000004                     : modbusreg.obj (.cinit:_MODBUSREG_asFileTable)
                  003f1bb1    00000004                     : modbusreg.obj (.cinit:_MODBUSREG_asQueueTable)
                  003f1bb5    00000004                     : hmrecparam.obj (.cinit:_sRecTimeBase)
                  003f1bb9    00000004     rts2800_ml.lib : errno.c.obj (.cinit)
                  003f1bbd    00000002     --HOLE-- [fill = 0]

.pinit     0    003e8000    00000000     UNINITIALIZED

.text      0    003e8000    0000924c     
                  003e8000    00002141     CSMON_C28xx.lib : hmmodbus.obj (.text)
                  003ea141    00001f03                     : csmon.obj (.text)
                  003ec044    00000d7c                     : modbusreg.obj (.text)
                  003ecdc0    0000097d                     : hmdrv.obj (.text)
                  003ed73d    0000067d     rts2800_ml.lib : k_rem_pio2.c.obj (.text)
                  003eddba    00000606     CSMON_C28xx.lib : hmrecparam.obj (.text)
                  003ee3c0    000004de     main.obj (.text)
                  003ee89e    00000444     sysctl.obj (.text)
                  003eece2    00000242     CSMON_C28xx.lib : Hash.obj (.text)
                  003eef24    0000021f                     : hmrec.obj (.text)
                  003ef143    00000202                     : hmserial.obj (.text)
                  003ef345    000001cc     F2806x_DefaultIsr.obj (.text:retain)
                  003ef511    000001bf     CSMON_C28xx.lib : hmprotocol.obj (.text)
                  003ef6d0    0000019a                     : uart_drv.obj (.text)
                  003ef86a    00000194     F2806x_SysCtrl.obj (.text)
                  003ef9fe    0000018c     gpio.obj (.text)
                  003efb8a    0000017d     interrupt.obj (.text)
                  003efd07    00000154     CSMON_C28xx.lib : hmlib.obj (.text)
                  003efe5b    0000013c                     : hmscopeparam.obj (.text)
                  003eff97    00000130     uart_driver.obj (.text)
                  003f00c7    00000114     rts2800_ml.lib : s_sinf.c.obj (.text)
                  003f01db    00000107                    : ll_div28.asm.obj (.text)
                  003f02e2    000000ee     tmr_drv.obj (.text)
                  003f03d0    000000e9     rts2800_ml.lib : s_floor.c.obj (.text)
                  003f04b9    000000d3     sci.obj (.text)
                  003f058c    000000ae     tmr_drv.obj (.text:retain)
                  003f063a    000000ac     rts2800_ml.lib : s_scalbn.c.obj (.text)
                  003f06e6    000000a7                    : e_rem_pio2f.c.obj (.text)
                  003f078d    0000009c                    : fd_add28.asm.obj (.text)
                  003f0829    00000098     sci_driver.obj (.text:retain)
                  003f08c1    00000098     sci_drv.obj (.text:retain)
                  003f0959    00000094     sci_driver.obj (.text)
                  003f09ed    0000008f     sci_drv.obj (.text)
                  003f0a7c    0000008b     rts2800_ml.lib : fd_div28.asm.obj (.text)
                  003f0b07    00000087                    : k_sinf.c.obj (.text)
                  003f0b8e    00000083                    : fd_mpy28.asm.obj (.text)
                  003f0c11    00000083                    : fs_div28.asm.obj (.text)
                  003f0c94    0000007e                    : k_cosf.c.obj (.text)
                  003f0d12    00000078                    : fs_add28.asm.obj (.text)
                  003f0d8a    00000071     CSMON_C28xx.lib : hmscope.obj (.text)
                  003f0dfb    00000063     int_drv.obj (.text)
                  003f0e5e    0000005a     rts2800_ml.lib : fs_mpy28.asm.obj (.text)
                  003f0eb8    00000054                    : boot28.asm.obj (.text)
                  003f0f0c    0000002a                    : fd_cmp28.asm.obj (.text)
                  003f0f36    00000029                    : exit.c.obj (.text)
                  003f0f5f    00000029                    : fs_tol28.asm.obj (.text)
                  003f0f88    00000028     F2806x_PieCtrl.obj (.text)
                  003f0fb0    00000025     rts2800_ml.lib : fs_toi28.asm.obj (.text)
                  003f0fd5    00000024                    : cpy_tbl.c.obj (.text)
                  003f0ff9    00000023                    : s_copysign.c.obj (.text)
                  003f101c    00000022                    : i_div28.asm.obj (.text)
                  003f103e    00000021                    : fd_tofs28.asm.obj (.text)
                  003f105f    00000021                    : fs_toul28.asm.obj (.text)
                  003f1080    0000001f                    : fd_tol28.asm.obj (.text)
                  003f109f    0000001e     device.obj (.text)
                  003f10bd    0000001d     rts2800_ml.lib : fs_tou28.asm.obj (.text)
                  003f10da    0000001d                    : memcpy.c.obj (.text)
                  003f10f7    0000001c                    : fs_tofd28.asm.obj (.text)
                  003f1113    0000001c                    : l_tofd28.asm.obj (.text)
                  003f112f    0000001b                    : fd_toul28.asm.obj (.text)
                  003f114a    0000001a                    : l_tofs28.asm.obj (.text)
                  003f1164    00000018                    : ll_aox28.asm.obj (.text)
                  003f117c    00000017                    : fs_cmp28.asm.obj (.text)
                  003f1193    00000017                    : u_tofd28.asm.obj (.text)
                  003f11aa    00000015     F2806x_Gpio.obj (.text)
                  003f11bf    00000013     rts2800_ml.lib : ul_tofs28.asm.obj (.text)
                  003f11d2    00000011     F2806x_PieVect.obj (.text)
                  003f11e3    00000011     rts2800_ml.lib : args_main.c.obj (.text)
                  003f11f4    00000010                    : u_tofs28.asm.obj (.text)
                  003f1204    0000000e                    : fd_sub28.asm.obj (.text)
                  003f1212    0000000b                    : u_div28.asm.obj (.text)
                  003f121d    00000009                    : _lock.c.obj (.text)
                  003f1226    00000009                    : fd_neg28.asm.obj (.text)
                  003f122f    00000007     F2806x_DisInt.obj (.text)
                  003f1236    00000006     cputimer.obj (.text)
                  003f123c    00000005     interrupt.obj (.text:retain)
                  003f1241    00000005     rts2800_ml.lib : fs_neg28.asm.obj (.text)
                  003f1246    00000003     F2806x_DBGIER.obj (.text)
                  003f1249    00000002     rts2800_ml.lib : pre_init.c.obj (.text)
                  003f124b    00000001                    : startup.c.obj (.text)

.stack     1    00000000    00000400     FAILED TO ALLOCATE
.ebss      1    00000000    00003c59     FAILED TO ALLOCATE
ramfuncs   0    003f1be0    00000004     RUN ADDR = 00008000
                  003f1be0    00000004     F2806x_usDelay.obj (ramfuncs)

csm_rsvd   0    003f7f80    00000076     
                  003f7f80    00000076     F2806x_CSMPasswords.obj (csm_rsvd)

csmpasswds 
*          0    003f7ff8    00000008     
                  003f7ff8    00000008     F2806x_CSMPasswords.obj (csmpasswds)

.econst    0    00000000    0001455e     FAILED TO ALLOCATE
.switch    0    003f1bc0    00000020     
                  003f1bc0    00000020     CSMON_C28xx.lib : csmon.obj (.switch:_CSMON_eSetParameter)

.reset     0    003fffc0    00000002     DSECT
                  003fffc0    00000002     rts2800_ml.lib : boot28.asm.obj (.reset)

vectors    0    003fffc2    00000000     DSECT

DevEmuRegsFile 
*          1    00000880    00000004     UNINITIALIZED
                  00000880    00000004     F2806x_GlobalVariableDefs.obj (DevEmuRegsFile)

SysPwrCtrlRegsFile 
*          1    00000985    00000003     UNINITIALIZED
                  00000985    00000003     F2806x_GlobalVariableDefs.obj (SysPwrCtrlRegsFile)

FlashRegsFile 
*          1    00000a80    00000008     UNINITIALIZED
                  00000a80    00000008     F2806x_GlobalVariableDefs.obj (FlashRegsFile)

CsmRegsFile 
*          1    00000ae0    00000010     UNINITIALIZED
                  00000ae0    00000010     F2806x_GlobalVariableDefs.obj (CsmRegsFile)

AdcResultFile 
*          1    00000b00    00000010     UNINITIALIZED
                  00000b00    00000010     F2806x_GlobalVariableDefs.obj (AdcResultFile)

CpuTimer0RegsFile 
*          1    00000c00    00000008     UNINITIALIZED
                  00000c00    00000008     F2806x_GlobalVariableDefs.obj (CpuTimer0RegsFile)

CpuTimer1RegsFile 
*          1    00000c08    00000008     UNINITIALIZED
                  00000c08    00000008     F2806x_GlobalVariableDefs.obj (CpuTimer1RegsFile)

CpuTimer2RegsFile 
*          1    00000c10    00000008     UNINITIALIZED
                  00000c10    00000008     F2806x_GlobalVariableDefs.obj (CpuTimer2RegsFile)

PieCtrlRegsFile 
*          1    00000ce0    0000001a     UNINITIALIZED
                  00000ce0    0000001a     F2806x_GlobalVariableDefs.obj (PieCtrlRegsFile)

PieVectTableFile 
*          1    00000d00    00000100     UNINITIALIZED
                  00000d00    00000100     F2806x_GlobalVariableDefs.obj (PieVectTableFile)

EmuKeyVar 
*          1    00000d00    00000001     UNINITIALIZED
                  00000d00    00000001     F2806x_GlobalVariableDefs.obj (EmuKeyVar)

EmuBModeVar 
*          1    00000d01    00000001     UNINITIALIZED
                  00000d01    00000001     F2806x_GlobalVariableDefs.obj (EmuBModeVar)

FlashCallbackVar 
*          1    00000d02    00000002     UNINITIALIZED
                  00000d02    00000002     F2806x_GlobalVariableDefs.obj (FlashCallbackVar)

FlashScalingVar 
*          1    00000d04    00000002     UNINITIALIZED
                  00000d04    00000002     F2806x_GlobalVariableDefs.obj (FlashScalingVar)

DmaRegsFile 
*          1    00001000    000000e0     UNINITIALIZED
                  00001000    000000e0     F2806x_GlobalVariableDefs.obj (DmaRegsFile)

Cla1RegsFile 
*          1    00001400    00000040     UNINITIALIZED
                  00001400    00000040     F2806x_GlobalVariableDefs.obj (Cla1RegsFile)

Usb0RegsFile 
*          1    00004000    00000454     UNINITIALIZED
                  00004000    00000454     F2806x_GlobalVariableDefs.obj (Usb0RegsFile)

McbspaRegsFile 
*          1    00005000    00000024     UNINITIALIZED
                  00005000    00000024     F2806x_GlobalVariableDefs.obj (McbspaRegsFile)

ECanaRegsFile 
*          1    00006000    00000034     UNINITIALIZED
                  00006000    00000034     F2806x_GlobalVariableDefs.obj (ECanaRegsFile)

ECanaLAMRegsFile 
*          1    00006040    00000040     UNINITIALIZED
                  00006040    00000040     F2806x_GlobalVariableDefs.obj (ECanaLAMRegsFile)

ECanaMOTSRegsFile 
*          1    00006080    00000040     UNINITIALIZED
                  00006080    00000040     F2806x_GlobalVariableDefs.obj (ECanaMOTSRegsFile)

ECanaMOTORegsFile 
*          1    000060c0    00000040     UNINITIALIZED
                  000060c0    00000040     F2806x_GlobalVariableDefs.obj (ECanaMOTORegsFile)

ECanaMboxesFile 
*          1    00006100    00000100     UNINITIALIZED
                  00006100    00000100     F2806x_GlobalVariableDefs.obj (ECanaMboxesFile)

Comp1RegsFile 
*          1    00006400    00000014     UNINITIALIZED
                  00006400    00000014     F2806x_GlobalVariableDefs.obj (Comp1RegsFile)

Comp2RegsFile 
*          1    00006420    00000014     UNINITIALIZED
                  00006420    00000014     F2806x_GlobalVariableDefs.obj (Comp2RegsFile)

Comp3RegsFile 
*          1    00006440    00000014     UNINITIALIZED
                  00006440    00000014     F2806x_GlobalVariableDefs.obj (Comp3RegsFile)

EPwm1RegsFile 
*          1    00006800    00000040     UNINITIALIZED
                  00006800    00000040     F2806x_GlobalVariableDefs.obj (EPwm1RegsFile)

EPwm2RegsFile 
*          1    00006840    00000040     UNINITIALIZED
                  00006840    00000040     F2806x_GlobalVariableDefs.obj (EPwm2RegsFile)

EPwm3RegsFile 
*          1    00006880    00000040     UNINITIALIZED
                  00006880    00000040     F2806x_GlobalVariableDefs.obj (EPwm3RegsFile)

EPwm4RegsFile 
*          1    000068c0    00000040     UNINITIALIZED
                  000068c0    00000040     F2806x_GlobalVariableDefs.obj (EPwm4RegsFile)

EPwm5RegsFile 
*          1    00006900    00000040     UNINITIALIZED
                  00006900    00000040     F2806x_GlobalVariableDefs.obj (EPwm5RegsFile)

EPwm6RegsFile 
*          1    00006940    00000040     UNINITIALIZED
                  00006940    00000040     F2806x_GlobalVariableDefs.obj (EPwm6RegsFile)

EPwm7RegsFile 
*          1    00006980    00000040     UNINITIALIZED
                  00006980    00000040     F2806x_GlobalVariableDefs.obj (EPwm7RegsFile)

EPwm8RegsFile 
*          1    000069c0    00000040     UNINITIALIZED
                  000069c0    00000040     F2806x_GlobalVariableDefs.obj (EPwm8RegsFile)

ECap1RegsFile 
*          1    00006a00    00000020     UNINITIALIZED
                  00006a00    00000020     F2806x_GlobalVariableDefs.obj (ECap1RegsFile)

ECap2RegsFile 
*          1    00006a20    00000020     UNINITIALIZED
                  00006a20    00000020     F2806x_GlobalVariableDefs.obj (ECap2RegsFile)

ECap3RegsFile 
*          1    00006a40    00000020     UNINITIALIZED
                  00006a40    00000020     F2806x_GlobalVariableDefs.obj (ECap3RegsFile)

HRCap1RegsFile 
*          1    00006ac0    00000020     UNINITIALIZED
                  00006ac0    00000020     F2806x_GlobalVariableDefs.obj (HRCap1RegsFile)

HRCap2RegsFile 
*          1    00006ae0    00000020     UNINITIALIZED
                  00006ae0    00000020     F2806x_GlobalVariableDefs.obj (HRCap2RegsFile)

EQep1RegsFile 
*          1    00006b00    00000022     UNINITIALIZED
                  00006b00    00000022     F2806x_GlobalVariableDefs.obj (EQep1RegsFile)

EQep2RegsFile 
*          1    00006b40    00000022     UNINITIALIZED
                  00006b40    00000022     F2806x_GlobalVariableDefs.obj (EQep2RegsFile)

HRCap3RegsFile 
*          1    00006c80    00000020     UNINITIALIZED
                  00006c80    00000020     F2806x_GlobalVariableDefs.obj (HRCap3RegsFile)

HRCap4RegsFile 
*          1    00006ca0    00000020     UNINITIALIZED
                  00006ca0    00000020     F2806x_GlobalVariableDefs.obj (HRCap4RegsFile)

GpioCtrlRegsFile 
*          1    00006f80    00000040     UNINITIALIZED
                  00006f80    00000040     F2806x_GlobalVariableDefs.obj (GpioCtrlRegsFile)

GpioDataRegsFile 
*          1    00006fc0    00000020     UNINITIALIZED
                  00006fc0    00000020     F2806x_GlobalVariableDefs.obj (GpioDataRegsFile)

GpioIntRegsFile 
*          1    00006fe0    00000020     UNINITIALIZED
                  00006fe0    00000020     F2806x_GlobalVariableDefs.obj (GpioIntRegsFile)

SysCtrlRegsFile 
*          1    00007010    00000030     UNINITIALIZED
                  00007010    00000030     F2806x_GlobalVariableDefs.obj (SysCtrlRegsFile)

SpiaRegsFile 
*          1    00007040    00000010     UNINITIALIZED
                  00007040    00000010     F2806x_GlobalVariableDefs.obj (SpiaRegsFile)

SciaRegsFile 
*          1    00007050    00000010     UNINITIALIZED
                  00007050    00000010     F2806x_GlobalVariableDefs.obj (SciaRegsFile)

NmiIntruptRegsFile 
*          1    00007060    00000010     UNINITIALIZED
                  00007060    00000010     F2806x_GlobalVariableDefs.obj (NmiIntruptRegsFile)

XIntruptRegsFile 
*          1    00007070    00000010     UNINITIALIZED
                  00007070    00000010     F2806x_GlobalVariableDefs.obj (XIntruptRegsFile)

AdcRegsFile 
*          1    00007100    00000050     UNINITIALIZED
                  00007100    00000050     F2806x_GlobalVariableDefs.obj (AdcRegsFile)

SpibRegsFile 
*          1    00007740    00000010     UNINITIALIZED
                  00007740    00000010     F2806x_GlobalVariableDefs.obj (SpibRegsFile)

ScibRegsFile 
*          1    00007750    00000010     UNINITIALIZED
                  00007750    00000010     F2806x_GlobalVariableDefs.obj (ScibRegsFile)

I2caRegsFile 
*          1    00007900    00000022     UNINITIALIZED
                  00007900    00000022     F2806x_GlobalVariableDefs.obj (I2caRegsFile)

PartIdRegsFile 
*          1    003d7e80    00000001     UNINITIALIZED
                  003d7e80    00000001     F2806x_GlobalVariableDefs.obj (PartIdRegsFile)

CsmPwlFile 
*          1    003f7ff8    00000008     UNINITIALIZED
                  003f7ff8    00000008     F2806x_GlobalVariableDefs.obj (CsmPwlFile)

.TI.ramfunc 
*          0    00008004    00000004     
                  00008004    00000004     sysctl.obj (.TI.ramfunc)

MODULE SUMMARY

       Module                          code    initialized data   uninitialized data
       ------                          ----    ----------------   ------------------
    .\01_Source_Test\
       main.obj                        1246    362                0                 
    +--+-------------------------------+-------+------------------+--------------------+
       Total:                          1246    362                0                 
                                                                                    
    .\01_Source_Test\peripheral_driver\
       uart_driver.obj                 304     72                 0                 
       sci_driver.obj                  300     0                  0                 
    +--+-------------------------------+-------+------------------+--------------------+
       Total:                          604     72                 0                 
                                                                                    
    .\C2806x_Device\
       device.obj                      30      15                 0                 
    +--+-------------------------------+-------+------------------+--------------------+
       Total:                          30      15                 0                 
                                                                                    
    .\C2806x_LIB\common\source\
       F2806x_DefaultIsr.obj           460     0                  0                 
       F2806x_SysCtrl.obj              404     0                  0                 
       F2806x_CSMPasswords.obj         0       126                0                 
       F2806x_PieCtrl.obj              40      0                  0                 
       F2806x_Gpio.obj                 21      0                  0                 
       F2806x_PieVect.obj              17      0                  0                 
       F2806x_usDelay.obj              8       0                  0                 
       F2806x_DisInt.obj               7       0                  0                 
       F2806x_DBGIER.obj               3       0                  0                 
    +--+-------------------------------+-------+------------------+--------------------+
       Total:                          960     126                0                 
                                                                                    
    .\C2806x_LIB\driverlib\
       interrupt.obj                   386     0                  0                 
    +--+-------------------------------+-------+------------------+--------------------+
       Total:                          386     0                  0                 
                                                                                    
    .\C2806x_LIB\headers\source\
       F2806x_GlobalVariableDefs.obj   0       0                  3550              
    +--+-------------------------------+-------+------------------+--------------------+
       Total:                          0       0                  3550              
                                                                                    
    .\Peripheral\01_Source\TMS320F2806x\
       sysctl.obj                      1096    0                  0                 
       tmr_drv.obj                     412     35                 0                 
       gpio.obj                        396     0                  0                 
       sci_drv.obj                     295     0                  0                 
       sci.obj                         211     0                  0                 
       int_drv.obj                     99      0                  0                 
       io_drv.obj                      0       40                 0                 
       rtc_drv.obj                     0       38                 0                 
       cputimer.obj                    6       0                  0                 
    +--+-------------------------------+-------+------------------+--------------------+
       Total:                          2515    113                0                 
                                                                                    
    C:/repo_git/fw_LIB_CSMON/04_Output_Files/Motor28062/CSMON_C28xx.lib
       hmmodbus.obj                    8513    543                0                 
       csmon.obj                       7939    588                0                 
       modbusreg.obj                   3452    479                0                 
       hmdrv.obj                       2429    20                 0                 
       hmrecparam.obj                  1542    97                 0                 
       Hash.obj                        578     0                  0                 
       hmrec.obj                       543     0                  0                 
       hmserial.obj                    514     9                  0                 
       uart_drv.obj                    410     76                 0                 
       hmprotocol.obj                  447     20                 0                 
       hmlib.obj                       340     8                  0                 
       hmscopeparam.obj                316     19                 0                 
       hmscope.obj                     113     0                  0                 
    +--+-------------------------------+-------+------------------+--------------------+
       Total:                          27136   1859               0                 
                                                                                    
    C:\ti\ccs1000\ccs\tools\compiler\ti-cgt-c2000_21.6.0.LTS\lib\rts2800_ml.lib
       k_rem_pio2.c.obj                1661    0                  0                 
       s_sinf.c.obj                    276     0                  0                 
       ll_div28.asm.obj                263     0                  0                 
       s_floor.c.obj                   233     0                  0                 
       s_scalbn.c.obj                  172     0                  0                 
       e_rem_pio2f.c.obj               167     0                  0                 
       fd_add28.asm.obj                156     0                  0                 
       fd_div28.asm.obj                139     0                  0                 
       k_sinf.c.obj                    135     0                  0                 
       fd_mpy28.asm.obj                131     0                  0                 
       fs_div28.asm.obj                131     0                  0                 
       k_cosf.c.obj                    126     0                  0                 
       fs_add28.asm.obj                120     0                  0                 
       fs_mpy28.asm.obj                90      0                  0                 
       boot28.asm.obj                  84      0                  0                 
       exit.c.obj                      41      14                 0                 
       fd_cmp28.asm.obj                42      0                  0                 
       fs_tol28.asm.obj                41      0                  0                 
       fs_toi28.asm.obj                37      0                  0                 
       cpy_tbl.c.obj                   36      0                  0                 
       s_copysign.c.obj                35      0                  0                 
       i_div28.asm.obj                 34      0                  0                 
       fd_tofs28.asm.obj               33      0                  0                 
       fs_toul28.asm.obj               33      0                  0                 
       fd_tol28.asm.obj                31      0                  0                 
       fs_tou28.asm.obj                29      0                  0                 
       memcpy.c.obj                    29      0                  0                 
       fs_tofd28.asm.obj               28      0                  0                 
       l_tofd28.asm.obj                28      0                  0                 
       fd_toul28.asm.obj               27      0                  0                 
       l_tofs28.asm.obj                26      0                  0                 
       ll_aox28.asm.obj                24      0                  0                 
       fs_cmp28.asm.obj                23      0                  0                 
       u_tofd28.asm.obj                23      0                  0                 
       _lock.c.obj                     9       10                 0                 
       ul_tofs28.asm.obj               19      0                  0                 
       args_main.c.obj                 17      0                  0                 
       u_tofs28.asm.obj                16      0                  0                 
       fd_sub28.asm.obj                14      0                  0                 
       u_div28.asm.obj                 11      0                  0                 
       fd_neg28.asm.obj                9       0                  0                 
       fs_neg28.asm.obj                5       0                  0                 
       errno.c.obj                     0       4                  0                 
       pre_init.c.obj                  2       0                  0                 
       startup.c.obj                   1       0                  0                 
    +--+-------------------------------+-------+------------------+--------------------+
       Total:                          4587    28                 0                 
                                                                                    
    +--+-------------------------------+-------+------------------+--------------------+
       Grand Total:                    37464   2575               3550              


GLOBAL DATA SYMBOLS: SORTED BY DATA PAGE

address     data page           name
--------    ----------------    ----
00000000       0 (00000000)     _UARTRxBufferTimeDiff
00000000       0 (00000000)     __stack
00000000       0 (00000000)     _asParameterList

00000800      20 (00000800)     _au8RecBuffer0

00000880      22 (00000880)     _DevEmuRegs

00000985      26 (00000980)     _SysPwrCtrlRegs

00000a80      2a (00000a80)     _FlashRegs

00000ae0      2b (00000ac0)     _CsmRegs

00000b00      2c (00000b00)     _AdcResult

00000c00      30 (00000c00)     _CpuTimer0Regs
00000c08      30 (00000c00)     _CpuTimer1Regs
00000c10      30 (00000c00)     _CpuTimer2Regs

00000ce0      33 (00000cc0)     _PieCtrlRegs

00000d00      34 (00000d00)     _EmuKey
00000d00      34 (00000d00)     _PieVectTable
00000d01      34 (00000d00)     _EmuBMode
00000d02      34 (00000d00)     _Flash_CallbackPtr
00000d04      34 (00000d00)     _Flash_CPUScaleFactor

00001000      40 (00001000)     _DmaRegs
00001000      40 (00001000)     _MODBUSREG_asFileTable

00001400      50 (00001400)     _Cla1Regs

00001516      54 (00001500)     _MODBUSREG_u16ModbusParamCount
00001517      54 (00001500)     _MODBUSREG_u16ParamCount
00001518      54 (00001500)     _InputRegisterDummy
00001519      54 (00001500)     _InputCoilDummy
0000151a      54 (00001500)     _CoilTest
0000151b      54 (00001500)     _HMMODBUS_u16RegisterAddressTableControlParametersStartIndex
0000151c      54 (00001500)     _MODBUSREG_u16HoldRegFillCount
0000151d      54 (00001500)     _MODBUSREG_u16HoldRegUsedCount
0000151e      54 (00001500)     _MODBUSREG_u16HoldRegListCount
0000151f      54 (00001500)     _MODBUSREG_u16FileTableRecorderIndex
00001520      54 (00001500)     _MODBUSREG_u32ParamRecorderConfigAddress
00001522      54 (00001500)     _MODBUSREG_u32ParamScopeConfigAddress
00001524      54 (00001500)     _MODBUSREG_u32ParamListAddress
00001526      54 (00001500)     _MODBUSREG_u32ParamNameAddress
00001528      54 (00001500)     _MODBUSREG_u32ParamNumbAddress
0000152a      54 (00001500)     _MODBUSREG_u32ParamStringAddress
0000152c      54 (00001500)     _MODBUSREG_u32ParamAuxAddress
0000152e      54 (00001500)     _MODBUSREG_u32ParamReservedAddress
00001530      54 (00001500)     _MODBUSREG_u32FileRTC_FunctionAfterWriteFileRecord
00001532      54 (00001500)     _MODBUSREG_u32FileRTC_FunctionAfterReadFileRecord
00001534      54 (00001500)     _MODBUSREG_u32FileParamCount_FunctionBeforeReadFileRecord
00001536      54 (00001500)     _MODBUSREG_u32FileAutorization_FunctionAfterWriteFileRecordTable
00001538      54 (00001500)     _MODBUSREG_u32FileRecStatus_FunctionIndexGenerationFileRecord
0000153a      54 (00001500)     _MODBUSREG_u32FileRecConfig_FunctionAfterWriteFileRecord
0000153c      54 (00001500)     _MODBUSREG_pu32RegisterAddressTable
0000153e      54 (00001500)     _MODBUSREG_pu32RegisterAddressTableInRam

00001540      55 (00001540)     _CSMON_u16MaskSetupRecorderParam
00001541      55 (00001540)     _CSMON_u16MaskStartRecorderParam
00001542      55 (00001540)     _CSMON_u16MaskStopRecorderParam
00001543      55 (00001540)     _eResponseCodeStartRecParam0
00001544      55 (00001540)     _eResponseCodeStartRecParam1
00001545      55 (00001540)     _eResponseCodeStartRecParam2
00001546      55 (00001540)     _CSMON_bGetDateTimeAutorization
00001547      55 (00001540)     _CSMON_bSetDateTimeRequest
00001548      55 (00001540)     _CSMON_bGetDateTimeRequest
00001549      55 (00001540)     _CSMON_u16SCIErrorPercent
0000154a      55 (00001540)     _bServiceWatchdog
0000154b      55 (00001540)     _CSMON_bResetMaxMeasure
0000154c      55 (00001540)     _bRunOnceGetSavedRecorderState
0000154d      55 (00001540)     _CSMON_bWatchdogCalcNeeded
0000154e      55 (00001540)     _CSMON_u16WatchdogPrescaler
0000154f      55 (00001540)     _CSMON_u16MaxTimeInISR_usec
00001550      55 (00001540)     _CSMON_u16MinTimeProcessExit_usec
00001551      55 (00001540)     _CSMON_u16MaxTimeTillWdtClear_usec
00001552      55 (00001540)     _CSMON_u16MinTimeProcessAllowedNeeded_usec
00001553      55 (00001540)     _u16SkipProcessCounter
00001554      55 (00001540)     _u16SkipProcessTag
00001555      55 (00001540)     _bSkipProcessFlag
00001556      55 (00001540)     _CSMON_bUseAccessLevelForHoldingRegistersAndCoils
00001557      55 (00001540)     _CSMON_bUseAccessLevelForInputRegistersAndCoils
00001558      55 (00001540)     _CSMON_u16CurrentAccessLevelPrev
00001559      55 (00001540)     _CSMON_u16FileParameterFillCount
0000155a      55 (00001540)     _CSMON_u16FileParameterUseMaxCnt
0000155b      55 (00001540)     _CSMON_u16FileParameterListCount
0000155c      55 (00001540)     _CSMON_u16FileParameterNameCount
0000155d      55 (00001540)     _CSMON_u16FileParameterNumeric
0000155e      55 (00001540)     _CSMON_bUseDisconnectOnTimeout
0000155f      55 (00001540)     _CSMON_u16NoMessageTimeout_msec
00001560      55 (00001540)     _CSMON_u16NoMessageTimeoutOld_msec
00001561      55 (00001540)     _CSMON_bRunningInitialization
00001562      55 (00001540)     _arr2
00001564      55 (00001540)     _u32FreeRunTimerSysClkMHz
00001566      55 (00001540)     _u32FreeRunTimerSysClkDiv
00001568      55 (00001540)     _CSMON_u32SCIErrorPPM
0000156a      55 (00001540)     _CSMON_u32FreeRunTimerCheckSumListBegin
0000156c      55 (00001540)     _CSMON_u32FreeRunTimerCheckSumListEnd
0000156e      55 (00001540)     _CSMON_u32FreeRunTimerCheckSumListMax
00001570      55 (00001540)     _CSMON_u32FreeRunTimerCheckSumNameBegin
00001572      55 (00001540)     _CSMON_u32FreeRunTimerCheckSumNameEnd
00001574      55 (00001540)     _CSMON_u32FreeRunTimerCheckSumNameMax
00001576      55 (00001540)     _CSMON_u32FreeRunTimerCheckSumNumbBegin
00001578      55 (00001540)     _CSMON_u32FreeRunTimerCheckSumNumbEnd
0000157a      55 (00001540)     _CSMON_u32FreeRunTimerCheckSumNumbMax
0000157c      55 (00001540)     _CSMON_u32FreeRunTimerCheckSumStrgBegin
0000157e      55 (00001540)     _CSMON_u32FreeRunTimerCheckSumStrgEnd

00001580      56 (00001580)     _CSMON_u32FreeRunTimerCheckSumStrgMax
00001582      56 (00001580)     _CSMON_u32FreeRunTimerAccessChangeBegin
00001584      56 (00001580)     _CSMON_u32FreeRunTimerAccessChangeEnd
00001586      56 (00001580)     _CSMON_u32FreeRunTimerAccessChangeMax
00001588      56 (00001580)     _CSMON_u32FreeRunTimerPrepareFileParameterAccessListEnd
0000158a      56 (00001580)     _CSMON_u32FreeRunTimerPrepareFileParameterAccessListMax
0000158c      56 (00001580)     _CSMON_u32FreeRunTimerPasswordHashBegin
0000158e      56 (00001580)     _CSMON_u32FreeRunTimerPasswordHashEnd
00001590      56 (00001580)     _CSMON_u32FreeRunTimerPasswordHashMax
00001592      56 (00001580)     _CSMON_u32FreeRunTimerProcessBegin
00001594      56 (00001580)     _CSMON_u32FreeRunTimerProcessNow
00001596      56 (00001580)     _CSMON_u32FreeRunTimerProcessEnd
00001598      56 (00001580)     _CSMON_u32FreeRunTimerProcessMax
0000159a      56 (00001580)     _CSMON_u32WatchdogPeriod_usec
0000159c      56 (00001580)     _CSMON_u32WatchdogPeriod_Ticks
0000159e      56 (00001580)     _CSMON_u32MaxTimeInISR_Ticks
000015a0      56 (00001580)     _CSMON_u32MaxTimeProcess_Ticks
000015a2      56 (00001580)     _CSMON_u32MaxTimeTillWdtClearISRs
000015a4      56 (00001580)     _CSMON_u32MinTimeProcessExit_Ticks
000015a6      56 (00001580)     _CSMON_u32MaxTimeTillWdtClear_Ticks
000015a8      56 (00001580)     _CSMON_u32MinTimeProcessAllowedNeeded_Ticks
000015aa      56 (00001580)     _CSMON_s32MaxTimeProcessAllowedCalc_Ticks
000015ac      56 (00001580)     _CSMON_u32MaxTimeProcessAllowed_Ticks
000015ae      56 (00001580)     _CSMON_pasFileParameterList
000015b0      56 (00001580)     _CSMON_pasFileParameterShortName
000015b2      56 (00001580)     _CSMON_pu32FileParameterString
000015b4      56 (00001580)     _CSMON_psFileParameterAux
000015b6      56 (00001580)     _CSMON_pu32FileParameterReserved
000015b8      56 (00001580)     _CSMON_pu32HoldingRegistersAddressTable
000015ba      56 (00001580)     _CSMON_pu32HoldingRegistersAddressTableInRam
000015bc      56 (00001580)     _CSMON_pu32HoldingRegistersAccessTableInRam
000015be      56 (00001580)     _CSMON_pauFileParameterNumeric

000015c0      57 (000015c0)     _CSMON_u32FreeRunTimerNow
000015c2      57 (000015c0)     _CSMON_u32FreeRunTimerPrev
000015c4      57 (000015c0)     _CSMON_u32FreeRunTimerDiff
000015c6      57 (000015c0)     _CSMON_u32NoMessageTime
000015c8      57 (000015c0)     _CSMON_u32NoMessageTimeout_Ticks
000015ca      57 (000015c0)     _CSMON_sFileProtocolVersion
000015cd      57 (000015c0)     _sHashKey
000015d8      57 (000015c0)     _CSMON_sDateTimeDefault
000015e4      57 (000015c0)     _CSMON_sDateTime
000015f0      57 (000015c0)     _CSMON_sDateTimeApplication

00001600      58 (00001600)     _CSMON_sFileParameterCount
00001610      58 (00001600)     _CSMON_sFileAutorization

00001640      59 (00001640)     _CSMON_sFileParameterAccessList

00001a40      69 (00001a40)     _CSMON_asFileParameterDefinitionsFromAccessLevel

00001e40      79 (00001e40)     _MODBUSREG_u32RegisterAccessTableInRam

00002240      89 (00002240)     _UARTRxBuffer

00002640      99 (00002640)     _HMSCOPEPRM_u8Buffer

00002940      a5 (00002940)     _UART_DRV_RxBufferTimeDiff

00002b40      ad (00002b40)     _u32ModbusTimeoutBuffer

00002d40      b5 (00002d40)     _sRecHandleParam

00002e66      b9 (00002e40)     _CpuTimer0
00002e6e      b9 (00002e40)     _CpuTimer1
00002e76      b9 (00002e40)     _CpuTimer2

00002e80      ba (00002e80)     _sRecHandle

00002f88      be (00002f80)     _sRecStatusParam
00002fb8      be (00002f80)     _SCI_DRV_ErrorRx

00002fc0      bf (00002fc0)     _HMMODBUS_anTxCheckSum

000030c0      c3 (000030c0)     _HMMODBUS_pCommBufferRx

000031c0      c7 (000031c0)     _HMMODBUS_pCommBufferTx

000032c0      cb (000032c0)     _UART_DRV_RxBuffer

000033c0      cf (000033c0)     _HMMODBUS_wFlags
000033c1      cf (000033c0)     _HMMODBUS_wFlagsRxTx
000033c2      cf (000033c0)     _HMMODBUS_nTxTodo
000033c3      cf (000033c0)     _HMMODBUS_nRxTodoEcho
000033c4      cf (000033c0)     _HMMODBUS_nLastResponseCmd
000033c5      cf (000033c0)     _HMMODBUS_nLastResponseCode
000033c6      cf (000033c0)     _HMMODBUS_nRxTodo
000033c7      cf (000033c0)     _HMMODBUS_nRxCheckSum
000033c8      cf (000033c0)     _HMMODBUS_nTxCheckSum
000033c9      cf (000033c0)     _HMMODBUS_bOverflowReached
000033ca      cf (000033c0)     _u8UartModBusIndex
000033cb      cf (000033c0)     _HMMODBUS_u8DeviceAddress
000033cc      cf (000033c0)     _HMMODBUS_u8QueueActiveIndex
000033cd      cf (000033c0)     _u16RegisterAddressDummyValue
000033ce      cf (000033c0)     _HMMODBUS_bReceivedMessage
000033cf      cf (000033c0)     _bInputRegsGlobal
000033d0      cf (000033c0)     _bBareRamTable
000033d1      cf (000033c0)     _bUsedDummyDataAddressInResponseData
000033d2      cf (000033c0)     _bLengthException
000033d3      cf (000033c0)     _bInputRegTableSorted
000033d4      cf (000033c0)     _bHoldingRegTableSorted
000033d5      cf (000033c0)     _bInputRegTableBareRam
000033d6      cf (000033c0)     _bHoldingRegTableBareRam
000033d7      cf (000033c0)     _bInputCoilTableSorted
000033d8      cf (000033c0)     _bHoldingCoilTableSorted
000033d9      cf (000033c0)     _bInputCoilTableBareRam
000033da      cf (000033c0)     _bHoldingCoilTableBareRam
000033db      cf (000033c0)     _u16FreeRunTimerPrescaller
000033dc      cf (000033c0)     _u16ModbusMinMessToMess_usec
000033dd      cf (000033c0)     _HMMODBUS_u8ReadServerIDLength
000033de      cf (000033c0)     _HMMODBUS_u8ReadServerIDNumber
000033df      cf (000033c0)     _HMMODBUS_u8ReadServerOnStatus
000033e0      cf (000033c0)     _HMMODBUS_u8ReadDeviceIDConfLvlMask
000033e1      cf (000033c0)     _HMMODBUS_u8ReadDeviceIDConfLvl
000033e2      cf (000033c0)     _HMMODBUS_u8ReadDeviceIDVendorNameLength
000033e3      cf (000033c0)     _HMMODBUS_u8ReadDeviceIDProductCodeLength
000033e4      cf (000033c0)     _HMMODBUS_u8ReadDeviceIDMajorMinorRevisionLength
000033e5      cf (000033c0)     _HMMODBUS_u8ReadDeviceIDVendorUrlLength
000033e6      cf (000033c0)     _HMMODBUS_u8ReadDeviceIDProductNameLength
000033e7      cf (000033c0)     _HMMODBUS_u8ReadDeviceIDModelNameLength
000033e8      cf (000033c0)     _HMMODBUS_u8ReadDeviceIDUserApplicationNameLength
000033e9      cf (000033c0)     _HMMODBUS_u8ReadDeviceIDUserReserve0Length
000033ea      cf (000033c0)     _HMMODBUS_u8ReadDeviceIDUserReserve1Length
000033eb      cf (000033c0)     _HMMODBUS_u8ReadDeviceIDUserReserve2Length
000033ec      cf (000033c0)     _eElementFixedArgument
000033ed      cf (000033c0)     _u16NoStoreFixedArgument
000033ee      cf (000033c0)     _u16DataModeFixedArgument
000033ef      cf (000033c0)     _u16PasswordFixedArgument
000033f0      cf (000033c0)     _bNeedResetBackup
000033f1      cf (000033c0)     _realRxByteDelayLastFailBytesReceived
000033f2      cf (000033c0)     _u16ModbusStartedReceiveMessageCounter
000033f3      cf (000033c0)     _u16ModbusCompleteReceiveMessageCounter
000033f4      cf (000033c0)     _u16ModbusCompleteReceiveMessageCounterThisDevice
000033f5      cf (000033c0)     _u16ModbusBufferOverflowReceiveMessageCounter
000033f6      cf (000033c0)     _u16ModbusBadCSReceiveMessageCounter
000033f7      cf (000033c0)     _u16ModbusBadTimeoutReceiveMessageCounter
000033f8      cf (000033c0)     _u16IndexFileTable
000033f9      cf (000033c0)     _u8SampleSize
000033fa      cf (000033c0)     _bElementsDifference
000033fc      cf (000033c0)     _HMMODBUS_pTxBuff
000033fe      cf (000033c0)     _HMMODBUS_pRxBuff

00003400      d0 (00003400)     _HMMODBUS_pu32HoldingRegisterAddressTable
00003402      d0 (00003400)     _HMMODBUS_pu32HoldingRegisterAddressTableInRam
00003404      d0 (00003400)     _HMMODBUS_pu32HoldingRegisterAccessTableInRam
00003406      d0 (00003400)     _HMMODBUS_u32HoldingRegisterAddressTableSize
00003408      d0 (00003400)     _HMMODBUS_u32HoldingRegisterAddressTableInRamSize
0000340a      d0 (00003400)     _HMMODBUS_u32HoldingRegisterValuesTableSize
0000340c      d0 (00003400)     _HMMODBUS_pu32InputRegisterAddressTable
0000340e      d0 (00003400)     _HMMODBUS_pu32InputRegisterAddressTableInRam
00003410      d0 (00003400)     _HMMODBUS_pu32InputRegisterAccessTableInRam
00003412      d0 (00003400)     _HMMODBUS_u32InputRegisterAddressTableSize
00003414      d0 (00003400)     _HMMODBUS_u32InputRegisterAddressTableInRamSize
00003416      d0 (00003400)     _HMMODBUS_u32InputRegisterValuesTableSize
00003418      d0 (00003400)     _HMMODBUS_pu32HoldingCoilAddressTable
0000341a      d0 (00003400)     _HMMODBUS_pu32HoldingCoilAddressTableInRam
0000341c      d0 (00003400)     _HMMODBUS_u32HoldingCoilAddressTableSize
0000341e      d0 (00003400)     _HMMODBUS_u32HoldingCoilAddressTableInRamSize
00003420      d0 (00003400)     _HMMODBUS_u32HoldingCoilValuesTableSize
00003422      d0 (00003400)     _HMMODBUS_pu32InputCoilAddressTable
00003424      d0 (00003400)     _HMMODBUS_pu32InputCoilAddressTableInRam
00003426      d0 (00003400)     _HMMODBUS_u32InputCoilAddressTableSize
00003428      d0 (00003400)     _HMMODBUS_u32InputCoilAddressTableInRamSize
0000342a      d0 (00003400)     _HMMODBUS_u32InputCoilValuesTableSize
0000342c      d0 (00003400)     _HMMODBUS_pasQueueRegisterAddressTable
0000342e      d0 (00003400)     _HMMODBUS_u32QueueRegisterAddressTableSize
00003430      d0 (00003400)     _HMMODBUS_u32TxDelayCounter
00003432      d0 (00003400)     _HMMOSBUS_nFileWritePrimaryAddrReadLast
00003434      d0 (00003400)     _HMMOSBUS_nDummy
00003436      d0 (00003400)     _HMMODBUS_u32FreeRunTimerReceivedMessage
00003438      d0 (00003400)     _HMMODBUS_pasFileAddressTable
0000343a      d0 (00003400)     _HMMODBUS_u32FileCount
0000343c      d0 (00003400)     _HMMODBUS_u32DeviceSYSCLKFreq
0000343e      d0 (00003400)     _u32ModbusMaxByteToByte

00003440      d1 (00003440)     _u32ModbusMaxMessToMess
00003442      d1 (00003440)     _u32ModbusMinMessToMess
00003444      d1 (00003440)     _u32ModbusMaxByteToByteExact
00003446      d1 (00003440)     _u32ModbusMaxMessToMessExact
00003448      d1 (00003440)     _u32ModbusTimeout
0000344a      d1 (00003440)     _u32WrongElementSizeTable
0000344c      d1 (00003440)     _u32ElementSizeTableD384_0
0000344e      d1 (00003440)     _u32ElementSizeTableB326_0
00003450      d1 (00003440)     _u32ElementSizeTableD384_1
00003452      d1 (00003440)     _u32ElementSizeTableB326_1
00003454      d1 (00003440)     _u32ElementSizeTableD384_2
00003456      d1 (00003440)     _u32ElementSizeTableB326_2
00003458      d1 (00003440)     _HMMODBUS_pu8ReadServerIDDatAdr
0000345a      d1 (00003440)     _HMMODBUS_pu8ReadDeviceIDVendorName
0000345c      d1 (00003440)     _HMMODBUS_pu8ReadDeviceIDProductCode
0000345e      d1 (00003440)     _HMMODBUS_pu8ReadDeviceIDMajorMinorRevision
00003460      d1 (00003440)     _HMMODBUS_pu8ReadDeviceIDVendorUrl
00003462      d1 (00003440)     _HMMODBUS_pu8ReadDeviceIDProductName
00003464      d1 (00003440)     _HMMODBUS_pu8ReadDeviceIDModelName
00003466      d1 (00003440)     _HMMODBUS_pu8ReadDeviceIDUserApplicationName
00003468      d1 (00003440)     _HMMODBUS_pu8ReadDeviceIDUserReserve0
0000346a      d1 (00003440)     _HMMODBUS_pu8ReadDeviceIDUserReserve1
0000346c      d1 (00003440)     _HMMODBUS_pu8ReadDeviceIDUserReserve2
0000346e      d1 (00003440)     _pfWriteParElementCallbackFunction
00003470      d1 (00003440)     _u32ModbusTimeoutBufferIndex
00003472      d1 (00003440)     _u32RxTimeout
00003474      d1 (00003440)     _realRxByteDelay
00003476      d1 (00003440)     _realRxByteDelayLastFail
00003478      d1 (00003440)     _u32RxTimeoutLastFail
0000347a      d1 (00003440)     _HMMODBUS_u32DebugAddrReadFileReal
0000347c      d1 (00003440)     _HMMODBUS_u32DebugAddrReadFileFromIndex
0000347e      d1 (00003440)     _HMMODBUS_u32DebugAddrReadFileFromAddress

00003480      d2 (00003480)     _HMMODBUS_u32DebugAddrReadPlusOffset
00003482      d2 (00003480)     _HMMODBUS_u32DebugAddrReadFileCircleTooFarAddress
00003484      d2 (00003480)     _HMMODBUS_u32DebugAddrReadFileCircle
00003486      d2 (00003480)     _HMMODBUS_u32DebugAddrReadFileForRead
00003488      d2 (00003480)     _HMMODBUS_u32DebugAddrReadFileForReadLooped
0000348a      d2 (00003480)     _HMMODBUS_nSizeReadRequestLoopLeft
0000348c      d2 (00003480)     _u32BufferAddressStart
0000348e      d2 (00003480)     _u32BufferSize
00003490      d2 (00003480)     _u32SampleCountBuffer
00003492      d2 (00003480)     _u32SampleCountAvailable
00003494      d2 (00003480)     _u32StartSampleIndex
00003496      d2 (00003480)     _u32ElementsSizeModbus
00003498      d2 (00003480)     _u32ElementsSizeMemory
0000349a      d2 (00003480)     _nTimeTickDelayModbus
0000349c      d2 (00003480)     _nTimeTickDelayModbusMin
0000349e      d2 (00003480)     _nTimeTickDelayModbusMax
000034a2      d2 (00003480)     _HMMODBUS_u32RegisterAddressDummy
000034a5      d2 (00003480)     _HMMODBUS_u32CoilAddressDummy
000034a8      d2 (00003480)     _HMMODBUS_u32RegisterAddressInRamDummy
000034ac      d2 (00003480)     _HMMODBUS_u32CoilAddressInRamDummy
000034b2      d2 (00003480)     _pcm_wFlags
000034b3      d2 (00003480)     _pcm_wFlagsRxTx
000034b4      d2 (00003480)     _pcm_nTxTodo
000034b5      d2 (00003480)     _pcm_nRxTodoEcho
000034b6      d2 (00003480)     _pcm_nRxTodo
000034b7      d2 (00003480)     _pcm_nRxCheckSum
000034b8      d2 (00003480)     _u8UartIndex
000034ba      d2 (00003480)     _pcm_pTxBuff
000034bc      d2 (00003480)     _pcm_pRxBuff

000034c0      d3 (000034c0)     _QueueTestTable

00003580      d6 (00003580)     _sRecConfigParam

00003640      d9 (00003640)     _sScopeHandlePrm

000036fa      db (000036c0)     _nRecorderFreemasterIndex
000036fb      db (000036c0)     _nScopePrmFreemasterIndex
000036fc      db (000036c0)     _bRecorderParameterUsage
000036fd      db (000036c0)     _bScopeParameterUsage
000036fe      db (000036c0)     _u16TimeBase
000036ff      db (000036c0)     _breakData

00003700      dc (00003700)     _MAIN_bDateTimeSet
00003701      dc (00003700)     _bDummyStatsDevRunning
00003702      dc (00003700)     _bDummyReqstDevRunning
00003703      dc (00003700)     _s16DummyCurrentPhaseAStartup
00003704      dc (00003700)     _s16DummyCurrentPhaseBStartup
00003705      dc (00003700)     _s16DummyCurrentPhaseCStartup
00003706      dc (00003700)     _s16DummyVoltageDCLinkStartup
00003707      dc (00003700)     _s16DummyCurrentPhaseAStop
00003708      dc (00003700)     _s16DummyCurrentPhaseBStop
00003709      dc (00003700)     _s16DummyCurrentPhaseCStop
0000370a      dc (00003700)     _s16DummyVoltageDCLinkStop
0000370b      dc (00003700)     _s16DummyCurrentPhaseAIdle
0000370c      dc (00003700)     _s16DummyCurrentPhaseBIdle
0000370d      dc (00003700)     _s16DummyCurrentPhaseCIdle
0000370e      dc (00003700)     _s16DummyVoltageDCLinkIdle
0000370f      dc (00003700)     _s16DummyIncrementLoopCDiff
00003710      dc (00003700)     _s16DummyIncrementLoopA
00003711      dc (00003700)     _s16DummyIncrementLoopB
00003712      dc (00003700)     _s16DummyIncrementLoopC
00003713      dc (00003700)     _s16DummyIncrementLoopV
00003714      dc (00003700)     _s16DummyCurrentPhaseA
00003715      dc (00003700)     _s16DummyCurrentPhaseB
00003716      dc (00003700)     _s16DummyCurrentPhaseC
00003717      dc (00003700)     _s16DummyVoltageDCLink
00003718      dc (00003700)     _s16DummyIncrementLoop
00003719      dc (00003700)     _u16DummyDataCnt
0000371a      dc (00003700)     _s16DummyDataTst
0000371b      dc (00003700)     _s16ScaleDataTst
0000371c      dc (00003700)     _u16TestData0
0000371d      dc (00003700)     _u16TestData1
0000371e      dc (00003700)     _u16TestData2
0000371f      dc (00003700)     _u16TestData3
00003720      dc (00003700)     _u16TestData4
00003721      dc (00003700)     _u16TestData5
00003722      dc (00003700)     _u16TestData6
00003723      dc (00003700)     _u16TestData7
00003724      dc (00003700)     _u16TestData8
00003725      dc (00003700)     _u16TestData9
00003726      dc (00003700)     _s16DummyData
00003727      dc (00003700)     _u16WatchdogPrescaler
00003728      dc (00003700)     _u16WatchdogPrescalerOld
00003729      dc (00003700)     _u16WatchdogPrescalerTime
0000372a      dc (00003700)     _u16WatchdogPrescalerTimeOld
0000372b      dc (00003700)     _u16DelayCtrlLoop_100nsec
0000372c      dc (00003700)     _u16DelayCtrlLoopOld_100nsec
0000372d      dc (00003700)     _u16DelayMainLoop_usec
0000372e      dc (00003700)     _u16DelayMainLoopOld_usec
0000372f      dc (00003700)     _u16PeriodControl_usec
00003730      dc (00003700)     _u16PeriodControlOld_usec
00003731      dc (00003700)     _u16CountSetParameterFail
00003732      dc (00003700)     _u16CountMaxParameterTest
00003733      dc (00003700)     _bResetAllTimeMeasures
00003734      dc (00003700)     _eResponseCode_CSMON_eInit
00003735      dc (00003700)     _eResponseCode_CSMON_eProcess
00003736      dc (00003700)     _eResponseCode_CSMON_eSetServerOnStatus
00003737      dc (00003700)     _eResponseCode_CSMON_eSetParameter
00003738      dc (00003700)     _eResponseCode_CSMON_eSetRecorder
00003739      dc (00003700)     _eResponseCode_CSMON_eSetScope
0000373a      dc (00003700)     _eResponseCode_CSMON_eSetTimerPeriodISRFunctionRegister
0000373b      dc (00003700)     _eResponseCode_CSMON_eSetFlagProcessPassed
0000373c      dc (00003700)     _s32DummyCurrentPhaseA
0000373e      dc (00003700)     _s32DummyCurrentPhaseB

00003740      dd (00003740)     _s32DummyCurrentPhaseC
00003742      dd (00003740)     _s32DummyVoltageDCLink
00003744      dd (00003740)     _s32DummyIncrementLoop
00003746      dd (00003740)     _u32DummyDataCnt
00003748      dd (00003740)     _pu16ModbusMessageCounter
0000374a      dd (00003740)     _aDummyDataTable
0000374c      dd (00003740)     _u32DelayCtrlLoop_Ticks
0000374e      dd (00003740)     _u32DelayMainLoop_Ticks
00003750      dd (00003740)     _u32TimeMainLoopProcessCSMON_Bgn_Ticks
00003752      dd (00003740)     _u32TimeMainLoopProcessCSMON_End_Ticks
00003754      dd (00003740)     _u32TimeMainLoopProcessCSMON_Now_Ticks
00003756      dd (00003740)     _u32TimeMainLoopProcessCSMON_Max_Ticks
00003758      dd (00003740)     _u32TimeMainLoopCycle_Bgn_Ticks
0000375a      dd (00003740)     _u32TimeMainLoopCycle_End_Ticks
0000375c      dd (00003740)     _u32TimeMainLoopCycle_Now_Ticks
0000375e      dd (00003740)     _u32TimeMainLoopCycle_Max_Ticks
00003760      dd (00003740)     _u32TimeCSMON_ISR_Ticks
00003762      dd (00003740)     _u32TimeCSMON_ISR_Max_Ticks
00003764      dd (00003740)     _u32TimeCtrlLoop_Ticks
00003766      dd (00003740)     _u32TimeCtrlLoopMax_Ticks
00003768      dd (00003740)     _u32ParamTime_Ticks
0000376a      dd (00003740)     _u32GetBaudError_PPM
0000376c      dd (00003740)     _EMIF_AUX_pu16ParamVerBackupInEmif
0000376e      dd (00003740)     _EMIF_AUX_pu16DateTimeBackupInEmif
00003770      dd (00003740)     _EMIF_AUX_pu16CheckSumBackupInEmif
00003774      dd (00003740)     _u64DummyDataCnt
00003778      dd (00003740)     _MAIN_sDateTimeGet

00003780      de (00003780)     _MAIN_sDateTimeSet
00003788      de (00003780)     _CSMON_au8FileRecorderConfigElementsSizeTable
000037b5      de (00003780)     _HMREC_u16FailSnapshotWrite
000037b8      de (00003780)     _u32DeviceLSPCLKFreq
000037ba      de (00003780)     _u32DeviceLSPCLKFreqRoundAndMinErrorBaud
000037bc      de (00003780)     _HMDRV_u32SCIErrorPPM
000037be      de (00003780)     _u32DeviceSYSCLKFreq

000037c0      df (000037c0)     _sScopeConfigParam

0000383e      e0 (00003800)     _DataChangedParamFlag
0000383f      e0 (00003800)     _nScopeIndexFreemaster

00003840      e1 (00003840)     _pcm_pCommBuffer

000038b9      e2 (00003880)     _CSMON_au8FileParameterListElementsSizeTablePart2
000038ba      e2 (00003880)     _CSMON_au32FileAutorization_FunctionAfterWriteFileRecord

000038c0      e3 (000038c0)     _sRecExternParam

00003914      e4 (00003900)     _CSMON_au8FileScopeConfigurationElementsSizeTable
0000393e      e4 (00003900)     _CSMON_abFlagProcessPassed

00003940      e5 (00003940)     _DataChangedFlag

00003980      e6 (00003980)     _CSMON_au8FileRecorderDataElementsSizeTable
000039bc      e6 (00003980)     _CSMON_au8FileParameterListElementsSizeTablePart1

000039c0      e7 (000039c0)     _IO_bUseIOFbkEmulation
000039c1      e7 (000039c0)     _u16DigitalOutputs
000039c2      e7 (000039c0)     _uDOExternal
000039c3      e7 (000039c0)     _uDIExternal
000039c4      e7 (000039c0)     _uDOExternalFbk
000039c5      e7 (000039c0)     _uDIExternalFbk
000039c6      e7 (000039c0)     _uFaultInput
000039c7      e7 (000039c0)     _uFaultInputDeny
000039c8      e7 (000039c0)     _uEnableOutput
000039c9      e7 (000039c0)     _uEnableOutputUse
000039ca      e7 (000039c0)     _bUseFPGACommandOnEnOut2346
000039cb      e7 (000039c0)     _uEnableOutput2346
000039cc      e7 (000039c0)     _IO_uErrorStop
000039cd      e7 (000039c0)     _IO_nStackMask
000039ce      e7 (000039c0)     _u32DigitalInputs
000039d0      e7 (000039c0)     _u32DigitalOutputPortMask1
000039d2      e7 (000039c0)     _u32DigitalOutputPortMask2
000039d4      e7 (000039c0)     _u32DigitalOutputPortMask
000039d6      e7 (000039c0)     _u32DigitalInputPortMask
000039d8      e7 (000039c0)     _u32OutputPortDataRead
000039da      e7 (000039c0)     _u32OutputPortDataWrite
000039dc      e7 (000039c0)     _u32InputPortDataRead
000039de      e7 (000039c0)     _u32OutputPortDataNew
000039e0      e7 (000039c0)     _u32OutputPortDataPreserve
000039e2      e7 (000039c0)     _u32InputPortDataReadActiveLow
000039e4      e7 (000039c0)     _bUseSCIA_On_USB
000039e6      e7 (000039c0)     _UART_sHandle
000039fa      e7 (000039c0)     _CSMON_au32FileParameterDefinitionsFileRecordElementsRealAddressTable

00003a00      e8 (00003a00)     _MODBUSREG_asQueueTable
00003a20      e8 (00003a00)     _sRecStatusParamInternal
00003a3e      e8 (00003a00)     __lock

00003a40      e9 (00003a40)     _sExternalRecoderHandle
00003a54      e9 (00003a40)     _RTC_DRV_bDateTimeSet
00003a55      e9 (00003a40)     _RTC_DRV_bDateTimeGet
00003a56      e9 (00003a40)     _RTC_DRV_bDateTimeSetupAtStart
00003a57      e9 (00003a40)     _RTC_DRV_bDateTimeGetRequest
00003a58      e9 (00003a40)     _RTC_DRV_sDateTimeGet
00003a60      e9 (00003a40)     _RTC_DRV_sDateTimeSet
00003a68      e9 (00003a40)     _MAIN_sTimeI2C
00003a6a      e9 (00003a40)     _MAIN_sDateI2C
00003a6c      e9 (00003a40)     _MAIN_sTime
00003a6e      e9 (00003a40)     _MAIN_sDate
00003a70      e9 (00003a40)     _MAIN_u32FreeCounter
00003a72      e9 (00003a40)     _HMRECPRM_sDateTime
00003a7a      e9 (00003a40)     _CSMON_au32FileParameterDefinitionsFileRecordElementsSizeTable

00003a80      ea (00003a80)     _MODBUSREG_au8DeviceIDMajorMinorRevision
00003a90      ea (00003a80)     _MODBUSREG_au8DeviceIDModelName
00003aa0      ea (00003a80)     _MODBUSREG_au8DeviceIDProductCode
00003ab0      ea (00003a80)     _MODBUSREG_au8DeviceIDProductName

00003ac0      eb (00003ac0)     _MODBUSREG_au8DeviceIDUserApplicationName
00003ad0      eb (00003ac0)     _MODBUSREG_au8DeviceIDUserReserve0
00003ae0      eb (00003ac0)     _MODBUSREG_au8DeviceIDUserReserve1
00003af0      eb (00003ac0)     _MODBUSREG_au8DeviceIDUserReserve2

00003b00      ec (00003b00)     _MODBUSREG_au8DeviceIDVendorName
00003b10      ec (00003b00)     _MODBUSREG_au8DeviceIDVendorUrl
00003b20      ec (00003b00)     _MODBUSREG_au8ServerIDData
00003b30      ec (00003b00)     _primeIndArr
00003b3e      ec (00003b00)     __unlock

00003b40      ed (00003b40)     _cpuTimer0IntCount
00003b41      ed (00003b40)     _cpuTimer1IntCount
00003b42      ed (00003b40)     _cpuTimer2IntCount
00003b43      ed (00003b40)     _u16TimerMainPeriod
00003b44      ed (00003b40)     _u16SecondPeriod
00003b45      ed (00003b40)     _u16SecondCounter
00003b46      ed (00003b40)     _u16TimerMainISRCounter
00003b47      ed (00003b40)     _TMR_u16FreeRunTimerPrescaller
00003b48      ed (00003b40)     _hours
00003b49      ed (00003b40)     _minutes
00003b4a      ed (00003b40)     _seconds
00003b4b      ed (00003b40)     _second_Passed
00003b4c      ed (00003b40)     _pfCSMONFunction
00003b4e      ed (00003b40)     _CSMON_au8FileParameterCountElementsSizeTable
00003b58      ed (00003b40)     _CSMON_au8FileRTCElementsSizeTable
00003b62      ed (00003b40)     _HMMODBUS_nFilePrimaryAddrWriteLast
00003b6c      ed (00003b40)     _HMMOSBUS_nFileWriteAddrReadLast
00003b76      ed (00003b40)     _CSMON_au8FileParameterNumericElementsSizeTable
00003b7f      ed (00003b40)     _CSMON_au8FileParameterListElementsSizeTablePart3

00003b80      ee (00003b80)     _SCI_ErrorRx
00003b88      ee (00003b80)     _UART_DRV_RXIntOverflowCounter
00003b90      ee (00003b80)     _UART_DRV_u32TimeDiffLast
00003b98      ee (00003b80)     _UART_DRV_u32TimeDiffNow
00003ba0      ee (00003b80)     _UART_DRV_u32TimeDiffRead
00003ba8      ee (00003b80)     _UART_RXIntOverflowCounter
00003bb0      ee (00003b80)     _pfDelayedFunction
00003bb8      ee (00003b80)     _pfDelayedFunction_u8

00003bc0      ef (00003bc0)     _u32TimeDiffLast
00003bc8      ef (00003bc0)     _u32TimeDiffNow
00003bd0      ef (00003bc0)     _u32TimeDiffRead
00003bd8      ef (00003bc0)     _HMMODBUS_u32CoilAddressTableInRam
00003bde      ef (00003bc0)     _MODBUSREG_sInputCoilAddressTableInRam
00003be4      ef (00003bc0)     _pBufferScope
00003bea      ef (00003bc0)     _u32RecorderLastFreeCounter
00003bf0      ef (00003bc0)     _u32RecorderMicroSec
00003bf6      ef (00003bc0)     _Example_Result
00003bf8      ef (00003bc0)     _Example_PassCount
00003bfa      ef (00003bc0)     _Example_Fail
00003bfc      ef (00003bc0)     _CSMON_au8FileRecorderStatusElementsSizeTable

00003c00      f0 (00003c00)     ___TI_enable_exit_profile_output
00003c02      f0 (00003c00)     ___TI_cleanup_ptr
00003c04      f0 (00003c00)     ___TI_dtors_ptr
00003c06      f0 (00003c00)     _MODBUSREG_sInputRegisterAddressTableInRam
00003c0a      f0 (00003c00)     _UARTRxBufferRDCount
00003c0e      f0 (00003c00)     _UARTRxBufferRDIndex
00003c12      f0 (00003c00)     _UARTRxBufferWRCount
00003c16      f0 (00003c00)     _UARTRxBufferWRIndex
00003c1a      f0 (00003c00)     _UART_DRV_RxBufferRDCount
00003c1e      f0 (00003c00)     _UART_DRV_RxBufferRDIndex
00003c22      f0 (00003c00)     _UART_DRV_RxBufferWRCount
00003c26      f0 (00003c00)     _UART_DRV_RxBufferWRIndex
00003c2a      f0 (00003c00)     _u16TimerMainDelayedData
00003c2e      f0 (00003c00)     _u16TimerMainFunctionDelay
00003c32      f0 (00003c00)     _u16TimerMainFunctionDelayCompare
00003c36      f0 (00003c00)     _u16TimerMainFunctionDelayCounter
00003c3a      f0 (00003c00)     _CSMON_abFileAutorization_RecordReadOnly
00003c3d      f0 (00003c00)     _CSMON_abFileAutorization_RecordStringData

00003c40      f1 (00003c40)     _CSMON_au16FileAutorization_RecordOffsets
00003c43      f1 (00003c40)     _CSMON_au32FileParameterDefinitionsFileRecordElementsRecordToRecordOffsetSizeBytesTable
00003c46      f1 (00003c40)     _CSMON_au8FileRecorderDataElementsSizeTableUsedLength
00003c49      f1 (00003c40)     _abRecorderJustStopped
00003c4c      f1 (00003c40)     _abRecorderRunning
00003c4f      f1 (00003c40)     _nSizeBytesScopeBuffer
00003c52      f1 (00003c40)     _sScopeStatusParam
00003c55      f1 (00003c40)     _CSMON_au8FileScopeStatusElementsSizeTable
00003c56      f1 (00003c40)     _MODBUSREG_sInputRegisterAccessTableInRam
00003c57      f1 (00003c40)     _sRecTimeBase
00003c58      f1 (00003c40)     _errno

00004000     100 (00004000)     _Usb0Regs

00005000     140 (00005000)     _McbspaRegs

00006000     180 (00006000)     _ECanaRegs

00006040     181 (00006040)     _ECanaLAMRegs

00006080     182 (00006080)     _ECanaMOTSRegs

000060c0     183 (000060c0)     _ECanaMOTORegs

00006100     184 (00006100)     _ECanaMboxes

00006400     190 (00006400)     _Comp1Regs
00006420     190 (00006400)     _Comp2Regs

00006440     191 (00006440)     _Comp3Regs

00006800     1a0 (00006800)     _EPwm1Regs

00006840     1a1 (00006840)     _EPwm2Regs

00006880     1a2 (00006880)     _EPwm3Regs

000068c0     1a3 (000068c0)     _EPwm4Regs

00006900     1a4 (00006900)     _EPwm5Regs

00006940     1a5 (00006940)     _EPwm6Regs

00006980     1a6 (00006980)     _EPwm7Regs

000069c0     1a7 (000069c0)     _EPwm8Regs

00006a00     1a8 (00006a00)     _ECap1Regs
00006a20     1a8 (00006a00)     _ECap2Regs

00006a40     1a9 (00006a40)     _ECap3Regs

00006ac0     1ab (00006ac0)     _HRCap1Regs
00006ae0     1ab (00006ac0)     _HRCap2Regs

00006b00     1ac (00006b00)     _EQep1Regs

00006b40     1ad (00006b40)     _EQep2Regs

00006c80     1b2 (00006c80)     _HRCap3Regs
00006ca0     1b2 (00006c80)     _HRCap4Regs

00006f80     1be (00006f80)     _GpioCtrlRegs

00006fc0     1bf (00006fc0)     _GpioDataRegs
00006fe0     1bf (00006fc0)     _GpioIntRegs

00007010     1c0 (00007000)     _SysCtrlRegs

00007040     1c1 (00007040)     _SpiaRegs
00007050     1c1 (00007040)     _SciaRegs
00007060     1c1 (00007040)     _NmiIntruptRegs
00007070     1c1 (00007040)     _XIntruptRegs

00007100     1c4 (00007100)     _AdcRegs

00007740     1dd (00007740)     _SpibRegs
00007750     1dd (00007740)     _ScibRegs

00007900     1e4 (00007900)     _I2caRegs

00014000     500 (00014000)     _auchCRCHi

00014100     504 (00014100)     _auchCRCLo

00014200     508 (00014200)     _PieVectTableInit

00014384     50e (00014380)     _CSMON_asAccessLevelPasswords

0001450c     514 (00014500)     _CSMON_au8FileImplementedFunctionCodes

00014552     515 (00014540)     _CSMON_au8FileParameterListElementsCountInPartTable
00014555     515 (00014540)     _HMMODBUS_u32CoilAddressTable
00014558     515 (00014540)     _MODBUSREG_sInputCoilAddressTable
0001455b     515 (00014540)     _MODBUSREG_sInputRegisterAddressTable

003d7e80    f5fa (003d7e80)     _PartIdRegs

003f7ff8    fdff (003f7fc0)     _CsmPwl


GLOBAL SYMBOLS: SORTED ALPHABETICALLY BY Name 

page  address   name                                                                                             
----  -------   ----                                                                                             
0     003e8000  .text                                                                                            
0     003f0f36  C$$EXIT                                                                                          
0     003f078d  FD$$ADD                                                                                          
0     003f0f0c  FD$$CMP                                                                                          
0     003f0a7c  FD$$DIV                                                                                          
0     003f0b8e  FD$$MPY                                                                                          
0     003f1226  FD$$NEG                                                                                          
0     003f1204  FD$$SUB                                                                                          
0     003f103e  FD$$TOFS                                                                                         
0     003f1080  FD$$TOL                                                                                          
0     003f112f  FD$$TOUL                                                                                         
0     003f0d17  FS$$ADD                                                                                          
0     003f117c  FS$$CMP                                                                                          
0     003f0c11  FS$$DIV                                                                                          
0     003f0e5e  FS$$MPY                                                                                          
0     003f1241  FS$$NEG                                                                                          
0     003f0d12  FS$$SUB                                                                                          
0     003f10f7  FS$$TOFD                                                                                         
0     003f0fb0  FS$$TOI                                                                                          
0     003f0f5f  FS$$TOL                                                                                          
0     003f10bd  FS$$TOU                                                                                          
0     003f105f  FS$$TOUL                                                                                         
0     003f101c  I$$DIV                                                                                           
0     003f102d  I$$MOD                                                                                           
0     003f1113  L$$TOFD                                                                                          
0     003f114a  L$$TOFS                                                                                          
[...]
003f1076  local     RETURN1 (.text)
003f107d  local     UNDERFLOW (.text)


================================================================================

rts2800_ml.lib : ll_div28.asm.obj

Run/Load            
Value     Binding   Name (Section)
--------  --------  ---------------
003f01e9  local     $10 (.text)
003f01f5  local     $15 (.text)
003f022a  local     $20 (.text)
003f0224  local     $25 (.text)
003f0230  local     $30 (.text)
003f025e  local     $35 (.text)
003f028d  local     $40 (.text)
003f01ef  local     $5_$2 (.text)
00000000  local     .bss (.bss)
00000000  local     .data (.data)
003f01db  local     .text (.text)
003f01ff  local     CHECK_SIGN1 (.text)
003f023a  local     CHECK_SIGN2 (.text)
003f0272  local     DGT3 (.text)
003f0274  local     DIVUDenHighZero (.text)
003f0209  local     EQ0 (.text)
003f0204  local     EQ1 (.text)
003f0242  local     EQ2 (.text)
003f026d  local     EQ3 (.text)
003f029e  local     EQ4 (.text)
003f01db  global    LL$$DIV (.text)
003f0217  global    LL$$MOD (.text)
003f02bd  local     LOOP (.text)
003f02ac  local     MAINDIV (.text)
003f02cb  local     MD_NEQ (.text)
003f02a0  local     MODUDenHighZero (.text)
003f0202  local     RET1 (.text)
003f023d  local     RET2 (.text)
003f026b  local     RET3 (.text)
003f029a  local     RET4 (.text)
003f023f  local     RET_NUM1 (.text)
003f029c  local     RET_NUM2 (.text)
003f020b  local     SDIVUDenHighZero (.text)
003f02d5  local     SKIP (.text)
003f02d7  local     SKIP1 (.text)
003f0245  local     SMODUDenHighZero (.text)
003f0251  global    ULL$$DIV (.text)
003f0280  global    ULL$$MOD (.text)


================================================================================

rts2800_ml.lib : u_div28.asm.obj

Run/Load            
Value     Binding   Name (Section)
--------  --------  ---------------
00000000  local     .bss (.bss)
00000000  local     .data (.data)
003f1212  local     .text (.text)
003f1212  global    U$$DIV (.text)
003f1217  global    U$$MOD (.text)


================================================================================

rts2800_ml.lib : u_tofd28.asm.obj

Run/Load            
Value     Binding   Name (Section)
--------  --------  ---------------
00000000  local     .bss (.bss)
00000000  local     .data (.data)
003f1193  local     .text (.text)
003f11a0  local     NORMALIZE (.text)
003f11a8  local     OP_ZERO (.text)
003f11a2  local     PACK (.text)
003f11a7  local     RETURN (.text)
003f11a5  local     RETURN_VALUE (.text)
003f1193  global    U$$TOFD (.text)


================================================================================

rts2800_ml.lib : u_tofs28.asm.obj

Run/Load            
Value     Binding   Name (Section)
--------  --------  ---------------
00000000  local     .bss (.bss)
00000000  local     .data (.data)
003f11f4  local     .text (.text)
003f1203  local     RESTORE (.text)
003f11f4  global    U$$TOFS (.text)
003f1203  local     ZERO (.text)


================================================================================

rts2800_ml.lib : l_tofs28.asm.obj

Run/Load            
Value     Binding   Name (Section)
--------  --------  ---------------
00000000  local     .bss (.bss)
00000000  local     .data (.data)
003f114a  local     .text (.text)
003f114a  global    L$$TOFS (.text)
003f1160  local     OVERFLOW (.text)
003f115f  local     RETURN (.text)
003f115f  local     ZERO (.text)


================================================================================

rts2800_ml.lib : ul_tofs28.asm.obj

Run/Load            
Value     Binding   Name (Section)
--------  --------  ---------------
00000000  local     .bss (.bss)
00000000  local     .data (.data)
003f11bf  local     .text (.text)
003f11c7  local     LEFT_SHIFT (.text)
003f11c9  local     PACK (.text)
003f11d1  local     RETURN (.text)
003f11bf  global    UL$$TOFS (.text)
003f11d1  local     ZERO (.text)


================================================================================

rts2800_ml.lib : fs_tofd28.asm.obj

Run/Load            
Value     Binding   Name (Section)
--------  --------  ---------------
00000000  local     .bss (.bss)
00000000  local     .data (.data)
003f10f7  local     .text (.text)
003f10f7  global    FS$$TOFD (.text)
003f110b  local     OVERFLOW (.text)
003f110a  local     RETURN (.text)
003f1108  local     RETURN_VALUE (.text)
003f1111  local     UNDERFLOW (.text)


================================================================================

rts2800_ml.lib : fd_div28.asm.obj

Run/Load            
Value     Binding   Name (Section)
--------  --------  ---------------
003f0ab8  local     $1_$3 (.text)
003f0ac3  local     $2_$3 (.text)
00000000  local     .bss (.bss)
00000000  local     .data (.data)
003f0a7c  local     .text (.text)
003f0ad2  local     DIV_END (.text)
003f0ab3  local     DIV_START (.text)
003f0a7c  global    FD$$DIV (.text)
003f0ad5  local     NORMALIZE (.text)
003f0aff  local     OVERFLOW (.text)
003f0afa  local     RETURN (.text)
003f0af8  local     RETURN_VALUE (.text)
003f0aea  local     RND64_SET_MANT$3$ (.text)
003f0ade  local     ROUND (.text)
003f0b05  local     UNDERFLOW (.text)


================================================================================

rts2800_ml.lib : cpy_tbl.c.obj

Run/Load            
Value     Binding   Name (Section)
--------  --------  ---------------
003f0fdd  local     $C$L1 (.text)
003f0ff0  local     $C$L2 (.text)
003f0ff1  local     $C$L3 (.text)
00000000  local     .bss (.bss)
00000000  local     .data (.data)
003f0fd5  local     .text (.text)
003f0fd5  global    _copy_in (.text)


================================================================================

rts2800_ml.lib : memcpy.c.obj

Run/Load            
Value     Binding   Name (Section)
--------  --------  ---------------
003f10e0  local     $C$L1 (.text)
003f10e4  local     $C$L2 (.text)
003f10eb  local     $C$L3 (.text)
003f10ed  local     $C$L4 (.text)
003f10f5  local     $C$L5 (.text)
00000000  local     .bss (.bss)
00000000  local     .data (.data)
003f10da  local     .text (.text)
003f10da  global    _memcpy (.text)


================================================================================

rts2800_ml.lib : pre_init.c.obj

Run/Load            
Value     Binding   Name (Section)
--------  --------  ---------------
00000000  local     .bss (.bss)
00000000  local     .data (.data)
003f1249  local     .text (.text)
003f1249  global    __system_pre_init (.text)


================================================================================

rts2800_ml.lib : startup.c.obj

Run/Load            
Value     Binding   Name (Section)
--------  --------  ---------------
00000000  local     .bss (.bss)
00000000  local     .data (.data)
003f124b  local     .text (.text)
003f124b  global    __system_post_cinit (.text)


================================================================================

rts2800_ml.lib : e_rem_pio2f.c.obj

Run/Load            
Value     Binding   Name (Section)
--------  --------  ---------------
000144b0  local     $C$FL1 (.econst)
000144b4  local     $C$FL2 (.econst)
000144b8  local     $C$FL3 (.econst)
000144bc  local     $C$FL4 (.econst)
003f0749  local     $C$L1 (.text)
003f0757  local     $C$L2 (.text)
003f0783  local     $C$L3 (.text)
003f0788  local     $C$L4 (.text)
00000000  local     .bss (.bss)
00000000  local     .data (.data)
000144a4  local     .econst (.econst)
003f06e6  local     .text (.text)
003f06e6  global    ___rem_pio2f (.text)
000144a4  local     _invpio2 (.econst)
000144a8  local     _pio2_1 (.econst)
000144ac  local     _pio2_1t (.econst)


================================================================================

rts2800_ml.lib : k_rem_pio2.c.obj

Run/Load            
Value     Binding   Name (Section)
--------  --------  ---------------
000143e4  local     $C$FL1 (.econst)
000143e8  local     $C$FL2 (.econst)
000143ec  local     $C$FL3 (.econst)
000143f0  local     $C$FL4 (.econst)
000143f4  local     $C$FL5 (.econst)
000143f8  local     $C$FL6 (.econst)
000143fc  local     $C$FL7 (.econst)
003ed76b  local     $C$L1 (.text)
003ed825  local     $C$L10 (.text)
003ed852  local     $C$L11 (.text)
003ed872  local     $C$L12 (.text)
003ed897  local     $C$L13 (.text)
003ed8b6  local     $C$L14 (.text)
003ed8bd  local     $C$L15 (.text)
003ed8da  local     $C$L16 (.text)
003ed928  local     $C$L17 (.text)
003ed994  local     $C$L18 (.text)
003ed998  local     $C$L19 (.text)
003ed793  local     $C$L2 (.text)
003ed9a6  local     $C$L20 (.text)
003ed9cf  local     $C$L21 (.text)
003ed9d4  local     $C$L22 (.text)
003ed9df  local     $C$L23 (.text)
003ed9eb  local     $C$L24 (.text)
003ed9f0  local     $C$L25 (.text)
003ed9f6  local     $C$L26 (.text)
003eda13  local     $C$L27 (.text)
003eda1f  local     $C$L28 (.text)
003eda4a  local     $C$L29 (.text)
003ed79e  local     $C$L3 (.text)
003eda78  local     $C$L30 (.text)
003edac3  local     $C$L31 (.text)
003edac8  local     $C$L32 (.text)
003edae0  local     $C$L33 (.text)
003edaea  local     $C$L34 (.text)
003edaf9  local     $C$L35 (.text)
003edb03  local     $C$L36 (.text)
003edb1e  local     $C$L37 (.text)
003edb2e  local     $C$L38 (.text)
003edb30  local     $C$L39 (.text)
003ed7aa  local     $C$L4 (.text)
003edb50  local     $C$L40 (.text)
003edb78  local     $C$L41 (.text)
003edb8f  local     $C$L42 (.text)
003edba3  local     $C$L43 (.text)
003edbd1  local     $C$L44 (.text)
003edbef  local     $C$L45 (.text)
003edc0c  local     $C$L46 (.text)
003edc4e  local     $C$L47 (.text)
003edc7b  local     $C$L48 (.text)
003edc93  local     $C$L49 (.text)
003ed7bb  local     $C$L5 (.text)
003edca4  local     $C$L50 (.text)
003edcc1  local     $C$L51 (.text)
003edcdc  local     $C$L52 (.text)
003edcef  local     $C$L53 (.text)
003edd00  local     $C$L54 (.text)
003edd0e  local     $C$L55 (.text)
003edd18  local     $C$L56 (.text)
003edd39  local     $C$L57 (.text)
003edd4a  local     $C$L58 (.text)
003edd58  local     $C$L59 (.text)
003ed7c7  local     $C$L6 (.text)
003edd62  local     $C$L60 (.text)
003edd6c  local     $C$L61 (.text)
003edd7f  local     $C$L62 (.text)
003edd90  local     $C$L63 (.text)
003edd9e  local     $C$L64 (.text)
003edda8  local     $C$L65 (.text)
003eddb1  local     $C$L66 (.text)
003ed7e4  local     $C$L7 (.text)
003ed809  local     $C$L8 (.text)
003ed81e  local     $C$L9 (.text)
00000000  local     .bss (.bss)
00000000  local     .data (.data)
000143d4  local     .econst (.econst)
00014428  local     .econst:_PIo2 (.econst:_PIo2)
0001454e  local     .econst:_init_jk (.econst:_init_jk)
00014300  local     .econst:_ipio2 (.econst:_ipio2)
003ed73d  local     .text (.text)
00014428  local     _PIo2 (.econst:_PIo2)
003ed73d  global    ___kernel_rem_pio2 (.text)
0001454e  local     _init_jk (.econst:_init_jk)
00014300  local     _ipio2 (.econst:_ipio2)
000143d8  local     _one (.econst)
000143dc  local     _two24 (.econst)
000143e0  local     _twon24 (.econst)
000143d4  local     _zero (.econst)


================================================================================

rts2800_ml.lib : exit.c.obj

Run/Load            
Value     Binding   Name (Section)
--------  --------  ---------------
003f0f37  local     $C$L1 (.text)
003f0f4a  local     $C$L2 (.text)
003f0f55  local     $C$L3 (.text)
003f0f5b  local     $C$L4 (.text)
00000000  local     .bss (.bss)
003f19fa  local     .cinit (.cinit)
00000000  local     .data (.data)
00003c00  local     .ebss (.ebss)
003f0f36  local     .text (.text)
003f0f36  global    C$$EXIT (.text)
00003c02  global    ___TI_cleanup_ptr (.ebss)
00003c04  global    ___TI_dtors_ptr (.ebss)
00003c00  global    ___TI_enable_exit_profile_output (.ebss)
003f0f36  global    _abort (.text)
003f0f38  global    _exit (.text)


================================================================================

rts2800_ml.lib : _lock.c.obj

Run/Load            
Value     Binding   Name (Section)
--------  --------  ---------------
00000000  local     .bss (.bss)
003f1b8f  local     .cinit:__lock (.cinit:__lock)
003f1b94  local     .cinit:__unlock (.cinit:__unlock)
00000000  local     .data (.data)
00003a3e  local     .ebss:__lock (.ebss:__lock)
00003b3e  local     .ebss:__unlock (.ebss:__unlock)
003f121d  local     .text (.text)
00003a3e  global    __lock (.ebss:__lock)
003f1225  global    __nop (.text)
003f1221  global    __register_lock (.text)
003f121d  global    __register_unlock (.text)
00003b3e  global    __unlock (.ebss:__unlock)


================================================================================

rts2800_ml.lib : args_main.c.obj

Run/Load            
Value     Binding   Name (Section)
--------  --------  ---------------
003f11ee  local     $C$L1 (.text)
003f11f1  local     $C$L2 (.text)
00000000  local     .bss (.bss)
00000000  local     .data (.data)
003f11e3  local     .text (.text)
003f11e3  global    __args_main (.text)


================================================================================

rts2800_ml.lib : s_floor.c.obj

Run/Load            
Value     Binding   Name (Section)
--------  --------  ---------------
00014540  local     $C$FL1 (.econst)
00014544  local     $C$FL2 (.econst)
003f0428  local     $C$L1 (.text)
003f0481  local     $C$L10 (.text)
003f04a1  local     $C$L11 (.text)
003f04a3  local     $C$L12 (.text)
003f04af  local     $C$L13 (.text)
003f04b4  local     $C$L14 (.text)
003f042d  local     $C$L2 (.text)
003f042e  local     $C$L3 (.text)
003f0436  local     $C$L4 (.text)
003f044a  local     $C$L5 (.text)
003f0459  local     $C$L6 (.text)
003f045c  local     $C$L7 (.text)
003f0478  local     $C$L8 (.text)
003f047e  local     $C$L9 (.text)
00000000  local     .bss (.bss)
00000000  local     .data (.data)
0001453c  local     .econst (.econst)
003f03d0  local     .text (.text)
003f03d0  global    _floorl (.text)
0001453c  local     _huge (.econst)


================================================================================

rts2800_ml.lib : s_scalbn.c.obj

Run/Load            
Value     Binding   Name (Section)
--------  --------  ---------------
000144cc  local     $C$FL1 (.econst)
000144d0  local     $C$FL2 (.econst)
000144d4  local     $C$FL3 (.econst)
000144d8  local     $C$FL4 (.econst)
003f0660  local     $C$L1 (.text)
003f0679  local     $C$L2 (.text)
003f068c  local     $C$L3 (.text)
003f0698  local     $C$L4 (.text)
003f06ad  local     $C$L5 (.text)
003f06b3  local     $C$L6 (.text)
003f06be  local     $C$L7 (.text)
003f06de  local     $C$L8 (.text)
003f06e2  local     $C$L9 (.text)
00000000  local     .bss (.bss)
00000000  local     .data (.data)
000144c0  local     .econst (.econst)
003f063a  local     .text (.text)
003f063a  global    _ldexpl (.text)
003f063a  global    _scalbnl (.text)
000144c8  local     _tiny (.econst)
000144c0  local     _two54 (.econst)
000144c4  local     _twom54 (.econst)


================================================================================

rts2800_ml.lib : k_cosf.c.obj

Run/Load            
Value     Binding   Name (Section)
--------  --------  ---------------
00014414  local     $C$FL1 (.econst)
00014418  local     $C$FL2 (.econst)
0001441c  local     $C$FL3 (.econst)
00014420  local     $C$FL4 (.econst)
00014424  local     $C$FL5 (.econst)
00000000  local     .bss (.bss)
00000000  local     .data (.data)
00014400  local     .econst (.econst)
003f0c94  local     .text (.text)
00014404  local     _C0 (.econst)
00014408  local     _C1 (.econst)
0001440c  local     _C2 (.econst)
00014410  local     _C3 (.econst)
003f0c94  global    ___kernel_cosdf (.text)
00014400  local     _one (.econst)


================================================================================

rts2800_ml.lib : k_sinf.c.obj

Run/Load            
Value     Binding   Name (Section)
--------  --------  ---------------
00014458  local     $C$FL1 (.econst)
0001445c  local     $C$FL2 (.econst)
00014460  local     $C$FL3 (.econst)
00014464  local     $C$FL4 (.econst)
00000000  local     .bss (.bss)
00000000  local     .data (.data)
00014448  local     .econst (.econst)
003f0b07  local     .text (.text)
00014448  local     _S1 (.econst)
0001444c  local     _S2 (.econst)
00014450  local     _S3 (.econst)
00014454  local     _S4 (.econst)
003f0b07  global    ___kernel_sindf (.text)


================================================================================

rts2800_ml.lib : fd_cmp28.asm.obj

Run/Load            
Value     Binding   Name (Section)
--------  --------  ---------------
00000000  local     .bss (.bss)
00000000  local     .data (.data)
003f0f0c  local     .text (.text)
003f0f1c  local     CHECK_INF (.text)
003f0f0c  global    FD$$CMP (.text)
003f0f33  local     NO_NEG (.text)
003f0f34  local     OP_EQUAL (.text)
003f0f2c  local     RETURN (.text)


================================================================================

rts2800_ml.lib : fd_tol28.asm.obj

Run/Load            
Value     Binding   Name (Section)
--------  --------  ---------------
00000000  local     .bss (.bss)
00000000  local     .data (.data)
003f1080  local     .text (.text)
003f1080  global    FD$$TOL (.text)
003f1099  local     OVERFLOW (.text)
003f1098  local     RETURN_VALUE (.text)
003f109d  local     UNDERFLOW (.text)


================================================================================

rts2800_ml.lib : ll_aox28.asm.obj

Run/Load            
Value     Binding   Name (Section)
--------  --------  ---------------
00000000  local     .bss (.bss)
00000000  local     .data (.data)
003f1164  local     .text (.text)
003f1164  global    LL$$AND (.text)
003f116c  global    LL$$OR (.text)
003f1174  global    LL$$XOR (.text)


================================================================================

rts2800_ml.lib : i_div28.asm.obj

Run/Load            
Value     Binding   Name (Section)
--------  --------  ---------------
00000000  local     .bss (.bss)
00000000  local     .data (.data)
003f101c  local     .text (.text)
003f101c  global    I$$DIV (.text)
003f102d  global    I$$MOD (.text)
003f102c  local     RET1 (.text)
003f103c  local     RET2 (.text)


================================================================================

rts2800_ml.lib : l_tofd28.asm.obj

Run/Load            
Value     Binding   Name (Section)
--------  --------  ---------------
003f1121  local     $10 (.text)
00000000  local     .bss (.bss)
00000000  local     .data (.data)
003f1113  local     .text (.text)
003f1113  global    L$$TOFD (.text)
003f112d  local     OP_ZERO (.text)
003f112c  local     RETURN (.text)
003f112a  local     RETURN_VALUE (.text)


================================================================================

rts2800_ml.lib : fd_tofs28.asm.obj

Run/Load            
Value     Binding   Name (Section)
--------  --------  ---------------
00000000  local     .bss (.bss)
00000000  local     .data (.data)
003f103e  local     .text (.text)
003f104b  local     EXP_EVAL (.text)
003f103e  global    FD$$TOFS (.text)
003f1057  local     OVERFLOW (.text)
003f1056  local     RETURN_VALUE (.text)
003f105d  local     UNDERFLOW (.text)


================================================================================

rts2800_ml.lib : errno.c.obj

Run/Load            
Value     Binding   Name (Section)
--------  --------  ---------------
00000000  local     .bss (.bss)
003f1bb9  local     .cinit (.cinit)
00000000  local     .data (.data)
00003c58  local     .ebss (.ebss)
00000000  local     .text (.text)
00003c58  global    _errno (.ebss)


================================================================================

rts2800_ml.lib : s_copysign.c.obj

Run/Load            
Value     Binding   Name (Section)
--------  --------  ---------------
003f101a  local     $C$L1 (.text)
00000000  local     .bss (.bss)
00000000  local     .data (.data)
003f0ff9  local     .text (.text)
003f0ff9  global    _copysignl (.text)


================================================================================

