******************************************************************************
             TMS320C2000 Linker PC v22.6.0                     
******************************************************************************
>> Linked Mon Jan 23 06:56:04 2023

OUTPUT FILE NAME:   <../../../04_Output_Files/Motor28062/TEST_CSMON_C28xx.out>
ENTRY POINT SYMBOL: "_c_int00"  address: 003ecb2b


MEMORY CONFIGURATION

         name            origin    length      used     unused   attr    fill
----------------------  --------  ---------  --------  --------  ----  --------
PAGE 0:
  RAML0                 00008000   00000800  00000029  000007d7  RWIX
  RAML1                 00008800   00000400  00000000  00000400  RWIX
  OTP                   003d7800   00000400  00000000  00000400  RWIX
  FLASH_APP             003e8000   0000dff0  00008d95  0000525b  RWIX
  CSM_RSVD              003f7f80   00000076  00000076  00000000  RWIX
  BEGIN                 003f7ff6   00000002  00000002  00000000  RWIX
  CSM_PWL_P0            003f7ff8   00000008  00000008  00000000  RWIX
  FPUTABLES             003fd590   000006a0  00000000  000006a0  RWIX
  IQTABLES              003fdf00   00000b50  00000000  00000b50  RWIX
  IQTABLES2             003fea50   0000008c  00000000  0000008c  RWIX
  IQTABLES3             003feadc   000000aa  00000000  000000aa  RWIX
  ROM                   003ff3b0   00000c10  00000000  00000c10  RWIX
  RESET                 003fffc0   00000002  00000000  00000002  RWIX
  VECTORS               003fffc2   0000003e  00000000  0000003e  RWIX

PAGE 1:
  BOOT_RSVD             00000000   00000050  00000000  00000050  RWIX
  RAMM0                 00000050   000003b0  00000380  00000030  RWIX
  RAMM1                 00000400   00000400  00000000  00000400  RWIX
  DEV_EMU               00000880   00000105  00000004  00000101  RWIX
  SYS_PWR_CTL           00000985   00000003  00000003  00000000  RWIX
  FLASH_REGS            00000a80   00000060  00000008  00000058  RWIX
  CSM                   00000ae0   00000020  00000010  00000010  RWIX
  ADC_RESULT            00000b00   00000020  00000010  00000010  RWIX
  CPU_TIMER0            00000c00   00000008  00000008  00000000  RWIX
  CPU_TIMER1            00000c08   00000008  00000008  00000000  RWIX
  CPU_TIMER2            00000c10   00000008  00000008  00000000  RWIX
  PIE_CTRL              00000ce0   00000020  0000001a  00000006  RWIX
  PIE_VECT              00000d00   00000100  00000100  00000000  RWIX
  DMA                   00001000   00000200  000000e0  00000120  RWIX
  CLA1                  00001400   00000080  00000040  00000040  RWIX
  USB0                  00004000   00001000  00000454  00000bac  RWIX
  McBSPA                00005000   00000040  00000024  0000001c  RWIX
  ECANA                 00006000   00000040  00000034  0000000c  RWIX
  ECANA_LAM             00006040   00000040  00000040  00000000  RWIX
  ECANA_MOTS            00006080   00000040  00000040  00000000  RWIX
  ECANA_MOTO            000060c0   00000040  00000040  00000000  RWIX
  ECANA_MBOX            00006100   00000100  00000100  00000000  RWIX
  COMP1                 00006400   00000020  00000014  0000000c  RWIX
  COMP2                 00006420   00000020  00000014  0000000c  RWIX
  COMP3                 00006440   00000020  00000014  0000000c  RWIX
  EPWM1                 00006800   00000040  00000040  00000000  RWIX
  EPWM2                 00006840   00000040  00000040  00000000  RWIX
  EPWM3                 00006880   00000040  00000040  00000000  RWIX
  EPWM4                 000068c0   00000040  00000040  00000000  RWIX
  EPWM5                 00006900   00000040  00000040  00000000  RWIX
  EPWM6                 00006940   00000040  00000040  00000000  RWIX
  EPWM7                 00006980   00000040  00000040  00000000  RWIX
  EPWM8                 000069c0   00000040  00000040  00000000  RWIX
  ECAP1                 00006a00   00000020  00000020  00000000  RWIX
  ECAP2                 00006a20   00000020  00000020  00000000  RWIX
  ECAP3                 00006a40   00000020  00000020  00000000  RWIX
  HRCAP1                00006ac0   00000020  00000020  00000000  RWIX
  HRCAP2                00006ae0   00000020  00000020  00000000  RWIX
  EQEP1                 00006b00   00000040  00000022  0000001e  RWIX
  EQEP2                 00006b40   00000040  00000022  0000001e  RWIX
  HRCAP3                00006c80   00000020  00000020  00000000  RWIX
  HRCAP4                00006ca0   00000020  00000020  00000000  RWIX
  GPIOCTRL              00006f80   00000040  00000040  00000000  RWIX
  GPIODAT               00006fc0   00000020  00000020  00000000  RWIX
  GPIOINT               00006fe0   00000020  00000020  00000000  RWIX
  SYSTEM                00007010   00000030  00000030  00000000  RWIX
  SPIA                  00007040   00000010  00000010  00000000  RWIX
  SCIA                  00007050   00000010  00000010  00000000  RWIX
  NMIINTRUPT            00007060   00000010  00000010  00000000  RWIX
  XINTRUPT              00007070   00000010  00000010  00000000  RWIX
  ADC                   00007100   00000080  00000050  00000030  RWIX
  SPIB                  00007740   00000010  00000010  00000000  RWIX
  SCIB                  00007750   00000010  00000010  00000000  RWIX
  I2CA                  00007900   00000040  00000022  0000001e  RWIX
  RAML2                 00008c00   00000400  00000400  00000000  RWIX
  RAML34                00009000   00003000  00003000  00000000  RWIX
  RAML5                 0000c000   00002000  00000121  00001edf  RWIX
  RAML6                 0000e000   00002000  00000000  00002000  RWIX
  RAML7                 00010000   00002000  00000000  00002000  RWIX
  RAML8                 00012000   00002000  00000000  00002000  RWIX
  USB_RAM               00040000   00000800  00000000  00000800  RWIX
  PARTID                003d7e80   00000001  00000001  00000000  RWIX
  CSM_PWL               003f7ff8   00000008  00000008  00000000  RWIX


SECTION ALLOCATION MAP

 output                                  attributes/
section   page    origin      length       input sections
--------  ----  ----------  ----------   ----------------
.cinit     0    003f0536    00000860     
                  003f0536    00000216     CSMON_C28xx.lib : hmmodbus.obj (.cinit)
                  003f074c    0000017b     main.obj (.cinit)
                  003f08c7    00000105     CSMON_C28xx.lib : csmon.obj (.cinit)
                  003f09cc    0000009c                     : modbusreg.obj (.cinit)
                  003f0a68    00000030                     : csmon.obj (.cinit:_CSMON_au8FileRecorderConfigElementsSizeTable)
                  003f0a98    0000002b                     : csmon.obj (.cinit:_CSMON_au8FileScopeConfigurationElementsSizeTable)
                  003f0ac3    00000017                     : csmon.obj (.cinit:_CSMON_au8FileRecorderDataElementsSizeTable)
                  003f0ada    00000015                     : csmon.obj (.cinit:_CSMON_sFileAutorization)
                  003f0aef    00000014                     : hmdrv.obj (.cinit)
                  003f0b03    00000014                     : hmprotocol.obj (.cinit)
                  003f0b17    00000013                     : modbusreg.obj (.cinit:_MODBUSREG_au8DeviceIDUserApplicationName)
                  003f0b2a    00000013                     : modbusreg.obj (.cinit:_MODBUSREG_au8DeviceIDVendorUrl)
                  003f0b3d    00000013                     : modbusreg.obj (.cinit:_MODBUSREG_au8ServerIDData)
                  003f0b50    00000013                     : hmrecparam.obj (.cinit:_sRecStatusParam)
                  003f0b63    0000000f                     : csmon.obj (.cinit:_CSMON_sDateTime)
                  003f0b72    0000000f                     : csmon.obj (.cinit:_CSMON_sDateTimeApplication)
                  003f0b81    0000000f                     : csmon.obj (.cinit:_CSMON_sDateTimeDefault)
                  003f0b90    0000000f                     : modbusreg.obj (.cinit:_MODBUSREG_au8DeviceIDModelName)
                  003f0b9f    0000000f     device.obj (.cinit)
                  003f0bae    0000000e     rts2800_ml.lib : exit.c.obj (.cinit)
                  003f0bbc    0000000d     CSMON_C28xx.lib : tmr_drv.obj (.cinit)
                  003f0bc9    0000000d                     : csmon.obj (.cinit:_CSMON_au8FileParameterCountElementsSizeTable)
                  003f0bd6    0000000d                     : csmon.obj (.cinit:_CSMON_au8FileRTCElementsSizeTable)
                  003f0be3    0000000d                     : csmon.obj (.cinit:_sHashKey)
                  003f0bf0    0000000c                     : modbusreg.obj (.cinit:_MODBUSREG_au8DeviceIDProductName)
                  003f0bfc    0000000c                     : modbusreg.obj (.cinit:_MODBUSREG_au8DeviceIDUserReserve0)
                  003f0c08    0000000c                     : modbusreg.obj (.cinit:_MODBUSREG_au8DeviceIDUserReserve1)
                  003f0c14    0000000c                     : modbusreg.obj (.cinit:_MODBUSREG_au8DeviceIDUserReserve2)
                  003f0c20    0000000c                     : modbusreg.obj (.cinit:_MODBUSREG_au8DeviceIDVendorName)
                  003f0c2c    0000000b                     : hmrecparam.obj (.cinit:_HMRECPRM_sDateTime)
                  003f0c37    0000000b     main.obj (.cinit:_MAIN_sDateTimeGet)
                  003f0c42    0000000b     main.obj (.cinit:_MAIN_sDateTimeSet)
                  003f0c4d    0000000b     uart_driver.obj (.cinit:_UART_DRV_RXIntOverflowCounter)
                  003f0c58    0000000b     uart_driver.obj (.cinit:_UART_DRV_u32TimeDiffLast)
                  003f0c63    0000000b     uart_driver.obj (.cinit:_UART_DRV_u32TimeDiffNow)
                  003f0c6e    0000000b     CSMON_C28xx.lib : uart_drv.obj (.cinit:_UART_RXIntOverflowCounter)
                  003f0c79    0000000b                     : tmr_drv.obj (.cinit:_pfDelayedFunction)
                  003f0c84    0000000b                     : tmr_drv.obj (.cinit:_pfDelayedFunction_u8)
                  003f0c8f    0000000b                     : hmrecparam.obj (.cinit:_sRecStatusParamInternal)
                  003f0c9a    0000000b                     : uart_drv.obj (.cinit:_u32TimeDiffLast)
                  003f0ca5    0000000b                     : uart_drv.obj (.cinit:_u32TimeDiffNow)
                  003f0cb0    0000000b                     : uart_drv.obj (.cinit:_u32TimeDiffRead)
                  003f0cbb    00000009                     : hmserial.obj (.cinit)
                  003f0cc4    00000009                     : csmon.obj (.cinit:_CSMON_au32FileAutorization_FunctionAfterWriteFileRecord)
                  003f0ccd    00000009                     : csmon.obj (.cinit:_CSMON_sFileParameterCount)
                  003f0cd6    00000008                     : hmlib.obj (.cinit)
                  003f0cde    00000007                     : csmon.obj (.cinit:_CSMON_au8FileRecorderStatusElementsSizeTable)
                  003f0ce5    00000007                     : modbusreg.obj (.cinit:_MODBUSREG_au8DeviceIDMajorMinorRevision)
                  003f0cec    00000007                     : modbusreg.obj (.cinit:_MODBUSREG_au8DeviceIDProductCode)
                  003f0cf3    00000007                     : uart_drv.obj (.cinit:_UARTRxBufferRDCount)
                  003f0cfa    00000007                     : uart_drv.obj (.cinit:_UARTRxBufferRDIndex)
                  003f0d01    00000007                     : uart_drv.obj (.cinit:_UARTRxBufferWRCount)
                  003f0d08    00000007                     : uart_drv.obj (.cinit:_UARTRxBufferWRIndex)
                  003f0d0f    00000007     uart_driver.obj (.cinit:_UART_DRV_RxBufferRDCount)
                  003f0d16    00000007     uart_driver.obj (.cinit:_UART_DRV_RxBufferWRCount)
                  003f0d1d    00000007     uart_driver.obj (.cinit:_UART_DRV_RxBufferWRIndex)
                  003f0d24    00000006     CSMON_C28xx.lib : csmon.obj (.cinit:_CSMON_abFileAutorization_RecordReadOnly)
                  003f0d2a    00000006                     : csmon.obj (.cinit:_CSMON_abFileAutorization_RecordStringData)
                  003f0d30    00000006                     : csmon.obj (.cinit:_CSMON_au16FileAutorization_RecordOffsets)
                  003f0d36    00000006                     : csmon.obj (.cinit:_CSMON_sFileProtocolVersion)
                  003f0d3c    00000005     rts2800_ml.lib : _lock.c.obj (.cinit:__lock)
                  003f0d41    00000005                    : _lock.c.obj (.cinit:__unlock)
                  003f0d46    00000005     CSMON_C28xx.lib : hmscopeparam.obj (.cinit:_pBufferScope)
                  003f0d4b    00000005                     : csmon.obj (.cinit:_sFileParameterNumericOffsetDefault)
                  003f0d50    00000004                     : hmscopeparam.obj (.cinit)
                  003f0d54    00000004                     : uart_drv.obj (.cinit)
                  003f0d58    00000004                     : csmon.obj (.cinit:_CSMON_au8FileParameterListElementsSizeTablePart1_1)
                  003f0d5c    00000004                     : csmon.obj (.cinit:_CSMON_au8FileParameterListElementsSizeTablePart1_2)
                  003f0d60    00000004                     : csmon.obj (.cinit:_CSMON_au8FileParameterListElementsSizeTablePart1_3)
                  003f0d64    00000004                     : csmon.obj (.cinit:_CSMON_au8FileParameterListElementsSizeTablePart1_4)
                  003f0d68    00000004                     : csmon.obj (.cinit:_CSMON_au8FileParameterListElementsSizeTablePart2)
                  003f0d6c    00000004                     : csmon.obj (.cinit:_CSMON_au8FileParameterListElementsSizeTablePart3)
                  003f0d70    00000004                     : csmon.obj (.cinit:_CSMON_au8FileParameterNumbElementsSizeTablePart16Bits)
                  003f0d74    00000004                     : csmon.obj (.cinit:_CSMON_au8FileParameterNumbElementsSizeTablePart32Bits)
                  003f0d78    00000004                     : csmon.obj (.cinit:_CSMON_au8FileRecorderDataElementsSizeTableUsedLength)
                  003f0d7c    00000004                     : csmon.obj (.cinit:_CSMON_au8FileScopeStatusElementsSizeTable)
                  003f0d80    00000004                     : csmon.obj (.cinit:_CSMON_sFileParameterAccessList)
                  003f0d84    00000004                     : hmmodbus.obj (.cinit:_HMMODBUS_u32RegisterAddressDummyuSize)
                  003f0d88    00000004                     : modbusreg.obj (.cinit:_MODBUSREG_asFileTable)
                  003f0d8c    00000004                     : csmon.obj (.cinit:_sFileParameterNumericVisualTypeDefault)
                  003f0d90    00000004     rts2800_ml.lib : errno.c.obj (.cinit)
                  003f0d94    00000002     --HOLE-- [fill = 0]

.pinit     0    003e8000    00000000     UNINITIALIZED

.text      0    003e8000    00006700     
                  003e8000    000008a0     CSMON_C28xx.lib : hmmodbus.obj (.text:_HMMODBUS_ReadFileRecord)
                  003e88a0    00000893                     : hmmodbus.obj (.text:_HMMODBUS_bDecoder_OPT)
                  003e9133    0000077b                     : modbusreg.obj (.text:_MODBUSREG_AddressTablesInit)
                  003e98ae    00000698     rts2800_ml.lib : k_rem_pio2.c.obj (.text)
                  003e9f46    0000066f     CSMON_C28xx.lib : hmmodbus.obj (.text:_HMMODBUS_WriteFileRecord)
                  003ea5b5    000001ae     main.obj (.text:_main)
                  003ea763    0000017f     CSMON_C28xx.lib : csmon.obj (.text:_CSMON_eSetUpRecParam)
                  003ea8e2    0000016a                     : csmon.obj (.text:_CSMON_eProcess)
                  003eaa4c    00000146                     : hmmodbus.obj (.text:_HMMODBUS_Rx)
                  003eab92    0000011b                     : hmmodbus.obj (.text:_HMMODBUS_vSetFreeRunTimerPrescaller)
                  003eacad    00000114     rts2800_ml.lib : s_sinf.c.obj (.text)
                  003eadc1    00000107                    : ll_div28.asm.obj (.text)
                  003eaec8    000000f1     CSMON_C28xx.lib : csmon.obj (.text:_CSMON_vFileRecoderStatusFix)
                  003eafb9    000000ef                     : hmmodbus.obj (.text:_HMMODBUS_WriteHoldingRegister)
                  003eb0a8    000000e9                     : hmmodbus.obj (.text:_HMMODBUS_ReadHoldingRegister)
                  003eb191    000000e9                     : hmprotocol.obj (.text:_HMPROTOCOL_bDecoder)
                  003eb27a    000000e8                     : hmrecparam.obj (.text:_HMRECPRM_vProcess)
                  003eb362    000000e8     rts2800_ml.lib : s_floor.c.obj (.text)
                  003eb44a    000000e4     main.obj (.text:_ControlProcess)
                  003eb52e    000000d6     CSMON_C28xx.lib : csmon.obj (.text:_CSMON_vSetupHoldingRegistersAndCoilsAddressTableFromCSMONParameterList)
                  003eb604    000000c6                     : csmon.obj (.text:_CSMON_vInitParameterListRealAddressRecordTables)
                  003eb6ca    000000c2                     : hmdrv.obj (.text:_HMDRV_vInit)
                  003eb78c    000000bc                     : hmrecparam.obj (.text:_HMRECPRM_SetUpRec)
                  003eb848    000000ba                     : csmon.obj (.text:_CSMON_eInit)
                  003eb902    000000b8                     : hmrec.obj (.text:_HMREC_SetUpRec)
                  003eb9ba    000000aa                     : hmdrv.obj (.text:_HMDRV_CopyFromBufferInternalModbusBitField)
                  003eba64    000000aa     rts2800_ml.lib : s_scalbn.c.obj (.text)
                  003ebb0e    000000a7                    : e_rem_pio2f.c.obj (.text)
                  003ebbb5    000000a3     CSMON_C28xx.lib : tmr_drv.obj (.text:_TMR2_ISR)
                  003ebc58    0000009d                     : hmmodbus.obj (.text:_HMMODBUS_GetRealRegisterAddressAndSize)
                  003ebcf5    0000009c     rts2800_ml.lib : fd_add28.asm.obj (.text)
                  003ebd91    00000099     main.obj (.text:_RecordersInitialization)
                  003ebe2a    00000097     main.obj (.text:_ParameterInitialization)
                  003ebec1    00000092     CSMON_C28xx.lib : hmdrv.obj (.text:_HMDRV_CopyMemory)
                  003ebf53    00000092                     : hmdrv.obj (.text:_HMDRV_CopyToBufferInternalModbus)
                  003ebfe5    00000092     rts2800_ml.lib : k_sinf.c.obj (.text)
                  003ec077    00000090     CSMON_C28xx.lib : csmon.obj (.text:_CSMON_vSetDateTimeAutorization)
                  003ec107    0000008b     rts2800_ml.lib : fd_div28.asm.obj (.text)
                  003ec192    00000087     CSMON_C28xx.lib : hmrecparam.obj (.text:_HMRECPRM_SetUpRecParamStatusDateTime)
                  003ec219    00000087     rts2800_ml.lib : k_cosf.c.obj (.text)
                  003ec2a0    00000083     CSMON_C28xx.lib : hmdrv.obj (.text:_HMDRV_CopyFromBufferInternalModbus)
                  003ec323    00000083     rts2800_ml.lib : fd_mpy28.asm.obj (.text)
                  003ec3a6    00000083                    : fs_div28.asm.obj (.text)
                  003ec429    0000007f     CSMON_C28xx.lib : csmon.obj (.text:_CSMON_vPrepareFileParameterAccessList)
                  003ec4a8    0000007f                     : hmserial.obj (.text:_HMSERIAL_vProcessSCI)
                  003ec527    00000078     rts2800_ml.lib : fs_add28.asm.obj (.text)
                  003ec59f    0000006a     CSMON_C28xx.lib : hmserial.obj (.text:_HMSERIAL_Rx)
                  003ec609    00000068                     : hmmodbus.obj (.text:_HMMODBUS_vProcessSCI)
                  003ec671    00000068                     : hmprotocol.obj (.text:_HMPROTOCOL_GetBoardInfo)
                  003ec6d9    00000067                     : hmmodbus.obj (.text:_HMMODBUS_CopyFromBuffer)
                  003ec740    00000064                     : hmrec.obj (.text:_HMREC_vProcess)
                  003ec7a4    00000062                     : modbusreg.obj (.text:_MODBUSREG_vInit)
                  003ec806    0000005f     F2806x_SysCtrl.obj (.text:_InitPeripheralClocks)
                  003ec865    0000005d     CSMON_C28xx.lib : uart_drv.obj (.text:_UART_RXInterrupt)
                  003ec8c2    0000005a                     : gpio.obj (.text:_GPIO_setPinConfigOutput)
                  003ec91c    0000005a     rts2800_ml.lib : fs_mpy28.asm.obj (.text)
                  003ec976    00000059     CSMON_C28xx.lib : csmon.obj (.text:_CSMON_vUpdateDateTimeFromApplication)
                  003ec9cf    00000059                     : hmmodbus.obj (.text:_vSetElementsSize)
                  003eca28    00000057                     : csmon.obj (.text:_CSMON_bCheckValidDateTime)
                  003eca7f    00000057     uart_driver.obj (.text:_UART_DRV_RXInterrupt)
                  003ecad6    00000055     CSMON_C28xx.lib : modbusreg.obj (.text:_MODBUSREG_FileRecorderExternalUpdateInit)
                  003ecb2b    00000054     rts2800_ml.lib : boot28.asm.obj (.text)
                  003ecb7f    00000052     CSMON_C28xx.lib : csmon.obj (.text:_CSMON_eSetRecorderTriggerAtPosition)
                  003ecbd1    00000051     F2806x_SysCtrl.obj (.text:_InitPll)
                  003ecc22    0000004f     device.obj (.text:_Device_CsmUnlock)
                  003ecc71    0000004e     CSMON_C28xx.lib : hmmodbus.obj (.text:_HMMODBUS_GetRegisterFunction)
                  003eccbf    0000004e                     : hmrecparam.obj (.text:_HMRECPRM_StartRecParam)
                  003ecd0d    0000004c                     : hmmodbus.obj (.text:_HMMODBUS_vSendResponse)
                  003ecd59    0000004c                     : hmrecparam.obj (.text:_HMRECPRM_vTimeSync)
                  003ecda5    00000047                     : hmmodbus.obj (.text:_HMMODBUS_CopyToBuffer)
                  003ecdec    00000047                     : hmscopeparam.obj (.text:_HMSCOPEPRM_SetUpScope)
                  003ece33    00000045     main.obj (.text:_ExternalParametersInitialization)
                  003ece78    00000043     CSMON_C28xx.lib : hmscopeparam.obj (.text:_HMSCOPEPRM_ReadScope)
                  003ecebb    00000042     interrupt.obj (.text:_Interrupt_enable)
                  003ecefd    0000003f     CSMON_C28xx.lib : hmdrv.obj (.text:_HMDRV_CopyFromBufferInternal)
                  003ecf3c    0000003d                     : hmmodbus.obj (.text:_vSetStartSampleIndex)
                  003ecf79    0000003c                     : tmr_drv.obj (.text:_configCPUTimer)
                  003ecfb5    0000003b                     : hmscope.obj (.text:_HMSCOPE_SetUpScope)
                  003ecff0    00000039                     : csmon.obj (.text:_CSMON_u16FindIndexParameterTable)
                  003ed029    00000038                     : csmon.obj (.text:_CSMON_eSetRecorderConfigurationSkipSamples)
                  003ed061    00000038     device.obj (.text:_Device_init)
                  003ed099    00000038     CSMON_C28xx.lib : hmmodbus.obj (.text:_HMMODBUS_bDecoderInit_OPT)
                  003ed0d1    00000038                     : uart_drv.obj (.text:_UART_ReadDataRx)
                  003ed109    00000036                     : csmon.obj (.text:_CSMON_vRecorderParamStartStopProcess)
                  003ed13f    00000036                     : hmscope.obj (.text:_HMSCOPE_ReadScope)
                  003ed175    00000036                     : hmserial.obj (.text:_HMSERIAL_vSendResponse)
                  003ed1ab    00000035                     : csmon.obj (.text:_CSMON_u32GetRealAddressAndSizeOffsetFromParameter)
                  003ed1e0    00000035                     : hmdrv.obj (.text:_HMDRV_CopyToBufferInternal)
                  003ed215    00000033                     : hmmodbus.obj (.text:_HMMODBUS_Listen)
                  003ed248    0000002e                     : hmserial.obj (.text:_HMSERIAL_vProcessSCIFreemasterOnly)
                  003ed276    0000002d                     : csmon.obj (.text:_CSMON_eSetParameterInRecorderAtPosition)
                  003ed2a3    0000002d                     : csmon.obj (.text:_CSMON_eSetParameterInScopeAtPosition)
                  003ed2d0    0000002d                     : csmon.obj (.text:_CSMON_vInitRecorders)
                  003ed2fd    0000002d                     : csmon.obj (.text:_CSMON_vSetupHoldingRegistersAndCoilsAddressTableAccessAll)
                  003ed32a    0000002d                     : hmserial.obj (.text:_HMSERIAL_Listen)
                  003ed357    0000002d                     : hmrecparam.obj (.text:_RecorderTimeFromLocalDateTime)
                  003ed384    0000002b                     : hmrecparam.obj (.text:_FillTimeData)
                  003ed3af    0000002a     rts2800_ml.lib : fd_cmp28.asm.obj (.text)
                  003ed3d9    00000029                    : exit.c.obj (.text)
                  003ed402    00000029                    : fs_tol28.asm.obj (.text)
                  003ed42b    00000028     CSMON_C28xx.lib : csmon.obj (.text:_CSMON_bAutorizationPasswordCheck)
                  003ed453    00000028     main.obj (.text:_ScopesInitialization)
                  003ed47b    00000027     CSMON_C28xx.lib : hmserial.obj (.text:_HMSERIAL_vProcessSCITXISR)
                  003ed4a2    00000027                     : hmdrv.obj (.text:_sci_echoback_init)
                  003ed4c9    00000026                     : hmdrv.obj (.text:_HMDRV_CopyFromBufferInternalWithMaskModbus)
                  003ed4ef    00000026                     : modbusreg.obj (.text:_MODBUSREG_vInitHoldingRegistersTableChangesExternalList)
                  003ed515    00000025                     : hmserial.obj (.text:_HMSERIAL_Tx)
                  003ed53a    00000025     rts2800_ml.lib : fs_toi28.asm.obj (.text)
                  003ed55f    00000024     CSMON_C28xx.lib : csmon.obj (.text:_CSMON_vAutorizationReset)
                  003ed583    00000024                     : hmprotocol.obj (.text:_HMPROTOCOL_ReadMem)
                  003ed5a7    00000024                     : hmrecparam.obj (.text:_RecorderDateFromLocalDateTime)
                  003ed5cb    00000024     sci_driver.obj (.text:_SCIA_DRV_RXFIFOISR)
                  003ed5ef    00000024     sci_driver.obj (.text:_SCIA_DRV_TXFIFOISR)
                  003ed613    00000024     CSMON_C28xx.lib : sci_drv.obj (.text:_SCIA_RXFIFOISR)
                  003ed637    00000024                     : sci_drv.obj (.text:_SCIA_TXFIFOISR)
                  003ed65b    00000024     sci_driver.obj (.text:_SCIB_DRV_RXFIFOISR)
                  003ed67f    00000024     sci_driver.obj (.text:_SCIB_DRV_TXFIFOISR)
                  003ed6a3    00000024     CSMON_C28xx.lib : sci_drv.obj (.text:_SCIB_RXFIFOISR)
                  003ed6c7    00000024                     : sci_drv.obj (.text:_SCIB_TXFIFOISR)
                  003ed6eb    00000024                     : tmr_drv.obj (.text:_TMR_vInit)
                  003ed70f    00000024                     : hmmodbus.obj (.text:_vSetSampleCountAvailable)
                  003ed733    00000024     rts2800_ml.lib : cpy_tbl.c.obj (.text)
                  003ed757    00000023     CSMON_C28xx.lib : csmon.obj (.text:_CSMON_vRecorderParamSetupProcess)
                  003ed77a    00000023                     : hmlib.obj (.text:_HMLIB_vInit)
                  003ed79d    00000023                     : modbusreg.obj (.text:_MODBUSREG_FileRecorderElementSizeTableUsedSizeUpdateInit)
                  003ed7c0    00000023     rts2800_ml.lib : s_copysign.c.obj (.text)
                  003ed7e3    00000022                    : i_div28.asm.obj (.text)
                  003ed805    00000021     CSMON_C28xx.lib : csmon.obj (.text:_CSMON_eSetParameterListParameterID)
                  003ed826    00000021                     : hmdrv.obj (.text:_HMDRV_CopyFromBufferInternalWithMask)
                  003ed847    00000021     rts2800_ml.lib : fd_tofs28.asm.obj (.text)
                  003ed868    00000021                    : fs_toul28.asm.obj (.text)
                  003ed889    00000020     CSMON_C28xx.lib : hmdrv.obj (.text:_HMDRV_vProcess)
                  003ed8a9    00000020                     : tmr_drv.obj (.text:_TMR_vInitCPUTimers)
                  003ed8c9    00000020                     : hmmodbus.obj (.text:_vSetSampleCountBuffer)
                  003ed8e9    0000001f                     : hmmodbus.obj (.text:_HMMODBUS_vInit)
                  003ed908    0000001f     F2806x_PieCtrl.obj (.text:_InitPieCtrl)
                  003ed927    0000001f     CSMON_C28xx.lib : hmmodbus.obj (.text:_vSetSampleSize)
                  003ed946    0000001f     rts2800_ml.lib : fd_tol28.asm.obj (.text)
                  003ed965    0000001d     CSMON_C28xx.lib : csmon.obj (.text:_CSMON_eSetParameterListRealAddress)
                  003ed982    0000001d                     : hmmodbus.obj (.text:_HMMODBUS_Tx)
                  003ed99f    0000001d                     : hmrecparam.obj (.text:_HMRECPRM_GetRecBuffFreemaster)
                  003ed9bc    0000001d                     : hmrec.obj (.text:_HMREC_GetRecBuffFreemaster)
                  003ed9d9    0000001d     rts2800_ml.lib : fs_tou28.asm.obj (.text)
                  003ed9f6    0000001d                    : memcpy.c.obj (.text)
                  003eda13    0000001c     main.obj (.text:_CSMON_vGetDateTime)
                  003eda2f    0000001c     CSMON_C28xx.lib : csmon.obj (.text:_HMRECPRM_vGetDateTime)
                  003eda4b    0000001c                     : sci.obj (.text:_SCI_clearInterruptStatus)
                  003eda67    0000001c                     : hmmodbus.obj (.text:_vSetIndexFileTable)
                  003eda83    0000001c     rts2800_ml.lib : fs_tofd28.asm.obj (.text)
                  003eda9f    0000001c                    : l_tofd28.asm.obj (.text)
                  003edabb    0000001b     device.obj (.text:_Device_initGPIO)
                  003edad6    0000001b     CSMON_C28xx.lib : hmdrv.obj (.text:_HMDRV_AddressToBuffer)
                  003edaf1    0000001b     rts2800_ml.lib : fd_toul28.asm.obj (.text)
                  003edb0c    0000001a     CSMON_C28xx.lib : hmmodbus.obj (.text:_HMMODBUS_vProcessSCITXISR)
                  003edb26    0000001a                     : hmrecparam.obj (.text:_HMRECPRM_StartRec)
                  003edb40    0000001a                     : hmserial.obj (.text:_HMSERIAL_vProcessSCITXISRFreemasterOnly)
                  003edb5a    0000001a                     : sci.obj (.text:_SCI_disableInterrupt)
                  003edb74    0000001a                     : sci.obj (.text:_SCI_enableInterrupt)
                  003edb8e    0000001a     rts2800_ml.lib : l_tofs28.asm.obj (.text)
                  003edba8    00000019     CSMON_C28xx.lib : csmon.obj (.text:_CSMON_eSetParameterCountInRecorder)
                  003edbc1    00000019                     : hmdrv.obj (.text:_HMDRV_AddressFromBuffer)
                  003edbda    00000019                     : uart_drv.obj (.text:_UART_vInit)
                  003edbf3    00000019                     : hmmodbus.obj (.text:_bGetFileReadAccess)
                  003edc0c    00000019     rts2800_ml.lib : prolog28.asm.obj (.text)
                  003edc25    00000018     CSMON_C28xx.lib : csmon.obj (.text:_CSMON_u32GetFreeRunningTimerMicroseconds)
                  003edc3d    00000018                     : hmlib.obj (.text:_HMLIB_vProcessSCITXISRWithIndex)
                  003edc55    00000018     F2806x_SysCtrl.obj (.text:_InitSysCtrl)
                  003edc6d    00000018     rts2800_ml.lib : ll_aox28.asm.obj (.text)
                  003edc85    00000017     CSMON_C28xx.lib : csmon.obj (.text:_CSMON_vSaveRecorderConfig)
                  003edc9c    00000017                     : hmmodbus.obj (.text:_HMMODBUS_vProcessTxDelay)
                  003edcb3    00000017                     : hmprotocol.obj (.text:_HMPROTOCOL_WriteMem)
                  003edcca    00000017                     : hmprotocol.obj (.text:_HMPROTOCOL_WriteMemMask)
                  003edce1    00000017                     : hmmodbus.obj (.text:_vSetBufferAddressStart)
                  003edcf8    00000017     rts2800_ml.lib : fs_cmp28.asm.obj (.text)
                  003edd0f    00000017                    : u_tofd28.asm.obj (.text)
                  003edd26    00000016     CSMON_C28xx.lib : csmon.obj (.text:_CSMON_eSetParameterCountInScope)
                  003edd3c    00000016                     : hmdrv.obj (.text:_HMDRV_AddressFromBufferBigEndian)
                  003edd52    00000015                     : hmrecparam.obj (.text:_HMRECPRM_Comparefloat)
                  003edd67    00000015                     : hmrec.obj (.text:_HMREC_Comparefloat)
                  003edd7c    00000015                     : hmrec.obj (.text:_HMREC_StartRec)
                  003edd91    00000015     F2806x_Gpio.obj (.text:_InitGpio)
                  003edda6    00000014     CSMON_C28xx.lib : hmlib.obj (.text:_HMLIB_vProcessFastTD)
                  003eddba    00000014                     : hmmodbus.obj (.text:_HMMODBUS_DelayedTx)
                  003eddce    00000014                     : hmrecparam.obj (.text:_HMRECPRM_StopRecParam)
                  003edde2    00000014                     : hmserial.obj (.text:_HMSERIAL_DelayedTx)
                  003eddf6    00000013                     : csmon.obj (.text:_CSMON_eSetFlagProcessPassed)
                  003ede09    00000013     rts2800_ml.lib : ul_tofs28.asm.obj (.text)
                  003ede1c    00000012     CSMON_C28xx.lib : csmon.obj (.text:_CSMON_vFileParameterCountCheckSumUpdate)
                  003ede2e    00000012                     : hmdrv.obj (.text:_HMDRV_GetStringLengthFromWordInternal)
                  003ede40    00000012                     : hmmodbus.obj (.text:_HMMODBUS_vSetupRegisterDummy)
                  003ede52    00000012                     : hmrecparam.obj (.text:_HMRECPRM_CompareBOOL)
                  003ede64    00000012                     : modbusreg.obj (.text:_MODBUSREG_FileShortNameElementSizeandAddressUpdateInit)
                  003ede76    00000012                     : modbusreg.obj (.text:_MODBUSREG_vFileDenyAccess)
                  003ede88    00000012                     : uart_drv.obj (.text:_UART_TxIntDis)
                  003ede9a    00000012                     : uart_drv.obj (.text:_UART_TxIntEna)
                  003edeac    00000011     main.obj (.text:_CSMON_vSetDateTime)
                  003edebd    00000011     CSMON_C28xx.lib : hmserial.obj (.text:_HMSERIAL_vInit)
                  003edece    00000011     F2806x_PieVect.obj (.text:_InitPieVectTable)
                  003ededf    00000011     main.obj (.text:_vSetWatchdogPrescalerTimeDiv)
                  003edef0    00000011     rts2800_ml.lib : args_main.c.obj (.text)
                  003edf01    00000010     CSMON_C28xx.lib : csmon.obj (.text:_CSMON_eSetParameterListRegisterFlags)
                  003edf11    00000010     device.obj (.text:_Example_MemCopy)
                  003edf21    00000010     F2806x_SysCtrl.obj (.text:_IntOsc1Sel)
                  003edf31    00000010     CSMON_C28xx.lib : hmmodbus.obj (.text:_bIsValidEndAddressInBuffer)
                  003edf41    00000010                     : hmmodbus.obj (.text:_u32BytesMemoryToBytesModbus)
                  003edf51    00000010                     : hmmodbus.obj (.text:_u32BytesModbusToBytesMemory)
                  003edf61    00000010     main.obj (.text:_vGetWatchdogPrescaler)
                  003edf71    00000010     rts2800_ml.lib : u_tofs28.asm.obj (.text)
                  003edf81    0000000f     CSMON_C28xx.lib : hmmodbus.obj (.text:_HMMODBUS_CalcCRC)
                  003edf90    0000000f                     : uart_drv.obj (.text:_UART_IsTxEmpty)
                  003edf9f    0000000e                     : hmdrv.obj (.text:_HMDRV_GetStringLengthInternal)
                  003edfad    0000000e                     : hmrecparam.obj (.text:_HMRECPRM_Compare16S)
                  003edfbb    0000000e                     : hmrecparam.obj (.text:_HMRECPRM_Compare16U)
                  003edfc9    0000000e                     : hmrecparam.obj (.text:_HMRECPRM_Compare32S)
                  003edfd7    0000000e                     : hmrecparam.obj (.text:_HMRECPRM_Compare32U)
                  003edfe5    0000000e                     : hmrecparam.obj (.text:_HMRECPRM_Compare8S)
                  003edff3    0000000e                     : hmrecparam.obj (.text:_HMRECPRM_Compare8U)
                  003ee001    0000000e                     : hmrec.obj (.text:_HMREC_Compare16S)
                  003ee00f    0000000e                     : hmrec.obj (.text:_HMREC_Compare16U)
                  003ee01d    0000000e                     : hmrec.obj (.text:_HMREC_Compare32S)
                  003ee02b    0000000e                     : hmrec.obj (.text:_HMREC_Compare32U)
                  003ee039    0000000e                     : hmrec.obj (.text:_HMREC_Compare8S)
                  003ee047    0000000e                     : hmrec.obj (.text:_HMREC_Compare8U)
                  003ee055    0000000e                     : hmmodbus.obj (.text:_u32FitAddressCircleBufferInside)
                  003ee063    0000000e     rts2800_ml.lib : fd_sub28.asm.obj (.text)
                  003ee071    0000000d     CSMON_C28xx.lib : csmon.obj (.text:_CSMON_eResetParameterTable)
                  003ee07e    0000000d                     : csmon.obj (.text:_CSMON_vInitHoldingRegistersTableChanges)
                  003ee08b    0000000d                     : hmrecparam.obj (.text:_HMRECPRM_IsJustStopped)
                  003ee098    0000000d                     : hmrecparam.obj (.text:_HMRECPRM_StopRec)
                  003ee0a5    0000000d                     : hmrec.obj (.text:_HMREC_StopRec)
                  003ee0b2    0000000d                     : modbusreg.obj (.text:_MODBUSREG_vFileAllowAccess)
                  003ee0bf    0000000d                     : tmr_drv.obj (.text:_TIMER_vSetupTimerMainFunctionDelayCompare)
                  003ee0cc    0000000d                     : uart_drv.obj (.text:_UART_ReadDataRxAvailable)
                  003ee0d9    0000000c                     : hmlib.obj (.text:_HMLIB_vProcess)
                  003ee0e5    0000000c                     : hmrecparam.obj (.text:_HMRECPRM_GetBufferRecParamPtrAddress)
                  003ee0f1    0000000c                     : hmrecparam.obj (.text:_HMRECPRM_TriggerRec)
                  003ee0fd    0000000c                     : hmmodbus.obj (.text:_u32FixAddressCircleBufferOverflow)
                  003ee109    0000000c     rts2800_ml.lib : epilog28.asm.obj (.text)
                  003ee115    0000000b     CSMON_C28xx.lib : hmmodbus.obj (.text:_HMMODBUS_vProcessFastTD)
                  003ee120    0000000b                     : hmrecparam.obj (.text:_HMRECPRM_IsRunning)
                  003ee12b    0000000b                     : hmserial.obj (.text:_HMSERIAL_vProcessFastTD)
                  003ee136    0000000b                     : modbusreg.obj (.text:_MODBUSREG_vDataZero)
                  003ee141    0000000b     sci_driver.obj (.text:_SCI_DRV_eGetModuleIndexFromBase)
                  003ee14c    0000000b     CSMON_C28xx.lib : sci_drv.obj (.text:_SCI_eGetModuleIndexFromBase)
                  003ee157    0000000b                     : hmmodbus.obj (.text:_bIsValidIndexFileTable)
                  003ee162    0000000b     rts2800_ml.lib : u_div28.asm.obj (.text)
                  003ee16d    0000000a     CSMON_C28xx.lib : hmrecparam.obj (.text:_HMRECPRM_ClrLastStopDetectionToRecorderStopSamplesCounter)
                  003ee177    0000000a                     : hmrecparam.obj (.text:_HMRECPRM_GetRecStatus)
                  003ee181    0000000a                     : hmrec.obj (.text:_HMREC_GetRecStatus)
                  003ee18b    0000000a                     : hmdrv.obj (.text:_sci_fifo_init)
                  003ee195    00000009                     : csmon.obj (.text:_CSMON_eSetParameterListRegisterSize)
                  003ee19e    00000009                     : csmon.obj (.text:_CSMON_eSetParameterListShortNaming)
                  003ee1a7    00000009                     : csmon.obj (.text:_CSMON_eSetServerOnStatus)
                  003ee1b0    00000009                     : hmlib.obj (.text:_HMLIB_vInitRecParamBuff)
                  003ee1b9    00000009                     : hmmodbus.obj (.text:_HMMODBUS_vProcessFreeTimer)
                  003ee1c2    00000009                     : hmmodbus.obj (.text:_HMMODBUS_vProcessRxDelay)
                  003ee1cb    00000009                     : hmrecparam.obj (.text:_HMRECPRM_GetExternBufferRecParamLastPointedAddress)
                  003ee1d4    00000009                     : hmrecparam.obj (.text:_HMRECPRM_GetExternBufferRecParamPtrAddress)
                  003ee1dd    00000009                     : hmrec.obj (.text:_HMREC_TriggerRec)
                  003ee1e6    00000009                     : hmscopeparam.obj (.text:_HMSCOPEPRM_GetBufferScopeParamAddress)
                  003ee1ef    00000009                     : hmserial.obj (.text:_HMSERIAL_vProcessFreeTimer)
                  003ee1f8    00000009                     : tmr_drv.obj (.text:_TIMER_vResetTimerMainFunctionDelayCounter)
                  003ee201    00000009                     : tmr_drv.obj (.text:_TIMER_vSetupTimerMainDelayedFunctionSendData)
                  003ee20a    00000009                     : uart_drv.obj (.text:_UART_PutChar)
                  003ee213    00000009                     : uart_drv.obj (.text:_UART_ReadDataRxTimeDiff)
                  003ee21c    00000009     rts2800_ml.lib : _lock.c.obj (.text)
                  003ee225    00000009                    : fd_neg28.asm.obj (.text)
                  003ee22e    00000008     Example_Flash2806x_CsmKeys.obj (.text)
                  003ee236    00000008     F2806x_CodeStartBranch.obj (.text)
                  003ee23e    00000008     F2806x_SysCtrl.obj (.text:_DisableDog)
                  003ee246    00000008     CSMON_C28xx.lib : hmdrv.obj (.text:_HMDRV_CopyFromBufferWithMaskModbus)
                  003ee24e    00000008                     : hmmodbus.obj (.text:_HMMODBUS_vSetupHoldingRegistersProcessFuncTable)
                  003ee256    00000008                     : hmmodbus.obj (.text:_HMMODBUS_vSetupHoldingRegistersRealAddressTable)
                  003ee25e    00000008                     : hmmodbus.obj (.text:_HMMODBUS_vSetupHoldingRegistersRegisterFlagsTable)
                  003ee266    00000008                     : hmmodbus.obj (.text:_HMMODBUS_vSetupHoldingRegistersRegisterSizeTable)
                  003ee26e    00000008                     : hmmodbus.obj (.text:_HMMODBUS_vSetupHoldingRegistersVirtAddressTable)
                  003ee276    00000008                     : hmrecparam.obj (.text:_HMRECPRM_GetExternRecParamAddress)
                  003ee27e    00000008                     : hmrecparam.obj (.text:_HMRECPRM_GetExternRecParamPtrMaximumUsedSampleCount)
                  003ee286    00000008                     : hmrecparam.obj (.text:_HMRECPRM_GetExternRecParamPtrSampleSize)
                  003ee28e    00000008                     : hmrecparam.obj (.text:_HMRECPRM_GetRecParamPtrAvailableSampleCount)
                  003ee296    00000008                     : hmrecparam.obj (.text:_HMRECPRM_GetRecParamPtrLastSampleIndex)
                  003ee29e    00000008                     : hmrecparam.obj (.text:_HMRECPRM_GetRecParamPtrMaximumUsedSampleCount)
                  003ee2a6    00000008                     : hmrecparam.obj (.text:_HMRECPRM_GetRecParamPtrSampleSize)
                  003ee2ae    00000008                     : hmrecparam.obj (.text:_HMRECPRM_GetStatusRecParamAddress)
                  003ee2b6    00000008                     : hmrecparam.obj (.text:_HMRECPRM_vInit)
                  003ee2be    00000008                     : hmrec.obj (.text:_HMREC_vInit)
                  003ee2c6    00000007     F2806x_DisInt.obj (.text)
                  003ee2cd    00000007     CSMON_C28xx.lib : csmon.obj (.text:_CSMON_eSetParameterListAccessLevel)
                  003ee2d4    00000007                     : csmon.obj (.text:_CSMON_eSetParameterListBitsCount)
                  003ee2db    00000007                     : csmon.obj (.text:_CSMON_eSetParameterListDataDefault)
                  003ee2e2    00000007                     : csmon.obj (.text:_CSMON_eSetParameterListDataMaximum)
                  003ee2e9    00000007                     : csmon.obj (.text:_CSMON_eSetParameterListDataMinimum)
                  003ee2f0    00000007                     : csmon.obj (.text:_CSMON_eSetParameterListDataType)
                  003ee2f7    00000007                     : csmon.obj (.text:_CSMON_eSetParameterListFunctionCode)
                  003ee2fe    00000007                     : csmon.obj (.text:_CSMON_eSetParameterListValueFormat)
                  003ee305    00000007                     : hmlib.obj (.text:_HMLIB_vProcessDifferentPorts)
                  003ee30c    00000007                     : hmlib.obj (.text:_HMLIB_vProcessRecorders)
                  003ee313    00000007                     : hmrecparam.obj (.text:_HMRECPRM_vResetAllStopDetections)
                  003ee31a    00000007                     : hmscopeparam.obj (.text:_HMSCOPEPRM_GetStatusScopeParamAddress)
                  003ee321    00000007                     : modbusreg.obj (.text:_MODBUSREG_vInitHoldingRegistersTableChanges)
                  003ee328    00000007     sci_driver.obj (.text:_SCI_DRV_u32GetBaseFromModuleIndex)
                  003ee32f    00000007     CSMON_C28xx.lib : sci_drv.obj (.text:_SCI_u32GetBaseFromModuleIndex)
                  003ee336    00000006                     : cputimer.obj (.text:_CPUTimer_setEmulationMode)
                  003ee33c    00000006                     : hmrecparam.obj (.text:_HMRECPRM_SetUpRecBuff)
                  003ee342    00000006                     : hmrec.obj (.text:_HMREC_SetUpRecBuff)
                  003ee348    00000006                     : tmr_drv.obj (.text:_TIMER_u16ResetTimerMainPeriod)
                  003ee34e    00000006     uart_driver.obj (.text:_UART_DRV_GetChar)
                  003ee354    00000006     CSMON_C28xx.lib : uart_drv.obj (.text:_UART_GetChar)
                  003ee35a    00000005     F2806x_DefaultIsr.obj (.text:_ADCINT1_ISR)
                  003ee35f    00000005     F2806x_DefaultIsr.obj (.text:_ADCINT2_ISR)
                  003ee364    00000005     F2806x_DefaultIsr.obj (.text:_ADCINT3_ISR)
                  003ee369    00000005     F2806x_DefaultIsr.obj (.text:_ADCINT4_ISR)
                  003ee36e    00000005     F2806x_DefaultIsr.obj (.text:_ADCINT5_ISR)
                  003ee373    00000005     F2806x_DefaultIsr.obj (.text:_ADCINT6_ISR)
                  003ee378    00000005     F2806x_DefaultIsr.obj (.text:_ADCINT7_ISR)
                  003ee37d    00000005     F2806x_DefaultIsr.obj (.text:_ADCINT8_ISR)
                  003ee382    00000005     F2806x_DefaultIsr.obj (.text:_ADCINT9_ISR)
                  003ee387    00000005     F2806x_DefaultIsr.obj (.text:_CLA1_INT1_ISR)
                  003ee38c    00000005     F2806x_DefaultIsr.obj (.text:_CLA1_INT2_ISR)
                  003ee391    00000005     F2806x_DefaultIsr.obj (.text:_CLA1_INT3_ISR)
                  003ee396    00000005     F2806x_DefaultIsr.obj (.text:_CLA1_INT4_ISR)
                  003ee39b    00000005     F2806x_DefaultIsr.obj (.text:_CLA1_INT5_ISR)
                  003ee3a0    00000005     F2806x_DefaultIsr.obj (.text:_CLA1_INT6_ISR)
                  003ee3a5    00000005     F2806x_DefaultIsr.obj (.text:_CLA1_INT7_ISR)
                  003ee3aa    00000005     F2806x_DefaultIsr.obj (.text:_CLA1_INT8_ISR)
                  003ee3af    00000005     CSMON_C28xx.lib : csmon.obj (.text:_CSMON_eSetAutoServiceWatchdogInternalSlowCalculationsInMainLoop)
                  003ee3b4    00000005                     : csmon.obj (.text:_CSMON_eSetFirmwareApplicationVersion)
                  003ee3b9    00000005                     : csmon.obj (.text:_CSMON_eSetMaxTimeInISR)
                  003ee3be    00000005                     : csmon.obj (.text:_CSMON_eSetMinGuaranteedTimeBetweenTwoISRs)
                  003ee3c3    00000005                     : csmon.obj (.text:_CSMON_u16ParametersAccessListIndexGenerate)
                  003ee3c8    00000005                     : csmon.obj (.text:_CSMON_u32GetFreeRunningTimerTicks)
                  003ee3cd    00000005                     : csmon.obj (.text:_CSMON_u32GetParameterAuxCheckSum)
                  003ee3d2    00000005                     : csmon.obj (.text:_CSMON_u32GetParameterCheckSum)
                  003ee3d7    00000005                     : csmon.obj (.text:_CSMON_u32GetParameterListCheckSum)
                  003ee3dc    00000005                     : csmon.obj (.text:_CSMON_u32GetParameterNumbCheckSum)
                  003ee3e1    00000005                     : csmon.obj (.text:_CSMON_u32GetParameterShortNameCheckSum)
                  003ee3e6    00000005                     : csmon.obj (.text:_CSMON_u32GetParameterStringCheckSum)
                  003ee3eb    00000005                     : csmon.obj (.text:_CSMON_vSetDateTimeRequest)
                  003ee3f0    00000005     F2806x_DefaultIsr.obj (.text:_DATALOG_ISR)
                  003ee3f5    00000005     F2806x_DefaultIsr.obj (.text:_DINTCH1_ISR)
                  003ee3fa    00000005     F2806x_DefaultIsr.obj (.text:_DINTCH2_ISR)
                  003ee3ff    00000005     F2806x_DefaultIsr.obj (.text:_DINTCH3_ISR)
                  003ee404    00000005     F2806x_DefaultIsr.obj (.text:_DINTCH4_ISR)
                  003ee409    00000005     F2806x_DefaultIsr.obj (.text:_DINTCH5_ISR)
                  003ee40e    00000005     F2806x_DefaultIsr.obj (.text:_DINTCH6_ISR)
                  003ee413    00000005     F2806x_DefaultIsr.obj (.text:_ECAN0INTA_ISR)
                  003ee418    00000005     F2806x_DefaultIsr.obj (.text:_ECAN1INTA_ISR)
                  003ee41d    00000005     F2806x_DefaultIsr.obj (.text:_ECAP1_INT_ISR)
                  003ee422    00000005     F2806x_DefaultIsr.obj (.text:_ECAP2_INT_ISR)
                  003ee427    00000005     F2806x_DefaultIsr.obj (.text:_ECAP3_INT_ISR)
                  003ee42c    00000005     F2806x_DefaultIsr.obj (.text:_EMPTY_ISR)
                  003ee431    00000005     F2806x_DefaultIsr.obj (.text:_EMUINT_ISR)
                  003ee436    00000005     F2806x_DefaultIsr.obj (.text:_EPWM1_INT_ISR)
                  003ee43b    00000005     F2806x_DefaultIsr.obj (.text:_EPWM1_TZINT_ISR)
                  003ee440    00000005     F2806x_DefaultIsr.obj (.text:_EPWM2_INT_ISR)
                  003ee445    00000005     F2806x_DefaultIsr.obj (.text:_EPWM2_TZINT_ISR)
                  003ee44a    00000005     F2806x_DefaultIsr.obj (.text:_EPWM3_INT_ISR)
                  003ee44f    00000005     F2806x_DefaultIsr.obj (.text:_EPWM3_TZINT_ISR)
                  003ee454    00000005     F2806x_DefaultIsr.obj (.text:_EPWM4_INT_ISR)
                  003ee459    00000005     F2806x_DefaultIsr.obj (.text:_EPWM4_TZINT_ISR)
                  003ee45e    00000005     F2806x_DefaultIsr.obj (.text:_EPWM5_INT_ISR)
                  003ee463    00000005     F2806x_DefaultIsr.obj (.text:_EPWM5_TZINT_ISR)
                  003ee468    00000005     F2806x_DefaultIsr.obj (.text:_EPWM6_INT_ISR)
                  003ee46d    00000005     F2806x_DefaultIsr.obj (.text:_EPWM6_TZINT_ISR)
                  003ee472    00000005     F2806x_DefaultIsr.obj (.text:_EPWM7_INT_ISR)
                  003ee477    00000005     F2806x_DefaultIsr.obj (.text:_EPWM7_TZINT_ISR)
                  003ee47c    00000005     F2806x_DefaultIsr.obj (.text:_EPWM8_INT_ISR)
                  003ee481    00000005     F2806x_DefaultIsr.obj (.text:_EPWM8_TZINT_ISR)
                  003ee486    00000005     F2806x_DefaultIsr.obj (.text:_EQEP1_INT_ISR)
                  003ee48b    00000005     F2806x_DefaultIsr.obj (.text:_EQEP2_INT_ISR)
                  003ee490    00000005     CSMON_C28xx.lib : hmlib.obj (.text:_HMLIB_vProcessSamePort)
                  003ee495    00000005                     : hmlib.obj (.text:_HMLIB_vRecorder0)
                  003ee49a    00000005                     : hmmodbus.obj (.text:_HMMODBUS_bGetReceivedMessage)
                  003ee49f    00000005                     : hmmodbus.obj (.text:_HMMODBUS_vFileTable)
                  003ee4a4    00000005                     : hmrecparam.obj (.text:_HMRECPRM_vDisableAllStopDetections)
                  003ee4a9    00000005     F2806x_DefaultIsr.obj (.text:_HRCAP1_INT_ISR)
                  003ee4ae    00000005     F2806x_DefaultIsr.obj (.text:_HRCAP2_INT_ISR)
                  003ee4b3    00000005     F2806x_DefaultIsr.obj (.text:_HRCAP3_INT_ISR)
                  003ee4b8    00000005     F2806x_DefaultIsr.obj (.text:_HRCAP4_INT_ISR)
                  003ee4bd    00000005     F2806x_DefaultIsr.obj (.text:_I2CINT1A_ISR)
                  003ee4c2    00000005     F2806x_DefaultIsr.obj (.text:_I2CINT2A_ISR)
                  003ee4c7    00000005     F2806x_DefaultIsr.obj (.text:_ILLEGAL_ISR)
                  003ee4cc    00000005     F2806x_DefaultIsr.obj (.text:_INT13_ISR)
                  003ee4d1    00000005     F2806x_DefaultIsr.obj (.text:_INT14_ISR)
                  003ee4d6    00000005     interrupt.obj (.text:_IntDefaultHandler)
                  003ee4db    00000005     F2806x_DefaultIsr.obj (.text:_LUF_ISR)
                  003ee4e0    00000005     F2806x_DefaultIsr.obj (.text:_LVF_ISR)
                  003ee4e5    00000005     CSMON_C28xx.lib : modbusreg.obj (.text:_MODBUSREG_vSetTableNameAddress)
                  003ee4ea    00000005                     : modbusreg.obj (.text:_MODBUSREG_vSetTableRealAddressInRam)
                  003ee4ef    00000005                     : modbusreg.obj (.text:_MODBUSREG_vSetTableRegisterFlags)
                  003ee4f4    00000005                     : modbusreg.obj (.text:_MODBUSREG_vSetTableRegisterSize)
                  003ee4f9    00000005                     : modbusreg.obj (.text:_MODBUSREG_vSetTableVirtAddress)
                  003ee4fe    00000005     F2806x_DefaultIsr.obj (.text:_MRINTA_ISR)
                  003ee503    00000005     F2806x_DefaultIsr.obj (.text:_MXINTA_ISR)
                  003ee508    00000005     F2806x_DefaultIsr.obj (.text:_NMI_ISR)
                  003ee50d    00000005     F2806x_DefaultIsr.obj (.text:_PIE_RESERVED)
                  003ee512    00000005     F2806x_DefaultIsr.obj (.text:_RTOSINT_ISR)
                  003ee517    00000005     F2806x_DefaultIsr.obj (.text:_SCIRXINTA_ISR)
                  003ee51c    00000005     F2806x_DefaultIsr.obj (.text:_SCIRXINTB_ISR)
                  003ee521    00000005     F2806x_DefaultIsr.obj (.text:_SCITXINTA_ISR)
                  003ee526    00000005     F2806x_DefaultIsr.obj (.text:_SCITXINTB_ISR)
                  003ee52b    00000005     F2806x_DefaultIsr.obj (.text:_SPIRXINTA_ISR)
                  003ee530    00000005     F2806x_DefaultIsr.obj (.text:_SPIRXINTB_ISR)
                  003ee535    00000005     F2806x_DefaultIsr.obj (.text:_SPITXINTA_ISR)
                  003ee53a    00000005     F2806x_DefaultIsr.obj (.text:_SPITXINTB_ISR)
                  003ee53f    00000005     CSMON_C28xx.lib : tmr_drv.obj (.text:_TIMER_vSetupTimerMainDelayedData)
                  003ee544    00000005     F2806x_DefaultIsr.obj (.text:_TINT0_ISR)
                  003ee549    00000005     F2806x_DefaultIsr.obj (.text:_USB0_INT_ISR)
                  003ee54e    00000005     F2806x_DefaultIsr.obj (.text:_USER10_ISR)
                  003ee553    00000005     F2806x_DefaultIsr.obj (.text:_USER11_ISR)
                  003ee558    00000005     F2806x_DefaultIsr.obj (.text:_USER12_ISR)
                  003ee55d    00000005     F2806x_DefaultIsr.obj (.text:_USER1_ISR)
                  003ee562    00000005     F2806x_DefaultIsr.obj (.text:_USER2_ISR)
                  003ee567    00000005     F2806x_DefaultIsr.obj (.text:_USER3_ISR)
                  003ee56c    00000005     F2806x_DefaultIsr.obj (.text:_USER4_ISR)
                  003ee571    00000005     F2806x_DefaultIsr.obj (.text:_USER5_ISR)
                  003ee576    00000005     F2806x_DefaultIsr.obj (.text:_USER6_ISR)
                  003ee57b    00000005     F2806x_DefaultIsr.obj (.text:_USER7_ISR)
                  003ee580    00000005     F2806x_DefaultIsr.obj (.text:_USER8_ISR)
                  003ee585    00000005     F2806x_DefaultIsr.obj (.text:_USER9_ISR)
                  003ee58a    00000005     F2806x_DefaultIsr.obj (.text:_WAKEINT_ISR)
                  003ee58f    00000005     F2806x_DefaultIsr.obj (.text:_XINT1_ISR)
                  003ee594    00000005     F2806x_DefaultIsr.obj (.text:_XINT2_ISR)
                  003ee599    00000005     F2806x_DefaultIsr.obj (.text:_XINT3_ISR)
                  003ee59e    00000005     F2806x_DefaultIsr.obj (.text:_rsvd_ISR)
                  003ee5a3    00000005     rts2800_ml.lib : fs_neg28.asm.obj (.text)
                  003ee5a8    00000004     CSMON_C28xx.lib : csmon.obj (.text:_CSMON_eApplyParameterChanges)
                  003ee5ac    00000004                     : csmon.obj (.text:_CSMON_eRegisterWriteParElementCallbackFunction)
                  003ee5b0    00000004                     : csmon.obj (.text:_CSMON_eSetInternalTimerPeriod)
                  003ee5b4    00000004                     : csmon.obj (.text:_CSMON_eSetTimerPeriodISRFunctionRegister)
                  003ee5b8    00000004                     : csmon.obj (.text:_CSMON_u32GetBaudError_PPM)
                  003ee5bc    00000004                     : csmon.obj (.text:_CSMON_vAddSetupRecorderParameterMask)
                  003ee5c0    00000004                     : csmon.obj (.text:_CSMON_vInitScopes)
                  003ee5c4    00000004                     : csmon.obj (.text:_CSMON_vSetStartRecorderParameterMask)
                  003ee5c8    00000004                     : hmdrv.obj (.text:_HMDRV_SetExAddr)
                  003ee5cc    00000004                     : hmdrv.obj (.text:_HMDRV_u32GetDeviceSYSCLKFreq)
                  003ee5d0    00000004                     : hmdrv.obj (.text:_HMDRV_u32GetSCIErrorPPM)
                  003ee5d4    00000004                     : hmlib.obj (.text:_HMLIB_vRecorderParam0)
                  003ee5d8    00000004                     : hmmodbus.obj (.text:_HMMODBUS_u32GetAddressMessageCounterThisDevice)
                  003ee5dc    00000004                     : hmmodbus.obj (.text:_HMMODBUS_vSetAddressMessageCounterThisDevice)
                  003ee5e0    00000004                     : hmmodbus.obj (.text:_HMMODBUS_vSetDeviceIDMajorMinorRevision)
                  003ee5e4    00000004                     : hmmodbus.obj (.text:_HMMODBUS_vSetDeviceIDMajorMinorRevisionLength)
                  003ee5e8    00000004                     : hmmodbus.obj (.text:_HMMODBUS_vSetDeviceIDModelName)
                  003ee5ec    00000004                     : hmmodbus.obj (.text:_HMMODBUS_vSetDeviceIDModelNameLength)
                  003ee5f0    00000004                     : hmmodbus.obj (.text:_HMMODBUS_vSetDeviceIDProductCode)
                  003ee5f4    00000004                     : hmmodbus.obj (.text:_HMMODBUS_vSetDeviceIDProductCodeLength)
                  003ee5f8    00000004                     : hmmodbus.obj (.text:_HMMODBUS_vSetDeviceIDProductName)
                  003ee5fc    00000004                     : hmmodbus.obj (.text:_HMMODBUS_vSetDeviceIDProductNameLength)
                  003ee600    00000004                     : hmmodbus.obj (.text:_HMMODBUS_vSetDeviceIDUserApplicationName)
                  003ee604    00000004                     : hmmodbus.obj (.text:_HMMODBUS_vSetDeviceIDUserApplicationNameLength)
                  003ee608    00000004                     : hmmodbus.obj (.text:_HMMODBUS_vSetDeviceIDUserReserve0)
                  003ee60c    00000004                     : hmmodbus.obj (.text:_HMMODBUS_vSetDeviceIDUserReserve0Length)
                  003ee610    00000004                     : hmmodbus.obj (.text:_HMMODBUS_vSetDeviceIDUserReserve1)
                  003ee614    00000004                     : hmmodbus.obj (.text:_HMMODBUS_vSetDeviceIDUserReserve1Length)
                  003ee618    00000004                     : hmmodbus.obj (.text:_HMMODBUS_vSetDeviceIDUserReserve2)
                  003ee61c    00000004                     : hmmodbus.obj (.text:_HMMODBUS_vSetDeviceIDUserReserve2Length)
                  003ee620    00000004                     : hmmodbus.obj (.text:_HMMODBUS_vSetDeviceIDVendorName)
                  003ee624    00000004                     : hmmodbus.obj (.text:_HMMODBUS_vSetDeviceIDVendorNameLength)
                  003ee628    00000004                     : hmmodbus.obj (.text:_HMMODBUS_vSetDeviceIDVendorUrl)
                  003ee62c    00000004                     : hmmodbus.obj (.text:_HMMODBUS_vSetDeviceIDVendorUrlLength)
                  003ee630    00000004                     : hmmodbus.obj (.text:_HMMODBUS_vSetServerIDDataAddress)
                  003ee634    00000004                     : hmmodbus.obj (.text:_HMMODBUS_vSetServerIDLength)
                  003ee638    00000004                     : hmmodbus.obj (.text:_HMMODBUS_vSetServerIDNumber)
                  003ee63c    00000004                     : hmmodbus.obj (.text:_HMMODBUS_vSetServerOnStatus)
                  003ee640    00000004                     : hmmodbus.obj (.text:_HMMODBUS_vSetupHoldingRegistersAccessTableInRam)
                  003ee644    00000004                     : hmmodbus.obj (.text:_HMMODBUS_vSetupWriteParElementCallbackFunction)
                  003ee648    00000004     interrupt.obj (.text:_IntMasterDisable)
                  003ee64c    00000004     interrupt.obj (.text:_IntMasterEnable)
                  003ee650    00000004     CSMON_C28xx.lib : modbusreg.obj (.text:_MODBUSREG_u16GetHoldRegFillCount)
                  003ee654    00000004                     : modbusreg.obj (.text:_MODBUSREG_u16GetTableRegisterFlagsElementOffset)
                  003ee658    00000004                     : modbusreg.obj (.text:_MODBUSREG_u16GetTableRegisterSizeElementOffset)
                  003ee65c    00000004                     : modbusreg.obj (.text:_MODBUSREG_u16GetTableVirtAddressElementOffset)
                  003ee660    00000004                     : modbusreg.obj (.text:_MODBUSREG_u32GetRegisterAccessTableInRam)
                  003ee664    00000004                     : modbusreg.obj (.text:_MODBUSREG_u32GetTableRegisterFlags)
                  003ee668    00000004                     : modbusreg.obj (.text:_MODBUSREG_u32GetTableRegisterSize)
                  003ee66c    00000004                     : modbusreg.obj (.text:_MODBUSREG_u32GetTableVirtAddress)
                  003ee670    00000004                     : modbusreg.obj (.text:_MODBUSREG_vSetFileAutorization_FunctionAfterWriteFileRecordTable)
                  003ee674    00000004                     : modbusreg.obj (.text:_MODBUSREG_vSetFileParamCount_FunctionBeforeReadFileRecord)
                  003ee678    00000004                     : modbusreg.obj (.text:_MODBUSREG_vSetFileRTC_FunctionAfterReadFileRecord)
                  003ee67c    00000004                     : modbusreg.obj (.text:_MODBUSREG_vSetFileRTC_FunctionAfterWriteFileRecord)
                  003ee680    00000004                     : modbusreg.obj (.text:_MODBUSREG_vSetFileRecConfig_FunctionAfterWriteFileRecord)
                  003ee684    00000004                     : modbusreg.obj (.text:_MODBUSREG_vSetFileRecStatus_FunctionIndexGenerationFileRecord)
                  003ee688    00000004                     : modbusreg.obj (.text:_MODBUSREG_vSetHoldRegFillCount)
                  003ee68c    00000004                     : modbusreg.obj (.text:_MODBUSREG_vSetParamCount)
                  003ee690    00000004                     : modbusreg.obj (.text:_MODBUSREG_vSetParamListAddress)
                  003ee694    00000004                     : modbusreg.obj (.text:_MODBUSREG_vSetParamNumbAddress)
                  003ee698    00000004                     : modbusreg.obj (.text:_MODBUSREG_vSetParamRecorderConfigAddress)
                  003ee69c    00000004                     : modbusreg.obj (.text:_MODBUSREG_vSetParamScopeConfigAddress)
                  003ee6a0    00000004                     : tmr_drv.obj (.text:_TIMER_vGetTimerMainRollingCounter)
                  003ee6a4    00000004                     : tmr_drv.obj (.text:_TIMER_vSetupTimerMainCSMONFunction)
                  003ee6a8    00000004                     : tmr_drv.obj (.text:_TMR_u16GetFreeRunTimerPrescaller)
                  003ee6ac    00000004                     : hmmodbus.obj (.text:_bGetElementsDifference)
                  003ee6b0    00000004                     : hmmodbus.obj (.text:_u16GetIndexFileTable)
                  003ee6b4    00000004                     : hmmodbus.obj (.text:_u32GetBufferAddressStart)
                  003ee6b8    00000004                     : hmmodbus.obj (.text:_u32GetBufferSize)
                  003ee6bc    00000004                     : hmmodbus.obj (.text:_u32GetSampleCountAvailable)
                  003ee6c0    00000004                     : hmmodbus.obj (.text:_u32GetSampleCountBuffer)
                  003ee6c4    00000004                     : hmmodbus.obj (.text:_u32GetStartSampleIndex)
                  003ee6c8    00000004                     : hmmodbus.obj (.text:_u8GetSampleSize)
                  003ee6cc    00000004                     : hmmodbus.obj (.text:_vSetBufferAddressStartFromFunction)
                  003ee6d0    00000004                     : hmmodbus.obj (.text:_vSetBufferSize)
                  003ee6d4    00000003     F2806x_DBGIER.obj (.text)
                  003ee6d7    00000003     CSMON_C28xx.lib : csmon.obj (.text:_CSMON_eSetParameter)
                  003ee6da    00000003                     : csmon.obj (.text:_CSMON_u32GetModbusMessageCounterRegisterRealAddress)
                  003ee6dd    00000003                     : csmon.obj (.text:_CSMON_vSetModbusMessageCounterRegisterRealAddress)
                  003ee6e0    00000003                     : hmlib.obj (.text:_HMLIB_vRecorderParamTimeSync)
                  003ee6e3    00000003                     : hmrecparam.obj (.text:_HMRECPRM_GetTimeBase)
                  003ee6e6    00000003                     : modbusreg.obj (.text:_MODBUSREG_u32GetAddressMessageCounterThisDevice)
                  003ee6e9    00000003                     : modbusreg.obj (.text:_MODBUSREG_vSetAddressMessageCounterThisDevice)
                  003ee6ec    00000003                     : uart_drv.obj (.text:_UART_TXInterrupt)
                  003ee6ef    00000002                     : hmrecparam.obj (.text:_HMRECPRM_AbortRec)
                  003ee6f1    00000002                     : hmrecparam.obj (.text:_HMRECPRM_GetRecBuffSize)
                  003ee6f3    00000002                     : hmrec.obj (.text:_HMREC_AbortRec)
                  003ee6f5    00000002                     : hmrec.obj (.text:_HMREC_GetRecBuffSize)
                  003ee6f7    00000002     main.obj (.text:_eWriteParElement)
                  003ee6f9    00000002     rts2800_ml.lib : pre_init.c.obj (.text)
                  003ee6fb    00000001     CSMON_C28xx.lib : hmprotocol.obj (.text:_HMPROTOCOL_vInit)
                  003ee6fc    00000001     uart_driver.obj (.text:_UART_DRV_TXInterrupt)
                  003ee6fd    00000001     CSMON_C28xx.lib : uart_drv.obj (.text:_UART_TxDis)
                  003ee6fe    00000001                     : uart_drv.obj (.text:_UART_TxEna)
                  003ee6ff    00000001     rts2800_ml.lib : startup.c.obj (.text)

ramfuncs   0    003ee700    00000029     RUN ADDR = 00008000
                  003ee700    0000001d     F2806x_SysCtrl.obj (ramfuncs:_InitFlash)
                  003ee71d    00000008     device.obj (ramfuncs:_MyCallbackFunction)
                  003ee725    00000004     F2806x_usDelay.obj (ramfuncs)

csm_rsvd   0    003f7f80    00000076     
                  003f7f80    00000076     F2806x_CSMPasswords.obj (csm_rsvd)

codestart 
*          0    003f7ff6    00000002     
                  003f7ff6    00000002     F2806x_CodeStartBranch.obj (codestart)

csmpasswds 
*          0    003f7ff8    00000008     
                  003f7ff8    00000008     F2806x_CSMPasswords.obj (csmpasswds)

.stack     1    00000050    00000380     UNINITIALIZED
                  00000050    00000380     --HOLE--

.econst    0    003ee72a    00001e0c     
                  003ee72a    00001900     csmon_config.obj (.econst:_asParameterList)
                  003f002a    00000100     CSMON_C28xx.lib : hmmodbus.obj (.econst:.string:_auchCRCHi)
                  003f012a    00000100                     : hmmodbus.obj (.econst:.string:_auchCRCLo)
                  003f022a    00000100     F2806x_PieVect.obj (.econst:_PieVectTableInit)
                  003f032a    00000084     rts2800_ml.lib : k_rem_pio2.c.obj (.econst:_ipio2)
                  003f03ae    00000050     CSMON_C28xx.lib : csmon.obj (.econst:_CSMON_asAccessLevelPasswords)
                  003f03fe    0000002c     rts2800_ml.lib : k_rem_pio2.c.obj (.econst)
                  003f042a    00000028                    : k_cosf.c.obj (.econst)
                  003f0452    00000020                    : k_rem_pio2.c.obj (.econst:_PIo2)
                  003f0472    00000020                    : k_sinf.c.obj (.econst)
                  003f0492    0000001c                    : e_rem_pio2f.c.obj (.econst)
                  003f04ae    0000001c                    : s_scalbn.c.obj (.econst)
                  003f04ca    00000018                    : s_sinf.c.obj (.econst)
                  003f04e2    00000014     CSMON_C28xx.lib : csmon.obj (.econst:_CSMON_au8FileImplementedFunctionCodes)
                  003f04f6    00000010     main.obj (.econst)
                  003f0506    0000000e     CSMON_C28xx.lib : csmon.obj (.econst:_CSMON_au8FileParameterNumbElementsCountInPartTable)
                  003f0514    0000000c                     : hmprotocol.obj (.econst:.string)
                  003f0520    0000000c     rts2800_ml.lib : s_floor.c.obj (.econst)
                  003f052c    00000006     CSMON_C28xx.lib : csmon.obj (.econst:_CSMON_au8FileParameterListElementsCountInPartTable)
                  003f0532    00000004     rts2800_ml.lib : k_rem_pio2.c.obj (.econst:_init_jk)

.reset     0    003fffc0    00000002     DSECT
                  003fffc0    00000002     rts2800_ml.lib : boot28.asm.obj (.reset)

vectors    0    003fffc2    00000000     DSECT

DevEmuRegsFile 
*          1    00000880    00000004     UNINITIALIZED
                  00000880    00000004     F2806x_GlobalVariableDefs.obj (DevEmuRegsFile)

SysPwrCtrlRegsFile 
*          1    00000985    00000003     UNINITIALIZED
                  00000985    00000003     F2806x_GlobalVariableDefs.obj (SysPwrCtrlRegsFile)

FlashRegsFile 
*          1    00000a80    00000008     UNINITIALIZED
                  00000a80    00000008     F2806x_GlobalVariableDefs.obj (FlashRegsFile)

CsmRegsFile 
*          1    00000ae0    00000010     UNINITIALIZED
                  00000ae0    00000010     F2806x_GlobalVariableDefs.obj (CsmRegsFile)

AdcResultFile 
*          1    00000b00    00000010     UNINITIALIZED
                  00000b00    00000010     F2806x_GlobalVariableDefs.obj (AdcResultFile)

CpuTimer0RegsFile 
*          1    00000c00    00000008     UNINITIALIZED
                  00000c00    00000008     F2806x_GlobalVariableDefs.obj (CpuTimer0RegsFile)

CpuTimer1RegsFile 
*          1    00000c08    00000008     UNINITIALIZED
                  00000c08    00000008     F2806x_GlobalVariableDefs.obj (CpuTimer1RegsFile)

CpuTimer2RegsFile 
*          1    00000c10    00000008     UNINITIALIZED
                  00000c10    00000008     F2806x_GlobalVariableDefs.obj (CpuTimer2RegsFile)

PieCtrlRegsFile 
*          1    00000ce0    0000001a     UNINITIALIZED
                  00000ce0    0000001a     F2806x_GlobalVariableDefs.obj (PieCtrlRegsFile)

PieVectTableFile 
*          1    00000d00    00000100     UNINITIALIZED
                  00000d00    00000100     F2806x_GlobalVariableDefs.obj (PieVectTableFile)

EmuKeyVar 
*          1    00000d00    00000001     UNINITIALIZED
                  00000d00    00000001     F2806x_GlobalVariableDefs.obj (EmuKeyVar)

EmuBModeVar 
*          1    00000d01    00000001     UNINITIALIZED
                  00000d01    00000001     F2806x_GlobalVariableDefs.obj (EmuBModeVar)

FlashCallbackVar 
*          1    00000d02    00000002     UNINITIALIZED
                  00000d02    00000002     F2806x_GlobalVariableDefs.obj (FlashCallbackVar)

FlashScalingVar 
*          1    00000d04    00000002     UNINITIALIZED
                  00000d04    00000002     F2806x_GlobalVariableDefs.obj (FlashScalingVar)

DmaRegsFile 
*          1    00001000    000000e0     UNINITIALIZED
                  00001000    000000e0     F2806x_GlobalVariableDefs.obj (DmaRegsFile)

Cla1RegsFile 
*          1    00001400    00000040     UNINITIALIZED
                  00001400    00000040     F2806x_GlobalVariableDefs.obj (Cla1RegsFile)

Usb0RegsFile 
*          1    00004000    00000454     UNINITIALIZED
                  00004000    00000454     F2806x_GlobalVariableDefs.obj (Usb0RegsFile)

McbspaRegsFile 
*          1    00005000    00000024     UNINITIALIZED
                  00005000    00000024     F2806x_GlobalVariableDefs.obj (McbspaRegsFile)

ECanaRegsFile 
*          1    00006000    00000034     UNINITIALIZED
                  00006000    00000034     F2806x_GlobalVariableDefs.obj (ECanaRegsFile)

ECanaLAMRegsFile 
*          1    00006040    00000040     UNINITIALIZED
                  00006040    00000040     F2806x_GlobalVariableDefs.obj (ECanaLAMRegsFile)

ECanaMOTSRegsFile 
*          1    00006080    00000040     UNINITIALIZED
                  00006080    00000040     F2806x_GlobalVariableDefs.obj (ECanaMOTSRegsFile)

ECanaMOTORegsFile 
*          1    000060c0    00000040     UNINITIALIZED
                  000060c0    00000040     F2806x_GlobalVariableDefs.obj (ECanaMOTORegsFile)

ECanaMboxesFile 
*          1    00006100    00000100     UNINITIALIZED
                  00006100    00000100     F2806x_GlobalVariableDefs.obj (ECanaMboxesFile)

Comp1RegsFile 
*          1    00006400    00000014     UNINITIALIZED
                  00006400    00000014     F2806x_GlobalVariableDefs.obj (Comp1RegsFile)

Comp2RegsFile 
*          1    00006420    00000014     UNINITIALIZED
                  00006420    00000014     F2806x_GlobalVariableDefs.obj (Comp2RegsFile)

Comp3RegsFile 
*          1    00006440    00000014     UNINITIALIZED
                  00006440    00000014     F2806x_GlobalVariableDefs.obj (Comp3RegsFile)

EPwm1RegsFile 
*          1    00006800    00000040     UNINITIALIZED
                  00006800    00000040     F2806x_GlobalVariableDefs.obj (EPwm1RegsFile)

EPwm2RegsFile 
*          1    00006840    00000040     UNINITIALIZED
                  00006840    00000040     F2806x_GlobalVariableDefs.obj (EPwm2RegsFile)

EPwm3RegsFile 
*          1    00006880    00000040     UNINITIALIZED
                  00006880    00000040     F2806x_GlobalVariableDefs.obj (EPwm3RegsFile)

EPwm4RegsFile 
*          1    000068c0    00000040     UNINITIALIZED
                  000068c0    00000040     F2806x_GlobalVariableDefs.obj (EPwm4RegsFile)

EPwm5RegsFile 
*          1    00006900    00000040     UNINITIALIZED
                  00006900    00000040     F2806x_GlobalVariableDefs.obj (EPwm5RegsFile)

EPwm6RegsFile 
*          1    00006940    00000040     UNINITIALIZED
                  00006940    00000040     F2806x_GlobalVariableDefs.obj (EPwm6RegsFile)

EPwm7RegsFile 
*          1    00006980    00000040     UNINITIALIZED
                  00006980    00000040     F2806x_GlobalVariableDefs.obj (EPwm7RegsFile)

EPwm8RegsFile 
*          1    000069c0    00000040     UNINITIALIZED
                  000069c0    00000040     F2806x_GlobalVariableDefs.obj (EPwm8RegsFile)

ECap1RegsFile 
*          1    00006a00    00000020     UNINITIALIZED
                  00006a00    00000020     F2806x_GlobalVariableDefs.obj (ECap1RegsFile)

ECap2RegsFile 
*          1    00006a20    00000020     UNINITIALIZED
                  00006a20    00000020     F2806x_GlobalVariableDefs.obj (ECap2RegsFile)

ECap3RegsFile 
*          1    00006a40    00000020     UNINITIALIZED
                  00006a40    00000020     F2806x_GlobalVariableDefs.obj (ECap3RegsFile)

HRCap1RegsFile 
*          1    00006ac0    00000020     UNINITIALIZED
                  00006ac0    00000020     F2806x_GlobalVariableDefs.obj (HRCap1RegsFile)

HRCap2RegsFile 
*          1    00006ae0    00000020     UNINITIALIZED
                  00006ae0    00000020     F2806x_GlobalVariableDefs.obj (HRCap2RegsFile)

EQep1RegsFile 
*          1    00006b00    00000022     UNINITIALIZED
                  00006b00    00000022     F2806x_GlobalVariableDefs.obj (EQep1RegsFile)

EQep2RegsFile 
*          1    00006b40    00000022     UNINITIALIZED
                  00006b40    00000022     F2806x_GlobalVariableDefs.obj (EQep2RegsFile)

HRCap3RegsFile 
*          1    00006c80    00000020     UNINITIALIZED
                  00006c80    00000020     F2806x_GlobalVariableDefs.obj (HRCap3RegsFile)

HRCap4RegsFile 
*          1    00006ca0    00000020     UNINITIALIZED
                  00006ca0    00000020     F2806x_GlobalVariableDefs.obj (HRCap4RegsFile)

GpioCtrlRegsFile 
*          1    00006f80    00000040     UNINITIALIZED
                  00006f80    00000040     F2806x_GlobalVariableDefs.obj (GpioCtrlRegsFile)

GpioDataRegsFile 
*          1    00006fc0    00000020     UNINITIALIZED
                  00006fc0    00000020     F2806x_GlobalVariableDefs.obj (GpioDataRegsFile)

GpioIntRegsFile 
*          1    00006fe0    00000020     UNINITIALIZED
                  00006fe0    00000020     F2806x_GlobalVariableDefs.obj (GpioIntRegsFile)

SysCtrlRegsFile 
*          1    00007010    00000030     UNINITIALIZED
                  00007010    00000030     F2806x_GlobalVariableDefs.obj (SysCtrlRegsFile)

SpiaRegsFile 
*          1    00007040    00000010     UNINITIALIZED
                  00007040    00000010     F2806x_GlobalVariableDefs.obj (SpiaRegsFile)

SciaRegsFile 
*          1    00007050    00000010     UNINITIALIZED
                  00007050    00000010     F2806x_GlobalVariableDefs.obj (SciaRegsFile)

NmiIntruptRegsFile 
*          1    00007060    00000010     UNINITIALIZED
                  00007060    00000010     F2806x_GlobalVariableDefs.obj (NmiIntruptRegsFile)

XIntruptRegsFile 
*          1    00007070    00000010     UNINITIALIZED
                  00007070    00000010     F2806x_GlobalVariableDefs.obj (XIntruptRegsFile)

AdcRegsFile 
*          1    00007100    00000050     UNINITIALIZED
                  00007100    00000050     F2806x_GlobalVariableDefs.obj (AdcRegsFile)

SpibRegsFile 
*          1    00007740    00000010     UNINITIALIZED
                  00007740    00000010     F2806x_GlobalVariableDefs.obj (SpibRegsFile)

ScibRegsFile 
[...]
003eae16  local     $30 (.text)
003eae44  local     $35 (.text)
003eae73  local     $40 (.text)
003eadd5  local     $5_$2 (.text)
00000000  local     .bss (.bss)
00000000  local     .data (.data)
003eadc1  local     .text (.text)
003eade5  local     CHECK_SIGN1 (.text)
003eae20  local     CHECK_SIGN2 (.text)
003eae58  local     DGT3 (.text)
003eae5a  local     DIVUDenHighZero (.text)
003eadef  local     EQ0 (.text)
003eadea  local     EQ1 (.text)
003eae28  local     EQ2 (.text)
003eae53  local     EQ3 (.text)
003eae84  local     EQ4 (.text)
003eadc1  global    LL$$DIV (.text)
003eadfd  global    LL$$MOD (.text)
003eaea3  local     LOOP (.text)
003eae92  local     MAINDIV (.text)
003eaeb1  local     MD_NEQ (.text)
003eae86  local     MODUDenHighZero (.text)
003eade8  local     RET1 (.text)
003eae23  local     RET2 (.text)
003eae51  local     RET3 (.text)
003eae80  local     RET4 (.text)
003eae25  local     RET_NUM1 (.text)
003eae82  local     RET_NUM2 (.text)
003eadf1  local     SDIVUDenHighZero (.text)
003eaebb  local     SKIP (.text)
003eaebd  local     SKIP1 (.text)
003eae2b  local     SMODUDenHighZero (.text)
003eae37  global    ULL$$DIV (.text)
003eae66  global    ULL$$MOD (.text)


================================================================================

rts2800_ml.lib : u_div28.asm.obj

Run/Load            
Value     Binding   Name (Section)
--------  --------  ---------------
00000000  local     .bss (.bss)
00000000  local     .data (.data)
003ee162  local     .text (.text)
003ee162  global    U$$DIV (.text)
003ee167  global    U$$MOD (.text)


================================================================================

rts2800_ml.lib : u_tofd28.asm.obj

Run/Load            
Value     Binding   Name (Section)
--------  --------  ---------------
00000000  local     .bss (.bss)
00000000  local     .data (.data)
003edd0f  local     .text (.text)
003edd1c  local     NORMALIZE (.text)
003edd24  local     OP_ZERO (.text)
003edd1e  local     PACK (.text)
003edd23  local     RETURN (.text)
003edd21  local     RETURN_VALUE (.text)
003edd0f  global    U$$TOFD (.text)


================================================================================

rts2800_ml.lib : u_tofs28.asm.obj

Run/Load            
Value     Binding   Name (Section)
--------  --------  ---------------
00000000  local     .bss (.bss)
00000000  local     .data (.data)
003edf71  local     .text (.text)
003edf80  local     RESTORE (.text)
003edf71  global    U$$TOFS (.text)
003edf80  local     ZERO (.text)


================================================================================

rts2800_ml.lib : l_tofs28.asm.obj

Run/Load            
Value     Binding   Name (Section)
--------  --------  ---------------
00000000  local     .bss (.bss)
00000000  local     .data (.data)
003edb8e  local     .text (.text)
003edb8e  global    L$$TOFS (.text)
003edba4  local     OVERFLOW (.text)
003edba3  local     RETURN (.text)
003edba3  local     ZERO (.text)


================================================================================

rts2800_ml.lib : ul_tofs28.asm.obj

Run/Load            
Value     Binding   Name (Section)
--------  --------  ---------------
00000000  local     .bss (.bss)
00000000  local     .data (.data)
003ede09  local     .text (.text)
003ede11  local     LEFT_SHIFT (.text)
003ede13  local     PACK (.text)
003ede1b  local     RETURN (.text)
003ede09  global    UL$$TOFS (.text)
003ede1b  local     ZERO (.text)


================================================================================

rts2800_ml.lib : prolog28.asm.obj

Run/Load            
Value     Binding   Name (Section)
--------  --------  ---------------
00000000  local     .bss (.bss)
00000000  local     .data (.data)
003edc0c  local     .text (.text)
003edc0c  global    _prolog_c28x_1 (.text)
003edc10  global    _prolog_c28x_2 (.text)
003edc18  global    _prolog_c28x_3 (.text)


================================================================================

rts2800_ml.lib : fs_tofd28.asm.obj

Run/Load            
Value     Binding   Name (Section)
--------  --------  ---------------
00000000  local     .bss (.bss)
00000000  local     .data (.data)
003eda83  local     .text (.text)
003eda83  global    FS$$TOFD (.text)
003eda97  local     OVERFLOW (.text)
003eda96  local     RETURN (.text)
003eda94  local     RETURN_VALUE (.text)
003eda9d  local     UNDERFLOW (.text)


================================================================================

rts2800_ml.lib : fd_div28.asm.obj

Run/Load            
Value     Binding   Name (Section)
--------  --------  ---------------
003ec143  local     $1_$3 (.text)
003ec14e  local     $2_$3 (.text)
00000000  local     .bss (.bss)
00000000  local     .data (.data)
003ec107  local     .text (.text)
003ec15d  local     DIV_END (.text)
003ec13e  local     DIV_START (.text)
003ec107  global    FD$$DIV (.text)
003ec160  local     NORMALIZE (.text)
003ec18a  local     OVERFLOW (.text)
003ec185  local     RETURN (.text)
003ec183  local     RETURN_VALUE (.text)
003ec175  local     RND64_SET_MANT$3$ (.text)
003ec169  local     ROUND (.text)
003ec190  local     UNDERFLOW (.text)


================================================================================

rts2800_ml.lib : cpy_tbl.c.obj

Run/Load            
Value     Binding   Name (Section)
--------  --------  ---------------
003ed73b  local     $C$L1 (.text)
003ed74e  local     $C$L2 (.text)
003ed74f  local     $C$L3 (.text)
00000000  local     .bss (.bss)
00000000  local     .data (.data)
003ed733  local     .text (.text)
003ed733  global    _copy_in (.text)


================================================================================

rts2800_ml.lib : memcpy.c.obj

Run/Load            
Value     Binding   Name (Section)
--------  --------  ---------------
003ed9fc  local     $C$L1 (.text)
003eda00  local     $C$L2 (.text)
003eda07  local     $C$L3 (.text)
003eda09  local     $C$L4 (.text)
003eda11  local     $C$L5 (.text)
00000000  local     .bss (.bss)
00000000  local     .data (.data)
003ed9f6  local     .text (.text)
003ed9f6  global    _memcpy (.text)


================================================================================

rts2800_ml.lib : pre_init.c.obj

Run/Load            
Value     Binding   Name (Section)
--------  --------  ---------------
00000000  local     .bss (.bss)
00000000  local     .data (.data)
003ee6f9  local     .text (.text)
003ee6f9  global    __system_pre_init (.text)


================================================================================

rts2800_ml.lib : startup.c.obj

Run/Load            
Value     Binding   Name (Section)
--------  --------  ---------------
00000000  local     .bss (.bss)
00000000  local     .data (.data)
003ee6ff  local     .text (.text)
003ee6ff  global    __system_post_cinit (.text)


================================================================================

rts2800_ml.lib : e_rem_pio2f.c.obj

Run/Load            
Value     Binding   Name (Section)
--------  --------  ---------------
003f049e  local     $C$FL1 (.econst)
003f04a2  local     $C$FL2 (.econst)
003f04a6  local     $C$FL3 (.econst)
003f04aa  local     $C$FL4 (.econst)
003ebb71  local     $C$L1 (.text)
003ebb7f  local     $C$L2 (.text)
003ebbab  local     $C$L3 (.text)
003ebbb0  local     $C$L4 (.text)
00000000  local     .bss (.bss)
00000000  local     .data (.data)
003f0492  local     .econst (.econst)
003ebb0e  local     .text (.text)
003ebb0e  global    ___rem_pio2f (.text)
003f0492  local     _invpio2 (.econst)
003f0496  local     _pio2_1 (.econst)
003f049a  local     _pio2_1t (.econst)


================================================================================

rts2800_ml.lib : k_rem_pio2.c.obj

Run/Load            
Value     Binding   Name (Section)
--------  --------  ---------------
003f040e  local     $C$FL1 (.econst)
003f0412  local     $C$FL2 (.econst)
003f0416  local     $C$FL3 (.econst)
003f041a  local     $C$FL4 (.econst)
003f041e  local     $C$FL5 (.econst)
003f0422  local     $C$FL6 (.econst)
003f0426  local     $C$FL7 (.econst)
003e98dc  local     $C$L1 (.text)
003e9996  local     $C$L10 (.text)
003e99c3  local     $C$L11 (.text)
003e99e3  local     $C$L12 (.text)
003e9a08  local     $C$L13 (.text)
003e9a27  local     $C$L14 (.text)
003e9a2e  local     $C$L15 (.text)
003e9a4b  local     $C$L16 (.text)
003e9a99  local     $C$L17 (.text)
003e9b05  local     $C$L18 (.text)
003e9b09  local     $C$L19 (.text)
003e9904  local     $C$L2 (.text)
003e9b17  local     $C$L20 (.text)
003e9b40  local     $C$L21 (.text)
003e9b45  local     $C$L22 (.text)
003e9b50  local     $C$L23 (.text)
003e9b5c  local     $C$L24 (.text)
003e9b61  local     $C$L25 (.text)
003e9b67  local     $C$L26 (.text)
003e9b84  local     $C$L27 (.text)
003e9b90  local     $C$L28 (.text)
003e9bbb  local     $C$L29 (.text)
003e990f  local     $C$L3 (.text)
003e9be9  local     $C$L30 (.text)
003e9c34  local     $C$L31 (.text)
003e9c39  local     $C$L32 (.text)
003e9c51  local     $C$L33 (.text)
003e9c5b  local     $C$L34 (.text)
003e9c6a  local     $C$L35 (.text)
003e9c74  local     $C$L36 (.text)
003e9c8f  local     $C$L37 (.text)
003e9c9f  local     $C$L38 (.text)
003e9ca1  local     $C$L39 (.text)
003e991b  local     $C$L4 (.text)
003e9cc1  local     $C$L40 (.text)
003e9ce9  local     $C$L41 (.text)
003e9d00  local     $C$L42 (.text)
003e9d14  local     $C$L43 (.text)
003e9d42  local     $C$L44 (.text)
003e9d60  local     $C$L45 (.text)
003e9d7e  local     $C$L46 (.text)
003e9dcd  local     $C$L47 (.text)
003e9e07  local     $C$L48 (.text)
003e9e1f  local     $C$L49 (.text)
003e992c  local     $C$L5 (.text)
003e9e30  local     $C$L50 (.text)
003e9e4d  local     $C$L51 (.text)
003e9e68  local     $C$L52 (.text)
003e9e7b  local     $C$L53 (.text)
003e9e8c  local     $C$L54 (.text)
003e9e9a  local     $C$L55 (.text)
003e9ea4  local     $C$L56 (.text)
003e9ec5  local     $C$L57 (.text)
003e9ed6  local     $C$L58 (.text)
003e9ee4  local     $C$L59 (.text)
003e9938  local     $C$L6 (.text)
003e9eee  local     $C$L60 (.text)
003e9ef8  local     $C$L61 (.text)
003e9f0b  local     $C$L62 (.text)
003e9f1c  local     $C$L63 (.text)
003e9f2a  local     $C$L64 (.text)
003e9f34  local     $C$L65 (.text)
003e9f3d  local     $C$L66 (.text)
003e9955  local     $C$L7 (.text)
003e997a  local     $C$L8 (.text)
003e998f  local     $C$L9 (.text)
00000000  local     .bss (.bss)
00000000  local     .data (.data)
003f03fe  local     .econst (.econst)
003f0452  local     .econst:_PIo2 (.econst:_PIo2)
003f0532  local     .econst:_init_jk (.econst:_init_jk)
003f032a  local     .econst:_ipio2 (.econst:_ipio2)
003e98ae  local     .text (.text)
003f0452  local     _PIo2 (.econst:_PIo2)
003e98ae  global    ___kernel_rem_pio2 (.text)
003f0532  local     _init_jk (.econst:_init_jk)
003f032a  local     _ipio2 (.econst:_ipio2)
003f0402  local     _one (.econst)
003f0406  local     _two24 (.econst)
003f040a  local     _twon24 (.econst)
003f03fe  local     _zero (.econst)


================================================================================

rts2800_ml.lib : exit.c.obj

Run/Load            
Value     Binding   Name (Section)
--------  --------  ---------------
003ed3da  local     $C$L1 (.text)
003ed3ed  local     $C$L2 (.text)
003ed3f8  local     $C$L3 (.text)
003ed3fe  local     $C$L4 (.text)
00000000  local     .bss (.bss)
003f0bae  local     .cinit (.cinit)
00000000  local     .data (.data)
0000bdfa  local     .ebss (.ebss)
003ed3d9  local     .text (.text)
003ed3d9  global    C$$EXIT (.text)
0000bdfc  global    ___TI_cleanup_ptr (.ebss)
0000bdfe  global    ___TI_dtors_ptr (.ebss)
0000bdfa  global    ___TI_enable_exit_profile_output (.ebss)
003ed3d9  global    _abort (.text)
003ed3db  global    _exit (.text)


================================================================================

rts2800_ml.lib : _lock.c.obj

Run/Load            
Value     Binding   Name (Section)
--------  --------  ---------------
00000000  local     .bss (.bss)
003f0d3c  local     .cinit:__lock (.cinit:__lock)
003f0d41  local     .cinit:__unlock (.cinit:__unlock)
00000000  local     .data (.data)
0000c100  local     .ebss:__lock (.ebss:__lock)
0000c102  local     .ebss:__unlock (.ebss:__unlock)
003ee21c  local     .text (.text)
0000c100  global    __lock (.ebss:__lock)
003ee224  global    __nop (.text)
003ee220  global    __register_lock (.text)
003ee21c  global    __register_unlock (.text)
0000c102  global    __unlock (.ebss:__unlock)


================================================================================

rts2800_ml.lib : args_main.c.obj

Run/Load            
Value     Binding   Name (Section)
--------  --------  ---------------
003edefb  local     $C$L1 (.text)
003edefe  local     $C$L2 (.text)
00000000  local     .bss (.bss)
00000000  local     .data (.data)
003edef0  local     .text (.text)
003edef0  global    __args_main (.text)


================================================================================

rts2800_ml.lib : s_floor.c.obj

Run/Load            
Value     Binding   Name (Section)
--------  --------  ---------------
003f0524  local     $C$FL1 (.econst)
003f0528  local     $C$FL2 (.econst)
003eb3ba  local     $C$L1 (.text)
003eb412  local     $C$L10 (.text)
003eb432  local     $C$L11 (.text)
003eb434  local     $C$L12 (.text)
003eb440  local     $C$L13 (.text)
003eb445  local     $C$L14 (.text)
003eb3bf  local     $C$L2 (.text)
003eb3c0  local     $C$L3 (.text)
003eb3c8  local     $C$L4 (.text)
003eb3db  local     $C$L5 (.text)
003eb3ea  local     $C$L6 (.text)
003eb3ed  local     $C$L7 (.text)
003eb409  local     $C$L8 (.text)
003eb40f  local     $C$L9 (.text)
00000000  local     .bss (.bss)
00000000  local     .data (.data)
003f0520  local     .econst (.econst)
003eb362  local     .text (.text)
003eb362  global    _floorl (.text)
003f0520  local     _huge (.econst)


================================================================================

rts2800_ml.lib : s_scalbn.c.obj

Run/Load            
Value     Binding   Name (Section)
--------  --------  ---------------
003f04ba  local     $C$FL1 (.econst)
003f04be  local     $C$FL2 (.econst)
003f04c2  local     $C$FL3 (.econst)
003f04c6  local     $C$FL4 (.econst)
003eba8a  local     $C$L1 (.text)
003ebaa3  local     $C$L2 (.text)
003ebab5  local     $C$L3 (.text)
003ebac0  local     $C$L4 (.text)
003ebad5  local     $C$L5 (.text)
003ebadb  local     $C$L6 (.text)
003ebae6  local     $C$L7 (.text)
003ebb06  local     $C$L8 (.text)
003ebb0a  local     $C$L9 (.text)
00000000  local     .bss (.bss)
00000000  local     .data (.data)
003f04ae  local     .econst (.econst)
003eba64  local     .text (.text)
003eba64  global    _ldexpl (.text)
003eba64  global    _scalbnl (.text)
003f04b6  local     _tiny (.econst)
003f04ae  local     _two54 (.econst)
003f04b2  local     _twom54 (.econst)


================================================================================

rts2800_ml.lib : s_copysign.c.obj

Run/Load            
Value     Binding   Name (Section)
--------  --------  ---------------
003ed7e1  local     $C$L1 (.text)
00000000  local     .bss (.bss)
00000000  local     .data (.data)
003ed7c0  local     .text (.text)
003ed7c0  global    _copysignl (.text)


================================================================================

rts2800_ml.lib : k_cosf.c.obj

Run/Load            
Value     Binding   Name (Section)
--------  --------  ---------------
003f043e  local     $C$FL1 (.econst)
003f0442  local     $C$FL2 (.econst)
003f0446  local     $C$FL3 (.econst)
003f044a  local     $C$FL4 (.econst)
003f044e  local     $C$FL5 (.econst)
00000000  local     .bss (.bss)
00000000  local     .data (.data)
003f042a  local     .econst (.econst)
003ec219  local     .text (.text)
003f042e  local     _C0 (.econst)
003f0432  local     _C1 (.econst)
003f0436  local     _C2 (.econst)
003f043a  local     _C3 (.econst)
003ec219  global    ___kernel_cosdf (.text)
003f042a  local     _one (.econst)


================================================================================

rts2800_ml.lib : k_sinf.c.obj

Run/Load            
Value     Binding   Name (Section)
--------  --------  ---------------
003f0482  local     $C$FL1 (.econst)
003f0486  local     $C$FL2 (.econst)
003f048a  local     $C$FL3 (.econst)
003f048e  local     $C$FL4 (.econst)
00000000  local     .bss (.bss)
00000000  local     .data (.data)
003f0472  local     .econst (.econst)
003ebfe5  local     .text (.text)
003f0472  local     _S1 (.econst)
003f0476  local     _S2 (.econst)
003f047a  local     _S3 (.econst)
003f047e  local     _S4 (.econst)
003ebfe5  global    ___kernel_sindf (.text)


================================================================================

rts2800_ml.lib : fd_cmp28.asm.obj

Run/Load            
Value     Binding   Name (Section)
--------  --------  ---------------
00000000  local     .bss (.bss)
00000000  local     .data (.data)
003ed3af  local     .text (.text)
003ed3bf  local     CHECK_INF (.text)
003ed3af  global    FD$$CMP (.text)
003ed3d6  local     NO_NEG (.text)
003ed3d7  local     OP_EQUAL (.text)
003ed3cf  local     RETURN (.text)


================================================================================

rts2800_ml.lib : fd_tol28.asm.obj

Run/Load            
Value     Binding   Name (Section)
--------  --------  ---------------
00000000  local     .bss (.bss)
00000000  local     .data (.data)
003ed946  local     .text (.text)
003ed946  global    FD$$TOL (.text)
003ed95f  local     OVERFLOW (.text)
003ed95e  local     RETURN_VALUE (.text)
003ed963  local     UNDERFLOW (.text)


================================================================================

rts2800_ml.lib : ll_aox28.asm.obj

Run/Load            
Value     Binding   Name (Section)
--------  --------  ---------------
00000000  local     .bss (.bss)
00000000  local     .data (.data)
003edc6d  local     .text (.text)
003edc6d  global    LL$$AND (.text)
003edc75  global    LL$$OR (.text)
003edc7d  global    LL$$XOR (.text)


================================================================================

rts2800_ml.lib : i_div28.asm.obj

Run/Load            
Value     Binding   Name (Section)
--------  --------  ---------------
00000000  local     .bss (.bss)
00000000  local     .data (.data)
003ed7e3  local     .text (.text)
003ed7e3  global    I$$DIV (.text)
003ed7f4  global    I$$MOD (.text)
003ed7f3  local     RET1 (.text)
003ed803  local     RET2 (.text)


================================================================================

rts2800_ml.lib : l_tofd28.asm.obj

Run/Load            
Value     Binding   Name (Section)
--------  --------  ---------------
003edaad  local     $10 (.text)
00000000  local     .bss (.bss)
00000000  local     .data (.data)
003eda9f  local     .text (.text)
003eda9f  global    L$$TOFD (.text)
003edab9  local     OP_ZERO (.text)
003edab8  local     RETURN (.text)
003edab6  local     RETURN_VALUE (.text)


================================================================================

rts2800_ml.lib : fd_tofs28.asm.obj

Run/Load            
Value     Binding   Name (Section)
--------  --------  ---------------
00000000  local     .bss (.bss)
00000000  local     .data (.data)
003ed847  local     .text (.text)
003ed854  local     EXP_EVAL (.text)
003ed847  global    FD$$TOFS (.text)
003ed860  local     OVERFLOW (.text)
003ed85f  local     RETURN_VALUE (.text)
003ed866  local     UNDERFLOW (.text)


================================================================================

rts2800_ml.lib : errno.c.obj

Run/Load            
Value     Binding   Name (Section)
--------  --------  ---------------
00000000  local     .bss (.bss)
003f0d90  local     .cinit (.cinit)
00000000  local     .data (.data)
0000c120  local     .ebss (.ebss)
00000000  local     .text (.text)
0000c120  global    _errno (.ebss)


================================================================================

