******************************************************************************
             TMS320C2000 Linker PC v22.6.0                     
******************************************************************************
>> Linked Wed Oct 12 12:04:18 2022

OUTPUT FILE NAME:   <../../../04_Output_Files/Motor28062/TEST_CSMON_C28xx.out>
ENTRY POINT SYMBOL: "_c_int00"  address: 003ecbe8


MEMORY CONFIGURATION

         name            origin    length      used     unused   attr    fill
----------------------  --------  ---------  --------  --------  ----  --------
PAGE 0:
  RAML0                 00008000   00000800  00000029  000007d7  RWIX
  RAML1                 00008800   00000400  00000000  00000400  RWIX
  OTP                   003d7800   00000400  00000000  00000400  RWIX
  FLASH_APP             003e8000   0000dff0  00008988  00005668  RWIX
  CSM_RSVD              003f7f80   00000076  00000076  00000000  RWIX
  BEGIN                 003f7ff6   00000002  00000002  00000000  RWIX
  CSM_PWL_P0            003f7ff8   00000008  00000008  00000000  RWIX
  FPUTABLES             003fd590   000006a0  00000000  000006a0  RWIX
  IQTABLES              003fdf00   00000b50  00000000  00000b50  RWIX
  IQTABLES2             003fea50   0000008c  00000000  0000008c  RWIX
  IQTABLES3             003feadc   000000aa  00000000  000000aa  RWIX
  ROM                   003ff3b0   00000c10  00000000  00000c10  RWIX
  RESET                 003fffc0   00000002  00000000  00000002  RWIX
  VECTORS               003fffc2   0000003e  00000000  0000003e  RWIX

PAGE 1:
  BOOT_RSVD             00000000   00000050  00000000  00000050  RWIX
  RAMM0                 00000050   000003b0  00000380  00000030  RWIX
  RAMM1                 00000400   00000400  00000000  00000400  RWIX
  DEV_EMU               00000880   00000105  00000004  00000101  RWIX
  SYS_PWR_CTL           00000985   00000003  00000003  00000000  RWIX
  FLASH_REGS            00000a80   00000060  00000008  00000058  RWIX
  CSM                   00000ae0   00000020  00000010  00000010  RWIX
  ADC_RESULT            00000b00   00000020  00000010  00000010  RWIX
  CPU_TIMER0            00000c00   00000008  00000008  00000000  RWIX
  CPU_TIMER1            00000c08   00000008  00000008  00000000  RWIX
  CPU_TIMER2            00000c10   00000008  00000008  00000000  RWIX
  PIE_CTRL              00000ce0   00000020  0000001a  00000006  RWIX
  PIE_VECT              00000d00   00000100  00000100  00000000  RWIX
  DMA                   00001000   00000200  000000e0  00000120  RWIX
  CLA1                  00001400   00000080  00000040  00000040  RWIX
  USB0                  00004000   00001000  00000454  00000bac  RWIX
  McBSPA                00005000   00000040  00000024  0000001c  RWIX
  ECANA                 00006000   00000040  00000034  0000000c  RWIX
  ECANA_LAM             00006040   00000040  00000040  00000000  RWIX
  ECANA_MOTS            00006080   00000040  00000040  00000000  RWIX
  ECANA_MOTO            000060c0   00000040  00000040  00000000  RWIX
  ECANA_MBOX            00006100   00000100  00000100  00000000  RWIX
  COMP1                 00006400   00000020  00000014  0000000c  RWIX
  COMP2                 00006420   00000020  00000014  0000000c  RWIX
  COMP3                 00006440   00000020  00000014  0000000c  RWIX
  EPWM1                 00006800   00000040  00000040  00000000  RWIX
  EPWM2                 00006840   00000040  00000040  00000000  RWIX
  EPWM3                 00006880   00000040  00000040  00000000  RWIX
  EPWM4                 000068c0   00000040  00000040  00000000  RWIX
  EPWM5                 00006900   00000040  00000040  00000000  RWIX
  EPWM6                 00006940   00000040  00000040  00000000  RWIX
  EPWM7                 00006980   00000040  00000040  00000000  RWIX
  EPWM8                 000069c0   00000040  00000040  00000000  RWIX
  ECAP1                 00006a00   00000020  00000020  00000000  RWIX
  ECAP2                 00006a20   00000020  00000020  00000000  RWIX
  ECAP3                 00006a40   00000020  00000020  00000000  RWIX
  HRCAP1                00006ac0   00000020  00000020  00000000  RWIX
  HRCAP2                00006ae0   00000020  00000020  00000000  RWIX
  EQEP1                 00006b00   00000040  00000022  0000001e  RWIX
  EQEP2                 00006b40   00000040  00000022  0000001e  RWIX
  HRCAP3                00006c80   00000020  00000020  00000000  RWIX
  HRCAP4                00006ca0   00000020  00000020  00000000  RWIX
  GPIOCTRL              00006f80   00000040  00000040  00000000  RWIX
  GPIODAT               00006fc0   00000020  00000020  00000000  RWIX
  GPIOINT               00006fe0   00000020  00000020  00000000  RWIX
  SYSTEM                00007010   00000030  00000030  00000000  RWIX
  SPIA                  00007040   00000010  00000010  00000000  RWIX
  SCIA                  00007050   00000010  00000010  00000000  RWIX
  NMIINTRUPT            00007060   00000010  00000010  00000000  RWIX
  XINTRUPT              00007070   00000010  00000010  00000000  RWIX
  ADC                   00007100   00000080  00000050  00000030  RWIX
  SPIB                  00007740   00000010  00000010  00000000  RWIX
  SCIB                  00007750   00000010  00000010  00000000  RWIX
  I2CA                  00007900   00000040  00000022  0000001e  RWIX
  RAML2                 00008c00   00000400  00000400  00000000  RWIX
  RAML34                00009000   00003000  00003000  00000000  RWIX
  RAML5                 0000c000   00002000  00000b86  0000147a  RWIX
  RAML6                 0000e000   00002000  00000000  00002000  RWIX
  RAML7                 00010000   00002000  00000000  00002000  RWIX
  RAML8                 00012000   00002000  00000000  00002000  RWIX
  USB_RAM               00040000   00000800  00000000  00000800  RWIX
  PARTID                003d7e80   00000001  00000001  00000000  RWIX
  CSM_PWL               003f7ff8   00000008  00000008  00000000  RWIX


SECTION ALLOCATION MAP

 output                                  attributes/
section   page    origin      length       input sections
--------  ----  ----------  ----------   ----------------
.cinit     0    003f0123    00000846     
                  003f0123    000001e9     CSMON_C28xx.lib : hmmodbus.obj (.cinit)
                  003f030c    00000173     main.obj (.cinit)
                  003f047f    000000b6     CSMON_C28xx.lib : csmon.obj (.cinit)
                  003f0535    0000008c                     : modbusreg.obj (.cinit)
                  003f05c1    0000003f                     : csmon.obj (.cinit:_CSMON_au8FileRecorderDataElementsSizeTable)
                  003f0600    00000033                     : hmrecparam.obj (.cinit:_sRecStatusParam)
                  003f0633    00000030                     : csmon.obj (.cinit:_CSMON_au8FileRecorderConfigElementsSizeTable)
                  003f0663    0000002b                     : csmon.obj (.cinit:_CSMON_au8FileScopeConfigurationElementsSizeTable)
                  003f068e    0000001f                     : hmrecparam.obj (.cinit:_sRecStatusParamInternal)
                  003f06ad    00000016     main.obj (.cinit:_sExternalRecoderHandle)
                  003f06c3    00000015     CSMON_C28xx.lib : csmon.obj (.cinit:_CSMON_sFileAutorization)
                  003f06d8    00000014                     : hmdrv.obj (.cinit)
                  003f06ec    00000014                     : hmprotocol.obj (.cinit)
                  003f0700    00000013                     : modbusreg.obj (.cinit:_MODBUSREG_au8DeviceIDUserApplicationName)
                  003f0713    00000013                     : modbusreg.obj (.cinit:_MODBUSREG_au8DeviceIDVendorUrl)
                  003f0726    00000013                     : modbusreg.obj (.cinit:_MODBUSREG_au8ServerIDData)
                  003f0739    00000010     rtc_drv.obj (.cinit)
                  003f0749    0000000f     CSMON_C28xx.lib : csmon.obj (.cinit:_CSMON_sDateTime)
                  003f0758    0000000f                     : csmon.obj (.cinit:_CSMON_sDateTimeApplication)
                  003f0767    0000000f                     : csmon.obj (.cinit:_CSMON_sDateTimeDefault)
                  003f0776    0000000f                     : modbusreg.obj (.cinit:_MODBUSREG_au8DeviceIDModelName)
                  003f0785    0000000f     device.obj (.cinit)
                  003f0794    0000000e     rts2800_ml.lib : exit.c.obj (.cinit)
                  003f07a2    0000000d     CSMON_C28xx.lib : csmon.obj (.cinit:_CSMON_au8FileParameterCountElementsSizeTable)
                  003f07af    0000000d                     : csmon.obj (.cinit:_CSMON_au8FileRTCElementsSizeTable)
                  003f07bc    0000000d                     : csmon.obj (.cinit:_sHashKey)
                  003f07c9    0000000d     tmr_drv.obj (.cinit)
                  003f07d6    0000000c     CSMON_C28xx.lib : csmon.obj (.cinit:_CSMON_au8FileParameterNumericElementsSizeTable)
                  003f07e2    0000000c                     : modbusreg.obj (.cinit:_MODBUSREG_au8DeviceIDProductName)
                  003f07ee    0000000c                     : modbusreg.obj (.cinit:_MODBUSREG_au8DeviceIDUserReserve0)
                  003f07fa    0000000c                     : modbusreg.obj (.cinit:_MODBUSREG_au8DeviceIDUserReserve1)
                  003f0806    0000000c                     : modbusreg.obj (.cinit:_MODBUSREG_au8DeviceIDUserReserve2)
                  003f0812    0000000c                     : modbusreg.obj (.cinit:_MODBUSREG_au8DeviceIDVendorName)
                  003f081e    0000000b                     : hmrecparam.obj (.cinit:_HMRECPRM_sDateTime)
                  003f0829    0000000b     main.obj (.cinit:_MAIN_sDateTimeGet)
                  003f0834    0000000b     main.obj (.cinit:_MAIN_sDateTimeSet)
                  003f083f    0000000b     uart_driver.obj (.cinit:_UART_DRV_RXIntOverflowCounter)
                  003f084a    0000000b     uart_driver.obj (.cinit:_UART_DRV_u32TimeDiffLast)
                  003f0855    0000000b     uart_driver.obj (.cinit:_UART_DRV_u32TimeDiffNow)
                  003f0860    0000000b     CSMON_C28xx.lib : uart_drv.obj (.cinit:_UART_RXIntOverflowCounter)
                  003f086b    0000000b     tmr_drv.obj (.cinit:_pfDelayedFunction)
                  003f0876    0000000b     tmr_drv.obj (.cinit:_pfDelayedFunction_u8)
                  003f0881    0000000b     CSMON_C28xx.lib : uart_drv.obj (.cinit:_u32TimeDiffLast)
                  003f088c    0000000b                     : uart_drv.obj (.cinit:_u32TimeDiffNow)
                  003f0897    0000000b                     : uart_drv.obj (.cinit:_u32TimeDiffRead)
                  003f08a2    00000009                     : hmserial.obj (.cinit)
                  003f08ab    00000009                     : csmon.obj (.cinit:_CSMON_au32FileAutorization_FunctionAfterWriteFileRecord)
                  003f08b4    00000009                     : csmon.obj (.cinit:_CSMON_sFileParameterCount)
                  003f08bd    00000009                     : hmscopeparam.obj (.cinit:_pBufferScope)
                  003f08c6    00000008                     : hmlib.obj (.cinit)
                  003f08ce    00000007                     : csmon.obj (.cinit:_CSMON_au8FileParameterListElementsSizeTablePart1)
                  003f08d5    00000007                     : csmon.obj (.cinit:_CSMON_au8FileRecorderStatusElementsSizeTable)
                  003f08dc    00000007                     : modbusreg.obj (.cinit:_MODBUSREG_au8DeviceIDMajorMinorRevision)
                  003f08e3    00000007                     : modbusreg.obj (.cinit:_MODBUSREG_au8DeviceIDProductCode)
                  003f08ea    00000007                     : uart_drv.obj (.cinit:_UARTRxBufferRDCount)
                  003f08f1    00000007                     : uart_drv.obj (.cinit:_UARTRxBufferRDIndex)
                  003f08f8    00000007                     : uart_drv.obj (.cinit:_UARTRxBufferWRCount)
                  003f08ff    00000007                     : uart_drv.obj (.cinit:_UARTRxBufferWRIndex)
                  003f0906    00000007     uart_driver.obj (.cinit:_UART_DRV_RxBufferRDCount)
                  003f090d    00000007     uart_driver.obj (.cinit:_UART_DRV_RxBufferWRCount)
                  003f0914    00000007     uart_driver.obj (.cinit:_UART_DRV_RxBufferWRIndex)
                  003f091b    00000006     CSMON_C28xx.lib : csmon.obj (.cinit:_CSMON_abFileAutorization_RecordReadOnly)
                  003f0921    00000006                     : csmon.obj (.cinit:_CSMON_abFileAutorization_RecordStringData)
                  003f0927    00000006                     : csmon.obj (.cinit:_CSMON_au16FileAutorization_RecordOffsets)
                  003f092d    00000006                     : csmon.obj (.cinit:_CSMON_au8FileRecorderDataElementsSizeTableUsedLength)
                  003f0933    00000006                     : csmon.obj (.cinit:_CSMON_sFileProtocolVersion)
                  003f0939    00000005     rts2800_ml.lib : _lock.c.obj (.cinit:__lock)
                  003f093e    00000005                    : _lock.c.obj (.cinit:__unlock)
                  003f0943    00000004     CSMON_C28xx.lib : hmscopeparam.obj (.cinit)
                  003f0947    00000004                     : uart_drv.obj (.cinit)
                  003f094b    00000004                     : csmon.obj (.cinit:_CSMON_au8FileParameterListElementsSizeTablePart2)
                  003f094f    00000004                     : csmon.obj (.cinit:_CSMON_au8FileParameterListElementsSizeTablePart3)
                  003f0953    00000004                     : csmon.obj (.cinit:_CSMON_au8FileScopeStatusElementsSizeTable)
                  003f0957    00000004                     : csmon.obj (.cinit:_CSMON_sFileParameterAccessList)
                  003f095b    00000004                     : hmmodbus.obj (.cinit:_HMMODBUS_u32RegisterAddressDummyuSize)
                  003f095f    00000004                     : modbusreg.obj (.cinit:_MODBUSREG_asFileTable)
                  003f0963    00000004     rts2800_ml.lib : errno.c.obj (.cinit)
                  003f0967    00000002     --HOLE-- [fill = 0]

.pinit     0    003e8000    00000000     UNINITIALIZED

.text      0    003e8000    000066e0     
                  003e8000    00001328     CSMON_C28xx.lib : hmmodbus.obj (.text:_HMMODBUS_bDecoder)
                  003e9328    000008fa                     : modbusreg.obj (.text:_MODBUSREG_AddressTablesInit)
                  003e9c22    00000698     rts2800_ml.lib : k_rem_pio2.c.obj (.text)
                  003ea2ba    00000358     CSMON_C28xx.lib : csmon.obj (.text:_CSMON_eSetParameter)
                  003ea612    000001ac     main.obj (.text:_main)
                  003ea7be    00000178     CSMON_C28xx.lib : csmon.obj (.text:_CSMON_eSetUpRecParam)
                  003ea936    00000165                     : csmon.obj (.text:_CSMON_eProcess)
                  003eaa9b    00000146                     : hmmodbus.obj (.text:_HMMODBUS_Rx)
                  003eabe1    0000011b                     : hmmodbus.obj (.text:_HMMODBUS_vSetFreeRunTimerPrescaller)
                  003eacfc    00000114     rts2800_ml.lib : s_sinf.c.obj (.text)
                  003eae10    00000107                    : ll_div28.asm.obj (.text)
                  003eaf17    000000f8     CSMON_C28xx.lib : hmprotocol.obj (.text:_HMPROTOCOL_bDecoder)
                  003eb00f    000000f5                     : hmdrv.obj (.text:_HMDRV_vInit)
                  003eb104    000000f1                     : csmon.obj (.text:_CSMON_vFileRecoderStatusFix)
                  003eb1f5    000000e8                     : hmrecparam.obj (.text:_HMRECPRM_vProcess)
                  003eb2dd    000000e8     rts2800_ml.lib : s_floor.c.obj (.text)
                  003eb3c5    000000e5     CSMON_C28xx.lib : csmon.obj (.text:_CSMON_eInit)
                  003eb4aa    000000e4     main.obj (.text:_ControlProcess)
                  003eb58e    000000c1     main.obj (.text:_RecordersInitialization)
                  003eb64f    000000c0     CSMON_C28xx.lib : csmon.obj (.text:_CSMON_vSetupHoldingRegistersAndCoilsAddressTableFromCSMONParameterList)
                  003eb70f    000000bc                     : hmrecparam.obj (.text:_HMRECPRM_SetUpRec)
                  003eb7cb    000000b8                     : hmrec.obj (.text:_HMREC_SetUpRec)
                  003eb883    000000aa                     : hmdrv.obj (.text:_HMDRV_CopyFromBufferInternalModbusBitField)
                  003eb92d    000000aa     rts2800_ml.lib : s_scalbn.c.obj (.text)
                  003eb9d7    000000a7                    : e_rem_pio2f.c.obj (.text)
                  003eba7e    000000a6     main.obj (.text:_ParameterInitialization)
                  003ebb24    000000a3     tmr_drv.obj (.text:_TMR2_ISR)
                  003ebbc7    0000009c     rts2800_ml.lib : fd_add28.asm.obj (.text)
                  003ebc63    0000009b     CSMON_C28xx.lib : hmmodbus.obj (.text:_HMMODBUS_GetRealRegisterAddressAndSize)
                  003ebcfe    00000092                     : hmdrv.obj (.text:_HMDRV_CopyMemory)
                  003ebd90    00000092                     : hmdrv.obj (.text:_HMDRV_CopyToBufferInternalModbus)
                  003ebe22    00000092     rts2800_ml.lib : k_sinf.c.obj (.text)
                  003ebeb4    00000090     CSMON_C28xx.lib : csmon.obj (.text:_CSMON_vSetDateTimeAutorization)
                  003ebf44    0000008d                     : csmon.obj (.text:_CSMON_vInitRecorders)
                  003ebfd1    0000008b     rts2800_ml.lib : fd_div28.asm.obj (.text)
                  003ec05c    00000087     CSMON_C28xx.lib : hmrecparam.obj (.text:_HMRECPRM_SetUpRecParamStatusDateTime)
                  003ec0e3    00000087     rts2800_ml.lib : k_cosf.c.obj (.text)
                  003ec16a    00000083     CSMON_C28xx.lib : hmdrv.obj (.text:_HMDRV_CopyFromBufferInternalModbus)
                  003ec1ed    00000083     rts2800_ml.lib : fd_mpy28.asm.obj (.text)
                  003ec270    00000083                    : fs_div28.asm.obj (.text)
                  003ec2f3    00000080     CSMON_C28xx.lib : csmon.obj (.text:_CSMON_vPrepareFileParameterAccessList)
                  003ec373    0000007f                     : hmserial.obj (.text:_HMSERIAL_vProcessSCI)
                  003ec3f2    0000007e                     : hmrecparam.obj (.text:_HMRECPRM_vTimeSync)
                  003ec470    00000078     rts2800_ml.lib : fs_add28.asm.obj (.text)
                  003ec4e8    00000076     main.obj (.text:_ScopesInitialization)
                  003ec55e    0000006a     CSMON_C28xx.lib : hmprotocol.obj (.text:_HMPROTOCOL_GetBoardInfo)
                  003ec5c8    0000006a                     : hmserial.obj (.text:_HMSERIAL_Rx)
                  003ec632    00000067                     : hmmodbus.obj (.text:_HMMODBUS_CopyFromBuffer)
                  003ec699    00000066                     : hmmodbus.obj (.text:_HMMODBUS_vProcessSCI)
                  003ec6ff    00000064                     : hmrec.obj (.text:_HMREC_vProcess)
                  003ec763    00000064                     : modbusreg.obj (.text:_MODBUSREG_vInit)
                  003ec7c7    0000005f     F2806x_SysCtrl.obj (.text:_InitPeripheralClocks)
                  003ec826    0000005d     CSMON_C28xx.lib : uart_drv.obj (.text:_UART_RXInterrupt)
                  003ec883    0000005a     gpio.obj (.text:_GPIO_setPinConfigOutput)
                  003ec8dd    0000005a     rts2800_ml.lib : fs_mpy28.asm.obj (.text)
                  003ec937    00000059     CSMON_C28xx.lib : csmon.obj (.text:_CSMON_vUpdateDateTimeFromApplication)
                  003ec990    00000059                     : hmmodbus.obj (.text:_vSetElementsSize)
                  003ec9e9    00000057                     : csmon.obj (.text:_CSMON_bCheckValidDateTime)
                  003eca40    00000057     uart_driver.obj (.text:_UART_DRV_RXInterrupt)
                  003eca97    00000055     CSMON_C28xx.lib : modbusreg.obj (.text:_MODBUSREG_FileRecorderExternalUpdateInit)
                  003ecaec    00000054                     : csmon.obj (.text:_CSMON_u32GetParameterNumbCheckSum)
                  003ecb40    00000054                     : csmon.obj (.text:_CSMON_u32GetParameterShortNameCheckSum)
                  003ecb94    00000054                     : hmlib.obj (.text:_HMLIB_vInit)
                  003ecbe8    00000054     rts2800_ml.lib : boot28.asm.obj (.text)
                  003ecc3c    00000051     F2806x_SysCtrl.obj (.text:_InitPll)
                  003ecc8d    00000050     CSMON_C28xx.lib : csmon.obj (.text:_CSMON_eSetExternalRecorderUsage)
                  003eccdd    0000004f     device.obj (.text:_Device_CsmUnlock)
                  003ecd2c    0000004e     CSMON_C28xx.lib : hmrecparam.obj (.text:_HMRECPRM_StartRecParam)
                  003ecd7a    0000004c                     : hmmodbus.obj (.text:_HMMODBUS_GetRegisterFunction)
                  003ecdc6    00000048                     : csmon.obj (.text:_CSMON_eSetRecorderTriggerAtPosition)
                  003ece0e    00000047                     : hmmodbus.obj (.text:_HMMODBUS_CopyToBuffer)
                  003ece55    00000047                     : hmscopeparam.obj (.text:_HMSCOPEPRM_SetUpScope)
                  003ece9c    00000045     main.obj (.text:_ExternalParametersInitialization)
                  003ecee1    00000043     CSMON_C28xx.lib : hmscopeparam.obj (.text:_HMSCOPEPRM_ReadScope)
                  003ecf24    00000042                     : hmmodbus.obj (.text:_HMMODBUS_vSendResponse)
                  003ecf66    00000042     interrupt.obj (.text:_Interrupt_enable)
                  003ecfa8    0000003f     CSMON_C28xx.lib : hmdrv.obj (.text:_HMDRV_CopyFromBufferInternal)
                  003ecfe7    0000003d                     : hmmodbus.obj (.text:_vSetStartSampleIndex)
                  003ed024    0000003c     tmr_drv.obj (.text:_configCPUTimer)
                  003ed060    0000003b     CSMON_C28xx.lib : hmscope.obj (.text:_HMSCOPE_SetUpScope)
                  003ed09b    00000039                     : csmon.obj (.text:_CSMON_eSetRecorderConfigurationSkipSamples)
                  003ed0d4    00000038     device.obj (.text:_Device_init)
                  003ed10c    00000038     CSMON_C28xx.lib : uart_drv.obj (.text:_UART_ReadDataRx)
                  003ed144    00000037                     : csmon.obj (.text:_CSMON_u32GetRealAddressAndSizeOffsetFromParameter)
                  003ed17b    00000036                     : csmon.obj (.text:_CSMON_vRecorderParamStartStopProcess)
                  003ed1b1    00000036                     : hmscope.obj (.text:_HMSCOPE_ReadScope)
                  003ed1e7    00000036                     : hmserial.obj (.text:_HMSERIAL_vSendResponse)
                  003ed21d    00000035                     : hmdrv.obj (.text:_HMDRV_CopyToBufferInternal)
                  003ed252    00000033                     : hmmodbus.obj (.text:_HMMODBUS_Listen)
                  003ed285    00000032                     : csmon.obj (.text:_CSMON_eSetParameterInRecorderAtPosition)
                  003ed2b7    00000032                     : csmon.obj (.text:_CSMON_eSetParameterInScopeAtPosition)
                  003ed2e9    0000002e                     : hmserial.obj (.text:_HMSERIAL_vProcessSCIFreemasterOnly)
                  003ed317    0000002d                     : hmserial.obj (.text:_HMSERIAL_Listen)
                  003ed344    0000002d                     : hmrecparam.obj (.text:_RecorderTimeFromLocalDateTime)
                  003ed371    0000002b                     : csmon.obj (.text:_CSMON_vSetupHoldingRegistersAndCoilsAddressTableAccessAll)
                  003ed39c    0000002b                     : hmrecparam.obj (.text:_FillTimeData)
                  003ed3c7    0000002a     rts2800_ml.lib : fd_cmp28.asm.obj (.text)
                  003ed3f1    00000029                    : exit.c.obj (.text)
                  003ed41a    00000029                    : fs_tol28.asm.obj (.text)
                  003ed443    00000028     CSMON_C28xx.lib : csmon.obj (.text:_CSMON_bAutorizationPasswordCheck)
                  003ed46b    00000027                     : csmon.obj (.text:_CSMON_u32GetParameterCheckSum)
                  003ed492    00000027                     : hmserial.obj (.text:_HMSERIAL_vProcessSCITXISR)
                  003ed4b9    00000026                     : hmdrv.obj (.text:_HMDRV_CopyFromBufferInternalWithMaskModbus)
                  003ed4df    00000025                     : hmserial.obj (.text:_HMSERIAL_Tx)
                  003ed504    00000025     rts2800_ml.lib : fs_toi28.asm.obj (.text)
                  003ed529    00000024     CSMON_C28xx.lib : csmon.obj (.text:_CSMON_vAutorizationReset)
                  003ed54d    00000024                     : hmprotocol.obj (.text:_HMPROTOCOL_ReadMem)
                  003ed571    00000024                     : modbusreg.obj (.text:_MODBUSREG_vInitHoldingRegistersTableChangesExternalList)
                  003ed595    00000024                     : hmrecparam.obj (.text:_RecorderDateFromLocalDateTime)
                  003ed5b9    00000024     sci_driver.obj (.text:_SCIA_DRV_RXFIFOISR)
                  003ed5dd    00000024     sci_driver.obj (.text:_SCIA_DRV_TXFIFOISR)
                  003ed601    00000024     sci_drv.obj (.text:_SCIA_RXFIFOISR)
                  003ed625    00000024     sci_drv.obj (.text:_SCIA_TXFIFOISR)
                  003ed649    00000024     sci_driver.obj (.text:_SCIB_DRV_RXFIFOISR)
                  003ed66d    00000024     sci_driver.obj (.text:_SCIB_DRV_TXFIFOISR)
                  003ed691    00000024     sci_drv.obj (.text:_SCIB_RXFIFOISR)
                  003ed6b5    00000024     sci_drv.obj (.text:_SCIB_TXFIFOISR)
                  003ed6d9    00000024     tmr_drv.obj (.text:_TMR_vInit)
                  003ed6fd    00000024     CSMON_C28xx.lib : hmmodbus.obj (.text:_vSetSampleCountAvailable)
                  003ed721    00000024     rts2800_ml.lib : cpy_tbl.c.obj (.text)
                  003ed745    00000023     CSMON_C28xx.lib : csmon.obj (.text:_CSMON_vRecorderParamSetupProcess)
                  003ed768    00000023                     : csmon.obj (.text:_CSMON_vSaveRecorderConfig)
                  003ed78b    00000023                     : modbusreg.obj (.text:_MODBUSREG_FileRecorderElementSizeTableUsedSizeUpdateInit)
                  003ed7ae    00000023     rts2800_ml.lib : s_copysign.c.obj (.text)
                  003ed7d1    00000022                    : i_div28.asm.obj (.text)
                  003ed7f3    00000021     CSMON_C28xx.lib : hmdrv.obj (.text:_HMDRV_CopyFromBufferInternalWithMask)
                  003ed814    00000021     sci.obj (.text:_SCI_setConfig)
                  003ed835    00000021     rts2800_ml.lib : fd_tofs28.asm.obj (.text)
                  003ed856    00000021                    : fs_toul28.asm.obj (.text)
                  003ed877    00000020     CSMON_C28xx.lib : hmdrv.obj (.text:_HMDRV_vProcess)
                  003ed897    00000020     tmr_drv.obj (.text:_TMR_vInitCPUTimers)
                  003ed8b7    00000020     CSMON_C28xx.lib : hmmodbus.obj (.text:_vSetSampleCountBuffer)
                  003ed8d7    0000001f                     : csmon.obj (.text:_CSMON_u16FindIndexParameterTable)
                  003ed8f6    0000001f                     : hmmodbus.obj (.text:_HMMODBUS_vInit)
                  003ed915    0000001f     F2806x_PieCtrl.obj (.text:_InitPieCtrl)
                  003ed934    0000001f     CSMON_C28xx.lib : hmmodbus.obj (.text:_vSetSampleSize)
                  003ed953    0000001f     rts2800_ml.lib : fd_tol28.asm.obj (.text)
                  003ed972    0000001d     CSMON_C28xx.lib : hmrecparam.obj (.text:_HMRECPRM_GetRecBuffFreemaster)
                  003ed98f    0000001d                     : hmrec.obj (.text:_HMREC_GetRecBuffFreemaster)
                  003ed9ac    0000001d     rts2800_ml.lib : fs_tou28.asm.obj (.text)
                  003ed9c9    0000001d                    : memcpy.c.obj (.text)
                  003ed9e6    0000001c     main.obj (.text:_CSMON_vGetDateTime)
                  003eda02    0000001c     CSMON_C28xx.lib : csmon.obj (.text:_HMRECPRM_vGetDateTime)
                  003eda1e    0000001c     sci.obj (.text:_SCI_clearInterruptStatus)
                  003eda3a    0000001c     CSMON_C28xx.lib : hmmodbus.obj (.text:_vSetIndexFileTable)
                  003eda56    0000001c     rts2800_ml.lib : fs_tofd28.asm.obj (.text)
                  003eda72    0000001c                    : l_tofd28.asm.obj (.text)
                  003eda8e    0000001b     device.obj (.text:_Device_initGPIO)
                  003edaa9    0000001b     CSMON_C28xx.lib : hmdrv.obj (.text:_HMDRV_AddressToBuffer)
                  003edac4    0000001b     rts2800_ml.lib : fd_toul28.asm.obj (.text)
                  003edadf    0000001a     CSMON_C28xx.lib : csmon.obj (.text:_CSMON_eSetParameterListRealAddress)
                  003edaf9    0000001a                     : hmmodbus.obj (.text:_HMMODBUS_vProcessSCITXISR)
                  003edb13    0000001a                     : hmrecparam.obj (.text:_HMRECPRM_StartRec)
                  003edb2d    0000001a                     : hmserial.obj (.text:_HMSERIAL_vProcessSCITXISRFreemasterOnly)
                  003edb47    0000001a     sci.obj (.text:_SCI_disableInterrupt)
                  003edb61    0000001a     sci.obj (.text:_SCI_enableInterrupt)
                  003edb7b    0000001a     rts2800_ml.lib : l_tofs28.asm.obj (.text)
                  003edb95    00000019     CSMON_C28xx.lib : csmon.obj (.text:_CSMON_eSetParameterCountInRecorder)
                  003edbae    00000019                     : hmdrv.obj (.text:_HMDRV_AddressFromBuffer)
                  003edbc7    00000019                     : uart_drv.obj (.text:_UART_vInit)
                  003edbe0    00000019                     : hmmodbus.obj (.text:_bGetFileReadAccess)
                  003edbf9    00000019     rts2800_ml.lib : prolog28.asm.obj (.text)
                  003edc12    00000018     CSMON_C28xx.lib : csmon.obj (.text:_CSMON_u32GetFreeRunningTimerMicroseconds)
                  003edc2a    00000018                     : hmlib.obj (.text:_HMLIB_vProcessSCITXISRWithIndex)
                  003edc42    00000018     F2806x_SysCtrl.obj (.text:_InitSysCtrl)
                  003edc5a    00000018     rts2800_ml.lib : ll_aox28.asm.obj (.text)
                  003edc72    00000017     CSMON_C28xx.lib : csmon.obj (.text:_CSMON_vFileParameterCountCheckSumUpdate)
                  003edc89    00000017                     : hmmodbus.obj (.text:_HMMODBUS_Tx)
                  003edca0    00000017                     : hmmodbus.obj (.text:_HMMODBUS_vProcessTxDelay)
                  003edcb7    00000017                     : hmprotocol.obj (.text:_HMPROTOCOL_WriteMem)
                  003edcce    00000017                     : hmprotocol.obj (.text:_HMPROTOCOL_WriteMemMask)
                  003edce5    00000017                     : hmmodbus.obj (.text:_vSetBufferAddressStart)
                  003edcfc    00000017     rts2800_ml.lib : fs_cmp28.asm.obj (.text)
                  003edd13    00000017                    : u_tofd28.asm.obj (.text)
                  003edd2a    00000016     CSMON_C28xx.lib : csmon.obj (.text:_CSMON_eSetParameterCountInScope)
                  003edd40    00000016                     : hmdrv.obj (.text:_HMDRV_AddressFromBufferBigEndian)
                  003edd56    00000015                     : hmrecparam.obj (.text:_HMRECPRM_Comparefloat)
                  003edd6b    00000015                     : hmrec.obj (.text:_HMREC_Comparefloat)
                  003edd80    00000015                     : hmrec.obj (.text:_HMREC_StartRec)
                  003edd95    00000015     F2806x_Gpio.obj (.text:_InitGpio)
                  003eddaa    00000014     CSMON_C28xx.lib : hmlib.obj (.text:_HMLIB_vProcessFastTD)
                  003eddbe    00000014                     : hmmodbus.obj (.text:_HMMODBUS_DelayedTx)
                  003eddd2    00000014                     : hmrecparam.obj (.text:_HMRECPRM_StopRecParam)
                  003edde6    00000014                     : hmserial.obj (.text:_HMSERIAL_DelayedTx)
                  003eddfa    00000013                     : csmon.obj (.text:_CSMON_eSetFlagProcessPassed)
                  003ede0d    00000013     rts2800_ml.lib : ul_tofs28.asm.obj (.text)
                  003ede20    00000012     CSMON_C28xx.lib : hmdrv.obj (.text:_HMDRV_GetStringLengthFromWordInternal)
                  003ede32    00000012                     : hmmodbus.obj (.text:_HMMODBUS_vSetupRegisterDummy)
                  003ede44    00000012                     : hmrecparam.obj (.text:_HMRECPRM_CompareBOOL)
                  003ede56    00000012                     : modbusreg.obj (.text:_MODBUSREG_vFileDenyAccess)
                  003ede68    00000012                     : uart_drv.obj (.text:_UART_TxIntDis)
                  003ede7a    00000012                     : uart_drv.obj (.text:_UART_TxIntEna)
                  003ede8c    00000011     main.obj (.text:_CSMON_vSetDateTime)
                  003ede9d    00000011     CSMON_C28xx.lib : hmserial.obj (.text:_HMSERIAL_vInit)
                  003edeae    00000011     F2806x_PieVect.obj (.text:_InitPieVectTable)
                  003edebf    00000011     main.obj (.text:_vSetWatchdogPrescalerTimeDiv)
                  003eded0    00000011     rts2800_ml.lib : args_main.c.obj (.text)
                  003edee1    00000010     device.obj (.text:_Example_MemCopy)
                  003edef1    00000010     CSMON_C28xx.lib : hmlib.obj (.text:_HMLIB_vInitRecParamBuff)
                  003edf01    00000010     F2806x_SysCtrl.obj (.text:_IntOsc1Sel)
                  003edf11    00000010     CSMON_C28xx.lib : hmmodbus.obj (.text:_bIsValidEndAddressInBuffer)
                  003edf21    00000010                     : hmmodbus.obj (.text:_u32BytesMemoryToBytesModbus)
                  003edf31    00000010                     : hmmodbus.obj (.text:_u32BytesModbusToBytesMemory)
                  003edf41    00000010     main.obj (.text:_vGetWatchdogPrescaler)
                  003edf51    00000010     rts2800_ml.lib : u_tofs28.asm.obj (.text)
                  003edf61    0000000f     CSMON_C28xx.lib : hmlib.obj (.text:_HMLIB_vProcessRecorders)
                  003edf70    0000000f                     : hmmodbus.obj (.text:_HMMODBUS_CalcCRC)
                  003edf7f    0000000f                     : uart_drv.obj (.text:_UART_IsTxEmpty)
                  003edf8e    0000000e                     : hmdrv.obj (.text:_HMDRV_GetStringLengthInternal)
                  003edf9c    0000000e                     : hmrecparam.obj (.text:_HMRECPRM_Compare16S)
                  003edfaa    0000000e                     : hmrecparam.obj (.text:_HMRECPRM_Compare16U)
                  003edfb8    0000000e                     : hmrecparam.obj (.text:_HMRECPRM_Compare32S)
                  003edfc6    0000000e                     : hmrecparam.obj (.text:_HMRECPRM_Compare32U)
                  003edfd4    0000000e                     : hmrecparam.obj (.text:_HMRECPRM_Compare8S)
                  003edfe2    0000000e                     : hmrecparam.obj (.text:_HMRECPRM_Compare8U)
                  003edff0    0000000e                     : hmrec.obj (.text:_HMREC_Compare16S)
                  003edffe    0000000e                     : hmrec.obj (.text:_HMREC_Compare16U)
                  003ee00c    0000000e                     : hmrec.obj (.text:_HMREC_Compare32S)
                  003ee01a    0000000e                     : hmrec.obj (.text:_HMREC_Compare32U)
                  003ee028    0000000e                     : hmrec.obj (.text:_HMREC_Compare8S)
                  003ee036    0000000e                     : hmrec.obj (.text:_HMREC_Compare8U)
                  003ee044    0000000e                     : hmmodbus.obj (.text:_u32FitAddressCircleBufferInside)
                  003ee052    0000000e     rts2800_ml.lib : fd_sub28.asm.obj (.text)
                  003ee060    0000000d     CSMON_C28xx.lib : csmon.obj (.text:_CSMON_eResetParameterTable)
                  003ee06d    0000000d                     : csmon.obj (.text:_CSMON_vInitHoldingRegistersTableChanges)
                  003ee07a    0000000d                     : hmrecparam.obj (.text:_HMRECPRM_IsJustStopped)
                  003ee087    0000000d                     : hmrecparam.obj (.text:_HMRECPRM_StopRec)
                  003ee094    0000000d                     : hmrec.obj (.text:_HMREC_StopRec)
                  003ee0a1    0000000d                     : modbusreg.obj (.text:_MODBUSREG_vFileAllowAccess)
                  003ee0ae    0000000d     tmr_drv.obj (.text:_TIMER_vSetupTimerMainFunctionDelayCompare)
                  003ee0bb    0000000d     CSMON_C28xx.lib : uart_drv.obj (.text:_UART_ReadDataRxAvailable)
                  003ee0c8    0000000c                     : hmlib.obj (.text:_HMLIB_vProcess)
                  003ee0d4    0000000c                     : hmrecparam.obj (.text:_HMRECPRM_GetBufferRecParamPtrAddress)
                  003ee0e0    0000000c                     : hmrecparam.obj (.text:_HMRECPRM_TriggerRec)
                  003ee0ec    0000000c                     : hmmodbus.obj (.text:_u32FixAddressCircleBufferOverflow)
                  003ee0f8    0000000c     rts2800_ml.lib : epilog28.asm.obj (.text)
                  003ee104    0000000b     CSMON_C28xx.lib : hmmodbus.obj (.text:_HMMODBUS_vProcessFastTD)
                  003ee10f    0000000b                     : hmrecparam.obj (.text:_HMRECPRM_IsRunning)
                  003ee11a    0000000b                     : hmrecparam.obj (.text:_HMRECPRM_vResetAllStopDetections)
                  003ee125    0000000b                     : hmserial.obj (.text:_HMSERIAL_vProcessFastTD)
                  003ee130    0000000b                     : modbusreg.obj (.text:_MODBUSREG_vDataZero)
                  003ee13b    0000000b     sci_driver.obj (.text:_SCI_DRV_eGetModuleIndexFromBase)
                  003ee146    0000000b     sci_drv.obj (.text:_SCI_eGetModuleIndexFromBase)
                  003ee151    0000000b     CSMON_C28xx.lib : uart_drv.obj (.text:_UART_TxDis)
                  003ee15c    0000000b                     : uart_drv.obj (.text:_UART_TxEna)
                  003ee167    0000000b                     : hmmodbus.obj (.text:_bIsValidIndexFileTable)
                  003ee172    0000000b     rts2800_ml.lib : u_div28.asm.obj (.text)
                  003ee17d    0000000a     CSMON_C28xx.lib : hmrecparam.obj (.text:_HMRECPRM_ClrLastStopDetectionToRecorderStopSamplesCounter)
                  003ee187    0000000a                     : hmrecparam.obj (.text:_HMRECPRM_GetRecStatus)
                  003ee191    0000000a                     : hmrec.obj (.text:_HMREC_GetRecStatus)
                  003ee19b    00000009                     : csmon.obj (.text:_CSMON_eSetParameterListParameterID)
                  003ee1a4    00000009                     : csmon.obj (.text:_CSMON_eSetParameterListProcessFunc)
                  003ee1ad    00000009                     : csmon.obj (.text:_CSMON_eSetParameterListRegisterFlags)
                  003ee1b6    00000009                     : csmon.obj (.text:_CSMON_eSetParameterListRegisterSize)
                  003ee1bf    00000009                     : csmon.obj (.text:_CSMON_eSetServerOnStatus)
                  003ee1c8    00000009                     : hmmodbus.obj (.text:_HMMODBUS_vProcessFreeTimer)
                  003ee1d1    00000009                     : hmmodbus.obj (.text:_HMMODBUS_vProcessRxDelay)
                  003ee1da    00000009                     : hmrecparam.obj (.text:_HMRECPRM_GetExternBufferRecParamLastPointedAddress)
                  003ee1e3    00000009                     : hmrecparam.obj (.text:_HMRECPRM_GetExternBufferRecParamPtrAddress)
                  003ee1ec    00000009                     : hmrecparam.obj (.text:_HMRECPRM_vDisableAllStopDetections)
                  003ee1f5    00000009                     : hmrec.obj (.text:_HMREC_TriggerRec)
                  003ee1fe    00000009                     : hmscopeparam.obj (.text:_HMSCOPEPRM_GetBufferScopeParamAddress)
                  003ee207    00000009                     : hmserial.obj (.text:_HMSERIAL_vProcessFreeTimer)
                  003ee210    00000009     tmr_drv.obj (.text:_TIMER_vResetTimerMainFunctionDelayCounter)
                  003ee219    00000009     tmr_drv.obj (.text:_TIMER_vSetupTimerMainDelayedFunctionSendData)
                  003ee222    00000009     CSMON_C28xx.lib : uart_drv.obj (.text:_UART_PutChar)
                  003ee22b    00000009                     : uart_drv.obj (.text:_UART_ReadDataRxTimeDiff)
                  003ee234    00000009     rts2800_ml.lib : _lock.c.obj (.text)
                  003ee23d    00000009                    : fd_neg28.asm.obj (.text)
                  003ee246    00000008     Example_Flash2806x_CsmKeys.obj (.text)
                  003ee24e    00000008     F2806x_CodeStartBranch.obj (.text)
                  003ee256    00000008     CSMON_C28xx.lib : csmon.obj (.text:_CSMON_vInitScopes)
                  003ee25e    00000008     F2806x_SysCtrl.obj (.text:_DisableDog)
                  003ee266    00000008     CSMON_C28xx.lib : hmdrv.obj (.text:_HMDRV_CopyFromBufferWithMaskModbus)
                  003ee26e    00000008                     : hmmodbus.obj (.text:_HMMODBUS_vSetupHoldingRegistersProcessFuncTable)
                  003ee276    00000008                     : hmmodbus.obj (.text:_HMMODBUS_vSetupHoldingRegistersRealAddressTable)
                  003ee27e    00000008                     : hmmodbus.obj (.text:_HMMODBUS_vSetupHoldingRegistersRegisterFlagsTable)
                  003ee286    00000008                     : hmmodbus.obj (.text:_HMMODBUS_vSetupHoldingRegistersRegisterSizeTable)
                  003ee28e    00000008                     : hmmodbus.obj (.text:_HMMODBUS_vSetupHoldingRegistersVirtAddressTable)
                  003ee296    00000008                     : hmrecparam.obj (.text:_HMRECPRM_GetExternRecParamAddress)
                  003ee29e    00000008                     : hmrecparam.obj (.text:_HMRECPRM_GetExternRecParamPtrMaximumUsedSampleCount)
                  003ee2a6    00000008                     : hmrecparam.obj (.text:_HMRECPRM_GetExternRecParamPtrSampleSize)
                  003ee2ae    00000008                     : hmrecparam.obj (.text:_HMRECPRM_GetRecParamPtrAvailableSampleCount)
                  003ee2b6    00000008                     : hmrecparam.obj (.text:_HMRECPRM_GetRecParamPtrLastSampleIndex)
                  003ee2be    00000008                     : hmrecparam.obj (.text:_HMRECPRM_GetRecParamPtrMaximumUsedSampleCount)
                  003ee2c6    00000008                     : hmrecparam.obj (.text:_HMRECPRM_GetRecParamPtrSampleSize)
                  003ee2ce    00000008                     : hmrecparam.obj (.text:_HMRECPRM_GetStatusRecParamAddress)
                  003ee2d6    00000008                     : hmrecparam.obj (.text:_HMRECPRM_vInit)
                  003ee2de    00000008                     : hmrec.obj (.text:_HMREC_vInit)
                  003ee2e6    00000007     F2806x_DisInt.obj (.text)
                  003ee2ed    00000007     CSMON_C28xx.lib : hmlib.obj (.text:_HMLIB_vProcessDifferentPorts)
                  003ee2f4    00000007                     : hmscopeparam.obj (.text:_HMSCOPEPRM_GetStatusScopeParamAddress)
                  003ee2fb    00000007                     : modbusreg.obj (.text:_MODBUSREG_vInitHoldingRegistersTableChanges)
                  003ee302    00000007     sci_driver.obj (.text:_SCI_DRV_u32GetBaseFromModuleIndex)
                  003ee309    00000007     sci_drv.obj (.text:_SCI_u32GetBaseFromModuleIndex)
                  003ee310    00000006     cputimer.obj (.text:_CPUTimer_setEmulationMode)
                  003ee316    00000006     CSMON_C28xx.lib : hmrecparam.obj (.text:_HMRECPRM_SetUpRecBuff)
                  003ee31c    00000006                     : hmrec.obj (.text:_HMREC_SetUpRecBuff)
                  003ee322    00000006     tmr_drv.obj (.text:_TIMER_u16ResetTimerMainPeriod)
                  003ee328    00000006     uart_driver.obj (.text:_UART_DRV_GetChar)
                  003ee32e    00000006     CSMON_C28xx.lib : uart_drv.obj (.text:_UART_GetChar)
                  003ee334    00000005     F2806x_DefaultIsr.obj (.text:_ADCINT1_ISR)
                  003ee339    00000005     F2806x_DefaultIsr.obj (.text:_ADCINT2_ISR)
                  003ee33e    00000005     F2806x_DefaultIsr.obj (.text:_ADCINT3_ISR)
                  003ee343    00000005     F2806x_DefaultIsr.obj (.text:_ADCINT4_ISR)
                  003ee348    00000005     F2806x_DefaultIsr.obj (.text:_ADCINT5_ISR)
                  003ee34d    00000005     F2806x_DefaultIsr.obj (.text:_ADCINT6_ISR)
                  003ee352    00000005     F2806x_DefaultIsr.obj (.text:_ADCINT7_ISR)
                  003ee357    00000005     F2806x_DefaultIsr.obj (.text:_ADCINT8_ISR)
                  003ee35c    00000005     F2806x_DefaultIsr.obj (.text:_ADCINT9_ISR)
                  003ee361    00000005     F2806x_DefaultIsr.obj (.text:_CLA1_INT1_ISR)
                  003ee366    00000005     F2806x_DefaultIsr.obj (.text:_CLA1_INT2_ISR)
                  003ee36b    00000005     F2806x_DefaultIsr.obj (.text:_CLA1_INT3_ISR)
                  003ee370    00000005     F2806x_DefaultIsr.obj (.text:_CLA1_INT4_ISR)
                  003ee375    00000005     F2806x_DefaultIsr.obj (.text:_CLA1_INT5_ISR)
                  003ee37a    00000005     F2806x_DefaultIsr.obj (.text:_CLA1_INT6_ISR)
                  003ee37f    00000005     F2806x_DefaultIsr.obj (.text:_CLA1_INT7_ISR)
                  003ee384    00000005     F2806x_DefaultIsr.obj (.text:_CLA1_INT8_ISR)
                  003ee389    00000005     CSMON_C28xx.lib : csmon.obj (.text:_CSMON_eSetAutoServiceWatchdogInternalSlowCalculationsInMainLoop)
                  003ee38e    00000005                     : csmon.obj (.text:_CSMON_eSetFirmwareApplicationVersion)
                  003ee393    00000005                     : csmon.obj (.text:_CSMON_eSetMaxTimeInISR)
                  003ee398    00000005                     : csmon.obj (.text:_CSMON_eSetMinGuaranteedTimeBetweenTwoISRs)
                  003ee39d    00000005                     : csmon.obj (.text:_CSMON_u16ParametersAccessListIndexGenerate)
                  003ee3a2    00000005                     : csmon.obj (.text:_CSMON_u32GetFreeRunningTimerTicks)
                  003ee3a7    00000005                     : csmon.obj (.text:_CSMON_u32GetParameterAuxCheckSum)
                  003ee3ac    00000005                     : csmon.obj (.text:_CSMON_u32GetParameterStringCheckSum)
                  003ee3b1    00000005                     : csmon.obj (.text:_CSMON_vSetDateTimeRequest)
                  003ee3b6    00000005     F2806x_DefaultIsr.obj (.text:_DATALOG_ISR)
                  003ee3bb    00000005     F2806x_DefaultIsr.obj (.text:_DINTCH1_ISR)
                  003ee3c0    00000005     F2806x_DefaultIsr.obj (.text:_DINTCH2_ISR)
                  003ee3c5    00000005     F2806x_DefaultIsr.obj (.text:_DINTCH3_ISR)
                  003ee3ca    00000005     F2806x_DefaultIsr.obj (.text:_DINTCH4_ISR)
                  003ee3cf    00000005     F2806x_DefaultIsr.obj (.text:_DINTCH5_ISR)
                  003ee3d4    00000005     F2806x_DefaultIsr.obj (.text:_DINTCH6_ISR)
                  003ee3d9    00000005     F2806x_DefaultIsr.obj (.text:_ECAN0INTA_ISR)
                  003ee3de    00000005     F2806x_DefaultIsr.obj (.text:_ECAN1INTA_ISR)
                  003ee3e3    00000005     F2806x_DefaultIsr.obj (.text:_ECAP1_INT_ISR)
                  003ee3e8    00000005     F2806x_DefaultIsr.obj (.text:_ECAP2_INT_ISR)
                  003ee3ed    00000005     F2806x_DefaultIsr.obj (.text:_ECAP3_INT_ISR)
                  003ee3f2    00000005     F2806x_DefaultIsr.obj (.text:_EMPTY_ISR)
                  003ee3f7    00000005     F2806x_DefaultIsr.obj (.text:_EMUINT_ISR)
                  003ee3fc    00000005     F2806x_DefaultIsr.obj (.text:_EPWM1_INT_ISR)
                  003ee401    00000005     F2806x_DefaultIsr.obj (.text:_EPWM1_TZINT_ISR)
                  003ee406    00000005     F2806x_DefaultIsr.obj (.text:_EPWM2_INT_ISR)
                  003ee40b    00000005     F2806x_DefaultIsr.obj (.text:_EPWM2_TZINT_ISR)
                  003ee410    00000005     F2806x_DefaultIsr.obj (.text:_EPWM3_INT_ISR)
                  003ee415    00000005     F2806x_DefaultIsr.obj (.text:_EPWM3_TZINT_ISR)
                  003ee41a    00000005     F2806x_DefaultIsr.obj (.text:_EPWM4_INT_ISR)
                  003ee41f    00000005     F2806x_DefaultIsr.obj (.text:_EPWM4_TZINT_ISR)
                  003ee424    00000005     F2806x_DefaultIsr.obj (.text:_EPWM5_INT_ISR)
                  003ee429    00000005     F2806x_DefaultIsr.obj (.text:_EPWM5_TZINT_ISR)
                  003ee42e    00000005     F2806x_DefaultIsr.obj (.text:_EPWM6_INT_ISR)
                  003ee433    00000005     F2806x_DefaultIsr.obj (.text:_EPWM6_TZINT_ISR)
                  003ee438    00000005     F2806x_DefaultIsr.obj (.text:_EPWM7_INT_ISR)
                  003ee43d    00000005     F2806x_DefaultIsr.obj (.text:_EPWM7_TZINT_ISR)
                  003ee442    00000005     F2806x_DefaultIsr.obj (.text:_EPWM8_INT_ISR)
                  003ee447    00000005     F2806x_DefaultIsr.obj (.text:_EPWM8_TZINT_ISR)
                  003ee44c    00000005     F2806x_DefaultIsr.obj (.text:_EQEP1_INT_ISR)
                  003ee451    00000005     F2806x_DefaultIsr.obj (.text:_EQEP2_INT_ISR)
                  003ee456    00000005     CSMON_C28xx.lib : hmlib.obj (.text:_HMLIB_vProcessSamePort)
                  003ee45b    00000005                     : hmlib.obj (.text:_HMLIB_vRecorder0)
                  003ee460    00000005                     : hmlib.obj (.text:_HMLIB_vRecorder1)
                  003ee465    00000005                     : hmlib.obj (.text:_HMLIB_vRecorder2)
                  003ee46a    00000005                     : hmmodbus.obj (.text:_HMMODBUS_bGetReceivedMessage)
                  003ee46f    00000005                     : hmmodbus.obj (.text:_HMMODBUS_vFileTable)
                  003ee474    00000005     F2806x_DefaultIsr.obj (.text:_HRCAP1_INT_ISR)
                  003ee479    00000005     F2806x_DefaultIsr.obj (.text:_HRCAP2_INT_ISR)
                  003ee47e    00000005     F2806x_DefaultIsr.obj (.text:_HRCAP3_INT_ISR)
                  003ee483    00000005     F2806x_DefaultIsr.obj (.text:_HRCAP4_INT_ISR)
                  003ee488    00000005     F2806x_DefaultIsr.obj (.text:_I2CINT1A_ISR)
                  003ee48d    00000005     F2806x_DefaultIsr.obj (.text:_I2CINT2A_ISR)
                  003ee492    00000005     F2806x_DefaultIsr.obj (.text:_ILLEGAL_ISR)
                  003ee497    00000005     F2806x_DefaultIsr.obj (.text:_INT13_ISR)
                  003ee49c    00000005     F2806x_DefaultIsr.obj (.text:_INT14_ISR)
                  003ee4a1    00000005     interrupt.obj (.text:_IntDefaultHandler)
                  003ee4a6    00000005     F2806x_DefaultIsr.obj (.text:_LUF_ISR)
                  003ee4ab    00000005     F2806x_DefaultIsr.obj (.text:_LVF_ISR)
                  003ee4b0    00000005     CSMON_C28xx.lib : modbusreg.obj (.text:_MODBUSREG_vSetTableProcessFuncInRam)
                  003ee4b5    00000005                     : modbusreg.obj (.text:_MODBUSREG_vSetTableRealAddressInRam)
                  003ee4ba    00000005                     : modbusreg.obj (.text:_MODBUSREG_vSetTableRegisterFlags)
                  003ee4bf    00000005                     : modbusreg.obj (.text:_MODBUSREG_vSetTableRegisterSize)
                  003ee4c4    00000005                     : modbusreg.obj (.text:_MODBUSREG_vSetTableVirtAddress)
                  003ee4c9    00000005     F2806x_DefaultIsr.obj (.text:_MRINTA_ISR)
                  003ee4ce    00000005     F2806x_DefaultIsr.obj (.text:_MXINTA_ISR)
                  003ee4d3    00000005     F2806x_DefaultIsr.obj (.text:_NMI_ISR)
                  003ee4d8    00000005     F2806x_DefaultIsr.obj (.text:_PIE_RESERVED)
                  003ee4dd    00000005     F2806x_DefaultIsr.obj (.text:_RTOSINT_ISR)
                  003ee4e2    00000005     F2806x_DefaultIsr.obj (.text:_SCIRXINTA_ISR)
                  003ee4e7    00000005     F2806x_DefaultIsr.obj (.text:_SCIRXINTB_ISR)
                  003ee4ec    00000005     F2806x_DefaultIsr.obj (.text:_SCITXINTA_ISR)
                  003ee4f1    00000005     F2806x_DefaultIsr.obj (.text:_SCITXINTB_ISR)
                  003ee4f6    00000005     F2806x_DefaultIsr.obj (.text:_SPIRXINTA_ISR)
                  003ee4fb    00000005     F2806x_DefaultIsr.obj (.text:_SPIRXINTB_ISR)
                  003ee500    00000005     F2806x_DefaultIsr.obj (.text:_SPITXINTA_ISR)
                  003ee505    00000005     F2806x_DefaultIsr.obj (.text:_SPITXINTB_ISR)
                  003ee50a    00000005     tmr_drv.obj (.text:_TIMER_vSetupTimerMainDelayedData)
                  003ee50f    00000005     F2806x_DefaultIsr.obj (.text:_TINT0_ISR)
                  003ee514    00000005     F2806x_DefaultIsr.obj (.text:_USB0_INT_ISR)
                  003ee519    00000005     F2806x_DefaultIsr.obj (.text:_USER10_ISR)
                  003ee51e    00000005     F2806x_DefaultIsr.obj (.text:_USER11_ISR)
                  003ee523    00000005     F2806x_DefaultIsr.obj (.text:_USER12_ISR)
                  003ee528    00000005     F2806x_DefaultIsr.obj (.text:_USER1_ISR)
                  003ee52d    00000005     F2806x_DefaultIsr.obj (.text:_USER2_ISR)
                  003ee532    00000005     F2806x_DefaultIsr.obj (.text:_USER3_ISR)
                  003ee537    00000005     F2806x_DefaultIsr.obj (.text:_USER4_ISR)
                  003ee53c    00000005     F2806x_DefaultIsr.obj (.text:_USER5_ISR)
                  003ee541    00000005     F2806x_DefaultIsr.obj (.text:_USER6_ISR)
                  003ee546    00000005     F2806x_DefaultIsr.obj (.text:_USER7_ISR)
                  003ee54b    00000005     F2806x_DefaultIsr.obj (.text:_USER8_ISR)
                  003ee550    00000005     F2806x_DefaultIsr.obj (.text:_USER9_ISR)
                  003ee555    00000005     F2806x_DefaultIsr.obj (.text:_WAKEINT_ISR)
                  003ee55a    00000005     F2806x_DefaultIsr.obj (.text:_XINT1_ISR)
                  003ee55f    00000005     F2806x_DefaultIsr.obj (.text:_XINT2_ISR)
                  003ee564    00000005     F2806x_DefaultIsr.obj (.text:_XINT3_ISR)
                  003ee569    00000005     F2806x_DefaultIsr.obj (.text:_rsvd_ISR)
                  003ee56e    00000005     rts2800_ml.lib : fs_neg28.asm.obj (.text)
                  003ee573    00000004     CSMON_C28xx.lib : csmon.obj (.text:_CSMON_eApplyParameterChanges)
                  003ee577    00000004                     : csmon.obj (.text:_CSMON_eRegisterWriteParElementCallbackFunction)
                  003ee57b    00000004                     : csmon.obj (.text:_CSMON_eSetInternalTimerPeriod)
                  003ee57f    00000004                     : csmon.obj (.text:_CSMON_eSetTimerPeriodISRFunctionRegister)
                  003ee583    00000004                     : csmon.obj (.text:_CSMON_u32GetBaudError_PPM)
                  003ee587    00000004                     : csmon.obj (.text:_CSMON_vAddSetupRecorderParameterMask)
                  003ee58b    00000004                     : csmon.obj (.text:_CSMON_vSetStartRecorderParameterMask)
                  003ee58f    00000004                     : hmdrv.obj (.text:_HMDRV_SetExAddr)
                  003ee593    00000004                     : hmdrv.obj (.text:_HMDRV_u32GetDeviceSYSCLKFreq)
                  003ee597    00000004                     : hmdrv.obj (.text:_HMDRV_u32GetSCIErrorPPM)
                  003ee59b    00000004                     : hmlib.obj (.text:_HMLIB_vRecorderParam0)
                  003ee59f    00000004                     : hmlib.obj (.text:_HMLIB_vRecorderParam1)
                  003ee5a3    00000004                     : hmlib.obj (.text:_HMLIB_vRecorderParam2)
                  003ee5a7    00000004                     : hmmodbus.obj (.text:_HMMODBUS_u32GetAddressMessageCounterThisDevice)
                  003ee5ab    00000004                     : hmmodbus.obj (.text:_HMMODBUS_vSetAddressMessageCounterThisDevice)
                  003ee5af    00000004                     : hmmodbus.obj (.text:_HMMODBUS_vSetDeviceIDMajorMinorRevision)
                  003ee5b3    00000004                     : hmmodbus.obj (.text:_HMMODBUS_vSetDeviceIDMajorMinorRevisionLength)
                  003ee5b7    00000004                     : hmmodbus.obj (.text:_HMMODBUS_vSetDeviceIDModelName)
                  003ee5bb    00000004                     : hmmodbus.obj (.text:_HMMODBUS_vSetDeviceIDModelNameLength)
                  003ee5bf    00000004                     : hmmodbus.obj (.text:_HMMODBUS_vSetDeviceIDProductCode)
                  003ee5c3    00000004                     : hmmodbus.obj (.text:_HMMODBUS_vSetDeviceIDProductCodeLength)
                  003ee5c7    00000004                     : hmmodbus.obj (.text:_HMMODBUS_vSetDeviceIDProductName)
                  003ee5cb    00000004                     : hmmodbus.obj (.text:_HMMODBUS_vSetDeviceIDProductNameLength)
                  003ee5cf    00000004                     : hmmodbus.obj (.text:_HMMODBUS_vSetDeviceIDUserApplicationName)
                  003ee5d3    00000004                     : hmmodbus.obj (.text:_HMMODBUS_vSetDeviceIDUserApplicationNameLength)
                  003ee5d7    00000004                     : hmmodbus.obj (.text:_HMMODBUS_vSetDeviceIDUserReserve0)
                  003ee5db    00000004                     : hmmodbus.obj (.text:_HMMODBUS_vSetDeviceIDUserReserve0Length)
                  003ee5df    00000004                     : hmmodbus.obj (.text:_HMMODBUS_vSetDeviceIDUserReserve1)
                  003ee5e3    00000004                     : hmmodbus.obj (.text:_HMMODBUS_vSetDeviceIDUserReserve1Length)
                  003ee5e7    00000004                     : hmmodbus.obj (.text:_HMMODBUS_vSetDeviceIDUserReserve2)
                  003ee5eb    00000004                     : hmmodbus.obj (.text:_HMMODBUS_vSetDeviceIDUserReserve2Length)
                  003ee5ef    00000004                     : hmmodbus.obj (.text:_HMMODBUS_vSetDeviceIDVendorName)
                  003ee5f3    00000004                     : hmmodbus.obj (.text:_HMMODBUS_vSetDeviceIDVendorNameLength)
                  003ee5f7    00000004                     : hmmodbus.obj (.text:_HMMODBUS_vSetDeviceIDVendorUrl)
                  003ee5fb    00000004                     : hmmodbus.obj (.text:_HMMODBUS_vSetDeviceIDVendorUrlLength)
                  003ee5ff    00000004                     : hmmodbus.obj (.text:_HMMODBUS_vSetServerIDDataAddress)
                  003ee603    00000004                     : hmmodbus.obj (.text:_HMMODBUS_vSetServerIDLength)
                  003ee607    00000004                     : hmmodbus.obj (.text:_HMMODBUS_vSetServerIDNumber)
                  003ee60b    00000004                     : hmmodbus.obj (.text:_HMMODBUS_vSetServerOnStatus)
                  003ee60f    00000004                     : hmmodbus.obj (.text:_HMMODBUS_vSetupHoldingRegistersAccessTableInRam)
                  003ee613    00000004                     : hmmodbus.obj (.text:_HMMODBUS_vSetupWriteParElementCallbackFunction)
                  003ee617    00000004     interrupt.obj (.text:_IntMasterDisable)
                  003ee61b    00000004     interrupt.obj (.text:_IntMasterEnable)
                  003ee61f    00000004     CSMON_C28xx.lib : modbusreg.obj (.text:_MODBUSREG_u16GetHoldRegFillCount)
                  003ee623    00000004                     : modbusreg.obj (.text:_MODBUSREG_u16GetHoldRegUsedCount)
                  003ee627    00000004                     : modbusreg.obj (.text:_MODBUSREG_u16GetTableRegisterFlagsElementOffset)
                  003ee62b    00000004                     : modbusreg.obj (.text:_MODBUSREG_u16GetTableRegisterSizeElementOffset)
                  003ee62f    00000004                     : modbusreg.obj (.text:_MODBUSREG_u16GetTableVirtAddressElementOffset)
                  003ee633    00000004                     : modbusreg.obj (.text:_MODBUSREG_u32GetRegisterAccessTableInRam)
                  003ee637    00000004                     : modbusreg.obj (.text:_MODBUSREG_u32GetTableRegisterFlags)
                  003ee63b    00000004                     : modbusreg.obj (.text:_MODBUSREG_u32GetTableRegisterSize)
                  003ee63f    00000004                     : modbusreg.obj (.text:_MODBUSREG_u32GetTableVirtAddress)
                  003ee643    00000004                     : modbusreg.obj (.text:_MODBUSREG_vSetFileAutorization_FunctionAfterWriteFileRecordTable)
                  003ee647    00000004                     : modbusreg.obj (.text:_MODBUSREG_vSetFileParamCount_FunctionBeforeReadFileRecord)
                  003ee64b    00000004                     : modbusreg.obj (.text:_MODBUSREG_vSetFileRTC_FunctionAfterReadFileRecord)
                  003ee64f    00000004                     : modbusreg.obj (.text:_MODBUSREG_vSetFileRTC_FunctionAfterWriteFileRecord)
                  003ee653    00000004                     : modbusreg.obj (.text:_MODBUSREG_vSetFileRecConfig_FunctionAfterWriteFileRecord)
                  003ee657    00000004                     : modbusreg.obj (.text:_MODBUSREG_vSetFileRecStatus_FunctionIndexGenerationFileRecord)
                  003ee65b    00000004                     : modbusreg.obj (.text:_MODBUSREG_vSetHoldRegFillCount)
                  003ee65f    00000004                     : modbusreg.obj (.text:_MODBUSREG_vSetParamCount)
                  003ee663    00000004                     : modbusreg.obj (.text:_MODBUSREG_vSetParamListAddress)
                  003ee667    00000004                     : modbusreg.obj (.text:_MODBUSREG_vSetParamNameAddress)
                  003ee66b    00000004                     : modbusreg.obj (.text:_MODBUSREG_vSetParamNumbAddress)
                  003ee66f    00000004                     : modbusreg.obj (.text:_MODBUSREG_vSetParamRecorderConfigAddress)
                  003ee673    00000004                     : modbusreg.obj (.text:_MODBUSREG_vSetParamScopeConfigAddress)
                  003ee677    00000004     tmr_drv.obj (.text:_TIMER_vGetTimerMainRollingCounter)
                  003ee67b    00000004     tmr_drv.obj (.text:_TIMER_vSetupTimerMainCSMONFunction)
                  003ee67f    00000004     tmr_drv.obj (.text:_TMR_u16GetFreeRunTimerPrescaller)
                  003ee683    00000004     CSMON_C28xx.lib : hmmodbus.obj (.text:_bGetElementsDifference)
                  003ee687    00000004                     : hmmodbus.obj (.text:_u16GetIndexFileTable)
                  003ee68b    00000004                     : hmmodbus.obj (.text:_u32GetBufferAddressStart)
                  003ee68f    00000004                     : hmmodbus.obj (.text:_u32GetBufferSize)
                  003ee693    00000004                     : hmmodbus.obj (.text:_u32GetSampleCountAvailable)
                  003ee697    00000004                     : hmmodbus.obj (.text:_u32GetSampleCountBuffer)
                  003ee69b    00000004                     : hmmodbus.obj (.text:_u32GetStartSampleIndex)
                  003ee69f    00000004                     : hmmodbus.obj (.text:_u8GetSampleSize)
                  003ee6a3    00000004                     : hmmodbus.obj (.text:_vSetBufferSize)
                  003ee6a7    00000003     F2806x_DBGIER.obj (.text)
                  003ee6aa    00000003     CSMON_C28xx.lib : csmon.obj (.text:_CSMON_u32GetModbusMessageCounterRegisterRealAddress)
                  003ee6ad    00000003                     : csmon.obj (.text:_CSMON_vSetModbusMessageCounterRegisterRealAddress)
                  003ee6b0    00000003                     : hmlib.obj (.text:_HMLIB_vRecorderParamTimeSync)
                  003ee6b3    00000003                     : hmrecparam.obj (.text:_HMRECPRM_GetTimeBase)
                  003ee6b6    00000003                     : modbusreg.obj (.text:_MODBUSREG_u32GetAddressMessageCounterThisDevice)
                  003ee6b9    00000003                     : modbusreg.obj (.text:_MODBUSREG_vSetAddressMessageCounterThisDevice)
                  003ee6bc    00000003                     : uart_drv.obj (.text:_UART_TXInterrupt)
                  003ee6bf    00000002                     : csmon.obj (.text:_CSMON_eSetParameterListCntBitEleSz)
                  003ee6c1    00000002                     : csmon.obj (.text:_CSMON_eSetParameterListDataDefault)
                  003ee6c3    00000002                     : csmon.obj (.text:_CSMON_eSetParameterListDataMaximum)
                  003ee6c5    00000002                     : csmon.obj (.text:_CSMON_eSetParameterListDataMinimum)
                  003ee6c7    00000002                     : csmon.obj (.text:_CSMON_eSetParameterListShortNaming)
                  003ee6c9    00000002                     : csmon.obj (.text:_CSMON_eSetParameterListStBitEleCnt)
                  003ee6cb    00000002                     : csmon.obj (.text:_CSMON_eSetParameterListStringUnits)
                  003ee6cd    00000002                     : csmon.obj (.text:_CSMON_eSetParameterListValueFormat)
                  003ee6cf    00000002                     : csmon.obj (.text:_CSMON_u32GetParameterListCheckSum)
                  003ee6d1    00000002                     : hmrecparam.obj (.text:_HMRECPRM_AbortRec)
                  003ee6d3    00000002                     : hmrecparam.obj (.text:_HMRECPRM_GetRecBuffSize)
                  003ee6d5    00000002                     : hmrec.obj (.text:_HMREC_AbortRec)
                  003ee6d7    00000002                     : hmrec.obj (.text:_HMREC_GetRecBuffSize)
                  003ee6d9    00000002     main.obj (.text:_eWriteParElement)
                  003ee6db    00000002     rts2800_ml.lib : pre_init.c.obj (.text)
                  003ee6dd    00000001     CSMON_C28xx.lib : hmprotocol.obj (.text:_HMPROTOCOL_vInit)
                  003ee6de    00000001     uart_driver.obj (.text:_UART_DRV_TXInterrupt)
                  003ee6df    00000001     rts2800_ml.lib : startup.c.obj (.text)

ramfuncs   0    003ee6e0    00000029     RUN ADDR = 00008000
                  003ee6e0    0000001d     F2806x_SysCtrl.obj (ramfuncs:_InitFlash)
                  003ee6fd    00000008     device.obj (ramfuncs:_MyCallbackFunction)
                  003ee705    00000004     F2806x_usDelay.obj (ramfuncs)

csm_rsvd   0    003f7f80    00000076     
                  003f7f80    00000076     F2806x_CSMPasswords.obj (csm_rsvd)

codestart 
*          0    003f7ff6    00000002     
                  003f7ff6    00000002     F2806x_CodeStartBranch.obj (codestart)

csmpasswds 
*          0    003f7ff8    00000008     
                  003f7ff8    00000008     F2806x_CSMPasswords.obj (csmpasswds)

.stack     1    00000050    00000380     UNINITIALIZED
                  00000050    00000380     --HOLE--

.econst    0    003ee70a    00001a19     
                  003ee70a    00001500     main.obj (.econst:_asParameterList)
                  003efc0a    00000100     CSMON_C28xx.lib : hmmodbus.obj (.econst:.string:_auchCRCHi)
                  003efd0a    00000100                     : hmmodbus.obj (.econst:.string:_auchCRCLo)
                  003efe0a    00000100     F2806x_PieVect.obj (.econst:_PieVectTableInit)
                  003eff0a    00000084     rts2800_ml.lib : k_rem_pio2.c.obj (.econst:_ipio2)
                  003eff8e    00000050     CSMON_C28xx.lib : csmon.obj (.econst:_CSMON_asAccessLevelPasswords)
                  003effde    0000002c     rts2800_ml.lib : k_rem_pio2.c.obj (.econst)
                  003f000a    00000028                    : k_cosf.c.obj (.econst)
                  003f0032    00000020                    : k_rem_pio2.c.obj (.econst:_PIo2)
                  003f0052    00000020                    : k_sinf.c.obj (.econst)
                  003f0072    0000001c                    : e_rem_pio2f.c.obj (.econst)
                  003f008e    0000001c                    : s_scalbn.c.obj (.econst)
                  003f00aa    00000018     CSMON_C28xx.lib : csmon.obj (.econst:_$P$T9$2)
                  003f00c2    00000018     rts2800_ml.lib : s_sinf.c.obj (.econst)
                  003f00da    00000014     CSMON_C28xx.lib : csmon.obj (.econst:_CSMON_au8FileImplementedFunctionCodes)
                  003f00ee    00000010     main.obj (.econst)
                  003f00fe    0000000c     CSMON_C28xx.lib : hmprotocol.obj (.econst:.string)
                  003f010a    0000000c     rts2800_ml.lib : s_floor.c.obj (.econst)
                  003f0116    00000006     CSMON_C28xx.lib : csmon.obj (.econst:_$P$T8$1)
                  003f011c    00000004     rts2800_ml.lib : k_rem_pio2.c.obj (.econst:_init_jk)
                  003f0120    00000003     CSMON_C28xx.lib : csmon.obj (.econst:_CSMON_au8FileParameterListElementsCountInPartTable)

.switch    0    003f096a    00000020     
                  003f096a    00000020     CSMON_C28xx.lib : csmon.obj (.switch:_CSMON_eSetParameter)

.reset     0    003fffc0    00000002     DSECT
                  003fffc0    00000002     rts2800_ml.lib : boot28.asm.obj (.reset)

vectors    0    003fffc2    00000000     DSECT

DevEmuRegsFile 
*          1    00000880    00000004     UNINITIALIZED
                  00000880    00000004     F2806x_GlobalVariableDefs.obj (DevEmuRegsFile)

SysPwrCtrlRegsFile 
*          1    00000985    00000003     UNINITIALIZED
                  00000985    00000003     F2806x_GlobalVariableDefs.obj (SysPwrCtrlRegsFile)

FlashRegsFile 
*          1    00000a80    00000008     UNINITIALIZED
                  00000a80    00000008     F2806x_GlobalVariableDefs.obj (FlashRegsFile)

CsmRegsFile 
*          1    00000ae0    00000010     UNINITIALIZED
                  00000ae0    00000010     F2806x_GlobalVariableDefs.obj (CsmRegsFile)

AdcResultFile 
*          1    00000b00    00000010     UNINITIALIZED
                  00000b00    00000010     F2806x_GlobalVariableDefs.obj (AdcResultFile)

CpuTimer0RegsFile 
*          1    00000c00    00000008     UNINITIALIZED
                  00000c00    00000008     F2806x_GlobalVariableDefs.obj (CpuTimer0RegsFile)

CpuTimer1RegsFile 
*          1    00000c08    00000008     UNINITIALIZED
                  00000c08    00000008     F2806x_GlobalVariableDefs.obj (CpuTimer1RegsFile)

CpuTimer2RegsFile 
*          1    00000c10    00000008     UNINITIALIZED
                  00000c10    00000008     F2806x_GlobalVariableDefs.obj (CpuTimer2RegsFile)

PieCtrlRegsFile 
*          1    00000ce0    0000001a     UNINITIALIZED
                  00000ce0    0000001a     F2806x_GlobalVariableDefs.obj (PieCtrlRegsFile)

PieVectTableFile 
*          1    00000d00    00000100     UNINITIALIZED
                  00000d00    00000100     F2806x_GlobalVariableDefs.obj (PieVectTableFile)

EmuKeyVar 
*          1    00000d00    00000001     UNINITIALIZED
                  00000d00    00000001     F2806x_GlobalVariableDefs.obj (EmuKeyVar)

EmuBModeVar 
*          1    00000d01    00000001     UNINITIALIZED
                  00000d01    00000001     F2806x_GlobalVariableDefs.obj (EmuBModeVar)

FlashCallbackVar 
*          1    00000d02    00000002     UNINITIALIZED
                  00000d02    00000002     F2806x_GlobalVariableDefs.obj (FlashCallbackVar)

FlashScalingVar 
*          1    00000d04    00000002     UNINITIALIZED
                  00000d04    00000002     F2806x_GlobalVariableDefs.obj (FlashScalingVar)

DmaRegsFile 
*          1    00001000    000000e0     UNINITIALIZED
                  00001000    000000e0     F2806x_GlobalVariableDefs.obj (DmaRegsFile)

Cla1RegsFile 
*          1    00001400    00000040     UNINITIALIZED
                  00001400    00000040     F2806x_GlobalVariableDefs.obj (Cla1RegsFile)

Usb0RegsFile 
*          1    00004000    00000454     UNINITIALIZED
                  00004000    00000454     F2806x_GlobalVariableDefs.obj (Usb0RegsFile)

McbspaRegsFile 
*          1    00005000    00000024     UNINITIALIZED
                  00005000    00000024     F2806x_GlobalVariableDefs.obj (McbspaRegsFile)

ECanaRegsFile 
*          1    00006000    00000034     UNINITIALIZED
                  00006000    00000034     F2806x_GlobalVariableDefs.obj (ECanaRegsFile)

ECanaLAMRegsFile 
*          1    00006040    00000040     UNINITIALIZED
                  00006040    00000040     F2806x_GlobalVariableDefs.obj (ECanaLAMRegsFile)

ECanaMOTSRegsFile 
*          1    00006080    00000040     UNINITIALIZED
                  00006080    00000040     F2806x_GlobalVariableDefs.obj (ECanaMOTSRegsFile)

ECanaMOTORegsFile 
*          1    000060c0    00000040     UNINITIALIZED
                  000060c0    00000040     F2806x_GlobalVariableDefs.obj (ECanaMOTORegsFile)

ECanaMboxesFile 
*          1    00006100    00000100     UNINITIALIZED
                  00006100    00000100     F2806x_GlobalVariableDefs.obj (ECanaMboxesFile)

Comp1RegsFile 
*          1    00006400    00000014     UNINITIALIZED
                  00006400    00000014     F2806x_GlobalVariableDefs.obj (Comp1RegsFile)

Comp2RegsFile 
*          1    00006420    00000014     UNINITIALIZED
                  00006420    00000014     F2806x_GlobalVariableDefs.obj (Comp2RegsFile)

Comp3RegsFile 
*          1    00006440    00000014     UNINITIALIZED
                  00006440    00000014     F2806x_GlobalVariableDefs.obj (Comp3RegsFile)

EPwm1RegsFile 
*          1    00006800    00000040     UNINITIALIZED
                  00006800    00000040     F2806x_GlobalVariableDefs.obj (EPwm1RegsFile)

EPwm2RegsFile 
*          1    00006840    00000040     UNINITIALIZED
                  00006840    00000040     F2806x_GlobalVariableDefs.obj (EPwm2RegsFile)

EPwm3RegsFile 
*          1    00006880    00000040     UNINITIALIZED
                  00006880    00000040     F2806x_GlobalVariableDefs.obj (EPwm3RegsFile)

EPwm4RegsFile 
*          1    000068c0    00000040     UNINITIALIZED
                  000068c0    00000040     F2806x_GlobalVariableDefs.obj (EPwm4RegsFile)

EPwm5RegsFile 
*          1    00006900    00000040     UNINITIALIZED
                  00006900    00000040     F2806x_GlobalVariableDefs.obj (EPwm5RegsFile)

EPwm6RegsFile 
*          1    00006940    00000040     UNINITIALIZED
                  00006940    00000040     F2806x_GlobalVariableDefs.obj (EPwm6RegsFile)

EPwm7RegsFile 
*          1    00006980    00000040     UNINITIALIZED
                  00006980    00000040     F2806x_GlobalVariableDefs.obj (EPwm7RegsFile)

EPwm8RegsFile 
*          1    000069c0    00000040     UNINITIALIZED
                  000069c0    00000040     F2806x_GlobalVariableDefs.obj (EPwm8RegsFile)

ECap1RegsFile 
*          1    00006a00    00000020     UNINITIALIZED
                  00006a00    00000020     F2806x_GlobalVariableDefs.obj (ECap1RegsFile)

ECap2RegsFile 
*          1    00006a20    00000020     UNINITIALIZED
                  00006a20    00000020     F2806x_GlobalVariableDefs.obj (ECap2RegsFile)

ECap3RegsFile 
*          1    00006a40    00000020     UNINITIALIZED
                  00006a40    00000020     F2806x_GlobalVariableDefs.obj (ECap3RegsFile)

HRCap1RegsFile 
*          1    00006ac0    00000020     UNINITIALIZED
                  00006ac0    00000020     F2806x_GlobalVariableDefs.obj (HRCap1RegsFile)

HRCap2RegsFile 
*          1    00006ae0    00000020     UNINITIALIZED
                  00006ae0    00000020     F2806x_GlobalVariableDefs.obj (HRCap2RegsFile)

EQep1RegsFile 
*          1    00006b00    00000022     UNINITIALIZED
                  00006b00    00000022     F2806x_GlobalVariableDefs.obj (EQep1RegsFile)

EQep2RegsFile 
*          1    00006b40    00000022     UNINITIALIZED
                  00006b40    00000022     F2806x_GlobalVariableDefs.obj (EQep2RegsFile)

HRCap3RegsFile 
*          1    00006c80    00000020     UNINITIALIZED
                  00006c80    00000020     F2806x_GlobalVariableDefs.obj (HRCap3RegsFile)

HRCap4RegsFile 
*          1    00006ca0    00000020     UNINITIALIZED
                  00006ca0    00000020     F2806x_GlobalVariableDefs.obj (HRCap4RegsFile)

GpioCtrlRegsFile 
*          1    00006f80    00000040     UNINITIALIZED
                  00006f80    00000040     F2806x_GlobalVariableDefs.obj (GpioCtrlRegsFile)

GpioDataRegsFile 
*          1    00006fc0    00000020     UNINITIALIZED
                  00006fc0    00000020     F2806x_GlobalVariableDefs.obj (GpioDataRegsFile)

GpioIntRegsFile 
*          1    00006fe0    00000020     UNINITIALIZED
                  00006fe0    00000020     F2806x_GlobalVariableDefs.obj (GpioIntRegsFile)

SysCtrlRegsFile 
*          1    00007010    00000030     UNINITIALIZED
                  00007010    00000030     F2806x_GlobalVariableDefs.obj (SysCtrlRegsFile)

SpiaRegsFile 
*          1    00007040    00000010     UNINITIALIZED
                  00007040    00000010     F2806x_GlobalVariableDefs.obj (SpiaRegsFile)

SciaRegsFile 
*          1    00007050    00000010     UNINITIALIZED
                  00007050    00000010     F2806x_GlobalVariableDefs.obj (SciaRegsFile)

NmiIntruptRegsFile 
*          1    00007060    00000010     UNINITIALIZED
                  00007060    00000010     F2806x_GlobalVariableDefs.obj (NmiIntruptRegsFile)

XIntruptRegsFile 
*          1    00007070    00000010     UNINITIALIZED
                  00007070    00000010     F2806x_GlobalVariableDefs.obj (XIntruptRegsFile)

AdcRegsFile 
*          1    00007100    00000050     UNINITIALIZED
                  00007100    00000050     F2806x_GlobalVariableDefs.obj (AdcRegsFile)

SpibRegsFile 
*          1    00007740    00000010     UNINITIALIZED
                  00007740    00000010     F2806x_GlobalVariableDefs.obj (SpibRegsFile)

ScibRegsFile 
*          1    00007750    00000010     UNINITIALIZED
                  00007750    00000010     F2806x_GlobalVariableDefs.obj (ScibRegsFile)

I2caRegsFile 
*          1    00007900    00000022     UNINITIALIZED
                  00007900    00000022     F2806x_GlobalVariableDefs.obj (I2caRegsFile)

PartIdRegsFile 
*          1    003d7e80    00000001     UNINITIALIZED
                  003d7e80    00000001     F2806x_GlobalVariableDefs.obj (PartIdRegsFile)

CsmPwlFile 
*          1    003f7ff8    00000008     UNINITIALIZED
                  003f7ff8    00000008     F2806x_GlobalVariableDefs.obj (CsmPwlFile)

.ebss.1    1    00008c00    00000400     UNINITIALIZED
                  00008c00    00000400     CSMON_C28xx.lib : modbusreg.obj (.ebss:_MODBUSREG_u32RegisterAccessTableInRam)

.ebss.2    1    00009000    00003000     UNINITIALIZED
                  00009000    00000800     CSMON_C28xx.lib : csmon.obj (.ebss:_CSMON_pasFileParameterShortNameRealocatable)
                  00009800    00000800                     : uart_drv.obj (.ebss:_UARTRxBufferTimeDiff)
                  0000a000    00000800                     : hmrec.obj (.ebss:_au8RecBuffer0)
[...]
003eae65  local     $30 (.text)
003eae93  local     $35 (.text)
003eaec2  local     $40 (.text)
003eae24  local     $5_$2 (.text)
00000000  local     .bss (.bss)
00000000  local     .data (.data)
003eae10  local     .text (.text)
003eae34  local     CHECK_SIGN1 (.text)
003eae6f  local     CHECK_SIGN2 (.text)
003eaea7  local     DGT3 (.text)
003eaea9  local     DIVUDenHighZero (.text)
003eae3e  local     EQ0 (.text)
003eae39  local     EQ1 (.text)
003eae77  local     EQ2 (.text)
003eaea2  local     EQ3 (.text)
003eaed3  local     EQ4 (.text)
003eae10  global    LL$$DIV (.text)
003eae4c  global    LL$$MOD (.text)
003eaef2  local     LOOP (.text)
003eaee1  local     MAINDIV (.text)
003eaf00  local     MD_NEQ (.text)
003eaed5  local     MODUDenHighZero (.text)
003eae37  local     RET1 (.text)
003eae72  local     RET2 (.text)
003eaea0  local     RET3 (.text)
003eaecf  local     RET4 (.text)
003eae74  local     RET_NUM1 (.text)
003eaed1  local     RET_NUM2 (.text)
003eae40  local     SDIVUDenHighZero (.text)
003eaf0a  local     SKIP (.text)
003eaf0c  local     SKIP1 (.text)
003eae7a  local     SMODUDenHighZero (.text)
003eae86  global    ULL$$DIV (.text)
003eaeb5  global    ULL$$MOD (.text)


================================================================================

rts2800_ml.lib : u_div28.asm.obj

Run/Load            
Value     Binding   Name (Section)
--------  --------  ---------------
00000000  local     .bss (.bss)
00000000  local     .data (.data)
003ee172  local     .text (.text)
003ee172  global    U$$DIV (.text)
003ee177  global    U$$MOD (.text)


================================================================================

rts2800_ml.lib : u_tofd28.asm.obj

Run/Load            
Value     Binding   Name (Section)
--------  --------  ---------------
00000000  local     .bss (.bss)
00000000  local     .data (.data)
003edd13  local     .text (.text)
003edd20  local     NORMALIZE (.text)
003edd28  local     OP_ZERO (.text)
003edd22  local     PACK (.text)
003edd27  local     RETURN (.text)
003edd25  local     RETURN_VALUE (.text)
003edd13  global    U$$TOFD (.text)


================================================================================

rts2800_ml.lib : u_tofs28.asm.obj

Run/Load            
Value     Binding   Name (Section)
--------  --------  ---------------
00000000  local     .bss (.bss)
00000000  local     .data (.data)
003edf51  local     .text (.text)
003edf60  local     RESTORE (.text)
003edf51  global    U$$TOFS (.text)
003edf60  local     ZERO (.text)


================================================================================

rts2800_ml.lib : l_tofs28.asm.obj

Run/Load            
Value     Binding   Name (Section)
--------  --------  ---------------
00000000  local     .bss (.bss)
00000000  local     .data (.data)
003edb7b  local     .text (.text)
003edb7b  global    L$$TOFS (.text)
003edb91  local     OVERFLOW (.text)
003edb90  local     RETURN (.text)
003edb90  local     ZERO (.text)


================================================================================

rts2800_ml.lib : ul_tofs28.asm.obj

Run/Load            
Value     Binding   Name (Section)
--------  --------  ---------------
00000000  local     .bss (.bss)
00000000  local     .data (.data)
003ede0d  local     .text (.text)
003ede15  local     LEFT_SHIFT (.text)
003ede17  local     PACK (.text)
003ede1f  local     RETURN (.text)
003ede0d  global    UL$$TOFS (.text)
003ede1f  local     ZERO (.text)


================================================================================

rts2800_ml.lib : prolog28.asm.obj

Run/Load            
Value     Binding   Name (Section)
--------  --------  ---------------
00000000  local     .bss (.bss)
00000000  local     .data (.data)
003edbf9  local     .text (.text)
003edbf9  global    _prolog_c28x_1 (.text)
003edbfd  global    _prolog_c28x_2 (.text)
003edc05  global    _prolog_c28x_3 (.text)


================================================================================

rts2800_ml.lib : fs_tofd28.asm.obj

Run/Load            
Value     Binding   Name (Section)
--------  --------  ---------------
00000000  local     .bss (.bss)
00000000  local     .data (.data)
003eda56  local     .text (.text)
003eda56  global    FS$$TOFD (.text)
003eda6a  local     OVERFLOW (.text)
003eda69  local     RETURN (.text)
003eda67  local     RETURN_VALUE (.text)
003eda70  local     UNDERFLOW (.text)


================================================================================

rts2800_ml.lib : fd_div28.asm.obj

Run/Load            
Value     Binding   Name (Section)
--------  --------  ---------------
003ec00d  local     $1_$3 (.text)
003ec018  local     $2_$3 (.text)
00000000  local     .bss (.bss)
00000000  local     .data (.data)
003ebfd1  local     .text (.text)
003ec027  local     DIV_END (.text)
003ec008  local     DIV_START (.text)
003ebfd1  global    FD$$DIV (.text)
003ec02a  local     NORMALIZE (.text)
003ec054  local     OVERFLOW (.text)
003ec04f  local     RETURN (.text)
003ec04d  local     RETURN_VALUE (.text)
003ec03f  local     RND64_SET_MANT$3$ (.text)
003ec033  local     ROUND (.text)
003ec05a  local     UNDERFLOW (.text)


================================================================================

rts2800_ml.lib : cpy_tbl.c.obj

Run/Load            
Value     Binding   Name (Section)
--------  --------  ---------------
003ed729  local     $C$L1 (.text)
003ed73c  local     $C$L2 (.text)
003ed73d  local     $C$L3 (.text)
00000000  local     .bss (.bss)
00000000  local     .data (.data)
003ed721  local     .text (.text)
003ed721  global    _copy_in (.text)


================================================================================

rts2800_ml.lib : memcpy.c.obj

Run/Load            
Value     Binding   Name (Section)
--------  --------  ---------------
003ed9cf  local     $C$L1 (.text)
003ed9d3  local     $C$L2 (.text)
003ed9da  local     $C$L3 (.text)
003ed9dc  local     $C$L4 (.text)
003ed9e4  local     $C$L5 (.text)
00000000  local     .bss (.bss)
00000000  local     .data (.data)
003ed9c9  local     .text (.text)
003ed9c9  global    _memcpy (.text)


================================================================================

rts2800_ml.lib : pre_init.c.obj

Run/Load            
Value     Binding   Name (Section)
--------  --------  ---------------
00000000  local     .bss (.bss)
00000000  local     .data (.data)
003ee6db  local     .text (.text)
003ee6db  global    __system_pre_init (.text)


================================================================================

rts2800_ml.lib : startup.c.obj

Run/Load            
Value     Binding   Name (Section)
--------  --------  ---------------
00000000  local     .bss (.bss)
00000000  local     .data (.data)
003ee6df  local     .text (.text)
003ee6df  global    __system_post_cinit (.text)


================================================================================

rts2800_ml.lib : e_rem_pio2f.c.obj

Run/Load            
Value     Binding   Name (Section)
--------  --------  ---------------
003f007e  local     $C$FL1 (.econst)
003f0082  local     $C$FL2 (.econst)
003f0086  local     $C$FL3 (.econst)
003f008a  local     $C$FL4 (.econst)
003eba3a  local     $C$L1 (.text)
003eba48  local     $C$L2 (.text)
003eba74  local     $C$L3 (.text)
003eba79  local     $C$L4 (.text)
00000000  local     .bss (.bss)
00000000  local     .data (.data)
003f0072  local     .econst (.econst)
003eb9d7  local     .text (.text)
003eb9d7  global    ___rem_pio2f (.text)
003f0072  local     _invpio2 (.econst)
003f0076  local     _pio2_1 (.econst)
003f007a  local     _pio2_1t (.econst)


================================================================================

rts2800_ml.lib : k_rem_pio2.c.obj

Run/Load            
Value     Binding   Name (Section)
--------  --------  ---------------
003effee  local     $C$FL1 (.econst)
003efff2  local     $C$FL2 (.econst)
003efff6  local     $C$FL3 (.econst)
003efffa  local     $C$FL4 (.econst)
003efffe  local     $C$FL5 (.econst)
003f0002  local     $C$FL6 (.econst)
003f0006  local     $C$FL7 (.econst)
003e9c50  local     $C$L1 (.text)
003e9d0a  local     $C$L10 (.text)
003e9d37  local     $C$L11 (.text)
003e9d57  local     $C$L12 (.text)
003e9d7c  local     $C$L13 (.text)
003e9d9b  local     $C$L14 (.text)
003e9da2  local     $C$L15 (.text)
003e9dbf  local     $C$L16 (.text)
003e9e0d  local     $C$L17 (.text)
003e9e79  local     $C$L18 (.text)
003e9e7d  local     $C$L19 (.text)
003e9c78  local     $C$L2 (.text)
003e9e8b  local     $C$L20 (.text)
003e9eb4  local     $C$L21 (.text)
003e9eb9  local     $C$L22 (.text)
003e9ec4  local     $C$L23 (.text)
003e9ed0  local     $C$L24 (.text)
003e9ed5  local     $C$L25 (.text)
003e9edb  local     $C$L26 (.text)
003e9ef8  local     $C$L27 (.text)
003e9f04  local     $C$L28 (.text)
003e9f2f  local     $C$L29 (.text)
003e9c83  local     $C$L3 (.text)
003e9f5d  local     $C$L30 (.text)
003e9fa8  local     $C$L31 (.text)
003e9fad  local     $C$L32 (.text)
003e9fc5  local     $C$L33 (.text)
003e9fcf  local     $C$L34 (.text)
003e9fde  local     $C$L35 (.text)
003e9fe8  local     $C$L36 (.text)
003ea003  local     $C$L37 (.text)
003ea013  local     $C$L38 (.text)
003ea015  local     $C$L39 (.text)
003e9c8f  local     $C$L4 (.text)
003ea035  local     $C$L40 (.text)
003ea05d  local     $C$L41 (.text)
003ea074  local     $C$L42 (.text)
003ea088  local     $C$L43 (.text)
003ea0b6  local     $C$L44 (.text)
003ea0d4  local     $C$L45 (.text)
003ea0f2  local     $C$L46 (.text)
003ea141  local     $C$L47 (.text)
003ea17b  local     $C$L48 (.text)
003ea193  local     $C$L49 (.text)
003e9ca0  local     $C$L5 (.text)
003ea1a4  local     $C$L50 (.text)
003ea1c1  local     $C$L51 (.text)
003ea1dc  local     $C$L52 (.text)
003ea1ef  local     $C$L53 (.text)
003ea200  local     $C$L54 (.text)
003ea20e  local     $C$L55 (.text)
003ea218  local     $C$L56 (.text)
003ea239  local     $C$L57 (.text)
003ea24a  local     $C$L58 (.text)
003ea258  local     $C$L59 (.text)
003e9cac  local     $C$L6 (.text)
003ea262  local     $C$L60 (.text)
003ea26c  local     $C$L61 (.text)
003ea27f  local     $C$L62 (.text)
003ea290  local     $C$L63 (.text)
003ea29e  local     $C$L64 (.text)
003ea2a8  local     $C$L65 (.text)
003ea2b1  local     $C$L66 (.text)
003e9cc9  local     $C$L7 (.text)
003e9cee  local     $C$L8 (.text)
003e9d03  local     $C$L9 (.text)
00000000  local     .bss (.bss)
00000000  local     .data (.data)
003effde  local     .econst (.econst)
003f0032  local     .econst:_PIo2 (.econst:_PIo2)
003f011c  local     .econst:_init_jk (.econst:_init_jk)
003eff0a  local     .econst:_ipio2 (.econst:_ipio2)
003e9c22  local     .text (.text)
003f0032  local     _PIo2 (.econst:_PIo2)
003e9c22  global    ___kernel_rem_pio2 (.text)
003f011c  local     _init_jk (.econst:_init_jk)
003eff0a  local     _ipio2 (.econst:_ipio2)
003effe2  local     _one (.econst)
003effe6  local     _two24 (.econst)
003effea  local     _twon24 (.econst)
003effde  local     _zero (.econst)


================================================================================

rts2800_ml.lib : exit.c.obj

Run/Load            
Value     Binding   Name (Section)
--------  --------  ---------------
003ed3f2  local     $C$L1 (.text)
003ed405  local     $C$L2 (.text)
003ed410  local     $C$L3 (.text)
003ed416  local     $C$L4 (.text)
00000000  local     .bss (.bss)
003f0794  local     .cinit (.cinit)
00000000  local     .data (.data)
0000cb1c  local     .ebss (.ebss)
003ed3f1  local     .text (.text)
003ed3f1  global    C$$EXIT (.text)
0000cb1e  global    ___TI_cleanup_ptr (.ebss)
0000cb20  global    ___TI_dtors_ptr (.ebss)
0000cb1c  global    ___TI_enable_exit_profile_output (.ebss)
003ed3f1  global    _abort (.text)
003ed3f3  global    _exit (.text)


================================================================================

rts2800_ml.lib : _lock.c.obj

Run/Load            
Value     Binding   Name (Section)
--------  --------  ---------------
00000000  local     .bss (.bss)
003f0939  local     .cinit:__lock (.cinit:__lock)
003f093e  local     .cinit:__unlock (.cinit:__unlock)
00000000  local     .data (.data)
0000cb7a  local     .ebss:__lock (.ebss:__lock)
0000cb7c  local     .ebss:__unlock (.ebss:__unlock)
003ee234  local     .text (.text)
0000cb7a  global    __lock (.ebss:__lock)
003ee23c  global    __nop (.text)
003ee238  global    __register_lock (.text)
003ee234  global    __register_unlock (.text)
0000cb7c  global    __unlock (.ebss:__unlock)


================================================================================

rts2800_ml.lib : args_main.c.obj

Run/Load            
Value     Binding   Name (Section)
--------  --------  ---------------
003ededb  local     $C$L1 (.text)
003edede  local     $C$L2 (.text)
00000000  local     .bss (.bss)
00000000  local     .data (.data)
003eded0  local     .text (.text)
003eded0  global    __args_main (.text)


================================================================================

rts2800_ml.lib : s_floor.c.obj

Run/Load            
Value     Binding   Name (Section)
--------  --------  ---------------
003f010e  local     $C$FL1 (.econst)
003f0112  local     $C$FL2 (.econst)
003eb335  local     $C$L1 (.text)
003eb38d  local     $C$L10 (.text)
003eb3ad  local     $C$L11 (.text)
003eb3af  local     $C$L12 (.text)
003eb3bb  local     $C$L13 (.text)
003eb3c0  local     $C$L14 (.text)
003eb33a  local     $C$L2 (.text)
003eb33b  local     $C$L3 (.text)
003eb343  local     $C$L4 (.text)
003eb356  local     $C$L5 (.text)
003eb365  local     $C$L6 (.text)
003eb368  local     $C$L7 (.text)
003eb384  local     $C$L8 (.text)
003eb38a  local     $C$L9 (.text)
00000000  local     .bss (.bss)
00000000  local     .data (.data)
003f010a  local     .econst (.econst)
003eb2dd  local     .text (.text)
003eb2dd  global    _floorl (.text)
003f010a  local     _huge (.econst)


================================================================================

rts2800_ml.lib : s_scalbn.c.obj

Run/Load            
Value     Binding   Name (Section)
--------  --------  ---------------
003f009a  local     $C$FL1 (.econst)
003f009e  local     $C$FL2 (.econst)
003f00a2  local     $C$FL3 (.econst)
003f00a6  local     $C$FL4 (.econst)
003eb953  local     $C$L1 (.text)
003eb96c  local     $C$L2 (.text)
003eb97e  local     $C$L3 (.text)
003eb989  local     $C$L4 (.text)
003eb99e  local     $C$L5 (.text)
003eb9a4  local     $C$L6 (.text)
003eb9af  local     $C$L7 (.text)
003eb9cf  local     $C$L8 (.text)
003eb9d3  local     $C$L9 (.text)
00000000  local     .bss (.bss)
00000000  local     .data (.data)
003f008e  local     .econst (.econst)
003eb92d  local     .text (.text)
003eb92d  global    _ldexpl (.text)
003eb92d  global    _scalbnl (.text)
003f0096  local     _tiny (.econst)
003f008e  local     _two54 (.econst)
003f0092  local     _twom54 (.econst)


================================================================================

rts2800_ml.lib : s_copysign.c.obj

Run/Load            
Value     Binding   Name (Section)
--------  --------  ---------------
003ed7cf  local     $C$L1 (.text)
00000000  local     .bss (.bss)
00000000  local     .data (.data)
003ed7ae  local     .text (.text)
003ed7ae  global    _copysignl (.text)


================================================================================

rts2800_ml.lib : k_cosf.c.obj

Run/Load            
Value     Binding   Name (Section)
--------  --------  ---------------
003f001e  local     $C$FL1 (.econst)
003f0022  local     $C$FL2 (.econst)
003f0026  local     $C$FL3 (.econst)
003f002a  local     $C$FL4 (.econst)
003f002e  local     $C$FL5 (.econst)
00000000  local     .bss (.bss)
00000000  local     .data (.data)
003f000a  local     .econst (.econst)
003ec0e3  local     .text (.text)
003f000e  local     _C0 (.econst)
003f0012  local     _C1 (.econst)
003f0016  local     _C2 (.econst)
003f001a  local     _C3 (.econst)
003ec0e3  global    ___kernel_cosdf (.text)
003f000a  local     _one (.econst)


================================================================================

rts2800_ml.lib : k_sinf.c.obj

Run/Load            
Value     Binding   Name (Section)
--------  --------  ---------------
003f0062  local     $C$FL1 (.econst)
003f0066  local     $C$FL2 (.econst)
003f006a  local     $C$FL3 (.econst)
003f006e  local     $C$FL4 (.econst)
00000000  local     .bss (.bss)
00000000  local     .data (.data)
003f0052  local     .econst (.econst)
003ebe22  local     .text (.text)
003f0052  local     _S1 (.econst)
003f0056  local     _S2 (.econst)
003f005a  local     _S3 (.econst)
003f005e  local     _S4 (.econst)
003ebe22  global    ___kernel_sindf (.text)


================================================================================

rts2800_ml.lib : fd_cmp28.asm.obj

Run/Load            
Value     Binding   Name (Section)
--------  --------  ---------------
00000000  local     .bss (.bss)
00000000  local     .data (.data)
003ed3c7  local     .text (.text)
003ed3d7  local     CHECK_INF (.text)
003ed3c7  global    FD$$CMP (.text)
003ed3ee  local     NO_NEG (.text)
003ed3ef  local     OP_EQUAL (.text)
003ed3e7  local     RETURN (.text)


================================================================================

rts2800_ml.lib : fd_tol28.asm.obj

Run/Load            
Value     Binding   Name (Section)
--------  --------  ---------------
00000000  local     .bss (.bss)
00000000  local     .data (.data)
003ed953  local     .text (.text)
003ed953  global    FD$$TOL (.text)
003ed96c  local     OVERFLOW (.text)
003ed96b  local     RETURN_VALUE (.text)
003ed970  local     UNDERFLOW (.text)


================================================================================

rts2800_ml.lib : ll_aox28.asm.obj

Run/Load            
Value     Binding   Name (Section)
--------  --------  ---------------
00000000  local     .bss (.bss)
00000000  local     .data (.data)
003edc5a  local     .text (.text)
003edc5a  global    LL$$AND (.text)
003edc62  global    LL$$OR (.text)
003edc6a  global    LL$$XOR (.text)


================================================================================

rts2800_ml.lib : i_div28.asm.obj

Run/Load            
Value     Binding   Name (Section)
--------  --------  ---------------
00000000  local     .bss (.bss)
00000000  local     .data (.data)
003ed7d1  local     .text (.text)
003ed7d1  global    I$$DIV (.text)
003ed7e2  global    I$$MOD (.text)
003ed7e1  local     RET1 (.text)
003ed7f1  local     RET2 (.text)


================================================================================

rts2800_ml.lib : l_tofd28.asm.obj

Run/Load            
Value     Binding   Name (Section)
--------  --------  ---------------
003eda80  local     $10 (.text)
00000000  local     .bss (.bss)
00000000  local     .data (.data)
003eda72  local     .text (.text)
003eda72  global    L$$TOFD (.text)
003eda8c  local     OP_ZERO (.text)
003eda8b  local     RETURN (.text)
003eda89  local     RETURN_VALUE (.text)


================================================================================

rts2800_ml.lib : fd_tofs28.asm.obj

Run/Load            
Value     Binding   Name (Section)
--------  --------  ---------------
00000000  local     .bss (.bss)
00000000  local     .data (.data)
003ed835  local     .text (.text)
003ed842  local     EXP_EVAL (.text)
003ed835  global    FD$$TOFS (.text)
003ed84e  local     OVERFLOW (.text)
003ed84d  local     RETURN_VALUE (.text)
003ed854  local     UNDERFLOW (.text)


================================================================================

rts2800_ml.lib : errno.c.obj

Run/Load            
Value     Binding   Name (Section)
--------  --------  ---------------
00000000  local     .bss (.bss)
003f0963  local     .cinit (.cinit)
00000000  local     .data (.data)
0000cb85  local     .ebss (.ebss)
00000000  local     .text (.text)
0000cb85  global    _errno (.ebss)


================================================================================

