******************************************************************************
             TMS320C2000 Linker PC v22.6.0                     
******************************************************************************
>> Linked Tue Oct  4 21:13:39 2022

OUTPUT FILE NAME:   <../../../04_Output_Files/Motor28062/TEST_CSMON_C28xx.out>
ENTRY POINT SYMBOL: "_c_int00"  address: 003edb3e


MEMORY CONFIGURATION

         name            origin    length      used     unused   attr    fill
----------------------  --------  ---------  --------  --------  ----  --------
PAGE 0:
  RAML0                 00008000   00000800  00000029  000007d7  RWIX
  RAML1                 00008800   00000400  00000000  00000400  RWIX
  OTP                   003d7800   00000400  00000000  00000400  RWIX
  FLASH_APP             003e8000   0000dff0  0000ae80  00003170  RWIX
  CSM_RSVD              003f7f80   00000076  00000076  00000000  RWIX
  BEGIN                 003f7ff6   00000002  00000002  00000000  RWIX
  CSM_PWL_P0            003f7ff8   00000008  00000008  00000000  RWIX
  FPUTABLES             003fd590   000006a0  00000000  000006a0  RWIX
  IQTABLES              003fdf00   00000b50  00000000  00000b50  RWIX
  IQTABLES2             003fea50   0000008c  00000000  0000008c  RWIX
  IQTABLES3             003feadc   000000aa  00000000  000000aa  RWIX
  ROM                   003ff3b0   00000c10  00000000  00000c10  RWIX
  RESET                 003fffc0   00000002  00000000  00000002  RWIX
  VECTORS               003fffc2   0000003e  00000000  0000003e  RWIX

PAGE 1:
  BOOT_RSVD             00000000   00000050  00000000  00000050  RWIX
  RAMM0                 00000050   000003b0  00000380  00000030  RWIX
  RAMM1                 00000400   00000400  00000000  00000400  RWIX
  DEV_EMU               00000880   00000105  00000004  00000101  RWIX
  SYS_PWR_CTL           00000985   00000003  00000003  00000000  RWIX
  FLASH_REGS            00000a80   00000060  00000008  00000058  RWIX
  CSM                   00000ae0   00000020  00000010  00000010  RWIX
  ADC_RESULT            00000b00   00000020  00000010  00000010  RWIX
  CPU_TIMER0            00000c00   00000008  00000008  00000000  RWIX
  CPU_TIMER1            00000c08   00000008  00000008  00000000  RWIX
  CPU_TIMER2            00000c10   00000008  00000008  00000000  RWIX
  PIE_CTRL              00000ce0   00000020  0000001a  00000006  RWIX
  PIE_VECT              00000d00   00000100  00000100  00000000  RWIX
  DMA                   00001000   00000200  000000e0  00000120  RWIX
  CLA1                  00001400   00000080  00000040  00000040  RWIX
  USB0                  00004000   00001000  00000454  00000bac  RWIX
  McBSPA                00005000   00000040  00000024  0000001c  RWIX
  ECANA                 00006000   00000040  00000034  0000000c  RWIX
  ECANA_LAM             00006040   00000040  00000040  00000000  RWIX
  ECANA_MOTS            00006080   00000040  00000040  00000000  RWIX
  ECANA_MOTO            000060c0   00000040  00000040  00000000  RWIX
  ECANA_MBOX            00006100   00000100  00000100  00000000  RWIX
  COMP1                 00006400   00000020  00000014  0000000c  RWIX
  COMP2                 00006420   00000020  00000014  0000000c  RWIX
  COMP3                 00006440   00000020  00000014  0000000c  RWIX
  EPWM1                 00006800   00000040  00000040  00000000  RWIX
  EPWM2                 00006840   00000040  00000040  00000000  RWIX
  EPWM3                 00006880   00000040  00000040  00000000  RWIX
  EPWM4                 000068c0   00000040  00000040  00000000  RWIX
  EPWM5                 00006900   00000040  00000040  00000000  RWIX
  EPWM6                 00006940   00000040  00000040  00000000  RWIX
  EPWM7                 00006980   00000040  00000040  00000000  RWIX
  EPWM8                 000069c0   00000040  00000040  00000000  RWIX
  ECAP1                 00006a00   00000020  00000020  00000000  RWIX
  ECAP2                 00006a20   00000020  00000020  00000000  RWIX
  ECAP3                 00006a40   00000020  00000020  00000000  RWIX
  HRCAP1                00006ac0   00000020  00000020  00000000  RWIX
  HRCAP2                00006ae0   00000020  00000020  00000000  RWIX
  EQEP1                 00006b00   00000040  00000022  0000001e  RWIX
  EQEP2                 00006b40   00000040  00000022  0000001e  RWIX
  HRCAP3                00006c80   00000020  00000020  00000000  RWIX
  HRCAP4                00006ca0   00000020  00000020  00000000  RWIX
  GPIOCTRL              00006f80   00000040  00000040  00000000  RWIX
  GPIODAT               00006fc0   00000020  00000020  00000000  RWIX
  GPIOINT               00006fe0   00000020  00000020  00000000  RWIX
  SYSTEM                00007010   00000030  00000030  00000000  RWIX
  SPIA                  00007040   00000010  00000010  00000000  RWIX
  SCIA                  00007050   00000010  00000010  00000000  RWIX
  NMIINTRUPT            00007060   00000010  00000010  00000000  RWIX
  XINTRUPT              00007070   00000010  00000010  00000000  RWIX
  ADC                   00007100   00000080  00000050  00000030  RWIX
  SPIB                  00007740   00000010  00000010  00000000  RWIX
  SCIB                  00007750   00000010  00000010  00000000  RWIX
  I2CA                  00007900   00000040  00000022  0000001e  RWIX
  RAML2                 00008c00   00000400  00000000  00000400  RWIX
  RAML3                 00009000   00001000  00000000  00001000  RWIX
  RAML4                 0000a000   00002000  00002000  00000000  RWIX
  RAML5                 0000c000   00002000  000018a2  0000075e  RWIX
  RAML6                 0000e000   00002000  00000000  00002000  RWIX
  RAML7                 00010000   00002000  00000000  00002000  RWIX
  RAML8                 00012000   00002000  00000000  00002000  RWIX
  USB_RAM               00040000   00000800  00000000  00000800  RWIX
  PARTID                003d7e80   00000001  00000001  00000000  RWIX
  CSM_PWL               003f7ff8   00000008  00000008  00000000  RWIX


SECTION ALLOCATION MAP

 output                                  attributes/
section   page    origin      length       input sections
--------  ----  ----------  ----------   ----------------
.cinit     0    003f2548    00000918     
                  003f2548    0000021f     CSMON_C28xx.lib : hmmodbus.obj (.cinit)
                  003f2767    00000142     main.obj (.cinit)
                  003f28a9    000000ca     CSMON_C28xx.lib : csmon.obj (.cinit)
                  003f2973    000000c3                     : modbusreg.obj (.cinit:_QueueTestTable)
                  003f2a36    00000078                     : modbusreg.obj (.cinit)
                  003f2aae    0000003f                     : csmon.obj (.cinit:_CSMON_au8FileRecorderDataElementsSizeTable)
                  003f2aed    00000033                     : hmrecparam.obj (.cinit:_sRecStatusParam)
                  003f2b20    00000030                     : csmon.obj (.cinit:_CSMON_au8FileRecorderConfigElementsSizeTable)
                  003f2b50    0000002b                     : csmon.obj (.cinit:_CSMON_au8FileScopeConfigurationElementsSizeTable)
                  003f2b7b    0000001f                     : hmrecparam.obj (.cinit:_sRecStatusParamInternal)
                  003f2b9a    00000016     main.obj (.cinit:_sExternalRecoderHandle)
                  003f2bb0    00000015     CSMON_C28xx.lib : csmon.obj (.cinit:_CSMON_sFileAutorization)
                  003f2bc5    00000014                     : hmdrv.obj (.cinit)
                  003f2bd9    00000014                     : hmprotocol.obj (.cinit)
                  003f2bed    00000013                     : modbusreg.obj (.cinit:_MODBUSREG_au8DeviceIDUserApplicationName)
                  003f2c00    00000013                     : modbusreg.obj (.cinit:_MODBUSREG_au8DeviceIDVendorUrl)
                  003f2c13    00000013                     : modbusreg.obj (.cinit:_MODBUSREG_au8ServerIDData)
                  003f2c26    00000010     rtc_drv.obj (.cinit)
                  003f2c36    0000000f     CSMON_C28xx.lib : csmon.obj (.cinit:_CSMON_sDateTime)
                  003f2c45    0000000f                     : csmon.obj (.cinit:_CSMON_sDateTimeApplication)
                  003f2c54    0000000f                     : csmon.obj (.cinit:_CSMON_sDateTimeDefault)
                  003f2c63    0000000f                     : modbusreg.obj (.cinit:_MODBUSREG_au8DeviceIDModelName)
                  003f2c72    0000000f     device.obj (.cinit)
                  003f2c81    0000000e     rts2800_ml.lib : exit.c.obj (.cinit)
                  003f2c8f    0000000d     CSMON_C28xx.lib : csmon.obj (.cinit:_CSMON_au8FileParameterCountElementsSizeTable)
                  003f2c9c    0000000d                     : csmon.obj (.cinit:_CSMON_au8FileRTCElementsSizeTable)
                  003f2ca9    0000000d                     : csmon.obj (.cinit:_sHashKey)
                  003f2cb6    0000000d     tmr_drv.obj (.cinit)
                  003f2cc3    0000000c     CSMON_C28xx.lib : csmon.obj (.cinit:_CSMON_au8FileParameterNumericElementsSizeTable)
                  003f2ccf    0000000c                     : modbusreg.obj (.cinit:_MODBUSREG_au8DeviceIDProductName)
                  003f2cdb    0000000c                     : modbusreg.obj (.cinit:_MODBUSREG_au8DeviceIDUserReserve0)
                  003f2ce7    0000000c                     : modbusreg.obj (.cinit:_MODBUSREG_au8DeviceIDUserReserve1)
                  003f2cf3    0000000c                     : modbusreg.obj (.cinit:_MODBUSREG_au8DeviceIDUserReserve2)
                  003f2cff    0000000c                     : modbusreg.obj (.cinit:_MODBUSREG_au8DeviceIDVendorName)
                  003f2d0b    0000000b                     : hmrecparam.obj (.cinit:_HMRECPRM_sDateTime)
                  003f2d16    0000000b     main.obj (.cinit:_MAIN_sDateTimeGet)
                  003f2d21    0000000b     main.obj (.cinit:_MAIN_sDateTimeSet)
                  003f2d2c    0000000b     uart_driver.obj (.cinit:_UART_DRV_RXIntOverflowCounter)
                  003f2d37    0000000b     uart_driver.obj (.cinit:_UART_DRV_u32TimeDiffLast)
                  003f2d42    0000000b     uart_driver.obj (.cinit:_UART_DRV_u32TimeDiffNow)
                  003f2d4d    0000000b     CSMON_C28xx.lib : uart_drv.obj (.cinit:_UART_RXIntOverflowCounter)
                  003f2d58    0000000b     tmr_drv.obj (.cinit:_pfDelayedFunction)
                  003f2d63    0000000b     tmr_drv.obj (.cinit:_pfDelayedFunction_u8)
                  003f2d6e    0000000b     CSMON_C28xx.lib : uart_drv.obj (.cinit:_u32TimeDiffLast)
                  003f2d79    0000000b                     : uart_drv.obj (.cinit:_u32TimeDiffNow)
                  003f2d84    0000000b                     : uart_drv.obj (.cinit:_u32TimeDiffRead)
                  003f2d8f    00000009                     : hmserial.obj (.cinit)
                  003f2d98    00000009                     : csmon.obj (.cinit:_CSMON_au32FileAutorization_FunctionAfterWriteFileRecord)
                  003f2da1    00000009                     : csmon.obj (.cinit:_CSMON_sFileParameterCount)
                  003f2daa    00000009                     : hmscopeparam.obj (.cinit:_pBufferScope)
                  003f2db3    00000008                     : hmlib.obj (.cinit)
                  003f2dbb    00000007                     : csmon.obj (.cinit:_CSMON_au8FileParameterListElementsSizeTablePart1)
                  003f2dc2    00000007                     : csmon.obj (.cinit:_CSMON_au8FileRecorderStatusElementsSizeTable)
                  003f2dc9    00000007                     : modbusreg.obj (.cinit:_MODBUSREG_au8DeviceIDMajorMinorRevision)
                  003f2dd0    00000007                     : modbusreg.obj (.cinit:_MODBUSREG_au8DeviceIDProductCode)
                  003f2dd7    00000007                     : uart_drv.obj (.cinit:_UARTRxBufferRDCount)
                  003f2dde    00000007                     : uart_drv.obj (.cinit:_UARTRxBufferRDIndex)
                  003f2de5    00000007                     : uart_drv.obj (.cinit:_UARTRxBufferWRCount)
                  003f2dec    00000007                     : uart_drv.obj (.cinit:_UARTRxBufferWRIndex)
                  003f2df3    00000007     uart_driver.obj (.cinit:_UART_DRV_RxBufferRDCount)
                  003f2dfa    00000007     uart_driver.obj (.cinit:_UART_DRV_RxBufferWRCount)
                  003f2e01    00000007     uart_driver.obj (.cinit:_UART_DRV_RxBufferWRIndex)
                  003f2e08    00000006     CSMON_C28xx.lib : csmon.obj (.cinit:_CSMON_abFileAutorization_RecordReadOnly)
                  003f2e0e    00000006                     : csmon.obj (.cinit:_CSMON_abFileAutorization_RecordStringData)
                  003f2e14    00000006                     : csmon.obj (.cinit:_CSMON_au16FileAutorization_RecordOffsets)
                  003f2e1a    00000006                     : csmon.obj (.cinit:_CSMON_au8FileRecorderDataElementsSizeTableUsedLength)
                  003f2e20    00000006                     : csmon.obj (.cinit:_CSMON_sFileProtocolVersion)
                  003f2e26    00000005                     : modbusreg.obj (.cinit:_HMMODBUS_u32CoilAddressTableInRam)
                  003f2e2b    00000005                     : modbusreg.obj (.cinit:_MODBUSREG_sInputCoilAddressTableInRam)
                  003f2e30    00000005     rts2800_ml.lib : _lock.c.obj (.cinit:__lock)
                  003f2e35    00000005                    : _lock.c.obj (.cinit:__unlock)
                  003f2e3a    00000004     CSMON_C28xx.lib : hmscopeparam.obj (.cinit)
                  003f2e3e    00000004                     : uart_drv.obj (.cinit)
                  003f2e42    00000004                     : csmon.obj (.cinit:_CSMON_au8FileParameterListElementsSizeTablePart2)
                  003f2e46    00000004                     : csmon.obj (.cinit:_CSMON_au8FileParameterListElementsSizeTablePart3)
                  003f2e4a    00000004                     : csmon.obj (.cinit:_CSMON_au8FileScopeStatusElementsSizeTable)
                  003f2e4e    00000004                     : csmon.obj (.cinit:_CSMON_sFileParameterAccessList)
                  003f2e52    00000004                     : modbusreg.obj (.cinit:_MODBUSREG_asFileTable)
                  003f2e56    00000004                     : modbusreg.obj (.cinit:_MODBUSREG_asQueueTable)
                  003f2e5a    00000004     rts2800_ml.lib : errno.c.obj (.cinit)
                  003f2e5e    00000002     --HOLE-- [fill = 0]

.pinit     0    003e8000    00000000     UNINITIALIZED

.text      0    003e8000    000077fd     
                  003e8000    00001543     CSMON_C28xx.lib : hmmodbus.obj (.text:_HMMODBUS_bDecoder)
                  003e9543    00000ac2                     : modbusreg.obj (.text:_MODBUSREG_AddressTablesInit)
                  003ea005    00000698     rts2800_ml.lib : k_rem_pio2.c.obj (.text)
                  003ea69d    0000048d     CSMON_C28xx.lib : csmon.obj (.text:_CSMON_eSetParameter)
                  003eab2a    000001db                     : csmon.obj (.text:_CSMON_eInit)
                  003ead05    000001c9     main.obj (.text:_main)
                  003eaece    0000017c     CSMON_C28xx.lib : csmon.obj (.text:_CSMON_eProcess)
                  003eb04a    00000178                     : csmon.obj (.text:_CSMON_eSetUpRecParam)
                  003eb1c2    0000013c                     : csmon.obj (.text:_CSMON_vCheckLoadRecorderTable)
                  003eb2fe    00000132                     : csmon.obj (.text:_CSMON_vSetupHoldingRegistersAndCoilsAddressTableFromCSMONParameterList)
                  003eb430    0000012c                     : hmmodbus.obj (.text:_HMMODBUS_vSetFreeRunTimerPrescaller)
                  003eb55c    00000127                     : hmmodbus.obj (.text:_HMMODBUS_Rx)
                  003eb683    00000114     rts2800_ml.lib : s_sinf.c.obj (.text)
                  003eb797    00000107                    : ll_div28.asm.obj (.text)
                  003eb89e    00000101     CSMON_C28xx.lib : hmmodbus.obj (.text:_HMMODBUS_GetRealRegisterAddressAndSize)
                  003eb99f    000000fa                     : csmon.obj (.text:_CSMON_vCheckSaveRecorderTable)
                  003eba99    000000f8                     : hmprotocol.obj (.text:_HMPROTOCOL_bDecoder)
                  003ebb91    000000f1                     : csmon.obj (.text:_CSMON_vFileRecoderStatusFix)
                  003ebc82    000000eb                     : hmdrv.obj (.text:_HMDRV_vInit)
                  003ebd6d    000000e9                     : csmon.obj (.text:_CSMON_vSaveRecorderConfiguration)
                  003ebe56    000000e8                     : hmrecparam.obj (.text:_HMRECPRM_vProcess)
                  003ebf3e    000000e8     rts2800_ml.lib : s_floor.c.obj (.text)
                  003ec026    000000d9     main.obj (.text:_ControlProcess)
                  003ec0ff    000000cd     CSMON_C28xx.lib : csmon.obj (.text:_CSMON_vSetupInputRegistersAndCoilsAddressTableFromCSMONParameterList)
                  003ec1cc    000000c4                     : csmon.obj (.text:_CSMON_u32GetParameterListCheckSum)
                  003ec290    000000c1     main.obj (.text:_RecordersInitialization)
                  003ec351    000000bc     CSMON_C28xx.lib : hmrecparam.obj (.text:_HMRECPRM_SetUpRec)
                  003ec40d    000000b8                     : hmrec.obj (.text:_HMREC_SetUpRec)
                  003ec4c5    000000aa                     : hmdrv.obj (.text:_HMDRV_CopyFromBufferInternalModbusBitField)
                  003ec56f    000000aa     rts2800_ml.lib : s_scalbn.c.obj (.text)
                  003ec619    000000a7                    : e_rem_pio2f.c.obj (.text)
                  003ec6c0    000000a3     CSMON_C28xx.lib : csmon.obj (.text:_CSMON_vSaveRecorderConfigTrigger)
                  003ec763    000000a3                     : modbusreg.obj (.text:_MODBUSREG_vInit)
                  003ec806    000000a3     tmr_drv.obj (.text:_TMR2_ISR)
                  003ec8a9    0000009c     rts2800_ml.lib : fd_add28.asm.obj (.text)
                  003ec945    00000099     main.obj (.text:_ParameterInitialization)
                  003ec9de    00000095     CSMON_C28xx.lib : csmon.obj (.text:_CSMON_vLoadRecorderConfiguration)
                  003eca73    00000092                     : hmdrv.obj (.text:_HMDRV_CopyMemory)
                  003ecb05    00000092                     : hmdrv.obj (.text:_HMDRV_CopyToBufferInternalModbus)
                  003ecb97    00000092     rts2800_ml.lib : k_sinf.c.obj (.text)
                  003ecc29    00000090     CSMON_C28xx.lib : csmon.obj (.text:_CSMON_vSetDateTimeAutorization)
                  003eccb9    0000008d                     : csmon.obj (.text:_CSMON_vInitRecorders)
                  003ecd46    0000008b     rts2800_ml.lib : fd_div28.asm.obj (.text)
                  003ecdd1    00000087     CSMON_C28xx.lib : hmrecparam.obj (.text:_HMRECPRM_SetUpRecParamStatusDateTime)
                  003ece58    00000087     rts2800_ml.lib : k_cosf.c.obj (.text)
                  003ecedf    00000083     CSMON_C28xx.lib : hmdrv.obj (.text:_HMDRV_CopyFromBufferInternalModbus)
                  003ecf62    00000083     rts2800_ml.lib : fd_mpy28.asm.obj (.text)
                  003ecfe5    00000083                    : fs_div28.asm.obj (.text)
                  003ed068    00000081     CSMON_C28xx.lib : csmon.obj (.text:_CSMON_vPrepareFileParameterAccessList)
                  003ed0e9    0000007f                     : hmserial.obj (.text:_HMSERIAL_vProcessSCI)
                  003ed168    0000007e                     : hmrecparam.obj (.text:_HMRECPRM_vTimeSync)
                  003ed1e6    00000078     rts2800_ml.lib : fs_add28.asm.obj (.text)
                  003ed25e    00000076     main.obj (.text:_ScopesInitialization)
                  003ed2d4    00000070     CSMON_C28xx.lib : csmon.obj (.text:_CSMON_u32GetParameterStringCheckSum)
                  003ed344    0000006a                     : hmprotocol.obj (.text:_HMPROTOCOL_GetBoardInfo)
                  003ed3ae    0000006a                     : hmserial.obj (.text:_HMSERIAL_Rx)
                  003ed418    00000067                     : hmmodbus.obj (.text:_HMMODBUS_CopyFromBuffer)
                  003ed47f    00000066                     : hmmodbus.obj (.text:_HMMODBUS_vProcessSCI)
                  003ed4e5    00000064                     : hmrec.obj (.text:_HMREC_vProcess)
                  003ed549    00000063                     : hmmodbus.obj (.text:_HMMODBUS_CopyToBufferCoil)
                  003ed5ac    0000005f                     : hmmodbus.obj (.text:_HMMODBUS_CopyFromBufferCoil)
                  003ed60b    0000005f     F2806x_SysCtrl.obj (.text:_InitPeripheralClocks)
                  003ed66a    0000005d     CSMON_C28xx.lib : uart_drv.obj (.text:_UART_RXInterrupt)
                  003ed6c7    0000005c                     : hmmodbus.obj (.text:_HMMODBUS_GetCoilFunction)
                  003ed723    0000005c                     : hmmodbus.obj (.text:_HMMODBUS_GetRegisterFunction)
                  003ed77f    0000005a                     : csmon.obj (.text:_CSMON_vRecorderParamStartStopProcess)
                  003ed7d9    0000005a     main.obj (.text:_GPIO_setPinConfigOutput)
                  003ed833    0000005a     rts2800_ml.lib : fs_mpy28.asm.obj (.text)
                  003ed88d    00000059     CSMON_C28xx.lib : csmon.obj (.text:_CSMON_vUpdateDateTimeFromApplication)
                  003ed8e6    00000059                     : hmmodbus.obj (.text:_vSetElementsSize)
                  003ed93f    00000057                     : csmon.obj (.text:_CSMON_bCheckValidDateTime)
                  003ed996    00000057     uart_driver.obj (.text:_UART_DRV_RXInterrupt)
                  003ed9ed    00000055     CSMON_C28xx.lib : modbusreg.obj (.text:_MODBUSREG_FileRecorderExternalUpdateInit)
                  003eda42    00000054                     : csmon.obj (.text:_CSMON_u32GetParameterNumbCheckSum)
                  003eda96    00000054                     : csmon.obj (.text:_CSMON_u32GetParameterShortNameCheckSum)
                  003edaea    00000054                     : hmlib.obj (.text:_HMLIB_vInit)
                  003edb3e    00000054     rts2800_ml.lib : boot28.asm.obj (.text)
                  003edb92    00000052     CSMON_C28xx.lib : csmon.obj (.text:_CSMON_vLoadRecorderConfigTrigger)
                  003edbe4    00000051     F2806x_SysCtrl.obj (.text:_InitPll)
                  003edc35    00000050     CSMON_C28xx.lib : csmon.obj (.text:_CSMON_eSetExternalRecorderUsage)
                  003edc85    0000004f     device.obj (.text:_Device_CsmUnlock)
                  003edcd4    0000004e     CSMON_C28xx.lib : hmrecparam.obj (.text:_HMRECPRM_StartRecParam)
                  003edd22    0000004d                     : csmon.obj (.text:_CSMON_vSetupHoldingRegistersAndCoilsAddressTableAccessAll)
                  003edd6f    0000004a                     : csmon.obj (.text:_CSMON_eSetRecorderTriggerAtPosition)
                  003eddb9    00000047                     : hmmodbus.obj (.text:_HMMODBUS_CopyToBuffer)
                  003ede00    00000047                     : hmscopeparam.obj (.text:_HMSCOPEPRM_SetUpScope)
                  003ede47    00000043                     : hmscopeparam.obj (.text:_HMSCOPEPRM_ReadScope)
                  003ede8a    00000042                     : hmdrv.obj (.text:_HMDRV_CopyFromBufferInternalCoil)
                  003edecc    00000042                     : hmmodbus.obj (.text:_HMMODBUS_vSendResponse)
                  003edf0e    00000042     interrupt.obj (.text:_Interrupt_enable)
                  003edf50    0000003f     CSMON_C28xx.lib : csmon.obj (.text:_CSMON_vSetupInputRegistersAndCoilsAddressTableAccessAll)
                  003edf8f    0000003f                     : hmdrv.obj (.text:_HMDRV_CopyFromBufferInternal)
                  003edfce    0000003d                     : hmmodbus.obj (.text:_vSetStartSampleIndex)
                  003ee00b    0000003c     tmr_drv.obj (.text:_configCPUTimer)
                  003ee047    0000003b     CSMON_C28xx.lib : csmon.obj (.text:_CSMON_eSetRecorderConfigurationSkipSamples)
                  003ee082    0000003b                     : hmscope.obj (.text:_HMSCOPE_SetUpScope)
                  003ee0bd    00000038     device.obj (.text:_Device_init)
                  003ee0f5    00000038     CSMON_C28xx.lib : hmdrv.obj (.text:_HMDRV_CopyToBufferInternalCoil)
                  003ee12d    00000038                     : uart_drv.obj (.text:_UART_ReadDataRx)
                  003ee165    00000037                     : csmon.obj (.text:_CSMON_u32GetRealAddressAndSizeOffsetFromParameter)
                  003ee19c    00000036                     : hmscope.obj (.text:_HMSCOPE_ReadScope)
                  003ee1d2    00000036                     : hmserial.obj (.text:_HMSERIAL_vSendResponse)
                  003ee208    00000035                     : hmdrv.obj (.text:_HMDRV_CopyToBufferInternal)
                  003ee23d    00000035     tmr_drv.obj (.text:_TMR_vInit)
                  003ee272    00000034     CSMON_C28xx.lib : csmon.obj (.text:_CSMON_eSetParameterInRecorderAtPosition)
                  003ee2a6    00000033                     : hmmodbus.obj (.text:_HMMODBUS_Listen)
                  003ee2d9    00000032                     : csmon.obj (.text:_CSMON_eSetParameterInScopeAtPosition)
                  003ee30b    0000002f                     : hmmodbus.obj (.text:_HMMODBUS_CopyFromBufferSingleCoil)
                  003ee33a    0000002e                     : csmon.obj (.text:_CSMON_vRecorderParamSetupProcess)
                  003ee368    0000002e                     : hmserial.obj (.text:_HMSERIAL_vProcessSCIFreemasterOnly)
                  003ee396    0000002d                     : hmdrv.obj (.text:_HMDRV_CopyToBufferInternalModbusCoil)
                  003ee3c3    0000002d                     : hmserial.obj (.text:_HMSERIAL_Listen)
                  003ee3f0    0000002d                     : hmrecparam.obj (.text:_RecorderTimeFromLocalDateTime)
                  003ee41d    0000002d     tmr_drv.obj (.text:_TMR_vInitCPUTimers)
                  003ee44a    0000002b     CSMON_C28xx.lib : hmrecparam.obj (.text:_FillTimeData)
                  003ee475    0000002a     rts2800_ml.lib : fd_cmp28.asm.obj (.text)
                  003ee49f    00000029                    : exit.c.obj (.text)
                  003ee4c8    00000029                    : fs_tol28.asm.obj (.text)
                  003ee4f1    00000028     CSMON_C28xx.lib : csmon.obj (.text:_CSMON_bAutorizationPasswordCheck)
                  003ee519    00000027                     : csmon.obj (.text:_CSMON_u32GetParameterCheckSum)
                  003ee540    00000027                     : csmon.obj (.text:_CSMON_vSaveRecorderConfig)
                  003ee567    00000027                     : hmdrv.obj (.text:_HMDRV_CopyFromBufferInternalModbusSingleCoil)
                  003ee58e    00000027                     : hmserial.obj (.text:_HMSERIAL_vProcessSCITXISR)
                  003ee5b5    00000026                     : csmon.obj (.text:_CSMON_u32GetParameterAuxCheckSum)
                  003ee5db    00000026                     : hmdrv.obj (.text:_HMDRV_CopyFromBufferInternalWithMaskModbus)
                  003ee601    00000026                     : hmmodbus.obj (.text:_HMMODBUS_CopyToBufferSingleCoil)
                  003ee627    00000025                     : hmserial.obj (.text:_HMSERIAL_Tx)
                  003ee64c    00000025     rts2800_ml.lib : fs_toi28.asm.obj (.text)
                  003ee671    00000024     CSMON_C28xx.lib : csmon.obj (.text:_CSMON_vAutorizationReset)
                  003ee695    00000024                     : hmprotocol.obj (.text:_HMPROTOCOL_ReadMem)
                  003ee6b9    00000024                     : hmrecparam.obj (.text:_RecorderDateFromLocalDateTime)
                  003ee6dd    00000024     sci_driver.obj (.text:_SCIA_DRV_RXFIFOISR)
                  003ee701    00000024     sci_driver.obj (.text:_SCIA_DRV_TXFIFOISR)
                  003ee725    00000024     sci_drv.obj (.text:_SCIA_RXFIFOISR)
                  003ee749    00000024     sci_drv.obj (.text:_SCIA_TXFIFOISR)
                  003ee76d    00000024     sci_driver.obj (.text:_SCIB_DRV_RXFIFOISR)
                  003ee791    00000024     sci_driver.obj (.text:_SCIB_DRV_TXFIFOISR)
                  003ee7b5    00000024     sci_drv.obj (.text:_SCIB_RXFIFOISR)
                  003ee7d9    00000024     sci_drv.obj (.text:_SCIB_TXFIFOISR)
                  003ee7fd    00000024     CSMON_C28xx.lib : hmmodbus.obj (.text:_vSetSampleCountAvailable)
                  003ee821    00000024     rts2800_ml.lib : cpy_tbl.c.obj (.text)
                  003ee845    00000023     CSMON_C28xx.lib : modbusreg.obj (.text:_MODBUSREG_FileRecorderElementSizeTableUsedSizeUpdateInit)
                  003ee868    00000023     rts2800_ml.lib : s_copysign.c.obj (.text)
                  003ee88b    00000022     CSMON_C28xx.lib : hmdrv.obj (.text:_HMDRV_CopyFromBufferInternalModbusCoil)
                  003ee8ad    00000022     rts2800_ml.lib : i_div28.asm.obj (.text)
                  003ee8cf    00000021     CSMON_C28xx.lib : hmdrv.obj (.text:_HMDRV_CopyFromBufferInternalWithMask)
                  003ee8f0    00000021     sci.obj (.text:_SCI_setConfig)
                  003ee911    00000021     rts2800_ml.lib : fd_tofs28.asm.obj (.text)
                  003ee932    00000021                    : fs_toul28.asm.obj (.text)
                  003ee953    00000020     CSMON_C28xx.lib : hmdrv.obj (.text:_HMDRV_vProcess)
                  003ee973    00000020                     : hmmodbus.obj (.text:_vSetSampleCountBuffer)
                  003ee993    0000001f                     : csmon.obj (.text:_CSMON_u16FindIndexParameterTable)
                  003ee9b2    0000001f     F2806x_PieCtrl.obj (.text:_InitPieCtrl)
                  003ee9d1    0000001f     CSMON_C28xx.lib : hmmodbus.obj (.text:_vSetSampleSize)
                  003ee9f0    0000001f     rts2800_ml.lib : fd_tol28.asm.obj (.text)
                  003eea0f    0000001e     CSMON_C28xx.lib : csmon.obj (.text:_CSMON_eApplyParameterChanges)
                  003eea2d    0000001d                     : hmrecparam.obj (.text:_HMRECPRM_GetRecBuffFreemaster)
                  003eea4a    0000001d                     : hmrec.obj (.text:_HMREC_GetRecBuffFreemaster)
                  003eea67    0000001d     rts2800_ml.lib : fs_tou28.asm.obj (.text)
                  003eea84    0000001d                    : memcpy.c.obj (.text)
                  003eeaa1    0000001c     main.obj (.text:_CSMON_vGetDateTime)
                  003eeabd    0000001c     CSMON_C28xx.lib : csmon.obj (.text:_HMRECPRM_vGetDateTime)
                  003eead9    0000001c     sci.obj (.text:_SCI_clearInterruptStatus)
                  003eeaf5    0000001c     CSMON_C28xx.lib : hmmodbus.obj (.text:_vSetIndexFileTable)
                  003eeb11    0000001c     rts2800_ml.lib : fs_tofd28.asm.obj (.text)
                  003eeb2d    0000001c                    : l_tofd28.asm.obj (.text)
                  003eeb49    0000001b     CSMON_C28xx.lib : csmon.obj (.text:_CSMON_eSetParameterCountInRecorder)
                  003eeb64    0000001b                     : csmon.obj (.text:_CSMON_vFileParameterCountCheckSumUpdate)
                  003eeb7f    0000001b     device.obj (.text:_Device_initGPIO)
                  003eeb9a    0000001b     CSMON_C28xx.lib : hmdrv.obj (.text:_HMDRV_AddressToBuffer)
                  003eebb5    0000001b                     : hmmodbus.obj (.text:_HMMODBUS_vInit)
                  003eebd0    0000001b     rts2800_ml.lib : fd_toul28.asm.obj (.text)
                  003eebeb    0000001a     CSMON_C28xx.lib : hmmodbus.obj (.text:_HMMODBUS_vProcessSCITXISR)
                  003eec05    0000001a                     : hmrecparam.obj (.text:_HMRECPRM_StartRec)
                  003eec1f    0000001a                     : hmserial.obj (.text:_HMSERIAL_vProcessSCITXISRFreemasterOnly)
                  003eec39    0000001a     sci.obj (.text:_SCI_disableInterrupt)
                  003eec53    0000001a     sci.obj (.text:_SCI_enableInterrupt)
                  003eec6d    0000001a     rts2800_ml.lib : l_tofs28.asm.obj (.text)
                  003eec87    00000019     CSMON_C28xx.lib : hmdrv.obj (.text:_HMDRV_AddressFromBuffer)
                  003eeca0    00000019                     : hmmodbus.obj (.text:_HMMODBUS_GetRealQueueNumber)
                  003eecb9    00000019                     : uart_drv.obj (.text:_UART_vInit)
                  003eecd2    00000019                     : hmmodbus.obj (.text:_bGetFileReadAccess)
                  003eeceb    00000019     rts2800_ml.lib : prolog28.asm.obj (.text)
                  003eed04    00000018     CSMON_C28xx.lib : csmon.obj (.text:_CSMON_u32GetFreeRunningTimerMicroseconds)
                  003eed1c    00000018                     : hmlib.obj (.text:_HMLIB_vProcessSCITXISRWithIndex)
                  003eed34    00000018     F2806x_SysCtrl.obj (.text:_InitSysCtrl)
                  003eed4c    00000018     rts2800_ml.lib : ll_aox28.asm.obj (.text)
                  003eed64    00000017     CSMON_C28xx.lib : hmmodbus.obj (.text:_HMMODBUS_Tx)
                  003eed7b    00000017                     : hmmodbus.obj (.text:_HMMODBUS_vProcessTxDelay)
                  003eed92    00000017                     : hmprotocol.obj (.text:_HMPROTOCOL_WriteMem)
                  003eeda9    00000017                     : hmprotocol.obj (.text:_HMPROTOCOL_WriteMemMask)
                  003eedc0    00000017                     : hmmodbus.obj (.text:_vSetBufferAddressStart)
                  003eedd7    00000017     rts2800_ml.lib : fs_cmp28.asm.obj (.text)
                  003eedee    00000017                    : u_tofd28.asm.obj (.text)
                  003eee05    00000016     CSMON_C28xx.lib : csmon.obj (.text:_CSMON_eSetParameterCountInScope)
                  003eee1b    00000016                     : hmdrv.obj (.text:_HMDRV_AddressFromBufferBigEndian)
                  003eee31    00000016                     : hmdrv.obj (.text:_HMDRV_CopyToBufferInternalModbusSingleCoil)
                  003eee47    00000015                     : csmon.obj (.text:_CSMON_eResetParameterTable)
                  003eee5c    00000015                     : hmrecparam.obj (.text:_HMRECPRM_Comparefloat)
                  003eee71    00000015                     : hmrec.obj (.text:_HMREC_Comparefloat)
                  003eee86    00000015                     : hmrec.obj (.text:_HMREC_StartRec)
                  003eee9b    00000015     F2806x_Gpio.obj (.text:_InitGpio)
                  003eeeb0    00000014     CSMON_C28xx.lib : hmlib.obj (.text:_HMLIB_vProcessFastTD)
                  003eeec4    00000014                     : hmmodbus.obj (.text:_HMMODBUS_DelayedTx)
                  003eeed8    00000014                     : hmrecparam.obj (.text:_HMRECPRM_StopRecParam)
                  003eeeec    00000014                     : hmserial.obj (.text:_HMSERIAL_DelayedTx)
                  003eef00    00000013                     : csmon.obj (.text:_CSMON_eSetFlagProcessPassed)
                  003eef13    00000013                     : hmmodbus.obj (.text:_HMMODBUS_vSetupQueueRegistersAddressTable)
                  003eef26    00000013     rts2800_ml.lib : ul_tofs28.asm.obj (.text)
                  003eef39    00000012     CSMON_C28xx.lib : csmon.obj (.text:_CSMON_vInitHoldingRegistersTableChanges)
                  003eef4b    00000012                     : hmdrv.obj (.text:_HMDRV_GetStringLengthFromWordInternal)
                  003eef5d    00000012                     : hmrecparam.obj (.text:_HMRECPRM_CompareBOOL)
                  003eef6f    00000012                     : modbusreg.obj (.text:_MODBUSREG_vFileDenyAccess)
                  003eef81    00000012                     : modbusreg.obj (.text:_MODBUSREG_vInitHoldingRegistersTableChanges)
                  003eef93    00000012                     : uart_drv.obj (.text:_UART_TxIntDis)
                  003eefa5    00000012                     : uart_drv.obj (.text:_UART_TxIntEna)
                  003eefb7    00000011     main.obj (.text:_CSMON_vSetDateTime)
                  003eefc8    00000011     CSMON_C28xx.lib : hmserial.obj (.text:_HMSERIAL_vInit)
                  003eefd9    00000011     F2806x_PieVect.obj (.text:_InitPieVectTable)
                  003eefea    00000011     main.obj (.text:_vSetWatchdogPrescalerTimeDiv)
                  003eeffb    00000011     rts2800_ml.lib : args_main.c.obj (.text)
                  003ef00c    00000010     device.obj (.text:_Example_MemCopy)
                  003ef01c    00000010     CSMON_C28xx.lib : hmlib.obj (.text:_HMLIB_vInitRecParamBuff)
                  003ef02c    00000010     F2806x_SysCtrl.obj (.text:_IntOsc1Sel)
                  003ef03c    00000010     CSMON_C28xx.lib : hmmodbus.obj (.text:_bIsValidEndAddressInBuffer)
                  003ef04c    00000010                     : hmmodbus.obj (.text:_u32BytesMemoryToBytesModbus)
                  003ef05c    00000010                     : hmmodbus.obj (.text:_u32BytesModbusToBytesMemory)
                  003ef06c    00000010     main.obj (.text:_vGetWatchdogPrescaler)
                  003ef07c    00000010     rts2800_ml.lib : u_tofs28.asm.obj (.text)
                  003ef08c    0000000f     CSMON_C28xx.lib : hmlib.obj (.text:_HMLIB_GetRecBuffAddress)
                  003ef09b    0000000f                     : hmlib.obj (.text:_HMLIB_vProcessRecorders)
                  003ef0aa    0000000f                     : hmmodbus.obj (.text:_HMMODBUS_CalcCRC)
                  003ef0b9    0000000f                     : uart_drv.obj (.text:_UART_IsTxEmpty)
                  003ef0c8    0000000e                     : hmdrv.obj (.text:_HMDRV_GetStringLengthInternal)
                  003ef0d6    0000000e                     : hmlib.obj (.text:_HMLIB_GetRecBufferSize)
                  003ef0e4    0000000e                     : hmlib.obj (.text:_HMLIB_GetRecSampleSize)
                  003ef0f2    0000000e                     : hmrecparam.obj (.text:_HMRECPRM_Compare16S)
                  003ef100    0000000e                     : hmrecparam.obj (.text:_HMRECPRM_Compare16U)
                  003ef10e    0000000e                     : hmrecparam.obj (.text:_HMRECPRM_Compare32S)
                  003ef11c    0000000e                     : hmrecparam.obj (.text:_HMRECPRM_Compare32U)
                  003ef12a    0000000e                     : hmrecparam.obj (.text:_HMRECPRM_Compare8S)
                  003ef138    0000000e                     : hmrecparam.obj (.text:_HMRECPRM_Compare8U)
                  003ef146    0000000e                     : hmrec.obj (.text:_HMREC_Compare16S)
                  003ef154    0000000e                     : hmrec.obj (.text:_HMREC_Compare16U)
                  003ef162    0000000e                     : hmrec.obj (.text:_HMREC_Compare32S)
                  003ef170    0000000e                     : hmrec.obj (.text:_HMREC_Compare32U)
                  003ef17e    0000000e                     : hmrec.obj (.text:_HMREC_Compare8S)
                  003ef18c    0000000e                     : hmrec.obj (.text:_HMREC_Compare8U)
                  003ef19a    0000000e                     : hmmodbus.obj (.text:_u32FitAddressCircleBufferInside)
                  003ef1a8    0000000e     rts2800_ml.lib : fd_sub28.asm.obj (.text)
                  003ef1b6    0000000d     CSMON_C28xx.lib : hmdrv.obj (.text:_HMDRV_CopyFromBufferInternalSingleCoil)
                  003ef1c3    0000000d                     : hmrecparam.obj (.text:_HMRECPRM_IsJustStopped)
                  003ef1d0    0000000d                     : hmrecparam.obj (.text:_HMRECPRM_StopRec)
                  003ef1dd    0000000d                     : hmrec.obj (.text:_HMREC_StopRec)
                  003ef1ea    0000000d                     : modbusreg.obj (.text:_MODBUSREG_vFileAllowAccess)
                  003ef1f7    0000000d     tmr_drv.obj (.text:_TIMER_vSetupTimerMainFunctionDelayCompare)
                  003ef204    0000000d     CSMON_C28xx.lib : uart_drv.obj (.text:_UART_ReadDataRxAvailable)
                  003ef211    0000000c                     : hmdrv.obj (.text:_HMDRV_CopyToBufferInternalSingleCoil)
                  003ef21d    0000000c                     : hmlib.obj (.text:_HMLIB_vProcess)
                  003ef229    0000000c                     : hmrecparam.obj (.text:_HMRECPRM_GetBufferRecParamPtrAddress)
                  003ef235    0000000c                     : hmrecparam.obj (.text:_HMRECPRM_TriggerRec)
                  003ef241    0000000c                     : hmmodbus.obj (.text:_u32FixAddressCircleBufferOverflow)
                  003ef24d    0000000c     rts2800_ml.lib : epilog28.asm.obj (.text)
                  003ef259    0000000b     CSMON_C28xx.lib : hmmodbus.obj (.text:_HMMODBUS_vProcessFastTD)
                  003ef264    0000000b                     : hmrecparam.obj (.text:_HMRECPRM_IsRunning)
                  003ef26f    0000000b                     : hmrecparam.obj (.text:_HMRECPRM_vResetAllStopDetections)
                  003ef27a    0000000b                     : hmserial.obj (.text:_HMSERIAL_vProcessFastTD)
                  003ef285    0000000b                     : modbusreg.obj (.text:_MODBUSREG_vDataZero)
                  003ef290    0000000b     sci_driver.obj (.text:_SCI_DRV_eGetModuleIndexFromBase)
                  003ef29b    0000000b     sci_drv.obj (.text:_SCI_eGetModuleIndexFromBase)
                  003ef2a6    0000000b     tmr_drv.obj (.text:_TMR1_ISR)
                  003ef2b1    0000000b     CSMON_C28xx.lib : hmmodbus.obj (.text:_bIsValidIndexFileTable)
                  003ef2bc    0000000b     rts2800_ml.lib : u_div28.asm.obj (.text)
                  003ef2c7    0000000a     CSMON_C28xx.lib : hmrecparam.obj (.text:_HMRECPRM_ClrLastStopDetectionToRecorderStopSamplesCounter)
                  003ef2d1    0000000a                     : hmrecparam.obj (.text:_HMRECPRM_GetRecStatus)
                  003ef2db    0000000a                     : hmrec.obj (.text:_HMREC_GetRecStatus)
                  003ef2e5    00000009                     : csmon.obj (.text:_CSMON_eSetServerOnStatus)
                  003ef2ee    00000009                     : hmmodbus.obj (.text:_HMMODBUS_vProcessFreeTimer)
                  003ef2f7    00000009                     : hmmodbus.obj (.text:_HMMODBUS_vProcessRxDelay)
                  003ef300    00000009                     : hmmodbus.obj (.text:_HMMODBUS_vSetupRegisterDummy)
                  003ef309    00000009                     : hmrecparam.obj (.text:_HMRECPRM_GetExternBufferRecParamLastPointedAddress)
                  003ef312    00000009                     : hmrecparam.obj (.text:_HMRECPRM_GetExternBufferRecParamPtrAddress)
                  003ef31b    00000009                     : hmrecparam.obj (.text:_HMRECPRM_vDisableAllStopDetections)
                  003ef324    00000009                     : hmrec.obj (.text:_HMREC_TriggerRec)
                  003ef32d    00000009                     : hmscopeparam.obj (.text:_HMSCOPEPRM_GetBufferScopeParamAddress)
                  003ef336    00000009                     : hmserial.obj (.text:_HMSERIAL_vProcessFreeTimer)
                  003ef33f    00000009     tmr_drv.obj (.text:_TIMER_vResetTimerMainFunctionDelayCounter)
                  003ef348    00000009     tmr_drv.obj (.text:_TIMER_vSetupTimerMainDelayedFunctionSendData)
                  003ef351    00000009     CSMON_C28xx.lib : uart_drv.obj (.text:_UART_PutChar)
                  003ef35a    00000009                     : uart_drv.obj (.text:_UART_ReadDataRxTimeDiff)
                  003ef363    00000009     rts2800_ml.lib : _lock.c.obj (.text)
                  003ef36c    00000009                    : fd_neg28.asm.obj (.text)
                  003ef375    00000008     Example_Flash2806x_CsmKeys.obj (.text)
                  003ef37d    00000008     F2806x_CodeStartBranch.obj (.text)
                  003ef385    00000008     CSMON_C28xx.lib : csmon.obj (.text:_CSMON_vInitScopes)
                  003ef38d    00000008     F2806x_SysCtrl.obj (.text:_DisableDog)
                  003ef395    00000008     CSMON_C28xx.lib : hmdrv.obj (.text:_HMDRV_CopyFromBufferWithMaskModbus)
                  003ef39d    00000008                     : hmmodbus.obj (.text:_HMMODBUS_vSetupHoldingRegistersAddressTable)
                  003ef3a5    00000008                     : hmrecparam.obj (.text:_HMRECPRM_GetExternRecParamAddress)
                  003ef3ad    00000008                     : hmrecparam.obj (.text:_HMRECPRM_GetExternRecParamPtrMaximumUsedSampleCount)
                  003ef3b5    00000008                     : hmrecparam.obj (.text:_HMRECPRM_GetExternRecParamPtrSampleSize)
                  003ef3bd    00000008                     : hmrecparam.obj (.text:_HMRECPRM_GetRecParamPtrAvailableSampleCount)
                  003ef3c5    00000008                     : hmrecparam.obj (.text:_HMRECPRM_GetRecParamPtrLastSampleIndex)
                  003ef3cd    00000008                     : hmrecparam.obj (.text:_HMRECPRM_GetRecParamPtrMaximumUsedSampleCount)
                  003ef3d5    00000008                     : hmrecparam.obj (.text:_HMRECPRM_GetRecParamPtrSampleSize)
                  003ef3dd    00000008                     : hmrecparam.obj (.text:_HMRECPRM_GetStatusInternalRecParamAddress)
                  003ef3e5    00000008                     : hmrecparam.obj (.text:_HMRECPRM_GetStatusRecParamAddress)
                  003ef3ed    00000008                     : hmrecparam.obj (.text:_HMRECPRM_vInit)
                  003ef3f5    00000008                     : hmrec.obj (.text:_HMREC_vInit)
                  003ef3fd    00000007     F2806x_DisInt.obj (.text)
                  003ef404    00000007     CSMON_C28xx.lib : hmlib.obj (.text:_HMLIB_vProcessDifferentPorts)
                  003ef40b    00000007                     : hmscopeparam.obj (.text:_HMSCOPEPRM_GetStatusScopeParamAddress)
                  003ef412    00000007     sci_driver.obj (.text:_SCI_DRV_u32GetBaseFromModuleIndex)
                  003ef419    00000007     sci_drv.obj (.text:_SCI_u32GetBaseFromModuleIndex)
                  003ef420    00000006     cputimer.obj (.text:_CPUTimer_setEmulationMode)
                  003ef426    00000006     CSMON_C28xx.lib : hmmodbus.obj (.text:_HMMODBUS_vSetupActiveQueueIndex)
                  003ef42c    00000006                     : hmmodbus.obj (.text:_HMMODBUS_vSetupCoilDummy)
                  003ef432    00000006                     : hmmodbus.obj (.text:_HMMODBUS_vSetupHoldingCoilsAddressTable)
                  003ef438    00000006                     : hmmodbus.obj (.text:_HMMODBUS_vSetupHoldingRegistersAddressTableInRam)
                  003ef43e    00000006                     : hmmodbus.obj (.text:_HMMODBUS_vSetupInputCoilsAddressTable)
                  003ef444    00000006                     : hmmodbus.obj (.text:_HMMODBUS_vSetupInputRegistersAddressTable)
                  003ef44a    00000006                     : hmmodbus.obj (.text:_HMMODBUS_vSetupInputRegistersAddressTableInRam)
                  003ef450    00000006                     : hmrecparam.obj (.text:_HMRECPRM_SetUpRecBuff)
                  003ef456    00000006                     : hmrec.obj (.text:_HMREC_SetUpRecBuff)
                  003ef45c    00000006     tmr_drv.obj (.text:_TIMER_u16ResetTimerMainPeriod)
                  003ef462    00000006     uart_driver.obj (.text:_UART_DRV_GetChar)
                  003ef468    00000006     CSMON_C28xx.lib : uart_drv.obj (.text:_UART_GetChar)
                  003ef46e    00000005     F2806x_DefaultIsr.obj (.text:_ADCINT1_ISR)
                  003ef473    00000005     F2806x_DefaultIsr.obj (.text:_ADCINT2_ISR)
                  003ef478    00000005     F2806x_DefaultIsr.obj (.text:_ADCINT3_ISR)
                  003ef47d    00000005     F2806x_DefaultIsr.obj (.text:_ADCINT4_ISR)
                  003ef482    00000005     F2806x_DefaultIsr.obj (.text:_ADCINT5_ISR)
                  003ef487    00000005     F2806x_DefaultIsr.obj (.text:_ADCINT6_ISR)
                  003ef48c    00000005     F2806x_DefaultIsr.obj (.text:_ADCINT7_ISR)
                  003ef491    00000005     F2806x_DefaultIsr.obj (.text:_ADCINT8_ISR)
                  003ef496    00000005     F2806x_DefaultIsr.obj (.text:_ADCINT9_ISR)
                  003ef49b    00000005     F2806x_DefaultIsr.obj (.text:_CLA1_INT1_ISR)
                  003ef4a0    00000005     F2806x_DefaultIsr.obj (.text:_CLA1_INT2_ISR)
                  003ef4a5    00000005     F2806x_DefaultIsr.obj (.text:_CLA1_INT3_ISR)
                  003ef4aa    00000005     F2806x_DefaultIsr.obj (.text:_CLA1_INT4_ISR)
                  003ef4af    00000005     F2806x_DefaultIsr.obj (.text:_CLA1_INT5_ISR)
                  003ef4b4    00000005     F2806x_DefaultIsr.obj (.text:_CLA1_INT6_ISR)
                  003ef4b9    00000005     F2806x_DefaultIsr.obj (.text:_CLA1_INT7_ISR)
                  003ef4be    00000005     F2806x_DefaultIsr.obj (.text:_CLA1_INT8_ISR)
                  003ef4c3    00000005     CSMON_C28xx.lib : csmon.obj (.text:_CSMON_eSetAutoServiceWatchdogInternalSlowCalculationsInMainLoop)
                  003ef4c8    00000005                     : csmon.obj (.text:_CSMON_eSetFirmwareApplicationVersion)
                  003ef4cd    00000005                     : csmon.obj (.text:_CSMON_eSetMaxTimeInISR)
                  003ef4d2    00000005                     : csmon.obj (.text:_CSMON_eSetMinGuaranteedTimeBetweenTwoISRs)
                  003ef4d7    00000005                     : csmon.obj (.text:_CSMON_u16ParametersAccessListIndexGenerate)
                  003ef4dc    00000005                     : csmon.obj (.text:_CSMON_u32GetFreeRunningTimerTicks)
                  003ef4e1    00000005                     : csmon.obj (.text:_CSMON_vSetDateTimeRequest)
                  003ef4e6    00000005     F2806x_DefaultIsr.obj (.text:_DATALOG_ISR)
                  003ef4eb    00000005     F2806x_DefaultIsr.obj (.text:_DINTCH1_ISR)
                  003ef4f0    00000005     F2806x_DefaultIsr.obj (.text:_DINTCH2_ISR)
                  003ef4f5    00000005     F2806x_DefaultIsr.obj (.text:_DINTCH3_ISR)
                  003ef4fa    00000005     F2806x_DefaultIsr.obj (.text:_DINTCH4_ISR)
                  003ef4ff    00000005     F2806x_DefaultIsr.obj (.text:_DINTCH5_ISR)
                  003ef504    00000005     F2806x_DefaultIsr.obj (.text:_DINTCH6_ISR)
                  003ef509    00000005     F2806x_DefaultIsr.obj (.text:_ECAN0INTA_ISR)
                  003ef50e    00000005     F2806x_DefaultIsr.obj (.text:_ECAN1INTA_ISR)
                  003ef513    00000005     F2806x_DefaultIsr.obj (.text:_ECAP1_INT_ISR)
                  003ef518    00000005     F2806x_DefaultIsr.obj (.text:_ECAP2_INT_ISR)
                  003ef51d    00000005     F2806x_DefaultIsr.obj (.text:_ECAP3_INT_ISR)
                  003ef522    00000005     F2806x_DefaultIsr.obj (.text:_EMPTY_ISR)
                  003ef527    00000005     F2806x_DefaultIsr.obj (.text:_EMUINT_ISR)
                  003ef52c    00000005     F2806x_DefaultIsr.obj (.text:_EPWM1_INT_ISR)
                  003ef531    00000005     F2806x_DefaultIsr.obj (.text:_EPWM1_TZINT_ISR)
                  003ef536    00000005     F2806x_DefaultIsr.obj (.text:_EPWM2_INT_ISR)
                  003ef53b    00000005     F2806x_DefaultIsr.obj (.text:_EPWM2_TZINT_ISR)
                  003ef540    00000005     F2806x_DefaultIsr.obj (.text:_EPWM3_INT_ISR)
                  003ef545    00000005     F2806x_DefaultIsr.obj (.text:_EPWM3_TZINT_ISR)
                  003ef54a    00000005     F2806x_DefaultIsr.obj (.text:_EPWM4_INT_ISR)
                  003ef54f    00000005     F2806x_DefaultIsr.obj (.text:_EPWM4_TZINT_ISR)
                  003ef554    00000005     F2806x_DefaultIsr.obj (.text:_EPWM5_INT_ISR)
                  003ef559    00000005     F2806x_DefaultIsr.obj (.text:_EPWM5_TZINT_ISR)
                  003ef55e    00000005     F2806x_DefaultIsr.obj (.text:_EPWM6_INT_ISR)
                  003ef563    00000005     F2806x_DefaultIsr.obj (.text:_EPWM6_TZINT_ISR)
                  003ef568    00000005     F2806x_DefaultIsr.obj (.text:_EPWM7_INT_ISR)
                  003ef56d    00000005     F2806x_DefaultIsr.obj (.text:_EPWM7_TZINT_ISR)
                  003ef572    00000005     F2806x_DefaultIsr.obj (.text:_EPWM8_INT_ISR)
                  003ef577    00000005     F2806x_DefaultIsr.obj (.text:_EPWM8_TZINT_ISR)
                  003ef57c    00000005     F2806x_DefaultIsr.obj (.text:_EQEP1_INT_ISR)
                  003ef581    00000005     F2806x_DefaultIsr.obj (.text:_EQEP2_INT_ISR)
                  003ef586    00000005     CSMON_C28xx.lib : hmlib.obj (.text:_HMLIB_vProcessSamePort)
                  003ef58b    00000005                     : hmlib.obj (.text:_HMLIB_vRecorder0)
                  003ef590    00000005                     : hmlib.obj (.text:_HMLIB_vRecorder1)
                  003ef595    00000005                     : hmlib.obj (.text:_HMLIB_vRecorder2)
                  003ef59a    00000005                     : hmmodbus.obj (.text:_HMMODBUS_bGetReceivedMessage)
                  003ef59f    00000005                     : hmmodbus.obj (.text:_HMMODBUS_vFileTable)
                  003ef5a4    00000005                     : hmmodbus.obj (.text:_HMMODBUS_vSetupHoldingCoilsAddressTableInRam)
                  003ef5a9    00000005                     : hmmodbus.obj (.text:_HMMODBUS_vSetupInputCoilsAddressTableInRam)
                  003ef5ae    00000005     F2806x_DefaultIsr.obj (.text:_HRCAP1_INT_ISR)
                  003ef5b3    00000005     F2806x_DefaultIsr.obj (.text:_HRCAP2_INT_ISR)
                  003ef5b8    00000005     F2806x_DefaultIsr.obj (.text:_HRCAP3_INT_ISR)
                  003ef5bd    00000005     F2806x_DefaultIsr.obj (.text:_HRCAP4_INT_ISR)
                  003ef5c2    00000005     F2806x_DefaultIsr.obj (.text:_I2CINT1A_ISR)
                  003ef5c7    00000005     F2806x_DefaultIsr.obj (.text:_I2CINT2A_ISR)
                  003ef5cc    00000005     F2806x_DefaultIsr.obj (.text:_ILLEGAL_ISR)
                  003ef5d1    00000005     F2806x_DefaultIsr.obj (.text:_INT13_ISR)
                  003ef5d6    00000005     F2806x_DefaultIsr.obj (.text:_INT14_ISR)
                  003ef5db    00000005     interrupt.obj (.text:_IntDefaultHandler)
                  003ef5e0    00000005     F2806x_DefaultIsr.obj (.text:_LUF_ISR)
                  003ef5e5    00000005     F2806x_DefaultIsr.obj (.text:_LVF_ISR)
                  003ef5ea    00000005     F2806x_DefaultIsr.obj (.text:_MRINTA_ISR)
                  003ef5ef    00000005     F2806x_DefaultIsr.obj (.text:_MXINTA_ISR)
                  003ef5f4    00000005     F2806x_DefaultIsr.obj (.text:_NMI_ISR)
                  003ef5f9    00000005     F2806x_DefaultIsr.obj (.text:_PIE_RESERVED)
                  003ef5fe    00000005     F2806x_DefaultIsr.obj (.text:_RTOSINT_ISR)
                  003ef603    00000005     F2806x_DefaultIsr.obj (.text:_SCIRXINTA_ISR)
                  003ef608    00000005     F2806x_DefaultIsr.obj (.text:_SCIRXINTB_ISR)
                  003ef60d    00000005     F2806x_DefaultIsr.obj (.text:_SCITXINTA_ISR)
                  003ef612    00000005     F2806x_DefaultIsr.obj (.text:_SCITXINTB_ISR)
                  003ef617    00000005     F2806x_DefaultIsr.obj (.text:_SPIRXINTA_ISR)
                  003ef61c    00000005     F2806x_DefaultIsr.obj (.text:_SPIRXINTB_ISR)
                  003ef621    00000005     F2806x_DefaultIsr.obj (.text:_SPITXINTA_ISR)
                  003ef626    00000005     F2806x_DefaultIsr.obj (.text:_SPITXINTB_ISR)
                  003ef62b    00000005     tmr_drv.obj (.text:_TIMER_vSetupTimerMainDelayedData)
                  003ef630    00000005     F2806x_DefaultIsr.obj (.text:_TINT0_ISR)
                  003ef635    00000005     F2806x_DefaultIsr.obj (.text:_USB0_INT_ISR)
                  003ef63a    00000005     F2806x_DefaultIsr.obj (.text:_USER10_ISR)
                  003ef63f    00000005     F2806x_DefaultIsr.obj (.text:_USER11_ISR)
                  003ef644    00000005     F2806x_DefaultIsr.obj (.text:_USER12_ISR)
                  003ef649    00000005     F2806x_DefaultIsr.obj (.text:_USER1_ISR)
                  003ef64e    00000005     F2806x_DefaultIsr.obj (.text:_USER2_ISR)
                  003ef653    00000005     F2806x_DefaultIsr.obj (.text:_USER3_ISR)
                  003ef658    00000005     F2806x_DefaultIsr.obj (.text:_USER4_ISR)
                  003ef65d    00000005     F2806x_DefaultIsr.obj (.text:_USER5_ISR)
                  003ef662    00000005     F2806x_DefaultIsr.obj (.text:_USER6_ISR)
                  003ef667    00000005     F2806x_DefaultIsr.obj (.text:_USER7_ISR)
                  003ef66c    00000005     F2806x_DefaultIsr.obj (.text:_USER8_ISR)
                  003ef671    00000005     F2806x_DefaultIsr.obj (.text:_USER9_ISR)
                  003ef676    00000005     F2806x_DefaultIsr.obj (.text:_WAKEINT_ISR)
                  003ef67b    00000005     F2806x_DefaultIsr.obj (.text:_XINT1_ISR)
                  003ef680    00000005     F2806x_DefaultIsr.obj (.text:_XINT2_ISR)
                  003ef685    00000005     F2806x_DefaultIsr.obj (.text:_XINT3_ISR)
                  003ef68a    00000005     F2806x_DefaultIsr.obj (.text:_rsvd_ISR)
                  003ef68f    00000005     rts2800_ml.lib : fs_neg28.asm.obj (.text)
                  003ef694    00000004     CSMON_C28xx.lib : csmon.obj (.text:_CSMON_eRegisterWriteParElementCallbackFunction)
                  003ef698    00000004                     : csmon.obj (.text:_CSMON_eSetInternalTimerPeriod)
                  003ef69c    00000004                     : csmon.obj (.text:_CSMON_eSetTimerPeriodISRFunctionRegister)
                  003ef6a0    00000004                     : csmon.obj (.text:_CSMON_u32GetBaudError_PPM)
                  003ef6a4    00000004                     : csmon.obj (.text:_CSMON_vAddSetupRecorderParameterMask)
                  003ef6a8    00000004                     : csmon.obj (.text:_CSMON_vSetStartRecorderParameterMask)
                  003ef6ac    00000004                     : hmdrv.obj (.text:_HMDRV_SetExAddr)
                  003ef6b0    00000004                     : hmdrv.obj (.text:_HMDRV_u32GetDeviceSYSCLKFreq)
                  003ef6b4    00000004                     : hmdrv.obj (.text:_HMDRV_u32GetSCIErrorPPM)
                  003ef6b8    00000004                     : hmlib.obj (.text:_HMLIB_vRecorderParam0)
                  003ef6bc    00000004                     : hmlib.obj (.text:_HMLIB_vRecorderParam1)
                  003ef6c0    00000004                     : hmlib.obj (.text:_HMLIB_vRecorderParam2)
                  003ef6c4    00000004                     : hmmodbus.obj (.text:_HMMODBUS_u32GetAddressMessageCounterThisDevice)
                  003ef6c8    00000004                     : hmmodbus.obj (.text:_HMMODBUS_vSetDeviceIDMajorMinorRevision)
                  003ef6cc    00000004                     : hmmodbus.obj (.text:_HMMODBUS_vSetDeviceIDMajorMinorRevisionLength)
                  003ef6d0    00000004                     : hmmodbus.obj (.text:_HMMODBUS_vSetDeviceIDModelName)
                  003ef6d4    00000004                     : hmmodbus.obj (.text:_HMMODBUS_vSetDeviceIDModelNameLength)
                  003ef6d8    00000004                     : hmmodbus.obj (.text:_HMMODBUS_vSetDeviceIDProductCode)
                  003ef6dc    00000004                     : hmmodbus.obj (.text:_HMMODBUS_vSetDeviceIDProductCodeLength)
                  003ef6e0    00000004                     : hmmodbus.obj (.text:_HMMODBUS_vSetDeviceIDProductName)
                  003ef6e4    00000004                     : hmmodbus.obj (.text:_HMMODBUS_vSetDeviceIDProductNameLength)
                  003ef6e8    00000004                     : hmmodbus.obj (.text:_HMMODBUS_vSetDeviceIDUserApplicationName)
                  003ef6ec    00000004                     : hmmodbus.obj (.text:_HMMODBUS_vSetDeviceIDUserApplicationNameLength)
                  003ef6f0    00000004                     : hmmodbus.obj (.text:_HMMODBUS_vSetDeviceIDUserReserve0)
                  003ef6f4    00000004                     : hmmodbus.obj (.text:_HMMODBUS_vSetDeviceIDUserReserve0Length)
                  003ef6f8    00000004                     : hmmodbus.obj (.text:_HMMODBUS_vSetDeviceIDUserReserve1)
                  003ef6fc    00000004                     : hmmodbus.obj (.text:_HMMODBUS_vSetDeviceIDUserReserve1Length)
                  003ef700    00000004                     : hmmodbus.obj (.text:_HMMODBUS_vSetDeviceIDUserReserve2)
                  003ef704    00000004                     : hmmodbus.obj (.text:_HMMODBUS_vSetDeviceIDUserReserve2Length)
                  003ef708    00000004                     : hmmodbus.obj (.text:_HMMODBUS_vSetDeviceIDVendorName)
                  003ef70c    00000004                     : hmmodbus.obj (.text:_HMMODBUS_vSetDeviceIDVendorNameLength)
                  003ef710    00000004                     : hmmodbus.obj (.text:_HMMODBUS_vSetDeviceIDVendorUrl)
                  003ef714    00000004                     : hmmodbus.obj (.text:_HMMODBUS_vSetDeviceIDVendorUrlLength)
                  003ef718    00000004                     : hmmodbus.obj (.text:_HMMODBUS_vSetServerIDDataAddress)
                  003ef71c    00000004                     : hmmodbus.obj (.text:_HMMODBUS_vSetServerIDLength)
                  003ef720    00000004                     : hmmodbus.obj (.text:_HMMODBUS_vSetServerIDNumber)
                  003ef724    00000004                     : hmmodbus.obj (.text:_HMMODBUS_vSetServerOnStatus)
                  003ef728    00000004                     : hmmodbus.obj (.text:_HMMODBUS_vSetupWriteParElementCallbackFunction)
                  003ef72c    00000004     interrupt.obj (.text:_IntMasterDisable)
                  003ef730    00000004     interrupt.obj (.text:_IntMasterEnable)
                  003ef734    00000004     CSMON_C28xx.lib : modbusreg.obj (.text:_MODBUSREG_u16GetHoldRegFillCount)
                  003ef738    00000004                     : modbusreg.obj (.text:_MODBUSREG_u16GetHoldRegUsedCount)
                  003ef73c    00000004                     : modbusreg.obj (.text:_MODBUSREG_u32GetHoldingCoilAddressTable)
                  003ef740    00000004                     : modbusreg.obj (.text:_MODBUSREG_u32GetHoldingCoilAddressTableInRam)
                  003ef744    00000004                     : modbusreg.obj (.text:_MODBUSREG_u32GetInputCoilAddressTable)
                  003ef748    00000004                     : modbusreg.obj (.text:_MODBUSREG_u32GetInputCoilAddressTableInRam)
                  003ef74c    00000004                     : modbusreg.obj (.text:_MODBUSREG_u32GetInputRegisterAccessTableInRam)
                  003ef750    00000004                     : modbusreg.obj (.text:_MODBUSREG_u32GetInputRegisterAddressTable)
                  003ef754    00000004                     : modbusreg.obj (.text:_MODBUSREG_u32GetRegisterAccessTableInRam)
                  003ef758    00000004                     : modbusreg.obj (.text:_MODBUSREG_u32GetRegisterAddressTable)
                  003ef75c    00000004                     : modbusreg.obj (.text:_MODBUSREG_u32GetRegisterAddressTableInRam)
                  003ef760    00000004                     : modbusreg.obj (.text:_MODBUSREG_vSetFileAutorization_FunctionAfterWriteFileRecordTable)
                  003ef764    00000004                     : modbusreg.obj (.text:_MODBUSREG_vSetFileParamCount_FunctionBeforeReadFileRecord)
                  003ef768    00000004                     : modbusreg.obj (.text:_MODBUSREG_vSetFileRTC_FunctionAfterReadFileRecord)
                  003ef76c    00000004                     : modbusreg.obj (.text:_MODBUSREG_vSetFileRTC_FunctionAfterWriteFileRecord)
                  003ef770    00000004                     : modbusreg.obj (.text:_MODBUSREG_vSetFileRecConfig_FunctionAfterWriteFileRecord)
                  003ef774    00000004                     : modbusreg.obj (.text:_MODBUSREG_vSetFileRecStatus_FunctionIndexGenerationFileRecord)
                  003ef778    00000004                     : modbusreg.obj (.text:_MODBUSREG_vSetHoldRegFillCount)
                  003ef77c    00000004                     : modbusreg.obj (.text:_MODBUSREG_vSetModbusParamCount)
                  003ef780    00000004                     : modbusreg.obj (.text:_MODBUSREG_vSetParamAuxAddress)
                  003ef784    00000004                     : modbusreg.obj (.text:_MODBUSREG_vSetParamCount)
                  003ef788    00000004                     : modbusreg.obj (.text:_MODBUSREG_vSetParamListAddress)
                  003ef78c    00000004                     : modbusreg.obj (.text:_MODBUSREG_vSetParamNameAddress)
                  003ef790    00000004                     : modbusreg.obj (.text:_MODBUSREG_vSetParamNumbAddress)
                  003ef794    00000004                     : modbusreg.obj (.text:_MODBUSREG_vSetParamRecorderConfigAddress)
                  003ef798    00000004                     : modbusreg.obj (.text:_MODBUSREG_vSetParamReservedAddress)
                  003ef79c    00000004                     : modbusreg.obj (.text:_MODBUSREG_vSetParamScopeConfigAddress)
                  003ef7a0    00000004                     : modbusreg.obj (.text:_MODBUSREG_vSetParamStringAddress)
                  003ef7a4    00000004     tmr_drv.obj (.text:_TIMER_vGetTimerMainRollingCounter)
                  003ef7a8    00000004     tmr_drv.obj (.text:_TIMER_vSetupTimerMainCSMONFunction)
                  003ef7ac    00000004     tmr_drv.obj (.text:_TMR_u16GetFreeRunTimerPrescaller)
                  003ef7b0    00000004     CSMON_C28xx.lib : hmmodbus.obj (.text:_bGetElementsDifference)
                  003ef7b4    00000004                     : hmmodbus.obj (.text:_u16GetIndexFileTable)
                  003ef7b8    00000004                     : hmmodbus.obj (.text:_u32GetBufferAddressStart)
                  003ef7bc    00000004                     : hmmodbus.obj (.text:_u32GetBufferSize)
                  003ef7c0    00000004                     : hmmodbus.obj (.text:_u32GetSampleCountAvailable)
                  003ef7c4    00000004                     : hmmodbus.obj (.text:_u32GetSampleCountBuffer)
                  003ef7c8    00000004                     : hmmodbus.obj (.text:_u32GetStartSampleIndex)
                  003ef7cc    00000004                     : hmmodbus.obj (.text:_u8GetSampleSize)
                  003ef7d0    00000004                     : hmmodbus.obj (.text:_vSetBufferSize)
                  003ef7d4    00000003     F2806x_DBGIER.obj (.text)
                  003ef7d7    00000003     CSMON_C28xx.lib : csmon.obj (.text:_CSMON_u32GetModbusMessageCounterRegisterRealAddress)
                  003ef7da    00000003                     : hmlib.obj (.text:_HMLIB_vRecorderParamTimeSync)
                  003ef7dd    00000003                     : hmrecparam.obj (.text:_HMRECPRM_GetTimeBase)
                  003ef7e0    00000003                     : modbusreg.obj (.text:_MODBUSREG_u32GetAddressMessageCounterThisDevice)
                  003ef7e3    00000003                     : uart_drv.obj (.text:_UART_TXInterrupt)
                  003ef7e6    00000002                     : hmrecparam.obj (.text:_HMRECPRM_AbortRec)
                  003ef7e8    00000002                     : hmrecparam.obj (.text:_HMRECPRM_GetRecBuffSize)
                  003ef7ea    00000002                     : hmrec.obj (.text:_HMREC_AbortRec)
                  003ef7ec    00000002                     : hmrec.obj (.text:_HMREC_GetRecBuffSize)
                  003ef7ee    00000002                     : modbusreg.obj (.text:_MODBUSREG_u16GetHoldingCoilUsedCount)
                  003ef7f0    00000002                     : modbusreg.obj (.text:_MODBUSREG_u16GetInputCoilUsedCount)
                  003ef7f2    00000002                     : modbusreg.obj (.text:_MODBUSREG_u16GetInputRegisterUsedCount)
                  003ef7f4    00000002     main.obj (.text:_eWriteParElement)
                  003ef7f6    00000002     rts2800_ml.lib : pre_init.c.obj (.text)
                  003ef7f8    00000001     CSMON_C28xx.lib : hmprotocol.obj (.text:_HMPROTOCOL_vInit)
                  003ef7f9    00000001     uart_driver.obj (.text:_UART_DRV_TXInterrupt)
                  003ef7fa    00000001     CSMON_C28xx.lib : uart_drv.obj (.text:_UART_TxDis)
                  003ef7fb    00000001                     : uart_drv.obj (.text:_UART_TxEna)
                  003ef7fc    00000001     rts2800_ml.lib : startup.c.obj (.text)

ramfuncs   0    003ef7fd    00000029     RUN ADDR = 00008000
                  003ef7fd    0000001d     F2806x_SysCtrl.obj (ramfuncs:_InitFlash)
                  003ef81a    00000008     device.obj (ramfuncs:_MyCallbackFunction)
                  003ef822    00000004     F2806x_usDelay.obj (ramfuncs)

csm_rsvd   0    003f7f80    00000076     
                  003f7f80    00000076     F2806x_CSMPasswords.obj (csm_rsvd)

codestart 
*          0    003f7ff6    00000002     
                  003f7ff6    00000002     F2806x_CodeStartBranch.obj (codestart)

csmpasswds 
*          0    003f7ff8    00000008     
                  003f7ff8    00000008     F2806x_CSMPasswords.obj (csmpasswds)

.stack     1    00000050    00000380     UNINITIALIZED
                  00000050    00000380     --HOLE--

.econst    0    003ef826    00002d22     
                  003ef826    00002800     main.obj (.econst:_asParameterList)
                  003f2026    00000100     CSMON_C28xx.lib : hmmodbus.obj (.econst:.string:_auchCRCHi)
                  003f2126    00000100                     : hmmodbus.obj (.econst:.string:_auchCRCLo)
                  003f2226    00000100     F2806x_PieVect.obj (.econst:_PieVectTableInit)
                  003f2326    00000084     rts2800_ml.lib : k_rem_pio2.c.obj (.econst:_ipio2)
                  003f23aa    00000050     CSMON_C28xx.lib : csmon.obj (.econst:_CSMON_asAccessLevelPasswords)
                  003f23fa    0000002c     rts2800_ml.lib : k_rem_pio2.c.obj (.econst)
                  003f2426    00000028                    : k_cosf.c.obj (.econst)
                  003f244e    00000020                    : k_rem_pio2.c.obj (.econst:_PIo2)
                  003f246e    00000020                    : k_sinf.c.obj (.econst)
                  003f248e    0000001c                    : e_rem_pio2f.c.obj (.econst)
                  003f24aa    0000001c                    : s_scalbn.c.obj (.econst)
                  003f24c6    00000018     CSMON_C28xx.lib : csmon.obj (.econst:_$P$T45$2)
                  003f24de    00000018     rts2800_ml.lib : s_sinf.c.obj (.econst)
                  003f24f6    00000014     CSMON_C28xx.lib : csmon.obj (.econst:_CSMON_au8FileImplementedFunctionCodes)
                  003f250a    00000010     main.obj (.econst)
                  003f251a    0000000c     CSMON_C28xx.lib : hmprotocol.obj (.econst:.string)
                  003f2526    0000000c     rts2800_ml.lib : s_floor.c.obj (.econst)
                  003f2532    00000006     CSMON_C28xx.lib : csmon.obj (.econst:_$P$T44$1)
                  003f2538    00000004     rts2800_ml.lib : k_rem_pio2.c.obj (.econst:_init_jk)
                  003f253c    00000003     CSMON_C28xx.lib : csmon.obj (.econst:_CSMON_au8FileParameterListElementsCountInPartTable)
                  003f253f    00000003                     : modbusreg.obj (.econst:_HMMODBUS_u32CoilAddressTable)
                  003f2542    00000003                     : modbusreg.obj (.econst:_MODBUSREG_sInputCoilAddressTable)
                  003f2545    00000003                     : modbusreg.obj (.econst:_MODBUSREG_sInputRegisterAddressTable)

.switch    0    003f2e60    00000020     
                  003f2e60    00000020     CSMON_C28xx.lib : csmon.obj (.switch:_CSMON_eSetParameter)

.reset     0    003fffc0    00000002     DSECT
                  003fffc0    00000002     rts2800_ml.lib : boot28.asm.obj (.reset)

vectors    0    003fffc2    00000000     DSECT

DevEmuRegsFile 
*          1    00000880    00000004     UNINITIALIZED
                  00000880    00000004     F2806x_GlobalVariableDefs.obj (DevEmuRegsFile)

SysPwrCtrlRegsFile 
*          1    00000985    00000003     UNINITIALIZED
                  00000985    00000003     F2806x_GlobalVariableDefs.obj (SysPwrCtrlRegsFile)

FlashRegsFile 
*          1    00000a80    00000008     UNINITIALIZED
                  00000a80    00000008     F2806x_GlobalVariableDefs.obj (FlashRegsFile)

CsmRegsFile 
*          1    00000ae0    00000010     UNINITIALIZED
                  00000ae0    00000010     F2806x_GlobalVariableDefs.obj (CsmRegsFile)

AdcResultFile 
*          1    00000b00    00000010     UNINITIALIZED
                  00000b00    00000010     F2806x_GlobalVariableDefs.obj (AdcResultFile)

CpuTimer0RegsFile 
*          1    00000c00    00000008     UNINITIALIZED
                  00000c00    00000008     F2806x_GlobalVariableDefs.obj (CpuTimer0RegsFile)

CpuTimer1RegsFile 
*          1    00000c08    00000008     UNINITIALIZED
                  00000c08    00000008     F2806x_GlobalVariableDefs.obj (CpuTimer1RegsFile)

CpuTimer2RegsFile 
*          1    00000c10    00000008     UNINITIALIZED
                  00000c10    00000008     F2806x_GlobalVariableDefs.obj (CpuTimer2RegsFile)

PieCtrlRegsFile 
*          1    00000ce0    0000001a     UNINITIALIZED
                  00000ce0    0000001a     F2806x_GlobalVariableDefs.obj (PieCtrlRegsFile)

PieVectTableFile 
*          1    00000d00    00000100     UNINITIALIZED
                  00000d00    00000100     F2806x_GlobalVariableDefs.obj (PieVectTableFile)

EmuKeyVar 
*          1    00000d00    00000001     UNINITIALIZED
                  00000d00    00000001     F2806x_GlobalVariableDefs.obj (EmuKeyVar)

EmuBModeVar 
*          1    00000d01    00000001     UNINITIALIZED
                  00000d01    00000001     F2806x_GlobalVariableDefs.obj (EmuBModeVar)

FlashCallbackVar 
*          1    00000d02    00000002     UNINITIALIZED
                  00000d02    00000002     F2806x_GlobalVariableDefs.obj (FlashCallbackVar)

FlashScalingVar 
*          1    00000d04    00000002     UNINITIALIZED
                  00000d04    00000002     F2806x_GlobalVariableDefs.obj (FlashScalingVar)

DmaRegsFile 
*          1    00001000    000000e0     UNINITIALIZED
                  00001000    000000e0     F2806x_GlobalVariableDefs.obj (DmaRegsFile)

Cla1RegsFile 
*          1    00001400    00000040     UNINITIALIZED
                  00001400    00000040     F2806x_GlobalVariableDefs.obj (Cla1RegsFile)

Usb0RegsFile 
*          1    00004000    00000454     UNINITIALIZED
                  00004000    00000454     F2806x_GlobalVariableDefs.obj (Usb0RegsFile)

McbspaRegsFile 
*          1    00005000    00000024     UNINITIALIZED
                  00005000    00000024     F2806x_GlobalVariableDefs.obj (McbspaRegsFile)

ECanaRegsFile 
*          1    00006000    00000034     UNINITIALIZED
                  00006000    00000034     F2806x_GlobalVariableDefs.obj (ECanaRegsFile)

ECanaLAMRegsFile 
*          1    00006040    00000040     UNINITIALIZED
                  00006040    00000040     F2806x_GlobalVariableDefs.obj (ECanaLAMRegsFile)

ECanaMOTSRegsFile 
*          1    00006080    00000040     UNINITIALIZED
                  00006080    00000040     F2806x_GlobalVariableDefs.obj (ECanaMOTSRegsFile)

ECanaMOTORegsFile 
*          1    000060c0    00000040     UNINITIALIZED
                  000060c0    00000040     F2806x_GlobalVariableDefs.obj (ECanaMOTORegsFile)

ECanaMboxesFile 
*          1    00006100    00000100     UNINITIALIZED
                  00006100    00000100     F2806x_GlobalVariableDefs.obj (ECanaMboxesFile)

Comp1RegsFile 
*          1    00006400    00000014     UNINITIALIZED
                  00006400    00000014     F2806x_GlobalVariableDefs.obj (Comp1RegsFile)

Comp2RegsFile 
*          1    00006420    00000014     UNINITIALIZED
                  00006420    00000014     F2806x_GlobalVariableDefs.obj (Comp2RegsFile)

Comp3RegsFile 
*          1    00006440    00000014     UNINITIALIZED
                  00006440    00000014     F2806x_GlobalVariableDefs.obj (Comp3RegsFile)

EPwm1RegsFile 
*          1    00006800    00000040     UNINITIALIZED
                  00006800    00000040     F2806x_GlobalVariableDefs.obj (EPwm1RegsFile)

EPwm2RegsFile 
*          1    00006840    00000040     UNINITIALIZED
                  00006840    00000040     F2806x_GlobalVariableDefs.obj (EPwm2RegsFile)

EPwm3RegsFile 
*          1    00006880    00000040     UNINITIALIZED
                  00006880    00000040     F2806x_GlobalVariableDefs.obj (EPwm3RegsFile)

EPwm4RegsFile 
*          1    000068c0    00000040     UNINITIALIZED
                  000068c0    00000040     F2806x_GlobalVariableDefs.obj (EPwm4RegsFile)

EPwm5RegsFile 
*          1    00006900    00000040     UNINITIALIZED
                  00006900    00000040     F2806x_GlobalVariableDefs.obj (EPwm5RegsFile)

EPwm6RegsFile 
*          1    00006940    00000040     UNINITIALIZED
                  00006940    00000040     F2806x_GlobalVariableDefs.obj (EPwm6RegsFile)

EPwm7RegsFile 
*          1    00006980    00000040     UNINITIALIZED
                  00006980    00000040     F2806x_GlobalVariableDefs.obj (EPwm7RegsFile)

EPwm8RegsFile 
*          1    000069c0    00000040     UNINITIALIZED
                  000069c0    00000040     F2806x_GlobalVariableDefs.obj (EPwm8RegsFile)

ECap1RegsFile 
*          1    00006a00    00000020     UNINITIALIZED
                  00006a00    00000020     F2806x_GlobalVariableDefs.obj (ECap1RegsFile)

ECap2RegsFile 
*          1    00006a20    00000020     UNINITIALIZED
                  00006a20    00000020     F2806x_GlobalVariableDefs.obj (ECap2RegsFile)

ECap3RegsFile 
*          1    00006a40    00000020     UNINITIALIZED
                  00006a40    00000020     F2806x_GlobalVariableDefs.obj (ECap3RegsFile)

HRCap1RegsFile 
*          1    00006ac0    00000020     UNINITIALIZED
                  00006ac0    00000020     F2806x_GlobalVariableDefs.obj (HRCap1RegsFile)

HRCap2RegsFile 
*          1    00006ae0    00000020     UNINITIALIZED
                  00006ae0    00000020     F2806x_GlobalVariableDefs.obj (HRCap2RegsFile)

EQep1RegsFile 
*          1    00006b00    00000022     UNINITIALIZED
                  00006b00    00000022     F2806x_GlobalVariableDefs.obj (EQep1RegsFile)

EQep2RegsFile 
*          1    00006b40    00000022     UNINITIALIZED
                  00006b40    00000022     F2806x_GlobalVariableDefs.obj (EQep2RegsFile)

HRCap3RegsFile 
*          1    00006c80    00000020     UNINITIALIZED
                  00006c80    00000020     F2806x_GlobalVariableDefs.obj (HRCap3RegsFile)

HRCap4RegsFile 
*          1    00006ca0    00000020     UNINITIALIZED
                  00006ca0    00000020     F2806x_GlobalVariableDefs.obj (HRCap4RegsFile)

GpioCtrlRegsFile 
*          1    00006f80    00000040     UNINITIALIZED
[...]
003eb7ec  local     $30 (.text)
003eb81a  local     $35 (.text)
003eb849  local     $40 (.text)
003eb7ab  local     $5_$2 (.text)
00000000  local     .bss (.bss)
00000000  local     .data (.data)
003eb797  local     .text (.text)
003eb7bb  local     CHECK_SIGN1 (.text)
003eb7f6  local     CHECK_SIGN2 (.text)
003eb82e  local     DGT3 (.text)
003eb830  local     DIVUDenHighZero (.text)
003eb7c5  local     EQ0 (.text)
003eb7c0  local     EQ1 (.text)
003eb7fe  local     EQ2 (.text)
003eb829  local     EQ3 (.text)
003eb85a  local     EQ4 (.text)
003eb797  global    LL$$DIV (.text)
003eb7d3  global    LL$$MOD (.text)
003eb879  local     LOOP (.text)
003eb868  local     MAINDIV (.text)
003eb887  local     MD_NEQ (.text)
003eb85c  local     MODUDenHighZero (.text)
003eb7be  local     RET1 (.text)
003eb7f9  local     RET2 (.text)
003eb827  local     RET3 (.text)
003eb856  local     RET4 (.text)
003eb7fb  local     RET_NUM1 (.text)
003eb858  local     RET_NUM2 (.text)
003eb7c7  local     SDIVUDenHighZero (.text)
003eb891  local     SKIP (.text)
003eb893  local     SKIP1 (.text)
003eb801  local     SMODUDenHighZero (.text)
003eb80d  global    ULL$$DIV (.text)
003eb83c  global    ULL$$MOD (.text)


================================================================================

rts2800_ml.lib : u_div28.asm.obj

Run/Load            
Value     Binding   Name (Section)
--------  --------  ---------------
00000000  local     .bss (.bss)
00000000  local     .data (.data)
003ef2bc  local     .text (.text)
003ef2bc  global    U$$DIV (.text)
003ef2c1  global    U$$MOD (.text)


================================================================================

rts2800_ml.lib : u_tofd28.asm.obj

Run/Load            
Value     Binding   Name (Section)
--------  --------  ---------------
00000000  local     .bss (.bss)
00000000  local     .data (.data)
003eedee  local     .text (.text)
003eedfb  local     NORMALIZE (.text)
003eee03  local     OP_ZERO (.text)
003eedfd  local     PACK (.text)
003eee02  local     RETURN (.text)
003eee00  local     RETURN_VALUE (.text)
003eedee  global    U$$TOFD (.text)


================================================================================

rts2800_ml.lib : u_tofs28.asm.obj

Run/Load            
Value     Binding   Name (Section)
--------  --------  ---------------
00000000  local     .bss (.bss)
00000000  local     .data (.data)
003ef07c  local     .text (.text)
003ef08b  local     RESTORE (.text)
003ef07c  global    U$$TOFS (.text)
003ef08b  local     ZERO (.text)


================================================================================

rts2800_ml.lib : l_tofs28.asm.obj

Run/Load            
Value     Binding   Name (Section)
--------  --------  ---------------
00000000  local     .bss (.bss)
00000000  local     .data (.data)
003eec6d  local     .text (.text)
003eec6d  global    L$$TOFS (.text)
003eec83  local     OVERFLOW (.text)
003eec82  local     RETURN (.text)
003eec82  local     ZERO (.text)


================================================================================

rts2800_ml.lib : ul_tofs28.asm.obj

Run/Load            
Value     Binding   Name (Section)
--------  --------  ---------------
00000000  local     .bss (.bss)
00000000  local     .data (.data)
003eef26  local     .text (.text)
003eef2e  local     LEFT_SHIFT (.text)
003eef30  local     PACK (.text)
003eef38  local     RETURN (.text)
003eef26  global    UL$$TOFS (.text)
003eef38  local     ZERO (.text)


================================================================================

rts2800_ml.lib : prolog28.asm.obj

Run/Load            
Value     Binding   Name (Section)
--------  --------  ---------------
00000000  local     .bss (.bss)
00000000  local     .data (.data)
003eeceb  local     .text (.text)
003eeceb  global    _prolog_c28x_1 (.text)
003eecef  global    _prolog_c28x_2 (.text)
003eecf7  global    _prolog_c28x_3 (.text)


================================================================================

rts2800_ml.lib : fs_tofd28.asm.obj

Run/Load            
Value     Binding   Name (Section)
--------  --------  ---------------
00000000  local     .bss (.bss)
00000000  local     .data (.data)
003eeb11  local     .text (.text)
003eeb11  global    FS$$TOFD (.text)
003eeb25  local     OVERFLOW (.text)
003eeb24  local     RETURN (.text)
003eeb22  local     RETURN_VALUE (.text)
003eeb2b  local     UNDERFLOW (.text)


================================================================================

rts2800_ml.lib : fd_div28.asm.obj

Run/Load            
Value     Binding   Name (Section)
--------  --------  ---------------
003ecd82  local     $1_$3 (.text)
003ecd8d  local     $2_$3 (.text)
00000000  local     .bss (.bss)
00000000  local     .data (.data)
003ecd46  local     .text (.text)
003ecd9c  local     DIV_END (.text)
003ecd7d  local     DIV_START (.text)
003ecd46  global    FD$$DIV (.text)
003ecd9f  local     NORMALIZE (.text)
003ecdc9  local     OVERFLOW (.text)
003ecdc4  local     RETURN (.text)
003ecdc2  local     RETURN_VALUE (.text)
003ecdb4  local     RND64_SET_MANT$3$ (.text)
003ecda8  local     ROUND (.text)
003ecdcf  local     UNDERFLOW (.text)


================================================================================

rts2800_ml.lib : cpy_tbl.c.obj

Run/Load            
Value     Binding   Name (Section)
--------  --------  ---------------
003ee829  local     $C$L1 (.text)
003ee83c  local     $C$L2 (.text)
003ee83d  local     $C$L3 (.text)
00000000  local     .bss (.bss)
00000000  local     .data (.data)
003ee821  local     .text (.text)
003ee821  global    _copy_in (.text)


================================================================================

rts2800_ml.lib : memcpy.c.obj

Run/Load            
Value     Binding   Name (Section)
--------  --------  ---------------
003eea8a  local     $C$L1 (.text)
003eea8e  local     $C$L2 (.text)
003eea95  local     $C$L3 (.text)
003eea97  local     $C$L4 (.text)
003eea9f  local     $C$L5 (.text)
00000000  local     .bss (.bss)
00000000  local     .data (.data)
003eea84  local     .text (.text)
003eea84  global    _memcpy (.text)


================================================================================

rts2800_ml.lib : pre_init.c.obj

Run/Load            
Value     Binding   Name (Section)
--------  --------  ---------------
00000000  local     .bss (.bss)
00000000  local     .data (.data)
003ef7f6  local     .text (.text)
003ef7f6  global    __system_pre_init (.text)


================================================================================

rts2800_ml.lib : startup.c.obj

Run/Load            
Value     Binding   Name (Section)
--------  --------  ---------------
00000000  local     .bss (.bss)
00000000  local     .data (.data)
003ef7fc  local     .text (.text)
003ef7fc  global    __system_post_cinit (.text)


================================================================================

rts2800_ml.lib : e_rem_pio2f.c.obj

Run/Load            
Value     Binding   Name (Section)
--------  --------  ---------------
003f249a  local     $C$FL1 (.econst)
003f249e  local     $C$FL2 (.econst)
003f24a2  local     $C$FL3 (.econst)
003f24a6  local     $C$FL4 (.econst)
003ec67c  local     $C$L1 (.text)
003ec68a  local     $C$L2 (.text)
003ec6b6  local     $C$L3 (.text)
003ec6bb  local     $C$L4 (.text)
00000000  local     .bss (.bss)
00000000  local     .data (.data)
003f248e  local     .econst (.econst)
003ec619  local     .text (.text)
003ec619  global    ___rem_pio2f (.text)
003f248e  local     _invpio2 (.econst)
003f2492  local     _pio2_1 (.econst)
003f2496  local     _pio2_1t (.econst)


================================================================================

rts2800_ml.lib : k_rem_pio2.c.obj

Run/Load            
Value     Binding   Name (Section)
--------  --------  ---------------
003f240a  local     $C$FL1 (.econst)
003f240e  local     $C$FL2 (.econst)
003f2412  local     $C$FL3 (.econst)
003f2416  local     $C$FL4 (.econst)
003f241a  local     $C$FL5 (.econst)
003f241e  local     $C$FL6 (.econst)
003f2422  local     $C$FL7 (.econst)
003ea033  local     $C$L1 (.text)
003ea0ed  local     $C$L10 (.text)
003ea11a  local     $C$L11 (.text)
003ea13a  local     $C$L12 (.text)
003ea15f  local     $C$L13 (.text)
003ea17e  local     $C$L14 (.text)
003ea185  local     $C$L15 (.text)
003ea1a2  local     $C$L16 (.text)
003ea1f0  local     $C$L17 (.text)
003ea25c  local     $C$L18 (.text)
003ea260  local     $C$L19 (.text)
003ea05b  local     $C$L2 (.text)
003ea26e  local     $C$L20 (.text)
003ea297  local     $C$L21 (.text)
003ea29c  local     $C$L22 (.text)
003ea2a7  local     $C$L23 (.text)
003ea2b3  local     $C$L24 (.text)
003ea2b8  local     $C$L25 (.text)
003ea2be  local     $C$L26 (.text)
003ea2db  local     $C$L27 (.text)
003ea2e7  local     $C$L28 (.text)
003ea312  local     $C$L29 (.text)
003ea066  local     $C$L3 (.text)
003ea340  local     $C$L30 (.text)
003ea38b  local     $C$L31 (.text)
003ea390  local     $C$L32 (.text)
003ea3a8  local     $C$L33 (.text)
003ea3b2  local     $C$L34 (.text)
003ea3c1  local     $C$L35 (.text)
003ea3cb  local     $C$L36 (.text)
003ea3e6  local     $C$L37 (.text)
003ea3f6  local     $C$L38 (.text)
003ea3f8  local     $C$L39 (.text)
003ea072  local     $C$L4 (.text)
003ea418  local     $C$L40 (.text)
003ea440  local     $C$L41 (.text)
003ea457  local     $C$L42 (.text)
003ea46b  local     $C$L43 (.text)
003ea499  local     $C$L44 (.text)
003ea4b7  local     $C$L45 (.text)
003ea4d5  local     $C$L46 (.text)
003ea524  local     $C$L47 (.text)
003ea55e  local     $C$L48 (.text)
003ea576  local     $C$L49 (.text)
003ea083  local     $C$L5 (.text)
003ea587  local     $C$L50 (.text)
003ea5a4  local     $C$L51 (.text)
003ea5bf  local     $C$L52 (.text)
003ea5d2  local     $C$L53 (.text)
003ea5e3  local     $C$L54 (.text)
003ea5f1  local     $C$L55 (.text)
003ea5fb  local     $C$L56 (.text)
003ea61c  local     $C$L57 (.text)
003ea62d  local     $C$L58 (.text)
003ea63b  local     $C$L59 (.text)
003ea08f  local     $C$L6 (.text)
003ea645  local     $C$L60 (.text)
003ea64f  local     $C$L61 (.text)
003ea662  local     $C$L62 (.text)
003ea673  local     $C$L63 (.text)
003ea681  local     $C$L64 (.text)
003ea68b  local     $C$L65 (.text)
003ea694  local     $C$L66 (.text)
003ea0ac  local     $C$L7 (.text)
003ea0d1  local     $C$L8 (.text)
003ea0e6  local     $C$L9 (.text)
00000000  local     .bss (.bss)
00000000  local     .data (.data)
003f23fa  local     .econst (.econst)
003f244e  local     .econst:_PIo2 (.econst:_PIo2)
003f2538  local     .econst:_init_jk (.econst:_init_jk)
003f2326  local     .econst:_ipio2 (.econst:_ipio2)
003ea005  local     .text (.text)
003f244e  local     _PIo2 (.econst:_PIo2)
003ea005  global    ___kernel_rem_pio2 (.text)
003f2538  local     _init_jk (.econst:_init_jk)
003f2326  local     _ipio2 (.econst:_ipio2)
003f23fe  local     _one (.econst)
003f2402  local     _two24 (.econst)
003f2406  local     _twon24 (.econst)
003f23fa  local     _zero (.econst)


================================================================================

rts2800_ml.lib : exit.c.obj

Run/Load            
Value     Binding   Name (Section)
--------  --------  ---------------
003ee4a0  local     $C$L1 (.text)
003ee4b3  local     $C$L2 (.text)
003ee4be  local     $C$L3 (.text)
003ee4c4  local     $C$L4 (.text)
00000000  local     .bss (.bss)
003f2c81  local     .cinit (.cinit)
00000000  local     .data (.data)
0000d82e  local     .ebss (.ebss)
003ee49f  local     .text (.text)
003ee49f  global    C$$EXIT (.text)
0000d830  global    ___TI_cleanup_ptr (.ebss)
0000d832  global    ___TI_dtors_ptr (.ebss)
0000d82e  global    ___TI_enable_exit_profile_output (.ebss)
003ee49f  global    _abort (.text)
003ee4a1  global    _exit (.text)


================================================================================

rts2800_ml.lib : _lock.c.obj

Run/Load            
Value     Binding   Name (Section)
--------  --------  ---------------
00000000  local     .bss (.bss)
003f2e30  local     .cinit:__lock (.cinit:__lock)
003f2e35  local     .cinit:__unlock (.cinit:__unlock)
00000000  local     .data (.data)
0000d896  local     .ebss:__lock (.ebss:__lock)
0000d898  local     .ebss:__unlock (.ebss:__unlock)
003ef363  local     .text (.text)
0000d896  global    __lock (.ebss:__lock)
003ef36b  global    __nop (.text)
003ef367  global    __register_lock (.text)
003ef363  global    __register_unlock (.text)
0000d898  global    __unlock (.ebss:__unlock)


================================================================================

rts2800_ml.lib : args_main.c.obj

Run/Load            
Value     Binding   Name (Section)
--------  --------  ---------------
003ef006  local     $C$L1 (.text)
003ef009  local     $C$L2 (.text)
00000000  local     .bss (.bss)
00000000  local     .data (.data)
003eeffb  local     .text (.text)
003eeffb  global    __args_main (.text)


================================================================================

rts2800_ml.lib : s_floor.c.obj

Run/Load            
Value     Binding   Name (Section)
--------  --------  ---------------
003f252a  local     $C$FL1 (.econst)
003f252e  local     $C$FL2 (.econst)
003ebf96  local     $C$L1 (.text)
003ebfee  local     $C$L10 (.text)
003ec00e  local     $C$L11 (.text)
003ec010  local     $C$L12 (.text)
003ec01c  local     $C$L13 (.text)
003ec021  local     $C$L14 (.text)
003ebf9b  local     $C$L2 (.text)
003ebf9c  local     $C$L3 (.text)
003ebfa4  local     $C$L4 (.text)
003ebfb7  local     $C$L5 (.text)
003ebfc6  local     $C$L6 (.text)
003ebfc9  local     $C$L7 (.text)
003ebfe5  local     $C$L8 (.text)
003ebfeb  local     $C$L9 (.text)
00000000  local     .bss (.bss)
00000000  local     .data (.data)
003f2526  local     .econst (.econst)
003ebf3e  local     .text (.text)
003ebf3e  global    _floorl (.text)
003f2526  local     _huge (.econst)


================================================================================

rts2800_ml.lib : s_scalbn.c.obj

Run/Load            
Value     Binding   Name (Section)
--------  --------  ---------------
003f24b6  local     $C$FL1 (.econst)
003f24ba  local     $C$FL2 (.econst)
003f24be  local     $C$FL3 (.econst)
003f24c2  local     $C$FL4 (.econst)
003ec595  local     $C$L1 (.text)
003ec5ae  local     $C$L2 (.text)
003ec5c0  local     $C$L3 (.text)
003ec5cb  local     $C$L4 (.text)
003ec5e0  local     $C$L5 (.text)
003ec5e6  local     $C$L6 (.text)
003ec5f1  local     $C$L7 (.text)
003ec611  local     $C$L8 (.text)
003ec615  local     $C$L9 (.text)
00000000  local     .bss (.bss)
00000000  local     .data (.data)
003f24aa  local     .econst (.econst)
003ec56f  local     .text (.text)
003ec56f  global    _ldexpl (.text)
003ec56f  global    _scalbnl (.text)
003f24b2  local     _tiny (.econst)
003f24aa  local     _two54 (.econst)
003f24ae  local     _twom54 (.econst)


================================================================================

rts2800_ml.lib : s_copysign.c.obj

Run/Load            
Value     Binding   Name (Section)
--------  --------  ---------------
003ee889  local     $C$L1 (.text)
00000000  local     .bss (.bss)
00000000  local     .data (.data)
003ee868  local     .text (.text)
003ee868  global    _copysignl (.text)


================================================================================

rts2800_ml.lib : k_cosf.c.obj

Run/Load            
Value     Binding   Name (Section)
--------  --------  ---------------
003f243a  local     $C$FL1 (.econst)
003f243e  local     $C$FL2 (.econst)
003f2442  local     $C$FL3 (.econst)
003f2446  local     $C$FL4 (.econst)
003f244a  local     $C$FL5 (.econst)
00000000  local     .bss (.bss)
00000000  local     .data (.data)
003f2426  local     .econst (.econst)
003ece58  local     .text (.text)
003f242a  local     _C0 (.econst)
003f242e  local     _C1 (.econst)
003f2432  local     _C2 (.econst)
003f2436  local     _C3 (.econst)
003ece58  global    ___kernel_cosdf (.text)
003f2426  local     _one (.econst)


================================================================================

rts2800_ml.lib : k_sinf.c.obj

Run/Load            
Value     Binding   Name (Section)
--------  --------  ---------------
003f247e  local     $C$FL1 (.econst)
003f2482  local     $C$FL2 (.econst)
003f2486  local     $C$FL3 (.econst)
003f248a  local     $C$FL4 (.econst)
00000000  local     .bss (.bss)
00000000  local     .data (.data)
003f246e  local     .econst (.econst)
003ecb97  local     .text (.text)
003f246e  local     _S1 (.econst)
003f2472  local     _S2 (.econst)
003f2476  local     _S3 (.econst)
003f247a  local     _S4 (.econst)
003ecb97  global    ___kernel_sindf (.text)


================================================================================

rts2800_ml.lib : fd_cmp28.asm.obj

Run/Load            
Value     Binding   Name (Section)
--------  --------  ---------------
00000000  local     .bss (.bss)
00000000  local     .data (.data)
003ee475  local     .text (.text)
003ee485  local     CHECK_INF (.text)
003ee475  global    FD$$CMP (.text)
003ee49c  local     NO_NEG (.text)
003ee49d  local     OP_EQUAL (.text)
003ee495  local     RETURN (.text)


================================================================================

rts2800_ml.lib : fd_tol28.asm.obj

Run/Load            
Value     Binding   Name (Section)
--------  --------  ---------------
00000000  local     .bss (.bss)
00000000  local     .data (.data)
003ee9f0  local     .text (.text)
003ee9f0  global    FD$$TOL (.text)
003eea09  local     OVERFLOW (.text)
003eea08  local     RETURN_VALUE (.text)
003eea0d  local     UNDERFLOW (.text)


================================================================================

rts2800_ml.lib : ll_aox28.asm.obj

Run/Load            
Value     Binding   Name (Section)
--------  --------  ---------------
00000000  local     .bss (.bss)
00000000  local     .data (.data)
003eed4c  local     .text (.text)
003eed4c  global    LL$$AND (.text)
003eed54  global    LL$$OR (.text)
003eed5c  global    LL$$XOR (.text)


================================================================================

rts2800_ml.lib : i_div28.asm.obj

Run/Load            
Value     Binding   Name (Section)
--------  --------  ---------------
00000000  local     .bss (.bss)
00000000  local     .data (.data)
003ee8ad  local     .text (.text)
003ee8ad  global    I$$DIV (.text)
003ee8be  global    I$$MOD (.text)
003ee8bd  local     RET1 (.text)
003ee8cd  local     RET2 (.text)


================================================================================

rts2800_ml.lib : l_tofd28.asm.obj

Run/Load            
Value     Binding   Name (Section)
--------  --------  ---------------
003eeb3b  local     $10 (.text)
00000000  local     .bss (.bss)
00000000  local     .data (.data)
003eeb2d  local     .text (.text)
003eeb2d  global    L$$TOFD (.text)
003eeb47  local     OP_ZERO (.text)
003eeb46  local     RETURN (.text)
003eeb44  local     RETURN_VALUE (.text)


================================================================================

rts2800_ml.lib : fd_tofs28.asm.obj

Run/Load            
Value     Binding   Name (Section)
--------  --------  ---------------
00000000  local     .bss (.bss)
00000000  local     .data (.data)
003ee911  local     .text (.text)
003ee91e  local     EXP_EVAL (.text)
003ee911  global    FD$$TOFS (.text)
003ee92a  local     OVERFLOW (.text)
003ee929  local     RETURN_VALUE (.text)
003ee930  local     UNDERFLOW (.text)


================================================================================

rts2800_ml.lib : errno.c.obj

Run/Load            
Value     Binding   Name (Section)
--------  --------  ---------------
00000000  local     .bss (.bss)
003f2e5a  local     .cinit (.cinit)
00000000  local     .data (.data)
0000d8a1  local     .ebss (.ebss)
00000000  local     .text (.text)
0000d8a1  global    _errno (.ebss)


================================================================================

