******************************************************************************
             TMS320C2000 Linker PC v22.6.0                     
******************************************************************************
>> Linked Thu Jan 19 21:37:37 2023

OUTPUT FILE NAME:   <../../../04_Output_Files/Motor28062/TEST_CSMON_C28xx.out>
ENTRY POINT SYMBOL: "_c_int00"  address: 003ecb66


MEMORY CONFIGURATION

         name            origin    length      used     unused   attr    fill
----------------------  --------  ---------  --------  --------  ----  --------
PAGE 0:
  RAML0                 00008000   00000800  00000029  000007d7  RWIX
  RAML1                 00008800   00000400  00000000  00000400  RWIX
  OTP                   003d7800   00000400  00000000  00000400  RWIX
  FLASH_APP             003e8000   0000dff0  00008dc0  00005230  RWIX
  CSM_RSVD              003f7f80   00000076  00000076  00000000  RWIX
  BEGIN                 003f7ff6   00000002  00000002  00000000  RWIX
  CSM_PWL_P0            003f7ff8   00000008  00000008  00000000  RWIX
  FPUTABLES             003fd590   000006a0  00000000  000006a0  RWIX
  IQTABLES              003fdf00   00000b50  00000000  00000b50  RWIX
  IQTABLES2             003fea50   0000008c  00000000  0000008c  RWIX
  IQTABLES3             003feadc   000000aa  00000000  000000aa  RWIX
  ROM                   003ff3b0   00000c10  00000000  00000c10  RWIX
  RESET                 003fffc0   00000002  00000000  00000002  RWIX
  VECTORS               003fffc2   0000003e  00000000  0000003e  RWIX

PAGE 1:
  BOOT_RSVD             00000000   00000050  00000000  00000050  RWIX
  RAMM0                 00000050   000003b0  00000380  00000030  RWIX
  RAMM1                 00000400   00000400  00000000  00000400  RWIX
  DEV_EMU               00000880   00000105  00000004  00000101  RWIX
  SYS_PWR_CTL           00000985   00000003  00000003  00000000  RWIX
  FLASH_REGS            00000a80   00000060  00000008  00000058  RWIX
  CSM                   00000ae0   00000020  00000010  00000010  RWIX
  ADC_RESULT            00000b00   00000020  00000010  00000010  RWIX
  CPU_TIMER0            00000c00   00000008  00000008  00000000  RWIX
  CPU_TIMER1            00000c08   00000008  00000008  00000000  RWIX
  CPU_TIMER2            00000c10   00000008  00000008  00000000  RWIX
  PIE_CTRL              00000ce0   00000020  0000001a  00000006  RWIX
  PIE_VECT              00000d00   00000100  00000100  00000000  RWIX
  DMA                   00001000   00000200  000000e0  00000120  RWIX
  CLA1                  00001400   00000080  00000040  00000040  RWIX
  USB0                  00004000   00001000  00000454  00000bac  RWIX
  McBSPA                00005000   00000040  00000024  0000001c  RWIX
  ECANA                 00006000   00000040  00000034  0000000c  RWIX
  ECANA_LAM             00006040   00000040  00000040  00000000  RWIX
  ECANA_MOTS            00006080   00000040  00000040  00000000  RWIX
  ECANA_MOTO            000060c0   00000040  00000040  00000000  RWIX
  ECANA_MBOX            00006100   00000100  00000100  00000000  RWIX
  COMP1                 00006400   00000020  00000014  0000000c  RWIX
  COMP2                 00006420   00000020  00000014  0000000c  RWIX
  COMP3                 00006440   00000020  00000014  0000000c  RWIX
  EPWM1                 00006800   00000040  00000040  00000000  RWIX
  EPWM2                 00006840   00000040  00000040  00000000  RWIX
  EPWM3                 00006880   00000040  00000040  00000000  RWIX
  EPWM4                 000068c0   00000040  00000040  00000000  RWIX
  EPWM5                 00006900   00000040  00000040  00000000  RWIX
  EPWM6                 00006940   00000040  00000040  00000000  RWIX
  EPWM7                 00006980   00000040  00000040  00000000  RWIX
  EPWM8                 000069c0   00000040  00000040  00000000  RWIX
  ECAP1                 00006a00   00000020  00000020  00000000  RWIX
  ECAP2                 00006a20   00000020  00000020  00000000  RWIX
  ECAP3                 00006a40   00000020  00000020  00000000  RWIX
  HRCAP1                00006ac0   00000020  00000020  00000000  RWIX
  HRCAP2                00006ae0   00000020  00000020  00000000  RWIX
  EQEP1                 00006b00   00000040  00000022  0000001e  RWIX
  EQEP2                 00006b40   00000040  00000022  0000001e  RWIX
  HRCAP3                00006c80   00000020  00000020  00000000  RWIX
  HRCAP4                00006ca0   00000020  00000020  00000000  RWIX
  GPIOCTRL              00006f80   00000040  00000040  00000000  RWIX
  GPIODAT               00006fc0   00000020  00000020  00000000  RWIX
  GPIOINT               00006fe0   00000020  00000020  00000000  RWIX
  SYSTEM                00007010   00000030  00000030  00000000  RWIX
  SPIA                  00007040   00000010  00000010  00000000  RWIX
  SCIA                  00007050   00000010  00000010  00000000  RWIX
  NMIINTRUPT            00007060   00000010  00000010  00000000  RWIX
  XINTRUPT              00007070   00000010  00000010  00000000  RWIX
  ADC                   00007100   00000080  00000050  00000030  RWIX
  SPIB                  00007740   00000010  00000010  00000000  RWIX
  SCIB                  00007750   00000010  00000010  00000000  RWIX
  I2CA                  00007900   00000040  00000022  0000001e  RWIX
  RAML2                 00008c00   00000400  00000400  00000000  RWIX
  RAML34                00009000   00003000  00003000  00000000  RWIX
  RAML5                 0000c000   00002000  00000121  00001edf  RWIX
  RAML6                 0000e000   00002000  00000000  00002000  RWIX
  RAML7                 00010000   00002000  00000000  00002000  RWIX
  RAML8                 00012000   00002000  00000000  00002000  RWIX
  USB_RAM               00040000   00000800  00000000  00000800  RWIX
  PARTID                003d7e80   00000001  00000001  00000000  RWIX
  CSM_PWL               003f7ff8   00000008  00000008  00000000  RWIX


SECTION ALLOCATION MAP

 output                                  attributes/
section   page    origin      length       input sections
--------  ----  ----------  ----------   ----------------
.cinit     0    003f0560    00000860     
                  003f0560    00000216     CSMON_C28xx.lib : hmmodbus.obj (.cinit)
                  003f0776    0000017b     main.obj (.cinit)
                  003f08f1    00000105     CSMON_C28xx.lib : csmon.obj (.cinit)
                  003f09f6    0000009c                     : modbusreg.obj (.cinit)
                  003f0a92    00000030                     : csmon.obj (.cinit:_CSMON_au8FileRecorderConfigElementsSizeTable)
                  003f0ac2    0000002b                     : csmon.obj (.cinit:_CSMON_au8FileScopeConfigurationElementsSizeTable)
                  003f0aed    00000017                     : csmon.obj (.cinit:_CSMON_au8FileRecorderDataElementsSizeTable)
                  003f0b04    00000015                     : csmon.obj (.cinit:_CSMON_sFileAutorization)
                  003f0b19    00000014                     : hmdrv.obj (.cinit)
                  003f0b2d    00000014                     : hmprotocol.obj (.cinit)
                  003f0b41    00000013                     : modbusreg.obj (.cinit:_MODBUSREG_au8DeviceIDUserApplicationName)
                  003f0b54    00000013                     : modbusreg.obj (.cinit:_MODBUSREG_au8DeviceIDVendorUrl)
                  003f0b67    00000013                     : modbusreg.obj (.cinit:_MODBUSREG_au8ServerIDData)
                  003f0b7a    00000013                     : hmrecparam.obj (.cinit:_sRecStatusParam)
                  003f0b8d    0000000f                     : csmon.obj (.cinit:_CSMON_sDateTime)
                  003f0b9c    0000000f                     : csmon.obj (.cinit:_CSMON_sDateTimeApplication)
                  003f0bab    0000000f                     : csmon.obj (.cinit:_CSMON_sDateTimeDefault)
                  003f0bba    0000000f                     : modbusreg.obj (.cinit:_MODBUSREG_au8DeviceIDModelName)
                  003f0bc9    0000000f     device.obj (.cinit)
                  003f0bd8    0000000e     rts2800_ml.lib : exit.c.obj (.cinit)
                  003f0be6    0000000d     CSMON_C28xx.lib : tmr_drv.obj (.cinit)
                  003f0bf3    0000000d                     : csmon.obj (.cinit:_CSMON_au8FileParameterCountElementsSizeTable)
                  003f0c00    0000000d                     : csmon.obj (.cinit:_CSMON_au8FileRTCElementsSizeTable)
                  003f0c0d    0000000d                     : csmon.obj (.cinit:_sHashKey)
                  003f0c1a    0000000c                     : modbusreg.obj (.cinit:_MODBUSREG_au8DeviceIDProductName)
                  003f0c26    0000000c                     : modbusreg.obj (.cinit:_MODBUSREG_au8DeviceIDUserReserve0)
                  003f0c32    0000000c                     : modbusreg.obj (.cinit:_MODBUSREG_au8DeviceIDUserReserve1)
                  003f0c3e    0000000c                     : modbusreg.obj (.cinit:_MODBUSREG_au8DeviceIDUserReserve2)
                  003f0c4a    0000000c                     : modbusreg.obj (.cinit:_MODBUSREG_au8DeviceIDVendorName)
                  003f0c56    0000000b                     : hmrecparam.obj (.cinit:_HMRECPRM_sDateTime)
                  003f0c61    0000000b     main.obj (.cinit:_MAIN_sDateTimeGet)
                  003f0c6c    0000000b     main.obj (.cinit:_MAIN_sDateTimeSet)
                  003f0c77    0000000b     uart_driver.obj (.cinit:_UART_DRV_RXIntOverflowCounter)
                  003f0c82    0000000b     uart_driver.obj (.cinit:_UART_DRV_u32TimeDiffLast)
                  003f0c8d    0000000b     uart_driver.obj (.cinit:_UART_DRV_u32TimeDiffNow)
                  003f0c98    0000000b     CSMON_C28xx.lib : uart_drv.obj (.cinit:_UART_RXIntOverflowCounter)
                  003f0ca3    0000000b                     : tmr_drv.obj (.cinit:_pfDelayedFunction)
                  003f0cae    0000000b                     : tmr_drv.obj (.cinit:_pfDelayedFunction_u8)
                  003f0cb9    0000000b                     : hmrecparam.obj (.cinit:_sRecStatusParamInternal)
                  003f0cc4    0000000b                     : uart_drv.obj (.cinit:_u32TimeDiffLast)
                  003f0ccf    0000000b                     : uart_drv.obj (.cinit:_u32TimeDiffNow)
                  003f0cda    0000000b                     : uart_drv.obj (.cinit:_u32TimeDiffRead)
                  003f0ce5    00000009                     : hmserial.obj (.cinit)
                  003f0cee    00000009                     : csmon.obj (.cinit:_CSMON_au32FileAutorization_FunctionAfterWriteFileRecord)
                  003f0cf7    00000009                     : csmon.obj (.cinit:_CSMON_sFileParameterCount)
                  003f0d00    00000008                     : hmlib.obj (.cinit)
                  003f0d08    00000007                     : csmon.obj (.cinit:_CSMON_au8FileRecorderStatusElementsSizeTable)
                  003f0d0f    00000007                     : modbusreg.obj (.cinit:_MODBUSREG_au8DeviceIDMajorMinorRevision)
                  003f0d16    00000007                     : modbusreg.obj (.cinit:_MODBUSREG_au8DeviceIDProductCode)
                  003f0d1d    00000007                     : uart_drv.obj (.cinit:_UARTRxBufferRDCount)
                  003f0d24    00000007                     : uart_drv.obj (.cinit:_UARTRxBufferRDIndex)
                  003f0d2b    00000007                     : uart_drv.obj (.cinit:_UARTRxBufferWRCount)
                  003f0d32    00000007                     : uart_drv.obj (.cinit:_UARTRxBufferWRIndex)
                  003f0d39    00000007     uart_driver.obj (.cinit:_UART_DRV_RxBufferRDCount)
                  003f0d40    00000007     uart_driver.obj (.cinit:_UART_DRV_RxBufferWRCount)
                  003f0d47    00000007     uart_driver.obj (.cinit:_UART_DRV_RxBufferWRIndex)
                  003f0d4e    00000006     CSMON_C28xx.lib : csmon.obj (.cinit:_CSMON_abFileAutorization_RecordReadOnly)
                  003f0d54    00000006                     : csmon.obj (.cinit:_CSMON_abFileAutorization_RecordStringData)
                  003f0d5a    00000006                     : csmon.obj (.cinit:_CSMON_au16FileAutorization_RecordOffsets)
                  003f0d60    00000006                     : csmon.obj (.cinit:_CSMON_sFileProtocolVersion)
                  003f0d66    00000005     rts2800_ml.lib : _lock.c.obj (.cinit:__lock)
                  003f0d6b    00000005                    : _lock.c.obj (.cinit:__unlock)
                  003f0d70    00000005     CSMON_C28xx.lib : hmscopeparam.obj (.cinit:_pBufferScope)
                  003f0d75    00000005                     : csmon.obj (.cinit:_sFileParameterNumericOffsetDefault)
                  003f0d7a    00000004                     : hmscopeparam.obj (.cinit)
                  003f0d7e    00000004                     : uart_drv.obj (.cinit)
                  003f0d82    00000004                     : csmon.obj (.cinit:_CSMON_au8FileParameterListElementsSizeTablePart1_1)
                  003f0d86    00000004                     : csmon.obj (.cinit:_CSMON_au8FileParameterListElementsSizeTablePart1_2)
                  003f0d8a    00000004                     : csmon.obj (.cinit:_CSMON_au8FileParameterListElementsSizeTablePart1_3)
                  003f0d8e    00000004                     : csmon.obj (.cinit:_CSMON_au8FileParameterListElementsSizeTablePart1_4)
                  003f0d92    00000004                     : csmon.obj (.cinit:_CSMON_au8FileParameterListElementsSizeTablePart2)
                  003f0d96    00000004                     : csmon.obj (.cinit:_CSMON_au8FileParameterListElementsSizeTablePart3)
                  003f0d9a    00000004                     : csmon.obj (.cinit:_CSMON_au8FileParameterNumbElementsSizeTablePart16Bits)
                  003f0d9e    00000004                     : csmon.obj (.cinit:_CSMON_au8FileParameterNumbElementsSizeTablePart32Bits)
                  003f0da2    00000004                     : csmon.obj (.cinit:_CSMON_au8FileRecorderDataElementsSizeTableUsedLength)
                  003f0da6    00000004                     : csmon.obj (.cinit:_CSMON_au8FileScopeStatusElementsSizeTable)
                  003f0daa    00000004                     : csmon.obj (.cinit:_CSMON_sFileParameterAccessList)
                  003f0dae    00000004                     : hmmodbus.obj (.cinit:_HMMODBUS_u32RegisterAddressDummyuSize)
                  003f0db2    00000004                     : modbusreg.obj (.cinit:_MODBUSREG_asFileTable)
                  003f0db6    00000004                     : csmon.obj (.cinit:_sFileParameterNumericVisualTypeDefault)
                  003f0dba    00000004     rts2800_ml.lib : errno.c.obj (.cinit)
                  003f0dbe    00000002     --HOLE-- [fill = 0]

.pinit     0    003e8000    00000000     UNINITIALIZED

.text      0    003e8000    0000672b     
                  003e8000    000008a0     CSMON_C28xx.lib : hmmodbus.obj (.text:_HMMODBUS_ReadFileRecord)
                  003e88a0    0000089b                     : hmmodbus.obj (.text:_HMMODBUS_bDecoder_OPT)
                  003e913b    0000077b                     : modbusreg.obj (.text:_MODBUSREG_AddressTablesInit)
                  003e98b6    00000698     rts2800_ml.lib : k_rem_pio2.c.obj (.text)
                  003e9f4e    0000066f     CSMON_C28xx.lib : hmmodbus.obj (.text:_HMMODBUS_WriteFileRecord)
                  003ea5bd    000001ae     main.obj (.text:_main)
                  003ea76b    0000017f     CSMON_C28xx.lib : csmon.obj (.text:_CSMON_eSetUpRecParam)
                  003ea8ea    0000016a                     : csmon.obj (.text:_CSMON_eProcess)
                  003eaa54    00000146                     : hmmodbus.obj (.text:_HMMODBUS_Rx)
                  003eab9a    0000011b                     : hmmodbus.obj (.text:_HMMODBUS_vSetFreeRunTimerPrescaller)
                  003eacb5    00000114     rts2800_ml.lib : s_sinf.c.obj (.text)
                  003eadc9    00000107                    : ll_div28.asm.obj (.text)
                  003eaed0    000000f5     CSMON_C28xx.lib : hmdrv.obj (.text:_HMDRV_vInit)
                  003eafc5    000000f1                     : csmon.obj (.text:_CSMON_vFileRecoderStatusFix)
                  003eb0b6    000000ef                     : hmmodbus.obj (.text:_HMMODBUS_WriteHoldingRegister)
                  003eb1a5    000000e9                     : hmmodbus.obj (.text:_HMMODBUS_ReadHoldingRegister)
                  003eb28e    000000e9                     : hmprotocol.obj (.text:_HMPROTOCOL_bDecoder)
                  003eb377    000000e8                     : hmrecparam.obj (.text:_HMRECPRM_vProcess)
                  003eb45f    000000e8     rts2800_ml.lib : s_floor.c.obj (.text)
                  003eb547    000000e4     main.obj (.text:_ControlProcess)
                  003eb62b    000000d6     CSMON_C28xx.lib : csmon.obj (.text:_CSMON_vSetupHoldingRegistersAndCoilsAddressTableFromCSMONParameterList)
                  003eb701    000000c6                     : csmon.obj (.text:_CSMON_vInitParameterListRealAddressRecordTables)
                  003eb7c7    000000bc                     : hmrecparam.obj (.text:_HMRECPRM_SetUpRec)
                  003eb883    000000ba                     : csmon.obj (.text:_CSMON_eInit)
                  003eb93d    000000b8                     : hmrec.obj (.text:_HMREC_SetUpRec)
                  003eb9f5    000000aa                     : hmdrv.obj (.text:_HMDRV_CopyFromBufferInternalModbusBitField)
                  003eba9f    000000aa     rts2800_ml.lib : s_scalbn.c.obj (.text)
                  003ebb49    000000a7                    : e_rem_pio2f.c.obj (.text)
                  003ebbf0    000000a3     CSMON_C28xx.lib : tmr_drv.obj (.text:_TMR2_ISR)
                  003ebc93    0000009d                     : hmmodbus.obj (.text:_HMMODBUS_GetRealRegisterAddressAndSize)
                  003ebd30    0000009c     rts2800_ml.lib : fd_add28.asm.obj (.text)
                  003ebdcc    00000099     main.obj (.text:_RecordersInitialization)
                  003ebe65    00000097     main.obj (.text:_ParameterInitialization)
                  003ebefc    00000092     CSMON_C28xx.lib : hmdrv.obj (.text:_HMDRV_CopyMemory)
                  003ebf8e    00000092                     : hmdrv.obj (.text:_HMDRV_CopyToBufferInternalModbus)
                  003ec020    00000092     rts2800_ml.lib : k_sinf.c.obj (.text)
                  003ec0b2    00000090     CSMON_C28xx.lib : csmon.obj (.text:_CSMON_vSetDateTimeAutorization)
                  003ec142    0000008b     rts2800_ml.lib : fd_div28.asm.obj (.text)
                  003ec1cd    00000087     CSMON_C28xx.lib : hmrecparam.obj (.text:_HMRECPRM_SetUpRecParamStatusDateTime)
                  003ec254    00000087     rts2800_ml.lib : k_cosf.c.obj (.text)
                  003ec2db    00000083     CSMON_C28xx.lib : hmdrv.obj (.text:_HMDRV_CopyFromBufferInternalModbus)
                  003ec35e    00000083     rts2800_ml.lib : fd_mpy28.asm.obj (.text)
                  003ec3e1    00000083                    : fs_div28.asm.obj (.text)
                  003ec464    0000007f     CSMON_C28xx.lib : csmon.obj (.text:_CSMON_vPrepareFileParameterAccessList)
                  003ec4e3    0000007f                     : hmserial.obj (.text:_HMSERIAL_vProcessSCI)
                  003ec562    00000078     rts2800_ml.lib : fs_add28.asm.obj (.text)
                  003ec5da    0000006a     CSMON_C28xx.lib : hmserial.obj (.text:_HMSERIAL_Rx)
                  003ec644    00000068                     : hmmodbus.obj (.text:_HMMODBUS_vProcessSCI)
                  003ec6ac    00000068                     : hmprotocol.obj (.text:_HMPROTOCOL_GetBoardInfo)
                  003ec714    00000067                     : hmmodbus.obj (.text:_HMMODBUS_CopyFromBuffer)
                  003ec77b    00000064                     : hmrec.obj (.text:_HMREC_vProcess)
                  003ec7df    00000062                     : modbusreg.obj (.text:_MODBUSREG_vInit)
                  003ec841    0000005f     F2806x_SysCtrl.obj (.text:_InitPeripheralClocks)
                  003ec8a0    0000005d     CSMON_C28xx.lib : uart_drv.obj (.text:_UART_RXInterrupt)
                  003ec8fd    0000005a                     : gpio.obj (.text:_GPIO_setPinConfigOutput)
                  003ec957    0000005a     rts2800_ml.lib : fs_mpy28.asm.obj (.text)
                  003ec9b1    00000059     CSMON_C28xx.lib : csmon.obj (.text:_CSMON_vUpdateDateTimeFromApplication)
                  003eca0a    00000059                     : hmmodbus.obj (.text:_vSetElementsSize)
                  003eca63    00000057                     : csmon.obj (.text:_CSMON_bCheckValidDateTime)
                  003ecaba    00000057     uart_driver.obj (.text:_UART_DRV_RXInterrupt)
                  003ecb11    00000055     CSMON_C28xx.lib : modbusreg.obj (.text:_MODBUSREG_FileRecorderExternalUpdateInit)
                  003ecb66    00000054     rts2800_ml.lib : boot28.asm.obj (.text)
                  003ecbba    00000052     CSMON_C28xx.lib : csmon.obj (.text:_CSMON_eSetRecorderTriggerAtPosition)
                  003ecc0c    00000051     F2806x_SysCtrl.obj (.text:_InitPll)
                  003ecc5d    0000004f     device.obj (.text:_Device_CsmUnlock)
                  003eccac    0000004e     CSMON_C28xx.lib : hmmodbus.obj (.text:_HMMODBUS_GetRegisterFunction)
                  003eccfa    0000004e                     : hmrecparam.obj (.text:_HMRECPRM_StartRecParam)
                  003ecd48    0000004c                     : hmmodbus.obj (.text:_HMMODBUS_vSendResponse)
                  003ecd94    0000004c                     : hmrecparam.obj (.text:_HMRECPRM_vTimeSync)
                  003ecde0    00000047                     : hmmodbus.obj (.text:_HMMODBUS_CopyToBuffer)
                  003ece27    00000047                     : hmscopeparam.obj (.text:_HMSCOPEPRM_SetUpScope)
                  003ece6e    00000045     main.obj (.text:_ExternalParametersInitialization)
                  003eceb3    00000043     CSMON_C28xx.lib : hmscopeparam.obj (.text:_HMSCOPEPRM_ReadScope)
                  003ecef6    00000042     interrupt.obj (.text:_Interrupt_enable)
                  003ecf38    0000003f     CSMON_C28xx.lib : hmdrv.obj (.text:_HMDRV_CopyFromBufferInternal)
                  003ecf77    0000003d                     : hmmodbus.obj (.text:_vSetStartSampleIndex)
                  003ecfb4    0000003c                     : tmr_drv.obj (.text:_configCPUTimer)
                  003ecff0    0000003b                     : hmscope.obj (.text:_HMSCOPE_SetUpScope)
                  003ed02b    00000039                     : csmon.obj (.text:_CSMON_u16FindIndexParameterTable)
                  003ed064    00000038                     : csmon.obj (.text:_CSMON_eSetRecorderConfigurationSkipSamples)
                  003ed09c    00000038     device.obj (.text:_Device_init)
                  003ed0d4    00000038     CSMON_C28xx.lib : hmmodbus.obj (.text:_HMMODBUS_bDecoderInit_OPT)
                  003ed10c    00000038                     : uart_drv.obj (.text:_UART_ReadDataRx)
                  003ed144    00000036                     : csmon.obj (.text:_CSMON_vRecorderParamStartStopProcess)
                  003ed17a    00000036                     : hmscope.obj (.text:_HMSCOPE_ReadScope)
                  003ed1b0    00000036                     : hmserial.obj (.text:_HMSERIAL_vSendResponse)
                  003ed1e6    00000035                     : csmon.obj (.text:_CSMON_u32GetRealAddressAndSizeOffsetFromParameter)
                  003ed21b    00000035                     : hmdrv.obj (.text:_HMDRV_CopyToBufferInternal)
                  003ed250    00000033                     : hmmodbus.obj (.text:_HMMODBUS_Listen)
                  003ed283    0000002e                     : hmserial.obj (.text:_HMSERIAL_vProcessSCIFreemasterOnly)
                  003ed2b1    0000002d                     : csmon.obj (.text:_CSMON_eSetParameterInRecorderAtPosition)
                  003ed2de    0000002d                     : csmon.obj (.text:_CSMON_eSetParameterInScopeAtPosition)
                  003ed30b    0000002d                     : csmon.obj (.text:_CSMON_vInitRecorders)
                  003ed338    0000002d                     : csmon.obj (.text:_CSMON_vSetupHoldingRegistersAndCoilsAddressTableAccessAll)
                  003ed365    0000002d                     : hmserial.obj (.text:_HMSERIAL_Listen)
                  003ed392    0000002d                     : hmrecparam.obj (.text:_RecorderTimeFromLocalDateTime)
                  003ed3bf    0000002b                     : hmrecparam.obj (.text:_FillTimeData)
                  003ed3ea    0000002a     rts2800_ml.lib : fd_cmp28.asm.obj (.text)
                  003ed414    00000029                    : exit.c.obj (.text)
                  003ed43d    00000029                    : fs_tol28.asm.obj (.text)
                  003ed466    00000028     CSMON_C28xx.lib : csmon.obj (.text:_CSMON_bAutorizationPasswordCheck)
                  003ed48e    00000028     main.obj (.text:_ScopesInitialization)
                  003ed4b6    00000027     CSMON_C28xx.lib : hmserial.obj (.text:_HMSERIAL_vProcessSCITXISR)
                  003ed4dd    00000026                     : hmdrv.obj (.text:_HMDRV_CopyFromBufferInternalWithMaskModbus)
                  003ed503    00000026                     : modbusreg.obj (.text:_MODBUSREG_vInitHoldingRegistersTableChangesExternalList)
                  003ed529    00000025                     : hmserial.obj (.text:_HMSERIAL_Tx)
                  003ed54e    00000025     rts2800_ml.lib : fs_toi28.asm.obj (.text)
                  003ed573    00000024     CSMON_C28xx.lib : csmon.obj (.text:_CSMON_vAutorizationReset)
                  003ed597    00000024                     : hmprotocol.obj (.text:_HMPROTOCOL_ReadMem)
                  003ed5bb    00000024                     : hmrecparam.obj (.text:_RecorderDateFromLocalDateTime)
                  003ed5df    00000024     sci_driver.obj (.text:_SCIA_DRV_RXFIFOISR)
                  003ed603    00000024     sci_driver.obj (.text:_SCIA_DRV_TXFIFOISR)
                  003ed627    00000024     CSMON_C28xx.lib : sci_drv.obj (.text:_SCIA_RXFIFOISR)
                  003ed64b    00000024                     : sci_drv.obj (.text:_SCIA_TXFIFOISR)
                  003ed66f    00000024     sci_driver.obj (.text:_SCIB_DRV_RXFIFOISR)
                  003ed693    00000024     sci_driver.obj (.text:_SCIB_DRV_TXFIFOISR)
                  003ed6b7    00000024     CSMON_C28xx.lib : sci_drv.obj (.text:_SCIB_RXFIFOISR)
                  003ed6db    00000024                     : sci_drv.obj (.text:_SCIB_TXFIFOISR)
                  003ed6ff    00000024                     : tmr_drv.obj (.text:_TMR_vInit)
                  003ed723    00000024                     : hmmodbus.obj (.text:_vSetSampleCountAvailable)
                  003ed747    00000024     rts2800_ml.lib : cpy_tbl.c.obj (.text)
                  003ed76b    00000023     CSMON_C28xx.lib : csmon.obj (.text:_CSMON_vRecorderParamSetupProcess)
                  003ed78e    00000023                     : hmlib.obj (.text:_HMLIB_vInit)
                  003ed7b1    00000023                     : modbusreg.obj (.text:_MODBUSREG_FileRecorderElementSizeTableUsedSizeUpdateInit)
                  003ed7d4    00000023     rts2800_ml.lib : s_copysign.c.obj (.text)
                  003ed7f7    00000022                    : i_div28.asm.obj (.text)
                  003ed819    00000021     CSMON_C28xx.lib : csmon.obj (.text:_CSMON_eSetParameterListParameterID)
                  003ed83a    00000021                     : hmdrv.obj (.text:_HMDRV_CopyFromBufferInternalWithMask)
                  003ed85b    00000021                     : sci.obj (.text:_SCI_setConfig)
                  003ed87c    00000021     rts2800_ml.lib : fd_tofs28.asm.obj (.text)
                  003ed89d    00000021                    : fs_toul28.asm.obj (.text)
                  003ed8be    00000020     CSMON_C28xx.lib : hmdrv.obj (.text:_HMDRV_vProcess)
                  003ed8de    00000020                     : tmr_drv.obj (.text:_TMR_vInitCPUTimers)
                  003ed8fe    00000020                     : hmmodbus.obj (.text:_vSetSampleCountBuffer)
                  003ed91e    0000001f                     : hmmodbus.obj (.text:_HMMODBUS_vInit)
                  003ed93d    0000001f     F2806x_PieCtrl.obj (.text:_InitPieCtrl)
                  003ed95c    0000001f     CSMON_C28xx.lib : hmmodbus.obj (.text:_vSetSampleSize)
                  003ed97b    0000001f     rts2800_ml.lib : fd_tol28.asm.obj (.text)
                  003ed99a    0000001d     CSMON_C28xx.lib : csmon.obj (.text:_CSMON_eSetParameterListRealAddress)
                  003ed9b7    0000001d                     : hmmodbus.obj (.text:_HMMODBUS_Tx)
                  003ed9d4    0000001d                     : hmrecparam.obj (.text:_HMRECPRM_GetRecBuffFreemaster)
                  003ed9f1    0000001d                     : hmrec.obj (.text:_HMREC_GetRecBuffFreemaster)
                  003eda0e    0000001d     rts2800_ml.lib : fs_tou28.asm.obj (.text)
                  003eda2b    0000001d                    : memcpy.c.obj (.text)
                  003eda48    0000001c     main.obj (.text:_CSMON_vGetDateTime)
                  003eda64    0000001c     CSMON_C28xx.lib : csmon.obj (.text:_HMRECPRM_vGetDateTime)
                  003eda80    0000001c                     : sci.obj (.text:_SCI_clearInterruptStatus)
                  003eda9c    0000001c                     : hmmodbus.obj (.text:_vSetIndexFileTable)
                  003edab8    0000001c     rts2800_ml.lib : fs_tofd28.asm.obj (.text)
                  003edad4    0000001c                    : l_tofd28.asm.obj (.text)
                  003edaf0    0000001b     device.obj (.text:_Device_initGPIO)
                  003edb0b    0000001b     CSMON_C28xx.lib : hmdrv.obj (.text:_HMDRV_AddressToBuffer)
                  003edb26    0000001b     rts2800_ml.lib : fd_toul28.asm.obj (.text)
                  003edb41    0000001a     CSMON_C28xx.lib : hmmodbus.obj (.text:_HMMODBUS_vProcessSCITXISR)
                  003edb5b    0000001a                     : hmrecparam.obj (.text:_HMRECPRM_StartRec)
                  003edb75    0000001a                     : hmserial.obj (.text:_HMSERIAL_vProcessSCITXISRFreemasterOnly)
                  003edb8f    0000001a                     : sci.obj (.text:_SCI_disableInterrupt)
                  003edba9    0000001a                     : sci.obj (.text:_SCI_enableInterrupt)
                  003edbc3    0000001a     rts2800_ml.lib : l_tofs28.asm.obj (.text)
                  003edbdd    00000019     CSMON_C28xx.lib : csmon.obj (.text:_CSMON_eSetParameterCountInRecorder)
                  003edbf6    00000019                     : hmdrv.obj (.text:_HMDRV_AddressFromBuffer)
                  003edc0f    00000019                     : uart_drv.obj (.text:_UART_vInit)
                  003edc28    00000019                     : hmmodbus.obj (.text:_bGetFileReadAccess)
                  003edc41    00000019     rts2800_ml.lib : prolog28.asm.obj (.text)
                  003edc5a    00000018     CSMON_C28xx.lib : csmon.obj (.text:_CSMON_u32GetFreeRunningTimerMicroseconds)
                  003edc72    00000018                     : hmlib.obj (.text:_HMLIB_vProcessSCITXISRWithIndex)
                  003edc8a    00000018     F2806x_SysCtrl.obj (.text:_InitSysCtrl)
                  003edca2    00000018     rts2800_ml.lib : ll_aox28.asm.obj (.text)
                  003edcba    00000017     CSMON_C28xx.lib : csmon.obj (.text:_CSMON_vSaveRecorderConfig)
                  003edcd1    00000017                     : hmmodbus.obj (.text:_HMMODBUS_vProcessTxDelay)
                  003edce8    00000017                     : hmprotocol.obj (.text:_HMPROTOCOL_WriteMem)
                  003edcff    00000017                     : hmprotocol.obj (.text:_HMPROTOCOL_WriteMemMask)
                  003edd16    00000017                     : hmmodbus.obj (.text:_vSetBufferAddressStart)
                  003edd2d    00000017     rts2800_ml.lib : fs_cmp28.asm.obj (.text)
                  003edd44    00000017                    : u_tofd28.asm.obj (.text)
                  003edd5b    00000016     CSMON_C28xx.lib : csmon.obj (.text:_CSMON_eSetParameterCountInScope)
                  003edd71    00000016                     : hmdrv.obj (.text:_HMDRV_AddressFromBufferBigEndian)
                  003edd87    00000015                     : hmrecparam.obj (.text:_HMRECPRM_Comparefloat)
                  003edd9c    00000015                     : hmrec.obj (.text:_HMREC_Comparefloat)
                  003eddb1    00000015                     : hmrec.obj (.text:_HMREC_StartRec)
                  003eddc6    00000015     F2806x_Gpio.obj (.text:_InitGpio)
                  003edddb    00000014     CSMON_C28xx.lib : hmlib.obj (.text:_HMLIB_vProcessFastTD)
                  003eddef    00000014                     : hmmodbus.obj (.text:_HMMODBUS_DelayedTx)
                  003ede03    00000014                     : hmrecparam.obj (.text:_HMRECPRM_StopRecParam)
                  003ede17    00000014                     : hmserial.obj (.text:_HMSERIAL_DelayedTx)
                  003ede2b    00000013                     : csmon.obj (.text:_CSMON_eSetFlagProcessPassed)
                  003ede3e    00000013     rts2800_ml.lib : ul_tofs28.asm.obj (.text)
                  003ede51    00000012     CSMON_C28xx.lib : csmon.obj (.text:_CSMON_vFileParameterCountCheckSumUpdate)
                  003ede63    00000012                     : hmdrv.obj (.text:_HMDRV_GetStringLengthFromWordInternal)
                  003ede75    00000012                     : hmmodbus.obj (.text:_HMMODBUS_vSetupRegisterDummy)
                  003ede87    00000012                     : hmrecparam.obj (.text:_HMRECPRM_CompareBOOL)
                  003ede99    00000012                     : modbusreg.obj (.text:_MODBUSREG_FileShortNameElementSizeandAddressUpdateInit)
                  003edeab    00000012                     : modbusreg.obj (.text:_MODBUSREG_vFileDenyAccess)
                  003edebd    00000012                     : uart_drv.obj (.text:_UART_TxIntDis)
                  003edecf    00000012                     : uart_drv.obj (.text:_UART_TxIntEna)
                  003edee1    00000011     main.obj (.text:_CSMON_vSetDateTime)
                  003edef2    00000011     CSMON_C28xx.lib : hmserial.obj (.text:_HMSERIAL_vInit)
                  003edf03    00000011     F2806x_PieVect.obj (.text:_InitPieVectTable)
                  003edf14    00000011     main.obj (.text:_vSetWatchdogPrescalerTimeDiv)
                  003edf25    00000011     rts2800_ml.lib : args_main.c.obj (.text)
                  003edf36    00000010     CSMON_C28xx.lib : csmon.obj (.text:_CSMON_eSetParameterListRegisterFlags)
                  003edf46    00000010     device.obj (.text:_Example_MemCopy)
                  003edf56    00000010     F2806x_SysCtrl.obj (.text:_IntOsc1Sel)
                  003edf66    00000010     CSMON_C28xx.lib : hmmodbus.obj (.text:_bIsValidEndAddressInBuffer)
                  003edf76    00000010                     : hmmodbus.obj (.text:_u32BytesMemoryToBytesModbus)
                  003edf86    00000010                     : hmmodbus.obj (.text:_u32BytesModbusToBytesMemory)
                  003edf96    00000010     main.obj (.text:_vGetWatchdogPrescaler)
                  003edfa6    00000010     rts2800_ml.lib : u_tofs28.asm.obj (.text)
                  003edfb6    0000000f     CSMON_C28xx.lib : hmmodbus.obj (.text:_HMMODBUS_CalcCRC)
                  003edfc5    0000000f                     : uart_drv.obj (.text:_UART_IsTxEmpty)
                  003edfd4    0000000e                     : hmdrv.obj (.text:_HMDRV_GetStringLengthInternal)
                  003edfe2    0000000e                     : hmrecparam.obj (.text:_HMRECPRM_Compare16S)
                  003edff0    0000000e                     : hmrecparam.obj (.text:_HMRECPRM_Compare16U)
                  003edffe    0000000e                     : hmrecparam.obj (.text:_HMRECPRM_Compare32S)
                  003ee00c    0000000e                     : hmrecparam.obj (.text:_HMRECPRM_Compare32U)
                  003ee01a    0000000e                     : hmrecparam.obj (.text:_HMRECPRM_Compare8S)
                  003ee028    0000000e                     : hmrecparam.obj (.text:_HMRECPRM_Compare8U)
                  003ee036    0000000e                     : hmrec.obj (.text:_HMREC_Compare16S)
                  003ee044    0000000e                     : hmrec.obj (.text:_HMREC_Compare16U)
                  003ee052    0000000e                     : hmrec.obj (.text:_HMREC_Compare32S)
                  003ee060    0000000e                     : hmrec.obj (.text:_HMREC_Compare32U)
                  003ee06e    0000000e                     : hmrec.obj (.text:_HMREC_Compare8S)
                  003ee07c    0000000e                     : hmrec.obj (.text:_HMREC_Compare8U)
                  003ee08a    0000000e                     : hmmodbus.obj (.text:_u32FitAddressCircleBufferInside)
                  003ee098    0000000e     rts2800_ml.lib : fd_sub28.asm.obj (.text)
                  003ee0a6    0000000d     CSMON_C28xx.lib : csmon.obj (.text:_CSMON_eResetParameterTable)
                  003ee0b3    0000000d                     : csmon.obj (.text:_CSMON_vInitHoldingRegistersTableChanges)
                  003ee0c0    0000000d                     : hmrecparam.obj (.text:_HMRECPRM_IsJustStopped)
                  003ee0cd    0000000d                     : hmrecparam.obj (.text:_HMRECPRM_StopRec)
                  003ee0da    0000000d                     : hmrec.obj (.text:_HMREC_StopRec)
                  003ee0e7    0000000d                     : modbusreg.obj (.text:_MODBUSREG_vFileAllowAccess)
                  003ee0f4    0000000d                     : tmr_drv.obj (.text:_TIMER_vSetupTimerMainFunctionDelayCompare)
                  003ee101    0000000d                     : uart_drv.obj (.text:_UART_ReadDataRxAvailable)
                  003ee10e    0000000c                     : hmlib.obj (.text:_HMLIB_vProcess)
                  003ee11a    0000000c                     : hmrecparam.obj (.text:_HMRECPRM_GetBufferRecParamPtrAddress)
                  003ee126    0000000c                     : hmrecparam.obj (.text:_HMRECPRM_TriggerRec)
                  003ee132    0000000c                     : hmmodbus.obj (.text:_u32FixAddressCircleBufferOverflow)
                  003ee13e    0000000c     rts2800_ml.lib : epilog28.asm.obj (.text)
                  003ee14a    0000000b     CSMON_C28xx.lib : hmmodbus.obj (.text:_HMMODBUS_vProcessFastTD)
                  003ee155    0000000b                     : hmrecparam.obj (.text:_HMRECPRM_IsRunning)
                  003ee160    0000000b                     : hmserial.obj (.text:_HMSERIAL_vProcessFastTD)
                  003ee16b    0000000b                     : modbusreg.obj (.text:_MODBUSREG_vDataZero)
                  003ee176    0000000b     sci_driver.obj (.text:_SCI_DRV_eGetModuleIndexFromBase)
                  003ee181    0000000b     CSMON_C28xx.lib : sci_drv.obj (.text:_SCI_eGetModuleIndexFromBase)
                  003ee18c    0000000b                     : hmmodbus.obj (.text:_bIsValidIndexFileTable)
                  003ee197    0000000b     rts2800_ml.lib : u_div28.asm.obj (.text)
                  003ee1a2    0000000a     CSMON_C28xx.lib : hmrecparam.obj (.text:_HMRECPRM_ClrLastStopDetectionToRecorderStopSamplesCounter)
                  003ee1ac    0000000a                     : hmrecparam.obj (.text:_HMRECPRM_GetRecStatus)
                  003ee1b6    0000000a                     : hmrec.obj (.text:_HMREC_GetRecStatus)
                  003ee1c0    00000009                     : csmon.obj (.text:_CSMON_eSetParameterListRegisterSize)
                  003ee1c9    00000009                     : csmon.obj (.text:_CSMON_eSetParameterListShortNaming)
                  003ee1d2    00000009                     : csmon.obj (.text:_CSMON_eSetServerOnStatus)
                  003ee1db    00000009                     : hmlib.obj (.text:_HMLIB_vInitRecParamBuff)
                  003ee1e4    00000009                     : hmmodbus.obj (.text:_HMMODBUS_vProcessFreeTimer)
                  003ee1ed    00000009                     : hmmodbus.obj (.text:_HMMODBUS_vProcessRxDelay)
                  003ee1f6    00000009                     : hmrecparam.obj (.text:_HMRECPRM_GetExternBufferRecParamLastPointedAddress)
                  003ee1ff    00000009                     : hmrecparam.obj (.text:_HMRECPRM_GetExternBufferRecParamPtrAddress)
                  003ee208    00000009                     : hmrec.obj (.text:_HMREC_TriggerRec)
                  003ee211    00000009                     : hmscopeparam.obj (.text:_HMSCOPEPRM_GetBufferScopeParamAddress)
                  003ee21a    00000009                     : hmserial.obj (.text:_HMSERIAL_vProcessFreeTimer)
                  003ee223    00000009                     : tmr_drv.obj (.text:_TIMER_vResetTimerMainFunctionDelayCounter)
                  003ee22c    00000009                     : tmr_drv.obj (.text:_TIMER_vSetupTimerMainDelayedFunctionSendData)
                  003ee235    00000009                     : uart_drv.obj (.text:_UART_PutChar)
                  003ee23e    00000009                     : uart_drv.obj (.text:_UART_ReadDataRxTimeDiff)
                  003ee247    00000009     rts2800_ml.lib : _lock.c.obj (.text)
                  003ee250    00000009                    : fd_neg28.asm.obj (.text)
                  003ee259    00000008     Example_Flash2806x_CsmKeys.obj (.text)
                  003ee261    00000008     F2806x_CodeStartBranch.obj (.text)
                  003ee269    00000008     F2806x_SysCtrl.obj (.text:_DisableDog)
                  003ee271    00000008     CSMON_C28xx.lib : hmdrv.obj (.text:_HMDRV_CopyFromBufferWithMaskModbus)
                  003ee279    00000008                     : hmmodbus.obj (.text:_HMMODBUS_vSetupHoldingRegistersProcessFuncTable)
                  003ee281    00000008                     : hmmodbus.obj (.text:_HMMODBUS_vSetupHoldingRegistersRealAddressTable)
                  003ee289    00000008                     : hmmodbus.obj (.text:_HMMODBUS_vSetupHoldingRegistersRegisterFlagsTable)
                  003ee291    00000008                     : hmmodbus.obj (.text:_HMMODBUS_vSetupHoldingRegistersRegisterSizeTable)
                  003ee299    00000008                     : hmmodbus.obj (.text:_HMMODBUS_vSetupHoldingRegistersVirtAddressTable)
                  003ee2a1    00000008                     : hmrecparam.obj (.text:_HMRECPRM_GetExternRecParamAddress)
                  003ee2a9    00000008                     : hmrecparam.obj (.text:_HMRECPRM_GetExternRecParamPtrMaximumUsedSampleCount)
                  003ee2b1    00000008                     : hmrecparam.obj (.text:_HMRECPRM_GetExternRecParamPtrSampleSize)
                  003ee2b9    00000008                     : hmrecparam.obj (.text:_HMRECPRM_GetRecParamPtrAvailableSampleCount)
                  003ee2c1    00000008                     : hmrecparam.obj (.text:_HMRECPRM_GetRecParamPtrLastSampleIndex)
                  003ee2c9    00000008                     : hmrecparam.obj (.text:_HMRECPRM_GetRecParamPtrMaximumUsedSampleCount)
                  003ee2d1    00000008                     : hmrecparam.obj (.text:_HMRECPRM_GetRecParamPtrSampleSize)
                  003ee2d9    00000008                     : hmrecparam.obj (.text:_HMRECPRM_GetStatusRecParamAddress)
                  003ee2e1    00000008                     : hmrecparam.obj (.text:_HMRECPRM_vInit)
                  003ee2e9    00000008                     : hmrec.obj (.text:_HMREC_vInit)
                  003ee2f1    00000007     F2806x_DisInt.obj (.text)
                  003ee2f8    00000007     CSMON_C28xx.lib : csmon.obj (.text:_CSMON_eSetParameterListAccessLevel)
                  003ee2ff    00000007                     : csmon.obj (.text:_CSMON_eSetParameterListBitsCount)
                  003ee306    00000007                     : csmon.obj (.text:_CSMON_eSetParameterListDataDefault)
                  003ee30d    00000007                     : csmon.obj (.text:_CSMON_eSetParameterListDataMaximum)
                  003ee314    00000007                     : csmon.obj (.text:_CSMON_eSetParameterListDataMinimum)
                  003ee31b    00000007                     : csmon.obj (.text:_CSMON_eSetParameterListDataType)
                  003ee322    00000007                     : csmon.obj (.text:_CSMON_eSetParameterListFunctionCode)
                  003ee329    00000007                     : csmon.obj (.text:_CSMON_eSetParameterListValueFormat)
                  003ee330    00000007                     : hmlib.obj (.text:_HMLIB_vProcessDifferentPorts)
                  003ee337    00000007                     : hmlib.obj (.text:_HMLIB_vProcessRecorders)
                  003ee33e    00000007                     : hmrecparam.obj (.text:_HMRECPRM_vResetAllStopDetections)
                  003ee345    00000007                     : hmscopeparam.obj (.text:_HMSCOPEPRM_GetStatusScopeParamAddress)
                  003ee34c    00000007                     : modbusreg.obj (.text:_MODBUSREG_vInitHoldingRegistersTableChanges)
                  003ee353    00000007     sci_driver.obj (.text:_SCI_DRV_u32GetBaseFromModuleIndex)
                  003ee35a    00000007     CSMON_C28xx.lib : sci_drv.obj (.text:_SCI_u32GetBaseFromModuleIndex)
                  003ee361    00000006                     : cputimer.obj (.text:_CPUTimer_setEmulationMode)
                  003ee367    00000006                     : hmrecparam.obj (.text:_HMRECPRM_SetUpRecBuff)
                  003ee36d    00000006                     : hmrec.obj (.text:_HMREC_SetUpRecBuff)
                  003ee373    00000006                     : tmr_drv.obj (.text:_TIMER_u16ResetTimerMainPeriod)
                  003ee379    00000006     uart_driver.obj (.text:_UART_DRV_GetChar)
                  003ee37f    00000006     CSMON_C28xx.lib : uart_drv.obj (.text:_UART_GetChar)
                  003ee385    00000005     F2806x_DefaultIsr.obj (.text:_ADCINT1_ISR)
                  003ee38a    00000005     F2806x_DefaultIsr.obj (.text:_ADCINT2_ISR)
                  003ee38f    00000005     F2806x_DefaultIsr.obj (.text:_ADCINT3_ISR)
                  003ee394    00000005     F2806x_DefaultIsr.obj (.text:_ADCINT4_ISR)
                  003ee399    00000005     F2806x_DefaultIsr.obj (.text:_ADCINT5_ISR)
                  003ee39e    00000005     F2806x_DefaultIsr.obj (.text:_ADCINT6_ISR)
                  003ee3a3    00000005     F2806x_DefaultIsr.obj (.text:_ADCINT7_ISR)
                  003ee3a8    00000005     F2806x_DefaultIsr.obj (.text:_ADCINT8_ISR)
                  003ee3ad    00000005     F2806x_DefaultIsr.obj (.text:_ADCINT9_ISR)
                  003ee3b2    00000005     F2806x_DefaultIsr.obj (.text:_CLA1_INT1_ISR)
                  003ee3b7    00000005     F2806x_DefaultIsr.obj (.text:_CLA1_INT2_ISR)
                  003ee3bc    00000005     F2806x_DefaultIsr.obj (.text:_CLA1_INT3_ISR)
                  003ee3c1    00000005     F2806x_DefaultIsr.obj (.text:_CLA1_INT4_ISR)
                  003ee3c6    00000005     F2806x_DefaultIsr.obj (.text:_CLA1_INT5_ISR)
                  003ee3cb    00000005     F2806x_DefaultIsr.obj (.text:_CLA1_INT6_ISR)
                  003ee3d0    00000005     F2806x_DefaultIsr.obj (.text:_CLA1_INT7_ISR)
                  003ee3d5    00000005     F2806x_DefaultIsr.obj (.text:_CLA1_INT8_ISR)
                  003ee3da    00000005     CSMON_C28xx.lib : csmon.obj (.text:_CSMON_eSetAutoServiceWatchdogInternalSlowCalculationsInMainLoop)
                  003ee3df    00000005                     : csmon.obj (.text:_CSMON_eSetFirmwareApplicationVersion)
                  003ee3e4    00000005                     : csmon.obj (.text:_CSMON_eSetMaxTimeInISR)
                  003ee3e9    00000005                     : csmon.obj (.text:_CSMON_eSetMinGuaranteedTimeBetweenTwoISRs)
                  003ee3ee    00000005                     : csmon.obj (.text:_CSMON_u16ParametersAccessListIndexGenerate)
                  003ee3f3    00000005                     : csmon.obj (.text:_CSMON_u32GetFreeRunningTimerTicks)
                  003ee3f8    00000005                     : csmon.obj (.text:_CSMON_u32GetParameterAuxCheckSum)
                  003ee3fd    00000005                     : csmon.obj (.text:_CSMON_u32GetParameterCheckSum)
                  003ee402    00000005                     : csmon.obj (.text:_CSMON_u32GetParameterListCheckSum)
                  003ee407    00000005                     : csmon.obj (.text:_CSMON_u32GetParameterNumbCheckSum)
                  003ee40c    00000005                     : csmon.obj (.text:_CSMON_u32GetParameterShortNameCheckSum)
                  003ee411    00000005                     : csmon.obj (.text:_CSMON_u32GetParameterStringCheckSum)
                  003ee416    00000005                     : csmon.obj (.text:_CSMON_vSetDateTimeRequest)
                  003ee41b    00000005     F2806x_DefaultIsr.obj (.text:_DATALOG_ISR)
                  003ee420    00000005     F2806x_DefaultIsr.obj (.text:_DINTCH1_ISR)
                  003ee425    00000005     F2806x_DefaultIsr.obj (.text:_DINTCH2_ISR)
                  003ee42a    00000005     F2806x_DefaultIsr.obj (.text:_DINTCH3_ISR)
                  003ee42f    00000005     F2806x_DefaultIsr.obj (.text:_DINTCH4_ISR)
                  003ee434    00000005     F2806x_DefaultIsr.obj (.text:_DINTCH5_ISR)
                  003ee439    00000005     F2806x_DefaultIsr.obj (.text:_DINTCH6_ISR)
                  003ee43e    00000005     F2806x_DefaultIsr.obj (.text:_ECAN0INTA_ISR)
                  003ee443    00000005     F2806x_DefaultIsr.obj (.text:_ECAN1INTA_ISR)
                  003ee448    00000005     F2806x_DefaultIsr.obj (.text:_ECAP1_INT_ISR)
                  003ee44d    00000005     F2806x_DefaultIsr.obj (.text:_ECAP2_INT_ISR)
                  003ee452    00000005     F2806x_DefaultIsr.obj (.text:_ECAP3_INT_ISR)
                  003ee457    00000005     F2806x_DefaultIsr.obj (.text:_EMPTY_ISR)
                  003ee45c    00000005     F2806x_DefaultIsr.obj (.text:_EMUINT_ISR)
                  003ee461    00000005     F2806x_DefaultIsr.obj (.text:_EPWM1_INT_ISR)
                  003ee466    00000005     F2806x_DefaultIsr.obj (.text:_EPWM1_TZINT_ISR)
                  003ee46b    00000005     F2806x_DefaultIsr.obj (.text:_EPWM2_INT_ISR)
                  003ee470    00000005     F2806x_DefaultIsr.obj (.text:_EPWM2_TZINT_ISR)
                  003ee475    00000005     F2806x_DefaultIsr.obj (.text:_EPWM3_INT_ISR)
                  003ee47a    00000005     F2806x_DefaultIsr.obj (.text:_EPWM3_TZINT_ISR)
                  003ee47f    00000005     F2806x_DefaultIsr.obj (.text:_EPWM4_INT_ISR)
                  003ee484    00000005     F2806x_DefaultIsr.obj (.text:_EPWM4_TZINT_ISR)
                  003ee489    00000005     F2806x_DefaultIsr.obj (.text:_EPWM5_INT_ISR)
                  003ee48e    00000005     F2806x_DefaultIsr.obj (.text:_EPWM5_TZINT_ISR)
                  003ee493    00000005     F2806x_DefaultIsr.obj (.text:_EPWM6_INT_ISR)
                  003ee498    00000005     F2806x_DefaultIsr.obj (.text:_EPWM6_TZINT_ISR)
                  003ee49d    00000005     F2806x_DefaultIsr.obj (.text:_EPWM7_INT_ISR)
                  003ee4a2    00000005     F2806x_DefaultIsr.obj (.text:_EPWM7_TZINT_ISR)
                  003ee4a7    00000005     F2806x_DefaultIsr.obj (.text:_EPWM8_INT_ISR)
                  003ee4ac    00000005     F2806x_DefaultIsr.obj (.text:_EPWM8_TZINT_ISR)
                  003ee4b1    00000005     F2806x_DefaultIsr.obj (.text:_EQEP1_INT_ISR)
                  003ee4b6    00000005     F2806x_DefaultIsr.obj (.text:_EQEP2_INT_ISR)
                  003ee4bb    00000005     CSMON_C28xx.lib : hmlib.obj (.text:_HMLIB_vProcessSamePort)
                  003ee4c0    00000005                     : hmlib.obj (.text:_HMLIB_vRecorder0)
                  003ee4c5    00000005                     : hmmodbus.obj (.text:_HMMODBUS_bGetReceivedMessage)
                  003ee4ca    00000005                     : hmmodbus.obj (.text:_HMMODBUS_vFileTable)
                  003ee4cf    00000005                     : hmrecparam.obj (.text:_HMRECPRM_vDisableAllStopDetections)
                  003ee4d4    00000005     F2806x_DefaultIsr.obj (.text:_HRCAP1_INT_ISR)
                  003ee4d9    00000005     F2806x_DefaultIsr.obj (.text:_HRCAP2_INT_ISR)
                  003ee4de    00000005     F2806x_DefaultIsr.obj (.text:_HRCAP3_INT_ISR)
                  003ee4e3    00000005     F2806x_DefaultIsr.obj (.text:_HRCAP4_INT_ISR)
                  003ee4e8    00000005     F2806x_DefaultIsr.obj (.text:_I2CINT1A_ISR)
                  003ee4ed    00000005     F2806x_DefaultIsr.obj (.text:_I2CINT2A_ISR)
                  003ee4f2    00000005     F2806x_DefaultIsr.obj (.text:_ILLEGAL_ISR)
                  003ee4f7    00000005     F2806x_DefaultIsr.obj (.text:_INT13_ISR)
                  003ee4fc    00000005     F2806x_DefaultIsr.obj (.text:_INT14_ISR)
                  003ee501    00000005     interrupt.obj (.text:_IntDefaultHandler)
                  003ee506    00000005     F2806x_DefaultIsr.obj (.text:_LUF_ISR)
                  003ee50b    00000005     F2806x_DefaultIsr.obj (.text:_LVF_ISR)
                  003ee510    00000005     CSMON_C28xx.lib : modbusreg.obj (.text:_MODBUSREG_vSetTableNameAddress)
                  003ee515    00000005                     : modbusreg.obj (.text:_MODBUSREG_vSetTableRealAddressInRam)
                  003ee51a    00000005                     : modbusreg.obj (.text:_MODBUSREG_vSetTableRegisterFlags)
                  003ee51f    00000005                     : modbusreg.obj (.text:_MODBUSREG_vSetTableRegisterSize)
                  003ee524    00000005                     : modbusreg.obj (.text:_MODBUSREG_vSetTableVirtAddress)
                  003ee529    00000005     F2806x_DefaultIsr.obj (.text:_MRINTA_ISR)
                  003ee52e    00000005     F2806x_DefaultIsr.obj (.text:_MXINTA_ISR)
                  003ee533    00000005     F2806x_DefaultIsr.obj (.text:_NMI_ISR)
                  003ee538    00000005     F2806x_DefaultIsr.obj (.text:_PIE_RESERVED)
                  003ee53d    00000005     F2806x_DefaultIsr.obj (.text:_RTOSINT_ISR)
                  003ee542    00000005     F2806x_DefaultIsr.obj (.text:_SCIRXINTA_ISR)
                  003ee547    00000005     F2806x_DefaultIsr.obj (.text:_SCIRXINTB_ISR)
                  003ee54c    00000005     F2806x_DefaultIsr.obj (.text:_SCITXINTA_ISR)
                  003ee551    00000005     F2806x_DefaultIsr.obj (.text:_SCITXINTB_ISR)
                  003ee556    00000005     F2806x_DefaultIsr.obj (.text:_SPIRXINTA_ISR)
                  003ee55b    00000005     F2806x_DefaultIsr.obj (.text:_SPIRXINTB_ISR)
                  003ee560    00000005     F2806x_DefaultIsr.obj (.text:_SPITXINTA_ISR)
                  003ee565    00000005     F2806x_DefaultIsr.obj (.text:_SPITXINTB_ISR)
                  003ee56a    00000005     CSMON_C28xx.lib : tmr_drv.obj (.text:_TIMER_vSetupTimerMainDelayedData)
                  003ee56f    00000005     F2806x_DefaultIsr.obj (.text:_TINT0_ISR)
                  003ee574    00000005     F2806x_DefaultIsr.obj (.text:_USB0_INT_ISR)
                  003ee579    00000005     F2806x_DefaultIsr.obj (.text:_USER10_ISR)
                  003ee57e    00000005     F2806x_DefaultIsr.obj (.text:_USER11_ISR)
                  003ee583    00000005     F2806x_DefaultIsr.obj (.text:_USER12_ISR)
                  003ee588    00000005     F2806x_DefaultIsr.obj (.text:_USER1_ISR)
                  003ee58d    00000005     F2806x_DefaultIsr.obj (.text:_USER2_ISR)
                  003ee592    00000005     F2806x_DefaultIsr.obj (.text:_USER3_ISR)
                  003ee597    00000005     F2806x_DefaultIsr.obj (.text:_USER4_ISR)
                  003ee59c    00000005     F2806x_DefaultIsr.obj (.text:_USER5_ISR)
                  003ee5a1    00000005     F2806x_DefaultIsr.obj (.text:_USER6_ISR)
                  003ee5a6    00000005     F2806x_DefaultIsr.obj (.text:_USER7_ISR)
                  003ee5ab    00000005     F2806x_DefaultIsr.obj (.text:_USER8_ISR)
                  003ee5b0    00000005     F2806x_DefaultIsr.obj (.text:_USER9_ISR)
                  003ee5b5    00000005     F2806x_DefaultIsr.obj (.text:_WAKEINT_ISR)
                  003ee5ba    00000005     F2806x_DefaultIsr.obj (.text:_XINT1_ISR)
                  003ee5bf    00000005     F2806x_DefaultIsr.obj (.text:_XINT2_ISR)
                  003ee5c4    00000005     F2806x_DefaultIsr.obj (.text:_XINT3_ISR)
                  003ee5c9    00000005     F2806x_DefaultIsr.obj (.text:_rsvd_ISR)
                  003ee5ce    00000005     rts2800_ml.lib : fs_neg28.asm.obj (.text)
                  003ee5d3    00000004     CSMON_C28xx.lib : csmon.obj (.text:_CSMON_eApplyParameterChanges)
                  003ee5d7    00000004                     : csmon.obj (.text:_CSMON_eRegisterWriteParElementCallbackFunction)
                  003ee5db    00000004                     : csmon.obj (.text:_CSMON_eSetInternalTimerPeriod)
                  003ee5df    00000004                     : csmon.obj (.text:_CSMON_eSetTimerPeriodISRFunctionRegister)
                  003ee5e3    00000004                     : csmon.obj (.text:_CSMON_u32GetBaudError_PPM)
                  003ee5e7    00000004                     : csmon.obj (.text:_CSMON_vAddSetupRecorderParameterMask)
                  003ee5eb    00000004                     : csmon.obj (.text:_CSMON_vInitScopes)
                  003ee5ef    00000004                     : csmon.obj (.text:_CSMON_vSetStartRecorderParameterMask)
                  003ee5f3    00000004                     : hmdrv.obj (.text:_HMDRV_SetExAddr)
                  003ee5f7    00000004                     : hmdrv.obj (.text:_HMDRV_u32GetDeviceSYSCLKFreq)
                  003ee5fb    00000004                     : hmdrv.obj (.text:_HMDRV_u32GetSCIErrorPPM)
                  003ee5ff    00000004                     : hmlib.obj (.text:_HMLIB_vRecorderParam0)
                  003ee603    00000004                     : hmmodbus.obj (.text:_HMMODBUS_u32GetAddressMessageCounterThisDevice)
                  003ee607    00000004                     : hmmodbus.obj (.text:_HMMODBUS_vSetAddressMessageCounterThisDevice)
                  003ee60b    00000004                     : hmmodbus.obj (.text:_HMMODBUS_vSetDeviceIDMajorMinorRevision)
                  003ee60f    00000004                     : hmmodbus.obj (.text:_HMMODBUS_vSetDeviceIDMajorMinorRevisionLength)
                  003ee613    00000004                     : hmmodbus.obj (.text:_HMMODBUS_vSetDeviceIDModelName)
                  003ee617    00000004                     : hmmodbus.obj (.text:_HMMODBUS_vSetDeviceIDModelNameLength)
                  003ee61b    00000004                     : hmmodbus.obj (.text:_HMMODBUS_vSetDeviceIDProductCode)
                  003ee61f    00000004                     : hmmodbus.obj (.text:_HMMODBUS_vSetDeviceIDProductCodeLength)
                  003ee623    00000004                     : hmmodbus.obj (.text:_HMMODBUS_vSetDeviceIDProductName)
                  003ee627    00000004                     : hmmodbus.obj (.text:_HMMODBUS_vSetDeviceIDProductNameLength)
                  003ee62b    00000004                     : hmmodbus.obj (.text:_HMMODBUS_vSetDeviceIDUserApplicationName)
                  003ee62f    00000004                     : hmmodbus.obj (.text:_HMMODBUS_vSetDeviceIDUserApplicationNameLength)
                  003ee633    00000004                     : hmmodbus.obj (.text:_HMMODBUS_vSetDeviceIDUserReserve0)
                  003ee637    00000004                     : hmmodbus.obj (.text:_HMMODBUS_vSetDeviceIDUserReserve0Length)
                  003ee63b    00000004                     : hmmodbus.obj (.text:_HMMODBUS_vSetDeviceIDUserReserve1)
                  003ee63f    00000004                     : hmmodbus.obj (.text:_HMMODBUS_vSetDeviceIDUserReserve1Length)
                  003ee643    00000004                     : hmmodbus.obj (.text:_HMMODBUS_vSetDeviceIDUserReserve2)
                  003ee647    00000004                     : hmmodbus.obj (.text:_HMMODBUS_vSetDeviceIDUserReserve2Length)
                  003ee64b    00000004                     : hmmodbus.obj (.text:_HMMODBUS_vSetDeviceIDVendorName)
                  003ee64f    00000004                     : hmmodbus.obj (.text:_HMMODBUS_vSetDeviceIDVendorNameLength)
                  003ee653    00000004                     : hmmodbus.obj (.text:_HMMODBUS_vSetDeviceIDVendorUrl)
                  003ee657    00000004                     : hmmodbus.obj (.text:_HMMODBUS_vSetDeviceIDVendorUrlLength)
                  003ee65b    00000004                     : hmmodbus.obj (.text:_HMMODBUS_vSetServerIDDataAddress)
                  003ee65f    00000004                     : hmmodbus.obj (.text:_HMMODBUS_vSetServerIDLength)
                  003ee663    00000004                     : hmmodbus.obj (.text:_HMMODBUS_vSetServerIDNumber)
                  003ee667    00000004                     : hmmodbus.obj (.text:_HMMODBUS_vSetServerOnStatus)
                  003ee66b    00000004                     : hmmodbus.obj (.text:_HMMODBUS_vSetupHoldingRegistersAccessTableInRam)
                  003ee66f    00000004                     : hmmodbus.obj (.text:_HMMODBUS_vSetupWriteParElementCallbackFunction)
                  003ee673    00000004     interrupt.obj (.text:_IntMasterDisable)
                  003ee677    00000004     interrupt.obj (.text:_IntMasterEnable)
                  003ee67b    00000004     CSMON_C28xx.lib : modbusreg.obj (.text:_MODBUSREG_u16GetHoldRegFillCount)
                  003ee67f    00000004                     : modbusreg.obj (.text:_MODBUSREG_u16GetTableRegisterFlagsElementOffset)
                  003ee683    00000004                     : modbusreg.obj (.text:_MODBUSREG_u16GetTableRegisterSizeElementOffset)
                  003ee687    00000004                     : modbusreg.obj (.text:_MODBUSREG_u16GetTableVirtAddressElementOffset)
                  003ee68b    00000004                     : modbusreg.obj (.text:_MODBUSREG_u32GetRegisterAccessTableInRam)
                  003ee68f    00000004                     : modbusreg.obj (.text:_MODBUSREG_u32GetTableRegisterFlags)
                  003ee693    00000004                     : modbusreg.obj (.text:_MODBUSREG_u32GetTableRegisterSize)
                  003ee697    00000004                     : modbusreg.obj (.text:_MODBUSREG_u32GetTableVirtAddress)
                  003ee69b    00000004                     : modbusreg.obj (.text:_MODBUSREG_vSetFileAutorization_FunctionAfterWriteFileRecordTable)
                  003ee69f    00000004                     : modbusreg.obj (.text:_MODBUSREG_vSetFileParamCount_FunctionBeforeReadFileRecord)
                  003ee6a3    00000004                     : modbusreg.obj (.text:_MODBUSREG_vSetFileRTC_FunctionAfterReadFileRecord)
                  003ee6a7    00000004                     : modbusreg.obj (.text:_MODBUSREG_vSetFileRTC_FunctionAfterWriteFileRecord)
                  003ee6ab    00000004                     : modbusreg.obj (.text:_MODBUSREG_vSetFileRecConfig_FunctionAfterWriteFileRecord)
                  003ee6af    00000004                     : modbusreg.obj (.text:_MODBUSREG_vSetFileRecStatus_FunctionIndexGenerationFileRecord)
                  003ee6b3    00000004                     : modbusreg.obj (.text:_MODBUSREG_vSetHoldRegFillCount)
                  003ee6b7    00000004                     : modbusreg.obj (.text:_MODBUSREG_vSetParamCount)
                  003ee6bb    00000004                     : modbusreg.obj (.text:_MODBUSREG_vSetParamListAddress)
                  003ee6bf    00000004                     : modbusreg.obj (.text:_MODBUSREG_vSetParamNumbAddress)
                  003ee6c3    00000004                     : modbusreg.obj (.text:_MODBUSREG_vSetParamRecorderConfigAddress)
                  003ee6c7    00000004                     : modbusreg.obj (.text:_MODBUSREG_vSetParamScopeConfigAddress)
                  003ee6cb    00000004                     : tmr_drv.obj (.text:_TIMER_vGetTimerMainRollingCounter)
                  003ee6cf    00000004                     : tmr_drv.obj (.text:_TIMER_vSetupTimerMainCSMONFunction)
                  003ee6d3    00000004                     : tmr_drv.obj (.text:_TMR_u16GetFreeRunTimerPrescaller)
                  003ee6d7    00000004                     : hmmodbus.obj (.text:_bGetElementsDifference)
                  003ee6db    00000004                     : hmmodbus.obj (.text:_u16GetIndexFileTable)
                  003ee6df    00000004                     : hmmodbus.obj (.text:_u32GetBufferAddressStart)
                  003ee6e3    00000004                     : hmmodbus.obj (.text:_u32GetBufferSize)
                  003ee6e7    00000004                     : hmmodbus.obj (.text:_u32GetSampleCountAvailable)
                  003ee6eb    00000004                     : hmmodbus.obj (.text:_u32GetSampleCountBuffer)
                  003ee6ef    00000004                     : hmmodbus.obj (.text:_u32GetStartSampleIndex)
                  003ee6f3    00000004                     : hmmodbus.obj (.text:_u8GetSampleSize)
                  003ee6f7    00000004                     : hmmodbus.obj (.text:_vSetBufferAddressStartFromFunction)
                  003ee6fb    00000004                     : hmmodbus.obj (.text:_vSetBufferSize)
                  003ee6ff    00000003     F2806x_DBGIER.obj (.text)
                  003ee702    00000003     CSMON_C28xx.lib : csmon.obj (.text:_CSMON_eSetParameter)
                  003ee705    00000003                     : csmon.obj (.text:_CSMON_u32GetModbusMessageCounterRegisterRealAddress)
                  003ee708    00000003                     : csmon.obj (.text:_CSMON_vSetModbusMessageCounterRegisterRealAddress)
                  003ee70b    00000003                     : hmlib.obj (.text:_HMLIB_vRecorderParamTimeSync)
                  003ee70e    00000003                     : hmrecparam.obj (.text:_HMRECPRM_GetTimeBase)
                  003ee711    00000003                     : modbusreg.obj (.text:_MODBUSREG_u32GetAddressMessageCounterThisDevice)
                  003ee714    00000003                     : modbusreg.obj (.text:_MODBUSREG_vSetAddressMessageCounterThisDevice)
                  003ee717    00000003                     : uart_drv.obj (.text:_UART_TXInterrupt)
                  003ee71a    00000002                     : hmrecparam.obj (.text:_HMRECPRM_AbortRec)
                  003ee71c    00000002                     : hmrecparam.obj (.text:_HMRECPRM_GetRecBuffSize)
                  003ee71e    00000002                     : hmrec.obj (.text:_HMREC_AbortRec)
                  003ee720    00000002                     : hmrec.obj (.text:_HMREC_GetRecBuffSize)
                  003ee722    00000002     main.obj (.text:_eWriteParElement)
                  003ee724    00000002     rts2800_ml.lib : pre_init.c.obj (.text)
                  003ee726    00000001     CSMON_C28xx.lib : hmprotocol.obj (.text:_HMPROTOCOL_vInit)
                  003ee727    00000001     uart_driver.obj (.text:_UART_DRV_TXInterrupt)
                  003ee728    00000001     CSMON_C28xx.lib : uart_drv.obj (.text:_UART_TxDis)
                  003ee729    00000001                     : uart_drv.obj (.text:_UART_TxEna)
                  003ee72a    00000001     rts2800_ml.lib : startup.c.obj (.text)

ramfuncs   0    003ee72b    00000029     RUN ADDR = 00008000
                  003ee72b    0000001d     F2806x_SysCtrl.obj (ramfuncs:_InitFlash)
                  003ee748    00000008     device.obj (ramfuncs:_MyCallbackFunction)
                  003ee750    00000004     F2806x_usDelay.obj (ramfuncs)

csm_rsvd   0    003f7f80    00000076     
                  003f7f80    00000076     F2806x_CSMPasswords.obj (csm_rsvd)

codestart 
*          0    003f7ff6    00000002     
                  003f7ff6    00000002     F2806x_CodeStartBranch.obj (codestart)

csmpasswds 
*          0    003f7ff8    00000008     
                  003f7ff8    00000008     F2806x_CSMPasswords.obj (csmpasswds)

.stack     1    00000050    00000380     UNINITIALIZED
                  00000050    00000380     --HOLE--

.econst    0    003ee754    00001e0c     
                  003ee754    00001900     csmon_config.obj (.econst:_asParameterList)
                  003f0054    00000100     CSMON_C28xx.lib : hmmodbus.obj (.econst:.string:_auchCRCHi)
                  003f0154    00000100                     : hmmodbus.obj (.econst:.string:_auchCRCLo)
                  003f0254    00000100     F2806x_PieVect.obj (.econst:_PieVectTableInit)
                  003f0354    00000084     rts2800_ml.lib : k_rem_pio2.c.obj (.econst:_ipio2)
                  003f03d8    00000050     CSMON_C28xx.lib : csmon.obj (.econst:_CSMON_asAccessLevelPasswords)
                  003f0428    0000002c     rts2800_ml.lib : k_rem_pio2.c.obj (.econst)
                  003f0454    00000028                    : k_cosf.c.obj (.econst)
                  003f047c    00000020                    : k_rem_pio2.c.obj (.econst:_PIo2)
                  003f049c    00000020                    : k_sinf.c.obj (.econst)
                  003f04bc    0000001c                    : e_rem_pio2f.c.obj (.econst)
                  003f04d8    0000001c                    : s_scalbn.c.obj (.econst)
                  003f04f4    00000018                    : s_sinf.c.obj (.econst)
                  003f050c    00000014     CSMON_C28xx.lib : csmon.obj (.econst:_CSMON_au8FileImplementedFunctionCodes)
                  003f0520    00000010     main.obj (.econst)
                  003f0530    0000000e     CSMON_C28xx.lib : csmon.obj (.econst:_CSMON_au8FileParameterNumbElementsCountInPartTable)
                  003f053e    0000000c                     : hmprotocol.obj (.econst:.string)
                  003f054a    0000000c     rts2800_ml.lib : s_floor.c.obj (.econst)
                  003f0556    00000006     CSMON_C28xx.lib : csmon.obj (.econst:_CSMON_au8FileParameterListElementsCountInPartTable)
                  003f055c    00000004     rts2800_ml.lib : k_rem_pio2.c.obj (.econst:_init_jk)

.reset     0    003fffc0    00000002     DSECT
                  003fffc0    00000002     rts2800_ml.lib : boot28.asm.obj (.reset)

vectors    0    003fffc2    00000000     DSECT

DevEmuRegsFile 
*          1    00000880    00000004     UNINITIALIZED
                  00000880    00000004     F2806x_GlobalVariableDefs.obj (DevEmuRegsFile)

SysPwrCtrlRegsFile 
*          1    00000985    00000003     UNINITIALIZED
                  00000985    00000003     F2806x_GlobalVariableDefs.obj (SysPwrCtrlRegsFile)

FlashRegsFile 
*          1    00000a80    00000008     UNINITIALIZED
                  00000a80    00000008     F2806x_GlobalVariableDefs.obj (FlashRegsFile)

CsmRegsFile 
*          1    00000ae0    00000010     UNINITIALIZED
                  00000ae0    00000010     F2806x_GlobalVariableDefs.obj (CsmRegsFile)

AdcResultFile 
*          1    00000b00    00000010     UNINITIALIZED
                  00000b00    00000010     F2806x_GlobalVariableDefs.obj (AdcResultFile)

CpuTimer0RegsFile 
*          1    00000c00    00000008     UNINITIALIZED
                  00000c00    00000008     F2806x_GlobalVariableDefs.obj (CpuTimer0RegsFile)

CpuTimer1RegsFile 
*          1    00000c08    00000008     UNINITIALIZED
                  00000c08    00000008     F2806x_GlobalVariableDefs.obj (CpuTimer1RegsFile)

CpuTimer2RegsFile 
*          1    00000c10    00000008     UNINITIALIZED
                  00000c10    00000008     F2806x_GlobalVariableDefs.obj (CpuTimer2RegsFile)

PieCtrlRegsFile 
*          1    00000ce0    0000001a     UNINITIALIZED
                  00000ce0    0000001a     F2806x_GlobalVariableDefs.obj (PieCtrlRegsFile)

PieVectTableFile 
*          1    00000d00    00000100     UNINITIALIZED
                  00000d00    00000100     F2806x_GlobalVariableDefs.obj (PieVectTableFile)

EmuKeyVar 
*          1    00000d00    00000001     UNINITIALIZED
                  00000d00    00000001     F2806x_GlobalVariableDefs.obj (EmuKeyVar)

EmuBModeVar 
*          1    00000d01    00000001     UNINITIALIZED
                  00000d01    00000001     F2806x_GlobalVariableDefs.obj (EmuBModeVar)

FlashCallbackVar 
*          1    00000d02    00000002     UNINITIALIZED
                  00000d02    00000002     F2806x_GlobalVariableDefs.obj (FlashCallbackVar)

FlashScalingVar 
*          1    00000d04    00000002     UNINITIALIZED
                  00000d04    00000002     F2806x_GlobalVariableDefs.obj (FlashScalingVar)

DmaRegsFile 
*          1    00001000    000000e0     UNINITIALIZED
                  00001000    000000e0     F2806x_GlobalVariableDefs.obj (DmaRegsFile)

Cla1RegsFile 
*          1    00001400    00000040     UNINITIALIZED
                  00001400    00000040     F2806x_GlobalVariableDefs.obj (Cla1RegsFile)

Usb0RegsFile 
*          1    00004000    00000454     UNINITIALIZED
                  00004000    00000454     F2806x_GlobalVariableDefs.obj (Usb0RegsFile)

McbspaRegsFile 
*          1    00005000    00000024     UNINITIALIZED
                  00005000    00000024     F2806x_GlobalVariableDefs.obj (McbspaRegsFile)

ECanaRegsFile 
*          1    00006000    00000034     UNINITIALIZED
                  00006000    00000034     F2806x_GlobalVariableDefs.obj (ECanaRegsFile)

ECanaLAMRegsFile 
*          1    00006040    00000040     UNINITIALIZED
                  00006040    00000040     F2806x_GlobalVariableDefs.obj (ECanaLAMRegsFile)

ECanaMOTSRegsFile 
*          1    00006080    00000040     UNINITIALIZED
                  00006080    00000040     F2806x_GlobalVariableDefs.obj (ECanaMOTSRegsFile)

ECanaMOTORegsFile 
*          1    000060c0    00000040     UNINITIALIZED
                  000060c0    00000040     F2806x_GlobalVariableDefs.obj (ECanaMOTORegsFile)

ECanaMboxesFile 
*          1    00006100    00000100     UNINITIALIZED
                  00006100    00000100     F2806x_GlobalVariableDefs.obj (ECanaMboxesFile)

Comp1RegsFile 
*          1    00006400    00000014     UNINITIALIZED
                  00006400    00000014     F2806x_GlobalVariableDefs.obj (Comp1RegsFile)

Comp2RegsFile 
*          1    00006420    00000014     UNINITIALIZED
                  00006420    00000014     F2806x_GlobalVariableDefs.obj (Comp2RegsFile)

Comp3RegsFile 
*          1    00006440    00000014     UNINITIALIZED
                  00006440    00000014     F2806x_GlobalVariableDefs.obj (Comp3RegsFile)

EPwm1RegsFile 
*          1    00006800    00000040     UNINITIALIZED
                  00006800    00000040     F2806x_GlobalVariableDefs.obj (EPwm1RegsFile)

EPwm2RegsFile 
*          1    00006840    00000040     UNINITIALIZED
                  00006840    00000040     F2806x_GlobalVariableDefs.obj (EPwm2RegsFile)

EPwm3RegsFile 
*          1    00006880    00000040     UNINITIALIZED
                  00006880    00000040     F2806x_GlobalVariableDefs.obj (EPwm3RegsFile)

EPwm4RegsFile 
*          1    000068c0    00000040     UNINITIALIZED
                  000068c0    00000040     F2806x_GlobalVariableDefs.obj (EPwm4RegsFile)

EPwm5RegsFile 
*          1    00006900    00000040     UNINITIALIZED
                  00006900    00000040     F2806x_GlobalVariableDefs.obj (EPwm5RegsFile)

EPwm6RegsFile 
*          1    00006940    00000040     UNINITIALIZED
                  00006940    00000040     F2806x_GlobalVariableDefs.obj (EPwm6RegsFile)

EPwm7RegsFile 
*          1    00006980    00000040     UNINITIALIZED
                  00006980    00000040     F2806x_GlobalVariableDefs.obj (EPwm7RegsFile)

EPwm8RegsFile 
*          1    000069c0    00000040     UNINITIALIZED
                  000069c0    00000040     F2806x_GlobalVariableDefs.obj (EPwm8RegsFile)

ECap1RegsFile 
*          1    00006a00    00000020     UNINITIALIZED
                  00006a00    00000020     F2806x_GlobalVariableDefs.obj (ECap1RegsFile)

ECap2RegsFile 
*          1    00006a20    00000020     UNINITIALIZED
                  00006a20    00000020     F2806x_GlobalVariableDefs.obj (ECap2RegsFile)

ECap3RegsFile 
*          1    00006a40    00000020     UNINITIALIZED
                  00006a40    00000020     F2806x_GlobalVariableDefs.obj (ECap3RegsFile)

HRCap1RegsFile 
*          1    00006ac0    00000020     UNINITIALIZED
                  00006ac0    00000020     F2806x_GlobalVariableDefs.obj (HRCap1RegsFile)

HRCap2RegsFile 
*          1    00006ae0    00000020     UNINITIALIZED
                  00006ae0    00000020     F2806x_GlobalVariableDefs.obj (HRCap2RegsFile)

EQep1RegsFile 
*          1    00006b00    00000022     UNINITIALIZED
                  00006b00    00000022     F2806x_GlobalVariableDefs.obj (EQep1RegsFile)

EQep2RegsFile 
*          1    00006b40    00000022     UNINITIALIZED
                  00006b40    00000022     F2806x_GlobalVariableDefs.obj (EQep2RegsFile)

HRCap3RegsFile 
*          1    00006c80    00000020     UNINITIALIZED
                  00006c80    00000020     F2806x_GlobalVariableDefs.obj (HRCap3RegsFile)

HRCap4RegsFile 
*          1    00006ca0    00000020     UNINITIALIZED
                  00006ca0    00000020     F2806x_GlobalVariableDefs.obj (HRCap4RegsFile)

GpioCtrlRegsFile 
*          1    00006f80    00000040     UNINITIALIZED
                  00006f80    00000040     F2806x_GlobalVariableDefs.obj (GpioCtrlRegsFile)

GpioDataRegsFile 
*          1    00006fc0    00000020     UNINITIALIZED
                  00006fc0    00000020     F2806x_GlobalVariableDefs.obj (GpioDataRegsFile)

GpioIntRegsFile 
*          1    00006fe0    00000020     UNINITIALIZED
                  00006fe0    00000020     F2806x_GlobalVariableDefs.obj (GpioIntRegsFile)

SysCtrlRegsFile 
*          1    00007010    00000030     UNINITIALIZED
                  00007010    00000030     F2806x_GlobalVariableDefs.obj (SysCtrlRegsFile)

SpiaRegsFile 
*          1    00007040    00000010     UNINITIALIZED
                  00007040    00000010     F2806x_GlobalVariableDefs.obj (SpiaRegsFile)

SciaRegsFile 
*          1    00007050    00000010     UNINITIALIZED
                  00007050    00000010     F2806x_GlobalVariableDefs.obj (SciaRegsFile)

NmiIntruptRegsFile 
*          1    00007060    00000010     UNINITIALIZED
                  00007060    00000010     F2806x_GlobalVariableDefs.obj (NmiIntruptRegsFile)

XIntruptRegsFile 
*          1    00007070    00000010     UNINITIALIZED
                  00007070    00000010     F2806x_GlobalVariableDefs.obj (XIntruptRegsFile)

AdcRegsFile 
*          1    00007100    00000050     UNINITIALIZED
                  00007100    00000050     F2806x_GlobalVariableDefs.obj (AdcRegsFile)

SpibRegsFile 
*          1    00007740    00000010     UNINITIALIZED
                  00007740    00000010     F2806x_GlobalVariableDefs.obj (SpibRegsFile)

ScibRegsFile 
*          1    00007750    00000010     UNINITIALIZED
[...]
003eae1e  local     $30 (.text)
003eae4c  local     $35 (.text)
003eae7b  local     $40 (.text)
003eaddd  local     $5_$2 (.text)
00000000  local     .bss (.bss)
00000000  local     .data (.data)
003eadc9  local     .text (.text)
003eaded  local     CHECK_SIGN1 (.text)
003eae28  local     CHECK_SIGN2 (.text)
003eae60  local     DGT3 (.text)
003eae62  local     DIVUDenHighZero (.text)
003eadf7  local     EQ0 (.text)
003eadf2  local     EQ1 (.text)
003eae30  local     EQ2 (.text)
003eae5b  local     EQ3 (.text)
003eae8c  local     EQ4 (.text)
003eadc9  global    LL$$DIV (.text)
003eae05  global    LL$$MOD (.text)
003eaeab  local     LOOP (.text)
003eae9a  local     MAINDIV (.text)
003eaeb9  local     MD_NEQ (.text)
003eae8e  local     MODUDenHighZero (.text)
003eadf0  local     RET1 (.text)
003eae2b  local     RET2 (.text)
003eae59  local     RET3 (.text)
003eae88  local     RET4 (.text)
003eae2d  local     RET_NUM1 (.text)
003eae8a  local     RET_NUM2 (.text)
003eadf9  local     SDIVUDenHighZero (.text)
003eaec3  local     SKIP (.text)
003eaec5  local     SKIP1 (.text)
003eae33  local     SMODUDenHighZero (.text)
003eae3f  global    ULL$$DIV (.text)
003eae6e  global    ULL$$MOD (.text)


================================================================================

rts2800_ml.lib : u_div28.asm.obj

Run/Load            
Value     Binding   Name (Section)
--------  --------  ---------------
00000000  local     .bss (.bss)
00000000  local     .data (.data)
003ee197  local     .text (.text)
003ee197  global    U$$DIV (.text)
003ee19c  global    U$$MOD (.text)


================================================================================

rts2800_ml.lib : u_tofd28.asm.obj

Run/Load            
Value     Binding   Name (Section)
--------  --------  ---------------
00000000  local     .bss (.bss)
00000000  local     .data (.data)
003edd44  local     .text (.text)
003edd51  local     NORMALIZE (.text)
003edd59  local     OP_ZERO (.text)
003edd53  local     PACK (.text)
003edd58  local     RETURN (.text)
003edd56  local     RETURN_VALUE (.text)
003edd44  global    U$$TOFD (.text)


================================================================================

rts2800_ml.lib : u_tofs28.asm.obj

Run/Load            
Value     Binding   Name (Section)
--------  --------  ---------------
00000000  local     .bss (.bss)
00000000  local     .data (.data)
003edfa6  local     .text (.text)
003edfb5  local     RESTORE (.text)
003edfa6  global    U$$TOFS (.text)
003edfb5  local     ZERO (.text)


================================================================================

rts2800_ml.lib : l_tofs28.asm.obj

Run/Load            
Value     Binding   Name (Section)
--------  --------  ---------------
00000000  local     .bss (.bss)
00000000  local     .data (.data)
003edbc3  local     .text (.text)
003edbc3  global    L$$TOFS (.text)
003edbd9  local     OVERFLOW (.text)
003edbd8  local     RETURN (.text)
003edbd8  local     ZERO (.text)


================================================================================

rts2800_ml.lib : ul_tofs28.asm.obj

Run/Load            
Value     Binding   Name (Section)
--------  --------  ---------------
00000000  local     .bss (.bss)
00000000  local     .data (.data)
003ede3e  local     .text (.text)
003ede46  local     LEFT_SHIFT (.text)
003ede48  local     PACK (.text)
003ede50  local     RETURN (.text)
003ede3e  global    UL$$TOFS (.text)
003ede50  local     ZERO (.text)


================================================================================

rts2800_ml.lib : prolog28.asm.obj

Run/Load            
Value     Binding   Name (Section)
--------  --------  ---------------
00000000  local     .bss (.bss)
00000000  local     .data (.data)
003edc41  local     .text (.text)
003edc41  global    _prolog_c28x_1 (.text)
003edc45  global    _prolog_c28x_2 (.text)
003edc4d  global    _prolog_c28x_3 (.text)


================================================================================

rts2800_ml.lib : fs_tofd28.asm.obj

Run/Load            
Value     Binding   Name (Section)
--------  --------  ---------------
00000000  local     .bss (.bss)
00000000  local     .data (.data)
003edab8  local     .text (.text)
003edab8  global    FS$$TOFD (.text)
003edacc  local     OVERFLOW (.text)
003edacb  local     RETURN (.text)
003edac9  local     RETURN_VALUE (.text)
003edad2  local     UNDERFLOW (.text)


================================================================================

rts2800_ml.lib : fd_div28.asm.obj

Run/Load            
Value     Binding   Name (Section)
--------  --------  ---------------
003ec17e  local     $1_$3 (.text)
003ec189  local     $2_$3 (.text)
00000000  local     .bss (.bss)
00000000  local     .data (.data)
003ec142  local     .text (.text)
003ec198  local     DIV_END (.text)
003ec179  local     DIV_START (.text)
003ec142  global    FD$$DIV (.text)
003ec19b  local     NORMALIZE (.text)
003ec1c5  local     OVERFLOW (.text)
003ec1c0  local     RETURN (.text)
003ec1be  local     RETURN_VALUE (.text)
003ec1b0  local     RND64_SET_MANT$3$ (.text)
003ec1a4  local     ROUND (.text)
003ec1cb  local     UNDERFLOW (.text)


================================================================================

rts2800_ml.lib : cpy_tbl.c.obj

Run/Load            
Value     Binding   Name (Section)
--------  --------  ---------------
003ed74f  local     $C$L1 (.text)
003ed762  local     $C$L2 (.text)
003ed763  local     $C$L3 (.text)
00000000  local     .bss (.bss)
00000000  local     .data (.data)
003ed747  local     .text (.text)
003ed747  global    _copy_in (.text)


================================================================================

rts2800_ml.lib : memcpy.c.obj

Run/Load            
Value     Binding   Name (Section)
--------  --------  ---------------
003eda31  local     $C$L1 (.text)
003eda35  local     $C$L2 (.text)
003eda3c  local     $C$L3 (.text)
003eda3e  local     $C$L4 (.text)
003eda46  local     $C$L5 (.text)
00000000  local     .bss (.bss)
00000000  local     .data (.data)
003eda2b  local     .text (.text)
003eda2b  global    _memcpy (.text)


================================================================================

rts2800_ml.lib : pre_init.c.obj

Run/Load            
Value     Binding   Name (Section)
--------  --------  ---------------
00000000  local     .bss (.bss)
00000000  local     .data (.data)
003ee724  local     .text (.text)
003ee724  global    __system_pre_init (.text)


================================================================================

rts2800_ml.lib : startup.c.obj

Run/Load            
Value     Binding   Name (Section)
--------  --------  ---------------
00000000  local     .bss (.bss)
00000000  local     .data (.data)
003ee72a  local     .text (.text)
003ee72a  global    __system_post_cinit (.text)


================================================================================

rts2800_ml.lib : e_rem_pio2f.c.obj

Run/Load            
Value     Binding   Name (Section)
--------  --------  ---------------
003f04c8  local     $C$FL1 (.econst)
003f04cc  local     $C$FL2 (.econst)
003f04d0  local     $C$FL3 (.econst)
003f04d4  local     $C$FL4 (.econst)
003ebbac  local     $C$L1 (.text)
003ebbba  local     $C$L2 (.text)
003ebbe6  local     $C$L3 (.text)
003ebbeb  local     $C$L4 (.text)
00000000  local     .bss (.bss)
00000000  local     .data (.data)
003f04bc  local     .econst (.econst)
003ebb49  local     .text (.text)
003ebb49  global    ___rem_pio2f (.text)
003f04bc  local     _invpio2 (.econst)
003f04c0  local     _pio2_1 (.econst)
003f04c4  local     _pio2_1t (.econst)


================================================================================

rts2800_ml.lib : k_rem_pio2.c.obj

Run/Load            
Value     Binding   Name (Section)
--------  --------  ---------------
003f0438  local     $C$FL1 (.econst)
003f043c  local     $C$FL2 (.econst)
003f0440  local     $C$FL3 (.econst)
003f0444  local     $C$FL4 (.econst)
003f0448  local     $C$FL5 (.econst)
003f044c  local     $C$FL6 (.econst)
003f0450  local     $C$FL7 (.econst)
003e98e4  local     $C$L1 (.text)
003e999e  local     $C$L10 (.text)
003e99cb  local     $C$L11 (.text)
003e99eb  local     $C$L12 (.text)
003e9a10  local     $C$L13 (.text)
003e9a2f  local     $C$L14 (.text)
003e9a36  local     $C$L15 (.text)
003e9a53  local     $C$L16 (.text)
003e9aa1  local     $C$L17 (.text)
003e9b0d  local     $C$L18 (.text)
003e9b11  local     $C$L19 (.text)
003e990c  local     $C$L2 (.text)
003e9b1f  local     $C$L20 (.text)
003e9b48  local     $C$L21 (.text)
003e9b4d  local     $C$L22 (.text)
003e9b58  local     $C$L23 (.text)
003e9b64  local     $C$L24 (.text)
003e9b69  local     $C$L25 (.text)
003e9b6f  local     $C$L26 (.text)
003e9b8c  local     $C$L27 (.text)
003e9b98  local     $C$L28 (.text)
003e9bc3  local     $C$L29 (.text)
003e9917  local     $C$L3 (.text)
003e9bf1  local     $C$L30 (.text)
003e9c3c  local     $C$L31 (.text)
003e9c41  local     $C$L32 (.text)
003e9c59  local     $C$L33 (.text)
003e9c63  local     $C$L34 (.text)
003e9c72  local     $C$L35 (.text)
003e9c7c  local     $C$L36 (.text)
003e9c97  local     $C$L37 (.text)
003e9ca7  local     $C$L38 (.text)
003e9ca9  local     $C$L39 (.text)
003e9923  local     $C$L4 (.text)
003e9cc9  local     $C$L40 (.text)
003e9cf1  local     $C$L41 (.text)
003e9d08  local     $C$L42 (.text)
003e9d1c  local     $C$L43 (.text)
003e9d4a  local     $C$L44 (.text)
003e9d68  local     $C$L45 (.text)
003e9d86  local     $C$L46 (.text)
003e9dd5  local     $C$L47 (.text)
003e9e0f  local     $C$L48 (.text)
003e9e27  local     $C$L49 (.text)
003e9934  local     $C$L5 (.text)
003e9e38  local     $C$L50 (.text)
003e9e55  local     $C$L51 (.text)
003e9e70  local     $C$L52 (.text)
003e9e83  local     $C$L53 (.text)
003e9e94  local     $C$L54 (.text)
003e9ea2  local     $C$L55 (.text)
003e9eac  local     $C$L56 (.text)
003e9ecd  local     $C$L57 (.text)
003e9ede  local     $C$L58 (.text)
003e9eec  local     $C$L59 (.text)
003e9940  local     $C$L6 (.text)
003e9ef6  local     $C$L60 (.text)
003e9f00  local     $C$L61 (.text)
003e9f13  local     $C$L62 (.text)
003e9f24  local     $C$L63 (.text)
003e9f32  local     $C$L64 (.text)
003e9f3c  local     $C$L65 (.text)
003e9f45  local     $C$L66 (.text)
003e995d  local     $C$L7 (.text)
003e9982  local     $C$L8 (.text)
003e9997  local     $C$L9 (.text)
00000000  local     .bss (.bss)
00000000  local     .data (.data)
003f0428  local     .econst (.econst)
003f047c  local     .econst:_PIo2 (.econst:_PIo2)
003f055c  local     .econst:_init_jk (.econst:_init_jk)
003f0354  local     .econst:_ipio2 (.econst:_ipio2)
003e98b6  local     .text (.text)
003f047c  local     _PIo2 (.econst:_PIo2)
003e98b6  global    ___kernel_rem_pio2 (.text)
003f055c  local     _init_jk (.econst:_init_jk)
003f0354  local     _ipio2 (.econst:_ipio2)
003f042c  local     _one (.econst)
003f0430  local     _two24 (.econst)
003f0434  local     _twon24 (.econst)
003f0428  local     _zero (.econst)


================================================================================

rts2800_ml.lib : exit.c.obj

Run/Load            
Value     Binding   Name (Section)
--------  --------  ---------------
003ed415  local     $C$L1 (.text)
003ed428  local     $C$L2 (.text)
003ed433  local     $C$L3 (.text)
003ed439  local     $C$L4 (.text)
00000000  local     .bss (.bss)
003f0bd8  local     .cinit (.cinit)
00000000  local     .data (.data)
0000bdfa  local     .ebss (.ebss)
003ed414  local     .text (.text)
003ed414  global    C$$EXIT (.text)
0000bdfc  global    ___TI_cleanup_ptr (.ebss)
0000bdfe  global    ___TI_dtors_ptr (.ebss)
0000bdfa  global    ___TI_enable_exit_profile_output (.ebss)
003ed414  global    _abort (.text)
003ed416  global    _exit (.text)


================================================================================

rts2800_ml.lib : _lock.c.obj

Run/Load            
Value     Binding   Name (Section)
--------  --------  ---------------
00000000  local     .bss (.bss)
003f0d66  local     .cinit:__lock (.cinit:__lock)
003f0d6b  local     .cinit:__unlock (.cinit:__unlock)
00000000  local     .data (.data)
0000c100  local     .ebss:__lock (.ebss:__lock)
0000c102  local     .ebss:__unlock (.ebss:__unlock)
003ee247  local     .text (.text)
0000c100  global    __lock (.ebss:__lock)
003ee24f  global    __nop (.text)
003ee24b  global    __register_lock (.text)
003ee247  global    __register_unlock (.text)
0000c102  global    __unlock (.ebss:__unlock)


================================================================================

rts2800_ml.lib : args_main.c.obj

Run/Load            
Value     Binding   Name (Section)
--------  --------  ---------------
003edf30  local     $C$L1 (.text)
003edf33  local     $C$L2 (.text)
00000000  local     .bss (.bss)
00000000  local     .data (.data)
003edf25  local     .text (.text)
003edf25  global    __args_main (.text)


================================================================================

rts2800_ml.lib : s_floor.c.obj

Run/Load            
Value     Binding   Name (Section)
--------  --------  ---------------
003f054e  local     $C$FL1 (.econst)
003f0552  local     $C$FL2 (.econst)
003eb4b7  local     $C$L1 (.text)
003eb50f  local     $C$L10 (.text)
003eb52f  local     $C$L11 (.text)
003eb531  local     $C$L12 (.text)
003eb53d  local     $C$L13 (.text)
003eb542  local     $C$L14 (.text)
003eb4bc  local     $C$L2 (.text)
003eb4bd  local     $C$L3 (.text)
003eb4c5  local     $C$L4 (.text)
003eb4d8  local     $C$L5 (.text)
003eb4e7  local     $C$L6 (.text)
003eb4ea  local     $C$L7 (.text)
003eb506  local     $C$L8 (.text)
003eb50c  local     $C$L9 (.text)
00000000  local     .bss (.bss)
00000000  local     .data (.data)
003f054a  local     .econst (.econst)
003eb45f  local     .text (.text)
003eb45f  global    _floorl (.text)
003f054a  local     _huge (.econst)


================================================================================

rts2800_ml.lib : s_scalbn.c.obj

Run/Load            
Value     Binding   Name (Section)
--------  --------  ---------------
003f04e4  local     $C$FL1 (.econst)
003f04e8  local     $C$FL2 (.econst)
003f04ec  local     $C$FL3 (.econst)
003f04f0  local     $C$FL4 (.econst)
003ebac5  local     $C$L1 (.text)
003ebade  local     $C$L2 (.text)
003ebaf0  local     $C$L3 (.text)
003ebafb  local     $C$L4 (.text)
003ebb10  local     $C$L5 (.text)
003ebb16  local     $C$L6 (.text)
003ebb21  local     $C$L7 (.text)
003ebb41  local     $C$L8 (.text)
003ebb45  local     $C$L9 (.text)
00000000  local     .bss (.bss)
00000000  local     .data (.data)
003f04d8  local     .econst (.econst)
003eba9f  local     .text (.text)
003eba9f  global    _ldexpl (.text)
003eba9f  global    _scalbnl (.text)
003f04e0  local     _tiny (.econst)
003f04d8  local     _two54 (.econst)
003f04dc  local     _twom54 (.econst)


================================================================================

rts2800_ml.lib : s_copysign.c.obj

Run/Load            
Value     Binding   Name (Section)
--------  --------  ---------------
003ed7f5  local     $C$L1 (.text)
00000000  local     .bss (.bss)
00000000  local     .data (.data)
003ed7d4  local     .text (.text)
003ed7d4  global    _copysignl (.text)


================================================================================

rts2800_ml.lib : k_cosf.c.obj

Run/Load            
Value     Binding   Name (Section)
--------  --------  ---------------
003f0468  local     $C$FL1 (.econst)
003f046c  local     $C$FL2 (.econst)
003f0470  local     $C$FL3 (.econst)
003f0474  local     $C$FL4 (.econst)
003f0478  local     $C$FL5 (.econst)
00000000  local     .bss (.bss)
00000000  local     .data (.data)
003f0454  local     .econst (.econst)
003ec254  local     .text (.text)
003f0458  local     _C0 (.econst)
003f045c  local     _C1 (.econst)
003f0460  local     _C2 (.econst)
003f0464  local     _C3 (.econst)
003ec254  global    ___kernel_cosdf (.text)
003f0454  local     _one (.econst)


================================================================================

rts2800_ml.lib : k_sinf.c.obj

Run/Load            
Value     Binding   Name (Section)
--------  --------  ---------------
003f04ac  local     $C$FL1 (.econst)
003f04b0  local     $C$FL2 (.econst)
003f04b4  local     $C$FL3 (.econst)
003f04b8  local     $C$FL4 (.econst)
00000000  local     .bss (.bss)
00000000  local     .data (.data)
003f049c  local     .econst (.econst)
003ec020  local     .text (.text)
003f049c  local     _S1 (.econst)
003f04a0  local     _S2 (.econst)
003f04a4  local     _S3 (.econst)
003f04a8  local     _S4 (.econst)
003ec020  global    ___kernel_sindf (.text)


================================================================================

rts2800_ml.lib : fd_cmp28.asm.obj

Run/Load            
Value     Binding   Name (Section)
--------  --------  ---------------
00000000  local     .bss (.bss)
00000000  local     .data (.data)
003ed3ea  local     .text (.text)
003ed3fa  local     CHECK_INF (.text)
003ed3ea  global    FD$$CMP (.text)
003ed411  local     NO_NEG (.text)
003ed412  local     OP_EQUAL (.text)
003ed40a  local     RETURN (.text)


================================================================================

rts2800_ml.lib : fd_tol28.asm.obj

Run/Load            
Value     Binding   Name (Section)
--------  --------  ---------------
00000000  local     .bss (.bss)
00000000  local     .data (.data)
003ed97b  local     .text (.text)
003ed97b  global    FD$$TOL (.text)
003ed994  local     OVERFLOW (.text)
003ed993  local     RETURN_VALUE (.text)
003ed998  local     UNDERFLOW (.text)


================================================================================

rts2800_ml.lib : ll_aox28.asm.obj

Run/Load            
Value     Binding   Name (Section)
--------  --------  ---------------
00000000  local     .bss (.bss)
00000000  local     .data (.data)
003edca2  local     .text (.text)
003edca2  global    LL$$AND (.text)
003edcaa  global    LL$$OR (.text)
003edcb2  global    LL$$XOR (.text)


================================================================================

rts2800_ml.lib : i_div28.asm.obj

Run/Load            
Value     Binding   Name (Section)
--------  --------  ---------------
00000000  local     .bss (.bss)
00000000  local     .data (.data)
003ed7f7  local     .text (.text)
003ed7f7  global    I$$DIV (.text)
003ed808  global    I$$MOD (.text)
003ed807  local     RET1 (.text)
003ed817  local     RET2 (.text)


================================================================================

rts2800_ml.lib : l_tofd28.asm.obj

Run/Load            
Value     Binding   Name (Section)
--------  --------  ---------------
003edae2  local     $10 (.text)
00000000  local     .bss (.bss)
00000000  local     .data (.data)
003edad4  local     .text (.text)
003edad4  global    L$$TOFD (.text)
003edaee  local     OP_ZERO (.text)
003edaed  local     RETURN (.text)
003edaeb  local     RETURN_VALUE (.text)


================================================================================

rts2800_ml.lib : fd_tofs28.asm.obj

Run/Load            
Value     Binding   Name (Section)
--------  --------  ---------------
00000000  local     .bss (.bss)
00000000  local     .data (.data)
003ed87c  local     .text (.text)
003ed889  local     EXP_EVAL (.text)
003ed87c  global    FD$$TOFS (.text)
003ed895  local     OVERFLOW (.text)
003ed894  local     RETURN_VALUE (.text)
003ed89b  local     UNDERFLOW (.text)


================================================================================

rts2800_ml.lib : errno.c.obj

Run/Load            
Value     Binding   Name (Section)
--------  --------  ---------------
00000000  local     .bss (.bss)
003f0dba  local     .cinit (.cinit)
00000000  local     .data (.data)
0000c120  local     .ebss (.ebss)
00000000  local     .text (.text)
0000c120  global    _errno (.ebss)


================================================================================

