******************************************************************************
             TMS320C2000 Linker PC v22.6.0                     
******************************************************************************
>> Linked Wed Oct 12 23:00:21 2022

OUTPUT FILE NAME:   <../../../04_Output_Files/Motor28062/TEST_CSMON_C28xx.out>
ENTRY POINT SYMBOL: "_c_int00"  address: 003ec653


MEMORY CONFIGURATION

         name            origin    length      used     unused   attr    fill
----------------------  --------  ---------  --------  --------  ----  --------
PAGE 0:
  RAML0                 00008000   00000800  00000029  000007d7  RWIX
  RAML1                 00008800   00000400  00000000  00000400  RWIX
  OTP                   003d7800   00000400  00000000  00000400  RWIX
  FLASH_APP             003e8000   0000dff0  00009cac  00004344  RWIX
  CSM_RSVD              003f7f80   00000076  00000076  00000000  RWIX
  BEGIN                 003f7ff6   00000002  00000002  00000000  RWIX
  CSM_PWL_P0            003f7ff8   00000008  00000008  00000000  RWIX
  FPUTABLES             003fd590   000006a0  00000000  000006a0  RWIX
  IQTABLES              003fdf00   00000b50  00000000  00000b50  RWIX
  IQTABLES2             003fea50   0000008c  00000000  0000008c  RWIX
  IQTABLES3             003feadc   000000aa  00000000  000000aa  RWIX
  ROM                   003ff3b0   00000c10  00000000  00000c10  RWIX
  RESET                 003fffc0   00000002  00000000  00000002  RWIX
  VECTORS               003fffc2   0000003e  00000000  0000003e  RWIX

PAGE 1:
  BOOT_RSVD             00000000   00000050  00000000  00000050  RWIX
  RAMM0                 00000050   000003b0  00000380  00000030  RWIX
  RAMM1                 00000400   00000400  00000000  00000400  RWIX
  DEV_EMU               00000880   00000105  00000004  00000101  RWIX
  SYS_PWR_CTL           00000985   00000003  00000003  00000000  RWIX
  FLASH_REGS            00000a80   00000060  00000008  00000058  RWIX
  CSM                   00000ae0   00000020  00000010  00000010  RWIX
  ADC_RESULT            00000b00   00000020  00000010  00000010  RWIX
  CPU_TIMER0            00000c00   00000008  00000008  00000000  RWIX
  CPU_TIMER1            00000c08   00000008  00000008  00000000  RWIX
  CPU_TIMER2            00000c10   00000008  00000008  00000000  RWIX
  PIE_CTRL              00000ce0   00000020  0000001a  00000006  RWIX
  PIE_VECT              00000d00   00000100  00000100  00000000  RWIX
  DMA                   00001000   00000200  000000e0  00000120  RWIX
  CLA1                  00001400   00000080  00000040  00000040  RWIX
  USB0                  00004000   00001000  00000454  00000bac  RWIX
  McBSPA                00005000   00000040  00000024  0000001c  RWIX
  ECANA                 00006000   00000040  00000034  0000000c  RWIX
  ECANA_LAM             00006040   00000040  00000040  00000000  RWIX
  ECANA_MOTS            00006080   00000040  00000040  00000000  RWIX
  ECANA_MOTO            000060c0   00000040  00000040  00000000  RWIX
  ECANA_MBOX            00006100   00000100  00000100  00000000  RWIX
  COMP1                 00006400   00000020  00000014  0000000c  RWIX
  COMP2                 00006420   00000020  00000014  0000000c  RWIX
  COMP3                 00006440   00000020  00000014  0000000c  RWIX
  EPWM1                 00006800   00000040  00000040  00000000  RWIX
  EPWM2                 00006840   00000040  00000040  00000000  RWIX
  EPWM3                 00006880   00000040  00000040  00000000  RWIX
  EPWM4                 000068c0   00000040  00000040  00000000  RWIX
  EPWM5                 00006900   00000040  00000040  00000000  RWIX
  EPWM6                 00006940   00000040  00000040  00000000  RWIX
  EPWM7                 00006980   00000040  00000040  00000000  RWIX
  EPWM8                 000069c0   00000040  00000040  00000000  RWIX
  ECAP1                 00006a00   00000020  00000020  00000000  RWIX
  ECAP2                 00006a20   00000020  00000020  00000000  RWIX
  ECAP3                 00006a40   00000020  00000020  00000000  RWIX
  HRCAP1                00006ac0   00000020  00000020  00000000  RWIX
  HRCAP2                00006ae0   00000020  00000020  00000000  RWIX
  EQEP1                 00006b00   00000040  00000022  0000001e  RWIX
  EQEP2                 00006b40   00000040  00000022  0000001e  RWIX
  HRCAP3                00006c80   00000020  00000020  00000000  RWIX
  HRCAP4                00006ca0   00000020  00000020  00000000  RWIX
  GPIOCTRL              00006f80   00000040  00000040  00000000  RWIX
  GPIODAT               00006fc0   00000020  00000020  00000000  RWIX
  GPIOINT               00006fe0   00000020  00000020  00000000  RWIX
  SYSTEM                00007010   00000030  00000030  00000000  RWIX
  SPIA                  00007040   00000010  00000010  00000000  RWIX
  SCIA                  00007050   00000010  00000010  00000000  RWIX
  NMIINTRUPT            00007060   00000010  00000010  00000000  RWIX
  XINTRUPT              00007070   00000010  00000010  00000000  RWIX
  ADC                   00007100   00000080  00000050  00000030  RWIX
  SPIB                  00007740   00000010  00000010  00000000  RWIX
  SCIB                  00007750   00000010  00000010  00000000  RWIX
  I2CA                  00007900   00000040  00000022  0000001e  RWIX
  RAML2                 00008c00   00000400  00000400  00000000  RWIX
  RAML34                00009000   00003000  00003000  00000000  RWIX
  RAML5                 0000c000   00002000  00001e92  0000016e  RWIX
  RAML6                 0000e000   00002000  00000000  00002000  RWIX
  RAML7                 00010000   00002000  00000000  00002000  RWIX
  RAML8                 00012000   00002000  00000000  00002000  RWIX
  USB_RAM               00040000   00000800  00000000  00000800  RWIX
  PARTID                003d7e80   00000001  00000001  00000000  RWIX
  CSM_PWL               003f7ff8   00000008  00000008  00000000  RWIX


SECTION ALLOCATION MAP

 output                                  attributes/
section   page    origin      length       input sections
--------  ----  ----------  ----------   ----------------
.cinit     0    003f14bb    000007d1     
                  003f14bb    000001e9     CSMON_C28xx.lib : hmmodbus.obj (.cinit)
                  003f16a4    00000173     main.obj (.cinit)
                  003f1817    000000b1     CSMON_C28xx.lib : csmon.obj (.cinit)
                  003f18c8    00000094                     : modbusreg.obj (.cinit)
                  003f195c    00000030                     : csmon.obj (.cinit:_CSMON_au8FileRecorderConfigElementsSizeTable)
                  003f198c    0000002b                     : csmon.obj (.cinit:_CSMON_au8FileScopeConfigurationElementsSizeTable)
                  003f19b7    00000017                     : csmon.obj (.cinit:_CSMON_au8FileRecorderDataElementsSizeTable)
                  003f19ce    00000015                     : csmon.obj (.cinit:_CSMON_sFileAutorization)
                  003f19e3    00000014                     : hmdrv.obj (.cinit)
                  003f19f7    00000014                     : hmprotocol.obj (.cinit)
                  003f1a0b    00000013                     : modbusreg.obj (.cinit:_MODBUSREG_au8DeviceIDUserApplicationName)
                  003f1a1e    00000013                     : modbusreg.obj (.cinit:_MODBUSREG_au8DeviceIDVendorUrl)
                  003f1a31    00000013                     : modbusreg.obj (.cinit:_MODBUSREG_au8ServerIDData)
                  003f1a44    00000013                     : hmrecparam.obj (.cinit:_sRecStatusParam)
                  003f1a57    00000010     rtc_drv.obj (.cinit)
                  003f1a67    0000000f     CSMON_C28xx.lib : csmon.obj (.cinit:_CSMON_sDateTime)
                  003f1a76    0000000f                     : csmon.obj (.cinit:_CSMON_sDateTimeApplication)
                  003f1a85    0000000f                     : csmon.obj (.cinit:_CSMON_sDateTimeDefault)
                  003f1a94    0000000f                     : modbusreg.obj (.cinit:_MODBUSREG_au8DeviceIDModelName)
                  003f1aa3    0000000f     device.obj (.cinit)
                  003f1ab2    0000000e     rts2800_ml.lib : exit.c.obj (.cinit)
                  003f1ac0    0000000d     CSMON_C28xx.lib : csmon.obj (.cinit:_CSMON_au8FileParameterCountElementsSizeTable)
                  003f1acd    0000000d                     : csmon.obj (.cinit:_CSMON_au8FileRTCElementsSizeTable)
                  003f1ada    0000000d                     : csmon.obj (.cinit:_sHashKey)
                  003f1ae7    0000000d     tmr_drv.obj (.cinit)
                  003f1af4    0000000c     CSMON_C28xx.lib : csmon.obj (.cinit:_CSMON_au8FileParameterNumericElementsSizeTable)
                  003f1b00    0000000c                     : modbusreg.obj (.cinit:_MODBUSREG_au8DeviceIDProductName)
                  003f1b0c    0000000c                     : modbusreg.obj (.cinit:_MODBUSREG_au8DeviceIDUserReserve0)
                  003f1b18    0000000c                     : modbusreg.obj (.cinit:_MODBUSREG_au8DeviceIDUserReserve1)
                  003f1b24    0000000c                     : modbusreg.obj (.cinit:_MODBUSREG_au8DeviceIDUserReserve2)
                  003f1b30    0000000c                     : modbusreg.obj (.cinit:_MODBUSREG_au8DeviceIDVendorName)
                  003f1b3c    0000000b                     : hmrecparam.obj (.cinit:_HMRECPRM_sDateTime)
                  003f1b47    0000000b     main.obj (.cinit:_MAIN_sDateTimeGet)
                  003f1b52    0000000b     main.obj (.cinit:_MAIN_sDateTimeSet)
                  003f1b5d    0000000b     uart_driver.obj (.cinit:_UART_DRV_RXIntOverflowCounter)
                  003f1b68    0000000b     uart_driver.obj (.cinit:_UART_DRV_u32TimeDiffLast)
                  003f1b73    0000000b     uart_driver.obj (.cinit:_UART_DRV_u32TimeDiffNow)
                  003f1b7e    0000000b     CSMON_C28xx.lib : uart_drv.obj (.cinit:_UART_RXIntOverflowCounter)
                  003f1b89    0000000b     tmr_drv.obj (.cinit:_pfDelayedFunction)
                  003f1b94    0000000b     tmr_drv.obj (.cinit:_pfDelayedFunction_u8)
                  003f1b9f    0000000b     CSMON_C28xx.lib : hmrecparam.obj (.cinit:_sRecStatusParamInternal)
                  003f1baa    0000000b                     : uart_drv.obj (.cinit:_u32TimeDiffLast)
                  003f1bb5    0000000b                     : uart_drv.obj (.cinit:_u32TimeDiffNow)
                  003f1bc0    0000000b                     : uart_drv.obj (.cinit:_u32TimeDiffRead)
                  003f1bcb    00000009                     : hmserial.obj (.cinit)
                  003f1bd4    00000009                     : csmon.obj (.cinit:_CSMON_au32FileAutorization_FunctionAfterWriteFileRecord)
                  003f1bdd    00000009                     : csmon.obj (.cinit:_CSMON_sFileParameterCount)
                  003f1be6    00000008                     : hmlib.obj (.cinit)
                  003f1bee    00000007                     : csmon.obj (.cinit:_CSMON_au8FileParameterListElementsSizeTablePart1)
                  003f1bf5    00000007                     : csmon.obj (.cinit:_CSMON_au8FileRecorderStatusElementsSizeTable)
                  003f1bfc    00000007                     : modbusreg.obj (.cinit:_MODBUSREG_au8DeviceIDMajorMinorRevision)
                  003f1c03    00000007                     : modbusreg.obj (.cinit:_MODBUSREG_au8DeviceIDProductCode)
                  003f1c0a    00000007                     : uart_drv.obj (.cinit:_UARTRxBufferRDCount)
                  003f1c11    00000007                     : uart_drv.obj (.cinit:_UARTRxBufferRDIndex)
                  003f1c18    00000007                     : uart_drv.obj (.cinit:_UARTRxBufferWRCount)
                  003f1c1f    00000007                     : uart_drv.obj (.cinit:_UARTRxBufferWRIndex)
                  003f1c26    00000007     uart_driver.obj (.cinit:_UART_DRV_RxBufferRDCount)
                  003f1c2d    00000007     uart_driver.obj (.cinit:_UART_DRV_RxBufferWRCount)
                  003f1c34    00000007     uart_driver.obj (.cinit:_UART_DRV_RxBufferWRIndex)
                  003f1c3b    00000006     CSMON_C28xx.lib : csmon.obj (.cinit:_CSMON_abFileAutorization_RecordReadOnly)
                  003f1c41    00000006                     : csmon.obj (.cinit:_CSMON_abFileAutorization_RecordStringData)
                  003f1c47    00000006                     : csmon.obj (.cinit:_CSMON_au16FileAutorization_RecordOffsets)
                  003f1c4d    00000006                     : csmon.obj (.cinit:_CSMON_sFileProtocolVersion)
                  003f1c53    00000005     rts2800_ml.lib : _lock.c.obj (.cinit:__lock)
                  003f1c58    00000005                    : _lock.c.obj (.cinit:__unlock)
                  003f1c5d    00000005     CSMON_C28xx.lib : hmscopeparam.obj (.cinit:_pBufferScope)
                  003f1c62    00000004                     : hmscopeparam.obj (.cinit)
                  003f1c66    00000004                     : uart_drv.obj (.cinit)
                  003f1c6a    00000004                     : csmon.obj (.cinit:_CSMON_au8FileParameterListElementsSizeTablePart2)
                  003f1c6e    00000004                     : csmon.obj (.cinit:_CSMON_au8FileParameterListElementsSizeTablePart3)
                  003f1c72    00000004                     : csmon.obj (.cinit:_CSMON_au8FileRecorderDataElementsSizeTableUsedLength)
                  003f1c76    00000004                     : csmon.obj (.cinit:_CSMON_au8FileScopeStatusElementsSizeTable)
                  003f1c7a    00000004                     : csmon.obj (.cinit:_CSMON_sFileParameterAccessList)
                  003f1c7e    00000004                     : hmmodbus.obj (.cinit:_HMMODBUS_u32RegisterAddressDummyuSize)
                  003f1c82    00000004                     : modbusreg.obj (.cinit:_MODBUSREG_asFileTable)
                  003f1c86    00000004     rts2800_ml.lib : errno.c.obj (.cinit)
                  003f1c8a    00000002     --HOLE-- [fill = 0]

.pinit     0    003e8000    00000000     UNINITIALIZED

.text      0    003e8000    00006179     
                  003e8000    00001328     CSMON_C28xx.lib : hmmodbus.obj (.text:_HMMODBUS_bDecoder)
                  003e9328    000006df                     : modbusreg.obj (.text:_MODBUSREG_AddressTablesInit)
                  003e9a07    00000698     rts2800_ml.lib : k_rem_pio2.c.obj (.text)
                  003ea09f    000002a4     CSMON_C28xx.lib : csmon.obj (.text:_CSMON_eSetParameter)
                  003ea343    000001ac     main.obj (.text:_main)
                  003ea4ef    0000017f     CSMON_C28xx.lib : csmon.obj (.text:_CSMON_eSetUpRecParam)
                  003ea66e    00000165                     : csmon.obj (.text:_CSMON_eProcess)
                  003ea7d3    00000146                     : hmmodbus.obj (.text:_HMMODBUS_Rx)
                  003ea919    0000011b                     : hmmodbus.obj (.text:_HMMODBUS_vSetFreeRunTimerPrescaller)
                  003eaa34    00000114     rts2800_ml.lib : s_sinf.c.obj (.text)
                  003eab48    00000107                    : ll_div28.asm.obj (.text)
                  003eac4f    000000f5     CSMON_C28xx.lib : hmdrv.obj (.text:_HMDRV_vInit)
                  003ead44    000000f1                     : csmon.obj (.text:_CSMON_vFileRecoderStatusFix)
                  003eae35    000000e9                     : hmprotocol.obj (.text:_HMPROTOCOL_bDecoder)
                  003eaf1e    000000e8                     : hmrecparam.obj (.text:_HMRECPRM_vProcess)
                  003eb006    000000e8     rts2800_ml.lib : s_floor.c.obj (.text)
                  003eb0ee    000000e4     main.obj (.text:_ControlProcess)
                  003eb1d2    000000dd     CSMON_C28xx.lib : csmon.obj (.text:_CSMON_eInit)
                  003eb2af    000000c0                     : csmon.obj (.text:_CSMON_vSetupHoldingRegistersAndCoilsAddressTableFromCSMONParameterList)
                  003eb36f    000000bc                     : hmrecparam.obj (.text:_HMRECPRM_SetUpRec)
                  003eb42b    000000b8                     : hmrec.obj (.text:_HMREC_SetUpRec)
                  003eb4e3    000000aa                     : hmdrv.obj (.text:_HMDRV_CopyFromBufferInternalModbusBitField)
                  003eb58d    000000aa     rts2800_ml.lib : s_scalbn.c.obj (.text)
                  003eb637    000000a7                    : e_rem_pio2f.c.obj (.text)
                  003eb6de    000000a3     tmr_drv.obj (.text:_TMR2_ISR)
                  003eb781    0000009c     rts2800_ml.lib : fd_add28.asm.obj (.text)
                  003eb81d    0000009b     CSMON_C28xx.lib : hmmodbus.obj (.text:_HMMODBUS_GetRealRegisterAddressAndSize)
                  003eb8b8    00000099     main.obj (.text:_RecordersInitialization)
                  003eb951    00000096     main.obj (.text:_ParameterInitialization)
                  003eb9e7    00000092     CSMON_C28xx.lib : hmdrv.obj (.text:_HMDRV_CopyMemory)
                  003eba79    00000092                     : hmdrv.obj (.text:_HMDRV_CopyToBufferInternalModbus)
                  003ebb0b    00000092     rts2800_ml.lib : k_sinf.c.obj (.text)
                  003ebb9d    00000090     CSMON_C28xx.lib : csmon.obj (.text:_CSMON_vSetDateTimeAutorization)
                  003ebc2d    0000008b     rts2800_ml.lib : fd_div28.asm.obj (.text)
                  003ebcb8    00000087     CSMON_C28xx.lib : hmrecparam.obj (.text:_HMRECPRM_SetUpRecParamStatusDateTime)
                  003ebd3f    00000087     rts2800_ml.lib : k_cosf.c.obj (.text)
                  003ebdc6    00000083     CSMON_C28xx.lib : hmdrv.obj (.text:_HMDRV_CopyFromBufferInternalModbus)
                  003ebe49    00000083     rts2800_ml.lib : fd_mpy28.asm.obj (.text)
                  003ebecc    00000083                    : fs_div28.asm.obj (.text)
                  003ebf4f    00000081     CSMON_C28xx.lib : csmon.obj (.text:_CSMON_vPrepareFileParameterAccessList)
                  003ebfd0    0000007f                     : hmserial.obj (.text:_HMSERIAL_vProcessSCI)
                  003ec04f    00000078     rts2800_ml.lib : fs_add28.asm.obj (.text)
                  003ec0c7    0000006a     CSMON_C28xx.lib : hmserial.obj (.text:_HMSERIAL_Rx)
                  003ec131    00000068                     : hmprotocol.obj (.text:_HMPROTOCOL_GetBoardInfo)
                  003ec199    00000067                     : hmmodbus.obj (.text:_HMMODBUS_CopyFromBuffer)
                  003ec200    00000066                     : hmmodbus.obj (.text:_HMMODBUS_vProcessSCI)
                  003ec266    00000064                     : hmrec.obj (.text:_HMREC_vProcess)
                  003ec2ca    00000064                     : modbusreg.obj (.text:_MODBUSREG_vInit)
                  003ec32e    0000005f     F2806x_SysCtrl.obj (.text:_InitPeripheralClocks)
                  003ec38d    0000005d     CSMON_C28xx.lib : uart_drv.obj (.text:_UART_RXInterrupt)
                  003ec3ea    0000005a     gpio.obj (.text:_GPIO_setPinConfigOutput)
                  003ec444    0000005a     rts2800_ml.lib : fs_mpy28.asm.obj (.text)
                  003ec49e    00000059     CSMON_C28xx.lib : csmon.obj (.text:_CSMON_vUpdateDateTimeFromApplication)
                  003ec4f7    00000059                     : hmmodbus.obj (.text:_vSetElementsSize)
                  003ec550    00000057                     : csmon.obj (.text:_CSMON_bCheckValidDateTime)
                  003ec5a7    00000057     uart_driver.obj (.text:_UART_DRV_RXInterrupt)
                  003ec5fe    00000055     CSMON_C28xx.lib : modbusreg.obj (.text:_MODBUSREG_FileRecorderExternalUpdateInit)
                  003ec653    00000054     rts2800_ml.lib : boot28.asm.obj (.text)
                  003ec6a7    00000051     F2806x_SysCtrl.obj (.text:_InitPll)
                  003ec6f8    0000004f     device.obj (.text:_Device_CsmUnlock)
                  003ec747    0000004e     CSMON_C28xx.lib : hmrecparam.obj (.text:_HMRECPRM_StartRecParam)
                  003ec795    0000004c                     : hmmodbus.obj (.text:_HMMODBUS_GetRegisterFunction)
                  003ec7e1    0000004c                     : hmrecparam.obj (.text:_HMRECPRM_vTimeSync)
                  003ec82d    00000047                     : csmon.obj (.text:_CSMON_eSetRecorderTriggerAtPosition)
                  003ec874    00000047                     : hmmodbus.obj (.text:_HMMODBUS_CopyToBuffer)
                  003ec8bb    00000047                     : hmscopeparam.obj (.text:_HMSCOPEPRM_SetUpScope)
                  003ec902    00000043                     : hmscopeparam.obj (.text:_HMSCOPEPRM_ReadScope)
                  003ec945    00000042                     : hmmodbus.obj (.text:_HMMODBUS_vSendResponse)
                  003ec987    00000042     interrupt.obj (.text:_Interrupt_enable)
                  003ec9c9    0000003f     CSMON_C28xx.lib : hmdrv.obj (.text:_HMDRV_CopyFromBufferInternal)
                  003eca08    0000003d                     : hmmodbus.obj (.text:_vSetStartSampleIndex)
                  003eca45    0000003c     tmr_drv.obj (.text:_configCPUTimer)
                  003eca81    0000003b     CSMON_C28xx.lib : hmscope.obj (.text:_HMSCOPE_SetUpScope)
                  003ecabc    00000038                     : csmon.obj (.text:_CSMON_eSetRecorderConfigurationSkipSamples)
                  003ecaf4    00000038     device.obj (.text:_Device_init)
                  003ecb2c    00000038     CSMON_C28xx.lib : uart_drv.obj (.text:_UART_ReadDataRx)
                  003ecb64    00000037                     : csmon.obj (.text:_CSMON_u32GetRealAddressAndSizeOffsetFromParameter)
                  003ecb9b    00000036                     : csmon.obj (.text:_CSMON_vRecorderParamStartStopProcess)
                  003ecbd1    00000036                     : hmscope.obj (.text:_HMSCOPE_ReadScope)
                  003ecc07    00000036                     : hmserial.obj (.text:_HMSERIAL_vSendResponse)
                  003ecc3d    00000035                     : hmdrv.obj (.text:_HMDRV_CopyToBufferInternal)
                  003ecc72    00000033                     : hmmodbus.obj (.text:_HMMODBUS_Listen)
                  003ecca5    00000032                     : csmon.obj (.text:_CSMON_eSetParameterInRecorderAtPosition)
                  003eccd7    00000032                     : csmon.obj (.text:_CSMON_eSetParameterInScopeAtPosition)
                  003ecd09    00000031     main.obj (.text:_ExternalParametersInitialization)
                  003ecd3a    0000002e     CSMON_C28xx.lib : hmserial.obj (.text:_HMSERIAL_vProcessSCIFreemasterOnly)
                  003ecd68    0000002d                     : csmon.obj (.text:_CSMON_vInitRecorders)
                  003ecd95    0000002d                     : hmserial.obj (.text:_HMSERIAL_Listen)
                  003ecdc2    0000002d                     : hmrecparam.obj (.text:_RecorderTimeFromLocalDateTime)
                  003ecdef    0000002b                     : csmon.obj (.text:_CSMON_vSetupHoldingRegistersAndCoilsAddressTableAccessAll)
                  003ece1a    0000002b                     : hmrecparam.obj (.text:_FillTimeData)
                  003ece45    0000002a     rts2800_ml.lib : fd_cmp28.asm.obj (.text)
                  003ece6f    00000029                    : exit.c.obj (.text)
                  003ece98    00000029                    : fs_tol28.asm.obj (.text)
                  003ecec1    00000028     CSMON_C28xx.lib : csmon.obj (.text:_CSMON_bAutorizationPasswordCheck)
                  003ecee9    00000028     main.obj (.text:_ScopesInitialization)
                  003ecf11    00000027     CSMON_C28xx.lib : csmon.obj (.text:_CSMON_u32GetParameterCheckSum)
                  003ecf38    00000027                     : hmserial.obj (.text:_HMSERIAL_vProcessSCITXISR)
                  003ecf5f    00000026                     : hmdrv.obj (.text:_HMDRV_CopyFromBufferInternalWithMaskModbus)
                  003ecf85    00000026                     : modbusreg.obj (.text:_MODBUSREG_vInitHoldingRegistersTableChangesExternalList)
                  003ecfab    00000025                     : hmserial.obj (.text:_HMSERIAL_Tx)
                  003ecfd0    00000025     rts2800_ml.lib : fs_toi28.asm.obj (.text)
                  003ecff5    00000024     CSMON_C28xx.lib : csmon.obj (.text:_CSMON_vAutorizationReset)
                  003ed019    00000024                     : hmprotocol.obj (.text:_HMPROTOCOL_ReadMem)
                  003ed03d    00000024                     : hmrecparam.obj (.text:_RecorderDateFromLocalDateTime)
                  003ed061    00000024     sci_driver.obj (.text:_SCIA_DRV_RXFIFOISR)
                  003ed085    00000024     sci_driver.obj (.text:_SCIA_DRV_TXFIFOISR)
                  003ed0a9    00000024     sci_drv.obj (.text:_SCIA_RXFIFOISR)
                  003ed0cd    00000024     sci_drv.obj (.text:_SCIA_TXFIFOISR)
                  003ed0f1    00000024     sci_driver.obj (.text:_SCIB_DRV_RXFIFOISR)
                  003ed115    00000024     sci_driver.obj (.text:_SCIB_DRV_TXFIFOISR)
                  003ed139    00000024     sci_drv.obj (.text:_SCIB_RXFIFOISR)
                  003ed15d    00000024     sci_drv.obj (.text:_SCIB_TXFIFOISR)
                  003ed181    00000024     tmr_drv.obj (.text:_TMR_vInit)
                  003ed1a5    00000024     CSMON_C28xx.lib : hmmodbus.obj (.text:_vSetSampleCountAvailable)
                  003ed1c9    00000024     rts2800_ml.lib : cpy_tbl.c.obj (.text)
                  003ed1ed    00000023     CSMON_C28xx.lib : csmon.obj (.text:_CSMON_vRecorderParamSetupProcess)
                  003ed210    00000023                     : hmlib.obj (.text:_HMLIB_vInit)
                  003ed233    00000023                     : modbusreg.obj (.text:_MODBUSREG_FileRecorderElementSizeTableUsedSizeUpdateInit)
                  003ed256    00000023     rts2800_ml.lib : s_copysign.c.obj (.text)
                  003ed279    00000022                    : i_div28.asm.obj (.text)
                  003ed29b    00000021     CSMON_C28xx.lib : hmdrv.obj (.text:_HMDRV_CopyFromBufferInternalWithMask)
                  003ed2bc    00000021     sci.obj (.text:_SCI_setConfig)
                  003ed2dd    00000021     rts2800_ml.lib : fd_tofs28.asm.obj (.text)
                  003ed2fe    00000021                    : fs_toul28.asm.obj (.text)
                  003ed31f    00000020     CSMON_C28xx.lib : hmdrv.obj (.text:_HMDRV_vProcess)
                  003ed33f    00000020     tmr_drv.obj (.text:_TMR_vInitCPUTimers)
                  003ed35f    00000020     CSMON_C28xx.lib : hmmodbus.obj (.text:_vSetSampleCountBuffer)
                  003ed37f    0000001f                     : csmon.obj (.text:_CSMON_u16FindIndexParameterTable)
                  003ed39e    0000001f                     : hmmodbus.obj (.text:_HMMODBUS_vInit)
                  003ed3bd    0000001f     F2806x_PieCtrl.obj (.text:_InitPieCtrl)
                  003ed3dc    0000001f     CSMON_C28xx.lib : hmmodbus.obj (.text:_vSetSampleSize)
                  003ed3fb    0000001f     rts2800_ml.lib : fd_tol28.asm.obj (.text)
                  003ed41a    0000001d     CSMON_C28xx.lib : hmrecparam.obj (.text:_HMRECPRM_GetRecBuffFreemaster)
                  003ed437    0000001d                     : hmrec.obj (.text:_HMREC_GetRecBuffFreemaster)
                  003ed454    0000001d     rts2800_ml.lib : fs_tou28.asm.obj (.text)
                  003ed471    0000001d                    : memcpy.c.obj (.text)
                  003ed48e    0000001c     main.obj (.text:_CSMON_vGetDateTime)
                  003ed4aa    0000001c     CSMON_C28xx.lib : csmon.obj (.text:_HMRECPRM_vGetDateTime)
                  003ed4c6    0000001c     sci.obj (.text:_SCI_clearInterruptStatus)
                  003ed4e2    0000001c     CSMON_C28xx.lib : hmmodbus.obj (.text:_vSetIndexFileTable)
                  003ed4fe    0000001c     rts2800_ml.lib : fs_tofd28.asm.obj (.text)
                  003ed51a    0000001c                    : l_tofd28.asm.obj (.text)
                  003ed536    0000001b     device.obj (.text:_Device_initGPIO)
                  003ed551    0000001b     CSMON_C28xx.lib : hmdrv.obj (.text:_HMDRV_AddressToBuffer)
                  003ed56c    0000001b     rts2800_ml.lib : fd_toul28.asm.obj (.text)
                  003ed587    0000001a     CSMON_C28xx.lib : csmon.obj (.text:_CSMON_eSetParameterListRealAddress)
                  003ed5a1    0000001a                     : hmmodbus.obj (.text:_HMMODBUS_vProcessSCITXISR)
                  003ed5bb    0000001a                     : hmrecparam.obj (.text:_HMRECPRM_StartRec)
                  003ed5d5    0000001a                     : hmserial.obj (.text:_HMSERIAL_vProcessSCITXISRFreemasterOnly)
                  003ed5ef    0000001a     sci.obj (.text:_SCI_disableInterrupt)
                  003ed609    0000001a     sci.obj (.text:_SCI_enableInterrupt)
                  003ed623    0000001a     rts2800_ml.lib : l_tofs28.asm.obj (.text)
                  003ed63d    00000019     CSMON_C28xx.lib : csmon.obj (.text:_CSMON_eSetParameterCountInRecorder)
                  003ed656    00000019                     : hmdrv.obj (.text:_HMDRV_AddressFromBuffer)
                  003ed66f    00000019                     : uart_drv.obj (.text:_UART_vInit)
                  003ed688    00000019                     : hmmodbus.obj (.text:_bGetFileReadAccess)
                  003ed6a1    00000019     rts2800_ml.lib : prolog28.asm.obj (.text)
                  003ed6ba    00000018     CSMON_C28xx.lib : csmon.obj (.text:_CSMON_u32GetFreeRunningTimerMicroseconds)
                  003ed6d2    00000018                     : hmlib.obj (.text:_HMLIB_vProcessSCITXISRWithIndex)
                  003ed6ea    00000018     F2806x_SysCtrl.obj (.text:_InitSysCtrl)
                  003ed702    00000018     rts2800_ml.lib : ll_aox28.asm.obj (.text)
                  003ed71a    00000017     CSMON_C28xx.lib : csmon.obj (.text:_CSMON_vSaveRecorderConfig)
                  003ed731    00000017                     : hmmodbus.obj (.text:_HMMODBUS_Tx)
                  003ed748    00000017                     : hmmodbus.obj (.text:_HMMODBUS_vProcessTxDelay)
                  003ed75f    00000017                     : hmprotocol.obj (.text:_HMPROTOCOL_WriteMem)
                  003ed776    00000017                     : hmprotocol.obj (.text:_HMPROTOCOL_WriteMemMask)
                  003ed78d    00000017                     : hmmodbus.obj (.text:_vSetBufferAddressStart)
                  003ed7a4    00000017     rts2800_ml.lib : fs_cmp28.asm.obj (.text)
                  003ed7bb    00000017                    : u_tofd28.asm.obj (.text)
                  003ed7d2    00000016     CSMON_C28xx.lib : csmon.obj (.text:_CSMON_eSetParameterCountInScope)
                  003ed7e8    00000016                     : hmdrv.obj (.text:_HMDRV_AddressFromBufferBigEndian)
                  003ed7fe    00000015                     : hmrecparam.obj (.text:_HMRECPRM_Comparefloat)
                  003ed813    00000015                     : hmrec.obj (.text:_HMREC_Comparefloat)
                  003ed828    00000015                     : hmrec.obj (.text:_HMREC_StartRec)
                  003ed83d    00000015     F2806x_Gpio.obj (.text:_InitGpio)
                  003ed852    00000014     CSMON_C28xx.lib : csmon.obj (.text:_CSMON_vFileParameterCountCheckSumUpdate)
                  003ed866    00000014                     : hmlib.obj (.text:_HMLIB_vProcessFastTD)
                  003ed87a    00000014                     : hmmodbus.obj (.text:_HMMODBUS_DelayedTx)
                  003ed88e    00000014                     : hmrecparam.obj (.text:_HMRECPRM_StopRecParam)
                  003ed8a2    00000014                     : hmserial.obj (.text:_HMSERIAL_DelayedTx)
                  003ed8b6    00000013                     : csmon.obj (.text:_CSMON_eSetFlagProcessPassed)
                  003ed8c9    00000013     rts2800_ml.lib : ul_tofs28.asm.obj (.text)
                  003ed8dc    00000012     CSMON_C28xx.lib : hmdrv.obj (.text:_HMDRV_GetStringLengthFromWordInternal)
                  003ed8ee    00000012                     : hmmodbus.obj (.text:_HMMODBUS_vSetupRegisterDummy)
                  003ed900    00000012                     : hmrecparam.obj (.text:_HMRECPRM_CompareBOOL)
                  003ed912    00000012                     : modbusreg.obj (.text:_MODBUSREG_FileShortNameElementSizeandAddressUpdateInit)
                  003ed924    00000012                     : modbusreg.obj (.text:_MODBUSREG_vFileDenyAccess)
                  003ed936    00000012                     : uart_drv.obj (.text:_UART_TxIntDis)
                  003ed948    00000012                     : uart_drv.obj (.text:_UART_TxIntEna)
                  003ed95a    00000011     main.obj (.text:_CSMON_vSetDateTime)
                  003ed96b    00000011     CSMON_C28xx.lib : hmserial.obj (.text:_HMSERIAL_vInit)
                  003ed97c    00000011     F2806x_PieVect.obj (.text:_InitPieVectTable)
                  003ed98d    00000011     main.obj (.text:_vSetWatchdogPrescalerTimeDiv)
                  003ed99e    00000011     rts2800_ml.lib : args_main.c.obj (.text)
                  003ed9af    00000010     device.obj (.text:_Example_MemCopy)
                  003ed9bf    00000010     F2806x_SysCtrl.obj (.text:_IntOsc1Sel)
                  003ed9cf    00000010     CSMON_C28xx.lib : hmmodbus.obj (.text:_bIsValidEndAddressInBuffer)
                  003ed9df    00000010                     : hmmodbus.obj (.text:_u32BytesMemoryToBytesModbus)
                  003ed9ef    00000010                     : hmmodbus.obj (.text:_u32BytesModbusToBytesMemory)
                  003ed9ff    00000010     main.obj (.text:_vGetWatchdogPrescaler)
                  003eda0f    00000010     rts2800_ml.lib : u_tofs28.asm.obj (.text)
                  003eda1f    0000000f     CSMON_C28xx.lib : hmmodbus.obj (.text:_HMMODBUS_CalcCRC)
                  003eda2e    0000000f                     : uart_drv.obj (.text:_UART_IsTxEmpty)
                  003eda3d    0000000e                     : hmdrv.obj (.text:_HMDRV_GetStringLengthInternal)
                  003eda4b    0000000e                     : hmrecparam.obj (.text:_HMRECPRM_Compare16S)
                  003eda59    0000000e                     : hmrecparam.obj (.text:_HMRECPRM_Compare16U)
                  003eda67    0000000e                     : hmrecparam.obj (.text:_HMRECPRM_Compare32S)
                  003eda75    0000000e                     : hmrecparam.obj (.text:_HMRECPRM_Compare32U)
                  003eda83    0000000e                     : hmrecparam.obj (.text:_HMRECPRM_Compare8S)
                  003eda91    0000000e                     : hmrecparam.obj (.text:_HMRECPRM_Compare8U)
                  003eda9f    0000000e                     : hmrec.obj (.text:_HMREC_Compare16S)
                  003edaad    0000000e                     : hmrec.obj (.text:_HMREC_Compare16U)
                  003edabb    0000000e                     : hmrec.obj (.text:_HMREC_Compare32S)
                  003edac9    0000000e                     : hmrec.obj (.text:_HMREC_Compare32U)
                  003edad7    0000000e                     : hmrec.obj (.text:_HMREC_Compare8S)
                  003edae5    0000000e                     : hmrec.obj (.text:_HMREC_Compare8U)
                  003edaf3    0000000e                     : hmmodbus.obj (.text:_u32FitAddressCircleBufferInside)
                  003edb01    0000000e     rts2800_ml.lib : fd_sub28.asm.obj (.text)
                  003edb0f    0000000d     CSMON_C28xx.lib : csmon.obj (.text:_CSMON_eResetParameterTable)
                  003edb1c    0000000d                     : csmon.obj (.text:_CSMON_vInitHoldingRegistersTableChanges)
                  003edb29    0000000d                     : hmrecparam.obj (.text:_HMRECPRM_IsJustStopped)
                  003edb36    0000000d                     : hmrecparam.obj (.text:_HMRECPRM_StopRec)
                  003edb43    0000000d                     : hmrec.obj (.text:_HMREC_StopRec)
                  003edb50    0000000d                     : modbusreg.obj (.text:_MODBUSREG_vFileAllowAccess)
                  003edb5d    0000000d     tmr_drv.obj (.text:_TIMER_vSetupTimerMainFunctionDelayCompare)
                  003edb6a    0000000d     CSMON_C28xx.lib : uart_drv.obj (.text:_UART_ReadDataRxAvailable)
                  003edb77    0000000c                     : hmlib.obj (.text:_HMLIB_vProcess)
                  003edb83    0000000c                     : hmrecparam.obj (.text:_HMRECPRM_GetBufferRecParamPtrAddress)
                  003edb8f    0000000c                     : hmrecparam.obj (.text:_HMRECPRM_TriggerRec)
                  003edb9b    0000000c                     : hmmodbus.obj (.text:_u32FixAddressCircleBufferOverflow)
                  003edba7    0000000c     rts2800_ml.lib : epilog28.asm.obj (.text)
                  003edbb3    0000000b     CSMON_C28xx.lib : hmmodbus.obj (.text:_HMMODBUS_vProcessFastTD)
                  003edbbe    0000000b                     : hmrecparam.obj (.text:_HMRECPRM_IsRunning)
                  003edbc9    0000000b                     : hmserial.obj (.text:_HMSERIAL_vProcessFastTD)
                  003edbd4    0000000b                     : modbusreg.obj (.text:_MODBUSREG_vDataZero)
                  003edbdf    0000000b     sci_driver.obj (.text:_SCI_DRV_eGetModuleIndexFromBase)
                  003edbea    0000000b     sci_drv.obj (.text:_SCI_eGetModuleIndexFromBase)
                  003edbf5    0000000b     CSMON_C28xx.lib : uart_drv.obj (.text:_UART_TxDis)
                  003edc00    0000000b                     : uart_drv.obj (.text:_UART_TxEna)
                  003edc0b    0000000b                     : hmmodbus.obj (.text:_bIsValidIndexFileTable)
                  003edc16    0000000b     rts2800_ml.lib : u_div28.asm.obj (.text)
                  003edc21    0000000a     CSMON_C28xx.lib : hmrecparam.obj (.text:_HMRECPRM_ClrLastStopDetectionToRecorderStopSamplesCounter)
                  003edc2b    0000000a                     : hmrecparam.obj (.text:_HMRECPRM_GetRecStatus)
                  003edc35    0000000a                     : hmrec.obj (.text:_HMREC_GetRecStatus)
                  003edc3f    00000009                     : csmon.obj (.text:_CSMON_eSetParameterListParameterID)
                  003edc48    00000009                     : csmon.obj (.text:_CSMON_eSetParameterListRegisterFlags)
                  003edc51    00000009                     : csmon.obj (.text:_CSMON_eSetParameterListRegisterSize)
                  003edc5a    00000009                     : csmon.obj (.text:_CSMON_eSetParameterListShortNaming)
                  003edc63    00000009                     : csmon.obj (.text:_CSMON_eSetServerOnStatus)
                  003edc6c    00000009                     : hmlib.obj (.text:_HMLIB_vInitRecParamBuff)
                  003edc75    00000009                     : hmmodbus.obj (.text:_HMMODBUS_vProcessFreeTimer)
                  003edc7e    00000009                     : hmmodbus.obj (.text:_HMMODBUS_vProcessRxDelay)
                  003edc87    00000009                     : hmrecparam.obj (.text:_HMRECPRM_GetExternBufferRecParamLastPointedAddress)
                  003edc90    00000009                     : hmrecparam.obj (.text:_HMRECPRM_GetExternBufferRecParamPtrAddress)
                  003edc99    00000009                     : hmrec.obj (.text:_HMREC_TriggerRec)
                  003edca2    00000009                     : hmscopeparam.obj (.text:_HMSCOPEPRM_GetBufferScopeParamAddress)
                  003edcab    00000009                     : hmserial.obj (.text:_HMSERIAL_vProcessFreeTimer)
                  003edcb4    00000009     tmr_drv.obj (.text:_TIMER_vResetTimerMainFunctionDelayCounter)
                  003edcbd    00000009     tmr_drv.obj (.text:_TIMER_vSetupTimerMainDelayedFunctionSendData)
                  003edcc6    00000009     CSMON_C28xx.lib : uart_drv.obj (.text:_UART_PutChar)
                  003edccf    00000009                     : uart_drv.obj (.text:_UART_ReadDataRxTimeDiff)
                  003edcd8    00000009     rts2800_ml.lib : _lock.c.obj (.text)
                  003edce1    00000009                    : fd_neg28.asm.obj (.text)
                  003edcea    00000008     Example_Flash2806x_CsmKeys.obj (.text)
                  003edcf2    00000008     F2806x_CodeStartBranch.obj (.text)
                  003edcfa    00000008     F2806x_SysCtrl.obj (.text:_DisableDog)
                  003edd02    00000008     CSMON_C28xx.lib : hmdrv.obj (.text:_HMDRV_CopyFromBufferWithMaskModbus)
                  003edd0a    00000008                     : hmmodbus.obj (.text:_HMMODBUS_vSetupHoldingRegistersProcessFuncTable)
                  003edd12    00000008                     : hmmodbus.obj (.text:_HMMODBUS_vSetupHoldingRegistersRealAddressTable)
                  003edd1a    00000008                     : hmmodbus.obj (.text:_HMMODBUS_vSetupHoldingRegistersRegisterFlagsTable)
                  003edd22    00000008                     : hmmodbus.obj (.text:_HMMODBUS_vSetupHoldingRegistersRegisterSizeTable)
                  003edd2a    00000008                     : hmmodbus.obj (.text:_HMMODBUS_vSetupHoldingRegistersVirtAddressTable)
                  003edd32    00000008                     : hmrecparam.obj (.text:_HMRECPRM_GetExternRecParamAddress)
                  003edd3a    00000008                     : hmrecparam.obj (.text:_HMRECPRM_GetExternRecParamPtrMaximumUsedSampleCount)
                  003edd42    00000008                     : hmrecparam.obj (.text:_HMRECPRM_GetExternRecParamPtrSampleSize)
                  003edd4a    00000008                     : hmrecparam.obj (.text:_HMRECPRM_GetRecParamPtrAvailableSampleCount)
                  003edd52    00000008                     : hmrecparam.obj (.text:_HMRECPRM_GetRecParamPtrLastSampleIndex)
                  003edd5a    00000008                     : hmrecparam.obj (.text:_HMRECPRM_GetRecParamPtrMaximumUsedSampleCount)
                  003edd62    00000008                     : hmrecparam.obj (.text:_HMRECPRM_GetRecParamPtrSampleSize)
                  003edd6a    00000008                     : hmrecparam.obj (.text:_HMRECPRM_GetStatusRecParamAddress)
                  003edd72    00000008                     : hmrecparam.obj (.text:_HMRECPRM_vInit)
                  003edd7a    00000008                     : hmrec.obj (.text:_HMREC_vInit)
                  003edd82    00000007     F2806x_DisInt.obj (.text)
                  003edd89    00000007     CSMON_C28xx.lib : hmlib.obj (.text:_HMLIB_vProcessDifferentPorts)
                  003edd90    00000007                     : hmlib.obj (.text:_HMLIB_vProcessRecorders)
                  003edd97    00000007                     : hmrecparam.obj (.text:_HMRECPRM_vResetAllStopDetections)
                  003edd9e    00000007                     : hmscopeparam.obj (.text:_HMSCOPEPRM_GetStatusScopeParamAddress)
                  003edda5    00000007                     : modbusreg.obj (.text:_MODBUSREG_vInitHoldingRegistersTableChanges)
                  003eddac    00000007     sci_driver.obj (.text:_SCI_DRV_u32GetBaseFromModuleIndex)
                  003eddb3    00000007     sci_drv.obj (.text:_SCI_u32GetBaseFromModuleIndex)
                  003eddba    00000006     cputimer.obj (.text:_CPUTimer_setEmulationMode)
                  003eddc0    00000006     CSMON_C28xx.lib : hmrecparam.obj (.text:_HMRECPRM_SetUpRecBuff)
                  003eddc6    00000006                     : hmrec.obj (.text:_HMREC_SetUpRecBuff)
                  003eddcc    00000006     tmr_drv.obj (.text:_TIMER_u16ResetTimerMainPeriod)
                  003eddd2    00000006     uart_driver.obj (.text:_UART_DRV_GetChar)
                  003eddd8    00000006     CSMON_C28xx.lib : uart_drv.obj (.text:_UART_GetChar)
                  003eddde    00000005     F2806x_DefaultIsr.obj (.text:_ADCINT1_ISR)
                  003edde3    00000005     F2806x_DefaultIsr.obj (.text:_ADCINT2_ISR)
                  003edde8    00000005     F2806x_DefaultIsr.obj (.text:_ADCINT3_ISR)
                  003edded    00000005     F2806x_DefaultIsr.obj (.text:_ADCINT4_ISR)
                  003eddf2    00000005     F2806x_DefaultIsr.obj (.text:_ADCINT5_ISR)
                  003eddf7    00000005     F2806x_DefaultIsr.obj (.text:_ADCINT6_ISR)
                  003eddfc    00000005     F2806x_DefaultIsr.obj (.text:_ADCINT7_ISR)
                  003ede01    00000005     F2806x_DefaultIsr.obj (.text:_ADCINT8_ISR)
                  003ede06    00000005     F2806x_DefaultIsr.obj (.text:_ADCINT9_ISR)
                  003ede0b    00000005     F2806x_DefaultIsr.obj (.text:_CLA1_INT1_ISR)
                  003ede10    00000005     F2806x_DefaultIsr.obj (.text:_CLA1_INT2_ISR)
                  003ede15    00000005     F2806x_DefaultIsr.obj (.text:_CLA1_INT3_ISR)
                  003ede1a    00000005     F2806x_DefaultIsr.obj (.text:_CLA1_INT4_ISR)
                  003ede1f    00000005     F2806x_DefaultIsr.obj (.text:_CLA1_INT5_ISR)
                  003ede24    00000005     F2806x_DefaultIsr.obj (.text:_CLA1_INT6_ISR)
                  003ede29    00000005     F2806x_DefaultIsr.obj (.text:_CLA1_INT7_ISR)
                  003ede2e    00000005     F2806x_DefaultIsr.obj (.text:_CLA1_INT8_ISR)
                  003ede33    00000005     CSMON_C28xx.lib : csmon.obj (.text:_CSMON_eSetAutoServiceWatchdogInternalSlowCalculationsInMainLoop)
                  003ede38    00000005                     : csmon.obj (.text:_CSMON_eSetFirmwareApplicationVersion)
                  003ede3d    00000005                     : csmon.obj (.text:_CSMON_eSetMaxTimeInISR)
                  003ede42    00000005                     : csmon.obj (.text:_CSMON_eSetMinGuaranteedTimeBetweenTwoISRs)
                  003ede47    00000005                     : csmon.obj (.text:_CSMON_u16ParametersAccessListIndexGenerate)
                  003ede4c    00000005                     : csmon.obj (.text:_CSMON_u32GetFreeRunningTimerTicks)
                  003ede51    00000005                     : csmon.obj (.text:_CSMON_u32GetParameterAuxCheckSum)
                  003ede56    00000005                     : csmon.obj (.text:_CSMON_u32GetParameterStringCheckSum)
                  003ede5b    00000005                     : csmon.obj (.text:_CSMON_vSetDateTimeRequest)
                  003ede60    00000005     F2806x_DefaultIsr.obj (.text:_DATALOG_ISR)
                  003ede65    00000005     F2806x_DefaultIsr.obj (.text:_DINTCH1_ISR)
                  003ede6a    00000005     F2806x_DefaultIsr.obj (.text:_DINTCH2_ISR)
                  003ede6f    00000005     F2806x_DefaultIsr.obj (.text:_DINTCH3_ISR)
                  003ede74    00000005     F2806x_DefaultIsr.obj (.text:_DINTCH4_ISR)
                  003ede79    00000005     F2806x_DefaultIsr.obj (.text:_DINTCH5_ISR)
                  003ede7e    00000005     F2806x_DefaultIsr.obj (.text:_DINTCH6_ISR)
                  003ede83    00000005     F2806x_DefaultIsr.obj (.text:_ECAN0INTA_ISR)
                  003ede88    00000005     F2806x_DefaultIsr.obj (.text:_ECAN1INTA_ISR)
                  003ede8d    00000005     F2806x_DefaultIsr.obj (.text:_ECAP1_INT_ISR)
                  003ede92    00000005     F2806x_DefaultIsr.obj (.text:_ECAP2_INT_ISR)
                  003ede97    00000005     F2806x_DefaultIsr.obj (.text:_ECAP3_INT_ISR)
                  003ede9c    00000005     F2806x_DefaultIsr.obj (.text:_EMPTY_ISR)
                  003edea1    00000005     F2806x_DefaultIsr.obj (.text:_EMUINT_ISR)
                  003edea6    00000005     F2806x_DefaultIsr.obj (.text:_EPWM1_INT_ISR)
                  003edeab    00000005     F2806x_DefaultIsr.obj (.text:_EPWM1_TZINT_ISR)
                  003edeb0    00000005     F2806x_DefaultIsr.obj (.text:_EPWM2_INT_ISR)
                  003edeb5    00000005     F2806x_DefaultIsr.obj (.text:_EPWM2_TZINT_ISR)
                  003edeba    00000005     F2806x_DefaultIsr.obj (.text:_EPWM3_INT_ISR)
                  003edebf    00000005     F2806x_DefaultIsr.obj (.text:_EPWM3_TZINT_ISR)
                  003edec4    00000005     F2806x_DefaultIsr.obj (.text:_EPWM4_INT_ISR)
                  003edec9    00000005     F2806x_DefaultIsr.obj (.text:_EPWM4_TZINT_ISR)
                  003edece    00000005     F2806x_DefaultIsr.obj (.text:_EPWM5_INT_ISR)
                  003eded3    00000005     F2806x_DefaultIsr.obj (.text:_EPWM5_TZINT_ISR)
                  003eded8    00000005     F2806x_DefaultIsr.obj (.text:_EPWM6_INT_ISR)
                  003ededd    00000005     F2806x_DefaultIsr.obj (.text:_EPWM6_TZINT_ISR)
                  003edee2    00000005     F2806x_DefaultIsr.obj (.text:_EPWM7_INT_ISR)
                  003edee7    00000005     F2806x_DefaultIsr.obj (.text:_EPWM7_TZINT_ISR)
                  003edeec    00000005     F2806x_DefaultIsr.obj (.text:_EPWM8_INT_ISR)
                  003edef1    00000005     F2806x_DefaultIsr.obj (.text:_EPWM8_TZINT_ISR)
                  003edef6    00000005     F2806x_DefaultIsr.obj (.text:_EQEP1_INT_ISR)
                  003edefb    00000005     F2806x_DefaultIsr.obj (.text:_EQEP2_INT_ISR)
                  003edf00    00000005     CSMON_C28xx.lib : hmlib.obj (.text:_HMLIB_vProcessSamePort)
                  003edf05    00000005                     : hmlib.obj (.text:_HMLIB_vRecorder0)
                  003edf0a    00000005                     : hmmodbus.obj (.text:_HMMODBUS_bGetReceivedMessage)
                  003edf0f    00000005                     : hmmodbus.obj (.text:_HMMODBUS_vFileTable)
                  003edf14    00000005                     : hmrecparam.obj (.text:_HMRECPRM_vDisableAllStopDetections)
                  003edf19    00000005     F2806x_DefaultIsr.obj (.text:_HRCAP1_INT_ISR)
                  003edf1e    00000005     F2806x_DefaultIsr.obj (.text:_HRCAP2_INT_ISR)
                  003edf23    00000005     F2806x_DefaultIsr.obj (.text:_HRCAP3_INT_ISR)
                  003edf28    00000005     F2806x_DefaultIsr.obj (.text:_HRCAP4_INT_ISR)
                  003edf2d    00000005     F2806x_DefaultIsr.obj (.text:_I2CINT1A_ISR)
                  003edf32    00000005     F2806x_DefaultIsr.obj (.text:_I2CINT2A_ISR)
                  003edf37    00000005     F2806x_DefaultIsr.obj (.text:_ILLEGAL_ISR)
                  003edf3c    00000005     F2806x_DefaultIsr.obj (.text:_INT13_ISR)
                  003edf41    00000005     F2806x_DefaultIsr.obj (.text:_INT14_ISR)
                  003edf46    00000005     interrupt.obj (.text:_IntDefaultHandler)
                  003edf4b    00000005     F2806x_DefaultIsr.obj (.text:_LUF_ISR)
                  003edf50    00000005     F2806x_DefaultIsr.obj (.text:_LVF_ISR)
                  003edf55    00000005     CSMON_C28xx.lib : modbusreg.obj (.text:_MODBUSREG_vSetTableNameAddress)
                  003edf5a    00000005                     : modbusreg.obj (.text:_MODBUSREG_vSetTableRealAddressInRam)
                  003edf5f    00000005                     : modbusreg.obj (.text:_MODBUSREG_vSetTableRegisterFlags)
                  003edf64    00000005                     : modbusreg.obj (.text:_MODBUSREG_vSetTableRegisterSize)
                  003edf69    00000005                     : modbusreg.obj (.text:_MODBUSREG_vSetTableVirtAddress)
                  003edf6e    00000005     F2806x_DefaultIsr.obj (.text:_MRINTA_ISR)
                  003edf73    00000005     F2806x_DefaultIsr.obj (.text:_MXINTA_ISR)
                  003edf78    00000005     F2806x_DefaultIsr.obj (.text:_NMI_ISR)
                  003edf7d    00000005     F2806x_DefaultIsr.obj (.text:_PIE_RESERVED)
                  003edf82    00000005     F2806x_DefaultIsr.obj (.text:_RTOSINT_ISR)
                  003edf87    00000005     F2806x_DefaultIsr.obj (.text:_SCIRXINTA_ISR)
                  003edf8c    00000005     F2806x_DefaultIsr.obj (.text:_SCIRXINTB_ISR)
                  003edf91    00000005     F2806x_DefaultIsr.obj (.text:_SCITXINTA_ISR)
                  003edf96    00000005     F2806x_DefaultIsr.obj (.text:_SCITXINTB_ISR)
                  003edf9b    00000005     F2806x_DefaultIsr.obj (.text:_SPIRXINTA_ISR)
                  003edfa0    00000005     F2806x_DefaultIsr.obj (.text:_SPIRXINTB_ISR)
                  003edfa5    00000005     F2806x_DefaultIsr.obj (.text:_SPITXINTA_ISR)
                  003edfaa    00000005     F2806x_DefaultIsr.obj (.text:_SPITXINTB_ISR)
                  003edfaf    00000005     tmr_drv.obj (.text:_TIMER_vSetupTimerMainDelayedData)
                  003edfb4    00000005     F2806x_DefaultIsr.obj (.text:_TINT0_ISR)
                  003edfb9    00000005     F2806x_DefaultIsr.obj (.text:_USB0_INT_ISR)
                  003edfbe    00000005     F2806x_DefaultIsr.obj (.text:_USER10_ISR)
                  003edfc3    00000005     F2806x_DefaultIsr.obj (.text:_USER11_ISR)
                  003edfc8    00000005     F2806x_DefaultIsr.obj (.text:_USER12_ISR)
                  003edfcd    00000005     F2806x_DefaultIsr.obj (.text:_USER1_ISR)
                  003edfd2    00000005     F2806x_DefaultIsr.obj (.text:_USER2_ISR)
                  003edfd7    00000005     F2806x_DefaultIsr.obj (.text:_USER3_ISR)
                  003edfdc    00000005     F2806x_DefaultIsr.obj (.text:_USER4_ISR)
                  003edfe1    00000005     F2806x_DefaultIsr.obj (.text:_USER5_ISR)
                  003edfe6    00000005     F2806x_DefaultIsr.obj (.text:_USER6_ISR)
                  003edfeb    00000005     F2806x_DefaultIsr.obj (.text:_USER7_ISR)
                  003edff0    00000005     F2806x_DefaultIsr.obj (.text:_USER8_ISR)
                  003edff5    00000005     F2806x_DefaultIsr.obj (.text:_USER9_ISR)
                  003edffa    00000005     F2806x_DefaultIsr.obj (.text:_WAKEINT_ISR)
                  003edfff    00000005     F2806x_DefaultIsr.obj (.text:_XINT1_ISR)
                  003ee004    00000005     F2806x_DefaultIsr.obj (.text:_XINT2_ISR)
                  003ee009    00000005     F2806x_DefaultIsr.obj (.text:_XINT3_ISR)
                  003ee00e    00000005     F2806x_DefaultIsr.obj (.text:_rsvd_ISR)
                  003ee013    00000005     rts2800_ml.lib : fs_neg28.asm.obj (.text)
                  003ee018    00000004     CSMON_C28xx.lib : csmon.obj (.text:_CSMON_eApplyParameterChanges)
                  003ee01c    00000004                     : csmon.obj (.text:_CSMON_eRegisterWriteParElementCallbackFunction)
                  003ee020    00000004                     : csmon.obj (.text:_CSMON_eSetInternalTimerPeriod)
                  003ee024    00000004                     : csmon.obj (.text:_CSMON_eSetTimerPeriodISRFunctionRegister)
                  003ee028    00000004                     : csmon.obj (.text:_CSMON_u32GetBaudError_PPM)
                  003ee02c    00000004                     : csmon.obj (.text:_CSMON_vAddSetupRecorderParameterMask)
                  003ee030    00000004                     : csmon.obj (.text:_CSMON_vInitScopes)
                  003ee034    00000004                     : csmon.obj (.text:_CSMON_vSetStartRecorderParameterMask)
                  003ee038    00000004                     : hmdrv.obj (.text:_HMDRV_SetExAddr)
                  003ee03c    00000004                     : hmdrv.obj (.text:_HMDRV_u32GetDeviceSYSCLKFreq)
                  003ee040    00000004                     : hmdrv.obj (.text:_HMDRV_u32GetSCIErrorPPM)
                  003ee044    00000004                     : hmlib.obj (.text:_HMLIB_vRecorderParam0)
                  003ee048    00000004                     : hmmodbus.obj (.text:_HMMODBUS_u32GetAddressMessageCounterThisDevice)
                  003ee04c    00000004                     : hmmodbus.obj (.text:_HMMODBUS_vSetAddressMessageCounterThisDevice)
                  003ee050    00000004                     : hmmodbus.obj (.text:_HMMODBUS_vSetDeviceIDMajorMinorRevision)
                  003ee054    00000004                     : hmmodbus.obj (.text:_HMMODBUS_vSetDeviceIDMajorMinorRevisionLength)
                  003ee058    00000004                     : hmmodbus.obj (.text:_HMMODBUS_vSetDeviceIDModelName)
                  003ee05c    00000004                     : hmmodbus.obj (.text:_HMMODBUS_vSetDeviceIDModelNameLength)
                  003ee060    00000004                     : hmmodbus.obj (.text:_HMMODBUS_vSetDeviceIDProductCode)
                  003ee064    00000004                     : hmmodbus.obj (.text:_HMMODBUS_vSetDeviceIDProductCodeLength)
                  003ee068    00000004                     : hmmodbus.obj (.text:_HMMODBUS_vSetDeviceIDProductName)
                  003ee06c    00000004                     : hmmodbus.obj (.text:_HMMODBUS_vSetDeviceIDProductNameLength)
                  003ee070    00000004                     : hmmodbus.obj (.text:_HMMODBUS_vSetDeviceIDUserApplicationName)
                  003ee074    00000004                     : hmmodbus.obj (.text:_HMMODBUS_vSetDeviceIDUserApplicationNameLength)
                  003ee078    00000004                     : hmmodbus.obj (.text:_HMMODBUS_vSetDeviceIDUserReserve0)
                  003ee07c    00000004                     : hmmodbus.obj (.text:_HMMODBUS_vSetDeviceIDUserReserve0Length)
                  003ee080    00000004                     : hmmodbus.obj (.text:_HMMODBUS_vSetDeviceIDUserReserve1)
                  003ee084    00000004                     : hmmodbus.obj (.text:_HMMODBUS_vSetDeviceIDUserReserve1Length)
                  003ee088    00000004                     : hmmodbus.obj (.text:_HMMODBUS_vSetDeviceIDUserReserve2)
                  003ee08c    00000004                     : hmmodbus.obj (.text:_HMMODBUS_vSetDeviceIDUserReserve2Length)
                  003ee090    00000004                     : hmmodbus.obj (.text:_HMMODBUS_vSetDeviceIDVendorName)
                  003ee094    00000004                     : hmmodbus.obj (.text:_HMMODBUS_vSetDeviceIDVendorNameLength)
                  003ee098    00000004                     : hmmodbus.obj (.text:_HMMODBUS_vSetDeviceIDVendorUrl)
                  003ee09c    00000004                     : hmmodbus.obj (.text:_HMMODBUS_vSetDeviceIDVendorUrlLength)
                  003ee0a0    00000004                     : hmmodbus.obj (.text:_HMMODBUS_vSetServerIDDataAddress)
                  003ee0a4    00000004                     : hmmodbus.obj (.text:_HMMODBUS_vSetServerIDLength)
                  003ee0a8    00000004                     : hmmodbus.obj (.text:_HMMODBUS_vSetServerIDNumber)
                  003ee0ac    00000004                     : hmmodbus.obj (.text:_HMMODBUS_vSetServerOnStatus)
                  003ee0b0    00000004                     : hmmodbus.obj (.text:_HMMODBUS_vSetupHoldingRegistersAccessTableInRam)
                  003ee0b4    00000004                     : hmmodbus.obj (.text:_HMMODBUS_vSetupWriteParElementCallbackFunction)
                  003ee0b8    00000004     interrupt.obj (.text:_IntMasterDisable)
                  003ee0bc    00000004     interrupt.obj (.text:_IntMasterEnable)
                  003ee0c0    00000004     CSMON_C28xx.lib : modbusreg.obj (.text:_MODBUSREG_u16GetHoldRegFillCount)
                  003ee0c4    00000004                     : modbusreg.obj (.text:_MODBUSREG_u16GetHoldRegUsedCount)
                  003ee0c8    00000004                     : modbusreg.obj (.text:_MODBUSREG_u16GetTableRegisterFlagsElementOffset)
                  003ee0cc    00000004                     : modbusreg.obj (.text:_MODBUSREG_u16GetTableRegisterSizeElementOffset)
                  003ee0d0    00000004                     : modbusreg.obj (.text:_MODBUSREG_u16GetTableVirtAddressElementOffset)
                  003ee0d4    00000004                     : modbusreg.obj (.text:_MODBUSREG_u32GetRegisterAccessTableInRam)
                  003ee0d8    00000004                     : modbusreg.obj (.text:_MODBUSREG_u32GetTableRegisterFlags)
                  003ee0dc    00000004                     : modbusreg.obj (.text:_MODBUSREG_u32GetTableRegisterSize)
                  003ee0e0    00000004                     : modbusreg.obj (.text:_MODBUSREG_u32GetTableVirtAddress)
                  003ee0e4    00000004                     : modbusreg.obj (.text:_MODBUSREG_vSetFileAutorization_FunctionAfterWriteFileRecordTable)
                  003ee0e8    00000004                     : modbusreg.obj (.text:_MODBUSREG_vSetFileParamCount_FunctionBeforeReadFileRecord)
                  003ee0ec    00000004                     : modbusreg.obj (.text:_MODBUSREG_vSetFileRTC_FunctionAfterReadFileRecord)
                  003ee0f0    00000004                     : modbusreg.obj (.text:_MODBUSREG_vSetFileRTC_FunctionAfterWriteFileRecord)
                  003ee0f4    00000004                     : modbusreg.obj (.text:_MODBUSREG_vSetFileRecConfig_FunctionAfterWriteFileRecord)
                  003ee0f8    00000004                     : modbusreg.obj (.text:_MODBUSREG_vSetFileRecStatus_FunctionIndexGenerationFileRecord)
                  003ee0fc    00000004                     : modbusreg.obj (.text:_MODBUSREG_vSetHoldRegFillCount)
                  003ee100    00000004                     : modbusreg.obj (.text:_MODBUSREG_vSetParamCount)
                  003ee104    00000004                     : modbusreg.obj (.text:_MODBUSREG_vSetParamListAddress)
                  003ee108    00000004                     : modbusreg.obj (.text:_MODBUSREG_vSetParamNumbAddress)
                  003ee10c    00000004                     : modbusreg.obj (.text:_MODBUSREG_vSetParamRecorderConfigAddress)
                  003ee110    00000004                     : modbusreg.obj (.text:_MODBUSREG_vSetParamScopeConfigAddress)
                  003ee114    00000004     tmr_drv.obj (.text:_TIMER_vGetTimerMainRollingCounter)
                  003ee118    00000004     tmr_drv.obj (.text:_TIMER_vSetupTimerMainCSMONFunction)
                  003ee11c    00000004     tmr_drv.obj (.text:_TMR_u16GetFreeRunTimerPrescaller)
                  003ee120    00000004     CSMON_C28xx.lib : hmmodbus.obj (.text:_bGetElementsDifference)
                  003ee124    00000004                     : hmmodbus.obj (.text:_u16GetIndexFileTable)
                  003ee128    00000004                     : hmmodbus.obj (.text:_u32GetBufferAddressStart)
                  003ee12c    00000004                     : hmmodbus.obj (.text:_u32GetBufferSize)
                  003ee130    00000004                     : hmmodbus.obj (.text:_u32GetSampleCountAvailable)
                  003ee134    00000004                     : hmmodbus.obj (.text:_u32GetSampleCountBuffer)
                  003ee138    00000004                     : hmmodbus.obj (.text:_u32GetStartSampleIndex)
                  003ee13c    00000004                     : hmmodbus.obj (.text:_u8GetSampleSize)
                  003ee140    00000004                     : hmmodbus.obj (.text:_vSetBufferSize)
                  003ee144    00000003     F2806x_DBGIER.obj (.text)
                  003ee147    00000003     CSMON_C28xx.lib : csmon.obj (.text:_CSMON_u32GetModbusMessageCounterRegisterRealAddress)
                  003ee14a    00000003                     : csmon.obj (.text:_CSMON_vSetModbusMessageCounterRegisterRealAddress)
                  003ee14d    00000003                     : hmlib.obj (.text:_HMLIB_vRecorderParamTimeSync)
                  003ee150    00000003                     : hmrecparam.obj (.text:_HMRECPRM_GetTimeBase)
                  003ee153    00000003                     : modbusreg.obj (.text:_MODBUSREG_u32GetAddressMessageCounterThisDevice)
                  003ee156    00000003                     : modbusreg.obj (.text:_MODBUSREG_vSetAddressMessageCounterThisDevice)
                  003ee159    00000003                     : uart_drv.obj (.text:_UART_TXInterrupt)
                  003ee15c    00000002                     : csmon.obj (.text:_CSMON_eSetParameterListDataDefault)
                  003ee15e    00000002                     : csmon.obj (.text:_CSMON_eSetParameterListDataMaximum)
                  003ee160    00000002                     : csmon.obj (.text:_CSMON_eSetParameterListDataMinimum)
                  003ee162    00000002                     : csmon.obj (.text:_CSMON_eSetParameterListValueFormat)
                  003ee164    00000002                     : csmon.obj (.text:_CSMON_u32GetParameterListCheckSum)
                  003ee166    00000002                     : csmon.obj (.text:_CSMON_u32GetParameterNumbCheckSum)
                  003ee168    00000002                     : csmon.obj (.text:_CSMON_u32GetParameterShortNameCheckSum)
                  003ee16a    00000002                     : hmrecparam.obj (.text:_HMRECPRM_AbortRec)
                  003ee16c    00000002                     : hmrecparam.obj (.text:_HMRECPRM_GetRecBuffSize)
                  003ee16e    00000002                     : hmrec.obj (.text:_HMREC_AbortRec)
                  003ee170    00000002                     : hmrec.obj (.text:_HMREC_GetRecBuffSize)
                  003ee172    00000002     main.obj (.text:_eWriteParElement)
                  003ee174    00000002     rts2800_ml.lib : pre_init.c.obj (.text)
                  003ee176    00000001     CSMON_C28xx.lib : hmprotocol.obj (.text:_HMPROTOCOL_vInit)
                  003ee177    00000001     uart_driver.obj (.text:_UART_DRV_TXInterrupt)
                  003ee178    00000001     rts2800_ml.lib : startup.c.obj (.text)

ramfuncs   0    003ee179    00000029     RUN ADDR = 00008000
                  003ee179    0000001d     F2806x_SysCtrl.obj (ramfuncs:_InitFlash)
                  003ee196    00000008     device.obj (ramfuncs:_MyCallbackFunction)
                  003ee19e    00000004     F2806x_usDelay.obj (ramfuncs)

csm_rsvd   0    003f7f80    00000076     
                  003f7f80    00000076     F2806x_CSMPasswords.obj (csm_rsvd)

codestart 
*          0    003f7ff6    00000002     
                  003f7ff6    00000002     F2806x_CodeStartBranch.obj (codestart)

csmpasswds 
*          0    003f7ff8    00000008     
                  003f7ff8    00000008     F2806x_CSMPasswords.obj (csmpasswds)

.stack     1    00000050    00000380     UNINITIALIZED
                  00000050    00000380     --HOLE--

.econst    0    003ee1a2    00003319     
                  003ee1a2    00002e00     main.obj (.econst:_asParameterList)
                  003f0fa2    00000100     CSMON_C28xx.lib : hmmodbus.obj (.econst:.string:_auchCRCHi)
                  003f10a2    00000100                     : hmmodbus.obj (.econst:.string:_auchCRCLo)
                  003f11a2    00000100     F2806x_PieVect.obj (.econst:_PieVectTableInit)
                  003f12a2    00000084     rts2800_ml.lib : k_rem_pio2.c.obj (.econst:_ipio2)
                  003f1326    00000050     CSMON_C28xx.lib : csmon.obj (.econst:_CSMON_asAccessLevelPasswords)
                  003f1376    0000002c     rts2800_ml.lib : k_rem_pio2.c.obj (.econst)
                  003f13a2    00000028                    : k_cosf.c.obj (.econst)
                  003f13ca    00000020                    : k_rem_pio2.c.obj (.econst:_PIo2)
                  003f13ea    00000020                    : k_sinf.c.obj (.econst)
                  003f140a    0000001c                    : e_rem_pio2f.c.obj (.econst)
                  003f1426    0000001c                    : s_scalbn.c.obj (.econst)
                  003f1442    00000018     CSMON_C28xx.lib : csmon.obj (.econst:_$P$T9$2)
                  003f145a    00000018     rts2800_ml.lib : s_sinf.c.obj (.econst)
                  003f1472    00000014     CSMON_C28xx.lib : csmon.obj (.econst:_CSMON_au8FileImplementedFunctionCodes)
                  003f1486    00000010     main.obj (.econst)
                  003f1496    0000000c     CSMON_C28xx.lib : hmprotocol.obj (.econst:.string)
                  003f14a2    0000000c     rts2800_ml.lib : s_floor.c.obj (.econst)
                  003f14ae    00000006     CSMON_C28xx.lib : csmon.obj (.econst:_$P$T8$1)
                  003f14b4    00000004     rts2800_ml.lib : k_rem_pio2.c.obj (.econst:_init_jk)
                  003f14b8    00000003     CSMON_C28xx.lib : csmon.obj (.econst:_CSMON_au8FileParameterListElementsCountInPartTable)

.switch    0    003f1c8c    00000020     
                  003f1c8c    00000020     CSMON_C28xx.lib : csmon.obj (.switch:_CSMON_eSetParameter)

.reset     0    003fffc0    00000002     DSECT
                  003fffc0    00000002     rts2800_ml.lib : boot28.asm.obj (.reset)

vectors    0    003fffc2    00000000     DSECT

DevEmuRegsFile 
*          1    00000880    00000004     UNINITIALIZED
                  00000880    00000004     F2806x_GlobalVariableDefs.obj (DevEmuRegsFile)

SysPwrCtrlRegsFile 
*          1    00000985    00000003     UNINITIALIZED
                  00000985    00000003     F2806x_GlobalVariableDefs.obj (SysPwrCtrlRegsFile)

FlashRegsFile 
*          1    00000a80    00000008     UNINITIALIZED
                  00000a80    00000008     F2806x_GlobalVariableDefs.obj (FlashRegsFile)

CsmRegsFile 
*          1    00000ae0    00000010     UNINITIALIZED
                  00000ae0    00000010     F2806x_GlobalVariableDefs.obj (CsmRegsFile)

AdcResultFile 
*          1    00000b00    00000010     UNINITIALIZED
                  00000b00    00000010     F2806x_GlobalVariableDefs.obj (AdcResultFile)

CpuTimer0RegsFile 
*          1    00000c00    00000008     UNINITIALIZED
                  00000c00    00000008     F2806x_GlobalVariableDefs.obj (CpuTimer0RegsFile)

CpuTimer1RegsFile 
*          1    00000c08    00000008     UNINITIALIZED
                  00000c08    00000008     F2806x_GlobalVariableDefs.obj (CpuTimer1RegsFile)

CpuTimer2RegsFile 
*          1    00000c10    00000008     UNINITIALIZED
                  00000c10    00000008     F2806x_GlobalVariableDefs.obj (CpuTimer2RegsFile)

PieCtrlRegsFile 
*          1    00000ce0    0000001a     UNINITIALIZED
                  00000ce0    0000001a     F2806x_GlobalVariableDefs.obj (PieCtrlRegsFile)

PieVectTableFile 
*          1    00000d00    00000100     UNINITIALIZED
                  00000d00    00000100     F2806x_GlobalVariableDefs.obj (PieVectTableFile)

EmuKeyVar 
*          1    00000d00    00000001     UNINITIALIZED
                  00000d00    00000001     F2806x_GlobalVariableDefs.obj (EmuKeyVar)

EmuBModeVar 
*          1    00000d01    00000001     UNINITIALIZED
                  00000d01    00000001     F2806x_GlobalVariableDefs.obj (EmuBModeVar)

FlashCallbackVar 
*          1    00000d02    00000002     UNINITIALIZED
                  00000d02    00000002     F2806x_GlobalVariableDefs.obj (FlashCallbackVar)

FlashScalingVar 
*          1    00000d04    00000002     UNINITIALIZED
                  00000d04    00000002     F2806x_GlobalVariableDefs.obj (FlashScalingVar)

DmaRegsFile 
*          1    00001000    000000e0     UNINITIALIZED
                  00001000    000000e0     F2806x_GlobalVariableDefs.obj (DmaRegsFile)

Cla1RegsFile 
*          1    00001400    00000040     UNINITIALIZED
                  00001400    00000040     F2806x_GlobalVariableDefs.obj (Cla1RegsFile)

Usb0RegsFile 
*          1    00004000    00000454     UNINITIALIZED
                  00004000    00000454     F2806x_GlobalVariableDefs.obj (Usb0RegsFile)

McbspaRegsFile 
*          1    00005000    00000024     UNINITIALIZED
                  00005000    00000024     F2806x_GlobalVariableDefs.obj (McbspaRegsFile)

ECanaRegsFile 
*          1    00006000    00000034     UNINITIALIZED
                  00006000    00000034     F2806x_GlobalVariableDefs.obj (ECanaRegsFile)

ECanaLAMRegsFile 
*          1    00006040    00000040     UNINITIALIZED
                  00006040    00000040     F2806x_GlobalVariableDefs.obj (ECanaLAMRegsFile)

ECanaMOTSRegsFile 
*          1    00006080    00000040     UNINITIALIZED
                  00006080    00000040     F2806x_GlobalVariableDefs.obj (ECanaMOTSRegsFile)

ECanaMOTORegsFile 
*          1    000060c0    00000040     UNINITIALIZED
                  000060c0    00000040     F2806x_GlobalVariableDefs.obj (ECanaMOTORegsFile)

ECanaMboxesFile 
*          1    00006100    00000100     UNINITIALIZED
                  00006100    00000100     F2806x_GlobalVariableDefs.obj (ECanaMboxesFile)

Comp1RegsFile 
*          1    00006400    00000014     UNINITIALIZED
                  00006400    00000014     F2806x_GlobalVariableDefs.obj (Comp1RegsFile)

Comp2RegsFile 
*          1    00006420    00000014     UNINITIALIZED
                  00006420    00000014     F2806x_GlobalVariableDefs.obj (Comp2RegsFile)

Comp3RegsFile 
*          1    00006440    00000014     UNINITIALIZED
                  00006440    00000014     F2806x_GlobalVariableDefs.obj (Comp3RegsFile)

EPwm1RegsFile 
*          1    00006800    00000040     UNINITIALIZED
                  00006800    00000040     F2806x_GlobalVariableDefs.obj (EPwm1RegsFile)

EPwm2RegsFile 
*          1    00006840    00000040     UNINITIALIZED
                  00006840    00000040     F2806x_GlobalVariableDefs.obj (EPwm2RegsFile)

EPwm3RegsFile 
*          1    00006880    00000040     UNINITIALIZED
                  00006880    00000040     F2806x_GlobalVariableDefs.obj (EPwm3RegsFile)

EPwm4RegsFile 
*          1    000068c0    00000040     UNINITIALIZED
                  000068c0    00000040     F2806x_GlobalVariableDefs.obj (EPwm4RegsFile)

EPwm5RegsFile 
*          1    00006900    00000040     UNINITIALIZED
                  00006900    00000040     F2806x_GlobalVariableDefs.obj (EPwm5RegsFile)

EPwm6RegsFile 
*          1    00006940    00000040     UNINITIALIZED
                  00006940    00000040     F2806x_GlobalVariableDefs.obj (EPwm6RegsFile)

EPwm7RegsFile 
*          1    00006980    00000040     UNINITIALIZED
                  00006980    00000040     F2806x_GlobalVariableDefs.obj (EPwm7RegsFile)

EPwm8RegsFile 
*          1    000069c0    00000040     UNINITIALIZED
                  000069c0    00000040     F2806x_GlobalVariableDefs.obj (EPwm8RegsFile)

ECap1RegsFile 
*          1    00006a00    00000020     UNINITIALIZED
                  00006a00    00000020     F2806x_GlobalVariableDefs.obj (ECap1RegsFile)

ECap2RegsFile 
*          1    00006a20    00000020     UNINITIALIZED
                  00006a20    00000020     F2806x_GlobalVariableDefs.obj (ECap2RegsFile)

ECap3RegsFile 
*          1    00006a40    00000020     UNINITIALIZED
                  00006a40    00000020     F2806x_GlobalVariableDefs.obj (ECap3RegsFile)

HRCap1RegsFile 
*          1    00006ac0    00000020     UNINITIALIZED
                  00006ac0    00000020     F2806x_GlobalVariableDefs.obj (HRCap1RegsFile)

HRCap2RegsFile 
*          1    00006ae0    00000020     UNINITIALIZED
                  00006ae0    00000020     F2806x_GlobalVariableDefs.obj (HRCap2RegsFile)

EQep1RegsFile 
*          1    00006b00    00000022     UNINITIALIZED
                  00006b00    00000022     F2806x_GlobalVariableDefs.obj (EQep1RegsFile)

EQep2RegsFile 
*          1    00006b40    00000022     UNINITIALIZED
                  00006b40    00000022     F2806x_GlobalVariableDefs.obj (EQep2RegsFile)

HRCap3RegsFile 
*          1    00006c80    00000020     UNINITIALIZED
                  00006c80    00000020     F2806x_GlobalVariableDefs.obj (HRCap3RegsFile)

HRCap4RegsFile 
*          1    00006ca0    00000020     UNINITIALIZED
                  00006ca0    00000020     F2806x_GlobalVariableDefs.obj (HRCap4RegsFile)

GpioCtrlRegsFile 
*          1    00006f80    00000040     UNINITIALIZED
                  00006f80    00000040     F2806x_GlobalVariableDefs.obj (GpioCtrlRegsFile)

GpioDataRegsFile 
*          1    00006fc0    00000020     UNINITIALIZED
                  00006fc0    00000020     F2806x_GlobalVariableDefs.obj (GpioDataRegsFile)

GpioIntRegsFile 
*          1    00006fe0    00000020     UNINITIALIZED
                  00006fe0    00000020     F2806x_GlobalVariableDefs.obj (GpioIntRegsFile)

SysCtrlRegsFile 
*          1    00007010    00000030     UNINITIALIZED
                  00007010    00000030     F2806x_GlobalVariableDefs.obj (SysCtrlRegsFile)

SpiaRegsFile 
*          1    00007040    00000010     UNINITIALIZED
                  00007040    00000010     F2806x_GlobalVariableDefs.obj (SpiaRegsFile)

SciaRegsFile 
*          1    00007050    00000010     UNINITIALIZED
                  00007050    00000010     F2806x_GlobalVariableDefs.obj (SciaRegsFile)

NmiIntruptRegsFile 
*          1    00007060    00000010     UNINITIALIZED
                  00007060    00000010     F2806x_GlobalVariableDefs.obj (NmiIntruptRegsFile)

XIntruptRegsFile 
*          1    00007070    00000010     UNINITIALIZED
                  00007070    00000010     F2806x_GlobalVariableDefs.obj (XIntruptRegsFile)

AdcRegsFile 
*          1    00007100    00000050     UNINITIALIZED
                  00007100    00000050     F2806x_GlobalVariableDefs.obj (AdcRegsFile)

SpibRegsFile 
*          1    00007740    00000010     UNINITIALIZED
                  00007740    00000010     F2806x_GlobalVariableDefs.obj (SpibRegsFile)

ScibRegsFile 
*          1    00007750    00000010     UNINITIALIZED
                  00007750    00000010     F2806x_GlobalVariableDefs.obj (ScibRegsFile)

I2caRegsFile 
*          1    00007900    00000022     UNINITIALIZED
                  00007900    00000022     F2806x_GlobalVariableDefs.obj (I2caRegsFile)

PartIdRegsFile 
*          1    003d7e80    00000001     UNINITIALIZED
                  003d7e80    00000001     F2806x_GlobalVariableDefs.obj (PartIdRegsFile)

CsmPwlFile 
*          1    003f7ff8    00000008     UNINITIALIZED
                  003f7ff8    00000008     F2806x_GlobalVariableDefs.obj (CsmPwlFile)

.ebss.1    1    00008c00    00000400     UNINITIALIZED
                  00008c00    00000400     CSMON_C28xx.lib : modbusreg.obj (.ebss:_MODBUSREG_u32RegisterAccessTableInRam)

.ebss.2    1    00009000    00003000     UNINITIALIZED
                  00009000    00001800     CSMON_C28xx.lib : csmon.obj (.ebss:_CSMON_pauFileParameterNumericRealocatable)
                  0000a800    00000800                     : uart_drv.obj (.ebss:_UARTRxBufferTimeDiff)
                  0000b000    00000800                     : hmrec.obj (.ebss:_au8RecBuffer0)
                  0000b800    00000800                     : hmrecparam.obj (.ebss:_au8RecParamBuffer0)

.ebss.3    1    0000c000    00001e92     UNINITIALIZED
                  0000c000    00000600     CSMON_C28xx.lib : csmon.obj (.ebss:_CSMON_pasFileParameterListRealocatable)
                  0000c600    00000400                     : uart_drv.obj (.ebss:_UARTRxBuffer)
                  0000ca00    000003a2                     : modbusreg.obj (.ebss:_MODBUSREG_asFileTable)
                  0000cda2    0000001c                     : hmrecparam.obj (.ebss:_sRecExternParam)
                  0000cdbe    00000002                     : hmlib.obj (.ebss)
                  0000cdc0    00000200     uart_driver.obj (.ebss:_UART_DRV_RxBufferTimeDiff)
                  0000cfc0    00000200     CSMON_C28xx.lib : hmmodbus.obj (.ebss:_u32ModbusTimeoutBuffer)
                  0000d1c0    00000100                     : csmon.obj (.ebss:_CSMON_asFileParameterDefinitionsFromAccessLevel)
                  0000d2c0    00000100                     : csmon.obj (.ebss:_CSMON_sFileParameterAccessList)
[...]
003eab9d  local     $30 (.text)
003eabcb  local     $35 (.text)
003eabfa  local     $40 (.text)
003eab5c  local     $5_$2 (.text)
00000000  local     .bss (.bss)
00000000  local     .data (.data)
003eab48  local     .text (.text)
003eab6c  local     CHECK_SIGN1 (.text)
003eaba7  local     CHECK_SIGN2 (.text)
003eabdf  local     DGT3 (.text)
003eabe1  local     DIVUDenHighZero (.text)
003eab76  local     EQ0 (.text)
003eab71  local     EQ1 (.text)
003eabaf  local     EQ2 (.text)
003eabda  local     EQ3 (.text)
003eac0b  local     EQ4 (.text)
003eab48  global    LL$$DIV (.text)
003eab84  global    LL$$MOD (.text)
003eac2a  local     LOOP (.text)
003eac19  local     MAINDIV (.text)
003eac38  local     MD_NEQ (.text)
003eac0d  local     MODUDenHighZero (.text)
003eab6f  local     RET1 (.text)
003eabaa  local     RET2 (.text)
003eabd8  local     RET3 (.text)
003eac07  local     RET4 (.text)
003eabac  local     RET_NUM1 (.text)
003eac09  local     RET_NUM2 (.text)
003eab78  local     SDIVUDenHighZero (.text)
003eac42  local     SKIP (.text)
003eac44  local     SKIP1 (.text)
003eabb2  local     SMODUDenHighZero (.text)
003eabbe  global    ULL$$DIV (.text)
003eabed  global    ULL$$MOD (.text)


================================================================================

rts2800_ml.lib : u_div28.asm.obj

Run/Load            
Value     Binding   Name (Section)
--------  --------  ---------------
00000000  local     .bss (.bss)
00000000  local     .data (.data)
003edc16  local     .text (.text)
003edc16  global    U$$DIV (.text)
003edc1b  global    U$$MOD (.text)


================================================================================

rts2800_ml.lib : u_tofd28.asm.obj

Run/Load            
Value     Binding   Name (Section)
--------  --------  ---------------
00000000  local     .bss (.bss)
00000000  local     .data (.data)
003ed7bb  local     .text (.text)
003ed7c8  local     NORMALIZE (.text)
003ed7d0  local     OP_ZERO (.text)
003ed7ca  local     PACK (.text)
003ed7cf  local     RETURN (.text)
003ed7cd  local     RETURN_VALUE (.text)
003ed7bb  global    U$$TOFD (.text)


================================================================================

rts2800_ml.lib : u_tofs28.asm.obj

Run/Load            
Value     Binding   Name (Section)
--------  --------  ---------------
00000000  local     .bss (.bss)
00000000  local     .data (.data)
003eda0f  local     .text (.text)
003eda1e  local     RESTORE (.text)
003eda0f  global    U$$TOFS (.text)
003eda1e  local     ZERO (.text)


================================================================================

rts2800_ml.lib : l_tofs28.asm.obj

Run/Load            
Value     Binding   Name (Section)
--------  --------  ---------------
00000000  local     .bss (.bss)
00000000  local     .data (.data)
003ed623  local     .text (.text)
003ed623  global    L$$TOFS (.text)
003ed639  local     OVERFLOW (.text)
003ed638  local     RETURN (.text)
003ed638  local     ZERO (.text)


================================================================================

rts2800_ml.lib : ul_tofs28.asm.obj

Run/Load            
Value     Binding   Name (Section)
--------  --------  ---------------
00000000  local     .bss (.bss)
00000000  local     .data (.data)
003ed8c9  local     .text (.text)
003ed8d1  local     LEFT_SHIFT (.text)
003ed8d3  local     PACK (.text)
003ed8db  local     RETURN (.text)
003ed8c9  global    UL$$TOFS (.text)
003ed8db  local     ZERO (.text)


================================================================================

rts2800_ml.lib : prolog28.asm.obj

Run/Load            
Value     Binding   Name (Section)
--------  --------  ---------------
00000000  local     .bss (.bss)
00000000  local     .data (.data)
003ed6a1  local     .text (.text)
003ed6a1  global    _prolog_c28x_1 (.text)
003ed6a5  global    _prolog_c28x_2 (.text)
003ed6ad  global    _prolog_c28x_3 (.text)


================================================================================

rts2800_ml.lib : fs_tofd28.asm.obj

Run/Load            
Value     Binding   Name (Section)
--------  --------  ---------------
00000000  local     .bss (.bss)
00000000  local     .data (.data)
003ed4fe  local     .text (.text)
003ed4fe  global    FS$$TOFD (.text)
003ed512  local     OVERFLOW (.text)
003ed511  local     RETURN (.text)
003ed50f  local     RETURN_VALUE (.text)
003ed518  local     UNDERFLOW (.text)


================================================================================

rts2800_ml.lib : fd_div28.asm.obj

Run/Load            
Value     Binding   Name (Section)
--------  --------  ---------------
003ebc69  local     $1_$3 (.text)
003ebc74  local     $2_$3 (.text)
00000000  local     .bss (.bss)
00000000  local     .data (.data)
003ebc2d  local     .text (.text)
003ebc83  local     DIV_END (.text)
003ebc64  local     DIV_START (.text)
003ebc2d  global    FD$$DIV (.text)
003ebc86  local     NORMALIZE (.text)
003ebcb0  local     OVERFLOW (.text)
003ebcab  local     RETURN (.text)
003ebca9  local     RETURN_VALUE (.text)
003ebc9b  local     RND64_SET_MANT$3$ (.text)
003ebc8f  local     ROUND (.text)
003ebcb6  local     UNDERFLOW (.text)


================================================================================

rts2800_ml.lib : cpy_tbl.c.obj

Run/Load            
Value     Binding   Name (Section)
--------  --------  ---------------
003ed1d1  local     $C$L1 (.text)
003ed1e4  local     $C$L2 (.text)
003ed1e5  local     $C$L3 (.text)
00000000  local     .bss (.bss)
00000000  local     .data (.data)
003ed1c9  local     .text (.text)
003ed1c9  global    _copy_in (.text)


================================================================================

rts2800_ml.lib : memcpy.c.obj

Run/Load            
Value     Binding   Name (Section)
--------  --------  ---------------
003ed477  local     $C$L1 (.text)
003ed47b  local     $C$L2 (.text)
003ed482  local     $C$L3 (.text)
003ed484  local     $C$L4 (.text)
003ed48c  local     $C$L5 (.text)
00000000  local     .bss (.bss)
00000000  local     .data (.data)
003ed471  local     .text (.text)
003ed471  global    _memcpy (.text)


================================================================================

rts2800_ml.lib : pre_init.c.obj

Run/Load            
Value     Binding   Name (Section)
--------  --------  ---------------
00000000  local     .bss (.bss)
00000000  local     .data (.data)
003ee174  local     .text (.text)
003ee174  global    __system_pre_init (.text)


================================================================================

rts2800_ml.lib : startup.c.obj

Run/Load            
Value     Binding   Name (Section)
--------  --------  ---------------
00000000  local     .bss (.bss)
00000000  local     .data (.data)
003ee178  local     .text (.text)
003ee178  global    __system_post_cinit (.text)


================================================================================

rts2800_ml.lib : e_rem_pio2f.c.obj

Run/Load            
Value     Binding   Name (Section)
--------  --------  ---------------
003f1416  local     $C$FL1 (.econst)
003f141a  local     $C$FL2 (.econst)
003f141e  local     $C$FL3 (.econst)
003f1422  local     $C$FL4 (.econst)
003eb69a  local     $C$L1 (.text)
003eb6a8  local     $C$L2 (.text)
003eb6d4  local     $C$L3 (.text)
003eb6d9  local     $C$L4 (.text)
00000000  local     .bss (.bss)
00000000  local     .data (.data)
003f140a  local     .econst (.econst)
003eb637  local     .text (.text)
003eb637  global    ___rem_pio2f (.text)
003f140a  local     _invpio2 (.econst)
003f140e  local     _pio2_1 (.econst)
003f1412  local     _pio2_1t (.econst)


================================================================================

rts2800_ml.lib : k_rem_pio2.c.obj

Run/Load            
Value     Binding   Name (Section)
--------  --------  ---------------
003f1386  local     $C$FL1 (.econst)
003f138a  local     $C$FL2 (.econst)
003f138e  local     $C$FL3 (.econst)
003f1392  local     $C$FL4 (.econst)
003f1396  local     $C$FL5 (.econst)
003f139a  local     $C$FL6 (.econst)
003f139e  local     $C$FL7 (.econst)
003e9a35  local     $C$L1 (.text)
003e9aef  local     $C$L10 (.text)
003e9b1c  local     $C$L11 (.text)
003e9b3c  local     $C$L12 (.text)
003e9b61  local     $C$L13 (.text)
003e9b80  local     $C$L14 (.text)
003e9b87  local     $C$L15 (.text)
003e9ba4  local     $C$L16 (.text)
003e9bf2  local     $C$L17 (.text)
003e9c5e  local     $C$L18 (.text)
003e9c62  local     $C$L19 (.text)
003e9a5d  local     $C$L2 (.text)
003e9c70  local     $C$L20 (.text)
003e9c99  local     $C$L21 (.text)
003e9c9e  local     $C$L22 (.text)
003e9ca9  local     $C$L23 (.text)
003e9cb5  local     $C$L24 (.text)
003e9cba  local     $C$L25 (.text)
003e9cc0  local     $C$L26 (.text)
003e9cdd  local     $C$L27 (.text)
003e9ce9  local     $C$L28 (.text)
003e9d14  local     $C$L29 (.text)
003e9a68  local     $C$L3 (.text)
003e9d42  local     $C$L30 (.text)
003e9d8d  local     $C$L31 (.text)
003e9d92  local     $C$L32 (.text)
003e9daa  local     $C$L33 (.text)
003e9db4  local     $C$L34 (.text)
003e9dc3  local     $C$L35 (.text)
003e9dcd  local     $C$L36 (.text)
003e9de8  local     $C$L37 (.text)
003e9df8  local     $C$L38 (.text)
003e9dfa  local     $C$L39 (.text)
003e9a74  local     $C$L4 (.text)
003e9e1a  local     $C$L40 (.text)
003e9e42  local     $C$L41 (.text)
003e9e59  local     $C$L42 (.text)
003e9e6d  local     $C$L43 (.text)
003e9e9b  local     $C$L44 (.text)
003e9eb9  local     $C$L45 (.text)
003e9ed7  local     $C$L46 (.text)
003e9f26  local     $C$L47 (.text)
003e9f60  local     $C$L48 (.text)
003e9f78  local     $C$L49 (.text)
003e9a85  local     $C$L5 (.text)
003e9f89  local     $C$L50 (.text)
003e9fa6  local     $C$L51 (.text)
003e9fc1  local     $C$L52 (.text)
003e9fd4  local     $C$L53 (.text)
003e9fe5  local     $C$L54 (.text)
003e9ff3  local     $C$L55 (.text)
003e9ffd  local     $C$L56 (.text)
003ea01e  local     $C$L57 (.text)
003ea02f  local     $C$L58 (.text)
003ea03d  local     $C$L59 (.text)
003e9a91  local     $C$L6 (.text)
003ea047  local     $C$L60 (.text)
003ea051  local     $C$L61 (.text)
003ea064  local     $C$L62 (.text)
003ea075  local     $C$L63 (.text)
003ea083  local     $C$L64 (.text)
003ea08d  local     $C$L65 (.text)
003ea096  local     $C$L66 (.text)
003e9aae  local     $C$L7 (.text)
003e9ad3  local     $C$L8 (.text)
003e9ae8  local     $C$L9 (.text)
00000000  local     .bss (.bss)
00000000  local     .data (.data)
003f1376  local     .econst (.econst)
003f13ca  local     .econst:_PIo2 (.econst:_PIo2)
003f14b4  local     .econst:_init_jk (.econst:_init_jk)
003f12a2  local     .econst:_ipio2 (.econst:_ipio2)
003e9a07  local     .text (.text)
003f13ca  local     _PIo2 (.econst:_PIo2)
003e9a07  global    ___kernel_rem_pio2 (.text)
003f14b4  local     _init_jk (.econst:_init_jk)
003f12a2  local     _ipio2 (.econst:_ipio2)
003f137a  local     _one (.econst)
003f137e  local     _two24 (.econst)
003f1382  local     _twon24 (.econst)
003f1376  local     _zero (.econst)


================================================================================

rts2800_ml.lib : exit.c.obj

Run/Load            
Value     Binding   Name (Section)
--------  --------  ---------------
003ece70  local     $C$L1 (.text)
003ece83  local     $C$L2 (.text)
003ece8e  local     $C$L3 (.text)
003ece94  local     $C$L4 (.text)
00000000  local     .bss (.bss)
003f1ab2  local     .cinit (.cinit)
00000000  local     .data (.data)
0000dcba  local     .ebss (.ebss)
003ece6f  local     .text (.text)
003ece6f  global    C$$EXIT (.text)
0000dcbc  global    ___TI_cleanup_ptr (.ebss)
0000dcbe  global    ___TI_dtors_ptr (.ebss)
0000dcba  global    ___TI_enable_exit_profile_output (.ebss)
003ece6f  global    _abort (.text)
003ece71  global    _exit (.text)


================================================================================

rts2800_ml.lib : _lock.c.obj

Run/Load            
Value     Binding   Name (Section)
--------  --------  ---------------
00000000  local     .bss (.bss)
003f1c53  local     .cinit:__lock (.cinit:__lock)
003f1c58  local     .cinit:__unlock (.cinit:__unlock)
00000000  local     .data (.data)
0000de7a  local     .ebss:__lock (.ebss:__lock)
0000de7c  local     .ebss:__unlock (.ebss:__unlock)
003edcd8  local     .text (.text)
0000de7a  global    __lock (.ebss:__lock)
003edce0  global    __nop (.text)
003edcdc  global    __register_lock (.text)
003edcd8  global    __register_unlock (.text)
0000de7c  global    __unlock (.ebss:__unlock)


================================================================================

rts2800_ml.lib : args_main.c.obj

Run/Load            
Value     Binding   Name (Section)
--------  --------  ---------------
003ed9a9  local     $C$L1 (.text)
003ed9ac  local     $C$L2 (.text)
00000000  local     .bss (.bss)
00000000  local     .data (.data)
003ed99e  local     .text (.text)
003ed99e  global    __args_main (.text)


================================================================================

rts2800_ml.lib : s_floor.c.obj

Run/Load            
Value     Binding   Name (Section)
--------  --------  ---------------
003f14a6  local     $C$FL1 (.econst)
003f14aa  local     $C$FL2 (.econst)
003eb05e  local     $C$L1 (.text)
003eb0b6  local     $C$L10 (.text)
003eb0d6  local     $C$L11 (.text)
003eb0d8  local     $C$L12 (.text)
003eb0e4  local     $C$L13 (.text)
003eb0e9  local     $C$L14 (.text)
003eb063  local     $C$L2 (.text)
003eb064  local     $C$L3 (.text)
003eb06c  local     $C$L4 (.text)
003eb07f  local     $C$L5 (.text)
003eb08e  local     $C$L6 (.text)
003eb091  local     $C$L7 (.text)
003eb0ad  local     $C$L8 (.text)
003eb0b3  local     $C$L9 (.text)
00000000  local     .bss (.bss)
00000000  local     .data (.data)
003f14a2  local     .econst (.econst)
003eb006  local     .text (.text)
003eb006  global    _floorl (.text)
003f14a2  local     _huge (.econst)


================================================================================

rts2800_ml.lib : s_scalbn.c.obj

Run/Load            
Value     Binding   Name (Section)
--------  --------  ---------------
003f1432  local     $C$FL1 (.econst)
003f1436  local     $C$FL2 (.econst)
003f143a  local     $C$FL3 (.econst)
003f143e  local     $C$FL4 (.econst)
003eb5b3  local     $C$L1 (.text)
003eb5cc  local     $C$L2 (.text)
003eb5de  local     $C$L3 (.text)
003eb5e9  local     $C$L4 (.text)
003eb5fe  local     $C$L5 (.text)
003eb604  local     $C$L6 (.text)
003eb60f  local     $C$L7 (.text)
003eb62f  local     $C$L8 (.text)
003eb633  local     $C$L9 (.text)
00000000  local     .bss (.bss)
00000000  local     .data (.data)
003f1426  local     .econst (.econst)
003eb58d  local     .text (.text)
003eb58d  global    _ldexpl (.text)
003eb58d  global    _scalbnl (.text)
003f142e  local     _tiny (.econst)
003f1426  local     _two54 (.econst)
003f142a  local     _twom54 (.econst)


================================================================================

rts2800_ml.lib : s_copysign.c.obj

Run/Load            
Value     Binding   Name (Section)
--------  --------  ---------------
003ed277  local     $C$L1 (.text)
00000000  local     .bss (.bss)
00000000  local     .data (.data)
003ed256  local     .text (.text)
003ed256  global    _copysignl (.text)


================================================================================

rts2800_ml.lib : k_cosf.c.obj

Run/Load            
Value     Binding   Name (Section)
--------  --------  ---------------
003f13b6  local     $C$FL1 (.econst)
003f13ba  local     $C$FL2 (.econst)
003f13be  local     $C$FL3 (.econst)
003f13c2  local     $C$FL4 (.econst)
003f13c6  local     $C$FL5 (.econst)
00000000  local     .bss (.bss)
00000000  local     .data (.data)
003f13a2  local     .econst (.econst)
003ebd3f  local     .text (.text)
003f13a6  local     _C0 (.econst)
003f13aa  local     _C1 (.econst)
003f13ae  local     _C2 (.econst)
003f13b2  local     _C3 (.econst)
003ebd3f  global    ___kernel_cosdf (.text)
003f13a2  local     _one (.econst)


================================================================================

rts2800_ml.lib : k_sinf.c.obj

Run/Load            
Value     Binding   Name (Section)
--------  --------  ---------------
003f13fa  local     $C$FL1 (.econst)
003f13fe  local     $C$FL2 (.econst)
003f1402  local     $C$FL3 (.econst)
003f1406  local     $C$FL4 (.econst)
00000000  local     .bss (.bss)
00000000  local     .data (.data)
003f13ea  local     .econst (.econst)
003ebb0b  local     .text (.text)
003f13ea  local     _S1 (.econst)
003f13ee  local     _S2 (.econst)
003f13f2  local     _S3 (.econst)
003f13f6  local     _S4 (.econst)
003ebb0b  global    ___kernel_sindf (.text)


================================================================================

rts2800_ml.lib : fd_cmp28.asm.obj

Run/Load            
Value     Binding   Name (Section)
--------  --------  ---------------
00000000  local     .bss (.bss)
00000000  local     .data (.data)
003ece45  local     .text (.text)
003ece55  local     CHECK_INF (.text)
003ece45  global    FD$$CMP (.text)
003ece6c  local     NO_NEG (.text)
003ece6d  local     OP_EQUAL (.text)
003ece65  local     RETURN (.text)


================================================================================

rts2800_ml.lib : fd_tol28.asm.obj

Run/Load            
Value     Binding   Name (Section)
--------  --------  ---------------
00000000  local     .bss (.bss)
00000000  local     .data (.data)
003ed3fb  local     .text (.text)
003ed3fb  global    FD$$TOL (.text)
003ed414  local     OVERFLOW (.text)
003ed413  local     RETURN_VALUE (.text)
003ed418  local     UNDERFLOW (.text)


================================================================================

rts2800_ml.lib : ll_aox28.asm.obj

Run/Load            
Value     Binding   Name (Section)
--------  --------  ---------------
00000000  local     .bss (.bss)
00000000  local     .data (.data)
003ed702  local     .text (.text)
003ed702  global    LL$$AND (.text)
003ed70a  global    LL$$OR (.text)
003ed712  global    LL$$XOR (.text)


================================================================================

rts2800_ml.lib : i_div28.asm.obj

Run/Load            
Value     Binding   Name (Section)
--------  --------  ---------------
00000000  local     .bss (.bss)
00000000  local     .data (.data)
003ed279  local     .text (.text)
003ed279  global    I$$DIV (.text)
003ed28a  global    I$$MOD (.text)
003ed289  local     RET1 (.text)
003ed299  local     RET2 (.text)


================================================================================

rts2800_ml.lib : l_tofd28.asm.obj

Run/Load            
Value     Binding   Name (Section)
--------  --------  ---------------
003ed528  local     $10 (.text)
00000000  local     .bss (.bss)
00000000  local     .data (.data)
003ed51a  local     .text (.text)
003ed51a  global    L$$TOFD (.text)
003ed534  local     OP_ZERO (.text)
003ed533  local     RETURN (.text)
003ed531  local     RETURN_VALUE (.text)


================================================================================

rts2800_ml.lib : fd_tofs28.asm.obj

Run/Load            
Value     Binding   Name (Section)
--------  --------  ---------------
00000000  local     .bss (.bss)
00000000  local     .data (.data)
003ed2dd  local     .text (.text)
003ed2ea  local     EXP_EVAL (.text)
003ed2dd  global    FD$$TOFS (.text)
003ed2f6  local     OVERFLOW (.text)
003ed2f5  local     RETURN_VALUE (.text)
003ed2fc  local     UNDERFLOW (.text)


================================================================================

rts2800_ml.lib : errno.c.obj

Run/Load            
Value     Binding   Name (Section)
--------  --------  ---------------
00000000  local     .bss (.bss)
003f1c86  local     .cinit (.cinit)
00000000  local     .data (.data)
0000de91  local     .ebss (.ebss)
00000000  local     .text (.text)
0000de91  global    _errno (.ebss)


================================================================================

