******************************************************************************
             TMS320C2000 Linker PC v22.6.0                     
******************************************************************************
>> Linked Thu Oct  6 00:51:49 2022

OUTPUT FILE NAME:   <../../../04_Output_Files/Motor28062/TEST_CSMON_C28xx.out>
ENTRY POINT SYMBOL: "_c_int00"  address: 003ed058


MEMORY CONFIGURATION

         name            origin    length      used     unused   attr    fill
----------------------  --------  ---------  --------  --------  ----  --------
PAGE 0:
  RAML0                 00008000   00000800  00000029  000007d7  RWIX
  RAML1                 00008800   00000400  00000000  00000400  RWIX
  OTP                   003d7800   00000400  00000000  00000400  RWIX
  FLASH_APP             003e8000   0000dff0  00009ff5  00003ffb  RWIX
  CSM_RSVD              003f7f80   00000076  00000076  00000000  RWIX
  BEGIN                 003f7ff6   00000002  00000002  00000000  RWIX
  CSM_PWL_P0            003f7ff8   00000008  00000008  00000000  RWIX
  FPUTABLES             003fd590   000006a0  00000000  000006a0  RWIX
  IQTABLES              003fdf00   00000b50  00000000  00000b50  RWIX
  IQTABLES2             003fea50   0000008c  00000000  0000008c  RWIX
  IQTABLES3             003feadc   000000aa  00000000  000000aa  RWIX
  ROM                   003ff3b0   00000c10  00000000  00000c10  RWIX
  RESET                 003fffc0   00000002  00000000  00000002  RWIX
  VECTORS               003fffc2   0000003e  00000000  0000003e  RWIX

PAGE 1:
  BOOT_RSVD             00000000   00000050  00000000  00000050  RWIX
  RAMM0                 00000050   000003b0  00000380  00000030  RWIX
  RAMM1                 00000400   00000400  00000000  00000400  RWIX
  DEV_EMU               00000880   00000105  00000004  00000101  RWIX
  SYS_PWR_CTL           00000985   00000003  00000003  00000000  RWIX
  FLASH_REGS            00000a80   00000060  00000008  00000058  RWIX
  CSM                   00000ae0   00000020  00000010  00000010  RWIX
  ADC_RESULT            00000b00   00000020  00000010  00000010  RWIX
  CPU_TIMER0            00000c00   00000008  00000008  00000000  RWIX
  CPU_TIMER1            00000c08   00000008  00000008  00000000  RWIX
  CPU_TIMER2            00000c10   00000008  00000008  00000000  RWIX
  PIE_CTRL              00000ce0   00000020  0000001a  00000006  RWIX
  PIE_VECT              00000d00   00000100  00000100  00000000  RWIX
  DMA                   00001000   00000200  000000e0  00000120  RWIX
  CLA1                  00001400   00000080  00000040  00000040  RWIX
  USB0                  00004000   00001000  00000454  00000bac  RWIX
  McBSPA                00005000   00000040  00000024  0000001c  RWIX
  ECANA                 00006000   00000040  00000034  0000000c  RWIX
  ECANA_LAM             00006040   00000040  00000040  00000000  RWIX
  ECANA_MOTS            00006080   00000040  00000040  00000000  RWIX
  ECANA_MOTO            000060c0   00000040  00000040  00000000  RWIX
  ECANA_MBOX            00006100   00000100  00000100  00000000  RWIX
  COMP1                 00006400   00000020  00000014  0000000c  RWIX
  COMP2                 00006420   00000020  00000014  0000000c  RWIX
  COMP3                 00006440   00000020  00000014  0000000c  RWIX
  EPWM1                 00006800   00000040  00000040  00000000  RWIX
  EPWM2                 00006840   00000040  00000040  00000000  RWIX
  EPWM3                 00006880   00000040  00000040  00000000  RWIX
  EPWM4                 000068c0   00000040  00000040  00000000  RWIX
  EPWM5                 00006900   00000040  00000040  00000000  RWIX
  EPWM6                 00006940   00000040  00000040  00000000  RWIX
  EPWM7                 00006980   00000040  00000040  00000000  RWIX
  EPWM8                 000069c0   00000040  00000040  00000000  RWIX
  ECAP1                 00006a00   00000020  00000020  00000000  RWIX
  ECAP2                 00006a20   00000020  00000020  00000000  RWIX
  ECAP3                 00006a40   00000020  00000020  00000000  RWIX
  HRCAP1                00006ac0   00000020  00000020  00000000  RWIX
  HRCAP2                00006ae0   00000020  00000020  00000000  RWIX
  EQEP1                 00006b00   00000040  00000022  0000001e  RWIX
  EQEP2                 00006b40   00000040  00000022  0000001e  RWIX
  HRCAP3                00006c80   00000020  00000020  00000000  RWIX
  HRCAP4                00006ca0   00000020  00000020  00000000  RWIX
  GPIOCTRL              00006f80   00000040  00000040  00000000  RWIX
  GPIODAT               00006fc0   00000020  00000020  00000000  RWIX
  GPIOINT               00006fe0   00000020  00000020  00000000  RWIX
  SYSTEM                00007010   00000030  00000030  00000000  RWIX
  SPIA                  00007040   00000010  00000010  00000000  RWIX
  SCIA                  00007050   00000010  00000010  00000000  RWIX
  NMIINTRUPT            00007060   00000010  00000010  00000000  RWIX
  XINTRUPT              00007070   00000010  00000010  00000000  RWIX
  ADC                   00007100   00000080  00000050  00000030  RWIX
  SPIB                  00007740   00000010  00000010  00000000  RWIX
  SCIB                  00007750   00000010  00000010  00000000  RWIX
  I2CA                  00007900   00000040  00000022  0000001e  RWIX
  RAML2                 00008c00   00000400  00000000  00000400  RWIX
  RAML3                 00009000   00001000  00000000  00001000  RWIX
  RAML4                 0000a000   00002000  00002000  00000000  RWIX
  RAML5                 0000c000   00002000  00000b96  0000146a  RWIX
  RAML6                 0000e000   00002000  00000000  00002000  RWIX
  RAML7                 00010000   00002000  00000000  00002000  RWIX
  RAML8                 00012000   00002000  00000000  00002000  RWIX
  USB_RAM               00040000   00000800  00000000  00000800  RWIX
  PARTID                003d7e80   00000001  00000001  00000000  RWIX
  CSM_PWL               003f7ff8   00000008  00000008  00000000  RWIX


SECTION ALLOCATION MAP

 output                                  attributes/
section   page    origin      length       input sections
--------  ----  ----------  ----------   ----------------
.cinit     0    003f1817    000007df     
                  003f1817    000001a9     CSMON_C28xx.lib : hmmodbus.obj (.cinit)
                  003f19c0    00000142     main.obj (.cinit)
                  003f1b02    000000ca     CSMON_C28xx.lib : csmon.obj (.cinit)
                  003f1bcc    00000078                     : modbusreg.obj (.cinit)
                  003f1c44    0000003f                     : csmon.obj (.cinit:_CSMON_au8FileRecorderDataElementsSizeTable)
                  003f1c83    00000033                     : hmrecparam.obj (.cinit:_sRecStatusParam)
                  003f1cb6    00000030                     : csmon.obj (.cinit:_CSMON_au8FileRecorderConfigElementsSizeTable)
                  003f1ce6    0000002b                     : csmon.obj (.cinit:_CSMON_au8FileScopeConfigurationElementsSizeTable)
                  003f1d11    0000001f                     : hmrecparam.obj (.cinit:_sRecStatusParamInternal)
                  003f1d30    00000016     main.obj (.cinit:_sExternalRecoderHandle)
                  003f1d46    00000015     CSMON_C28xx.lib : csmon.obj (.cinit:_CSMON_sFileAutorization)
                  003f1d5b    00000014                     : hmdrv.obj (.cinit)
                  003f1d6f    00000014                     : hmprotocol.obj (.cinit)
                  003f1d83    00000013                     : modbusreg.obj (.cinit:_MODBUSREG_au8DeviceIDUserApplicationName)
                  003f1d96    00000013                     : modbusreg.obj (.cinit:_MODBUSREG_au8DeviceIDVendorUrl)
                  003f1da9    00000013                     : modbusreg.obj (.cinit:_MODBUSREG_au8ServerIDData)
                  003f1dbc    00000010     rtc_drv.obj (.cinit)
                  003f1dcc    0000000f     CSMON_C28xx.lib : csmon.obj (.cinit:_CSMON_sDateTime)
                  003f1ddb    0000000f                     : csmon.obj (.cinit:_CSMON_sDateTimeApplication)
                  003f1dea    0000000f                     : csmon.obj (.cinit:_CSMON_sDateTimeDefault)
                  003f1df9    0000000f                     : modbusreg.obj (.cinit:_MODBUSREG_au8DeviceIDModelName)
                  003f1e08    0000000f     device.obj (.cinit)
                  003f1e17    0000000e     rts2800_ml.lib : exit.c.obj (.cinit)
                  003f1e25    0000000d     CSMON_C28xx.lib : csmon.obj (.cinit:_CSMON_au8FileParameterCountElementsSizeTable)
                  003f1e32    0000000d                     : csmon.obj (.cinit:_CSMON_au8FileRTCElementsSizeTable)
                  003f1e3f    0000000d                     : csmon.obj (.cinit:_sHashKey)
                  003f1e4c    0000000d     tmr_drv.obj (.cinit)
                  003f1e59    0000000c     CSMON_C28xx.lib : csmon.obj (.cinit:_CSMON_au8FileParameterNumericElementsSizeTable)
                  003f1e65    0000000c                     : modbusreg.obj (.cinit:_MODBUSREG_au8DeviceIDProductName)
                  003f1e71    0000000c                     : modbusreg.obj (.cinit:_MODBUSREG_au8DeviceIDUserReserve0)
                  003f1e7d    0000000c                     : modbusreg.obj (.cinit:_MODBUSREG_au8DeviceIDUserReserve1)
                  003f1e89    0000000c                     : modbusreg.obj (.cinit:_MODBUSREG_au8DeviceIDUserReserve2)
                  003f1e95    0000000c                     : modbusreg.obj (.cinit:_MODBUSREG_au8DeviceIDVendorName)
                  003f1ea1    0000000b                     : hmrecparam.obj (.cinit:_HMRECPRM_sDateTime)
                  003f1eac    0000000b     main.obj (.cinit:_MAIN_sDateTimeGet)
                  003f1eb7    0000000b     main.obj (.cinit:_MAIN_sDateTimeSet)
                  003f1ec2    0000000b     uart_driver.obj (.cinit:_UART_DRV_RXIntOverflowCounter)
                  003f1ecd    0000000b     uart_driver.obj (.cinit:_UART_DRV_u32TimeDiffLast)
                  003f1ed8    0000000b     uart_driver.obj (.cinit:_UART_DRV_u32TimeDiffNow)
                  003f1ee3    0000000b     CSMON_C28xx.lib : uart_drv.obj (.cinit:_UART_RXIntOverflowCounter)
                  003f1eee    0000000b     tmr_drv.obj (.cinit:_pfDelayedFunction)
                  003f1ef9    0000000b     tmr_drv.obj (.cinit:_pfDelayedFunction_u8)
                  003f1f04    0000000b     CSMON_C28xx.lib : uart_drv.obj (.cinit:_u32TimeDiffLast)
                  003f1f0f    0000000b                     : uart_drv.obj (.cinit:_u32TimeDiffNow)
                  003f1f1a    0000000b                     : uart_drv.obj (.cinit:_u32TimeDiffRead)
                  003f1f25    00000009                     : hmserial.obj (.cinit)
                  003f1f2e    00000009                     : csmon.obj (.cinit:_CSMON_au32FileAutorization_FunctionAfterWriteFileRecord)
                  003f1f37    00000009                     : csmon.obj (.cinit:_CSMON_sFileParameterCount)
                  003f1f40    00000009                     : hmscopeparam.obj (.cinit:_pBufferScope)
                  003f1f49    00000008                     : hmlib.obj (.cinit)
                  003f1f51    00000007                     : csmon.obj (.cinit:_CSMON_au8FileParameterListElementsSizeTablePart1)
                  003f1f58    00000007                     : csmon.obj (.cinit:_CSMON_au8FileRecorderStatusElementsSizeTable)
                  003f1f5f    00000007                     : hmmodbus.obj (.cinit:_HMMODBUS_u32RegisterAddressInRamDummy)
                  003f1f66    00000007                     : modbusreg.obj (.cinit:_MODBUSREG_au8DeviceIDMajorMinorRevision)
                  003f1f6d    00000007                     : modbusreg.obj (.cinit:_MODBUSREG_au8DeviceIDProductCode)
                  003f1f74    00000007                     : uart_drv.obj (.cinit:_UARTRxBufferRDCount)
                  003f1f7b    00000007                     : uart_drv.obj (.cinit:_UARTRxBufferRDIndex)
                  003f1f82    00000007                     : uart_drv.obj (.cinit:_UARTRxBufferWRCount)
                  003f1f89    00000007                     : uart_drv.obj (.cinit:_UARTRxBufferWRIndex)
                  003f1f90    00000007     uart_driver.obj (.cinit:_UART_DRV_RxBufferRDCount)
                  003f1f97    00000007     uart_driver.obj (.cinit:_UART_DRV_RxBufferWRCount)
                  003f1f9e    00000007     uart_driver.obj (.cinit:_UART_DRV_RxBufferWRIndex)
                  003f1fa5    00000007     sys_drv.obj (.cinit:_sHexMonUartModuleConfiguration)
                  003f1fac    00000006     CSMON_C28xx.lib : csmon.obj (.cinit:_CSMON_abFileAutorization_RecordReadOnly)
                  003f1fb2    00000006                     : csmon.obj (.cinit:_CSMON_abFileAutorization_RecordStringData)
                  003f1fb8    00000006                     : csmon.obj (.cinit:_CSMON_au16FileAutorization_RecordOffsets)
                  003f1fbe    00000006                     : csmon.obj (.cinit:_CSMON_au8FileRecorderDataElementsSizeTableUsedLength)
                  003f1fc4    00000006                     : csmon.obj (.cinit:_CSMON_sFileProtocolVersion)
                  003f1fca    00000005     rts2800_ml.lib : _lock.c.obj (.cinit:__lock)
                  003f1fcf    00000005                    : _lock.c.obj (.cinit:__unlock)
                  003f1fd4    00000004     CSMON_C28xx.lib : hmscopeparam.obj (.cinit)
                  003f1fd8    00000004                     : uart_drv.obj (.cinit)
                  003f1fdc    00000004                     : csmon.obj (.cinit:_CSMON_au8FileParameterListElementsSizeTablePart2)
                  003f1fe0    00000004                     : csmon.obj (.cinit:_CSMON_au8FileParameterListElementsSizeTablePart3)
                  003f1fe4    00000004                     : csmon.obj (.cinit:_CSMON_au8FileScopeStatusElementsSizeTable)
                  003f1fe8    00000004                     : csmon.obj (.cinit:_CSMON_sFileParameterAccessList)
                  003f1fec    00000004                     : modbusreg.obj (.cinit:_MODBUSREG_asFileTable)
                  003f1ff0    00000004     rts2800_ml.lib : errno.c.obj (.cinit)
                  003f1ff4    00000002     --HOLE-- [fill = 0]

.pinit     0    003e8000    00000000     UNINITIALIZED

.text      0    003e8000    00006aa8     
                  003e8000    00001323     CSMON_C28xx.lib : hmmodbus.obj (.text:_HMMODBUS_bDecoder)
                  003e9323    00000a3f                     : modbusreg.obj (.text:_MODBUSREG_AddressTablesInit)
                  003e9d62    00000698     rts2800_ml.lib : k_rem_pio2.c.obj (.text)
                  003ea3fa    0000019a     main.obj (.text:_main)
                  003ea594    00000184     CSMON_C28xx.lib : csmon.obj (.text:_CSMON_eInit)
                  003ea718    00000178                     : csmon.obj (.text:_CSMON_eSetUpRecParam)
                  003ea890    0000016f                     : csmon.obj (.text:_CSMON_eProcess)
                  003ea9ff    0000013c                     : csmon.obj (.text:_CSMON_vCheckLoadRecorderTable)
                  003eab3b    00000133                     : hmmodbus.obj (.text:_HMMODBUS_Rx)
                  003eac6e    0000011b                     : hmmodbus.obj (.text:_HMMODBUS_vSetFreeRunTimerPrescaller)
                  003ead89    00000114     rts2800_ml.lib : s_sinf.c.obj (.text)
                  003eae9d    00000107                    : ll_div28.asm.obj (.text)
                  003eafa4    000000fa     CSMON_C28xx.lib : csmon.obj (.text:_CSMON_vCheckSaveRecorderTable)
                  003eb09e    000000f8                     : hmprotocol.obj (.text:_HMPROTOCOL_bDecoder)
                  003eb196    000000f5                     : hmdrv.obj (.text:_HMDRV_vInit)
                  003eb28b    000000f1                     : csmon.obj (.text:_CSMON_vFileRecoderStatusFix)
                  003eb37c    000000ec                     : hmmodbus.obj (.text:_HMMODBUS_GetRealRegisterAddressAndSize)
                  003eb468    000000e9                     : csmon.obj (.text:_CSMON_vSaveRecorderConfiguration)
                  003eb551    000000e8                     : hmrecparam.obj (.text:_HMRECPRM_vProcess)
                  003eb639    000000e8     rts2800_ml.lib : s_floor.c.obj (.text)
                  003eb721    000000d9     main.obj (.text:_ControlProcess)
                  003eb7fa    000000c4     CSMON_C28xx.lib : csmon.obj (.text:_CSMON_u32GetParameterListCheckSum)
                  003eb8be    000000c1     main.obj (.text:_RecordersInitialization)
                  003eb97f    000000bc     CSMON_C28xx.lib : hmrecparam.obj (.text:_HMRECPRM_SetUpRec)
                  003eba3b    000000b8                     : hmrec.obj (.text:_HMREC_SetUpRec)
                  003ebaf3    000000aa                     : hmdrv.obj (.text:_HMDRV_CopyFromBufferInternalModbusBitField)
                  003ebb9d    000000aa     rts2800_ml.lib : s_scalbn.c.obj (.text)
                  003ebc47    000000a7                    : e_rem_pio2f.c.obj (.text)
                  003ebcee    000000a3     CSMON_C28xx.lib : csmon.obj (.text:_CSMON_vSaveRecorderConfigTrigger)
                  003ebd91    000000a3     tmr_drv.obj (.text:_TMR2_ISR)
                  003ebe34    000000a0     CSMON_C28xx.lib : csmon.obj (.text:_CSMON_vSetupHoldingRegistersAndCoilsAddressTableFromCSMONParameterList)
                  003ebed4    0000009c     rts2800_ml.lib : fd_add28.asm.obj (.text)
                  003ebf70    00000099     main.obj (.text:_ParameterInitialization)
                  003ec009    00000095     CSMON_C28xx.lib : csmon.obj (.text:_CSMON_vLoadRecorderConfiguration)
                  003ec09e    00000092                     : hmdrv.obj (.text:_HMDRV_CopyMemory)
                  003ec130    00000092                     : hmdrv.obj (.text:_HMDRV_CopyToBufferInternalModbus)
                  003ec1c2    00000092     rts2800_ml.lib : k_sinf.c.obj (.text)
                  003ec254    00000090     CSMON_C28xx.lib : csmon.obj (.text:_CSMON_vSetDateTimeAutorization)
                  003ec2e4    0000008d                     : csmon.obj (.text:_CSMON_vInitRecorders)
                  003ec371    0000008b     rts2800_ml.lib : fd_div28.asm.obj (.text)
                  003ec3fc    00000087     CSMON_C28xx.lib : hmrecparam.obj (.text:_HMRECPRM_SetUpRecParamStatusDateTime)
                  003ec483    00000087     rts2800_ml.lib : k_cosf.c.obj (.text)
                  003ec50a    00000083     CSMON_C28xx.lib : hmdrv.obj (.text:_HMDRV_CopyFromBufferInternalModbus)
                  003ec58d    00000083     rts2800_ml.lib : fd_mpy28.asm.obj (.text)
                  003ec610    00000083                    : fs_div28.asm.obj (.text)
                  003ec693    0000007f     CSMON_C28xx.lib : hmserial.obj (.text:_HMSERIAL_vProcessSCI)
                  003ec712    0000007e                     : hmrecparam.obj (.text:_HMRECPRM_vTimeSync)
                  003ec790    0000007d                     : csmon.obj (.text:_CSMON_vPrepareFileParameterAccessList)
                  003ec80d    00000078     rts2800_ml.lib : fs_add28.asm.obj (.text)
                  003ec885    00000076     main.obj (.text:_ScopesInitialization)
                  003ec8fb    00000070     CSMON_C28xx.lib : csmon.obj (.text:_CSMON_u32GetParameterStringCheckSum)
                  003ec96b    0000006d                     : modbusreg.obj (.text:_MODBUSREG_vInit)
                  003ec9d8    0000006a                     : hmprotocol.obj (.text:_HMPROTOCOL_GetBoardInfo)
                  003eca42    0000006a                     : hmserial.obj (.text:_HMSERIAL_Rx)
                  003ecaac    00000067                     : hmmodbus.obj (.text:_HMMODBUS_CopyFromBuffer)
                  003ecb13    00000066                     : hmmodbus.obj (.text:_HMMODBUS_vProcessSCI)
                  003ecb79    00000064                     : hmrec.obj (.text:_HMREC_vProcess)
                  003ecbdd    0000005f     F2806x_SysCtrl.obj (.text:_InitPeripheralClocks)
                  003ecc3c    0000005d     CSMON_C28xx.lib : uart_drv.obj (.text:_UART_RXInterrupt)
                  003ecc99    0000005a                     : csmon.obj (.text:_CSMON_vRecorderParamStartStopProcess)
                  003eccf3    0000005a     gpio.obj (.text:_GPIO_setPinConfigOutput)
                  003ecd4d    0000005a     rts2800_ml.lib : fs_mpy28.asm.obj (.text)
                  003ecda7    00000059     CSMON_C28xx.lib : csmon.obj (.text:_CSMON_vUpdateDateTimeFromApplication)
                  003ece00    00000059                     : hmmodbus.obj (.text:_vSetElementsSize)
                  003ece59    00000057                     : csmon.obj (.text:_CSMON_bCheckValidDateTime)
                  003eceb0    00000057     uart_driver.obj (.text:_UART_DRV_RXInterrupt)
                  003ecf07    00000055     CSMON_C28xx.lib : modbusreg.obj (.text:_MODBUSREG_FileRecorderExternalUpdateInit)
                  003ecf5c    00000054                     : csmon.obj (.text:_CSMON_u32GetParameterNumbCheckSum)
                  003ecfb0    00000054                     : csmon.obj (.text:_CSMON_u32GetParameterShortNameCheckSum)
                  003ed004    00000054                     : hmlib.obj (.text:_HMLIB_vInit)
                  003ed058    00000054     rts2800_ml.lib : boot28.asm.obj (.text)
                  003ed0ac    00000052     CSMON_C28xx.lib : csmon.obj (.text:_CSMON_vLoadRecorderConfigTrigger)
                  003ed0fe    00000051     F2806x_SysCtrl.obj (.text:_InitPll)
                  003ed14f    00000050     CSMON_C28xx.lib : csmon.obj (.text:_CSMON_eSetExternalRecorderUsage)
                  003ed19f    0000004f     device.obj (.text:_Device_CsmUnlock)
                  003ed1ee    0000004e     CSMON_C28xx.lib : hmrecparam.obj (.text:_HMRECPRM_StartRecParam)
                  003ed23c    0000004a                     : csmon.obj (.text:_CSMON_eSetRecorderTriggerAtPosition)
                  003ed286    0000004a                     : hmmodbus.obj (.text:_HMMODBUS_GetRegisterFunction)
                  003ed2d0    00000047                     : hmmodbus.obj (.text:_HMMODBUS_CopyToBuffer)
                  003ed317    00000047                     : hmscopeparam.obj (.text:_HMSCOPEPRM_SetUpScope)
                  003ed35e    00000043                     : hmscopeparam.obj (.text:_HMSCOPEPRM_ReadScope)
                  003ed3a1    00000042                     : hmmodbus.obj (.text:_HMMODBUS_vSendResponse)
                  003ed3e3    00000042     interrupt.obj (.text:_Interrupt_enable)
                  003ed425    0000003f     CSMON_C28xx.lib : hmdrv.obj (.text:_HMDRV_CopyFromBufferInternal)
                  003ed464    0000003d                     : hmmodbus.obj (.text:_vSetStartSampleIndex)
                  003ed4a1    0000003c     tmr_drv.obj (.text:_configCPUTimer)
                  003ed4dd    0000003b     CSMON_C28xx.lib : csmon.obj (.text:_CSMON_eSetRecorderConfigurationSkipSamples)
                  003ed518    0000003b                     : hmscope.obj (.text:_HMSCOPE_SetUpScope)
                  003ed553    00000038     device.obj (.text:_Device_init)
                  003ed58b    00000038     CSMON_C28xx.lib : uart_drv.obj (.text:_UART_ReadDataRx)
                  003ed5c3    00000037                     : csmon.obj (.text:_CSMON_u32GetRealAddressAndSizeOffsetFromParameter)
                  003ed5fa    00000036                     : hmscope.obj (.text:_HMSCOPE_ReadScope)
                  003ed630    00000036                     : hmserial.obj (.text:_HMSERIAL_vSendResponse)
                  003ed666    00000035                     : hmdrv.obj (.text:_HMDRV_CopyToBufferInternal)
                  003ed69b    00000035     tmr_drv.obj (.text:_TMR_vInit)
                  003ed6d0    00000034     CSMON_C28xx.lib : csmon.obj (.text:_CSMON_eSetParameterInRecorderAtPosition)
                  003ed704    00000033                     : hmmodbus.obj (.text:_HMMODBUS_Listen)
                  003ed737    00000032                     : csmon.obj (.text:_CSMON_eSetParameterInScopeAtPosition)
                  003ed769    0000002e                     : csmon.obj (.text:_CSMON_vRecorderParamSetupProcess)
                  003ed797    0000002e                     : hmserial.obj (.text:_HMSERIAL_vProcessSCIFreemasterOnly)
                  003ed7c5    0000002d                     : hmserial.obj (.text:_HMSERIAL_Listen)
                  003ed7f2    0000002d                     : hmrecparam.obj (.text:_RecorderTimeFromLocalDateTime)
                  003ed81f    0000002d     tmr_drv.obj (.text:_TMR_vInitCPUTimers)
                  003ed84c    0000002b     CSMON_C28xx.lib : hmrecparam.obj (.text:_FillTimeData)
                  003ed877    0000002a     rts2800_ml.lib : fd_cmp28.asm.obj (.text)
                  003ed8a1    00000029                    : exit.c.obj (.text)
                  003ed8ca    00000029                    : fs_tol28.asm.obj (.text)
                  003ed8f3    00000028     CSMON_C28xx.lib : csmon.obj (.text:_CSMON_bAutorizationPasswordCheck)
                  003ed91b    00000028                     : csmon.obj (.text:_CSMON_vSetupHoldingRegistersAndCoilsAddressTableAccessAll)
                  003ed943    00000027                     : csmon.obj (.text:_CSMON_u32GetParameterCheckSum)
                  003ed96a    00000027                     : csmon.obj (.text:_CSMON_vSaveRecorderConfig)
                  003ed991    00000027                     : hmserial.obj (.text:_HMSERIAL_vProcessSCITXISR)
                  003ed9b8    00000026                     : hmdrv.obj (.text:_HMDRV_CopyFromBufferInternalWithMaskModbus)
                  003ed9de    00000025                     : hmserial.obj (.text:_HMSERIAL_Tx)
                  003eda03    00000025     rts2800_ml.lib : fs_toi28.asm.obj (.text)
                  003eda28    00000024     CSMON_C28xx.lib : csmon.obj (.text:_CSMON_vAutorizationReset)
                  003eda4c    00000024                     : hmprotocol.obj (.text:_HMPROTOCOL_ReadMem)
                  003eda70    00000024                     : hmrecparam.obj (.text:_RecorderDateFromLocalDateTime)
                  003eda94    00000024     sci_driver.obj (.text:_SCIA_DRV_RXFIFOISR)
                  003edab8    00000024     sci_driver.obj (.text:_SCIA_DRV_TXFIFOISR)
                  003edadc    00000024     sci_drv.obj (.text:_SCIA_RXFIFOISR)
                  003edb00    00000024     sci_drv.obj (.text:_SCIA_TXFIFOISR)
                  003edb24    00000024     sci_driver.obj (.text:_SCIB_DRV_RXFIFOISR)
                  003edb48    00000024     sci_driver.obj (.text:_SCIB_DRV_TXFIFOISR)
                  003edb6c    00000024     sci_drv.obj (.text:_SCIB_RXFIFOISR)
                  003edb90    00000024     sci_drv.obj (.text:_SCIB_TXFIFOISR)
                  003edbb4    00000024     CSMON_C28xx.lib : hmmodbus.obj (.text:_vSetSampleCountAvailable)
                  003edbd8    00000024     rts2800_ml.lib : cpy_tbl.c.obj (.text)
                  003edbfc    00000023     CSMON_C28xx.lib : modbusreg.obj (.text:_MODBUSREG_FileRecorderElementSizeTableUsedSizeUpdateInit)
                  003edc1f    00000023     rts2800_ml.lib : s_copysign.c.obj (.text)
                  003edc42    00000022                    : i_div28.asm.obj (.text)
                  003edc64    00000021     CSMON_C28xx.lib : hmdrv.obj (.text:_HMDRV_CopyFromBufferInternalWithMask)
                  003edc85    00000021     sci.obj (.text:_SCI_setConfig)
                  003edca6    00000021     rts2800_ml.lib : fd_tofs28.asm.obj (.text)
                  003edcc7    00000021                    : fs_toul28.asm.obj (.text)
                  003edce8    00000020     CSMON_C28xx.lib : hmdrv.obj (.text:_HMDRV_vProcess)
                  003edd08    00000020                     : hmmodbus.obj (.text:_vSetSampleCountBuffer)
                  003edd28    0000001f                     : csmon.obj (.text:_CSMON_u16FindIndexParameterTable)
                  003edd47    0000001f     F2806x_PieCtrl.obj (.text:_InitPieCtrl)
                  003edd66    0000001f     CSMON_C28xx.lib : hmmodbus.obj (.text:_vSetSampleSize)
                  003edd85    0000001f     rts2800_ml.lib : fd_tol28.asm.obj (.text)
                  003edda4    0000001d     CSMON_C28xx.lib : hmrecparam.obj (.text:_HMRECPRM_GetRecBuffFreemaster)
                  003eddc1    0000001d                     : hmrec.obj (.text:_HMREC_GetRecBuffFreemaster)
                  003eddde    0000001d     rts2800_ml.lib : fs_tou28.asm.obj (.text)
                  003eddfb    0000001d                    : memcpy.c.obj (.text)
                  003ede18    0000001c     main.obj (.text:_CSMON_vGetDateTime)
                  003ede34    0000001c     CSMON_C28xx.lib : csmon.obj (.text:_HMRECPRM_vGetDateTime)
                  003ede50    0000001c     sci.obj (.text:_SCI_clearInterruptStatus)
                  003ede6c    0000001c     CSMON_C28xx.lib : hmmodbus.obj (.text:_vSetIndexFileTable)
                  003ede88    0000001c     rts2800_ml.lib : fs_tofd28.asm.obj (.text)
                  003edea4    0000001c                    : l_tofd28.asm.obj (.text)
                  003edec0    0000001b     CSMON_C28xx.lib : csmon.obj (.text:_CSMON_eSetParameterCountInRecorder)
                  003ededb    0000001b     device.obj (.text:_Device_initGPIO)
                  003edef6    0000001b     CSMON_C28xx.lib : hmdrv.obj (.text:_HMDRV_AddressToBuffer)
                  003edf11    0000001b                     : hmmodbus.obj (.text:_HMMODBUS_vInit)
                  003edf2c    0000001b     rts2800_ml.lib : fd_toul28.asm.obj (.text)
                  003edf47    0000001a     CSMON_C28xx.lib : hmmodbus.obj (.text:_HMMODBUS_vProcessSCITXISR)
                  003edf61    0000001a                     : hmrecparam.obj (.text:_HMRECPRM_StartRec)
                  003edf7b    0000001a                     : hmserial.obj (.text:_HMSERIAL_vProcessSCITXISRFreemasterOnly)
                  003edf95    0000001a     sci.obj (.text:_SCI_disableInterrupt)
                  003edfaf    0000001a     sci.obj (.text:_SCI_enableInterrupt)
                  003edfc9    0000001a     rts2800_ml.lib : l_tofs28.asm.obj (.text)
                  003edfe3    00000019     CSMON_C28xx.lib : csmon.obj (.text:_CSMON_vFileParameterCountCheckSumUpdate)
                  003edffc    00000019                     : hmdrv.obj (.text:_HMDRV_AddressFromBuffer)
                  003ee015    00000019                     : uart_drv.obj (.text:_UART_vInit)
                  003ee02e    00000019                     : hmmodbus.obj (.text:_bGetFileReadAccess)
                  003ee047    00000019     rts2800_ml.lib : prolog28.asm.obj (.text)
                  003ee060    00000018     CSMON_C28xx.lib : csmon.obj (.text:_CSMON_u32GetFreeRunningTimerMicroseconds)
                  003ee078    00000018                     : hmlib.obj (.text:_HMLIB_vProcessSCITXISRWithIndex)
                  003ee090    00000018     F2806x_SysCtrl.obj (.text:_InitSysCtrl)
                  003ee0a8    00000018     rts2800_ml.lib : ll_aox28.asm.obj (.text)
                  003ee0c0    00000017     CSMON_C28xx.lib : hmmodbus.obj (.text:_HMMODBUS_Tx)
                  003ee0d7    00000017                     : hmmodbus.obj (.text:_HMMODBUS_vProcessTxDelay)
                  003ee0ee    00000017                     : hmprotocol.obj (.text:_HMPROTOCOL_WriteMem)
                  003ee105    00000017                     : hmprotocol.obj (.text:_HMPROTOCOL_WriteMemMask)
                  003ee11c    00000017                     : hmmodbus.obj (.text:_vSetBufferAddressStart)
                  003ee133    00000017     rts2800_ml.lib : fs_cmp28.asm.obj (.text)
                  003ee14a    00000017                    : u_tofd28.asm.obj (.text)
                  003ee161    00000016     CSMON_C28xx.lib : csmon.obj (.text:_CSMON_eSetParameterCountInScope)
                  003ee177    00000016                     : hmdrv.obj (.text:_HMDRV_AddressFromBufferBigEndian)
                  003ee18d    00000015                     : hmrecparam.obj (.text:_HMRECPRM_Comparefloat)
                  003ee1a2    00000015                     : hmrec.obj (.text:_HMREC_Comparefloat)
                  003ee1b7    00000015                     : hmrec.obj (.text:_HMREC_StartRec)
                  003ee1cc    00000015     F2806x_Gpio.obj (.text:_InitGpio)
                  003ee1e1    00000014     CSMON_C28xx.lib : hmlib.obj (.text:_HMLIB_vProcessFastTD)
                  003ee1f5    00000014                     : hmmodbus.obj (.text:_HMMODBUS_DelayedTx)
                  003ee209    00000014                     : hmrecparam.obj (.text:_HMRECPRM_StopRecParam)
                  003ee21d    00000014                     : hmserial.obj (.text:_HMSERIAL_DelayedTx)
                  003ee231    00000013                     : csmon.obj (.text:_CSMON_eSetFlagProcessPassed)
                  003ee244    00000013     rts2800_ml.lib : ul_tofs28.asm.obj (.text)
                  003ee257    00000012     CSMON_C28xx.lib : hmdrv.obj (.text:_HMDRV_GetStringLengthFromWordInternal)
                  003ee269    00000012                     : hmrecparam.obj (.text:_HMRECPRM_CompareBOOL)
                  003ee27b    00000012                     : modbusreg.obj (.text:_MODBUSREG_vFileDenyAccess)
                  003ee28d    00000012                     : modbusreg.obj (.text:_MODBUSREG_vInitHoldingRegistersTableChanges)
                  003ee29f    00000012                     : uart_drv.obj (.text:_UART_TxIntDis)
                  003ee2b1    00000012                     : uart_drv.obj (.text:_UART_TxIntEna)
                  003ee2c3    00000011                     : csmon.obj (.text:_CSMON_eApplyParameterChanges)
                  003ee2d4    00000011     main.obj (.text:_CSMON_vSetDateTime)
                  003ee2e5    00000011     CSMON_C28xx.lib : hmserial.obj (.text:_HMSERIAL_vInit)
                  003ee2f6    00000011     F2806x_PieVect.obj (.text:_InitPieVectTable)
                  003ee307    00000011     main.obj (.text:_vSetWatchdogPrescalerTimeDiv)
                  003ee318    00000011     rts2800_ml.lib : args_main.c.obj (.text)
                  003ee329    00000010     device.obj (.text:_Example_MemCopy)
                  003ee339    00000010     CSMON_C28xx.lib : hmlib.obj (.text:_HMLIB_vInitRecParamBuff)
                  003ee349    00000010                     : hmmodbus.obj (.text:_HMMODBUS_vSetupRegisterDummy)
                  003ee359    00000010     F2806x_SysCtrl.obj (.text:_IntOsc1Sel)
                  003ee369    00000010     CSMON_C28xx.lib : hmmodbus.obj (.text:_bIsValidEndAddressInBuffer)
                  003ee379    00000010                     : hmmodbus.obj (.text:_u32BytesMemoryToBytesModbus)
                  003ee389    00000010                     : hmmodbus.obj (.text:_u32BytesModbusToBytesMemory)
                  003ee399    00000010     main.obj (.text:_vGetWatchdogPrescaler)
                  003ee3a9    00000010     rts2800_ml.lib : u_tofs28.asm.obj (.text)
                  003ee3b9    0000000f     CSMON_C28xx.lib : hmlib.obj (.text:_HMLIB_vProcessRecorders)
                  003ee3c8    0000000f                     : hmmodbus.obj (.text:_HMMODBUS_CalcCRC)
                  003ee3d7    0000000f                     : uart_drv.obj (.text:_UART_IsTxEmpty)
                  003ee3e6    0000000e                     : hmdrv.obj (.text:_HMDRV_GetStringLengthInternal)
                  003ee3f4    0000000e                     : hmrecparam.obj (.text:_HMRECPRM_Compare16S)
                  003ee402    0000000e                     : hmrecparam.obj (.text:_HMRECPRM_Compare16U)
                  003ee410    0000000e                     : hmrecparam.obj (.text:_HMRECPRM_Compare32S)
                  003ee41e    0000000e                     : hmrecparam.obj (.text:_HMRECPRM_Compare32U)
                  003ee42c    0000000e                     : hmrecparam.obj (.text:_HMRECPRM_Compare8S)
                  003ee43a    0000000e                     : hmrecparam.obj (.text:_HMRECPRM_Compare8U)
                  003ee448    0000000e                     : hmrec.obj (.text:_HMREC_Compare16S)
                  003ee456    0000000e                     : hmrec.obj (.text:_HMREC_Compare16U)
                  003ee464    0000000e                     : hmrec.obj (.text:_HMREC_Compare32S)
                  003ee472    0000000e                     : hmrec.obj (.text:_HMREC_Compare32U)
                  003ee480    0000000e                     : hmrec.obj (.text:_HMREC_Compare8S)
                  003ee48e    0000000e                     : hmrec.obj (.text:_HMREC_Compare8U)
                  003ee49c    0000000e                     : hmmodbus.obj (.text:_u32FitAddressCircleBufferInside)
                  003ee4aa    0000000e     rts2800_ml.lib : fd_sub28.asm.obj (.text)
                  003ee4b8    0000000d     CSMON_C28xx.lib : hmrecparam.obj (.text:_HMRECPRM_IsJustStopped)
                  003ee4c5    0000000d                     : hmrecparam.obj (.text:_HMRECPRM_StopRec)
                  003ee4d2    0000000d                     : hmrec.obj (.text:_HMREC_StopRec)
                  003ee4df    0000000d                     : modbusreg.obj (.text:_MODBUSREG_vFileAllowAccess)
                  003ee4ec    0000000d     tmr_drv.obj (.text:_TIMER_vSetupTimerMainFunctionDelayCompare)
                  003ee4f9    0000000d     CSMON_C28xx.lib : uart_drv.obj (.text:_UART_ReadDataRxAvailable)
                  003ee506    0000000c                     : hmlib.obj (.text:_HMLIB_vProcess)
                  003ee512    0000000c                     : hmrecparam.obj (.text:_HMRECPRM_GetBufferRecParamPtrAddress)
                  003ee51e    0000000c                     : hmrecparam.obj (.text:_HMRECPRM_TriggerRec)
                  003ee52a    0000000c                     : hmmodbus.obj (.text:_u32FixAddressCircleBufferOverflow)
                  003ee536    0000000c     rts2800_ml.lib : epilog28.asm.obj (.text)
                  003ee542    0000000b     CSMON_C28xx.lib : hmmodbus.obj (.text:_HMMODBUS_vProcessFastTD)
                  003ee54d    0000000b                     : hmrecparam.obj (.text:_HMRECPRM_IsRunning)
                  003ee558    0000000b                     : hmrecparam.obj (.text:_HMRECPRM_vResetAllStopDetections)
                  003ee563    0000000b                     : hmserial.obj (.text:_HMSERIAL_vProcessFastTD)
                  003ee56e    0000000b                     : modbusreg.obj (.text:_MODBUSREG_vDataZero)
                  003ee579    0000000b     sci_driver.obj (.text:_SCI_DRV_eGetModuleIndexFromBase)
                  003ee584    0000000b     sci_drv.obj (.text:_SCI_eGetModuleIndexFromBase)
                  003ee58f    0000000b     tmr_drv.obj (.text:_TMR1_ISR)
                  003ee59a    0000000b     CSMON_C28xx.lib : uart_drv.obj (.text:_UART_TxDis)
                  003ee5a5    0000000b                     : uart_drv.obj (.text:_UART_TxEna)
                  003ee5b0    0000000b                     : hmmodbus.obj (.text:_bIsValidIndexFileTable)
                  003ee5bb    0000000b     rts2800_ml.lib : u_div28.asm.obj (.text)
                  003ee5c6    0000000a     CSMON_C28xx.lib : csmon.obj (.text:_CSMON_eResetParameterTable)
                  003ee5d0    0000000a                     : hmrecparam.obj (.text:_HMRECPRM_ClrLastStopDetectionToRecorderStopSamplesCounter)
                  003ee5da    0000000a                     : hmrecparam.obj (.text:_HMRECPRM_GetRecStatus)
                  003ee5e4    0000000a                     : hmrec.obj (.text:_HMREC_GetRecStatus)
                  003ee5ee    00000009                     : csmon.obj (.text:_CSMON_eSetServerOnStatus)
                  003ee5f7    00000009                     : hmmodbus.obj (.text:_HMMODBUS_vProcessFreeTimer)
                  003ee600    00000009                     : hmmodbus.obj (.text:_HMMODBUS_vProcessRxDelay)
                  003ee609    00000009                     : hmrecparam.obj (.text:_HMRECPRM_GetExternBufferRecParamLastPointedAddress)
                  003ee612    00000009                     : hmrecparam.obj (.text:_HMRECPRM_GetExternBufferRecParamPtrAddress)
                  003ee61b    00000009                     : hmrecparam.obj (.text:_HMRECPRM_vDisableAllStopDetections)
                  003ee624    00000009                     : hmrec.obj (.text:_HMREC_TriggerRec)
                  003ee62d    00000009                     : hmscopeparam.obj (.text:_HMSCOPEPRM_GetBufferScopeParamAddress)
                  003ee636    00000009                     : hmserial.obj (.text:_HMSERIAL_vProcessFreeTimer)
                  003ee63f    00000009     tmr_drv.obj (.text:_TIMER_vResetTimerMainFunctionDelayCounter)
                  003ee648    00000009     tmr_drv.obj (.text:_TIMER_vSetupTimerMainDelayedFunctionSendData)
                  003ee651    00000009     CSMON_C28xx.lib : uart_drv.obj (.text:_UART_PutChar)
                  003ee65a    00000009                     : uart_drv.obj (.text:_UART_ReadDataRxTimeDiff)
                  003ee663    00000009     rts2800_ml.lib : _lock.c.obj (.text)
                  003ee66c    00000009                    : fd_neg28.asm.obj (.text)
                  003ee675    00000008     Example_Flash2806x_CsmKeys.obj (.text)
                  003ee67d    00000008     F2806x_CodeStartBranch.obj (.text)
                  003ee685    00000008     CSMON_C28xx.lib : csmon.obj (.text:_CSMON_u32GetParameterAuxCheckSum)
                  003ee68d    00000008                     : csmon.obj (.text:_CSMON_vInitScopes)
                  003ee695    00000008     F2806x_SysCtrl.obj (.text:_DisableDog)
                  003ee69d    00000008     CSMON_C28xx.lib : hmdrv.obj (.text:_HMDRV_CopyFromBufferWithMaskModbus)
                  003ee6a5    00000008                     : hmrecparam.obj (.text:_HMRECPRM_GetExternRecParamAddress)
                  003ee6ad    00000008                     : hmrecparam.obj (.text:_HMRECPRM_GetExternRecParamPtrMaximumUsedSampleCount)
                  003ee6b5    00000008                     : hmrecparam.obj (.text:_HMRECPRM_GetExternRecParamPtrSampleSize)
                  003ee6bd    00000008                     : hmrecparam.obj (.text:_HMRECPRM_GetRecParamPtrAvailableSampleCount)
                  003ee6c5    00000008                     : hmrecparam.obj (.text:_HMRECPRM_GetRecParamPtrLastSampleIndex)
                  003ee6cd    00000008                     : hmrecparam.obj (.text:_HMRECPRM_GetRecParamPtrMaximumUsedSampleCount)
                  003ee6d5    00000008                     : hmrecparam.obj (.text:_HMRECPRM_GetRecParamPtrSampleSize)
                  003ee6dd    00000008                     : hmrecparam.obj (.text:_HMRECPRM_GetStatusInternalRecParamAddress)
                  003ee6e5    00000008                     : hmrecparam.obj (.text:_HMRECPRM_GetStatusRecParamAddress)
                  003ee6ed    00000008                     : hmrecparam.obj (.text:_HMRECPRM_vInit)
                  003ee6f5    00000008                     : hmrec.obj (.text:_HMREC_vInit)
                  003ee6fd    00000007     F2806x_DisInt.obj (.text)
                  003ee704    00000007     CSMON_C28xx.lib : hmlib.obj (.text:_HMLIB_vProcessDifferentPorts)
                  003ee70b    00000007                     : hmscopeparam.obj (.text:_HMSCOPEPRM_GetStatusScopeParamAddress)
                  003ee712    00000007     sci_driver.obj (.text:_SCI_DRV_u32GetBaseFromModuleIndex)
                  003ee719    00000007     sci_drv.obj (.text:_SCI_u32GetBaseFromModuleIndex)
                  003ee720    00000006     cputimer.obj (.text:_CPUTimer_setEmulationMode)
                  003ee726    00000006     CSMON_C28xx.lib : hmmodbus.obj (.text:_HMMODBUS_vSetupHoldingRegistersAddressTable)
                  003ee72c    00000006                     : hmmodbus.obj (.text:_HMMODBUS_vSetupHoldingRegistersAddressTableInRam)
                  003ee732    00000006                     : hmrecparam.obj (.text:_HMRECPRM_SetUpRecBuff)
                  003ee738    00000006                     : hmrec.obj (.text:_HMREC_SetUpRecBuff)
                  003ee73e    00000006     tmr_drv.obj (.text:_TIMER_u16ResetTimerMainPeriod)
                  003ee744    00000006     uart_driver.obj (.text:_UART_DRV_GetChar)
                  003ee74a    00000006     CSMON_C28xx.lib : uart_drv.obj (.text:_UART_GetChar)
                  003ee750    00000005     F2806x_DefaultIsr.obj (.text:_ADCINT1_ISR)
                  003ee755    00000005     F2806x_DefaultIsr.obj (.text:_ADCINT2_ISR)
                  003ee75a    00000005     F2806x_DefaultIsr.obj (.text:_ADCINT3_ISR)
                  003ee75f    00000005     F2806x_DefaultIsr.obj (.text:_ADCINT4_ISR)
                  003ee764    00000005     F2806x_DefaultIsr.obj (.text:_ADCINT5_ISR)
                  003ee769    00000005     F2806x_DefaultIsr.obj (.text:_ADCINT6_ISR)
                  003ee76e    00000005     F2806x_DefaultIsr.obj (.text:_ADCINT7_ISR)
                  003ee773    00000005     F2806x_DefaultIsr.obj (.text:_ADCINT8_ISR)
                  003ee778    00000005     F2806x_DefaultIsr.obj (.text:_ADCINT9_ISR)
                  003ee77d    00000005     F2806x_DefaultIsr.obj (.text:_CLA1_INT1_ISR)
                  003ee782    00000005     F2806x_DefaultIsr.obj (.text:_CLA1_INT2_ISR)
                  003ee787    00000005     F2806x_DefaultIsr.obj (.text:_CLA1_INT3_ISR)
                  003ee78c    00000005     F2806x_DefaultIsr.obj (.text:_CLA1_INT4_ISR)
                  003ee791    00000005     F2806x_DefaultIsr.obj (.text:_CLA1_INT5_ISR)
                  003ee796    00000005     F2806x_DefaultIsr.obj (.text:_CLA1_INT6_ISR)
                  003ee79b    00000005     F2806x_DefaultIsr.obj (.text:_CLA1_INT7_ISR)
                  003ee7a0    00000005     F2806x_DefaultIsr.obj (.text:_CLA1_INT8_ISR)
                  003ee7a5    00000005     CSMON_C28xx.lib : csmon.obj (.text:_CSMON_eSetAutoServiceWatchdogInternalSlowCalculationsInMainLoop)
                  003ee7aa    00000005                     : csmon.obj (.text:_CSMON_eSetFirmwareApplicationVersion)
                  003ee7af    00000005                     : csmon.obj (.text:_CSMON_eSetMaxTimeInISR)
                  003ee7b4    00000005                     : csmon.obj (.text:_CSMON_eSetMinGuaranteedTimeBetweenTwoISRs)
                  003ee7b9    00000005                     : csmon.obj (.text:_CSMON_u16ParametersAccessListIndexGenerate)
                  003ee7be    00000005                     : csmon.obj (.text:_CSMON_u32GetFreeRunningTimerTicks)
                  003ee7c3    00000005                     : csmon.obj (.text:_CSMON_vSetDateTimeRequest)
                  003ee7c8    00000005     F2806x_DefaultIsr.obj (.text:_DATALOG_ISR)
                  003ee7cd    00000005     F2806x_DefaultIsr.obj (.text:_DINTCH1_ISR)
                  003ee7d2    00000005     F2806x_DefaultIsr.obj (.text:_DINTCH2_ISR)
                  003ee7d7    00000005     F2806x_DefaultIsr.obj (.text:_DINTCH3_ISR)
                  003ee7dc    00000005     F2806x_DefaultIsr.obj (.text:_DINTCH4_ISR)
                  003ee7e1    00000005     F2806x_DefaultIsr.obj (.text:_DINTCH5_ISR)
                  003ee7e6    00000005     F2806x_DefaultIsr.obj (.text:_DINTCH6_ISR)
                  003ee7eb    00000005     F2806x_DefaultIsr.obj (.text:_ECAN0INTA_ISR)
                  003ee7f0    00000005     F2806x_DefaultIsr.obj (.text:_ECAN1INTA_ISR)
                  003ee7f5    00000005     F2806x_DefaultIsr.obj (.text:_ECAP1_INT_ISR)
                  003ee7fa    00000005     F2806x_DefaultIsr.obj (.text:_ECAP2_INT_ISR)
                  003ee7ff    00000005     F2806x_DefaultIsr.obj (.text:_ECAP3_INT_ISR)
                  003ee804    00000005     F2806x_DefaultIsr.obj (.text:_EMPTY_ISR)
                  003ee809    00000005     F2806x_DefaultIsr.obj (.text:_EMUINT_ISR)
                  003ee80e    00000005     F2806x_DefaultIsr.obj (.text:_EPWM1_INT_ISR)
                  003ee813    00000005     F2806x_DefaultIsr.obj (.text:_EPWM1_TZINT_ISR)
                  003ee818    00000005     F2806x_DefaultIsr.obj (.text:_EPWM2_INT_ISR)
                  003ee81d    00000005     F2806x_DefaultIsr.obj (.text:_EPWM2_TZINT_ISR)
                  003ee822    00000005     F2806x_DefaultIsr.obj (.text:_EPWM3_INT_ISR)
                  003ee827    00000005     F2806x_DefaultIsr.obj (.text:_EPWM3_TZINT_ISR)
                  003ee82c    00000005     F2806x_DefaultIsr.obj (.text:_EPWM4_INT_ISR)
                  003ee831    00000005     F2806x_DefaultIsr.obj (.text:_EPWM4_TZINT_ISR)
                  003ee836    00000005     F2806x_DefaultIsr.obj (.text:_EPWM5_INT_ISR)
                  003ee83b    00000005     F2806x_DefaultIsr.obj (.text:_EPWM5_TZINT_ISR)
                  003ee840    00000005     F2806x_DefaultIsr.obj (.text:_EPWM6_INT_ISR)
                  003ee845    00000005     F2806x_DefaultIsr.obj (.text:_EPWM6_TZINT_ISR)
                  003ee84a    00000005     F2806x_DefaultIsr.obj (.text:_EPWM7_INT_ISR)
                  003ee84f    00000005     F2806x_DefaultIsr.obj (.text:_EPWM7_TZINT_ISR)
                  003ee854    00000005     F2806x_DefaultIsr.obj (.text:_EPWM8_INT_ISR)
                  003ee859    00000005     F2806x_DefaultIsr.obj (.text:_EPWM8_TZINT_ISR)
                  003ee85e    00000005     F2806x_DefaultIsr.obj (.text:_EQEP1_INT_ISR)
                  003ee863    00000005     F2806x_DefaultIsr.obj (.text:_EQEP2_INT_ISR)
                  003ee868    00000005     CSMON_C28xx.lib : hmlib.obj (.text:_HMLIB_vProcessSamePort)
                  003ee86d    00000005                     : hmlib.obj (.text:_HMLIB_vRecorder0)
                  003ee872    00000005                     : hmlib.obj (.text:_HMLIB_vRecorder1)
                  003ee877    00000005                     : hmlib.obj (.text:_HMLIB_vRecorder2)
                  003ee87c    00000005                     : hmmodbus.obj (.text:_HMMODBUS_bGetReceivedMessage)
                  003ee881    00000005                     : hmmodbus.obj (.text:_HMMODBUS_vFileTable)
                  003ee886    00000005     F2806x_DefaultIsr.obj (.text:_HRCAP1_INT_ISR)
                  003ee88b    00000005     F2806x_DefaultIsr.obj (.text:_HRCAP2_INT_ISR)
                  003ee890    00000005     F2806x_DefaultIsr.obj (.text:_HRCAP3_INT_ISR)
                  003ee895    00000005     F2806x_DefaultIsr.obj (.text:_HRCAP4_INT_ISR)
                  003ee89a    00000005     F2806x_DefaultIsr.obj (.text:_I2CINT1A_ISR)
                  003ee89f    00000005     F2806x_DefaultIsr.obj (.text:_I2CINT2A_ISR)
                  003ee8a4    00000005     F2806x_DefaultIsr.obj (.text:_ILLEGAL_ISR)
                  003ee8a9    00000005     F2806x_DefaultIsr.obj (.text:_INT13_ISR)
                  003ee8ae    00000005     F2806x_DefaultIsr.obj (.text:_INT14_ISR)
                  003ee8b3    00000005     interrupt.obj (.text:_IntDefaultHandler)
                  003ee8b8    00000005     F2806x_DefaultIsr.obj (.text:_LUF_ISR)
                  003ee8bd    00000005     F2806x_DefaultIsr.obj (.text:_LVF_ISR)
                  003ee8c2    00000005     F2806x_DefaultIsr.obj (.text:_MRINTA_ISR)
                  003ee8c7    00000005     F2806x_DefaultIsr.obj (.text:_MXINTA_ISR)
                  003ee8cc    00000005     F2806x_DefaultIsr.obj (.text:_NMI_ISR)
                  003ee8d1    00000005     F2806x_DefaultIsr.obj (.text:_PIE_RESERVED)
                  003ee8d6    00000005     F2806x_DefaultIsr.obj (.text:_RTOSINT_ISR)
                  003ee8db    00000005     F2806x_DefaultIsr.obj (.text:_SCIRXINTA_ISR)
                  003ee8e0    00000005     F2806x_DefaultIsr.obj (.text:_SCIRXINTB_ISR)
                  003ee8e5    00000005     F2806x_DefaultIsr.obj (.text:_SCITXINTA_ISR)
                  003ee8ea    00000005     F2806x_DefaultIsr.obj (.text:_SCITXINTB_ISR)
                  003ee8ef    00000005     F2806x_DefaultIsr.obj (.text:_SPIRXINTA_ISR)
                  003ee8f4    00000005     F2806x_DefaultIsr.obj (.text:_SPIRXINTB_ISR)
                  003ee8f9    00000005     F2806x_DefaultIsr.obj (.text:_SPITXINTA_ISR)
                  003ee8fe    00000005     F2806x_DefaultIsr.obj (.text:_SPITXINTB_ISR)
                  003ee903    00000005     tmr_drv.obj (.text:_TIMER_vSetupTimerMainDelayedData)
                  003ee908    00000005     F2806x_DefaultIsr.obj (.text:_TINT0_ISR)
                  003ee90d    00000005     F2806x_DefaultIsr.obj (.text:_USB0_INT_ISR)
                  003ee912    00000005     F2806x_DefaultIsr.obj (.text:_USER10_ISR)
                  003ee917    00000005     F2806x_DefaultIsr.obj (.text:_USER11_ISR)
                  003ee91c    00000005     F2806x_DefaultIsr.obj (.text:_USER12_ISR)
                  003ee921    00000005     F2806x_DefaultIsr.obj (.text:_USER1_ISR)
                  003ee926    00000005     F2806x_DefaultIsr.obj (.text:_USER2_ISR)
                  003ee92b    00000005     F2806x_DefaultIsr.obj (.text:_USER3_ISR)
                  003ee930    00000005     F2806x_DefaultIsr.obj (.text:_USER4_ISR)
                  003ee935    00000005     F2806x_DefaultIsr.obj (.text:_USER5_ISR)
                  003ee93a    00000005     F2806x_DefaultIsr.obj (.text:_USER6_ISR)
                  003ee93f    00000005     F2806x_DefaultIsr.obj (.text:_USER7_ISR)
                  003ee944    00000005     F2806x_DefaultIsr.obj (.text:_USER8_ISR)
                  003ee949    00000005     F2806x_DefaultIsr.obj (.text:_USER9_ISR)
                  003ee94e    00000005     F2806x_DefaultIsr.obj (.text:_WAKEINT_ISR)
                  003ee953    00000005     F2806x_DefaultIsr.obj (.text:_XINT1_ISR)
                  003ee958    00000005     F2806x_DefaultIsr.obj (.text:_XINT2_ISR)
                  003ee95d    00000005     F2806x_DefaultIsr.obj (.text:_XINT3_ISR)
                  003ee962    00000005     F2806x_DefaultIsr.obj (.text:_rsvd_ISR)
                  003ee967    00000005     rts2800_ml.lib : fs_neg28.asm.obj (.text)
                  003ee96c    00000004     CSMON_C28xx.lib : csmon.obj (.text:_CSMON_eRegisterWriteParElementCallbackFunction)
                  003ee970    00000004                     : csmon.obj (.text:_CSMON_eSetInternalTimerPeriod)
                  003ee974    00000004                     : csmon.obj (.text:_CSMON_eSetTimerPeriodISRFunctionRegister)
                  003ee978    00000004                     : csmon.obj (.text:_CSMON_u32GetBaudError_PPM)
                  003ee97c    00000004                     : csmon.obj (.text:_CSMON_vAddSetupRecorderParameterMask)
                  003ee980    00000004                     : csmon.obj (.text:_CSMON_vSetStartRecorderParameterMask)
                  003ee984    00000004                     : hmdrv.obj (.text:_HMDRV_SetExAddr)
                  003ee988    00000004                     : hmdrv.obj (.text:_HMDRV_u32GetDeviceSYSCLKFreq)
                  003ee98c    00000004                     : hmdrv.obj (.text:_HMDRV_u32GetSCIErrorPPM)
                  003ee990    00000004                     : hmlib.obj (.text:_HMLIB_vRecorderParam0)
                  003ee994    00000004                     : hmlib.obj (.text:_HMLIB_vRecorderParam1)
                  003ee998    00000004                     : hmlib.obj (.text:_HMLIB_vRecorderParam2)
                  003ee99c    00000004                     : hmmodbus.obj (.text:_HMMODBUS_u32GetAddressMessageCounterThisDevice)
                  003ee9a0    00000004                     : hmmodbus.obj (.text:_HMMODBUS_vSetDeviceIDMajorMinorRevision)
                  003ee9a4    00000004                     : hmmodbus.obj (.text:_HMMODBUS_vSetDeviceIDMajorMinorRevisionLength)
                  003ee9a8    00000004                     : hmmodbus.obj (.text:_HMMODBUS_vSetDeviceIDModelName)
                  003ee9ac    00000004                     : hmmodbus.obj (.text:_HMMODBUS_vSetDeviceIDModelNameLength)
                  003ee9b0    00000004                     : hmmodbus.obj (.text:_HMMODBUS_vSetDeviceIDProductCode)
                  003ee9b4    00000004                     : hmmodbus.obj (.text:_HMMODBUS_vSetDeviceIDProductCodeLength)
                  003ee9b8    00000004                     : hmmodbus.obj (.text:_HMMODBUS_vSetDeviceIDProductName)
                  003ee9bc    00000004                     : hmmodbus.obj (.text:_HMMODBUS_vSetDeviceIDProductNameLength)
                  003ee9c0    00000004                     : hmmodbus.obj (.text:_HMMODBUS_vSetDeviceIDUserApplicationName)
                  003ee9c4    00000004                     : hmmodbus.obj (.text:_HMMODBUS_vSetDeviceIDUserApplicationNameLength)
                  003ee9c8    00000004                     : hmmodbus.obj (.text:_HMMODBUS_vSetDeviceIDUserReserve0)
                  003ee9cc    00000004                     : hmmodbus.obj (.text:_HMMODBUS_vSetDeviceIDUserReserve0Length)
                  003ee9d0    00000004                     : hmmodbus.obj (.text:_HMMODBUS_vSetDeviceIDUserReserve1)
                  003ee9d4    00000004                     : hmmodbus.obj (.text:_HMMODBUS_vSetDeviceIDUserReserve1Length)
                  003ee9d8    00000004                     : hmmodbus.obj (.text:_HMMODBUS_vSetDeviceIDUserReserve2)
                  003ee9dc    00000004                     : hmmodbus.obj (.text:_HMMODBUS_vSetDeviceIDUserReserve2Length)
                  003ee9e0    00000004                     : hmmodbus.obj (.text:_HMMODBUS_vSetDeviceIDVendorName)
                  003ee9e4    00000004                     : hmmodbus.obj (.text:_HMMODBUS_vSetDeviceIDVendorNameLength)
                  003ee9e8    00000004                     : hmmodbus.obj (.text:_HMMODBUS_vSetDeviceIDVendorUrl)
                  003ee9ec    00000004                     : hmmodbus.obj (.text:_HMMODBUS_vSetDeviceIDVendorUrlLength)
                  003ee9f0    00000004                     : hmmodbus.obj (.text:_HMMODBUS_vSetServerIDDataAddress)
                  003ee9f4    00000004                     : hmmodbus.obj (.text:_HMMODBUS_vSetServerIDLength)
                  003ee9f8    00000004                     : hmmodbus.obj (.text:_HMMODBUS_vSetServerIDNumber)
                  003ee9fc    00000004                     : hmmodbus.obj (.text:_HMMODBUS_vSetServerOnStatus)
                  003eea00    00000004                     : hmmodbus.obj (.text:_HMMODBUS_vSetupWriteParElementCallbackFunction)
                  003eea04    00000004     interrupt.obj (.text:_IntMasterDisable)
                  003eea08    00000004     interrupt.obj (.text:_IntMasterEnable)
                  003eea0c    00000004     CSMON_C28xx.lib : modbusreg.obj (.text:_MODBUSREG_u16GetHoldRegFillCount)
                  003eea10    00000004                     : modbusreg.obj (.text:_MODBUSREG_u32GetRegisterAccessTableInRam)
                  003eea14    00000004                     : modbusreg.obj (.text:_MODBUSREG_u32GetRegisterAddressTable)
                  003eea18    00000004                     : modbusreg.obj (.text:_MODBUSREG_u32GetRegisterAddressTableInRam)
                  003eea1c    00000004                     : modbusreg.obj (.text:_MODBUSREG_vSetFileAutorization_FunctionAfterWriteFileRecordTable)
                  003eea20    00000004                     : modbusreg.obj (.text:_MODBUSREG_vSetFileParamCount_FunctionBeforeReadFileRecord)
                  003eea24    00000004                     : modbusreg.obj (.text:_MODBUSREG_vSetFileRTC_FunctionAfterReadFileRecord)
                  003eea28    00000004                     : modbusreg.obj (.text:_MODBUSREG_vSetFileRTC_FunctionAfterWriteFileRecord)
                  003eea2c    00000004                     : modbusreg.obj (.text:_MODBUSREG_vSetFileRecConfig_FunctionAfterWriteFileRecord)
                  003eea30    00000004                     : modbusreg.obj (.text:_MODBUSREG_vSetFileRecStatus_FunctionIndexGenerationFileRecord)
                  003eea34    00000004                     : modbusreg.obj (.text:_MODBUSREG_vSetParamCount)
                  003eea38    00000004                     : modbusreg.obj (.text:_MODBUSREG_vSetParamListAddress)
                  003eea3c    00000004                     : modbusreg.obj (.text:_MODBUSREG_vSetParamNameAddress)
                  003eea40    00000004                     : modbusreg.obj (.text:_MODBUSREG_vSetParamNumbAddress)
                  003eea44    00000004                     : modbusreg.obj (.text:_MODBUSREG_vSetParamRecorderConfigAddress)
                  003eea48    00000004                     : modbusreg.obj (.text:_MODBUSREG_vSetParamReservedAddress)
                  003eea4c    00000004                     : modbusreg.obj (.text:_MODBUSREG_vSetParamScopeConfigAddress)
                  003eea50    00000004                     : modbusreg.obj (.text:_MODBUSREG_vSetParamStringAddress)
                  003eea54    00000004     tmr_drv.obj (.text:_TIMER_vGetTimerMainRollingCounter)
                  003eea58    00000004     tmr_drv.obj (.text:_TIMER_vSetupTimerMainCSMONFunction)
                  003eea5c    00000004     tmr_drv.obj (.text:_TMR_u16GetFreeRunTimerPrescaller)
                  003eea60    00000004     CSMON_C28xx.lib : hmmodbus.obj (.text:_bGetElementsDifference)
                  003eea64    00000004                     : hmmodbus.obj (.text:_u16GetIndexFileTable)
                  003eea68    00000004                     : hmmodbus.obj (.text:_u32GetBufferAddressStart)
                  003eea6c    00000004                     : hmmodbus.obj (.text:_u32GetBufferSize)
                  003eea70    00000004                     : hmmodbus.obj (.text:_u32GetSampleCountAvailable)
                  003eea74    00000004                     : hmmodbus.obj (.text:_u32GetSampleCountBuffer)
                  003eea78    00000004                     : hmmodbus.obj (.text:_u32GetStartSampleIndex)
                  003eea7c    00000004                     : hmmodbus.obj (.text:_u8GetSampleSize)
                  003eea80    00000004                     : hmmodbus.obj (.text:_vSetBufferSize)
                  003eea84    00000003     F2806x_DBGIER.obj (.text)
                  003eea87    00000003     CSMON_C28xx.lib : csmon.obj (.text:_CSMON_eSetParameter)
                  003eea8a    00000003                     : csmon.obj (.text:_CSMON_u32GetModbusMessageCounterRegisterRealAddress)
                  003eea8d    00000003                     : hmlib.obj (.text:_HMLIB_vRecorderParamTimeSync)
                  003eea90    00000003                     : hmrecparam.obj (.text:_HMRECPRM_GetTimeBase)
                  003eea93    00000003                     : modbusreg.obj (.text:_MODBUSREG_u32GetAddressMessageCounterThisDevice)
                  003eea96    00000003                     : uart_drv.obj (.text:_UART_TXInterrupt)
                  003eea99    00000002                     : hmrecparam.obj (.text:_HMRECPRM_AbortRec)
                  003eea9b    00000002                     : hmrecparam.obj (.text:_HMRECPRM_GetRecBuffSize)
                  003eea9d    00000002                     : hmrec.obj (.text:_HMREC_AbortRec)
                  003eea9f    00000002                     : hmrec.obj (.text:_HMREC_GetRecBuffSize)
                  003eeaa1    00000002     main.obj (.text:_eWriteParElement)
                  003eeaa3    00000002     rts2800_ml.lib : pre_init.c.obj (.text)
                  003eeaa5    00000001     CSMON_C28xx.lib : hmprotocol.obj (.text:_HMPROTOCOL_vInit)
                  003eeaa6    00000001     uart_driver.obj (.text:_UART_DRV_TXInterrupt)
                  003eeaa7    00000001     rts2800_ml.lib : startup.c.obj (.text)

ramfuncs   0    003eeaa8    00000029     RUN ADDR = 00008000
                  003eeaa8    0000001d     F2806x_SysCtrl.obj (ramfuncs:_InitFlash)
                  003eeac5    00000008     device.obj (ramfuncs:_MyCallbackFunction)
                  003eeacd    00000004     F2806x_usDelay.obj (ramfuncs)

csm_rsvd   0    003f7f80    00000076     
                  003f7f80    00000076     F2806x_CSMPasswords.obj (csm_rsvd)

codestart 
*          0    003f7ff6    00000002     
                  003f7ff6    00000002     F2806x_CodeStartBranch.obj (codestart)

csmpasswds 
*          0    003f7ff8    00000008     
                  003f7ff8    00000008     F2806x_CSMPasswords.obj (csmpasswds)

.stack     1    00000050    00000380     UNINITIALIZED
                  00000050    00000380     --HOLE--

.econst    0    003eead2    00002d45     
                  003eead2    00002800     main.obj (.econst:_asParameterList)
                  003f12d2    00000100     CSMON_C28xx.lib : hmmodbus.obj (.econst:.string:_auchCRCHi)
                  003f13d2    00000100                     : hmmodbus.obj (.econst:.string:_auchCRCLo)
                  003f14d2    00000100     F2806x_PieVect.obj (.econst:_PieVectTableInit)
                  003f15d2    00000084     rts2800_ml.lib : k_rem_pio2.c.obj (.econst:_ipio2)
                  003f1656    00000050     CSMON_C28xx.lib : csmon.obj (.econst:_CSMON_asAccessLevelPasswords)
                  003f16a6    0000002c     rts2800_ml.lib : k_rem_pio2.c.obj (.econst)
                  003f16d2    00000028                    : k_cosf.c.obj (.econst)
                  003f16fa    00000020     CSMON_C28xx.lib : short_names.obj (.econst:_CSMON_asFileParameterShortName)
                  003f171a    00000020     rts2800_ml.lib : k_rem_pio2.c.obj (.econst:_PIo2)
                  003f173a    00000020                    : k_sinf.c.obj (.econst)
                  003f175a    0000001c                    : e_rem_pio2f.c.obj (.econst)
                  003f1776    0000001c                    : s_scalbn.c.obj (.econst)
                  003f1792    00000018     CSMON_C28xx.lib : csmon.obj (.econst:_CSMON_uFileParameterNumeric)
                  003f17aa    00000018     rts2800_ml.lib : s_sinf.c.obj (.econst)
                  003f17c2    00000014     CSMON_C28xx.lib : csmon.obj (.econst:_CSMON_au8FileImplementedFunctionCodes)
                  003f17d6    00000010     main.obj (.econst)
                  003f17e6    0000000c     CSMON_C28xx.lib : hmprotocol.obj (.econst:.string)
                  003f17f2    0000000c                     : modbusreg.obj (.econst:_MODBUSREG_au32RegisterAddressTable)
                  003f17fe    0000000c     rts2800_ml.lib : s_floor.c.obj (.econst)
                  003f180a    00000006     CSMON_C28xx.lib : csmon.obj (.econst:_CSMON_sFileParameterList)
                  003f1810    00000004     rts2800_ml.lib : k_rem_pio2.c.obj (.econst:_init_jk)
                  003f1814    00000003     CSMON_C28xx.lib : csmon.obj (.econst:_CSMON_au8FileParameterListElementsCountInPartTable)

.reset     0    003fffc0    00000002     DSECT
                  003fffc0    00000002     rts2800_ml.lib : boot28.asm.obj (.reset)

vectors    0    003fffc2    00000000     DSECT

DevEmuRegsFile 
*          1    00000880    00000004     UNINITIALIZED
                  00000880    00000004     F2806x_GlobalVariableDefs.obj (DevEmuRegsFile)

SysPwrCtrlRegsFile 
*          1    00000985    00000003     UNINITIALIZED
                  00000985    00000003     F2806x_GlobalVariableDefs.obj (SysPwrCtrlRegsFile)

FlashRegsFile 
*          1    00000a80    00000008     UNINITIALIZED
                  00000a80    00000008     F2806x_GlobalVariableDefs.obj (FlashRegsFile)

CsmRegsFile 
*          1    00000ae0    00000010     UNINITIALIZED
                  00000ae0    00000010     F2806x_GlobalVariableDefs.obj (CsmRegsFile)

AdcResultFile 
*          1    00000b00    00000010     UNINITIALIZED
                  00000b00    00000010     F2806x_GlobalVariableDefs.obj (AdcResultFile)

CpuTimer0RegsFile 
*          1    00000c00    00000008     UNINITIALIZED
                  00000c00    00000008     F2806x_GlobalVariableDefs.obj (CpuTimer0RegsFile)

CpuTimer1RegsFile 
*          1    00000c08    00000008     UNINITIALIZED
                  00000c08    00000008     F2806x_GlobalVariableDefs.obj (CpuTimer1RegsFile)

CpuTimer2RegsFile 
*          1    00000c10    00000008     UNINITIALIZED
                  00000c10    00000008     F2806x_GlobalVariableDefs.obj (CpuTimer2RegsFile)

PieCtrlRegsFile 
*          1    00000ce0    0000001a     UNINITIALIZED
                  00000ce0    0000001a     F2806x_GlobalVariableDefs.obj (PieCtrlRegsFile)

PieVectTableFile 
*          1    00000d00    00000100     UNINITIALIZED
                  00000d00    00000100     F2806x_GlobalVariableDefs.obj (PieVectTableFile)

EmuKeyVar 
*          1    00000d00    00000001     UNINITIALIZED
                  00000d00    00000001     F2806x_GlobalVariableDefs.obj (EmuKeyVar)

EmuBModeVar 
*          1    00000d01    00000001     UNINITIALIZED
                  00000d01    00000001     F2806x_GlobalVariableDefs.obj (EmuBModeVar)

FlashCallbackVar 
*          1    00000d02    00000002     UNINITIALIZED
                  00000d02    00000002     F2806x_GlobalVariableDefs.obj (FlashCallbackVar)

FlashScalingVar 
*          1    00000d04    00000002     UNINITIALIZED
                  00000d04    00000002     F2806x_GlobalVariableDefs.obj (FlashScalingVar)

DmaRegsFile 
*          1    00001000    000000e0     UNINITIALIZED
                  00001000    000000e0     F2806x_GlobalVariableDefs.obj (DmaRegsFile)

Cla1RegsFile 
*          1    00001400    00000040     UNINITIALIZED
                  00001400    00000040     F2806x_GlobalVariableDefs.obj (Cla1RegsFile)

Usb0RegsFile 
*          1    00004000    00000454     UNINITIALIZED
                  00004000    00000454     F2806x_GlobalVariableDefs.obj (Usb0RegsFile)

McbspaRegsFile 
*          1    00005000    00000024     UNINITIALIZED
                  00005000    00000024     F2806x_GlobalVariableDefs.obj (McbspaRegsFile)

ECanaRegsFile 
*          1    00006000    00000034     UNINITIALIZED
                  00006000    00000034     F2806x_GlobalVariableDefs.obj (ECanaRegsFile)

ECanaLAMRegsFile 
*          1    00006040    00000040     UNINITIALIZED
                  00006040    00000040     F2806x_GlobalVariableDefs.obj (ECanaLAMRegsFile)

ECanaMOTSRegsFile 
*          1    00006080    00000040     UNINITIALIZED
                  00006080    00000040     F2806x_GlobalVariableDefs.obj (ECanaMOTSRegsFile)

ECanaMOTORegsFile 
*          1    000060c0    00000040     UNINITIALIZED
                  000060c0    00000040     F2806x_GlobalVariableDefs.obj (ECanaMOTORegsFile)

ECanaMboxesFile 
*          1    00006100    00000100     UNINITIALIZED
                  00006100    00000100     F2806x_GlobalVariableDefs.obj (ECanaMboxesFile)

Comp1RegsFile 
*          1    00006400    00000014     UNINITIALIZED
                  00006400    00000014     F2806x_GlobalVariableDefs.obj (Comp1RegsFile)

Comp2RegsFile 
*          1    00006420    00000014     UNINITIALIZED
                  00006420    00000014     F2806x_GlobalVariableDefs.obj (Comp2RegsFile)

Comp3RegsFile 
*          1    00006440    00000014     UNINITIALIZED
                  00006440    00000014     F2806x_GlobalVariableDefs.obj (Comp3RegsFile)

EPwm1RegsFile 
*          1    00006800    00000040     UNINITIALIZED
                  00006800    00000040     F2806x_GlobalVariableDefs.obj (EPwm1RegsFile)

EPwm2RegsFile 
*          1    00006840    00000040     UNINITIALIZED
                  00006840    00000040     F2806x_GlobalVariableDefs.obj (EPwm2RegsFile)

EPwm3RegsFile 
*          1    00006880    00000040     UNINITIALIZED
                  00006880    00000040     F2806x_GlobalVariableDefs.obj (EPwm3RegsFile)

EPwm4RegsFile 
*          1    000068c0    00000040     UNINITIALIZED
                  000068c0    00000040     F2806x_GlobalVariableDefs.obj (EPwm4RegsFile)

EPwm5RegsFile 
*          1    00006900    00000040     UNINITIALIZED
                  00006900    00000040     F2806x_GlobalVariableDefs.obj (EPwm5RegsFile)

EPwm6RegsFile 
*          1    00006940    00000040     UNINITIALIZED
                  00006940    00000040     F2806x_GlobalVariableDefs.obj (EPwm6RegsFile)

EPwm7RegsFile 
*          1    00006980    00000040     UNINITIALIZED
                  00006980    00000040     F2806x_GlobalVariableDefs.obj (EPwm7RegsFile)

EPwm8RegsFile 
*          1    000069c0    00000040     UNINITIALIZED
                  000069c0    00000040     F2806x_GlobalVariableDefs.obj (EPwm8RegsFile)

ECap1RegsFile 
*          1    00006a00    00000020     UNINITIALIZED
                  00006a00    00000020     F2806x_GlobalVariableDefs.obj (ECap1RegsFile)

ECap2RegsFile 
*          1    00006a20    00000020     UNINITIALIZED
                  00006a20    00000020     F2806x_GlobalVariableDefs.obj (ECap2RegsFile)

ECap3RegsFile 
*          1    00006a40    00000020     UNINITIALIZED
                  00006a40    00000020     F2806x_GlobalVariableDefs.obj (ECap3RegsFile)

HRCap1RegsFile 
*          1    00006ac0    00000020     UNINITIALIZED
                  00006ac0    00000020     F2806x_GlobalVariableDefs.obj (HRCap1RegsFile)

HRCap2RegsFile 
*          1    00006ae0    00000020     UNINITIALIZED
                  00006ae0    00000020     F2806x_GlobalVariableDefs.obj (HRCap2RegsFile)

EQep1RegsFile 
*          1    00006b00    00000022     UNINITIALIZED
                  00006b00    00000022     F2806x_GlobalVariableDefs.obj (EQep1RegsFile)

EQep2RegsFile 
*          1    00006b40    00000022     UNINITIALIZED
                  00006b40    00000022     F2806x_GlobalVariableDefs.obj (EQep2RegsFile)

HRCap3RegsFile 
*          1    00006c80    00000020     UNINITIALIZED
                  00006c80    00000020     F2806x_GlobalVariableDefs.obj (HRCap3RegsFile)

HRCap4RegsFile 
*          1    00006ca0    00000020     UNINITIALIZED
                  00006ca0    00000020     F2806x_GlobalVariableDefs.obj (HRCap4RegsFile)

GpioCtrlRegsFile 
*          1    00006f80    00000040     UNINITIALIZED
                  00006f80    00000040     F2806x_GlobalVariableDefs.obj (GpioCtrlRegsFile)

GpioDataRegsFile 
*          1    00006fc0    00000020     UNINITIALIZED
                  00006fc0    00000020     F2806x_GlobalVariableDefs.obj (GpioDataRegsFile)

GpioIntRegsFile 
*          1    00006fe0    00000020     UNINITIALIZED
                  00006fe0    00000020     F2806x_GlobalVariableDefs.obj (GpioIntRegsFile)

SysCtrlRegsFile 
*          1    00007010    00000030     UNINITIALIZED
                  00007010    00000030     F2806x_GlobalVariableDefs.obj (SysCtrlRegsFile)

SpiaRegsFile 
*          1    00007040    00000010     UNINITIALIZED
                  00007040    00000010     F2806x_GlobalVariableDefs.obj (SpiaRegsFile)

SciaRegsFile 
*          1    00007050    00000010     UNINITIALIZED
                  00007050    00000010     F2806x_GlobalVariableDefs.obj (SciaRegsFile)

NmiIntruptRegsFile 
*          1    00007060    00000010     UNINITIALIZED
                  00007060    00000010     F2806x_GlobalVariableDefs.obj (NmiIntruptRegsFile)

XIntruptRegsFile 
*          1    00007070    00000010     UNINITIALIZED
                  00007070    00000010     F2806x_GlobalVariableDefs.obj (XIntruptRegsFile)

AdcRegsFile 
*          1    00007100    00000050     UNINITIALIZED
                  00007100    00000050     F2806x_GlobalVariableDefs.obj (AdcRegsFile)

SpibRegsFile 
*          1    00007740    00000010     UNINITIALIZED
                  00007740    00000010     F2806x_GlobalVariableDefs.obj (SpibRegsFile)

ScibRegsFile 
*          1    00007750    00000010     UNINITIALIZED
                  00007750    00000010     F2806x_GlobalVariableDefs.obj (ScibRegsFile)

I2caRegsFile 
*          1    00007900    00000022     UNINITIALIZED
                  00007900    00000022     F2806x_GlobalVariableDefs.obj (I2caRegsFile)

PartIdRegsFile 
*          1    003d7e80    00000001     UNINITIALIZED
                  003d7e80    00000001     F2806x_GlobalVariableDefs.obj (PartIdRegsFile)

CsmPwlFile 
*          1    003f7ff8    00000008     UNINITIALIZED
                  003f7ff8    00000008     F2806x_GlobalVariableDefs.obj (CsmPwlFile)

.ebss.1    1    0000a000    00002000     UNINITIALIZED
                  0000a000    00000800     CSMON_C28xx.lib : uart_drv.obj (.ebss:_UARTRxBufferTimeDiff)
                  0000a800    00000800                     : hmrec.obj (.ebss:_au8RecBuffer0)
                  0000b000    00000516                     : modbusreg.obj (.ebss:_MODBUSREG_asFileTable)
                  0000b516    0000002a                     : modbusreg.obj (.ebss)
                  0000b540    00000400                     : uart_drv.obj (.ebss:_UARTRxBuffer)
                  0000b940    00000200     uart_driver.obj (.ebss:_UART_DRV_RxBufferTimeDiff)
                  0000bb40    00000200     CSMON_C28xx.lib : hmmodbus.obj (.ebss:_u32ModbusTimeoutBuffer)
                  0000bd40    00000126                     : hmrecparam.obj (.ebss:_sRecHandleParam)
                  0000be66    00000014     main.obj (.ebss:_sExternalRecoderHandle)
                  0000be7a    00000006     CSMON_C28xx.lib : hmprotocol.obj (.ebss)
                  0000be80    00000108                     : hmrec.obj (.ebss:_sRecHandle)
                  0000bf88    00000030                     : hmrecparam.obj (.ebss:_sRecStatusParam)
                  0000bfb8    00000008                     : hmrecparam.obj (.ebss:_HMRECPRM_sDateTime)
                  0000bfc0    0000003e                     : hmscope.obj (.ebss:_sScopeHandle)
                  0000bffe    00000002                     : hmlib.obj (.ebss)

.ebss.2    1    0000c000    00000b96     UNINITIALIZED
                  0000c000    00000100     CSMON_C28xx.lib : hmmodbus.obj (.ebss:_HMMODBUS_anTxCheckSum)
                  0000c100    00000100                     : hmmodbus.obj (.ebss:_HMMODBUS_pCommBufferRx)
                  0000c200    00000100                     : hmmodbus.obj (.ebss:_HMMODBUS_pCommBufferTx)
                  0000c300    00000100     uart_driver.obj (.ebss:_UART_DRV_RxBuffer)
                  0000c400    000000c0     CSMON_C28xx.lib : csmon.obj (.ebss:_sRecConfigParam)
                  0000c4c0    000000ba                     : hmscopeparam.obj (.ebss:_sScopeHandlePrm)
                  0000c57a    00000006                     : csmon.obj (.ebss:_CSMON_au32FileAutorization_FunctionAfterWriteFileRecord)
                  0000c580    000000b4                     : hmmodbus.obj (.ebss)
                  0000c634    0000000c                     : hmserial.obj (.ebss)
                  0000c640    00000088                     : csmon.obj (.ebss)
                  0000c6c8    0000002d                     : csmon.obj (.ebss:_CSMON_au8FileRecorderConfigElementsSizeTable)
                  0000c6f5    00000001                     : hmrec.obj (.ebss)
                  0000c6f6    0000000a                     : hmdrv.obj (.ebss)
                  0000c700    0000007e                     : csmon.obj (.ebss:_sScopeConfigParam)
                  0000c77e    00000002                     : hmrecparam.obj (.ebss)
                  0000c780    00000079                     : hmserial.obj (.ebss:_pcm_pCommBuffer)
                  0000c7f9    00000001                     : hmscope.obj (.ebss)
                  0000c7fa    00000006                     : csmon.obj (.ebss:_CSMON_au32FileParameterDefinitionsFileRecordElementsRealAddressTable)
[...]
003eaef2  local     $30 (.text)
003eaf20  local     $35 (.text)
003eaf4f  local     $40 (.text)
003eaeb1  local     $5_$2 (.text)
00000000  local     .bss (.bss)
00000000  local     .data (.data)
003eae9d  local     .text (.text)
003eaec1  local     CHECK_SIGN1 (.text)
003eaefc  local     CHECK_SIGN2 (.text)
003eaf34  local     DGT3 (.text)
003eaf36  local     DIVUDenHighZero (.text)
003eaecb  local     EQ0 (.text)
003eaec6  local     EQ1 (.text)
003eaf04  local     EQ2 (.text)
003eaf2f  local     EQ3 (.text)
003eaf60  local     EQ4 (.text)
003eae9d  global    LL$$DIV (.text)
003eaed9  global    LL$$MOD (.text)
003eaf7f  local     LOOP (.text)
003eaf6e  local     MAINDIV (.text)
003eaf8d  local     MD_NEQ (.text)
003eaf62  local     MODUDenHighZero (.text)
003eaec4  local     RET1 (.text)
003eaeff  local     RET2 (.text)
003eaf2d  local     RET3 (.text)
003eaf5c  local     RET4 (.text)
003eaf01  local     RET_NUM1 (.text)
003eaf5e  local     RET_NUM2 (.text)
003eaecd  local     SDIVUDenHighZero (.text)
003eaf97  local     SKIP (.text)
003eaf99  local     SKIP1 (.text)
003eaf07  local     SMODUDenHighZero (.text)
003eaf13  global    ULL$$DIV (.text)
003eaf42  global    ULL$$MOD (.text)


================================================================================

rts2800_ml.lib : u_div28.asm.obj

Run/Load            
Value     Binding   Name (Section)
--------  --------  ---------------
00000000  local     .bss (.bss)
00000000  local     .data (.data)
003ee5bb  local     .text (.text)
003ee5bb  global    U$$DIV (.text)
003ee5c0  global    U$$MOD (.text)


================================================================================

rts2800_ml.lib : u_tofd28.asm.obj

Run/Load            
Value     Binding   Name (Section)
--------  --------  ---------------
00000000  local     .bss (.bss)
00000000  local     .data (.data)
003ee14a  local     .text (.text)
003ee157  local     NORMALIZE (.text)
003ee15f  local     OP_ZERO (.text)
003ee159  local     PACK (.text)
003ee15e  local     RETURN (.text)
003ee15c  local     RETURN_VALUE (.text)
003ee14a  global    U$$TOFD (.text)


================================================================================

rts2800_ml.lib : u_tofs28.asm.obj

Run/Load            
Value     Binding   Name (Section)
--------  --------  ---------------
00000000  local     .bss (.bss)
00000000  local     .data (.data)
003ee3a9  local     .text (.text)
003ee3b8  local     RESTORE (.text)
003ee3a9  global    U$$TOFS (.text)
003ee3b8  local     ZERO (.text)


================================================================================

rts2800_ml.lib : l_tofs28.asm.obj

Run/Load            
Value     Binding   Name (Section)
--------  --------  ---------------
00000000  local     .bss (.bss)
00000000  local     .data (.data)
003edfc9  local     .text (.text)
003edfc9  global    L$$TOFS (.text)
003edfdf  local     OVERFLOW (.text)
003edfde  local     RETURN (.text)
003edfde  local     ZERO (.text)


================================================================================

rts2800_ml.lib : ul_tofs28.asm.obj

Run/Load            
Value     Binding   Name (Section)
--------  --------  ---------------
00000000  local     .bss (.bss)
00000000  local     .data (.data)
003ee244  local     .text (.text)
003ee24c  local     LEFT_SHIFT (.text)
003ee24e  local     PACK (.text)
003ee256  local     RETURN (.text)
003ee244  global    UL$$TOFS (.text)
003ee256  local     ZERO (.text)


================================================================================

rts2800_ml.lib : prolog28.asm.obj

Run/Load            
Value     Binding   Name (Section)
--------  --------  ---------------
00000000  local     .bss (.bss)
00000000  local     .data (.data)
003ee047  local     .text (.text)
003ee047  global    _prolog_c28x_1 (.text)
003ee04b  global    _prolog_c28x_2 (.text)
003ee053  global    _prolog_c28x_3 (.text)


================================================================================

rts2800_ml.lib : fs_tofd28.asm.obj

Run/Load            
Value     Binding   Name (Section)
--------  --------  ---------------
00000000  local     .bss (.bss)
00000000  local     .data (.data)
003ede88  local     .text (.text)
003ede88  global    FS$$TOFD (.text)
003ede9c  local     OVERFLOW (.text)
003ede9b  local     RETURN (.text)
003ede99  local     RETURN_VALUE (.text)
003edea2  local     UNDERFLOW (.text)


================================================================================

rts2800_ml.lib : fd_div28.asm.obj

Run/Load            
Value     Binding   Name (Section)
--------  --------  ---------------
003ec3ad  local     $1_$3 (.text)
003ec3b8  local     $2_$3 (.text)
00000000  local     .bss (.bss)
00000000  local     .data (.data)
003ec371  local     .text (.text)
003ec3c7  local     DIV_END (.text)
003ec3a8  local     DIV_START (.text)
003ec371  global    FD$$DIV (.text)
003ec3ca  local     NORMALIZE (.text)
003ec3f4  local     OVERFLOW (.text)
003ec3ef  local     RETURN (.text)
003ec3ed  local     RETURN_VALUE (.text)
003ec3df  local     RND64_SET_MANT$3$ (.text)
003ec3d3  local     ROUND (.text)
003ec3fa  local     UNDERFLOW (.text)


================================================================================

rts2800_ml.lib : cpy_tbl.c.obj

Run/Load            
Value     Binding   Name (Section)
--------  --------  ---------------
003edbe0  local     $C$L1 (.text)
003edbf3  local     $C$L2 (.text)
003edbf4  local     $C$L3 (.text)
00000000  local     .bss (.bss)
00000000  local     .data (.data)
003edbd8  local     .text (.text)
003edbd8  global    _copy_in (.text)


================================================================================

rts2800_ml.lib : memcpy.c.obj

Run/Load            
Value     Binding   Name (Section)
--------  --------  ---------------
003ede01  local     $C$L1 (.text)
003ede05  local     $C$L2 (.text)
003ede0c  local     $C$L3 (.text)
003ede0e  local     $C$L4 (.text)
003ede16  local     $C$L5 (.text)
00000000  local     .bss (.bss)
00000000  local     .data (.data)
003eddfb  local     .text (.text)
003eddfb  global    _memcpy (.text)


================================================================================

rts2800_ml.lib : pre_init.c.obj

Run/Load            
Value     Binding   Name (Section)
--------  --------  ---------------
00000000  local     .bss (.bss)
00000000  local     .data (.data)
003eeaa3  local     .text (.text)
003eeaa3  global    __system_pre_init (.text)


================================================================================

rts2800_ml.lib : startup.c.obj

Run/Load            
Value     Binding   Name (Section)
--------  --------  ---------------
00000000  local     .bss (.bss)
00000000  local     .data (.data)
003eeaa7  local     .text (.text)
003eeaa7  global    __system_post_cinit (.text)


================================================================================

rts2800_ml.lib : e_rem_pio2f.c.obj

Run/Load            
Value     Binding   Name (Section)
--------  --------  ---------------
003f1766  local     $C$FL1 (.econst)
003f176a  local     $C$FL2 (.econst)
003f176e  local     $C$FL3 (.econst)
003f1772  local     $C$FL4 (.econst)
003ebcaa  local     $C$L1 (.text)
003ebcb8  local     $C$L2 (.text)
003ebce4  local     $C$L3 (.text)
003ebce9  local     $C$L4 (.text)
00000000  local     .bss (.bss)
00000000  local     .data (.data)
003f175a  local     .econst (.econst)
003ebc47  local     .text (.text)
003ebc47  global    ___rem_pio2f (.text)
003f175a  local     _invpio2 (.econst)
003f175e  local     _pio2_1 (.econst)
003f1762  local     _pio2_1t (.econst)


================================================================================

rts2800_ml.lib : k_rem_pio2.c.obj

Run/Load            
Value     Binding   Name (Section)
--------  --------  ---------------
003f16b6  local     $C$FL1 (.econst)
003f16ba  local     $C$FL2 (.econst)
003f16be  local     $C$FL3 (.econst)
003f16c2  local     $C$FL4 (.econst)
003f16c6  local     $C$FL5 (.econst)
003f16ca  local     $C$FL6 (.econst)
003f16ce  local     $C$FL7 (.econst)
003e9d90  local     $C$L1 (.text)
003e9e4a  local     $C$L10 (.text)
003e9e77  local     $C$L11 (.text)
003e9e97  local     $C$L12 (.text)
003e9ebc  local     $C$L13 (.text)
003e9edb  local     $C$L14 (.text)
003e9ee2  local     $C$L15 (.text)
003e9eff  local     $C$L16 (.text)
003e9f4d  local     $C$L17 (.text)
003e9fb9  local     $C$L18 (.text)
003e9fbd  local     $C$L19 (.text)
003e9db8  local     $C$L2 (.text)
003e9fcb  local     $C$L20 (.text)
003e9ff4  local     $C$L21 (.text)
003e9ff9  local     $C$L22 (.text)
003ea004  local     $C$L23 (.text)
003ea010  local     $C$L24 (.text)
003ea015  local     $C$L25 (.text)
003ea01b  local     $C$L26 (.text)
003ea038  local     $C$L27 (.text)
003ea044  local     $C$L28 (.text)
003ea06f  local     $C$L29 (.text)
003e9dc3  local     $C$L3 (.text)
003ea09d  local     $C$L30 (.text)
003ea0e8  local     $C$L31 (.text)
003ea0ed  local     $C$L32 (.text)
003ea105  local     $C$L33 (.text)
003ea10f  local     $C$L34 (.text)
003ea11e  local     $C$L35 (.text)
003ea128  local     $C$L36 (.text)
003ea143  local     $C$L37 (.text)
003ea153  local     $C$L38 (.text)
003ea155  local     $C$L39 (.text)
003e9dcf  local     $C$L4 (.text)
003ea175  local     $C$L40 (.text)
003ea19d  local     $C$L41 (.text)
003ea1b4  local     $C$L42 (.text)
003ea1c8  local     $C$L43 (.text)
003ea1f6  local     $C$L44 (.text)
003ea214  local     $C$L45 (.text)
003ea232  local     $C$L46 (.text)
003ea281  local     $C$L47 (.text)
003ea2bb  local     $C$L48 (.text)
003ea2d3  local     $C$L49 (.text)
003e9de0  local     $C$L5 (.text)
003ea2e4  local     $C$L50 (.text)
003ea301  local     $C$L51 (.text)
003ea31c  local     $C$L52 (.text)
003ea32f  local     $C$L53 (.text)
003ea340  local     $C$L54 (.text)
003ea34e  local     $C$L55 (.text)
003ea358  local     $C$L56 (.text)
003ea379  local     $C$L57 (.text)
003ea38a  local     $C$L58 (.text)
003ea398  local     $C$L59 (.text)
003e9dec  local     $C$L6 (.text)
003ea3a2  local     $C$L60 (.text)
003ea3ac  local     $C$L61 (.text)
003ea3bf  local     $C$L62 (.text)
003ea3d0  local     $C$L63 (.text)
003ea3de  local     $C$L64 (.text)
003ea3e8  local     $C$L65 (.text)
003ea3f1  local     $C$L66 (.text)
003e9e09  local     $C$L7 (.text)
003e9e2e  local     $C$L8 (.text)
003e9e43  local     $C$L9 (.text)
00000000  local     .bss (.bss)
00000000  local     .data (.data)
003f16a6  local     .econst (.econst)
003f171a  local     .econst:_PIo2 (.econst:_PIo2)
003f1810  local     .econst:_init_jk (.econst:_init_jk)
003f15d2  local     .econst:_ipio2 (.econst:_ipio2)
003e9d62  local     .text (.text)
003f171a  local     _PIo2 (.econst:_PIo2)
003e9d62  global    ___kernel_rem_pio2 (.text)
003f1810  local     _init_jk (.econst:_init_jk)
003f15d2  local     _ipio2 (.econst:_ipio2)
003f16aa  local     _one (.econst)
003f16ae  local     _two24 (.econst)
003f16b2  local     _twon24 (.econst)
003f16a6  local     _zero (.econst)


================================================================================

rts2800_ml.lib : exit.c.obj

Run/Load            
Value     Binding   Name (Section)
--------  --------  ---------------
003ed8a2  local     $C$L1 (.text)
003ed8b5  local     $C$L2 (.text)
003ed8c0  local     $C$L3 (.text)
003ed8c6  local     $C$L4 (.text)
00000000  local     .bss (.bss)
003f1e17  local     .cinit (.cinit)
00000000  local     .data (.data)
0000cb22  local     .ebss (.ebss)
003ed8a1  local     .text (.text)
003ed8a1  global    C$$EXIT (.text)
0000cb24  global    ___TI_cleanup_ptr (.ebss)
0000cb26  global    ___TI_dtors_ptr (.ebss)
0000cb22  global    ___TI_enable_exit_profile_output (.ebss)
003ed8a1  global    _abort (.text)
003ed8a3  global    _exit (.text)


================================================================================

rts2800_ml.lib : _lock.c.obj

Run/Load            
Value     Binding   Name (Section)
--------  --------  ---------------
00000000  local     .bss (.bss)
003f1fca  local     .cinit:__lock (.cinit:__lock)
003f1fcf  local     .cinit:__unlock (.cinit:__unlock)
00000000  local     .data (.data)
0000cb8a  local     .ebss:__lock (.ebss:__lock)
0000cb8c  local     .ebss:__unlock (.ebss:__unlock)
003ee663  local     .text (.text)
0000cb8a  global    __lock (.ebss:__lock)
003ee66b  global    __nop (.text)
003ee667  global    __register_lock (.text)
003ee663  global    __register_unlock (.text)
0000cb8c  global    __unlock (.ebss:__unlock)


================================================================================

rts2800_ml.lib : args_main.c.obj

Run/Load            
Value     Binding   Name (Section)
--------  --------  ---------------
003ee323  local     $C$L1 (.text)
003ee326  local     $C$L2 (.text)
00000000  local     .bss (.bss)
00000000  local     .data (.data)
003ee318  local     .text (.text)
003ee318  global    __args_main (.text)


================================================================================

rts2800_ml.lib : s_floor.c.obj

Run/Load            
Value     Binding   Name (Section)
--------  --------  ---------------
003f1802  local     $C$FL1 (.econst)
003f1806  local     $C$FL2 (.econst)
003eb691  local     $C$L1 (.text)
003eb6e9  local     $C$L10 (.text)
003eb709  local     $C$L11 (.text)
003eb70b  local     $C$L12 (.text)
003eb717  local     $C$L13 (.text)
003eb71c  local     $C$L14 (.text)
003eb696  local     $C$L2 (.text)
003eb697  local     $C$L3 (.text)
003eb69f  local     $C$L4 (.text)
003eb6b2  local     $C$L5 (.text)
003eb6c1  local     $C$L6 (.text)
003eb6c4  local     $C$L7 (.text)
003eb6e0  local     $C$L8 (.text)
003eb6e6  local     $C$L9 (.text)
00000000  local     .bss (.bss)
00000000  local     .data (.data)
003f17fe  local     .econst (.econst)
003eb639  local     .text (.text)
003eb639  global    _floorl (.text)
003f17fe  local     _huge (.econst)


================================================================================

rts2800_ml.lib : s_scalbn.c.obj

Run/Load            
Value     Binding   Name (Section)
--------  --------  ---------------
003f1782  local     $C$FL1 (.econst)
003f1786  local     $C$FL2 (.econst)
003f178a  local     $C$FL3 (.econst)
003f178e  local     $C$FL4 (.econst)
003ebbc3  local     $C$L1 (.text)
003ebbdc  local     $C$L2 (.text)
003ebbee  local     $C$L3 (.text)
003ebbf9  local     $C$L4 (.text)
003ebc0e  local     $C$L5 (.text)
003ebc14  local     $C$L6 (.text)
003ebc1f  local     $C$L7 (.text)
003ebc3f  local     $C$L8 (.text)
003ebc43  local     $C$L9 (.text)
00000000  local     .bss (.bss)
00000000  local     .data (.data)
003f1776  local     .econst (.econst)
003ebb9d  local     .text (.text)
003ebb9d  global    _ldexpl (.text)
003ebb9d  global    _scalbnl (.text)
003f177e  local     _tiny (.econst)
003f1776  local     _two54 (.econst)
003f177a  local     _twom54 (.econst)


================================================================================

rts2800_ml.lib : s_copysign.c.obj

Run/Load            
Value     Binding   Name (Section)
--------  --------  ---------------
003edc40  local     $C$L1 (.text)
00000000  local     .bss (.bss)
00000000  local     .data (.data)
003edc1f  local     .text (.text)
003edc1f  global    _copysignl (.text)


================================================================================

rts2800_ml.lib : k_cosf.c.obj

Run/Load            
Value     Binding   Name (Section)
--------  --------  ---------------
003f16e6  local     $C$FL1 (.econst)
003f16ea  local     $C$FL2 (.econst)
003f16ee  local     $C$FL3 (.econst)
003f16f2  local     $C$FL4 (.econst)
003f16f6  local     $C$FL5 (.econst)
00000000  local     .bss (.bss)
00000000  local     .data (.data)
003f16d2  local     .econst (.econst)
003ec483  local     .text (.text)
003f16d6  local     _C0 (.econst)
003f16da  local     _C1 (.econst)
003f16de  local     _C2 (.econst)
003f16e2  local     _C3 (.econst)
003ec483  global    ___kernel_cosdf (.text)
003f16d2  local     _one (.econst)


================================================================================

rts2800_ml.lib : k_sinf.c.obj

Run/Load            
Value     Binding   Name (Section)
--------  --------  ---------------
003f174a  local     $C$FL1 (.econst)
003f174e  local     $C$FL2 (.econst)
003f1752  local     $C$FL3 (.econst)
003f1756  local     $C$FL4 (.econst)
00000000  local     .bss (.bss)
00000000  local     .data (.data)
003f173a  local     .econst (.econst)
003ec1c2  local     .text (.text)
003f173a  local     _S1 (.econst)
003f173e  local     _S2 (.econst)
003f1742  local     _S3 (.econst)
003f1746  local     _S4 (.econst)
003ec1c2  global    ___kernel_sindf (.text)


================================================================================

rts2800_ml.lib : fd_cmp28.asm.obj

Run/Load            
Value     Binding   Name (Section)
--------  --------  ---------------
00000000  local     .bss (.bss)
00000000  local     .data (.data)
003ed877  local     .text (.text)
003ed887  local     CHECK_INF (.text)
003ed877  global    FD$$CMP (.text)
003ed89e  local     NO_NEG (.text)
003ed89f  local     OP_EQUAL (.text)
003ed897  local     RETURN (.text)


================================================================================

rts2800_ml.lib : fd_tol28.asm.obj

Run/Load            
Value     Binding   Name (Section)
--------  --------  ---------------
00000000  local     .bss (.bss)
00000000  local     .data (.data)
003edd85  local     .text (.text)
003edd85  global    FD$$TOL (.text)
003edd9e  local     OVERFLOW (.text)
003edd9d  local     RETURN_VALUE (.text)
003edda2  local     UNDERFLOW (.text)


================================================================================

rts2800_ml.lib : ll_aox28.asm.obj

Run/Load            
Value     Binding   Name (Section)
--------  --------  ---------------
00000000  local     .bss (.bss)
00000000  local     .data (.data)
003ee0a8  local     .text (.text)
003ee0a8  global    LL$$AND (.text)
003ee0b0  global    LL$$OR (.text)
003ee0b8  global    LL$$XOR (.text)


================================================================================

rts2800_ml.lib : i_div28.asm.obj

Run/Load            
Value     Binding   Name (Section)
--------  --------  ---------------
00000000  local     .bss (.bss)
00000000  local     .data (.data)
003edc42  local     .text (.text)
003edc42  global    I$$DIV (.text)
003edc53  global    I$$MOD (.text)
003edc52  local     RET1 (.text)
003edc62  local     RET2 (.text)


================================================================================

rts2800_ml.lib : l_tofd28.asm.obj

Run/Load            
Value     Binding   Name (Section)
--------  --------  ---------------
003edeb2  local     $10 (.text)
00000000  local     .bss (.bss)
00000000  local     .data (.data)
003edea4  local     .text (.text)
003edea4  global    L$$TOFD (.text)
003edebe  local     OP_ZERO (.text)
003edebd  local     RETURN (.text)
003edebb  local     RETURN_VALUE (.text)


================================================================================

rts2800_ml.lib : fd_tofs28.asm.obj

Run/Load            
Value     Binding   Name (Section)
--------  --------  ---------------
00000000  local     .bss (.bss)
00000000  local     .data (.data)
003edca6  local     .text (.text)
003edcb3  local     EXP_EVAL (.text)
003edca6  global    FD$$TOFS (.text)
003edcbf  local     OVERFLOW (.text)
003edcbe  local     RETURN_VALUE (.text)
003edcc5  local     UNDERFLOW (.text)


================================================================================

rts2800_ml.lib : errno.c.obj

Run/Load            
Value     Binding   Name (Section)
--------  --------  ---------------
00000000  local     .bss (.bss)
003f1ff0  local     .cinit (.cinit)
00000000  local     .data (.data)
0000cb95  local     .ebss (.ebss)
00000000  local     .text (.text)
0000cb95  global    _errno (.ebss)


================================================================================

