******************************************************************************
             TMS320C2000 Linker PC v22.6.0                     
******************************************************************************
>> Linked Sun Oct 16 02:06:59 2022

OUTPUT FILE NAME:   <../../../04_Output_Files/Motor28062/TEST_CSMON_C28xx.out>
ENTRY POINT SYMBOL: "_c_int00"  address: 003ec49c


MEMORY CONFIGURATION

         name            origin    length      used     unused   attr    fill
----------------------  --------  ---------  --------  --------  ----  --------
PAGE 0:
  RAML0                 00008000   00000800  00000029  000007d7  RWIX
  RAML1                 00008800   00000400  00000000  00000400  RWIX
  OTP                   003d7800   00000400  00000000  00000400  RWIX
  FLASH_APP             003e8000   0000dff0  0000a1b7  00003e39  RWIX
  CSM_RSVD              003f7f80   00000076  00000076  00000000  RWIX
  BEGIN                 003f7ff6   00000002  00000002  00000000  RWIX
  CSM_PWL_P0            003f7ff8   00000008  00000008  00000000  RWIX
  FPUTABLES             003fd590   000006a0  00000000  000006a0  RWIX
  IQTABLES              003fdf00   00000b50  00000000  00000b50  RWIX
  IQTABLES2             003fea50   0000008c  00000000  0000008c  RWIX
  IQTABLES3             003feadc   000000aa  00000000  000000aa  RWIX
  ROM                   003ff3b0   00000c10  00000000  00000c10  RWIX
  RESET                 003fffc0   00000002  00000000  00000002  RWIX
  VECTORS               003fffc2   0000003e  00000000  0000003e  RWIX

PAGE 1:
  BOOT_RSVD             00000000   00000050  00000000  00000050  RWIX
  RAMM0                 00000050   000003b0  00000380  00000030  RWIX
  RAMM1                 00000400   00000400  00000000  00000400  RWIX
  DEV_EMU               00000880   00000105  00000004  00000101  RWIX
  SYS_PWR_CTL           00000985   00000003  00000003  00000000  RWIX
  FLASH_REGS            00000a80   00000060  00000008  00000058  RWIX
  CSM                   00000ae0   00000020  00000010  00000010  RWIX
  ADC_RESULT            00000b00   00000020  00000010  00000010  RWIX
  CPU_TIMER0            00000c00   00000008  00000008  00000000  RWIX
  CPU_TIMER1            00000c08   00000008  00000008  00000000  RWIX
  CPU_TIMER2            00000c10   00000008  00000008  00000000  RWIX
  PIE_CTRL              00000ce0   00000020  0000001a  00000006  RWIX
  PIE_VECT              00000d00   00000100  00000100  00000000  RWIX
  DMA                   00001000   00000200  000000e0  00000120  RWIX
  CLA1                  00001400   00000080  00000040  00000040  RWIX
  USB0                  00004000   00001000  00000454  00000bac  RWIX
  McBSPA                00005000   00000040  00000024  0000001c  RWIX
  ECANA                 00006000   00000040  00000034  0000000c  RWIX
  ECANA_LAM             00006040   00000040  00000040  00000000  RWIX
  ECANA_MOTS            00006080   00000040  00000040  00000000  RWIX
  ECANA_MOTO            000060c0   00000040  00000040  00000000  RWIX
  ECANA_MBOX            00006100   00000100  00000100  00000000  RWIX
  COMP1                 00006400   00000020  00000014  0000000c  RWIX
  COMP2                 00006420   00000020  00000014  0000000c  RWIX
  COMP3                 00006440   00000020  00000014  0000000c  RWIX
  EPWM1                 00006800   00000040  00000040  00000000  RWIX
  EPWM2                 00006840   00000040  00000040  00000000  RWIX
  EPWM3                 00006880   00000040  00000040  00000000  RWIX
  EPWM4                 000068c0   00000040  00000040  00000000  RWIX
  EPWM5                 00006900   00000040  00000040  00000000  RWIX
  EPWM6                 00006940   00000040  00000040  00000000  RWIX
  EPWM7                 00006980   00000040  00000040  00000000  RWIX
  EPWM8                 000069c0   00000040  00000040  00000000  RWIX
  ECAP1                 00006a00   00000020  00000020  00000000  RWIX
  ECAP2                 00006a20   00000020  00000020  00000000  RWIX
  ECAP3                 00006a40   00000020  00000020  00000000  RWIX
  HRCAP1                00006ac0   00000020  00000020  00000000  RWIX
  HRCAP2                00006ae0   00000020  00000020  00000000  RWIX
  EQEP1                 00006b00   00000040  00000022  0000001e  RWIX
  EQEP2                 00006b40   00000040  00000022  0000001e  RWIX
  HRCAP3                00006c80   00000020  00000020  00000000  RWIX
  HRCAP4                00006ca0   00000020  00000020  00000000  RWIX
  GPIOCTRL              00006f80   00000040  00000040  00000000  RWIX
  GPIODAT               00006fc0   00000020  00000020  00000000  RWIX
  GPIOINT               00006fe0   00000020  00000020  00000000  RWIX
  SYSTEM                00007010   00000030  00000030  00000000  RWIX
  SPIA                  00007040   00000010  00000010  00000000  RWIX
  SCIA                  00007050   00000010  00000010  00000000  RWIX
  NMIINTRUPT            00007060   00000010  00000010  00000000  RWIX
  XINTRUPT              00007070   00000010  00000010  00000000  RWIX
  ADC                   00007100   00000080  00000050  00000030  RWIX
  SPIB                  00007740   00000010  00000010  00000000  RWIX
  SCIB                  00007750   00000010  00000010  00000000  RWIX
  I2CA                  00007900   00000040  00000022  0000001e  RWIX
  RAML2                 00008c00   00000400  00000400  00000000  RWIX
  RAML34                00009000   00003000  00003000  00000000  RWIX
  RAML5                 0000c000   00002000  00000101  00001eff  RWIX
  RAML6                 0000e000   00002000  00000000  00002000  RWIX
  RAML7                 00010000   00002000  00000000  00002000  RWIX
  RAML8                 00012000   00002000  00000000  00002000  RWIX
  USB_RAM               00040000   00000800  00000000  00000800  RWIX
  PARTID                003d7e80   00000001  00000001  00000000  RWIX
  CSM_PWL               003f7ff8   00000008  00000008  00000000  RWIX


SECTION ALLOCATION MAP

 output                                  attributes/
section   page    origin      length       input sections
--------  ----  ----------  ----------   ----------------
.cinit     0    003f198c    0000082c     
                  003f198c    000001f3     CSMON_C28xx.lib : hmmodbus.obj (.cinit)
                  003f1b7f    00000173     main.obj (.cinit)
                  003f1cf2    000000f1     CSMON_C28xx.lib : csmon.obj (.cinit)
                  003f1de3    0000009c                     : modbusreg.obj (.cinit)
                  003f1e7f    00000030                     : csmon.obj (.cinit:_CSMON_au8FileRecorderConfigElementsSizeTable)
                  003f1eaf    0000002b                     : csmon.obj (.cinit:_CSMON_au8FileScopeConfigurationElementsSizeTable)
                  003f1eda    00000017                     : csmon.obj (.cinit:_CSMON_au8FileRecorderDataElementsSizeTable)
                  003f1ef1    00000015                     : csmon.obj (.cinit:_CSMON_sFileAutorization)
                  003f1f06    00000014                     : hmdrv.obj (.cinit)
                  003f1f1a    00000014                     : hmprotocol.obj (.cinit)
                  003f1f2e    00000013                     : modbusreg.obj (.cinit:_MODBUSREG_au8DeviceIDUserApplicationName)
                  003f1f41    00000013                     : modbusreg.obj (.cinit:_MODBUSREG_au8DeviceIDVendorUrl)
                  003f1f54    00000013                     : modbusreg.obj (.cinit:_MODBUSREG_au8ServerIDData)
                  003f1f67    00000013                     : hmrecparam.obj (.cinit:_sRecStatusParam)
                  003f1f7a    00000010     rtc_drv.obj (.cinit)
                  003f1f8a    0000000f     CSMON_C28xx.lib : csmon.obj (.cinit:_CSMON_sDateTime)
                  003f1f99    0000000f                     : csmon.obj (.cinit:_CSMON_sDateTimeApplication)
                  003f1fa8    0000000f                     : csmon.obj (.cinit:_CSMON_sDateTimeDefault)
                  003f1fb7    0000000f                     : modbusreg.obj (.cinit:_MODBUSREG_au8DeviceIDModelName)
                  003f1fc6    0000000f     device.obj (.cinit)
                  003f1fd5    0000000e     rts2800_ml.lib : exit.c.obj (.cinit)
                  003f1fe3    0000000d     CSMON_C28xx.lib : csmon.obj (.cinit:_CSMON_au8FileParameterCountElementsSizeTable)
                  003f1ff0    0000000d                     : csmon.obj (.cinit:_CSMON_au8FileRTCElementsSizeTable)
                  003f1ffd    0000000d                     : csmon.obj (.cinit:_sHashKey)
                  003f200a    0000000d     tmr_drv.obj (.cinit)
                  003f2017    0000000c     CSMON_C28xx.lib : modbusreg.obj (.cinit:_MODBUSREG_au8DeviceIDProductName)
                  003f2023    0000000c                     : modbusreg.obj (.cinit:_MODBUSREG_au8DeviceIDUserReserve0)
                  003f202f    0000000c                     : modbusreg.obj (.cinit:_MODBUSREG_au8DeviceIDUserReserve1)
                  003f203b    0000000c                     : modbusreg.obj (.cinit:_MODBUSREG_au8DeviceIDUserReserve2)
                  003f2047    0000000c                     : modbusreg.obj (.cinit:_MODBUSREG_au8DeviceIDVendorName)
                  003f2053    0000000b                     : hmrecparam.obj (.cinit:_HMRECPRM_sDateTime)
                  003f205e    0000000b     main.obj (.cinit:_MAIN_sDateTimeGet)
                  003f2069    0000000b     main.obj (.cinit:_MAIN_sDateTimeSet)
                  003f2074    0000000b     uart_driver.obj (.cinit:_UART_DRV_RXIntOverflowCounter)
                  003f207f    0000000b     uart_driver.obj (.cinit:_UART_DRV_u32TimeDiffLast)
                  003f208a    0000000b     uart_driver.obj (.cinit:_UART_DRV_u32TimeDiffNow)
                  003f2095    0000000b     CSMON_C28xx.lib : uart_drv.obj (.cinit:_UART_RXIntOverflowCounter)
                  003f20a0    0000000b     tmr_drv.obj (.cinit:_pfDelayedFunction)
                  003f20ab    0000000b     tmr_drv.obj (.cinit:_pfDelayedFunction_u8)
                  003f20b6    0000000b     CSMON_C28xx.lib : hmrecparam.obj (.cinit:_sRecStatusParamInternal)
                  003f20c1    0000000b                     : uart_drv.obj (.cinit:_u32TimeDiffLast)
                  003f20cc    0000000b                     : uart_drv.obj (.cinit:_u32TimeDiffNow)
                  003f20d7    0000000b                     : uart_drv.obj (.cinit:_u32TimeDiffRead)
                  003f20e2    00000009                     : hmserial.obj (.cinit)
                  003f20eb    00000009                     : csmon.obj (.cinit:_CSMON_au32FileAutorization_FunctionAfterWriteFileRecord)
                  003f20f4    00000009                     : csmon.obj (.cinit:_CSMON_sFileParameterCount)
                  003f20fd    00000008                     : hmlib.obj (.cinit)
                  003f2105    00000007                     : csmon.obj (.cinit:_CSMON_au8FileRecorderStatusElementsSizeTable)
                  003f210c    00000007                     : modbusreg.obj (.cinit:_MODBUSREG_au8DeviceIDMajorMinorRevision)
                  003f2113    00000007                     : modbusreg.obj (.cinit:_MODBUSREG_au8DeviceIDProductCode)
                  003f211a    00000007                     : uart_drv.obj (.cinit:_UARTRxBufferRDCount)
                  003f2121    00000007                     : uart_drv.obj (.cinit:_UARTRxBufferRDIndex)
                  003f2128    00000007                     : uart_drv.obj (.cinit:_UARTRxBufferWRCount)
                  003f212f    00000007                     : uart_drv.obj (.cinit:_UARTRxBufferWRIndex)
                  003f2136    00000007     uart_driver.obj (.cinit:_UART_DRV_RxBufferRDCount)
                  003f213d    00000007     uart_driver.obj (.cinit:_UART_DRV_RxBufferWRCount)
                  003f2144    00000007     uart_driver.obj (.cinit:_UART_DRV_RxBufferWRIndex)
                  003f214b    00000006     CSMON_C28xx.lib : csmon.obj (.cinit:_CSMON_abFileAutorization_RecordReadOnly)
                  003f2151    00000006                     : csmon.obj (.cinit:_CSMON_abFileAutorization_RecordStringData)
                  003f2157    00000006                     : csmon.obj (.cinit:_CSMON_au16FileAutorization_RecordOffsets)
                  003f215d    00000006                     : csmon.obj (.cinit:_CSMON_sFileProtocolVersion)
                  003f2163    00000005     rts2800_ml.lib : _lock.c.obj (.cinit:__lock)
                  003f2168    00000005                    : _lock.c.obj (.cinit:__unlock)
                  003f216d    00000005     CSMON_C28xx.lib : hmscopeparam.obj (.cinit:_pBufferScope)
                  003f2172    00000004                     : hmscopeparam.obj (.cinit)
                  003f2176    00000004                     : uart_drv.obj (.cinit)
                  003f217a    00000004                     : csmon.obj (.cinit:_CSMON_au8FileParameterListElementsSizeTablePart1_1)
                  003f217e    00000004                     : csmon.obj (.cinit:_CSMON_au8FileParameterListElementsSizeTablePart1_2)
                  003f2182    00000004                     : csmon.obj (.cinit:_CSMON_au8FileParameterListElementsSizeTablePart1_3)
                  003f2186    00000004                     : csmon.obj (.cinit:_CSMON_au8FileParameterListElementsSizeTablePart1_4)
                  003f218a    00000004                     : csmon.obj (.cinit:_CSMON_au8FileParameterListElementsSizeTablePart2)
                  003f218e    00000004                     : csmon.obj (.cinit:_CSMON_au8FileParameterListElementsSizeTablePart3)
                  003f2192    00000004                     : csmon.obj (.cinit:_CSMON_au8FileParameterNumbElementsSizeTablePart16Bits)
                  003f2196    00000004                     : csmon.obj (.cinit:_CSMON_au8FileParameterNumbElementsSizeTablePart32Bits)
                  003f219a    00000004                     : csmon.obj (.cinit:_CSMON_au8FileRecorderDataElementsSizeTableUsedLength)
                  003f219e    00000004                     : csmon.obj (.cinit:_CSMON_au8FileScopeStatusElementsSizeTable)
                  003f21a2    00000004                     : csmon.obj (.cinit:_CSMON_sFileParameterAccessList)
                  003f21a6    00000004                     : hmmodbus.obj (.cinit:_HMMODBUS_u32RegisterAddressDummyuSize)
                  003f21aa    00000004                     : modbusreg.obj (.cinit:_MODBUSREG_asFileTable)
                  003f21ae    00000004                     : csmon.obj (.cinit:_sFileParameterNumericVisualTypeDefault)
                  003f21b2    00000004     rts2800_ml.lib : errno.c.obj (.cinit)
                  003f21b6    00000002     --HOLE-- [fill = 0]

.pinit     0    003e8000    00000000     UNINITIALIZED

.text      0    003e8000    00006056     
                  003e8000    00001343     CSMON_C28xx.lib : hmmodbus.obj (.text:_HMMODBUS_bDecoder)
                  003e9343    000006ea                     : modbusreg.obj (.text:_MODBUSREG_AddressTablesInit)
                  003e9a2d    00000698     rts2800_ml.lib : k_rem_pio2.c.obj (.text)
                  003ea0c5    000001ac     main.obj (.text:_main)
                  003ea271    0000017f     CSMON_C28xx.lib : csmon.obj (.text:_CSMON_eSetUpRecParam)
                  003ea3f0    00000167                     : csmon.obj (.text:_CSMON_eProcess)
                  003ea557    00000146                     : hmmodbus.obj (.text:_HMMODBUS_Rx)
                  003ea69d    0000011b                     : hmmodbus.obj (.text:_HMMODBUS_vSetFreeRunTimerPrescaller)
                  003ea7b8    00000114     rts2800_ml.lib : s_sinf.c.obj (.text)
                  003ea8cc    00000107                    : ll_div28.asm.obj (.text)
                  003ea9d3    000000f5     CSMON_C28xx.lib : hmdrv.obj (.text:_HMDRV_vInit)
                  003eaac8    000000f1                     : csmon.obj (.text:_CSMON_vFileRecoderStatusFix)
                  003eabb9    000000e9                     : hmprotocol.obj (.text:_HMPROTOCOL_bDecoder)
                  003eaca2    000000e8                     : hmrecparam.obj (.text:_HMRECPRM_vProcess)
                  003ead8a    000000e8     rts2800_ml.lib : s_floor.c.obj (.text)
                  003eae72    000000e4     main.obj (.text:_ControlProcess)
                  003eaf56    000000d3     CSMON_C28xx.lib : csmon.obj (.text:_CSMON_vSetupHoldingRegistersAndCoilsAddressTableFromCSMONParameterList)
                  003eb029    000000bc                     : hmrecparam.obj (.text:_HMRECPRM_SetUpRec)
                  003eb0e5    000000ba                     : csmon.obj (.text:_CSMON_eInit)
                  003eb19f    000000b8                     : hmrec.obj (.text:_HMREC_SetUpRec)
                  003eb257    000000b4                     : csmon.obj (.text:_CSMON_vInitParameterListRealAddressRecordTables)
                  003eb30b    000000aa                     : hmdrv.obj (.text:_HMDRV_CopyFromBufferInternalModbusBitField)
                  003eb3b5    000000aa     rts2800_ml.lib : s_scalbn.c.obj (.text)
                  003eb45f    000000a7                    : e_rem_pio2f.c.obj (.text)
                  003eb506    000000a3     tmr_drv.obj (.text:_TMR2_ISR)
                  003eb5a9    0000009e     CSMON_C28xx.lib : csmon.obj (.text:_CSMON_vPrepareFileParameterAccessList)
                  003eb647    0000009d                     : hmmodbus.obj (.text:_HMMODBUS_GetRealRegisterAddressAndSize)
                  003eb6e4    0000009c     rts2800_ml.lib : fd_add28.asm.obj (.text)
                  003eb780    00000099     main.obj (.text:_RecordersInitialization)
                  003eb819    00000096     main.obj (.text:_ParameterInitialization)
                  003eb8af    00000092     CSMON_C28xx.lib : hmdrv.obj (.text:_HMDRV_CopyMemory)
                  003eb941    00000092                     : hmdrv.obj (.text:_HMDRV_CopyToBufferInternalModbus)
                  003eb9d3    00000092     rts2800_ml.lib : k_sinf.c.obj (.text)
                  003eba65    00000090     CSMON_C28xx.lib : csmon.obj (.text:_CSMON_vSetDateTimeAutorization)
                  003ebaf5    0000008b     rts2800_ml.lib : fd_div28.asm.obj (.text)
                  003ebb80    00000087     CSMON_C28xx.lib : hmrecparam.obj (.text:_HMRECPRM_SetUpRecParamStatusDateTime)
                  003ebc07    00000087     rts2800_ml.lib : k_cosf.c.obj (.text)
                  003ebc8e    00000083     CSMON_C28xx.lib : hmdrv.obj (.text:_HMDRV_CopyFromBufferInternalModbus)
                  003ebd11    00000083     rts2800_ml.lib : fd_mpy28.asm.obj (.text)
                  003ebd94    00000083                    : fs_div28.asm.obj (.text)
                  003ebe17    0000007f     CSMON_C28xx.lib : hmserial.obj (.text:_HMSERIAL_vProcessSCI)
                  003ebe96    00000078     rts2800_ml.lib : fs_add28.asm.obj (.text)
                  003ebf0e    0000006a     CSMON_C28xx.lib : hmserial.obj (.text:_HMSERIAL_Rx)
                  003ebf78    00000068                     : hmmodbus.obj (.text:_HMMODBUS_vProcessSCI)
                  003ebfe0    00000068                     : hmprotocol.obj (.text:_HMPROTOCOL_GetBoardInfo)
                  003ec048    00000067                     : hmmodbus.obj (.text:_HMMODBUS_CopyFromBuffer)
                  003ec0af    00000064                     : hmrec.obj (.text:_HMREC_vProcess)
                  003ec113    00000064                     : modbusreg.obj (.text:_MODBUSREG_vInit)
                  003ec177    0000005f     F2806x_SysCtrl.obj (.text:_InitPeripheralClocks)
                  003ec1d6    0000005d     CSMON_C28xx.lib : uart_drv.obj (.text:_UART_RXInterrupt)
                  003ec233    0000005a     gpio.obj (.text:_GPIO_setPinConfigOutput)
                  003ec28d    0000005a     rts2800_ml.lib : fs_mpy28.asm.obj (.text)
                  003ec2e7    00000059     CSMON_C28xx.lib : csmon.obj (.text:_CSMON_vUpdateDateTimeFromApplication)
                  003ec340    00000059                     : hmmodbus.obj (.text:_vSetElementsSize)
                  003ec399    00000057                     : csmon.obj (.text:_CSMON_bCheckValidDateTime)
                  003ec3f0    00000057     uart_driver.obj (.text:_UART_DRV_RXInterrupt)
                  003ec447    00000055     CSMON_C28xx.lib : modbusreg.obj (.text:_MODBUSREG_FileRecorderExternalUpdateInit)
                  003ec49c    00000054     rts2800_ml.lib : boot28.asm.obj (.text)
                  003ec4f0    00000051     F2806x_SysCtrl.obj (.text:_InitPll)
                  003ec541    0000004f     CSMON_C28xx.lib : csmon.obj (.text:_CSMON_eSetRecorderTriggerAtPosition)
                  003ec590    0000004f     device.obj (.text:_Device_CsmUnlock)
                  003ec5df    0000004e     CSMON_C28xx.lib : hmmodbus.obj (.text:_HMMODBUS_GetRegisterFunction)
                  003ec62d    0000004e                     : hmrecparam.obj (.text:_HMRECPRM_StartRecParam)
                  003ec67b    0000004c                     : hmmodbus.obj (.text:_HMMODBUS_vSendResponse)
                  003ec6c7    0000004c                     : hmrecparam.obj (.text:_HMRECPRM_vTimeSync)
                  003ec713    0000004a     main.obj (.text:_ExternalParametersInitialization)
                  003ec75d    00000047     CSMON_C28xx.lib : hmmodbus.obj (.text:_HMMODBUS_CopyToBuffer)
                  003ec7a4    00000047                     : hmscopeparam.obj (.text:_HMSCOPEPRM_SetUpScope)
                  003ec7eb    00000043                     : hmscopeparam.obj (.text:_HMSCOPEPRM_ReadScope)
                  003ec82e    00000042     interrupt.obj (.text:_Interrupt_enable)
                  003ec870    0000003f     CSMON_C28xx.lib : hmdrv.obj (.text:_HMDRV_CopyFromBufferInternal)
                  003ec8af    0000003d                     : hmmodbus.obj (.text:_vSetStartSampleIndex)
                  003ec8ec    0000003c     tmr_drv.obj (.text:_configCPUTimer)
                  003ec928    0000003b     CSMON_C28xx.lib : csmon.obj (.text:_CSMON_u16FindIndexParameterTable)
                  003ec963    0000003b                     : csmon.obj (.text:_CSMON_u32GetRealAddressAndSizeOffsetFromParameter)
                  003ec99e    0000003b                     : hmscope.obj (.text:_HMSCOPE_SetUpScope)
                  003ec9d9    00000038                     : csmon.obj (.text:_CSMON_eSetRecorderConfigurationSkipSamples)
                  003eca11    00000038     device.obj (.text:_Device_init)
                  003eca49    00000038     CSMON_C28xx.lib : uart_drv.obj (.text:_UART_ReadDataRx)
                  003eca81    00000036                     : csmon.obj (.text:_CSMON_vRecorderParamStartStopProcess)
                  003ecab7    00000036                     : hmscope.obj (.text:_HMSCOPE_ReadScope)
                  003ecaed    00000036                     : hmserial.obj (.text:_HMSERIAL_vSendResponse)
                  003ecb23    00000035                     : hmdrv.obj (.text:_HMDRV_CopyToBufferInternal)
                  003ecb58    00000033                     : hmmodbus.obj (.text:_HMMODBUS_Listen)
                  003ecb8b    0000002e                     : hmserial.obj (.text:_HMSERIAL_vProcessSCIFreemasterOnly)
                  003ecbb9    0000002d                     : csmon.obj (.text:_CSMON_eSetParameterInRecorderAtPosition)
                  003ecbe6    0000002d                     : csmon.obj (.text:_CSMON_eSetParameterInScopeAtPosition)
                  003ecc13    0000002d                     : csmon.obj (.text:_CSMON_vInitRecorders)
                  003ecc40    0000002d                     : csmon.obj (.text:_CSMON_vSetupHoldingRegistersAndCoilsAddressTableAccessAll)
                  003ecc6d    0000002d                     : hmserial.obj (.text:_HMSERIAL_Listen)
                  003ecc9a    0000002d                     : hmrecparam.obj (.text:_RecorderTimeFromLocalDateTime)
                  003eccc7    0000002b                     : hmrecparam.obj (.text:_FillTimeData)
                  003eccf2    0000002a                     : modbusreg.obj (.text:_MODBUSREG_vInitHoldingRegistersTableChangesExternalList)
                  003ecd1c    0000002a     rts2800_ml.lib : fd_cmp28.asm.obj (.text)
                  003ecd46    00000029                    : exit.c.obj (.text)
                  003ecd6f    00000029                    : fs_tol28.asm.obj (.text)
                  003ecd98    00000028     CSMON_C28xx.lib : csmon.obj (.text:_CSMON_bAutorizationPasswordCheck)
                  003ecdc0    00000028     main.obj (.text:_ScopesInitialization)
                  003ecde8    00000027     CSMON_C28xx.lib : hmserial.obj (.text:_HMSERIAL_vProcessSCITXISR)
                  003ece0f    00000026                     : hmdrv.obj (.text:_HMDRV_CopyFromBufferInternalWithMaskModbus)
                  003ece35    00000025                     : hmserial.obj (.text:_HMSERIAL_Tx)
                  003ece5a    00000025     rts2800_ml.lib : fs_toi28.asm.obj (.text)
                  003ece7f    00000024     CSMON_C28xx.lib : csmon.obj (.text:_CSMON_vAutorizationReset)
                  003ecea3    00000024                     : hmprotocol.obj (.text:_HMPROTOCOL_ReadMem)
                  003ecec7    00000024                     : hmrecparam.obj (.text:_RecorderDateFromLocalDateTime)
                  003eceeb    00000024     sci_driver.obj (.text:_SCIA_DRV_RXFIFOISR)
                  003ecf0f    00000024     sci_driver.obj (.text:_SCIA_DRV_TXFIFOISR)
                  003ecf33    00000024     sci_drv.obj (.text:_SCIA_RXFIFOISR)
                  003ecf57    00000024     sci_drv.obj (.text:_SCIA_TXFIFOISR)
                  003ecf7b    00000024     sci_driver.obj (.text:_SCIB_DRV_RXFIFOISR)
                  003ecf9f    00000024     sci_driver.obj (.text:_SCIB_DRV_TXFIFOISR)
                  003ecfc3    00000024     sci_drv.obj (.text:_SCIB_RXFIFOISR)
                  003ecfe7    00000024     sci_drv.obj (.text:_SCIB_TXFIFOISR)
                  003ed00b    00000024     tmr_drv.obj (.text:_TMR_vInit)
                  003ed02f    00000024     CSMON_C28xx.lib : hmmodbus.obj (.text:_vSetSampleCountAvailable)
                  003ed053    00000024     rts2800_ml.lib : cpy_tbl.c.obj (.text)
                  003ed077    00000023     CSMON_C28xx.lib : csmon.obj (.text:_CSMON_vRecorderParamSetupProcess)
                  003ed09a    00000023                     : hmlib.obj (.text:_HMLIB_vInit)
                  003ed0bd    00000023                     : modbusreg.obj (.text:_MODBUSREG_FileRecorderElementSizeTableUsedSizeUpdateInit)
                  003ed0e0    00000023     rts2800_ml.lib : s_copysign.c.obj (.text)
                  003ed103    00000022                    : i_div28.asm.obj (.text)
                  003ed125    00000021     CSMON_C28xx.lib : csmon.obj (.text:_CSMON_eSetParameterListParameterID)
                  003ed146    00000021                     : hmdrv.obj (.text:_HMDRV_CopyFromBufferInternalWithMask)
                  003ed167    00000021     sci.obj (.text:_SCI_setConfig)
                  003ed188    00000021     rts2800_ml.lib : fd_tofs28.asm.obj (.text)
                  003ed1a9    00000021                    : fs_toul28.asm.obj (.text)
                  003ed1ca    00000020     CSMON_C28xx.lib : hmdrv.obj (.text:_HMDRV_vProcess)
                  003ed1ea    00000020     tmr_drv.obj (.text:_TMR_vInitCPUTimers)
                  003ed20a    00000020     CSMON_C28xx.lib : hmmodbus.obj (.text:_vSetSampleCountBuffer)
                  003ed22a    0000001f                     : hmmodbus.obj (.text:_HMMODBUS_vInit)
                  003ed249    0000001f     F2806x_PieCtrl.obj (.text:_InitPieCtrl)
                  003ed268    0000001f     CSMON_C28xx.lib : hmmodbus.obj (.text:_vSetSampleSize)
                  003ed287    0000001f     rts2800_ml.lib : fd_tol28.asm.obj (.text)
                  003ed2a6    0000001d     CSMON_C28xx.lib : hmmodbus.obj (.text:_HMMODBUS_Tx)
                  003ed2c3    0000001d                     : hmrecparam.obj (.text:_HMRECPRM_GetRecBuffFreemaster)
                  003ed2e0    0000001d                     : hmrec.obj (.text:_HMREC_GetRecBuffFreemaster)
                  003ed2fd    0000001d     rts2800_ml.lib : fs_tou28.asm.obj (.text)
                  003ed31a    0000001d                    : memcpy.c.obj (.text)
                  003ed337    0000001c     main.obj (.text:_CSMON_vGetDateTime)
                  003ed353    0000001c     CSMON_C28xx.lib : csmon.obj (.text:_HMRECPRM_vGetDateTime)
                  003ed36f    0000001c     sci.obj (.text:_SCI_clearInterruptStatus)
                  003ed38b    0000001c     CSMON_C28xx.lib : hmmodbus.obj (.text:_vSetIndexFileTable)
                  003ed3a7    0000001c     rts2800_ml.lib : fs_tofd28.asm.obj (.text)
                  003ed3c3    0000001c                    : l_tofd28.asm.obj (.text)
                  003ed3df    0000001b     device.obj (.text:_Device_initGPIO)
                  003ed3fa    0000001b     CSMON_C28xx.lib : hmdrv.obj (.text:_HMDRV_AddressToBuffer)
                  003ed415    0000001b     rts2800_ml.lib : fd_toul28.asm.obj (.text)
                  003ed430    0000001a     CSMON_C28xx.lib : csmon.obj (.text:_CSMON_eSetParameterListRealAddress)
                  003ed44a    0000001a                     : hmmodbus.obj (.text:_HMMODBUS_vProcessSCITXISR)
                  003ed464    0000001a                     : hmrecparam.obj (.text:_HMRECPRM_StartRec)
                  003ed47e    0000001a                     : hmserial.obj (.text:_HMSERIAL_vProcessSCITXISRFreemasterOnly)
                  003ed498    0000001a     sci.obj (.text:_SCI_disableInterrupt)
                  003ed4b2    0000001a     sci.obj (.text:_SCI_enableInterrupt)
                  003ed4cc    0000001a     rts2800_ml.lib : l_tofs28.asm.obj (.text)
                  003ed4e6    00000019     CSMON_C28xx.lib : csmon.obj (.text:_CSMON_eSetParameterCountInRecorder)
                  003ed4ff    00000019                     : hmdrv.obj (.text:_HMDRV_AddressFromBuffer)
                  003ed518    00000019                     : uart_drv.obj (.text:_UART_vInit)
                  003ed531    00000019                     : hmmodbus.obj (.text:_bGetFileReadAccess)
                  003ed54a    00000019     rts2800_ml.lib : prolog28.asm.obj (.text)
                  003ed563    00000018     CSMON_C28xx.lib : csmon.obj (.text:_CSMON_u32GetFreeRunningTimerMicroseconds)
                  003ed57b    00000018                     : hmlib.obj (.text:_HMLIB_vProcessSCITXISRWithIndex)
                  003ed593    00000018     F2806x_SysCtrl.obj (.text:_InitSysCtrl)
                  003ed5ab    00000018     rts2800_ml.lib : ll_aox28.asm.obj (.text)
                  003ed5c3    00000017     CSMON_C28xx.lib : csmon.obj (.text:_CSMON_vSaveRecorderConfig)
                  003ed5da    00000017                     : hmmodbus.obj (.text:_HMMODBUS_vProcessTxDelay)
                  003ed5f1    00000017                     : hmprotocol.obj (.text:_HMPROTOCOL_WriteMem)
                  003ed608    00000017                     : hmprotocol.obj (.text:_HMPROTOCOL_WriteMemMask)
                  003ed61f    00000017                     : hmmodbus.obj (.text:_vSetBufferAddressStart)
                  003ed636    00000017     rts2800_ml.lib : fs_cmp28.asm.obj (.text)
                  003ed64d    00000017                    : u_tofd28.asm.obj (.text)
                  003ed664    00000016     CSMON_C28xx.lib : csmon.obj (.text:_CSMON_eSetParameterCountInScope)
                  003ed67a    00000016                     : hmdrv.obj (.text:_HMDRV_AddressFromBufferBigEndian)
                  003ed690    00000015                     : hmrecparam.obj (.text:_HMRECPRM_Comparefloat)
                  003ed6a5    00000015                     : hmrec.obj (.text:_HMREC_Comparefloat)
                  003ed6ba    00000015                     : hmrec.obj (.text:_HMREC_StartRec)
                  003ed6cf    00000015     F2806x_Gpio.obj (.text:_InitGpio)
                  003ed6e4    00000014     CSMON_C28xx.lib : csmon.obj (.text:_CSMON_vFileParameterCountCheckSumUpdate)
                  003ed6f8    00000014                     : hmlib.obj (.text:_HMLIB_vProcessFastTD)
                  003ed70c    00000014                     : hmmodbus.obj (.text:_HMMODBUS_DelayedTx)
                  003ed720    00000014                     : hmrecparam.obj (.text:_HMRECPRM_StopRecParam)
                  003ed734    00000014                     : hmserial.obj (.text:_HMSERIAL_DelayedTx)
                  003ed748    00000013                     : csmon.obj (.text:_CSMON_eSetFlagProcessPassed)
                  003ed75b    00000013     rts2800_ml.lib : ul_tofs28.asm.obj (.text)
                  003ed76e    00000012     CSMON_C28xx.lib : hmdrv.obj (.text:_HMDRV_GetStringLengthFromWordInternal)
                  003ed780    00000012                     : hmmodbus.obj (.text:_HMMODBUS_vSetupRegisterDummy)
                  003ed792    00000012                     : hmrecparam.obj (.text:_HMRECPRM_CompareBOOL)
                  003ed7a4    00000012                     : modbusreg.obj (.text:_MODBUSREG_FileShortNameElementSizeandAddressUpdateInit)
                  003ed7b6    00000012                     : modbusreg.obj (.text:_MODBUSREG_vFileDenyAccess)
                  003ed7c8    00000012                     : uart_drv.obj (.text:_UART_TxIntDis)
                  003ed7da    00000012                     : uart_drv.obj (.text:_UART_TxIntEna)
                  003ed7ec    00000011     main.obj (.text:_CSMON_vSetDateTime)
                  003ed7fd    00000011     CSMON_C28xx.lib : hmserial.obj (.text:_HMSERIAL_vInit)
                  003ed80e    00000011     F2806x_PieVect.obj (.text:_InitPieVectTable)
                  003ed81f    00000011     main.obj (.text:_vSetWatchdogPrescalerTimeDiv)
                  003ed830    00000011     rts2800_ml.lib : args_main.c.obj (.text)
                  003ed841    00000010     CSMON_C28xx.lib : csmon.obj (.text:_CSMON_eSetParameterListRegisterFlags)
                  003ed851    00000010     device.obj (.text:_Example_MemCopy)
                  003ed861    00000010     F2806x_SysCtrl.obj (.text:_IntOsc1Sel)
                  003ed871    00000010     CSMON_C28xx.lib : hmmodbus.obj (.text:_bIsValidEndAddressInBuffer)
                  003ed881    00000010                     : hmmodbus.obj (.text:_u32BytesMemoryToBytesModbus)
                  003ed891    00000010                     : hmmodbus.obj (.text:_u32BytesModbusToBytesMemory)
                  003ed8a1    00000010     main.obj (.text:_vGetWatchdogPrescaler)
                  003ed8b1    00000010     rts2800_ml.lib : u_tofs28.asm.obj (.text)
                  003ed8c1    0000000f     CSMON_C28xx.lib : hmmodbus.obj (.text:_HMMODBUS_CalcCRC)
                  003ed8d0    0000000f                     : modbusreg.obj (.text:_MODBUSREG_FileParameterListAddressUpdateInit)
                  003ed8df    0000000f                     : modbusreg.obj (.text:_MODBUSREG_FileParameterNumbAddressUpdateInit)
                  003ed8ee    0000000f                     : uart_drv.obj (.text:_UART_IsTxEmpty)
                  003ed8fd    0000000e                     : hmdrv.obj (.text:_HMDRV_GetStringLengthInternal)
                  003ed90b    0000000e                     : hmrecparam.obj (.text:_HMRECPRM_Compare16S)
                  003ed919    0000000e                     : hmrecparam.obj (.text:_HMRECPRM_Compare16U)
                  003ed927    0000000e                     : hmrecparam.obj (.text:_HMRECPRM_Compare32S)
                  003ed935    0000000e                     : hmrecparam.obj (.text:_HMRECPRM_Compare32U)
                  003ed943    0000000e                     : hmrecparam.obj (.text:_HMRECPRM_Compare8S)
                  003ed951    0000000e                     : hmrecparam.obj (.text:_HMRECPRM_Compare8U)
                  003ed95f    0000000e                     : hmrec.obj (.text:_HMREC_Compare16S)
                  003ed96d    0000000e                     : hmrec.obj (.text:_HMREC_Compare16U)
                  003ed97b    0000000e                     : hmrec.obj (.text:_HMREC_Compare32S)
                  003ed989    0000000e                     : hmrec.obj (.text:_HMREC_Compare32U)
                  003ed997    0000000e                     : hmrec.obj (.text:_HMREC_Compare8S)
                  003ed9a5    0000000e                     : hmrec.obj (.text:_HMREC_Compare8U)
                  003ed9b3    0000000e                     : hmmodbus.obj (.text:_u32FitAddressCircleBufferInside)
                  003ed9c1    0000000e     rts2800_ml.lib : fd_sub28.asm.obj (.text)
                  003ed9cf    0000000d     CSMON_C28xx.lib : csmon.obj (.text:_CSMON_eResetParameterTable)
                  003ed9dc    0000000d                     : csmon.obj (.text:_CSMON_vInitHoldingRegistersTableChanges)
                  003ed9e9    0000000d                     : hmrecparam.obj (.text:_HMRECPRM_IsJustStopped)
                  003ed9f6    0000000d                     : hmrecparam.obj (.text:_HMRECPRM_StopRec)
                  003eda03    0000000d                     : hmrec.obj (.text:_HMREC_StopRec)
                  003eda10    0000000d                     : modbusreg.obj (.text:_MODBUSREG_vFileAllowAccess)
                  003eda1d    0000000d     tmr_drv.obj (.text:_TIMER_vSetupTimerMainFunctionDelayCompare)
                  003eda2a    0000000d     CSMON_C28xx.lib : uart_drv.obj (.text:_UART_ReadDataRxAvailable)
                  003eda37    0000000c                     : hmlib.obj (.text:_HMLIB_vProcess)
                  003eda43    0000000c                     : hmrecparam.obj (.text:_HMRECPRM_GetBufferRecParamPtrAddress)
                  003eda4f    0000000c                     : hmrecparam.obj (.text:_HMRECPRM_TriggerRec)
                  003eda5b    0000000c                     : hmmodbus.obj (.text:_u32FixAddressCircleBufferOverflow)
                  003eda67    0000000c     rts2800_ml.lib : epilog28.asm.obj (.text)
                  003eda73    0000000b     CSMON_C28xx.lib : hmmodbus.obj (.text:_HMMODBUS_vProcessFastTD)
                  003eda7e    0000000b                     : hmrecparam.obj (.text:_HMRECPRM_IsRunning)
                  003eda89    0000000b                     : hmserial.obj (.text:_HMSERIAL_vProcessFastTD)
                  003eda94    0000000b                     : modbusreg.obj (.text:_MODBUSREG_vDataZero)
                  003eda9f    0000000b     sci_driver.obj (.text:_SCI_DRV_eGetModuleIndexFromBase)
                  003edaaa    0000000b     sci_drv.obj (.text:_SCI_eGetModuleIndexFromBase)
                  003edab5    0000000b     CSMON_C28xx.lib : uart_drv.obj (.text:_UART_TxDis)
                  003edac0    0000000b                     : uart_drv.obj (.text:_UART_TxEna)
                  003edacb    0000000b                     : hmmodbus.obj (.text:_bIsValidIndexFileTable)
                  003edad6    0000000b     rts2800_ml.lib : u_div28.asm.obj (.text)
                  003edae1    0000000a     CSMON_C28xx.lib : hmrecparam.obj (.text:_HMRECPRM_ClrLastStopDetectionToRecorderStopSamplesCounter)
                  003edaeb    0000000a                     : hmrecparam.obj (.text:_HMRECPRM_GetRecStatus)
                  003edaf5    0000000a                     : hmrec.obj (.text:_HMREC_GetRecStatus)
                  003edaff    00000009                     : csmon.obj (.text:_CSMON_eSetParameterListRegisterSize)
                  003edb08    00000009                     : csmon.obj (.text:_CSMON_eSetParameterListShortNaming)
                  003edb11    00000009                     : csmon.obj (.text:_CSMON_eSetServerOnStatus)
                  003edb1a    00000009                     : hmlib.obj (.text:_HMLIB_vInitRecParamBuff)
                  003edb23    00000009                     : hmmodbus.obj (.text:_HMMODBUS_vProcessFreeTimer)
                  003edb2c    00000009                     : hmmodbus.obj (.text:_HMMODBUS_vProcessRxDelay)
                  003edb35    00000009                     : hmrecparam.obj (.text:_HMRECPRM_GetExternBufferRecParamLastPointedAddress)
                  003edb3e    00000009                     : hmrecparam.obj (.text:_HMRECPRM_GetExternBufferRecParamPtrAddress)
                  003edb47    00000009                     : hmrec.obj (.text:_HMREC_TriggerRec)
                  003edb50    00000009                     : hmscopeparam.obj (.text:_HMSCOPEPRM_GetBufferScopeParamAddress)
                  003edb59    00000009                     : hmserial.obj (.text:_HMSERIAL_vProcessFreeTimer)
                  003edb62    00000009     tmr_drv.obj (.text:_TIMER_vResetTimerMainFunctionDelayCounter)
                  003edb6b    00000009     tmr_drv.obj (.text:_TIMER_vSetupTimerMainDelayedFunctionSendData)
                  003edb74    00000009     CSMON_C28xx.lib : uart_drv.obj (.text:_UART_PutChar)
                  003edb7d    00000009                     : uart_drv.obj (.text:_UART_ReadDataRxTimeDiff)
                  003edb86    00000009     rts2800_ml.lib : _lock.c.obj (.text)
                  003edb8f    00000009                    : fd_neg28.asm.obj (.text)
                  003edb98    00000008     Example_Flash2806x_CsmKeys.obj (.text)
                  003edba0    00000008     F2806x_CodeStartBranch.obj (.text)
                  003edba8    00000008     F2806x_SysCtrl.obj (.text:_DisableDog)
                  003edbb0    00000008     CSMON_C28xx.lib : hmdrv.obj (.text:_HMDRV_CopyFromBufferWithMaskModbus)
                  003edbb8    00000008                     : hmmodbus.obj (.text:_HMMODBUS_vSetupHoldingRegistersProcessFuncTable)
                  003edbc0    00000008                     : hmmodbus.obj (.text:_HMMODBUS_vSetupHoldingRegistersRealAddressTable)
                  003edbc8    00000008                     : hmmodbus.obj (.text:_HMMODBUS_vSetupHoldingRegistersRegisterFlagsTable)
                  003edbd0    00000008                     : hmmodbus.obj (.text:_HMMODBUS_vSetupHoldingRegistersRegisterSizeTable)
                  003edbd8    00000008                     : hmmodbus.obj (.text:_HMMODBUS_vSetupHoldingRegistersVirtAddressTable)
                  003edbe0    00000008                     : hmrecparam.obj (.text:_HMRECPRM_GetExternRecParamAddress)
                  003edbe8    00000008                     : hmrecparam.obj (.text:_HMRECPRM_GetExternRecParamPtrMaximumUsedSampleCount)
                  003edbf0    00000008                     : hmrecparam.obj (.text:_HMRECPRM_GetExternRecParamPtrSampleSize)
                  003edbf8    00000008                     : hmrecparam.obj (.text:_HMRECPRM_GetRecParamPtrAvailableSampleCount)
                  003edc00    00000008                     : hmrecparam.obj (.text:_HMRECPRM_GetRecParamPtrLastSampleIndex)
                  003edc08    00000008                     : hmrecparam.obj (.text:_HMRECPRM_GetRecParamPtrMaximumUsedSampleCount)
                  003edc10    00000008                     : hmrecparam.obj (.text:_HMRECPRM_GetRecParamPtrSampleSize)
                  003edc18    00000008                     : hmrecparam.obj (.text:_HMRECPRM_GetStatusRecParamAddress)
                  003edc20    00000008                     : hmrecparam.obj (.text:_HMRECPRM_vInit)
                  003edc28    00000008                     : hmrec.obj (.text:_HMREC_vInit)
                  003edc30    00000007     F2806x_DisInt.obj (.text)
                  003edc37    00000007     CSMON_C28xx.lib : csmon.obj (.text:_CSMON_eSetParameterListAccessLevel)
                  003edc3e    00000007                     : csmon.obj (.text:_CSMON_eSetParameterListBitsCount)
                  003edc45    00000007                     : csmon.obj (.text:_CSMON_eSetParameterListFunctionCode)
                  003edc4c    00000007                     : hmlib.obj (.text:_HMLIB_vProcessDifferentPorts)
                  003edc53    00000007                     : hmlib.obj (.text:_HMLIB_vProcessRecorders)
                  003edc5a    00000007                     : hmrecparam.obj (.text:_HMRECPRM_vResetAllStopDetections)
                  003edc61    00000007                     : hmscopeparam.obj (.text:_HMSCOPEPRM_GetStatusScopeParamAddress)
                  003edc68    00000007                     : modbusreg.obj (.text:_MODBUSREG_vInitHoldingRegistersTableChanges)
                  003edc6f    00000007     sci_driver.obj (.text:_SCI_DRV_u32GetBaseFromModuleIndex)
                  003edc76    00000007     sci_drv.obj (.text:_SCI_u32GetBaseFromModuleIndex)
                  003edc7d    00000006     cputimer.obj (.text:_CPUTimer_setEmulationMode)
                  003edc83    00000006     CSMON_C28xx.lib : hmrecparam.obj (.text:_HMRECPRM_SetUpRecBuff)
                  003edc89    00000006                     : hmrec.obj (.text:_HMREC_SetUpRecBuff)
                  003edc8f    00000006     tmr_drv.obj (.text:_TIMER_u16ResetTimerMainPeriod)
                  003edc95    00000006     uart_driver.obj (.text:_UART_DRV_GetChar)
                  003edc9b    00000006     CSMON_C28xx.lib : uart_drv.obj (.text:_UART_GetChar)
                  003edca1    00000005     F2806x_DefaultIsr.obj (.text:_ADCINT1_ISR)
                  003edca6    00000005     F2806x_DefaultIsr.obj (.text:_ADCINT2_ISR)
                  003edcab    00000005     F2806x_DefaultIsr.obj (.text:_ADCINT3_ISR)
                  003edcb0    00000005     F2806x_DefaultIsr.obj (.text:_ADCINT4_ISR)
                  003edcb5    00000005     F2806x_DefaultIsr.obj (.text:_ADCINT5_ISR)
                  003edcba    00000005     F2806x_DefaultIsr.obj (.text:_ADCINT6_ISR)
                  003edcbf    00000005     F2806x_DefaultIsr.obj (.text:_ADCINT7_ISR)
                  003edcc4    00000005     F2806x_DefaultIsr.obj (.text:_ADCINT8_ISR)
                  003edcc9    00000005     F2806x_DefaultIsr.obj (.text:_ADCINT9_ISR)
                  003edcce    00000005     F2806x_DefaultIsr.obj (.text:_CLA1_INT1_ISR)
                  003edcd3    00000005     F2806x_DefaultIsr.obj (.text:_CLA1_INT2_ISR)
                  003edcd8    00000005     F2806x_DefaultIsr.obj (.text:_CLA1_INT3_ISR)
                  003edcdd    00000005     F2806x_DefaultIsr.obj (.text:_CLA1_INT4_ISR)
                  003edce2    00000005     F2806x_DefaultIsr.obj (.text:_CLA1_INT5_ISR)
                  003edce7    00000005     F2806x_DefaultIsr.obj (.text:_CLA1_INT6_ISR)
                  003edcec    00000005     F2806x_DefaultIsr.obj (.text:_CLA1_INT7_ISR)
                  003edcf1    00000005     F2806x_DefaultIsr.obj (.text:_CLA1_INT8_ISR)
                  003edcf6    00000005     CSMON_C28xx.lib : csmon.obj (.text:_CSMON_eSetAutoServiceWatchdogInternalSlowCalculationsInMainLoop)
                  003edcfb    00000005                     : csmon.obj (.text:_CSMON_eSetFirmwareApplicationVersion)
                  003edd00    00000005                     : csmon.obj (.text:_CSMON_eSetMaxTimeInISR)
                  003edd05    00000005                     : csmon.obj (.text:_CSMON_eSetMinGuaranteedTimeBetweenTwoISRs)
                  003edd0a    00000005                     : csmon.obj (.text:_CSMON_eSetParameterListDataDefault)
                  003edd0f    00000005                     : csmon.obj (.text:_CSMON_eSetParameterListDataMaximum)
                  003edd14    00000005                     : csmon.obj (.text:_CSMON_eSetParameterListDataMinimum)
                  003edd19    00000005                     : csmon.obj (.text:_CSMON_eSetParameterListDataType)
                  003edd1e    00000005                     : csmon.obj (.text:_CSMON_eSetParameterListValueFormat)
                  003edd23    00000005                     : csmon.obj (.text:_CSMON_eSetParameterListVisualType)
                  003edd28    00000005                     : csmon.obj (.text:_CSMON_u16ParametersAccessListIndexGenerate)
                  003edd2d    00000005                     : csmon.obj (.text:_CSMON_u32GetFreeRunningTimerTicks)
                  003edd32    00000005                     : csmon.obj (.text:_CSMON_u32GetParameterAuxCheckSum)
                  003edd37    00000005                     : csmon.obj (.text:_CSMON_u32GetParameterCheckSum)
                  003edd3c    00000005                     : csmon.obj (.text:_CSMON_u32GetParameterStringCheckSum)
                  003edd41    00000005                     : csmon.obj (.text:_CSMON_vSetDateTimeRequest)
                  003edd46    00000005     F2806x_DefaultIsr.obj (.text:_DATALOG_ISR)
                  003edd4b    00000005     F2806x_DefaultIsr.obj (.text:_DINTCH1_ISR)
                  003edd50    00000005     F2806x_DefaultIsr.obj (.text:_DINTCH2_ISR)
                  003edd55    00000005     F2806x_DefaultIsr.obj (.text:_DINTCH3_ISR)
                  003edd5a    00000005     F2806x_DefaultIsr.obj (.text:_DINTCH4_ISR)
                  003edd5f    00000005     F2806x_DefaultIsr.obj (.text:_DINTCH5_ISR)
                  003edd64    00000005     F2806x_DefaultIsr.obj (.text:_DINTCH6_ISR)
                  003edd69    00000005     F2806x_DefaultIsr.obj (.text:_ECAN0INTA_ISR)
                  003edd6e    00000005     F2806x_DefaultIsr.obj (.text:_ECAN1INTA_ISR)
                  003edd73    00000005     F2806x_DefaultIsr.obj (.text:_ECAP1_INT_ISR)
                  003edd78    00000005     F2806x_DefaultIsr.obj (.text:_ECAP2_INT_ISR)
                  003edd7d    00000005     F2806x_DefaultIsr.obj (.text:_ECAP3_INT_ISR)
                  003edd82    00000005     F2806x_DefaultIsr.obj (.text:_EMPTY_ISR)
                  003edd87    00000005     F2806x_DefaultIsr.obj (.text:_EMUINT_ISR)
                  003edd8c    00000005     F2806x_DefaultIsr.obj (.text:_EPWM1_INT_ISR)
                  003edd91    00000005     F2806x_DefaultIsr.obj (.text:_EPWM1_TZINT_ISR)
                  003edd96    00000005     F2806x_DefaultIsr.obj (.text:_EPWM2_INT_ISR)
                  003edd9b    00000005     F2806x_DefaultIsr.obj (.text:_EPWM2_TZINT_ISR)
                  003edda0    00000005     F2806x_DefaultIsr.obj (.text:_EPWM3_INT_ISR)
                  003edda5    00000005     F2806x_DefaultIsr.obj (.text:_EPWM3_TZINT_ISR)
                  003eddaa    00000005     F2806x_DefaultIsr.obj (.text:_EPWM4_INT_ISR)
                  003eddaf    00000005     F2806x_DefaultIsr.obj (.text:_EPWM4_TZINT_ISR)
                  003eddb4    00000005     F2806x_DefaultIsr.obj (.text:_EPWM5_INT_ISR)
                  003eddb9    00000005     F2806x_DefaultIsr.obj (.text:_EPWM5_TZINT_ISR)
                  003eddbe    00000005     F2806x_DefaultIsr.obj (.text:_EPWM6_INT_ISR)
                  003eddc3    00000005     F2806x_DefaultIsr.obj (.text:_EPWM6_TZINT_ISR)
                  003eddc8    00000005     F2806x_DefaultIsr.obj (.text:_EPWM7_INT_ISR)
                  003eddcd    00000005     F2806x_DefaultIsr.obj (.text:_EPWM7_TZINT_ISR)
                  003eddd2    00000005     F2806x_DefaultIsr.obj (.text:_EPWM8_INT_ISR)
                  003eddd7    00000005     F2806x_DefaultIsr.obj (.text:_EPWM8_TZINT_ISR)
                  003edddc    00000005     F2806x_DefaultIsr.obj (.text:_EQEP1_INT_ISR)
                  003edde1    00000005     F2806x_DefaultIsr.obj (.text:_EQEP2_INT_ISR)
                  003edde6    00000005     CSMON_C28xx.lib : hmlib.obj (.text:_HMLIB_vProcessSamePort)
                  003eddeb    00000005                     : hmlib.obj (.text:_HMLIB_vRecorder0)
                  003eddf0    00000005                     : hmmodbus.obj (.text:_HMMODBUS_bGetReceivedMessage)
                  003eddf5    00000005                     : hmmodbus.obj (.text:_HMMODBUS_vFileTable)
                  003eddfa    00000005                     : hmrecparam.obj (.text:_HMRECPRM_vDisableAllStopDetections)
                  003eddff    00000005     F2806x_DefaultIsr.obj (.text:_HRCAP1_INT_ISR)
                  003ede04    00000005     F2806x_DefaultIsr.obj (.text:_HRCAP2_INT_ISR)
                  003ede09    00000005     F2806x_DefaultIsr.obj (.text:_HRCAP3_INT_ISR)
                  003ede0e    00000005     F2806x_DefaultIsr.obj (.text:_HRCAP4_INT_ISR)
                  003ede13    00000005     F2806x_DefaultIsr.obj (.text:_I2CINT1A_ISR)
                  003ede18    00000005     F2806x_DefaultIsr.obj (.text:_I2CINT2A_ISR)
                  003ede1d    00000005     F2806x_DefaultIsr.obj (.text:_ILLEGAL_ISR)
                  003ede22    00000005     F2806x_DefaultIsr.obj (.text:_INT13_ISR)
                  003ede27    00000005     F2806x_DefaultIsr.obj (.text:_INT14_ISR)
                  003ede2c    00000005     interrupt.obj (.text:_IntDefaultHandler)
                  003ede31    00000005     F2806x_DefaultIsr.obj (.text:_LUF_ISR)
                  003ede36    00000005     F2806x_DefaultIsr.obj (.text:_LVF_ISR)
                  003ede3b    00000005     CSMON_C28xx.lib : modbusreg.obj (.text:_MODBUSREG_vSetTableNameAddress)
                  003ede40    00000005                     : modbusreg.obj (.text:_MODBUSREG_vSetTableRealAddressInRam)
                  003ede45    00000005                     : modbusreg.obj (.text:_MODBUSREG_vSetTableRegisterFlags)
                  003ede4a    00000005                     : modbusreg.obj (.text:_MODBUSREG_vSetTableRegisterSize)
                  003ede4f    00000005                     : modbusreg.obj (.text:_MODBUSREG_vSetTableVirtAddress)
                  003ede54    00000005     F2806x_DefaultIsr.obj (.text:_MRINTA_ISR)
                  003ede59    00000005     F2806x_DefaultIsr.obj (.text:_MXINTA_ISR)
                  003ede5e    00000005     F2806x_DefaultIsr.obj (.text:_NMI_ISR)
                  003ede63    00000005     F2806x_DefaultIsr.obj (.text:_PIE_RESERVED)
                  003ede68    00000005     F2806x_DefaultIsr.obj (.text:_RTOSINT_ISR)
                  003ede6d    00000005     F2806x_DefaultIsr.obj (.text:_SCIRXINTA_ISR)
                  003ede72    00000005     F2806x_DefaultIsr.obj (.text:_SCIRXINTB_ISR)
                  003ede77    00000005     F2806x_DefaultIsr.obj (.text:_SCITXINTA_ISR)
                  003ede7c    00000005     F2806x_DefaultIsr.obj (.text:_SCITXINTB_ISR)
                  003ede81    00000005     F2806x_DefaultIsr.obj (.text:_SPIRXINTA_ISR)
                  003ede86    00000005     F2806x_DefaultIsr.obj (.text:_SPIRXINTB_ISR)
                  003ede8b    00000005     F2806x_DefaultIsr.obj (.text:_SPITXINTA_ISR)
                  003ede90    00000005     F2806x_DefaultIsr.obj (.text:_SPITXINTB_ISR)
                  003ede95    00000005     tmr_drv.obj (.text:_TIMER_vSetupTimerMainDelayedData)
                  003ede9a    00000005     F2806x_DefaultIsr.obj (.text:_TINT0_ISR)
                  003ede9f    00000005     F2806x_DefaultIsr.obj (.text:_USB0_INT_ISR)
                  003edea4    00000005     F2806x_DefaultIsr.obj (.text:_USER10_ISR)
                  003edea9    00000005     F2806x_DefaultIsr.obj (.text:_USER11_ISR)
                  003edeae    00000005     F2806x_DefaultIsr.obj (.text:_USER12_ISR)
                  003edeb3    00000005     F2806x_DefaultIsr.obj (.text:_USER1_ISR)
                  003edeb8    00000005     F2806x_DefaultIsr.obj (.text:_USER2_ISR)
                  003edebd    00000005     F2806x_DefaultIsr.obj (.text:_USER3_ISR)
                  003edec2    00000005     F2806x_DefaultIsr.obj (.text:_USER4_ISR)
                  003edec7    00000005     F2806x_DefaultIsr.obj (.text:_USER5_ISR)
                  003edecc    00000005     F2806x_DefaultIsr.obj (.text:_USER6_ISR)
                  003eded1    00000005     F2806x_DefaultIsr.obj (.text:_USER7_ISR)
                  003eded6    00000005     F2806x_DefaultIsr.obj (.text:_USER8_ISR)
                  003ededb    00000005     F2806x_DefaultIsr.obj (.text:_USER9_ISR)
                  003edee0    00000005     F2806x_DefaultIsr.obj (.text:_WAKEINT_ISR)
                  003edee5    00000005     F2806x_DefaultIsr.obj (.text:_XINT1_ISR)
                  003edeea    00000005     F2806x_DefaultIsr.obj (.text:_XINT2_ISR)
                  003edeef    00000005     F2806x_DefaultIsr.obj (.text:_XINT3_ISR)
                  003edef4    00000005     F2806x_DefaultIsr.obj (.text:_rsvd_ISR)
                  003edef9    00000005     rts2800_ml.lib : fs_neg28.asm.obj (.text)
                  003edefe    00000004     CSMON_C28xx.lib : csmon.obj (.text:_CSMON_eApplyParameterChanges)
                  003edf02    00000004                     : csmon.obj (.text:_CSMON_eRegisterWriteParElementCallbackFunction)
                  003edf06    00000004                     : csmon.obj (.text:_CSMON_eSetInternalTimerPeriod)
                  003edf0a    00000004                     : csmon.obj (.text:_CSMON_eSetTimerPeriodISRFunctionRegister)
                  003edf0e    00000004                     : csmon.obj (.text:_CSMON_u32GetBaudError_PPM)
                  003edf12    00000004                     : csmon.obj (.text:_CSMON_vAddSetupRecorderParameterMask)
                  003edf16    00000004                     : csmon.obj (.text:_CSMON_vInitScopes)
                  003edf1a    00000004                     : csmon.obj (.text:_CSMON_vSetStartRecorderParameterMask)
                  003edf1e    00000004                     : hmdrv.obj (.text:_HMDRV_SetExAddr)
                  003edf22    00000004                     : hmdrv.obj (.text:_HMDRV_u32GetDeviceSYSCLKFreq)
                  003edf26    00000004                     : hmdrv.obj (.text:_HMDRV_u32GetSCIErrorPPM)
                  003edf2a    00000004                     : hmlib.obj (.text:_HMLIB_vRecorderParam0)
                  003edf2e    00000004                     : hmmodbus.obj (.text:_HMMODBUS_u32GetAddressMessageCounterThisDevice)
                  003edf32    00000004                     : hmmodbus.obj (.text:_HMMODBUS_vSetAddressMessageCounterThisDevice)
                  003edf36    00000004                     : hmmodbus.obj (.text:_HMMODBUS_vSetDeviceIDMajorMinorRevision)
                  003edf3a    00000004                     : hmmodbus.obj (.text:_HMMODBUS_vSetDeviceIDMajorMinorRevisionLength)
                  003edf3e    00000004                     : hmmodbus.obj (.text:_HMMODBUS_vSetDeviceIDModelName)
                  003edf42    00000004                     : hmmodbus.obj (.text:_HMMODBUS_vSetDeviceIDModelNameLength)
                  003edf46    00000004                     : hmmodbus.obj (.text:_HMMODBUS_vSetDeviceIDProductCode)
                  003edf4a    00000004                     : hmmodbus.obj (.text:_HMMODBUS_vSetDeviceIDProductCodeLength)
                  003edf4e    00000004                     : hmmodbus.obj (.text:_HMMODBUS_vSetDeviceIDProductName)
                  003edf52    00000004                     : hmmodbus.obj (.text:_HMMODBUS_vSetDeviceIDProductNameLength)
                  003edf56    00000004                     : hmmodbus.obj (.text:_HMMODBUS_vSetDeviceIDUserApplicationName)
                  003edf5a    00000004                     : hmmodbus.obj (.text:_HMMODBUS_vSetDeviceIDUserApplicationNameLength)
                  003edf5e    00000004                     : hmmodbus.obj (.text:_HMMODBUS_vSetDeviceIDUserReserve0)
                  003edf62    00000004                     : hmmodbus.obj (.text:_HMMODBUS_vSetDeviceIDUserReserve0Length)
                  003edf66    00000004                     : hmmodbus.obj (.text:_HMMODBUS_vSetDeviceIDUserReserve1)
                  003edf6a    00000004                     : hmmodbus.obj (.text:_HMMODBUS_vSetDeviceIDUserReserve1Length)
                  003edf6e    00000004                     : hmmodbus.obj (.text:_HMMODBUS_vSetDeviceIDUserReserve2)
                  003edf72    00000004                     : hmmodbus.obj (.text:_HMMODBUS_vSetDeviceIDUserReserve2Length)
                  003edf76    00000004                     : hmmodbus.obj (.text:_HMMODBUS_vSetDeviceIDVendorName)
                  003edf7a    00000004                     : hmmodbus.obj (.text:_HMMODBUS_vSetDeviceIDVendorNameLength)
                  003edf7e    00000004                     : hmmodbus.obj (.text:_HMMODBUS_vSetDeviceIDVendorUrl)
                  003edf82    00000004                     : hmmodbus.obj (.text:_HMMODBUS_vSetDeviceIDVendorUrlLength)
                  003edf86    00000004                     : hmmodbus.obj (.text:_HMMODBUS_vSetServerIDDataAddress)
                  003edf8a    00000004                     : hmmodbus.obj (.text:_HMMODBUS_vSetServerIDLength)
                  003edf8e    00000004                     : hmmodbus.obj (.text:_HMMODBUS_vSetServerIDNumber)
                  003edf92    00000004                     : hmmodbus.obj (.text:_HMMODBUS_vSetServerOnStatus)
                  003edf96    00000004                     : hmmodbus.obj (.text:_HMMODBUS_vSetupHoldingRegistersAccessTableInRam)
                  003edf9a    00000004                     : hmmodbus.obj (.text:_HMMODBUS_vSetupWriteParElementCallbackFunction)
                  003edf9e    00000004     interrupt.obj (.text:_IntMasterDisable)
                  003edfa2    00000004     interrupt.obj (.text:_IntMasterEnable)
                  003edfa6    00000004     CSMON_C28xx.lib : modbusreg.obj (.text:_MODBUSREG_u16GetHoldRegFillCount)
                  003edfaa    00000004                     : modbusreg.obj (.text:_MODBUSREG_u16GetTableRegisterFlagsElementOffset)
                  003edfae    00000004                     : modbusreg.obj (.text:_MODBUSREG_u16GetTableRegisterSizeElementOffset)
                  003edfb2    00000004                     : modbusreg.obj (.text:_MODBUSREG_u16GetTableVirtAddressElementOffset)
                  003edfb6    00000004                     : modbusreg.obj (.text:_MODBUSREG_u32GetRegisterAccessTableInRam)
                  003edfba    00000004                     : modbusreg.obj (.text:_MODBUSREG_u32GetTableRegisterFlags)
                  003edfbe    00000004                     : modbusreg.obj (.text:_MODBUSREG_u32GetTableRegisterSize)
                  003edfc2    00000004                     : modbusreg.obj (.text:_MODBUSREG_u32GetTableVirtAddress)
                  003edfc6    00000004                     : modbusreg.obj (.text:_MODBUSREG_vSetFileAutorization_FunctionAfterWriteFileRecordTable)
                  003edfca    00000004                     : modbusreg.obj (.text:_MODBUSREG_vSetFileParamCount_FunctionBeforeReadFileRecord)
                  003edfce    00000004                     : modbusreg.obj (.text:_MODBUSREG_vSetFileRTC_FunctionAfterReadFileRecord)
                  003edfd2    00000004                     : modbusreg.obj (.text:_MODBUSREG_vSetFileRTC_FunctionAfterWriteFileRecord)
                  003edfd6    00000004                     : modbusreg.obj (.text:_MODBUSREG_vSetFileRecConfig_FunctionAfterWriteFileRecord)
                  003edfda    00000004                     : modbusreg.obj (.text:_MODBUSREG_vSetFileRecStatus_FunctionIndexGenerationFileRecord)
                  003edfde    00000004                     : modbusreg.obj (.text:_MODBUSREG_vSetHoldRegFillCount)
                  003edfe2    00000004                     : modbusreg.obj (.text:_MODBUSREG_vSetParamCount)
                  003edfe6    00000004                     : modbusreg.obj (.text:_MODBUSREG_vSetParamListAddress)
                  003edfea    00000004                     : modbusreg.obj (.text:_MODBUSREG_vSetParamNumbAddress)
                  003edfee    00000004                     : modbusreg.obj (.text:_MODBUSREG_vSetParamRecorderConfigAddress)
                  003edff2    00000004                     : modbusreg.obj (.text:_MODBUSREG_vSetParamScopeConfigAddress)
                  003edff6    00000004     tmr_drv.obj (.text:_TIMER_vGetTimerMainRollingCounter)
                  003edffa    00000004     tmr_drv.obj (.text:_TIMER_vSetupTimerMainCSMONFunction)
                  003edffe    00000004     tmr_drv.obj (.text:_TMR_u16GetFreeRunTimerPrescaller)
                  003ee002    00000004     CSMON_C28xx.lib : hmmodbus.obj (.text:_bGetElementsDifference)
                  003ee006    00000004                     : hmmodbus.obj (.text:_u16GetIndexFileTable)
                  003ee00a    00000004                     : hmmodbus.obj (.text:_u32GetBufferAddressStart)
                  003ee00e    00000004                     : hmmodbus.obj (.text:_u32GetBufferSize)
                  003ee012    00000004                     : hmmodbus.obj (.text:_u32GetSampleCountAvailable)
                  003ee016    00000004                     : hmmodbus.obj (.text:_u32GetSampleCountBuffer)
                  003ee01a    00000004                     : hmmodbus.obj (.text:_u32GetStartSampleIndex)
                  003ee01e    00000004                     : hmmodbus.obj (.text:_u8GetSampleSize)
                  003ee022    00000004                     : hmmodbus.obj (.text:_vSetBufferSize)
                  003ee026    00000003     F2806x_DBGIER.obj (.text)
                  003ee029    00000003     CSMON_C28xx.lib : csmon.obj (.text:_CSMON_eSetParameter)
                  003ee02c    00000003                     : csmon.obj (.text:_CSMON_u32GetModbusMessageCounterRegisterRealAddress)
                  003ee02f    00000003                     : csmon.obj (.text:_CSMON_vSetModbusMessageCounterRegisterRealAddress)
                  003ee032    00000003                     : hmlib.obj (.text:_HMLIB_vRecorderParamTimeSync)
                  003ee035    00000003                     : hmrecparam.obj (.text:_HMRECPRM_GetTimeBase)
                  003ee038    00000003                     : modbusreg.obj (.text:_MODBUSREG_u32GetAddressMessageCounterThisDevice)
                  003ee03b    00000003                     : modbusreg.obj (.text:_MODBUSREG_vSetAddressMessageCounterThisDevice)
                  003ee03e    00000003                     : uart_drv.obj (.text:_UART_TXInterrupt)
                  003ee041    00000002                     : csmon.obj (.text:_CSMON_u32GetParameterListCheckSum)
                  003ee043    00000002                     : csmon.obj (.text:_CSMON_u32GetParameterNumbCheckSum)
                  003ee045    00000002                     : csmon.obj (.text:_CSMON_u32GetParameterShortNameCheckSum)
                  003ee047    00000002                     : hmrecparam.obj (.text:_HMRECPRM_AbortRec)
                  003ee049    00000002                     : hmrecparam.obj (.text:_HMRECPRM_GetRecBuffSize)
                  003ee04b    00000002                     : hmrec.obj (.text:_HMREC_AbortRec)
                  003ee04d    00000002                     : hmrec.obj (.text:_HMREC_GetRecBuffSize)
                  003ee04f    00000002     main.obj (.text:_eWriteParElement)
                  003ee051    00000002     rts2800_ml.lib : pre_init.c.obj (.text)
                  003ee053    00000001     CSMON_C28xx.lib : hmprotocol.obj (.text:_HMPROTOCOL_vInit)
                  003ee054    00000001     uart_driver.obj (.text:_UART_DRV_TXInterrupt)
                  003ee055    00000001     rts2800_ml.lib : startup.c.obj (.text)

ramfuncs   0    003ee056    00000029     RUN ADDR = 00008000
                  003ee056    0000001d     F2806x_SysCtrl.obj (ramfuncs:_InitFlash)
                  003ee073    00000008     device.obj (ramfuncs:_MyCallbackFunction)
                  003ee07b    00000004     F2806x_usDelay.obj (ramfuncs)

csm_rsvd   0    003f7f80    00000076     
                  003f7f80    00000076     F2806x_CSMPasswords.obj (csm_rsvd)

codestart 
*          0    003f7ff6    00000002     
                  003f7ff6    00000002     F2806x_CodeStartBranch.obj (codestart)

csmpasswds 
*          0    003f7ff8    00000008     
                  003f7ff8    00000008     F2806x_CSMPasswords.obj (csmpasswds)

.stack     1    00000050    00000380     UNINITIALIZED
                  00000050    00000380     --HOLE--

.econst    0    003ee080    0000390c     
                  003ee080    00003400     main.obj (.econst:_asParameterList)
                  003f1480    00000100     CSMON_C28xx.lib : hmmodbus.obj (.econst:.string:_auchCRCHi)
                  003f1580    00000100                     : hmmodbus.obj (.econst:.string:_auchCRCLo)
                  003f1680    00000100     F2806x_PieVect.obj (.econst:_PieVectTableInit)
                  003f1780    00000084     rts2800_ml.lib : k_rem_pio2.c.obj (.econst:_ipio2)
                  003f1804    00000050     CSMON_C28xx.lib : csmon.obj (.econst:_CSMON_asAccessLevelPasswords)
                  003f1854    0000002c     rts2800_ml.lib : k_rem_pio2.c.obj (.econst)
                  003f1880    00000028                    : k_cosf.c.obj (.econst)
                  003f18a8    00000020                    : k_rem_pio2.c.obj (.econst:_PIo2)
                  003f18c8    00000020                    : k_sinf.c.obj (.econst)
                  003f18e8    0000001c                    : e_rem_pio2f.c.obj (.econst)
                  003f1904    0000001c                    : s_scalbn.c.obj (.econst)
                  003f1920    00000018                    : s_sinf.c.obj (.econst)
                  003f1938    00000014     CSMON_C28xx.lib : csmon.obj (.econst:_CSMON_au8FileImplementedFunctionCodes)
                  003f194c    00000010     main.obj (.econst)
                  003f195c    0000000e     CSMON_C28xx.lib : csmon.obj (.econst:_CSMON_au8FileParameterNumbElementsCountInPartTable)
                  003f196a    0000000c                     : hmprotocol.obj (.econst:.string)
                  003f1976    0000000c     rts2800_ml.lib : s_floor.c.obj (.econst)
                  003f1982    00000006     CSMON_C28xx.lib : csmon.obj (.econst:_CSMON_au8FileParameterListElementsCountInPartTable)
                  003f1988    00000004     rts2800_ml.lib : k_rem_pio2.c.obj (.econst:_init_jk)

.reset     0    003fffc0    00000002     DSECT
                  003fffc0    00000002     rts2800_ml.lib : boot28.asm.obj (.reset)

vectors    0    003fffc2    00000000     DSECT

DevEmuRegsFile 
*          1    00000880    00000004     UNINITIALIZED
                  00000880    00000004     F2806x_GlobalVariableDefs.obj (DevEmuRegsFile)

SysPwrCtrlRegsFile 
*          1    00000985    00000003     UNINITIALIZED
                  00000985    00000003     F2806x_GlobalVariableDefs.obj (SysPwrCtrlRegsFile)

FlashRegsFile 
*          1    00000a80    00000008     UNINITIALIZED
                  00000a80    00000008     F2806x_GlobalVariableDefs.obj (FlashRegsFile)

CsmRegsFile 
*          1    00000ae0    00000010     UNINITIALIZED
                  00000ae0    00000010     F2806x_GlobalVariableDefs.obj (CsmRegsFile)

AdcResultFile 
*          1    00000b00    00000010     UNINITIALIZED
                  00000b00    00000010     F2806x_GlobalVariableDefs.obj (AdcResultFile)

CpuTimer0RegsFile 
*          1    00000c00    00000008     UNINITIALIZED
                  00000c00    00000008     F2806x_GlobalVariableDefs.obj (CpuTimer0RegsFile)

CpuTimer1RegsFile 
*          1    00000c08    00000008     UNINITIALIZED
                  00000c08    00000008     F2806x_GlobalVariableDefs.obj (CpuTimer1RegsFile)

CpuTimer2RegsFile 
*          1    00000c10    00000008     UNINITIALIZED
                  00000c10    00000008     F2806x_GlobalVariableDefs.obj (CpuTimer2RegsFile)

PieCtrlRegsFile 
*          1    00000ce0    0000001a     UNINITIALIZED
                  00000ce0    0000001a     F2806x_GlobalVariableDefs.obj (PieCtrlRegsFile)

PieVectTableFile 
*          1    00000d00    00000100     UNINITIALIZED
                  00000d00    00000100     F2806x_GlobalVariableDefs.obj (PieVectTableFile)

EmuKeyVar 
*          1    00000d00    00000001     UNINITIALIZED
                  00000d00    00000001     F2806x_GlobalVariableDefs.obj (EmuKeyVar)

EmuBModeVar 
*          1    00000d01    00000001     UNINITIALIZED
                  00000d01    00000001     F2806x_GlobalVariableDefs.obj (EmuBModeVar)

FlashCallbackVar 
*          1    00000d02    00000002     UNINITIALIZED
                  00000d02    00000002     F2806x_GlobalVariableDefs.obj (FlashCallbackVar)

FlashScalingVar 
*          1    00000d04    00000002     UNINITIALIZED
                  00000d04    00000002     F2806x_GlobalVariableDefs.obj (FlashScalingVar)

DmaRegsFile 
*          1    00001000    000000e0     UNINITIALIZED
                  00001000    000000e0     F2806x_GlobalVariableDefs.obj (DmaRegsFile)

Cla1RegsFile 
*          1    00001400    00000040     UNINITIALIZED
                  00001400    00000040     F2806x_GlobalVariableDefs.obj (Cla1RegsFile)

Usb0RegsFile 
*          1    00004000    00000454     UNINITIALIZED
                  00004000    00000454     F2806x_GlobalVariableDefs.obj (Usb0RegsFile)

McbspaRegsFile 
*          1    00005000    00000024     UNINITIALIZED
                  00005000    00000024     F2806x_GlobalVariableDefs.obj (McbspaRegsFile)

ECanaRegsFile 
*          1    00006000    00000034     UNINITIALIZED
                  00006000    00000034     F2806x_GlobalVariableDefs.obj (ECanaRegsFile)

ECanaLAMRegsFile 
*          1    00006040    00000040     UNINITIALIZED
                  00006040    00000040     F2806x_GlobalVariableDefs.obj (ECanaLAMRegsFile)

ECanaMOTSRegsFile 
*          1    00006080    00000040     UNINITIALIZED
                  00006080    00000040     F2806x_GlobalVariableDefs.obj (ECanaMOTSRegsFile)

ECanaMOTORegsFile 
*          1    000060c0    00000040     UNINITIALIZED
                  000060c0    00000040     F2806x_GlobalVariableDefs.obj (ECanaMOTORegsFile)

ECanaMboxesFile 
*          1    00006100    00000100     UNINITIALIZED
                  00006100    00000100     F2806x_GlobalVariableDefs.obj (ECanaMboxesFile)

Comp1RegsFile 
*          1    00006400    00000014     UNINITIALIZED
                  00006400    00000014     F2806x_GlobalVariableDefs.obj (Comp1RegsFile)

Comp2RegsFile 
*          1    00006420    00000014     UNINITIALIZED
                  00006420    00000014     F2806x_GlobalVariableDefs.obj (Comp2RegsFile)

Comp3RegsFile 
*          1    00006440    00000014     UNINITIALIZED
                  00006440    00000014     F2806x_GlobalVariableDefs.obj (Comp3RegsFile)

EPwm1RegsFile 
*          1    00006800    00000040     UNINITIALIZED
                  00006800    00000040     F2806x_GlobalVariableDefs.obj (EPwm1RegsFile)

EPwm2RegsFile 
*          1    00006840    00000040     UNINITIALIZED
                  00006840    00000040     F2806x_GlobalVariableDefs.obj (EPwm2RegsFile)

EPwm3RegsFile 
*          1    00006880    00000040     UNINITIALIZED
                  00006880    00000040     F2806x_GlobalVariableDefs.obj (EPwm3RegsFile)

EPwm4RegsFile 
*          1    000068c0    00000040     UNINITIALIZED
                  000068c0    00000040     F2806x_GlobalVariableDefs.obj (EPwm4RegsFile)

EPwm5RegsFile 
*          1    00006900    00000040     UNINITIALIZED
                  00006900    00000040     F2806x_GlobalVariableDefs.obj (EPwm5RegsFile)

EPwm6RegsFile 
*          1    00006940    00000040     UNINITIALIZED
                  00006940    00000040     F2806x_GlobalVariableDefs.obj (EPwm6RegsFile)

EPwm7RegsFile 
*          1    00006980    00000040     UNINITIALIZED
                  00006980    00000040     F2806x_GlobalVariableDefs.obj (EPwm7RegsFile)

EPwm8RegsFile 
*          1    000069c0    00000040     UNINITIALIZED
                  000069c0    00000040     F2806x_GlobalVariableDefs.obj (EPwm8RegsFile)

ECap1RegsFile 
*          1    00006a00    00000020     UNINITIALIZED
                  00006a00    00000020     F2806x_GlobalVariableDefs.obj (ECap1RegsFile)

ECap2RegsFile 
*          1    00006a20    00000020     UNINITIALIZED
                  00006a20    00000020     F2806x_GlobalVariableDefs.obj (ECap2RegsFile)

ECap3RegsFile 
*          1    00006a40    00000020     UNINITIALIZED
                  00006a40    00000020     F2806x_GlobalVariableDefs.obj (ECap3RegsFile)

HRCap1RegsFile 
*          1    00006ac0    00000020     UNINITIALIZED
                  00006ac0    00000020     F2806x_GlobalVariableDefs.obj (HRCap1RegsFile)

HRCap2RegsFile 
*          1    00006ae0    00000020     UNINITIALIZED
                  00006ae0    00000020     F2806x_GlobalVariableDefs.obj (HRCap2RegsFile)

EQep1RegsFile 
*          1    00006b00    00000022     UNINITIALIZED
                  00006b00    00000022     F2806x_GlobalVariableDefs.obj (EQep1RegsFile)

EQep2RegsFile 
*          1    00006b40    00000022     UNINITIALIZED
                  00006b40    00000022     F2806x_GlobalVariableDefs.obj (EQep2RegsFile)

HRCap3RegsFile 
*          1    00006c80    00000020     UNINITIALIZED
                  00006c80    00000020     F2806x_GlobalVariableDefs.obj (HRCap3RegsFile)

HRCap4RegsFile 
*          1    00006ca0    00000020     UNINITIALIZED
                  00006ca0    00000020     F2806x_GlobalVariableDefs.obj (HRCap4RegsFile)

GpioCtrlRegsFile 
*          1    00006f80    00000040     UNINITIALIZED
                  00006f80    00000040     F2806x_GlobalVariableDefs.obj (GpioCtrlRegsFile)

GpioDataRegsFile 
*          1    00006fc0    00000020     UNINITIALIZED
                  00006fc0    00000020     F2806x_GlobalVariableDefs.obj (GpioDataRegsFile)

GpioIntRegsFile 
*          1    00006fe0    00000020     UNINITIALIZED
                  00006fe0    00000020     F2806x_GlobalVariableDefs.obj (GpioIntRegsFile)

SysCtrlRegsFile 
*          1    00007010    00000030     UNINITIALIZED
                  00007010    00000030     F2806x_GlobalVariableDefs.obj (SysCtrlRegsFile)

SpiaRegsFile 
*          1    00007040    00000010     UNINITIALIZED
                  00007040    00000010     F2806x_GlobalVariableDefs.obj (SpiaRegsFile)

SciaRegsFile 
*          1    00007050    00000010     UNINITIALIZED
                  00007050    00000010     F2806x_GlobalVariableDefs.obj (SciaRegsFile)

NmiIntruptRegsFile 
*          1    00007060    00000010     UNINITIALIZED
                  00007060    00000010     F2806x_GlobalVariableDefs.obj (NmiIntruptRegsFile)

XIntruptRegsFile 
*          1    00007070    00000010     UNINITIALIZED
                  00007070    00000010     F2806x_GlobalVariableDefs.obj (XIntruptRegsFile)

AdcRegsFile 
*          1    00007100    00000050     UNINITIALIZED
                  00007100    00000050     F2806x_GlobalVariableDefs.obj (AdcRegsFile)

SpibRegsFile 
*          1    00007740    00000010     UNINITIALIZED
                  00007740    00000010     F2806x_GlobalVariableDefs.obj (SpibRegsFile)

ScibRegsFile 
*          1    00007750    00000010     UNINITIALIZED
                  00007750    00000010     F2806x_GlobalVariableDefs.obj (ScibRegsFile)

I2caRegsFile 
*          1    00007900    00000022     UNINITIALIZED
                  00007900    00000022     F2806x_GlobalVariableDefs.obj (I2caRegsFile)

PartIdRegsFile 
*          1    003d7e80    00000001     UNINITIALIZED
                  003d7e80    00000001     F2806x_GlobalVariableDefs.obj (PartIdRegsFile)

CsmPwlFile 
*          1    003f7ff8    00000008     UNINITIALIZED
                  003f7ff8    00000008     F2806x_GlobalVariableDefs.obj (CsmPwlFile)

.ebss.1    1    00008c00    00000400     UNINITIALIZED
                  00008c00    00000400     CSMON_C28xx.lib : modbusreg.obj (.ebss:_MODBUSREG_u32RegisterAccessTableInRam)

.ebss.2    1    00009000    00003000     UNINITIALIZED
                  00009000    00000800     CSMON_C28xx.lib : uart_drv.obj (.ebss:_UARTRxBufferTimeDiff)
[...]
003ea921  local     $30 (.text)
003ea94f  local     $35 (.text)
003ea97e  local     $40 (.text)
003ea8e0  local     $5_$2 (.text)
00000000  local     .bss (.bss)
00000000  local     .data (.data)
003ea8cc  local     .text (.text)
003ea8f0  local     CHECK_SIGN1 (.text)
003ea92b  local     CHECK_SIGN2 (.text)
003ea963  local     DGT3 (.text)
003ea965  local     DIVUDenHighZero (.text)
003ea8fa  local     EQ0 (.text)
003ea8f5  local     EQ1 (.text)
003ea933  local     EQ2 (.text)
003ea95e  local     EQ3 (.text)
003ea98f  local     EQ4 (.text)
003ea8cc  global    LL$$DIV (.text)
003ea908  global    LL$$MOD (.text)
003ea9ae  local     LOOP (.text)
003ea99d  local     MAINDIV (.text)
003ea9bc  local     MD_NEQ (.text)
003ea991  local     MODUDenHighZero (.text)
003ea8f3  local     RET1 (.text)
003ea92e  local     RET2 (.text)
003ea95c  local     RET3 (.text)
003ea98b  local     RET4 (.text)
003ea930  local     RET_NUM1 (.text)
003ea98d  local     RET_NUM2 (.text)
003ea8fc  local     SDIVUDenHighZero (.text)
003ea9c6  local     SKIP (.text)
003ea9c8  local     SKIP1 (.text)
003ea936  local     SMODUDenHighZero (.text)
003ea942  global    ULL$$DIV (.text)
003ea971  global    ULL$$MOD (.text)


================================================================================

rts2800_ml.lib : u_div28.asm.obj

Run/Load            
Value     Binding   Name (Section)
--------  --------  ---------------
00000000  local     .bss (.bss)
00000000  local     .data (.data)
003edad6  local     .text (.text)
003edad6  global    U$$DIV (.text)
003edadb  global    U$$MOD (.text)


================================================================================

rts2800_ml.lib : u_tofd28.asm.obj

Run/Load            
Value     Binding   Name (Section)
--------  --------  ---------------
00000000  local     .bss (.bss)
00000000  local     .data (.data)
003ed64d  local     .text (.text)
003ed65a  local     NORMALIZE (.text)
003ed662  local     OP_ZERO (.text)
003ed65c  local     PACK (.text)
003ed661  local     RETURN (.text)
003ed65f  local     RETURN_VALUE (.text)
003ed64d  global    U$$TOFD (.text)


================================================================================

rts2800_ml.lib : u_tofs28.asm.obj

Run/Load            
Value     Binding   Name (Section)
--------  --------  ---------------
00000000  local     .bss (.bss)
00000000  local     .data (.data)
003ed8b1  local     .text (.text)
003ed8c0  local     RESTORE (.text)
003ed8b1  global    U$$TOFS (.text)
003ed8c0  local     ZERO (.text)


================================================================================

rts2800_ml.lib : l_tofs28.asm.obj

Run/Load            
Value     Binding   Name (Section)
--------  --------  ---------------
00000000  local     .bss (.bss)
00000000  local     .data (.data)
003ed4cc  local     .text (.text)
003ed4cc  global    L$$TOFS (.text)
003ed4e2  local     OVERFLOW (.text)
003ed4e1  local     RETURN (.text)
003ed4e1  local     ZERO (.text)


================================================================================

rts2800_ml.lib : ul_tofs28.asm.obj

Run/Load            
Value     Binding   Name (Section)
--------  --------  ---------------
00000000  local     .bss (.bss)
00000000  local     .data (.data)
003ed75b  local     .text (.text)
003ed763  local     LEFT_SHIFT (.text)
003ed765  local     PACK (.text)
003ed76d  local     RETURN (.text)
003ed75b  global    UL$$TOFS (.text)
003ed76d  local     ZERO (.text)


================================================================================

rts2800_ml.lib : prolog28.asm.obj

Run/Load            
Value     Binding   Name (Section)
--------  --------  ---------------
00000000  local     .bss (.bss)
00000000  local     .data (.data)
003ed54a  local     .text (.text)
003ed54a  global    _prolog_c28x_1 (.text)
003ed54e  global    _prolog_c28x_2 (.text)
003ed556  global    _prolog_c28x_3 (.text)


================================================================================

rts2800_ml.lib : fs_tofd28.asm.obj

Run/Load            
Value     Binding   Name (Section)
--------  --------  ---------------
00000000  local     .bss (.bss)
00000000  local     .data (.data)
003ed3a7  local     .text (.text)
003ed3a7  global    FS$$TOFD (.text)
003ed3bb  local     OVERFLOW (.text)
003ed3ba  local     RETURN (.text)
003ed3b8  local     RETURN_VALUE (.text)
003ed3c1  local     UNDERFLOW (.text)


================================================================================

rts2800_ml.lib : fd_div28.asm.obj

Run/Load            
Value     Binding   Name (Section)
--------  --------  ---------------
003ebb31  local     $1_$3 (.text)
003ebb3c  local     $2_$3 (.text)
00000000  local     .bss (.bss)
00000000  local     .data (.data)
003ebaf5  local     .text (.text)
003ebb4b  local     DIV_END (.text)
003ebb2c  local     DIV_START (.text)
003ebaf5  global    FD$$DIV (.text)
003ebb4e  local     NORMALIZE (.text)
003ebb78  local     OVERFLOW (.text)
003ebb73  local     RETURN (.text)
003ebb71  local     RETURN_VALUE (.text)
003ebb63  local     RND64_SET_MANT$3$ (.text)
003ebb57  local     ROUND (.text)
003ebb7e  local     UNDERFLOW (.text)


================================================================================

rts2800_ml.lib : cpy_tbl.c.obj

Run/Load            
Value     Binding   Name (Section)
--------  --------  ---------------
003ed05b  local     $C$L1 (.text)
003ed06e  local     $C$L2 (.text)
003ed06f  local     $C$L3 (.text)
00000000  local     .bss (.bss)
00000000  local     .data (.data)
003ed053  local     .text (.text)
003ed053  global    _copy_in (.text)


================================================================================

rts2800_ml.lib : memcpy.c.obj

Run/Load            
Value     Binding   Name (Section)
--------  --------  ---------------
003ed320  local     $C$L1 (.text)
003ed324  local     $C$L2 (.text)
003ed32b  local     $C$L3 (.text)
003ed32d  local     $C$L4 (.text)
003ed335  local     $C$L5 (.text)
00000000  local     .bss (.bss)
00000000  local     .data (.data)
003ed31a  local     .text (.text)
003ed31a  global    _memcpy (.text)


================================================================================

rts2800_ml.lib : pre_init.c.obj

Run/Load            
Value     Binding   Name (Section)
--------  --------  ---------------
00000000  local     .bss (.bss)
00000000  local     .data (.data)
003ee051  local     .text (.text)
003ee051  global    __system_pre_init (.text)


================================================================================

rts2800_ml.lib : startup.c.obj

Run/Load            
Value     Binding   Name (Section)
--------  --------  ---------------
00000000  local     .bss (.bss)
00000000  local     .data (.data)
003ee055  local     .text (.text)
003ee055  global    __system_post_cinit (.text)


================================================================================

rts2800_ml.lib : e_rem_pio2f.c.obj

Run/Load            
Value     Binding   Name (Section)
--------  --------  ---------------
003f18f4  local     $C$FL1 (.econst)
003f18f8  local     $C$FL2 (.econst)
003f18fc  local     $C$FL3 (.econst)
003f1900  local     $C$FL4 (.econst)
003eb4c2  local     $C$L1 (.text)
003eb4d0  local     $C$L2 (.text)
003eb4fc  local     $C$L3 (.text)
003eb501  local     $C$L4 (.text)
00000000  local     .bss (.bss)
00000000  local     .data (.data)
003f18e8  local     .econst (.econst)
003eb45f  local     .text (.text)
003eb45f  global    ___rem_pio2f (.text)
003f18e8  local     _invpio2 (.econst)
003f18ec  local     _pio2_1 (.econst)
003f18f0  local     _pio2_1t (.econst)


================================================================================

rts2800_ml.lib : k_rem_pio2.c.obj

Run/Load            
Value     Binding   Name (Section)
--------  --------  ---------------
003f1864  local     $C$FL1 (.econst)
003f1868  local     $C$FL2 (.econst)
003f186c  local     $C$FL3 (.econst)
003f1870  local     $C$FL4 (.econst)
003f1874  local     $C$FL5 (.econst)
003f1878  local     $C$FL6 (.econst)
003f187c  local     $C$FL7 (.econst)
003e9a5b  local     $C$L1 (.text)
003e9b15  local     $C$L10 (.text)
003e9b42  local     $C$L11 (.text)
003e9b62  local     $C$L12 (.text)
003e9b87  local     $C$L13 (.text)
003e9ba6  local     $C$L14 (.text)
003e9bad  local     $C$L15 (.text)
003e9bca  local     $C$L16 (.text)
003e9c18  local     $C$L17 (.text)
003e9c84  local     $C$L18 (.text)
003e9c88  local     $C$L19 (.text)
003e9a83  local     $C$L2 (.text)
003e9c96  local     $C$L20 (.text)
003e9cbf  local     $C$L21 (.text)
003e9cc4  local     $C$L22 (.text)
003e9ccf  local     $C$L23 (.text)
003e9cdb  local     $C$L24 (.text)
003e9ce0  local     $C$L25 (.text)
003e9ce6  local     $C$L26 (.text)
003e9d03  local     $C$L27 (.text)
003e9d0f  local     $C$L28 (.text)
003e9d3a  local     $C$L29 (.text)
003e9a8e  local     $C$L3 (.text)
003e9d68  local     $C$L30 (.text)
003e9db3  local     $C$L31 (.text)
003e9db8  local     $C$L32 (.text)
003e9dd0  local     $C$L33 (.text)
003e9dda  local     $C$L34 (.text)
003e9de9  local     $C$L35 (.text)
003e9df3  local     $C$L36 (.text)
003e9e0e  local     $C$L37 (.text)
003e9e1e  local     $C$L38 (.text)
003e9e20  local     $C$L39 (.text)
003e9a9a  local     $C$L4 (.text)
003e9e40  local     $C$L40 (.text)
003e9e68  local     $C$L41 (.text)
003e9e7f  local     $C$L42 (.text)
003e9e93  local     $C$L43 (.text)
003e9ec1  local     $C$L44 (.text)
003e9edf  local     $C$L45 (.text)
003e9efd  local     $C$L46 (.text)
003e9f4c  local     $C$L47 (.text)
003e9f86  local     $C$L48 (.text)
003e9f9e  local     $C$L49 (.text)
003e9aab  local     $C$L5 (.text)
003e9faf  local     $C$L50 (.text)
003e9fcc  local     $C$L51 (.text)
003e9fe7  local     $C$L52 (.text)
003e9ffa  local     $C$L53 (.text)
003ea00b  local     $C$L54 (.text)
003ea019  local     $C$L55 (.text)
003ea023  local     $C$L56 (.text)
003ea044  local     $C$L57 (.text)
003ea055  local     $C$L58 (.text)
003ea063  local     $C$L59 (.text)
003e9ab7  local     $C$L6 (.text)
003ea06d  local     $C$L60 (.text)
003ea077  local     $C$L61 (.text)
003ea08a  local     $C$L62 (.text)
003ea09b  local     $C$L63 (.text)
003ea0a9  local     $C$L64 (.text)
003ea0b3  local     $C$L65 (.text)
003ea0bc  local     $C$L66 (.text)
003e9ad4  local     $C$L7 (.text)
003e9af9  local     $C$L8 (.text)
003e9b0e  local     $C$L9 (.text)
00000000  local     .bss (.bss)
00000000  local     .data (.data)
003f1854  local     .econst (.econst)
003f18a8  local     .econst:_PIo2 (.econst:_PIo2)
003f1988  local     .econst:_init_jk (.econst:_init_jk)
003f1780  local     .econst:_ipio2 (.econst:_ipio2)
003e9a2d  local     .text (.text)
003f18a8  local     _PIo2 (.econst:_PIo2)
003e9a2d  global    ___kernel_rem_pio2 (.text)
003f1988  local     _init_jk (.econst:_init_jk)
003f1780  local     _ipio2 (.econst:_ipio2)
003f1858  local     _one (.econst)
003f185c  local     _two24 (.econst)
003f1860  local     _twon24 (.econst)
003f1854  local     _zero (.econst)


================================================================================

rts2800_ml.lib : exit.c.obj

Run/Load            
Value     Binding   Name (Section)
--------  --------  ---------------
003ecd47  local     $C$L1 (.text)
003ecd5a  local     $C$L2 (.text)
003ecd65  local     $C$L3 (.text)
003ecd6b  local     $C$L4 (.text)
00000000  local     .bss (.bss)
003f1fd5  local     .cinit (.cinit)
00000000  local     .data (.data)
0000c0a8  local     .ebss (.ebss)
003ecd46  local     .text (.text)
003ecd46  global    C$$EXIT (.text)
0000c0aa  global    ___TI_cleanup_ptr (.ebss)
0000c0ac  global    ___TI_dtors_ptr (.ebss)
0000c0a8  global    ___TI_enable_exit_profile_output (.ebss)
003ecd46  global    _abort (.text)
003ecd48  global    _exit (.text)


================================================================================

rts2800_ml.lib : _lock.c.obj

Run/Load            
Value     Binding   Name (Section)
--------  --------  ---------------
00000000  local     .bss (.bss)
003f2163  local     .cinit:__lock (.cinit:__lock)
003f2168  local     .cinit:__unlock (.cinit:__unlock)
00000000  local     .data (.data)
0000c0be  local     .ebss:__lock (.ebss:__lock)
0000c0e4  local     .ebss:__unlock (.ebss:__unlock)
003edb86  local     .text (.text)
0000c0be  global    __lock (.ebss:__lock)
003edb8e  global    __nop (.text)
003edb8a  global    __register_lock (.text)
003edb86  global    __register_unlock (.text)
0000c0e4  global    __unlock (.ebss:__unlock)


================================================================================

rts2800_ml.lib : args_main.c.obj

Run/Load            
Value     Binding   Name (Section)
--------  --------  ---------------
003ed83b  local     $C$L1 (.text)
003ed83e  local     $C$L2 (.text)
00000000  local     .bss (.bss)
00000000  local     .data (.data)
003ed830  local     .text (.text)
003ed830  global    __args_main (.text)


================================================================================

rts2800_ml.lib : s_floor.c.obj

Run/Load            
Value     Binding   Name (Section)
--------  --------  ---------------
003f197a  local     $C$FL1 (.econst)
003f197e  local     $C$FL2 (.econst)
003eade2  local     $C$L1 (.text)
003eae3a  local     $C$L10 (.text)
003eae5a  local     $C$L11 (.text)
003eae5c  local     $C$L12 (.text)
003eae68  local     $C$L13 (.text)
003eae6d  local     $C$L14 (.text)
003eade7  local     $C$L2 (.text)
003eade8  local     $C$L3 (.text)
003eadf0  local     $C$L4 (.text)
003eae03  local     $C$L5 (.text)
003eae12  local     $C$L6 (.text)
003eae15  local     $C$L7 (.text)
003eae31  local     $C$L8 (.text)
003eae37  local     $C$L9 (.text)
00000000  local     .bss (.bss)
00000000  local     .data (.data)
003f1976  local     .econst (.econst)
003ead8a  local     .text (.text)
003ead8a  global    _floorl (.text)
003f1976  local     _huge (.econst)


================================================================================

rts2800_ml.lib : s_scalbn.c.obj

Run/Load            
Value     Binding   Name (Section)
--------  --------  ---------------
003f1910  local     $C$FL1 (.econst)
003f1914  local     $C$FL2 (.econst)
003f1918  local     $C$FL3 (.econst)
003f191c  local     $C$FL4 (.econst)
003eb3db  local     $C$L1 (.text)
003eb3f4  local     $C$L2 (.text)
003eb406  local     $C$L3 (.text)
003eb411  local     $C$L4 (.text)
003eb426  local     $C$L5 (.text)
003eb42c  local     $C$L6 (.text)
003eb437  local     $C$L7 (.text)
003eb457  local     $C$L8 (.text)
003eb45b  local     $C$L9 (.text)
00000000  local     .bss (.bss)
00000000  local     .data (.data)
003f1904  local     .econst (.econst)
003eb3b5  local     .text (.text)
003eb3b5  global    _ldexpl (.text)
003eb3b5  global    _scalbnl (.text)
003f190c  local     _tiny (.econst)
003f1904  local     _two54 (.econst)
003f1908  local     _twom54 (.econst)


================================================================================

rts2800_ml.lib : s_copysign.c.obj

Run/Load            
Value     Binding   Name (Section)
--------  --------  ---------------
003ed101  local     $C$L1 (.text)
00000000  local     .bss (.bss)
00000000  local     .data (.data)
003ed0e0  local     .text (.text)
003ed0e0  global    _copysignl (.text)


================================================================================

rts2800_ml.lib : k_cosf.c.obj

Run/Load            
Value     Binding   Name (Section)
--------  --------  ---------------
003f1894  local     $C$FL1 (.econst)
003f1898  local     $C$FL2 (.econst)
003f189c  local     $C$FL3 (.econst)
003f18a0  local     $C$FL4 (.econst)
003f18a4  local     $C$FL5 (.econst)
00000000  local     .bss (.bss)
00000000  local     .data (.data)
003f1880  local     .econst (.econst)
003ebc07  local     .text (.text)
003f1884  local     _C0 (.econst)
003f1888  local     _C1 (.econst)
003f188c  local     _C2 (.econst)
003f1890  local     _C3 (.econst)
003ebc07  global    ___kernel_cosdf (.text)
003f1880  local     _one (.econst)


================================================================================

rts2800_ml.lib : k_sinf.c.obj

Run/Load            
Value     Binding   Name (Section)
--------  --------  ---------------
003f18d8  local     $C$FL1 (.econst)
003f18dc  local     $C$FL2 (.econst)
003f18e0  local     $C$FL3 (.econst)
003f18e4  local     $C$FL4 (.econst)
00000000  local     .bss (.bss)
00000000  local     .data (.data)
003f18c8  local     .econst (.econst)
003eb9d3  local     .text (.text)
003f18c8  local     _S1 (.econst)
003f18cc  local     _S2 (.econst)
003f18d0  local     _S3 (.econst)
003f18d4  local     _S4 (.econst)
003eb9d3  global    ___kernel_sindf (.text)


================================================================================

rts2800_ml.lib : fd_cmp28.asm.obj

Run/Load            
Value     Binding   Name (Section)
--------  --------  ---------------
00000000  local     .bss (.bss)
00000000  local     .data (.data)
003ecd1c  local     .text (.text)
003ecd2c  local     CHECK_INF (.text)
003ecd1c  global    FD$$CMP (.text)
003ecd43  local     NO_NEG (.text)
003ecd44  local     OP_EQUAL (.text)
003ecd3c  local     RETURN (.text)


================================================================================

rts2800_ml.lib : fd_tol28.asm.obj

Run/Load            
Value     Binding   Name (Section)
--------  --------  ---------------
00000000  local     .bss (.bss)
00000000  local     .data (.data)
003ed287  local     .text (.text)
003ed287  global    FD$$TOL (.text)
003ed2a0  local     OVERFLOW (.text)
003ed29f  local     RETURN_VALUE (.text)
003ed2a4  local     UNDERFLOW (.text)


================================================================================

rts2800_ml.lib : ll_aox28.asm.obj

Run/Load            
Value     Binding   Name (Section)
--------  --------  ---------------
00000000  local     .bss (.bss)
00000000  local     .data (.data)
003ed5ab  local     .text (.text)
003ed5ab  global    LL$$AND (.text)
003ed5b3  global    LL$$OR (.text)
003ed5bb  global    LL$$XOR (.text)


================================================================================

rts2800_ml.lib : i_div28.asm.obj

Run/Load            
Value     Binding   Name (Section)
--------  --------  ---------------
00000000  local     .bss (.bss)
00000000  local     .data (.data)
003ed103  local     .text (.text)
003ed103  global    I$$DIV (.text)
003ed114  global    I$$MOD (.text)
003ed113  local     RET1 (.text)
003ed123  local     RET2 (.text)


================================================================================

rts2800_ml.lib : l_tofd28.asm.obj

Run/Load            
Value     Binding   Name (Section)
--------  --------  ---------------
003ed3d1  local     $10 (.text)
00000000  local     .bss (.bss)
00000000  local     .data (.data)
003ed3c3  local     .text (.text)
003ed3c3  global    L$$TOFD (.text)
003ed3dd  local     OP_ZERO (.text)
003ed3dc  local     RETURN (.text)
003ed3da  local     RETURN_VALUE (.text)


================================================================================

rts2800_ml.lib : fd_tofs28.asm.obj

Run/Load            
Value     Binding   Name (Section)
--------  --------  ---------------
00000000  local     .bss (.bss)
00000000  local     .data (.data)
003ed188  local     .text (.text)
003ed195  local     EXP_EVAL (.text)
003ed188  global    FD$$TOFS (.text)
003ed1a1  local     OVERFLOW (.text)
003ed1a0  local     RETURN_VALUE (.text)
003ed1a7  local     UNDERFLOW (.text)


================================================================================

rts2800_ml.lib : errno.c.obj

Run/Load            
Value     Binding   Name (Section)
--------  --------  ---------------
00000000  local     .bss (.bss)
003f21b2  local     .cinit (.cinit)
00000000  local     .data (.data)
0000c100  local     .ebss (.ebss)
00000000  local     .text (.text)
0000c100  global    _errno (.ebss)


================================================================================

