******************************************************************************
             TMS320C2000 Linker PC v22.6.0                     
******************************************************************************
>> Linked Mon Jan 30 11:47:55 2023

OUTPUT FILE NAME:   <../../../04_Output_Files/TestBoard28069/EXAMPLE_CSMON_C2806x.out>
ENTRY POINT SYMBOL: "_c_int00"  address: 003ebc68


MEMORY CONFIGURATION

         name            origin    length      used     unused   attr    fill
----------------------  --------  ---------  --------  --------  ----  --------
PAGE 0:
  RAML0                 00008000   00000800  00000021  000007df  RWIX
  RAML1                 00008800   00000400  00000000  00000400  RWIX
  OTP                   003d7800   00000400  00000000  00000400  RWIX
  FLASH_APP             003e8000   0000dff0  000060d2  00007f1e  RWIX
  CSM_RSVD              003f7f80   00000076  00000076  00000000  RWIX
  BEGIN                 003f7ff6   00000002  00000002  00000000  RWIX
  CSM_PWL_P0            003f7ff8   00000008  00000008  00000000  RWIX
  FPUTABLES             003fd590   000006a0  00000000  000006a0  RWIX
  IQTABLES              003fdf00   00000b50  00000000  00000b50  RWIX
  IQTABLES2             003fea50   0000008c  00000000  0000008c  RWIX
  IQTABLES3             003feadc   000000aa  00000000  000000aa  RWIX
  ROM                   003ff3b0   00000c10  00000000  00000c10  RWIX
  RESET                 003fffc0   00000002  00000000  00000002  RWIX
  VECTORS               003fffc2   0000003e  00000000  0000003e  RWIX

PAGE 1:
  BOOT_RSVD             00000000   00000050  00000000  00000050  RWIX
  RAMM0                 00000050   000003b0  00000380  00000030  RWIX
  RAMM1                 00000400   00000400  00000000  00000400  RWIX
  DEV_EMU               00000880   00000105  00000004  00000101  RWIX
  SYS_PWR_CTL           00000985   00000003  00000003  00000000  RWIX
  FLASH_REGS            00000a80   00000060  00000008  00000058  RWIX
  CSM                   00000ae0   00000020  00000010  00000010  RWIX
  ADC_RESULT            00000b00   00000020  00000010  00000010  RWIX
  CPU_TIMER0            00000c00   00000008  00000008  00000000  RWIX
  CPU_TIMER1            00000c08   00000008  00000008  00000000  RWIX
  CPU_TIMER2            00000c10   00000008  00000008  00000000  RWIX
  PIE_CTRL              00000ce0   00000020  0000001a  00000006  RWIX
  PIE_VECT              00000d00   00000100  00000100  00000000  RWIX
  DMA                   00001000   00000200  000000e0  00000120  RWIX
  CLA1                  00001400   00000080  00000040  00000040  RWIX
  USB0                  00004000   00001000  00000454  00000bac  RWIX
  McBSPA                00005000   00000040  00000024  0000001c  RWIX
  ECANA                 00006000   00000040  00000034  0000000c  RWIX
  ECANA_LAM             00006040   00000040  00000040  00000000  RWIX
  ECANA_MOTS            00006080   00000040  00000040  00000000  RWIX
  ECANA_MOTO            000060c0   00000040  00000040  00000000  RWIX
  ECANA_MBOX            00006100   00000100  00000100  00000000  RWIX
  COMP1                 00006400   00000020  00000014  0000000c  RWIX
  COMP2                 00006420   00000020  00000014  0000000c  RWIX
  COMP3                 00006440   00000020  00000014  0000000c  RWIX
  EPWM1                 00006800   00000040  00000040  00000000  RWIX
  EPWM2                 00006840   00000040  00000040  00000000  RWIX
  EPWM3                 00006880   00000040  00000040  00000000  RWIX
  EPWM4                 000068c0   00000040  00000040  00000000  RWIX
  EPWM5                 00006900   00000040  00000040  00000000  RWIX
  EPWM6                 00006940   00000040  00000040  00000000  RWIX
  EPWM7                 00006980   00000040  00000040  00000000  RWIX
  EPWM8                 000069c0   00000040  00000040  00000000  RWIX
  ECAP1                 00006a00   00000020  00000020  00000000  RWIX
  ECAP2                 00006a20   00000020  00000020  00000000  RWIX
  ECAP3                 00006a40   00000020  00000020  00000000  RWIX
  HRCAP1                00006ac0   00000020  00000020  00000000  RWIX
  HRCAP2                00006ae0   00000020  00000020  00000000  RWIX
  EQEP1                 00006b00   00000040  00000022  0000001e  RWIX
  EQEP2                 00006b40   00000040  00000022  0000001e  RWIX
  HRCAP3                00006c80   00000020  00000020  00000000  RWIX
  HRCAP4                00006ca0   00000020  00000020  00000000  RWIX
  GPIOCTRL              00006f80   00000040  00000040  00000000  RWIX
  GPIODAT               00006fc0   00000020  00000020  00000000  RWIX
  GPIOINT               00006fe0   00000020  00000020  00000000  RWIX
  SYSTEM                00007010   00000030  00000030  00000000  RWIX
  SPIA                  00007040   00000010  00000010  00000000  RWIX
  SCIA                  00007050   00000010  00000010  00000000  RWIX
  NMIINTRUPT            00007060   00000010  00000010  00000000  RWIX
  XINTRUPT              00007070   00000010  00000010  00000000  RWIX
  ADC                   00007100   00000080  00000050  00000030  RWIX
  SPIB                  00007740   00000010  00000010  00000000  RWIX
  SCIB                  00007750   00000010  00000010  00000000  RWIX
  I2CA                  00007900   00000040  00000022  0000001e  RWIX
  RAML2                 00008c00   00000400  00000400  00000000  RWIX
  RAML34                00009000   00003000  00002e2c  000001d4  RWIX
  RAML5                 0000c000   00002000  00000000  00002000  RWIX
  RAML6                 0000e000   00002000  00000000  00002000  RWIX
  RAML7                 00010000   00002000  00000000  00002000  RWIX
  RAML8                 00012000   00002000  00000000  00002000  RWIX
  USB_RAM               00040000   00000800  00000000  00000800  RWIX
  PARTID                003d7e80   00000001  00000001  00000000  RWIX
  CSM_PWL               003f7ff8   00000008  00000008  00000000  RWIX


SECTION ALLOCATION MAP

 output                                  attributes/
section   page    origin      length       input sections
--------  ----  ----------  ----------   ----------------
.cinit     0    003ed4ee    000007e0     
                  003ed4ee    0000021b     CSMON_C28xx.lib : hmmodbus.obj (.cinit)
                  003ed709    00000105                     : csmon.obj (.cinit)
                  003ed80e    000000d7     main.obj (.cinit)
                  003ed8e5    0000009c     CSMON_C28xx.lib : modbusreg.obj (.cinit)
                  003ed981    00000030                     : csmon.obj (.cinit:_CSMON_au8FileRecorderConfigElementsSizeTable)
                  003ed9b1    0000002b                     : csmon.obj (.cinit:_CSMON_au8FileScopeConfigurationElementsSizeTable)
                  003ed9dc    00000017                     : csmon.obj (.cinit:_CSMON_au8FileRecorderDataElementsSizeTable)
                  003ed9f3    00000015                     : csmon.obj (.cinit:_CSMON_sFileAutorization)
                  003eda08    00000014                     : hmdrv.obj (.cinit)
                  003eda1c    00000014                     : hmprotocol.obj (.cinit)
                  003eda30    00000013                     : modbusreg.obj (.cinit:_MODBUSREG_au8DeviceIDUserApplicationName)
                  003eda43    00000013                     : modbusreg.obj (.cinit:_MODBUSREG_au8DeviceIDVendorUrl)
                  003eda56    00000013                     : modbusreg.obj (.cinit:_MODBUSREG_au8ServerIDData)
                  003eda69    00000013     main.obj (.cinit:_au8UserStringConfiguration)
                  003eda7c    00000013     CSMON_C28xx.lib : hmrecparam.obj (.cinit:_sRecStatusParam)
                  003eda8f    00000012     main.obj (.cinit:_au16UserStringConfiguration2)
                  003edaa1    00000012     main.obj (.cinit:_au16UserStringConfiguration)
                  003edab3    00000012     main.obj (.cinit:_charUserStringConfiguration)
                  003edac5    0000000f     CSMON_C28xx.lib : csmon.obj (.cinit:_CSMON_sDateTime)
                  003edad4    0000000f                     : csmon.obj (.cinit:_CSMON_sDateTimeApplication)
                  003edae3    0000000f                     : csmon.obj (.cinit:_CSMON_sDateTimeDefault)
                  003edaf2    0000000f                     : modbusreg.obj (.cinit:_MODBUSREG_au8DeviceIDModelName)
                  003edb01    0000000f     device.obj (.cinit)
                  003edb10    0000000e     rts2800_ml.lib : exit.c.obj (.cinit)
                  003edb1e    0000000d     CSMON_C28xx.lib : tmr_drv.obj (.cinit)
                  003edb2b    0000000d                     : csmon.obj (.cinit:_CSMON_au8FileParameterCountElementsSizeTable)
                  003edb38    0000000d                     : csmon.obj (.cinit:_CSMON_au8FileRTCElementsSizeTable)
                  003edb45    0000000d                     : csmon.obj (.cinit:_sHashKey)
                  003edb52    0000000c                     : modbusreg.obj (.cinit:_MODBUSREG_au8DeviceIDProductName)
                  003edb5e    0000000c                     : modbusreg.obj (.cinit:_MODBUSREG_au8DeviceIDUserReserve0)
                  003edb6a    0000000c                     : modbusreg.obj (.cinit:_MODBUSREG_au8DeviceIDUserReserve1)
                  003edb76    0000000c                     : modbusreg.obj (.cinit:_MODBUSREG_au8DeviceIDUserReserve2)
                  003edb82    0000000c                     : modbusreg.obj (.cinit:_MODBUSREG_au8DeviceIDVendorName)
                  003edb8e    0000000b                     : hmrecparam.obj (.cinit:_HMRECPRM_sDateTime)
                  003edb99    0000000b     main.obj (.cinit:_MAIN_sDateTimeGet)
                  003edba4    0000000b     main.obj (.cinit:_MAIN_sDateTimeSet)
                  003edbaf    0000000b     CSMON_C28xx.lib : uart_drv.obj (.cinit:_UART_RXIntOverflowCounter)
                  003edbba    0000000b                     : tmr_drv.obj (.cinit:_pfDelayedFunction)
                  003edbc5    0000000b                     : tmr_drv.obj (.cinit:_pfDelayedFunction_u8)
                  003edbd0    0000000b                     : hmrecparam.obj (.cinit:_sRecStatusParamInternal)
                  003edbdb    0000000b                     : uart_drv.obj (.cinit:_u32TimeDiffLast)
                  003edbe6    0000000b                     : uart_drv.obj (.cinit:_u32TimeDiffNow)
                  003edbf1    0000000b                     : uart_drv.obj (.cinit:_u32TimeDiffRead)
                  003edbfc    00000009                     : hmserial.obj (.cinit)
                  003edc05    00000009                     : csmon.obj (.cinit:_CSMON_au32FileAutorization_FunctionAfterWriteFileRecord)
                  003edc0e    00000009                     : csmon.obj (.cinit:_CSMON_sFileParameterCount)
                  003edc17    00000008                     : hmlib.obj (.cinit)
                  003edc1f    00000007                     : csmon.obj (.cinit:_CSMON_au8FileRecorderStatusElementsSizeTable)
                  003edc26    00000007                     : modbusreg.obj (.cinit:_MODBUSREG_au8DeviceIDMajorMinorRevision)
                  003edc2d    00000007                     : modbusreg.obj (.cinit:_MODBUSREG_au8DeviceIDProductCode)
                  003edc34    00000007                     : uart_drv.obj (.cinit:_UARTRxBufferRDCount)
                  003edc3b    00000007                     : uart_drv.obj (.cinit:_UARTRxBufferRDIndex)
                  003edc42    00000007                     : uart_drv.obj (.cinit:_UARTRxBufferWRCount)
                  003edc49    00000007                     : uart_drv.obj (.cinit:_UARTRxBufferWRIndex)
                  003edc50    00000006                     : csmon.obj (.cinit:_CSMON_abFileAutorization_RecordReadOnly)
                  003edc56    00000006                     : csmon.obj (.cinit:_CSMON_abFileAutorization_RecordStringData)
                  003edc5c    00000006                     : csmon.obj (.cinit:_CSMON_au16FileAutorization_RecordOffsets)
                  003edc62    00000006                     : csmon.obj (.cinit:_CSMON_sFileProtocolVersion)
                  003edc68    00000005     rts2800_ml.lib : _lock.c.obj (.cinit:__lock)
                  003edc6d    00000005                    : _lock.c.obj (.cinit:__unlock)
                  003edc72    00000005     CSMON_C28xx.lib : hmscopeparam.obj (.cinit:_pBufferScope)
                  003edc77    00000005                     : csmon.obj (.cinit:_sFileParameterNumericOffsetDefault)
                  003edc7c    00000004                     : hmscopeparam.obj (.cinit)
                  003edc80    00000004                     : uart_drv.obj (.cinit)
                  003edc84    00000004                     : csmon.obj (.cinit:_CSMON_au8FileParameterListElementsSizeTablePart1_1)
                  003edc88    00000004                     : csmon.obj (.cinit:_CSMON_au8FileParameterListElementsSizeTablePart1_2)
                  003edc8c    00000004                     : csmon.obj (.cinit:_CSMON_au8FileParameterListElementsSizeTablePart1_3)
                  003edc90    00000004                     : csmon.obj (.cinit:_CSMON_au8FileParameterListElementsSizeTablePart1_4)
                  003edc94    00000004                     : csmon.obj (.cinit:_CSMON_au8FileParameterListElementsSizeTablePart2)
                  003edc98    00000004                     : csmon.obj (.cinit:_CSMON_au8FileParameterListElementsSizeTablePart3)
                  003edc9c    00000004                     : csmon.obj (.cinit:_CSMON_au8FileParameterNumbElementsSizeTablePart16Bits)
                  003edca0    00000004                     : csmon.obj (.cinit:_CSMON_au8FileParameterNumbElementsSizeTablePart32Bits)
                  003edca4    00000004                     : csmon.obj (.cinit:_CSMON_au8FileRecorderDataElementsSizeTableUsedLength)
                  003edca8    00000004                     : csmon.obj (.cinit:_CSMON_au8FileScopeStatusElementsSizeTable)
                  003edcac    00000004                     : csmon.obj (.cinit:_CSMON_sFileParameterAccessList)
                  003edcb0    00000004                     : hmmodbus.obj (.cinit:_HMMODBUS_u32RegisterAddressDummyuSize)
                  003edcb4    00000004                     : modbusreg.obj (.cinit:_MODBUSREG_asFileTable)
                  003edcb8    00000004                     : csmon.obj (.cinit:_sFileParameterNumericVisualTypeDefault)
                  003edcbc    00000004                     : tmr_drv.obj (.cinit:_u16TimerMainDelayedData)
                  003edcc0    00000004                     : tmr_drv.obj (.cinit:_u16TimerMainFunctionDelay)
                  003edcc4    00000004                     : tmr_drv.obj (.cinit:_u16TimerMainFunctionDelayCompare)
                  003edcc8    00000004                     : tmr_drv.obj (.cinit:_u16TimerMainFunctionDelayCounter)
                  003edccc    00000002     --HOLE-- [fill = 0]

.pinit     0    003e8000    00000000     UNINITIALIZED

.text      0    003e8000    000054cd     
                  003e8000    000008e9     CSMON_C28xx.lib : hmmodbus.obj (.text:_HMMODBUS_ReadFileRecord)
                  003e88e9    00000893                     : hmmodbus.obj (.text:_HMMODBUS_bDecoder_OPT)
                  003e917c    0000077b                     : modbusreg.obj (.text:_MODBUSREG_AddressTablesInit)
                  003e98f7    00000687                     : hmmodbus.obj (.text:_HMMODBUS_WriteFileRecord)
                  003e9f7e    0000017f                     : csmon.obj (.text:_CSMON_eSetUpRecParam)
                  003ea0fd    0000016a                     : csmon.obj (.text:_CSMON_eProcess)
                  003ea267    00000148                     : hmmodbus.obj (.text:_HMMODBUS_Rx)
                  003ea3af    00000145                     : hmmodbus.obj (.text:_HMMODBUS_vSetFreeRunTimerPrescaller)
                  003ea4f4    00000107     rts2800_ml.lib : ll_div28.asm.obj (.text)
                  003ea5fb    000000f1     CSMON_C28xx.lib : csmon.obj (.text:_CSMON_vFileRecoderStatusFix)
                  003ea6ec    000000f1                     : hmdrv.obj (.text:_HMDRV_vInit)
                  003ea7dd    000000ef                     : hmmodbus.obj (.text:_HMMODBUS_WriteHoldingRegister)
                  003ea8cc    000000e9                     : hmmodbus.obj (.text:_HMMODBUS_ReadHoldingRegister)
                  003ea9b5    000000e9                     : hmprotocol.obj (.text:_HMPROTOCOL_bDecoder)
                  003eaa9e    000000e8                     : hmrecparam.obj (.text:_HMRECPRM_vProcess)
                  003eab86    000000d6                     : csmon.obj (.text:_CSMON_vSetupHoldingRegistersAndCoilsAddressTableFromCSMONParameterList)
                  003eac5c    000000c6                     : csmon.obj (.text:_CSMON_vInitParameterListRealAddressRecordTables)
                  003ead22    000000bc                     : csmon.obj (.text:_CSMON_vPrepareFileParameterAccessList)
                  003eadde    000000bc                     : hmrecparam.obj (.text:_HMRECPRM_SetUpRec)
                  003eae9a    000000ba                     : csmon.obj (.text:_CSMON_eInit)
                  003eaf54    000000b8                     : hmrec.obj (.text:_HMREC_SetUpRec)
                  003eb00c    000000aa                     : hmdrv.obj (.text:_HMDRV_CopyFromBufferInternalModbusBitField)
                  003eb0b6    000000a5                     : hmmodbus.obj (.text:_HMMODBUS_GetRealRegisterAddressAndSize)
                  003eb15b    000000a3                     : tmr_drv.obj (.text:_TMR2_ISR)
                  003eb1fe    0000009e                     : hmdrv.obj (.text:_HMDRV_CopyToBufferInternalModbus)
                  003eb29c    00000097     main.obj (.text:_RecordersInitialization)
                  003eb333    00000092     CSMON_C28xx.lib : hmdrv.obj (.text:_HMDRV_CopyMemory)
                  003eb3c5    00000090                     : csmon.obj (.text:_CSMON_vSetDateTimeAutorization)
                  003eb455    00000087                     : hmrecparam.obj (.text:_HMRECPRM_SetUpRecParamStatusDateTime)
                  003eb4dc    00000083                     : hmdrv.obj (.text:_HMDRV_CopyFromBufferInternalModbus)
                  003eb55f    00000083     rts2800_ml.lib : fs_div28.asm.obj (.text)
                  003eb5e2    0000007f     CSMON_C28xx.lib : hmserial.obj (.text:_HMSERIAL_vProcessSCI)
                  003eb661    0000007a     main.obj (.text:_main)
                  003eb6db    0000006a     CSMON_C28xx.lib : hmserial.obj (.text:_HMSERIAL_Rx)
                  003eb745    00000068                     : hmmodbus.obj (.text:_HMMODBUS_vProcessSCI)
                  003eb7ad    00000068                     : hmprotocol.obj (.text:_HMPROTOCOL_GetBoardInfo)
                  003eb815    00000067                     : hmmodbus.obj (.text:_HMMODBUS_CopyFromBuffer)
                  003eb87c    00000064                     : hmrec.obj (.text:_HMREC_vProcess)
                  003eb8e0    00000062                     : modbusreg.obj (.text:_MODBUSREG_vInit)
                  003eb942    0000005f     F2806x_SysCtrl.obj (.text:_InitPeripheralClocks)
                  003eb9a1    0000005d     CSMON_C28xx.lib : uart_drv.obj (.text:_UART_RXInterrupt)
                  003eb9fe    0000005a                     : gpio.obj (.text:_GPIO_setPinConfigOutput)
                  003eba58    0000005a     rts2800_ml.lib : fs_mpy28.asm.obj (.text)
                  003ebab2    00000059     CSMON_C28xx.lib : csmon.obj (.text:_CSMON_vUpdateDateTimeFromApplication)
                  003ebb0b    00000059                     : hmmodbus.obj (.text:_vSetElementsSize)
                  003ebb64    00000058     main.obj (.text:_ControlProcess)
                  003ebbbc    00000057     CSMON_C28xx.lib : csmon.obj (.text:_CSMON_bCheckValidDateTime)
                  003ebc13    00000055                     : modbusreg.obj (.text:_MODBUSREG_FileRecorderExternalUpdateInit)
                  003ebc68    00000054     rts2800_ml.lib : boot28.asm.obj (.text)
                  003ebcbc    00000052     CSMON_C28xx.lib : csmon.obj (.text:_CSMON_eSetRecorderTriggerAtPosition)
                  003ebd0e    00000051     F2806x_SysCtrl.obj (.text:_InitPll)
                  003ebd5f    0000004e     CSMON_C28xx.lib : hmmodbus.obj (.text:_HMMODBUS_GetRegisterFunction)
                  003ebdad    0000004e                     : hmrecparam.obj (.text:_HMRECPRM_StartRecParam)
                  003ebdfb    0000004c                     : hmmodbus.obj (.text:_HMMODBUS_vSendResponse)
                  003ebe47    0000004c                     : hmrecparam.obj (.text:_HMRECPRM_vTimeSync)
                  003ebe93    00000047                     : hmmodbus.obj (.text:_HMMODBUS_CopyToBuffer)
                  003ebeda    00000047                     : hmscopeparam.obj (.text:_HMSCOPEPRM_SetUpScope)
                  003ebf21    00000045     main.obj (.text:_ExternalParametersInitialization)
                  003ebf66    00000043     CSMON_C28xx.lib : hmscopeparam.obj (.text:_HMSCOPEPRM_ReadScope)
                  003ebfa9    00000042     interrupt.obj (.text:_Interrupt_enable)
                  003ebfeb    0000003f     CSMON_C28xx.lib : hmdrv.obj (.text:_HMDRV_CopyFromBufferInternal)
                  003ec02a    0000003d                     : hmmodbus.obj (.text:_vSetStartSampleIndex)
                  003ec067    0000003c                     : tmr_drv.obj (.text:_configCPUTimer)
                  003ec0a3    0000003b                     : hmscope.obj (.text:_HMSCOPE_SetUpScope)
                  003ec0de    00000039                     : csmon.obj (.text:_CSMON_u16FindIndexParameterTable)
                  003ec117    00000038                     : csmon.obj (.text:_CSMON_eSetRecorderConfigurationSkipSamples)
                  003ec14f    00000038                     : hmmodbus.obj (.text:_HMMODBUS_bDecoderInit_OPT)
                  003ec187    00000038                     : uart_drv.obj (.text:_UART_ReadDataRx)
                  003ec1bf    00000036                     : csmon.obj (.text:_CSMON_vRecorderParamStartStopProcess)
                  003ec1f5    00000036                     : hmscope.obj (.text:_HMSCOPE_ReadScope)
                  003ec22b    00000036                     : hmserial.obj (.text:_HMSERIAL_vSendResponse)
                  003ec261    00000035                     : csmon.obj (.text:_CSMON_u32GetRealAddressAndSizeOffsetFromParameter)
                  003ec296    00000035                     : hmdrv.obj (.text:_HMDRV_CopyToBufferInternal)
                  003ec2cb    00000035                     : tmr_drv.obj (.text:_TMR_vInit)
                  003ec300    00000033                     : hmmodbus.obj (.text:_HMMODBUS_Listen)
                  003ec333    0000002e                     : hmserial.obj (.text:_HMSERIAL_vProcessSCIFreemasterOnly)
                  003ec361    0000002d                     : csmon.obj (.text:_CSMON_eSetParameterInRecorderAtPosition)
                  003ec38e    0000002d                     : csmon.obj (.text:_CSMON_vInitRecorders)
                  003ec3bb    0000002d                     : csmon.obj (.text:_CSMON_vSetupHoldingRegistersAndCoilsAddressTableAccessAll)
                  003ec3e8    0000002d                     : hmserial.obj (.text:_HMSERIAL_Listen)
                  003ec415    0000002d                     : hmrecparam.obj (.text:_RecorderTimeFromLocalDateTime)
                  003ec442    0000002d                     : tmr_drv.obj (.text:_TMR_vInitCPUTimers)
                  003ec46f    0000002b                     : hmrecparam.obj (.text:_FillTimeData)
                  003ec49a    00000029     rts2800_ml.lib : exit.c.obj (.text)
                  003ec4c3    00000028     CSMON_C28xx.lib : csmon.obj (.text:_CSMON_bAutorizationPasswordCheck)
                  003ec4eb    00000027                     : hmserial.obj (.text:_HMSERIAL_vProcessSCITXISR)
                  003ec512    00000027                     : hmdrv.obj (.text:_sci_echoback_init)
                  003ec539    00000026                     : hmdrv.obj (.text:_HMDRV_CopyFromBufferInternalWithMaskModbus)
                  003ec55f    00000026                     : modbusreg.obj (.text:_MODBUSREG_vInitHoldingRegistersTableChangesExternalList)
                  003ec585    00000025                     : hmserial.obj (.text:_HMSERIAL_Tx)
                  003ec5aa    00000024                     : csmon.obj (.text:_CSMON_vAutorizationReset)
                  003ec5ce    00000024                     : hmprotocol.obj (.text:_HMPROTOCOL_ReadMem)
                  003ec5f2    00000024                     : hmrecparam.obj (.text:_RecorderDateFromLocalDateTime)
                  003ec616    00000024                     : sci_drv.obj (.text:_SCIA_RXFIFOISR)
                  003ec63a    00000024                     : sci_drv.obj (.text:_SCIA_TXFIFOISR)
                  003ec65e    00000024                     : sci_drv.obj (.text:_SCIB_RXFIFOISR)
                  003ec682    00000024                     : sci_drv.obj (.text:_SCIB_TXFIFOISR)
                  003ec6a6    00000024                     : hmmodbus.obj (.text:_vSetSampleCountAvailable)
                  003ec6ca    00000024     rts2800_ml.lib : cpy_tbl.c.obj (.text)
                  003ec6ee    00000023     CSMON_C28xx.lib : csmon.obj (.text:_CSMON_vRecorderParamSetupProcess)
                  003ec711    00000023                     : hmlib.obj (.text:_HMLIB_vInit)
                  003ec734    00000023                     : modbusreg.obj (.text:_MODBUSREG_FileRecorderElementSizeTableUsedSizeUpdateInit)
                  003ec757    00000021                     : csmon.obj (.text:_CSMON_eSetParameterListParameterID)
                  003ec778    00000021                     : hmdrv.obj (.text:_HMDRV_CopyFromBufferInternalWithMask)
                  003ec799    00000021     rts2800_ml.lib : fs_toul28.asm.obj (.text)
                  003ec7ba    00000020     CSMON_C28xx.lib : csmon.obj (.text:_CSMON_eSetParameterListRealAddress)
                  003ec7da    00000020     device.obj (.text:_Device_init)
                  003ec7fa    00000020     CSMON_C28xx.lib : hmdrv.obj (.text:_HMDRV_vProcess)
                  003ec81a    00000020                     : hmmodbus.obj (.text:_vSetSampleCountBuffer)
                  003ec83a    0000001f                     : hmmodbus.obj (.text:_HMMODBUS_vInit)
                  003ec859    0000001f     F2806x_PieCtrl.obj (.text:_InitPieCtrl)
                  003ec878    0000001f     CSMON_C28xx.lib : hmmodbus.obj (.text:_vSetSampleSize)
                  003ec897    0000001d                     : hmmodbus.obj (.text:_HMMODBUS_Tx)
                  003ec8b4    0000001d                     : hmrecparam.obj (.text:_HMRECPRM_GetRecBuffFreemaster)
                  003ec8d1    0000001d                     : hmrec.obj (.text:_HMREC_GetRecBuffFreemaster)
                  003ec8ee    0000001d     rts2800_ml.lib : fs_tou28.asm.obj (.text)
                  003ec90b    0000001d                    : memcpy.c.obj (.text)
                  003ec928    0000001c     main.obj (.text:_CSMON_vGetDateTime)
                  003ec944    0000001c     CSMON_C28xx.lib : csmon.obj (.text:_HMRECPRM_vGetDateTime)
                  003ec960    0000001c                     : sci.obj (.text:_SCI_clearInterruptStatus)
                  003ec97c    0000001c                     : hmmodbus.obj (.text:_vSetIndexFileTable)
                  003ec998    0000001b     device.obj (.text:_Device_initGPIO)
                  003ec9b3    0000001b     CSMON_C28xx.lib : hmdrv.obj (.text:_HMDRV_AddressToBuffer)
                  003ec9ce    0000001a                     : hmmodbus.obj (.text:_HMMODBUS_vProcessSCITXISR)
                  003ec9e8    0000001a                     : hmrecparam.obj (.text:_HMRECPRM_StartRec)
                  003eca02    0000001a                     : hmserial.obj (.text:_HMSERIAL_vProcessSCITXISRFreemasterOnly)
                  003eca1c    0000001a                     : sci.obj (.text:_SCI_disableInterrupt)
                  003eca36    0000001a                     : sci.obj (.text:_SCI_enableInterrupt)
                  003eca50    0000001a     rts2800_ml.lib : l_tofs28.asm.obj (.text)
                  003eca6a    00000019     CSMON_C28xx.lib : csmon.obj (.text:_CSMON_eSetParameterCountInRecorder)
                  003eca83    00000019                     : hmdrv.obj (.text:_HMDRV_AddressFromBuffer)
                  003eca9c    00000019                     : uart_drv.obj (.text:_UART_vInit)
                  003ecab5    00000019                     : hmmodbus.obj (.text:_bGetFileReadAccess)
                  003ecace    00000019     rts2800_ml.lib : prolog28.asm.obj (.text)
                  003ecae7    00000018     CSMON_C28xx.lib : csmon.obj (.text:_CSMON_u32GetFreeRunningTimerMicroseconds)
                  003ecaff    00000018                     : hmlib.obj (.text:_HMLIB_vProcessSCITXISRWithIndex)
                  003ecb17    00000018     F2806x_SysCtrl.obj (.text:_InitSysCtrl)
                  003ecb2f    00000017     CSMON_C28xx.lib : csmon.obj (.text:_CSMON_vSaveRecorderConfig)
                  003ecb46    00000017                     : hmmodbus.obj (.text:_HMMODBUS_vProcessTxDelay)
                  003ecb5d    00000017                     : hmprotocol.obj (.text:_HMPROTOCOL_WriteMem)
                  003ecb74    00000017                     : hmprotocol.obj (.text:_HMPROTOCOL_WriteMemMask)
                  003ecb8b    00000017                     : hmmodbus.obj (.text:_vSetBufferAddressStart)
                  003ecba2    00000017     rts2800_ml.lib : fs_cmp28.asm.obj (.text)
                  003ecbb9    00000016     CSMON_C28xx.lib : hmdrv.obj (.text:_HMDRV_AddressFromBufferBigEndian)
                  003ecbcf    00000015                     : hmrecparam.obj (.text:_HMRECPRM_Comparefloat)
                  003ecbe4    00000015                     : hmrec.obj (.text:_HMREC_Comparefloat)
                  003ecbf9    00000015                     : hmrec.obj (.text:_HMREC_StartRec)
                  003ecc0e    00000014                     : hmlib.obj (.text:_HMLIB_vProcessFastTD)
                  003ecc22    00000014                     : hmmodbus.obj (.text:_HMMODBUS_DelayedTx)
                  003ecc36    00000014                     : hmrecparam.obj (.text:_HMRECPRM_StopRecParam)
                  003ecc4a    00000014                     : hmserial.obj (.text:_HMSERIAL_DelayedTx)
                  003ecc5e    00000013                     : csmon.obj (.text:_CSMON_eSetFlagProcessPassed)
                  003ecc71    00000013     rts2800_ml.lib : ul_tofs28.asm.obj (.text)
                  003ecc84    00000012     CSMON_C28xx.lib : csmon.obj (.text:_CSMON_vFileParameterCountCheckSumUpdate)
                  003ecc96    00000012                     : hmdrv.obj (.text:_HMDRV_GetStringLengthFromWordInternal)
                  003ecca8    00000012                     : hmmodbus.obj (.text:_HMMODBUS_vSetupRegisterDummy)
                  003eccba    00000012                     : hmrecparam.obj (.text:_HMRECPRM_CompareBOOL)
                  003ecccc    00000012                     : modbusreg.obj (.text:_MODBUSREG_FileShortNameElementSizeandAddressUpdateInit)
                  003eccde    00000012                     : modbusreg.obj (.text:_MODBUSREG_vFileDenyAccess)
                  003eccf0    00000012                     : uart_drv.obj (.text:_UART_TxIntDis)
                  003ecd02    00000012                     : uart_drv.obj (.text:_UART_TxIntEna)
                  003ecd14    00000011     main.obj (.text:_CSMON_vSetDateTime)
                  003ecd25    00000011     CSMON_C28xx.lib : hmserial.obj (.text:_HMSERIAL_vInit)
                  003ecd36    00000011     F2806x_PieVect.obj (.text:_InitPieVectTable)
                  003ecd47    00000011     rts2800_ml.lib : args_main.c.obj (.text)
                  003ecd58    00000010     CSMON_C28xx.lib : csmon.obj (.text:_CSMON_eSetParameterListRegisterFlags)
                  003ecd68    00000010     F2806x_SysCtrl.obj (.text:_IntOsc1Sel)
                  003ecd78    00000010     CSMON_C28xx.lib : hmmodbus.obj (.text:_bIsValidEndAddressInBuffer)
                  003ecd88    00000010                     : hmmodbus.obj (.text:_u32BytesMemoryToBytesModbus)
                  003ecd98    00000010                     : hmmodbus.obj (.text:_u32BytesModbusToBytesMemory)
                  003ecda8    00000010     rts2800_ml.lib : u_tofs28.asm.obj (.text)
                  003ecdb8    0000000f     CSMON_C28xx.lib : hmmodbus.obj (.text:_HMMODBUS_CalcCRC)
                  003ecdc7    0000000f                     : uart_drv.obj (.text:_UART_IsTxEmpty)
                  003ecdd6    0000000e                     : hmdrv.obj (.text:_HMDRV_GetStringLengthInternal)
                  003ecde4    0000000e                     : hmrecparam.obj (.text:_HMRECPRM_Compare16S)
                  003ecdf2    0000000e                     : hmrecparam.obj (.text:_HMRECPRM_Compare16U)
                  003ece00    0000000e                     : hmrecparam.obj (.text:_HMRECPRM_Compare32S)
                  003ece0e    0000000e                     : hmrecparam.obj (.text:_HMRECPRM_Compare32U)
                  003ece1c    0000000e                     : hmrecparam.obj (.text:_HMRECPRM_Compare8S)
                  003ece2a    0000000e                     : hmrecparam.obj (.text:_HMRECPRM_Compare8U)
                  003ece38    0000000e                     : hmrec.obj (.text:_HMREC_Compare16S)
                  003ece46    0000000e                     : hmrec.obj (.text:_HMREC_Compare16U)
                  003ece54    0000000e                     : hmrec.obj (.text:_HMREC_Compare32S)
                  003ece62    0000000e                     : hmrec.obj (.text:_HMREC_Compare32U)
                  003ece70    0000000e                     : hmrec.obj (.text:_HMREC_Compare8S)
                  003ece7e    0000000e                     : hmrec.obj (.text:_HMREC_Compare8U)
                  003ece8c    0000000e                     : hmmodbus.obj (.text:_u32FitAddressCircleBufferInside)
                  003ece9a    0000000d                     : csmon.obj (.text:_CSMON_vInitHoldingRegistersTableChanges)
                  003ecea7    0000000d                     : hmrecparam.obj (.text:_HMRECPRM_IsJustStopped)
                  003eceb4    0000000d                     : hmrecparam.obj (.text:_HMRECPRM_StopRec)
                  003ecec1    0000000d                     : hmrec.obj (.text:_HMREC_StopRec)
                  003ecece    0000000d                     : modbusreg.obj (.text:_MODBUSREG_vFileAllowAccess)
                  003ecedb    0000000d                     : tmr_drv.obj (.text:_TIMER_vSetupTimerMainFunctionDelayCompare)
                  003ecee8    0000000d                     : uart_drv.obj (.text:_UART_ReadDataRxAvailable)
                  003ecef5    0000000c                     : hmlib.obj (.text:_HMLIB_vProcess)
                  003ecf01    0000000c                     : hmrecparam.obj (.text:_HMRECPRM_GetBufferRecParamPtrAddress)
                  003ecf0d    0000000c                     : hmrecparam.obj (.text:_HMRECPRM_TriggerRec)
                  003ecf19    0000000c                     : hmmodbus.obj (.text:_u32FixAddressCircleBufferOverflow)
                  003ecf25    0000000c     rts2800_ml.lib : epilog28.asm.obj (.text)
                  003ecf31    0000000b     CSMON_C28xx.lib : hmmodbus.obj (.text:_HMMODBUS_vProcessFastTD)
                  003ecf3c    0000000b                     : hmrecparam.obj (.text:_HMRECPRM_IsRunning)
                  003ecf47    0000000b                     : hmserial.obj (.text:_HMSERIAL_vProcessFastTD)
                  003ecf52    0000000b                     : modbusreg.obj (.text:_MODBUSREG_vDataZero)
                  003ecf5d    0000000b                     : sci_drv.obj (.text:_SCI_eGetModuleIndexFromBase)
                  003ecf68    0000000b                     : tmr_drv.obj (.text:_TMR1_ISR)
                  003ecf73    0000000b                     : uart_drv.obj (.text:_UART_TxDis)
                  003ecf7e    0000000b                     : uart_drv.obj (.text:_UART_TxEna)
                  003ecf89    0000000b                     : hmmodbus.obj (.text:_bIsValidIndexFileTable)
                  003ecf94    0000000b     rts2800_ml.lib : u_div28.asm.obj (.text)
                  003ecf9f    0000000a     CSMON_C28xx.lib : hmrecparam.obj (.text:_HMRECPRM_ClrLastStopDetectionToRecorderStopSamplesCounter)
                  003ecfa9    0000000a                     : hmrecparam.obj (.text:_HMRECPRM_GetRecStatus)
                  003ecfb3    0000000a                     : hmrec.obj (.text:_HMREC_GetRecStatus)
                  003ecfbd    0000000a                     : hmdrv.obj (.text:_sci_fifo_init)
                  003ecfc7    00000009                     : csmon.obj (.text:_CSMON_eSetParameterListRegisterSize)
                  003ecfd0    00000009                     : csmon.obj (.text:_CSMON_eSetParameterListShortNaming)
                  003ecfd9    00000009                     : csmon.obj (.text:_CSMON_eSetServerOnStatus)
                  003ecfe2    00000009                     : hmlib.obj (.text:_HMLIB_vInitRecParamBuff)
                  003ecfeb    00000009                     : hmmodbus.obj (.text:_HMMODBUS_vProcessFreeTimer)
                  003ecff4    00000009                     : hmmodbus.obj (.text:_HMMODBUS_vProcessRxDelay)
                  003ecffd    00000009                     : hmrecparam.obj (.text:_HMRECPRM_GetExternBufferRecParamLastPointedAddress)
                  003ed006    00000009                     : hmrecparam.obj (.text:_HMRECPRM_GetExternBufferRecParamPtrAddress)
                  003ed00f    00000009                     : hmrec.obj (.text:_HMREC_TriggerRec)
                  003ed018    00000009                     : hmscopeparam.obj (.text:_HMSCOPEPRM_GetBufferScopeParamAddress)
                  003ed021    00000009                     : hmserial.obj (.text:_HMSERIAL_vProcessFreeTimer)
                  003ed02a    00000009                     : tmr_drv.obj (.text:_TIMER_vResetTimerMainFunctionDelayCounter)
                  003ed033    00000009                     : tmr_drv.obj (.text:_TIMER_vSetupTimerMainDelayedFunctionSendData)
                  003ed03c    00000009                     : uart_drv.obj (.text:_UART_PutChar)
                  003ed045    00000009                     : uart_drv.obj (.text:_UART_ReadDataRxTimeDiff)
                  003ed04e    00000009     rts2800_ml.lib : _lock.c.obj (.text)
                  003ed057    00000008     Example_Flash2806x_CsmKeys.obj (.text)
                  003ed05f    00000008     F2806x_CodeStartBranch.obj (.text)
                  003ed067    00000008     F2806x_SysCtrl.obj (.text:_DisableDog)
                  003ed06f    00000008     CSMON_C28xx.lib : hmdrv.obj (.text:_HMDRV_CopyFromBufferWithMaskModbus)
                  003ed077    00000008                     : hmmodbus.obj (.text:_HMMODBUS_vSetupHoldingRegistersProcessFuncTable)
                  003ed07f    00000008                     : hmmodbus.obj (.text:_HMMODBUS_vSetupHoldingRegistersRealAddressTable)
                  003ed087    00000008                     : hmmodbus.obj (.text:_HMMODBUS_vSetupHoldingRegistersRegisterFlagsTable)
                  003ed08f    00000008                     : hmmodbus.obj (.text:_HMMODBUS_vSetupHoldingRegistersRegisterSizeTable)
                  003ed097    00000008                     : hmmodbus.obj (.text:_HMMODBUS_vSetupHoldingRegistersVirtAddressTable)
                  003ed09f    00000008                     : hmrecparam.obj (.text:_HMRECPRM_GetExternRecParamAddress)
                  003ed0a7    00000008                     : hmrecparam.obj (.text:_HMRECPRM_GetExternRecParamPtrMaximumUsedSampleCount)
                  003ed0af    00000008                     : hmrecparam.obj (.text:_HMRECPRM_GetExternRecParamPtrSampleSize)
                  003ed0b7    00000008                     : hmrecparam.obj (.text:_HMRECPRM_GetRecParamPtrAvailableSampleCount)
                  003ed0bf    00000008                     : hmrecparam.obj (.text:_HMRECPRM_GetRecParamPtrLastSampleIndex)
                  003ed0c7    00000008                     : hmrecparam.obj (.text:_HMRECPRM_GetRecParamPtrMaximumUsedSampleCount)
                  003ed0cf    00000008                     : hmrecparam.obj (.text:_HMRECPRM_GetRecParamPtrSampleSize)
                  003ed0d7    00000008                     : hmrecparam.obj (.text:_HMRECPRM_GetStatusRecParamAddress)
                  003ed0df    00000008                     : hmrecparam.obj (.text:_HMRECPRM_vInit)
                  003ed0e7    00000008                     : hmrec.obj (.text:_HMREC_vInit)
                  003ed0ef    00000007     F2806x_DisInt.obj (.text)
                  003ed0f6    00000007     CSMON_C28xx.lib : csmon.obj (.text:_CSMON_eSetParameterListAccessLevel)
                  003ed0fd    00000007                     : csmon.obj (.text:_CSMON_eSetParameterListBitsCount)
                  003ed104    00000007                     : csmon.obj (.text:_CSMON_eSetParameterListDataDefault)
                  003ed10b    00000007                     : csmon.obj (.text:_CSMON_eSetParameterListDataMaximum)
                  003ed112    00000007                     : csmon.obj (.text:_CSMON_eSetParameterListDataMinimum)
                  003ed119    00000007                     : csmon.obj (.text:_CSMON_eSetParameterListDataType)
                  003ed120    00000007                     : csmon.obj (.text:_CSMON_eSetParameterListFunctionCode)
                  003ed127    00000007                     : csmon.obj (.text:_CSMON_eSetParameterListValueFormat)
                  003ed12e    00000007                     : hmlib.obj (.text:_HMLIB_vProcessDifferentPorts)
                  003ed135    00000007                     : hmlib.obj (.text:_HMLIB_vProcessRecorders)
                  003ed13c    00000007                     : hmrecparam.obj (.text:_HMRECPRM_vResetAllStopDetections)
                  003ed143    00000007                     : hmscopeparam.obj (.text:_HMSCOPEPRM_GetStatusScopeParamAddress)
                  003ed14a    00000007                     : modbusreg.obj (.text:_MODBUSREG_vInitHoldingRegistersTableChanges)
                  003ed151    00000007                     : sci_drv.obj (.text:_SCI_u32GetBaseFromModuleIndex)
                  003ed158    00000006                     : cputimer.obj (.text:_CPUTimer_setEmulationMode)
                  003ed15e    00000006                     : hmrecparam.obj (.text:_HMRECPRM_SetUpRecBuff)
                  003ed164    00000006                     : hmrec.obj (.text:_HMREC_SetUpRecBuff)
                  003ed16a    00000006                     : uart_drv.obj (.text:_UART_GetChar)
                  003ed170    00000005     F2806x_DefaultIsr.obj (.text:_ADCINT1_ISR)
                  003ed175    00000005     F2806x_DefaultIsr.obj (.text:_ADCINT2_ISR)
                  003ed17a    00000005     F2806x_DefaultIsr.obj (.text:_ADCINT3_ISR)
                  003ed17f    00000005     F2806x_DefaultIsr.obj (.text:_ADCINT4_ISR)
                  003ed184    00000005     F2806x_DefaultIsr.obj (.text:_ADCINT5_ISR)
                  003ed189    00000005     F2806x_DefaultIsr.obj (.text:_ADCINT6_ISR)
                  003ed18e    00000005     F2806x_DefaultIsr.obj (.text:_ADCINT7_ISR)
                  003ed193    00000005     F2806x_DefaultIsr.obj (.text:_ADCINT8_ISR)
                  003ed198    00000005     F2806x_DefaultIsr.obj (.text:_ADCINT9_ISR)
                  003ed19d    00000005     F2806x_DefaultIsr.obj (.text:_CLA1_INT1_ISR)
                  003ed1a2    00000005     F2806x_DefaultIsr.obj (.text:_CLA1_INT2_ISR)
                  003ed1a7    00000005     F2806x_DefaultIsr.obj (.text:_CLA1_INT3_ISR)
                  003ed1ac    00000005     F2806x_DefaultIsr.obj (.text:_CLA1_INT4_ISR)
                  003ed1b1    00000005     F2806x_DefaultIsr.obj (.text:_CLA1_INT5_ISR)
                  003ed1b6    00000005     F2806x_DefaultIsr.obj (.text:_CLA1_INT6_ISR)
                  003ed1bb    00000005     F2806x_DefaultIsr.obj (.text:_CLA1_INT7_ISR)
                  003ed1c0    00000005     F2806x_DefaultIsr.obj (.text:_CLA1_INT8_ISR)
                  003ed1c5    00000005     CSMON_C28xx.lib : csmon.obj (.text:_CSMON_eSetFirmwareApplicationVersion)
                  003ed1ca    00000005                     : csmon.obj (.text:_CSMON_u16ParametersAccessListIndexGenerate)
                  003ed1cf    00000005                     : csmon.obj (.text:_CSMON_u32GetFreeRunningTimerTicks)
                  003ed1d4    00000005                     : csmon.obj (.text:_CSMON_u32GetParameterAuxCheckSum)
                  003ed1d9    00000005                     : csmon.obj (.text:_CSMON_u32GetParameterListCheckSum)
                  003ed1de    00000005                     : csmon.obj (.text:_CSMON_u32GetParameterNumbCheckSum)
                  003ed1e3    00000005                     : csmon.obj (.text:_CSMON_u32GetParameterShortNameCheckSum)
                  003ed1e8    00000005                     : csmon.obj (.text:_CSMON_u32GetParameterStringCheckSum)
                  003ed1ed    00000005                     : csmon.obj (.text:_CSMON_vSetDateTimeRequest)
                  003ed1f2    00000005     F2806x_DefaultIsr.obj (.text:_DATALOG_ISR)
                  003ed1f7    00000005     F2806x_DefaultIsr.obj (.text:_DINTCH1_ISR)
                  003ed1fc    00000005     F2806x_DefaultIsr.obj (.text:_DINTCH2_ISR)
                  003ed201    00000005     F2806x_DefaultIsr.obj (.text:_DINTCH3_ISR)
                  003ed206    00000005     F2806x_DefaultIsr.obj (.text:_DINTCH4_ISR)
                  003ed20b    00000005     F2806x_DefaultIsr.obj (.text:_DINTCH5_ISR)
                  003ed210    00000005     F2806x_DefaultIsr.obj (.text:_DINTCH6_ISR)
                  003ed215    00000005     F2806x_DefaultIsr.obj (.text:_ECAN0INTA_ISR)
                  003ed21a    00000005     F2806x_DefaultIsr.obj (.text:_ECAN1INTA_ISR)
                  003ed21f    00000005     F2806x_DefaultIsr.obj (.text:_ECAP1_INT_ISR)
                  003ed224    00000005     F2806x_DefaultIsr.obj (.text:_ECAP2_INT_ISR)
                  003ed229    00000005     F2806x_DefaultIsr.obj (.text:_ECAP3_INT_ISR)
                  003ed22e    00000005     F2806x_DefaultIsr.obj (.text:_EMPTY_ISR)
                  003ed233    00000005     F2806x_DefaultIsr.obj (.text:_EMUINT_ISR)
                  003ed238    00000005     F2806x_DefaultIsr.obj (.text:_EPWM1_INT_ISR)
                  003ed23d    00000005     F2806x_DefaultIsr.obj (.text:_EPWM1_TZINT_ISR)
                  003ed242    00000005     F2806x_DefaultIsr.obj (.text:_EPWM2_INT_ISR)
                  003ed247    00000005     F2806x_DefaultIsr.obj (.text:_EPWM2_TZINT_ISR)
                  003ed24c    00000005     F2806x_DefaultIsr.obj (.text:_EPWM3_INT_ISR)
                  003ed251    00000005     F2806x_DefaultIsr.obj (.text:_EPWM3_TZINT_ISR)
                  003ed256    00000005     F2806x_DefaultIsr.obj (.text:_EPWM4_INT_ISR)
                  003ed25b    00000005     F2806x_DefaultIsr.obj (.text:_EPWM4_TZINT_ISR)
                  003ed260    00000005     F2806x_DefaultIsr.obj (.text:_EPWM5_INT_ISR)
                  003ed265    00000005     F2806x_DefaultIsr.obj (.text:_EPWM5_TZINT_ISR)
                  003ed26a    00000005     F2806x_DefaultIsr.obj (.text:_EPWM6_INT_ISR)
                  003ed26f    00000005     F2806x_DefaultIsr.obj (.text:_EPWM6_TZINT_ISR)
                  003ed274    00000005     F2806x_DefaultIsr.obj (.text:_EPWM7_INT_ISR)
                  003ed279    00000005     F2806x_DefaultIsr.obj (.text:_EPWM7_TZINT_ISR)
                  003ed27e    00000005     F2806x_DefaultIsr.obj (.text:_EPWM8_INT_ISR)
                  003ed283    00000005     F2806x_DefaultIsr.obj (.text:_EPWM8_TZINT_ISR)
                  003ed288    00000005     F2806x_DefaultIsr.obj (.text:_EQEP1_INT_ISR)
                  003ed28d    00000005     F2806x_DefaultIsr.obj (.text:_EQEP2_INT_ISR)
                  003ed292    00000005     CSMON_C28xx.lib : hmlib.obj (.text:_HMLIB_vProcessSamePort)
                  003ed297    00000005                     : hmlib.obj (.text:_HMLIB_vRecorder0)
                  003ed29c    00000005                     : hmmodbus.obj (.text:_HMMODBUS_bGetReceivedMessage)
                  003ed2a1    00000005                     : hmmodbus.obj (.text:_HMMODBUS_vFileTable)
                  003ed2a6    00000005                     : hmrecparam.obj (.text:_HMRECPRM_vDisableAllStopDetections)
                  003ed2ab    00000005     F2806x_DefaultIsr.obj (.text:_HRCAP1_INT_ISR)
                  003ed2b0    00000005     F2806x_DefaultIsr.obj (.text:_HRCAP2_INT_ISR)
                  003ed2b5    00000005     F2806x_DefaultIsr.obj (.text:_HRCAP3_INT_ISR)
                  003ed2ba    00000005     F2806x_DefaultIsr.obj (.text:_HRCAP4_INT_ISR)
                  003ed2bf    00000005     F2806x_DefaultIsr.obj (.text:_I2CINT1A_ISR)
                  003ed2c4    00000005     F2806x_DefaultIsr.obj (.text:_I2CINT2A_ISR)
                  003ed2c9    00000005     F2806x_DefaultIsr.obj (.text:_ILLEGAL_ISR)
                  003ed2ce    00000005     F2806x_DefaultIsr.obj (.text:_INT13_ISR)
                  003ed2d3    00000005     F2806x_DefaultIsr.obj (.text:_INT14_ISR)
                  003ed2d8    00000005     interrupt.obj (.text:_IntDefaultHandler)
                  003ed2dd    00000005     F2806x_DefaultIsr.obj (.text:_LUF_ISR)
                  003ed2e2    00000005     F2806x_DefaultIsr.obj (.text:_LVF_ISR)
                  003ed2e7    00000005     CSMON_C28xx.lib : modbusreg.obj (.text:_MODBUSREG_vSetTableNameAddress)
                  003ed2ec    00000005                     : modbusreg.obj (.text:_MODBUSREG_vSetTableRealAddressInRam)
                  003ed2f1    00000005                     : modbusreg.obj (.text:_MODBUSREG_vSetTableRegisterFlags)
                  003ed2f6    00000005                     : modbusreg.obj (.text:_MODBUSREG_vSetTableRegisterSize)
                  003ed2fb    00000005                     : modbusreg.obj (.text:_MODBUSREG_vSetTableVirtAddress)
                  003ed300    00000005     F2806x_DefaultIsr.obj (.text:_MRINTA_ISR)
                  003ed305    00000005     F2806x_DefaultIsr.obj (.text:_MXINTA_ISR)
                  003ed30a    00000005     F2806x_DefaultIsr.obj (.text:_NMI_ISR)
                  003ed30f    00000005     F2806x_DefaultIsr.obj (.text:_PIE_RESERVED)
                  003ed314    00000005     F2806x_DefaultIsr.obj (.text:_RTOSINT_ISR)
                  003ed319    00000005     F2806x_DefaultIsr.obj (.text:_SCIRXINTA_ISR)
                  003ed31e    00000005     F2806x_DefaultIsr.obj (.text:_SCIRXINTB_ISR)
                  003ed323    00000005     F2806x_DefaultIsr.obj (.text:_SCITXINTA_ISR)
                  003ed328    00000005     F2806x_DefaultIsr.obj (.text:_SCITXINTB_ISR)
                  003ed32d    00000005     F2806x_DefaultIsr.obj (.text:_SPIRXINTA_ISR)
                  003ed332    00000005     F2806x_DefaultIsr.obj (.text:_SPIRXINTB_ISR)
                  003ed337    00000005     F2806x_DefaultIsr.obj (.text:_SPITXINTA_ISR)
                  003ed33c    00000005     F2806x_DefaultIsr.obj (.text:_SPITXINTB_ISR)
                  003ed341    00000005     CSMON_C28xx.lib : tmr_drv.obj (.text:_TIMER_vSetupTimerMainDelayedData)
                  003ed346    00000005     F2806x_DefaultIsr.obj (.text:_TINT0_ISR)
                  003ed34b    00000005     F2806x_DefaultIsr.obj (.text:_USB0_INT_ISR)
                  003ed350    00000005     F2806x_DefaultIsr.obj (.text:_USER10_ISR)
                  003ed355    00000005     F2806x_DefaultIsr.obj (.text:_USER11_ISR)
                  003ed35a    00000005     F2806x_DefaultIsr.obj (.text:_USER12_ISR)
                  003ed35f    00000005     F2806x_DefaultIsr.obj (.text:_USER1_ISR)
                  003ed364    00000005     F2806x_DefaultIsr.obj (.text:_USER2_ISR)
                  003ed369    00000005     F2806x_DefaultIsr.obj (.text:_USER3_ISR)
                  003ed36e    00000005     F2806x_DefaultIsr.obj (.text:_USER4_ISR)
                  003ed373    00000005     F2806x_DefaultIsr.obj (.text:_USER5_ISR)
                  003ed378    00000005     F2806x_DefaultIsr.obj (.text:_USER6_ISR)
                  003ed37d    00000005     F2806x_DefaultIsr.obj (.text:_USER7_ISR)
                  003ed382    00000005     F2806x_DefaultIsr.obj (.text:_USER8_ISR)
                  003ed387    00000005     F2806x_DefaultIsr.obj (.text:_USER9_ISR)
                  003ed38c    00000005     F2806x_DefaultIsr.obj (.text:_WAKEINT_ISR)
                  003ed391    00000005     F2806x_DefaultIsr.obj (.text:_XINT1_ISR)
                  003ed396    00000005     F2806x_DefaultIsr.obj (.text:_XINT2_ISR)
                  003ed39b    00000005     F2806x_DefaultIsr.obj (.text:_XINT3_ISR)
                  003ed3a0    00000005     F2806x_DefaultIsr.obj (.text:_rsvd_ISR)
                  003ed3a5    00000004     CSMON_C28xx.lib : csmon.obj (.text:_CSMON_u32GetBaudError_PPM)
                  003ed3a9    00000004                     : csmon.obj (.text:_CSMON_vAddSetupRecorderParameterMask)
                  003ed3ad    00000004                     : csmon.obj (.text:_CSMON_vInitScopes)
                  003ed3b1    00000004                     : csmon.obj (.text:_CSMON_vSetStartRecorderParameterMask)
                  003ed3b5    00000004                     : csmon.obj (.text:_CSMON_vSetStopRecorderParameterMask)
                  003ed3b9    00000004                     : hmdrv.obj (.text:_HMDRV_SetExAddr)
                  003ed3bd    00000004                     : hmdrv.obj (.text:_HMDRV_u32GetDeviceSYSCLKFreq)
                  003ed3c1    00000004                     : hmdrv.obj (.text:_HMDRV_u32GetSCIErrorPPM)
                  003ed3c5    00000004                     : hmlib.obj (.text:_HMLIB_vRecorderParam0)
                  003ed3c9    00000004                     : hmmodbus.obj (.text:_HMMODBUS_vSetDeviceIDMajorMinorRevision)
                  003ed3cd    00000004                     : hmmodbus.obj (.text:_HMMODBUS_vSetDeviceIDMajorMinorRevisionLength)
                  003ed3d1    00000004                     : hmmodbus.obj (.text:_HMMODBUS_vSetDeviceIDModelName)
                  003ed3d5    00000004                     : hmmodbus.obj (.text:_HMMODBUS_vSetDeviceIDModelNameLength)
                  003ed3d9    00000004                     : hmmodbus.obj (.text:_HMMODBUS_vSetDeviceIDProductCode)
                  003ed3dd    00000004                     : hmmodbus.obj (.text:_HMMODBUS_vSetDeviceIDProductCodeLength)
                  003ed3e1    00000004                     : hmmodbus.obj (.text:_HMMODBUS_vSetDeviceIDProductName)
                  003ed3e5    00000004                     : hmmodbus.obj (.text:_HMMODBUS_vSetDeviceIDProductNameLength)
                  003ed3e9    00000004                     : hmmodbus.obj (.text:_HMMODBUS_vSetDeviceIDUserApplicationName)
                  003ed3ed    00000004                     : hmmodbus.obj (.text:_HMMODBUS_vSetDeviceIDUserApplicationNameLength)
                  003ed3f1    00000004                     : hmmodbus.obj (.text:_HMMODBUS_vSetDeviceIDUserReserve0)
                  003ed3f5    00000004                     : hmmodbus.obj (.text:_HMMODBUS_vSetDeviceIDUserReserve0Length)
                  003ed3f9    00000004                     : hmmodbus.obj (.text:_HMMODBUS_vSetDeviceIDUserReserve1)
                  003ed3fd    00000004                     : hmmodbus.obj (.text:_HMMODBUS_vSetDeviceIDUserReserve1Length)
                  003ed401    00000004                     : hmmodbus.obj (.text:_HMMODBUS_vSetDeviceIDUserReserve2)
                  003ed405    00000004                     : hmmodbus.obj (.text:_HMMODBUS_vSetDeviceIDUserReserve2Length)
                  003ed409    00000004                     : hmmodbus.obj (.text:_HMMODBUS_vSetDeviceIDVendorName)
                  003ed40d    00000004                     : hmmodbus.obj (.text:_HMMODBUS_vSetDeviceIDVendorNameLength)
                  003ed411    00000004                     : hmmodbus.obj (.text:_HMMODBUS_vSetDeviceIDVendorUrl)
                  003ed415    00000004                     : hmmodbus.obj (.text:_HMMODBUS_vSetDeviceIDVendorUrlLength)
                  003ed419    00000004                     : hmmodbus.obj (.text:_HMMODBUS_vSetServerIDDataAddress)
                  003ed41d    00000004                     : hmmodbus.obj (.text:_HMMODBUS_vSetServerIDLength)
                  003ed421    00000004                     : hmmodbus.obj (.text:_HMMODBUS_vSetServerIDNumber)
                  003ed425    00000004                     : hmmodbus.obj (.text:_HMMODBUS_vSetServerOnStatus)
                  003ed429    00000004                     : hmmodbus.obj (.text:_HMMODBUS_vSetupHoldingRegistersAccessTableInRam)
                  003ed42d    00000004     interrupt.obj (.text:_IntMasterDisable)
                  003ed431    00000004     interrupt.obj (.text:_IntMasterEnable)
                  003ed435    00000004     CSMON_C28xx.lib : modbusreg.obj (.text:_MODBUSREG_u16GetHoldRegFillCount)
                  003ed439    00000004                     : modbusreg.obj (.text:_MODBUSREG_u16GetTableRegisterFlagsElementOffset)
                  003ed43d    00000004                     : modbusreg.obj (.text:_MODBUSREG_u16GetTableRegisterSizeElementOffset)
                  003ed441    00000004                     : modbusreg.obj (.text:_MODBUSREG_u16GetTableVirtAddressElementOffset)
                  003ed445    00000004                     : modbusreg.obj (.text:_MODBUSREG_u32GetRegisterAccessTableInRam)
                  003ed449    00000004                     : modbusreg.obj (.text:_MODBUSREG_u32GetTableRegisterFlags)
                  003ed44d    00000004                     : modbusreg.obj (.text:_MODBUSREG_u32GetTableRegisterSize)
                  003ed451    00000004                     : modbusreg.obj (.text:_MODBUSREG_u32GetTableVirtAddress)
                  003ed455    00000004                     : modbusreg.obj (.text:_MODBUSREG_vSetFileAutorization_FunctionAfterWriteFileRecordTable)
                  003ed459    00000004                     : modbusreg.obj (.text:_MODBUSREG_vSetFileParamCount_FunctionBeforeReadFileRecord)
                  003ed45d    00000004                     : modbusreg.obj (.text:_MODBUSREG_vSetFileRTC_FunctionAfterReadFileRecord)
                  003ed461    00000004                     : modbusreg.obj (.text:_MODBUSREG_vSetFileRTC_FunctionAfterWriteFileRecord)
                  003ed465    00000004                     : modbusreg.obj (.text:_MODBUSREG_vSetFileRecConfig_FunctionAfterWriteFileRecord)
                  003ed469    00000004                     : modbusreg.obj (.text:_MODBUSREG_vSetFileRecStatus_FunctionIndexGenerationFileRecord)
                  003ed46d    00000004                     : modbusreg.obj (.text:_MODBUSREG_vSetHoldRegFillCount)
                  003ed471    00000004                     : modbusreg.obj (.text:_MODBUSREG_vSetParamCount)
                  003ed475    00000004                     : modbusreg.obj (.text:_MODBUSREG_vSetParamListAddress)
                  003ed479    00000004                     : modbusreg.obj (.text:_MODBUSREG_vSetParamNumbAddress)
                  003ed47d    00000004                     : modbusreg.obj (.text:_MODBUSREG_vSetParamRecorderConfigAddress)
                  003ed481    00000004                     : modbusreg.obj (.text:_MODBUSREG_vSetParamScopeConfigAddress)
                  003ed485    00000004                     : tmr_drv.obj (.text:_TIMER_vGetTimerMainRollingCounter)
                  003ed489    00000004                     : tmr_drv.obj (.text:_TMR_u16GetFreeRunTimerPrescaller)
                  003ed48d    00000004                     : hmmodbus.obj (.text:_bGetElementsDifference)
                  003ed491    00000004                     : hmmodbus.obj (.text:_u16GetIndexFileTable)
                  003ed495    00000004                     : hmmodbus.obj (.text:_u32GetBufferAddressStart)
                  003ed499    00000004                     : hmmodbus.obj (.text:_u32GetBufferSize)
                  003ed49d    00000004                     : hmmodbus.obj (.text:_u32GetSampleCountAvailable)
                  003ed4a1    00000004                     : hmmodbus.obj (.text:_u32GetSampleCountBuffer)
                  003ed4a5    00000004                     : hmmodbus.obj (.text:_u32GetStartSampleIndex)
                  003ed4a9    00000004                     : hmmodbus.obj (.text:_u8GetSampleSize)
                  003ed4ad    00000004                     : hmmodbus.obj (.text:_vSetBufferAddressStartFromFunction)
                  003ed4b1    00000004                     : hmmodbus.obj (.text:_vSetBufferSize)
                  003ed4b5    00000003     F2806x_DBGIER.obj (.text)
                  003ed4b8    00000003     CSMON_C28xx.lib : hmlib.obj (.text:_HMLIB_vRecorderParamTimeSync)
                  003ed4bb    00000003                     : hmrecparam.obj (.text:_HMRECPRM_GetTimeBase)
                  003ed4be    00000003                     : uart_drv.obj (.text:_UART_TXInterrupt)
                  003ed4c1    00000002                     : hmrecparam.obj (.text:_HMRECPRM_AbortRec)
                  003ed4c3    00000002                     : hmrecparam.obj (.text:_HMRECPRM_GetRecBuffSize)
                  003ed4c5    00000002                     : hmrec.obj (.text:_HMREC_AbortRec)
                  003ed4c7    00000002                     : hmrec.obj (.text:_HMREC_GetRecBuffSize)
                  003ed4c9    00000002     rts2800_ml.lib : pre_init.c.obj (.text)
                  003ed4cb    00000001     CSMON_C28xx.lib : hmprotocol.obj (.text:_HMPROTOCOL_vInit)
                  003ed4cc    00000001     rts2800_ml.lib : startup.c.obj (.text)

ramfuncs   0    003ed4cd    00000021     RUN ADDR = 00008000
                  003ed4cd    0000001d     F2806x_SysCtrl.obj (ramfuncs:_InitFlash)
                  003ed4ea    00000004     F2806x_usDelay.obj (ramfuncs)

csm_rsvd   0    003f7f80    00000076     
                  003f7f80    00000076     F2806x_CSMPasswords.obj (csm_rsvd)

codestart 
*          0    003f7ff6    00000002     
                  003f7ff6    00000002     F2806x_CodeStartBranch.obj (codestart)

csmpasswds 
*          0    003f7ff8    00000008     
                  003f7ff8    00000008     F2806x_CSMPasswords.obj (csmpasswds)

.stack     1    00000050    00000380     UNINITIALIZED
                  00000050    00000380     --HOLE--

.econst    0    003edcce    00000404     
                  003edcce    00000100     CSMON_C28xx.lib : hmmodbus.obj (.econst:.string:_auchCRCHi)
                  003eddce    00000100                     : hmmodbus.obj (.econst:.string:_auchCRCLo)
                  003edece    00000100     F2806x_PieVect.obj (.econst:_PieVectTableInit)
                  003edfce    00000080     csmon_config.obj (.econst:_asParameterList)
                  003ee04e    00000050     CSMON_C28xx.lib : csmon.obj (.econst:_CSMON_asAccessLevelPasswords)
                  003ee09e    00000014                     : csmon.obj (.econst:_CSMON_au8FileImplementedFunctionCodes)
                  003ee0b2    0000000e                     : csmon.obj (.econst:_CSMON_au8FileParameterNumbElementsCountInPartTable)
                  003ee0c0    0000000c                     : hmprotocol.obj (.econst:.string)
                  003ee0cc    00000006                     : csmon.obj (.econst:_CSMON_au8FileParameterListElementsCountInPartTable)

.reset     0    003fffc0    00000002     DSECT
                  003fffc0    00000002     rts2800_ml.lib : boot28.asm.obj (.reset)

vectors    0    003fffc2    00000000     DSECT

DevEmuRegsFile 
*          1    00000880    00000004     UNINITIALIZED
                  00000880    00000004     F2806x_GlobalVariableDefs.obj (DevEmuRegsFile)

SysPwrCtrlRegsFile 
*          1    00000985    00000003     UNINITIALIZED
                  00000985    00000003     F2806x_GlobalVariableDefs.obj (SysPwrCtrlRegsFile)

FlashRegsFile 
*          1    00000a80    00000008     UNINITIALIZED
                  00000a80    00000008     F2806x_GlobalVariableDefs.obj (FlashRegsFile)

CsmRegsFile 
*          1    00000ae0    00000010     UNINITIALIZED
                  00000ae0    00000010     F2806x_GlobalVariableDefs.obj (CsmRegsFile)

AdcResultFile 
*          1    00000b00    00000010     UNINITIALIZED
                  00000b00    00000010     F2806x_GlobalVariableDefs.obj (AdcResultFile)

CpuTimer0RegsFile 
*          1    00000c00    00000008     UNINITIALIZED
                  00000c00    00000008     F2806x_GlobalVariableDefs.obj (CpuTimer0RegsFile)

CpuTimer1RegsFile 
*          1    00000c08    00000008     UNINITIALIZED
                  00000c08    00000008     F2806x_GlobalVariableDefs.obj (CpuTimer1RegsFile)

CpuTimer2RegsFile 
*          1    00000c10    00000008     UNINITIALIZED
                  00000c10    00000008     F2806x_GlobalVariableDefs.obj (CpuTimer2RegsFile)

PieCtrlRegsFile 
*          1    00000ce0    0000001a     UNINITIALIZED
                  00000ce0    0000001a     F2806x_GlobalVariableDefs.obj (PieCtrlRegsFile)

PieVectTableFile 
*          1    00000d00    00000100     UNINITIALIZED
                  00000d00    00000100     F2806x_GlobalVariableDefs.obj (PieVectTableFile)

EmuKeyVar 
*          1    00000d00    00000001     UNINITIALIZED
                  00000d00    00000001     F2806x_GlobalVariableDefs.obj (EmuKeyVar)

EmuBModeVar 
*          1    00000d01    00000001     UNINITIALIZED
                  00000d01    00000001     F2806x_GlobalVariableDefs.obj (EmuBModeVar)

FlashCallbackVar 
*          1    00000d02    00000002     UNINITIALIZED
                  00000d02    00000002     F2806x_GlobalVariableDefs.obj (FlashCallbackVar)

FlashScalingVar 
*          1    00000d04    00000002     UNINITIALIZED
                  00000d04    00000002     F2806x_GlobalVariableDefs.obj (FlashScalingVar)

DmaRegsFile 
*          1    00001000    000000e0     UNINITIALIZED
                  00001000    000000e0     F2806x_GlobalVariableDefs.obj (DmaRegsFile)

Cla1RegsFile 
*          1    00001400    00000040     UNINITIALIZED
                  00001400    00000040     F2806x_GlobalVariableDefs.obj (Cla1RegsFile)

Usb0RegsFile 
*          1    00004000    00000454     UNINITIALIZED
                  00004000    00000454     F2806x_GlobalVariableDefs.obj (Usb0RegsFile)

McbspaRegsFile 
*          1    00005000    00000024     UNINITIALIZED
                  00005000    00000024     F2806x_GlobalVariableDefs.obj (McbspaRegsFile)

ECanaRegsFile 
*          1    00006000    00000034     UNINITIALIZED
                  00006000    00000034     F2806x_GlobalVariableDefs.obj (ECanaRegsFile)

ECanaLAMRegsFile 
*          1    00006040    00000040     UNINITIALIZED
                  00006040    00000040     F2806x_GlobalVariableDefs.obj (ECanaLAMRegsFile)

ECanaMOTSRegsFile 
*          1    00006080    00000040     UNINITIALIZED
                  00006080    00000040     F2806x_GlobalVariableDefs.obj (ECanaMOTSRegsFile)

ECanaMOTORegsFile 
*          1    000060c0    00000040     UNINITIALIZED
                  000060c0    00000040     F2806x_GlobalVariableDefs.obj (ECanaMOTORegsFile)

ECanaMboxesFile 
*          1    00006100    00000100     UNINITIALIZED
                  00006100    00000100     F2806x_GlobalVariableDefs.obj (ECanaMboxesFile)

Comp1RegsFile 
*          1    00006400    00000014     UNINITIALIZED
                  00006400    00000014     F2806x_GlobalVariableDefs.obj (Comp1RegsFile)

Comp2RegsFile 
*          1    00006420    00000014     UNINITIALIZED
                  00006420    00000014     F2806x_GlobalVariableDefs.obj (Comp2RegsFile)

Comp3RegsFile 
*          1    00006440    00000014     UNINITIALIZED
                  00006440    00000014     F2806x_GlobalVariableDefs.obj (Comp3RegsFile)

EPwm1RegsFile 
*          1    00006800    00000040     UNINITIALIZED
                  00006800    00000040     F2806x_GlobalVariableDefs.obj (EPwm1RegsFile)

EPwm2RegsFile 
*          1    00006840    00000040     UNINITIALIZED
                  00006840    00000040     F2806x_GlobalVariableDefs.obj (EPwm2RegsFile)

EPwm3RegsFile 
*          1    00006880    00000040     UNINITIALIZED
                  00006880    00000040     F2806x_GlobalVariableDefs.obj (EPwm3RegsFile)

EPwm4RegsFile 
*          1    000068c0    00000040     UNINITIALIZED
                  000068c0    00000040     F2806x_GlobalVariableDefs.obj (EPwm4RegsFile)

EPwm5RegsFile 
*          1    00006900    00000040     UNINITIALIZED
                  00006900    00000040     F2806x_GlobalVariableDefs.obj (EPwm5RegsFile)

EPwm6RegsFile 
*          1    00006940    00000040     UNINITIALIZED
                  00006940    00000040     F2806x_GlobalVariableDefs.obj (EPwm6RegsFile)

EPwm7RegsFile 
*          1    00006980    00000040     UNINITIALIZED
                  00006980    00000040     F2806x_GlobalVariableDefs.obj (EPwm7RegsFile)

EPwm8RegsFile 
*          1    000069c0    00000040     UNINITIALIZED
                  000069c0    00000040     F2806x_GlobalVariableDefs.obj (EPwm8RegsFile)

ECap1RegsFile 
*          1    00006a00    00000020     UNINITIALIZED
                  00006a00    00000020     F2806x_GlobalVariableDefs.obj (ECap1RegsFile)

ECap2RegsFile 
*          1    00006a20    00000020     UNINITIALIZED
                  00006a20    00000020     F2806x_GlobalVariableDefs.obj (ECap2RegsFile)

ECap3RegsFile 
*          1    00006a40    00000020     UNINITIALIZED
                  00006a40    00000020     F2806x_GlobalVariableDefs.obj (ECap3RegsFile)

HRCap1RegsFile 
*          1    00006ac0    00000020     UNINITIALIZED
                  00006ac0    00000020     F2806x_GlobalVariableDefs.obj (HRCap1RegsFile)

HRCap2RegsFile 
*          1    00006ae0    00000020     UNINITIALIZED
                  00006ae0    00000020     F2806x_GlobalVariableDefs.obj (HRCap2RegsFile)

EQep1RegsFile 
*          1    00006b00    00000022     UNINITIALIZED
                  00006b00    00000022     F2806x_GlobalVariableDefs.obj (EQep1RegsFile)

EQep2RegsFile 
*          1    00006b40    00000022     UNINITIALIZED
                  00006b40    00000022     F2806x_GlobalVariableDefs.obj (EQep2RegsFile)

HRCap3RegsFile 
*          1    00006c80    00000020     UNINITIALIZED
                  00006c80    00000020     F2806x_GlobalVariableDefs.obj (HRCap3RegsFile)

HRCap4RegsFile 
*          1    00006ca0    00000020     UNINITIALIZED
                  00006ca0    00000020     F2806x_GlobalVariableDefs.obj (HRCap4RegsFile)

GpioCtrlRegsFile 
*          1    00006f80    00000040     UNINITIALIZED
                  00006f80    00000040     F2806x_GlobalVariableDefs.obj (GpioCtrlRegsFile)

GpioDataRegsFile 
*          1    00006fc0    00000020     UNINITIALIZED
                  00006fc0    00000020     F2806x_GlobalVariableDefs.obj (GpioDataRegsFile)

GpioIntRegsFile 
*          1    00006fe0    00000020     UNINITIALIZED
                  00006fe0    00000020     F2806x_GlobalVariableDefs.obj (GpioIntRegsFile)

SysCtrlRegsFile 
*          1    00007010    00000030     UNINITIALIZED
                  00007010    00000030     F2806x_GlobalVariableDefs.obj (SysCtrlRegsFile)

SpiaRegsFile 
*          1    00007040    00000010     UNINITIALIZED
                  00007040    00000010     F2806x_GlobalVariableDefs.obj (SpiaRegsFile)

SciaRegsFile 
*          1    00007050    00000010     UNINITIALIZED
                  00007050    00000010     F2806x_GlobalVariableDefs.obj (SciaRegsFile)

NmiIntruptRegsFile 
*          1    00007060    00000010     UNINITIALIZED
                  00007060    00000010     F2806x_GlobalVariableDefs.obj (NmiIntruptRegsFile)

XIntruptRegsFile 
*          1    00007070    00000010     UNINITIALIZED
                  00007070    00000010     F2806x_GlobalVariableDefs.obj (XIntruptRegsFile)

AdcRegsFile 
*          1    00007100    00000050     UNINITIALIZED
                  00007100    00000050     F2806x_GlobalVariableDefs.obj (AdcRegsFile)

SpibRegsFile 
*          1    00007740    00000010     UNINITIALIZED
                  00007740    00000010     F2806x_GlobalVariableDefs.obj (SpibRegsFile)

ScibRegsFile 
*          1    00007750    00000010     UNINITIALIZED
                  00007750    00000010     F2806x_GlobalVariableDefs.obj (ScibRegsFile)

I2caRegsFile 
*          1    00007900    00000022     UNINITIALIZED
                  00007900    00000022     F2806x_GlobalVariableDefs.obj (I2caRegsFile)

PartIdRegsFile 
*          1    003d7e80    00000001     UNINITIALIZED
                  003d7e80    00000001     F2806x_GlobalVariableDefs.obj (PartIdRegsFile)

CsmPwlFile 
*          1    003f7ff8    00000008     UNINITIALIZED
                  003f7ff8    00000008     F2806x_GlobalVariableDefs.obj (CsmPwlFile)

.ebss.1    1    00008c00    00000400     UNINITIALIZED
                  00008c00    00000400     CSMON_C28xx.lib : modbusreg.obj (.ebss:_MODBUSREG_u32RegisterAccessTableInRam)

.ebss.2    1    00009000    00002e2c     UNINITIALIZED
                  00009000    00000800     CSMON_C28xx.lib : uart_drv.obj (.ebss:_UARTRxBufferTimeDiff)
                  00009800    00000800                     : hmrec.obj (.ebss:_au8RecBuffer0)
                  0000a000    00000800                     : hmrecparam.obj (.ebss:_au8RecParamBuffer0)
                  0000a800    00000400                     : uart_drv.obj (.ebss:_UARTRxBuffer)
                  0000ac00    000003de                     : modbusreg.obj (.ebss:_MODBUSREG_asFileTable)
                  0000afde    00000020     main.obj (.ebss:_au16UserStringConfiguration2)
                  0000affe    00000002     CSMON_C28xx.lib : hmlib.obj (.ebss)
                  0000b000    00000200                     : hmmodbus.obj (.ebss:_u32ModbusTimeoutBuffer)
                  0000b200    0000011c                     : hmmodbus.obj (.ebss)
                  0000b31c    0000001c                     : csmon.obj (.ebss:_CSMON_au32FileParameterNumericFileRecordElementsRealAddressTable)
                  0000b338    00000008                     : hmrecparam.obj (.ebss:_HMRECPRM_sDateTime)
                  0000b340    00000100                     : hmmodbus.obj (.ebss:_HMMODBUS_anTxCheckSum)
                  0000b440    00000100                     : hmmodbus.obj (.ebss:_HMMODBUS_pCommBufferRx)
                  0000b540    00000100                     : hmmodbus.obj (.ebss:_HMMODBUS_pCommBufferTx)
                  0000b640    000000c8                     : csmon.obj (.ebss:_CSMON_asFileParameterDefinitionsFromAccessLevel)
                  0000b708    00000034                     : modbusreg.obj (.ebss)
                  0000b73c    00000004                     : csmon.obj (.ebss:_CSMON_au8FileRecorderStatusElementsSizeTable)
                  0000b740    000000c8                     : csmon.obj (.ebss:_CSMON_sFileParameterAccessList)
                  0000b808    0000002d                     : csmon.obj (.ebss:_CSMON_au8FileRecorderConfigElementsSizeTable)
                  0000b835    00000001                     : hmrec.obj (.ebss)
                  0000b836    0000000a                     : hmdrv.obj (.ebss)
                  0000b840    0000009e                     : csmon.obj (.ebss)
                  0000b8de    0000001c                     : csmon.obj (.ebss:_CSMON_au32FileParameterNumericFileRecordElementsSizeTable)
                  0000b8fa    00000006                     : hmprotocol.obj (.ebss)
                  0000b900    00000079                     : hmserial.obj (.ebss:_pcm_pCommBuffer)
                  0000b979    00000001                     : hmscope.obj (.ebss)
                  0000b97a    00000006                     : csmon.obj (.ebss:_CSMON_au32FileAutorization_FunctionAfterWriteFileRecord)
                  0000b980    00000062                     : hmrecparam.obj (.ebss:_sRecHandleParam)
                  0000b9e2    0000001c                     : hmrecparam.obj (.ebss:_sRecExternParam)
                  0000b9fe    00000002                     : hmrecparam.obj (.ebss)
                  0000ba00    00000058                     : hmrec.obj (.ebss:_sRecHandle)
                  0000ba58    00000014                     : csmon.obj (.ebss:_CSMON_au8FileRecorderDataElementsSizeTable)
                  0000ba6c    00000012                     : csmon.obj (.ebss:_CSMON_sFileAutorization)
                  0000ba7e    00000002                     : hmscopeparam.obj (.ebss)
                  0000ba80    00000056     main.obj (.ebss)
                  0000bad6    0000002a     CSMON_C28xx.lib : csmon.obj (.ebss:_CSMON_au8FileScopeConfigurationElementsSizeTable)
                  0000bb00    00000040                     : csmon.obj (.ebss:_sRecConfigParam)
                  0000bb40    0000003e                     : hmscope.obj (.ebss:_sScopeHandle)
                  0000bb7e    00000002                     : csmon.obj (.ebss:_CSMON_abFlagProcessPassed)
                  0000bb80    0000003e                     : hmscopeparam.obj (.ebss:_sScopeHandlePrm)
                  0000bbbe    00000002                     : hmrecparam.obj (.ebss:_MAIN_sDate)
                  0000bbc0    0000002a                     : csmon.obj (.ebss:_sScopeConfigParam)
                  0000bbea    00000010                     : csmon.obj (.ebss:_CSMON_sFileParameterCount)
                  0000bbfa    00000006                     : csmon.obj (.ebss:_CSMON_au32FileParameterDefinitionsFileRecordElementsRecordToRecordOffsetSizeBytesTable)
                  0000bc00    00000010                     : modbusreg.obj (.ebss:_MODBUSREG_au8DeviceIDMajorMinorRevision)
                  0000bc10    00000010                     : modbusreg.obj (.ebss:_MODBUSREG_au8DeviceIDModelName)
                  0000bc20    00000010                     : modbusreg.obj (.ebss:_MODBUSREG_au8DeviceIDProductCode)
                  0000bc30    00000010                     : modbusreg.obj (.ebss:_MODBUSREG_au8DeviceIDProductName)
                  0000bc40    00000010                     : modbusreg.obj (.ebss:_MODBUSREG_au8DeviceIDUserApplicationName)
                  0000bc50    00000010                     : modbusreg.obj (.ebss:_MODBUSREG_au8DeviceIDUserReserve0)
                  0000bc60    00000010                     : modbusreg.obj (.ebss:_MODBUSREG_au8DeviceIDUserReserve1)
                  0000bc70    00000010                     : modbusreg.obj (.ebss:_MODBUSREG_au8DeviceIDUserReserve2)
                  0000bc80    00000010                     : modbusreg.obj (.ebss:_MODBUSREG_au8DeviceIDVendorName)
                  0000bc90    00000010                     : modbusreg.obj (.ebss:_MODBUSREG_au8DeviceIDVendorUrl)
                  0000bca0    00000010                     : modbusreg.obj (.ebss:_MODBUSREG_au8ServerIDData)
                  0000bcb0    00000010     main.obj (.ebss:_au16UserStringConfiguration)
                  0000bcc0    00000010     main.obj (.ebss:_au8UserStringConfiguration)
[...]
0000bd11  global    _pcm_nRxCheckSum (.ebss)
0000bd10  global    _pcm_nRxTodo (.ebss)
0000bd0f  global    _pcm_nRxTodoEcho (.ebss)
0000bd0e  global    _pcm_nTxTodo (.ebss)
0000b900  global    _pcm_pCommBuffer (.ebss:_pcm_pCommBuffer)
0000bd16  global    _pcm_pRxBuff (.ebss)
0000bd14  global    _pcm_pTxBuff (.ebss)
0000be28  global    _pcm_wFlags (.ebss:_pcm_wFlags)
0000be29  global    _pcm_wFlagsRxTx (.ebss:_pcm_wFlagsRxTx)
0000bd12  global    _u8UartIndex (.ebss)


================================================================================

CSMON_C28xx.lib : Hash.obj

Run/Load            
Value     Binding   Name (Section)
--------  --------  ---------------
00000003  local     $C$L1 (.text:_InitPrimeInd)
000000e4  local     $C$L10 (.text:_Hash)
000000f7  local     $C$L11 (.text:_Hash)
000000fe  local     $C$L12 (.text:_Hash)
0000010e  local     $C$L13 (.text:_Hash)
00000110  local     $C$L14 (.text:_Hash)
00000111  local     $C$L15 (.text:_Hash)
00000119  local     $C$L16 (.text:_Hash)
0000011a  local     $C$L17 (.text:_Hash)
00000126  local     $C$L18 (.text:_Hash)
00000127  local     $C$L19 (.text:_Hash)
00000015  local     $C$L2 (.text:_Hash)
00000166  local     $C$L20 (.text:_Hash)
0000016d  local     $C$L21 (.text:_Hash)
00000172  local     $C$L22 (.text:_Hash)
00000180  local     $C$L23 (.text:_Hash)
0000001c  local     $C$L3 (.text:_Hash)
00000023  local     $C$L4 (.text:_Hash)
00000029  local     $C$L5 (.text:_Hash)
00000030  local     $C$L6 (.text:_Hash)
00000039  local     $C$L7 (.text:_Hash)
0000003d  local     $C$L8 (.text:_Hash)
00000045  local     $C$L9 (.text:_Hash)
00000000  local     .bss (.bss)
00000000  local     .data (.data)
00000000  local     .ebss:_primeIndArr (.ebss:_primeIndArr)
00000000  local     .econst:.string:_noPrime8 (.econst:.string:_noPrime8)
00000000  local     .econst:.string:_prime8 (.econst:.string:_prime8)
00000000  local     .text (.text)
00000000  local     .text:_Hash (.text:_Hash)
00000000  local     .text:_InitPrimeInd (.text:_InitPrimeInd)
00000000  global    _Hash (.text:_Hash)
00000000  local     _InitPrimeInd (.text:_InitPrimeInd)
00000000  local     _noPrime8 (.econst:.string:_noPrime8)
00000000  local     _prime8 (.econst:.string:_prime8)
00000000  global    _primeIndArr (.ebss:_primeIndArr)


================================================================================

CSMON_C28xx.lib : cputimer.obj

Run/Load            
Value     Binding   Name (Section)
--------  --------  ---------------
00000000  local     .bss (.bss)
00000000  local     .data (.data)
00000000  local     .text (.text)
003ed158  local     .text:_CPUTimer_setEmulationMode (.text:_CPUTimer_setEmulationMode)
003ed158  global    _CPUTimer_setEmulationMode (.text:_CPUTimer_setEmulationMode)


================================================================================

CSMON_C28xx.lib : gpio.obj

Run/Load            
Value     Binding   Name (Section)
--------  --------  ---------------
003eba1c  local     $C$L1 (.text:_GPIO_setPinConfigOutput)
003eba21  local     $C$L2 (.text:_GPIO_setPinConfigOutput)
003eba23  local     $C$L3 (.text:_GPIO_setPinConfigOutput)
003eba39  local     $C$L4 (.text:_GPIO_setPinConfigOutput)
003eba54  local     $C$L5 (.text:_GPIO_setPinConfigOutput)
003eba55  local     $C$L6 (.text:_GPIO_setPinConfigOutput)
003eba56  local     $C$L7 (.text:_GPIO_setPinConfigOutput)
00000000  local     .bss (.bss)
00000000  local     .data (.data)
00000000  local     .text (.text)
003eb9fe  local     .text:_GPIO_setPinConfigOutput (.text:_GPIO_setPinConfigOutput)
003eb9fe  global    _GPIO_setPinConfigOutput (.text:_GPIO_setPinConfigOutput)


================================================================================

CSMON_C28xx.lib : sci.obj

Run/Load            
Value     Binding   Name (Section)
--------  --------  ---------------
0000000a  local     $C$L1 (.text:_SCI_writeCharArray)
00000006  local     $C$L10 (.text:_SCI_getInterruptStatus)
00000009  local     $C$L11 (.text:_SCI_getInterruptStatus)
0000000d  local     $C$L12 (.text:_SCI_getInterruptStatus)
0000000e  local     $C$L13 (.text:_SCI_getInterruptStatus)
00000012  local     $C$L14 (.text:_SCI_getInterruptStatus)
00000016  local     $C$L15 (.text:_SCI_getInterruptStatus)
00000019  local     $C$L16 (.text:_SCI_getInterruptStatus)
0000001c  local     $C$L17 (.text:_SCI_getInterruptStatus)
0000001f  local     $C$L18 (.text:_SCI_getInterruptStatus)
003eca3c  local     $C$L19 (.text:_SCI_enableInterrupt)
00000012  local     $C$L2 (.text:_SCI_writeCharArray)
003eca40  local     $C$L20 (.text:_SCI_enableInterrupt)
003eca44  local     $C$L21 (.text:_SCI_enableInterrupt)
003eca4a  local     $C$L22 (.text:_SCI_enableInterrupt)
003eca4f  local     $C$L23 (.text:_SCI_enableInterrupt)
003eca22  local     $C$L24 (.text:_SCI_disableInterrupt)
003eca26  local     $C$L25 (.text:_SCI_disableInterrupt)
003eca2a  local     $C$L26 (.text:_SCI_disableInterrupt)
003eca30  local     $C$L27 (.text:_SCI_disableInterrupt)
003eca35  local     $C$L28 (.text:_SCI_disableInterrupt)
003ec96c  local     $C$L29 (.text:_SCI_clearInterruptStatus)
00000016  local     $C$L3 (.text:_SCI_writeCharArray)
003ec970  local     $C$L30 (.text:_SCI_clearInterruptStatus)
003ec976  local     $C$L31 (.text:_SCI_clearInterruptStatus)
003ec97b  local     $C$L32 (.text:_SCI_clearInterruptStatus)
00000021  local     $C$L4 (.text:_SCI_writeCharArray)
0000000a  local     $C$L5 (.text:_SCI_readCharArray)
00000012  local     $C$L6 (.text:_SCI_readCharArray)
00000015  local     $C$L7 (.text:_SCI_readCharArray)
0000001f  local     $C$L8 (.text:_SCI_readCharArray)
00000005  local     $C$L9 (.text:_SCI_getInterruptStatus)
00000000  local     .bss (.bss)
00000000  local     .data (.data)
00000000  local     .text (.text)
003ec960  local     .text:_SCI_clearInterruptStatus (.text:_SCI_clearInterruptStatus)
003eca1c  local     .text:_SCI_disableInterrupt (.text:_SCI_disableInterrupt)
003eca36  local     .text:_SCI_enableInterrupt (.text:_SCI_enableInterrupt)
00000000  local     .text:_SCI_getInterruptStatus (.text:_SCI_getInterruptStatus)
00000000  local     .text:_SCI_readCharArray (.text:_SCI_readCharArray)
00000000  local     .text:_SCI_setConfig (.text:_SCI_setConfig)
00000000  local     .text:_SCI_writeCharArray (.text:_SCI_writeCharArray)
003ec960  global    _SCI_clearInterruptStatus (.text:_SCI_clearInterruptStatus)
003eca1c  global    _SCI_disableInterrupt (.text:_SCI_disableInterrupt)
003eca36  global    _SCI_enableInterrupt (.text:_SCI_enableInterrupt)
00000000  global    _SCI_getInterruptStatus (.text:_SCI_getInterruptStatus)
00000000  global    _SCI_readCharArray (.text:_SCI_readCharArray)
00000000  global    _SCI_setConfig (.text:_SCI_setConfig)
00000000  global    _SCI_writeCharArray (.text:_SCI_writeCharArray)


================================================================================

CSMON_C28xx.lib : sci_drv.obj

Run/Load            
Value     Binding   Name (Section)
--------  --------  ---------------
00000013  local     $C$L1 (.text:_SCI_vErrorResetProcess)
0000002b  local     $C$L2 (.text:_SCI_vErrorResetProcess)
00000000  local     .bss (.bss)
00000000  local     .data (.data)
00000000  local     .ebss:_SCI_ErrorRx (.ebss:_SCI_ErrorRx)
00000000  local     .text (.text)
003ec616  local     .text:_SCIA_RXFIFOISR (.text:_SCIA_RXFIFOISR)
003ec63a  local     .text:_SCIA_TXFIFOISR (.text:_SCIA_TXFIFOISR)
003ec65e  local     .text:_SCIB_RXFIFOISR (.text:_SCIB_RXFIFOISR)
003ec682  local     .text:_SCIB_TXFIFOISR (.text:_SCIB_TXFIFOISR)
003ecf5d  local     .text:_SCI_eGetModuleIndexFromBase (.text:_SCI_eGetModuleIndexFromBase)
003ed151  local     .text:_SCI_u32GetBaseFromModuleIndex (.text:_SCI_u32GetBaseFromModuleIndex)
00000000  local     .text:_SCI_vErrorResetProcess (.text:_SCI_vErrorResetProcess)
00000000  local     .text:_SCI_vInitFIFO (.text:_SCI_vInitFIFO)
00000000  local     .text:_SCI_vInitFIFORegisters (.text:_SCI_vInitFIFORegisters)
003ec616  global    _SCIA_RXFIFOISR (.text:_SCIA_RXFIFOISR)
003ec63a  global    _SCIA_TXFIFOISR (.text:_SCIA_TXFIFOISR)
003ec65e  global    _SCIB_RXFIFOISR (.text:_SCIB_RXFIFOISR)
003ec682  global    _SCIB_TXFIFOISR (.text:_SCIB_TXFIFOISR)
00000000  global    _SCI_ErrorRx (.ebss:_SCI_ErrorRx)
003ecf5d  global    _SCI_eGetModuleIndexFromBase (.text:_SCI_eGetModuleIndexFromBase)
003ed151  global    _SCI_u32GetBaseFromModuleIndex (.text:_SCI_u32GetBaseFromModuleIndex)
00000000  global    _SCI_vErrorResetProcess (.text:_SCI_vErrorResetProcess)
00000000  global    _SCI_vInitFIFO (.text:_SCI_vInitFIFO)
00000000  global    _SCI_vInitFIFORegisters (.text:_SCI_vInitFIFORegisters)


================================================================================

rts2800_ml.lib : boot28.asm.obj

Run/Load            
Value     Binding   Name (Section)
--------  --------  ---------------
00000000  local     .bss (.bss)
00000000  local     .data (.data)
003fffc0  local     .reset (.reset)
00000050  local     .stack (.stack)
003ebc68  local     .text (.text)
003ebcb8  local     BYPASS_AUTO_INIT (.text)
003ebcb8  local     DONE_INIT (.text)
003ebc98  local     DO_BINIT (.text)
003ebca2  local     DO_PINIT (.text)
003ebc94  local     GET_ADDR (.text)
003ebc89  local     GET_DATA (.text)
003ebc82  local     LOOP (.text)
003ebcae  local     LOOP_PINIT (.text)
003ebc90  local     START (.text)
003ebcb3  local     START_PINIT (.text)
00000050  global    __stack (.stack)
003ebc68  global    _c_int00 (.text)


================================================================================

rts2800_ml.lib : epilog28.asm.obj

Run/Load            
Value     Binding   Name (Section)
--------  --------  ---------------
00000000  local     .bss (.bss)
00000000  local     .data (.data)
003ecf25  local     .text (.text)
003ecf25  global    _epilog_c28x_1 (.text)
003ecf29  global    _epilog_c28x_2 (.text)


================================================================================

rts2800_ml.lib : fs_cmp28.asm.obj

Run/Load            
Value     Binding   Name (Section)
--------  --------  ---------------
00000000  local     .bss (.bss)
00000000  local     .data (.data)
003ecba2  local     .text (.text)
003ecbab  local     CHECK_SIGNS (.text)
003ecbb8  local     DONE (.text)
003ecba2  global    FS$$CMP (.text)
003ecba8  local     OP1_GT_OP2 (.text)
003ecbaf  local     OP1_NONNEG (.text)
003ecbb2  local     OP2_NONNEG (.text)
003ecbaa  local     OPS_EQ (.text)


================================================================================

rts2800_ml.lib : fs_div28.asm.obj

Run/Load            
Value     Binding   Name (Section)
--------  --------  ---------------
00000000  local     .bss (.bss)
00000000  local     .data (.data)
003eb55f  local     .text (.text)
003eb55f  global    FS$$DIV (.text)
003eb5c0  local     OP1_ZERO (.text)
003eb5d5  local     OP2_ZERO (.text)
003eb5c6  local     OVERFLOW (.text)
003eb5c0  local     RETURN_VALUE (.text)
003eb5d2  local     UNDERFLOW (.text)


================================================================================

rts2800_ml.lib : fs_mpy28.asm.obj

Run/Load            
Value     Binding   Name (Section)
--------  --------  ---------------
00000000  local     .bss (.bss)
00000000  local     .data (.data)
003eba58  local     .text (.text)
003eba58  global    FS$$MPY (.text)
003eba94  local     NORMALIZED (.text)
003ebaa4  local     OP_ZERO (.text)
003ebaaa  local     OVERFLOW (.text)
003ebaa4  local     RETURN_VALUE (.text)
003ebaaf  local     UNDERFLOW (.text)


================================================================================

rts2800_ml.lib : fs_tou28.asm.obj

Run/Load            
Value     Binding   Name (Section)
--------  --------  ---------------
00000000  local     .bss (.bss)
00000000  local     .data (.data)
003ec8ee  local     .text (.text)
003ec8ee  global    FS$$TOU (.text)
003ec906  local     NEGATIVE (.text)
003ec908  local     OVERFLOW (.text)
003ec905  local     RETURN (.text)
003ec906  local     UNDERFLOW (.text)
003ec905  local     ZERO (.text)


================================================================================

rts2800_ml.lib : fs_toul28.asm.obj

Run/Load            
Value     Binding   Name (Section)
--------  --------  ---------------
00000000  local     .bss (.bss)
00000000  local     .data (.data)
003ec799  local     .text (.text)
003ec799  global    FS$$TOUL (.text)
003ec7b7  local     NEGATIVE (.text)
003ec7b2  local     OVERFLOW (.text)
003ec7b1  local     RETURN (.text)
003ec7b0  local     RETURN1 (.text)
003ec7b7  local     UNDERFLOW (.text)


================================================================================

rts2800_ml.lib : ll_div28.asm.obj

Run/Load            
Value     Binding   Name (Section)
--------  --------  ---------------
003ea502  local     $10 (.text)
003ea50e  local     $15 (.text)
003ea543  local     $20 (.text)
003ea53d  local     $25 (.text)
003ea549  local     $30 (.text)
003ea577  local     $35 (.text)
003ea5a6  local     $40 (.text)
003ea508  local     $5_$2 (.text)
00000000  local     .bss (.bss)
00000000  local     .data (.data)
003ea4f4  local     .text (.text)
003ea518  local     CHECK_SIGN1 (.text)
003ea553  local     CHECK_SIGN2 (.text)
003ea58b  local     DGT3 (.text)
003ea58d  local     DIVUDenHighZero (.text)
003ea522  local     EQ0 (.text)
003ea51d  local     EQ1 (.text)
003ea55b  local     EQ2 (.text)
003ea586  local     EQ3 (.text)
003ea5b7  local     EQ4 (.text)
003ea4f4  global    LL$$DIV (.text)
003ea530  global    LL$$MOD (.text)
003ea5d6  local     LOOP (.text)
003ea5c5  local     MAINDIV (.text)
003ea5e4  local     MD_NEQ (.text)
003ea5b9  local     MODUDenHighZero (.text)
003ea51b  local     RET1 (.text)
003ea556  local     RET2 (.text)
003ea584  local     RET3 (.text)
003ea5b3  local     RET4 (.text)
003ea558  local     RET_NUM1 (.text)
003ea5b5  local     RET_NUM2 (.text)
003ea524  local     SDIVUDenHighZero (.text)
003ea5ee  local     SKIP (.text)
003ea5f0  local     SKIP1 (.text)
003ea55e  local     SMODUDenHighZero (.text)
003ea56a  global    ULL$$DIV (.text)
003ea599  global    ULL$$MOD (.text)


================================================================================

rts2800_ml.lib : u_div28.asm.obj

Run/Load            
Value     Binding   Name (Section)
--------  --------  ---------------
00000000  local     .bss (.bss)
00000000  local     .data (.data)
003ecf94  local     .text (.text)
003ecf94  global    U$$DIV (.text)
003ecf99  global    U$$MOD (.text)


================================================================================

rts2800_ml.lib : u_tofs28.asm.obj

Run/Load            
Value     Binding   Name (Section)
--------  --------  ---------------
00000000  local     .bss (.bss)
00000000  local     .data (.data)
003ecda8  local     .text (.text)
003ecdb7  local     RESTORE (.text)
003ecda8  global    U$$TOFS (.text)
003ecdb7  local     ZERO (.text)


================================================================================

rts2800_ml.lib : l_tofs28.asm.obj

Run/Load            
Value     Binding   Name (Section)
--------  --------  ---------------
00000000  local     .bss (.bss)
00000000  local     .data (.data)
003eca50  local     .text (.text)
003eca50  global    L$$TOFS (.text)
003eca66  local     OVERFLOW (.text)
003eca65  local     RETURN (.text)
003eca65  local     ZERO (.text)


================================================================================

rts2800_ml.lib : ul_tofs28.asm.obj

Run/Load            
Value     Binding   Name (Section)
--------  --------  ---------------
00000000  local     .bss (.bss)
00000000  local     .data (.data)
003ecc71  local     .text (.text)
003ecc79  local     LEFT_SHIFT (.text)
003ecc7b  local     PACK (.text)
003ecc83  local     RETURN (.text)
003ecc71  global    UL$$TOFS (.text)
003ecc83  local     ZERO (.text)


================================================================================

rts2800_ml.lib : prolog28.asm.obj

Run/Load            
Value     Binding   Name (Section)
--------  --------  ---------------
00000000  local     .bss (.bss)
00000000  local     .data (.data)
003ecace  local     .text (.text)
003ecace  global    _prolog_c28x_1 (.text)
003ecad2  global    _prolog_c28x_2 (.text)
003ecada  global    _prolog_c28x_3 (.text)


================================================================================

rts2800_ml.lib : cpy_tbl.c.obj

Run/Load            
Value     Binding   Name (Section)
--------  --------  ---------------
003ec6d2  local     $C$L1 (.text)
003ec6e5  local     $C$L2 (.text)
003ec6e6  local     $C$L3 (.text)
00000000  local     .bss (.bss)
00000000  local     .data (.data)
003ec6ca  local     .text (.text)
003ec6ca  global    _copy_in (.text)


================================================================================

rts2800_ml.lib : memcpy.c.obj

Run/Load            
Value     Binding   Name (Section)
--------  --------  ---------------
003ec911  local     $C$L1 (.text)
003ec915  local     $C$L2 (.text)
003ec91c  local     $C$L3 (.text)
003ec91e  local     $C$L4 (.text)
003ec926  local     $C$L5 (.text)
00000000  local     .bss (.bss)
00000000  local     .data (.data)
003ec90b  local     .text (.text)
003ec90b  global    _memcpy (.text)


================================================================================

rts2800_ml.lib : pre_init.c.obj

Run/Load            
Value     Binding   Name (Section)
--------  --------  ---------------
00000000  local     .bss (.bss)
00000000  local     .data (.data)
003ed4c9  local     .text (.text)
003ed4c9  global    __system_pre_init (.text)


================================================================================

rts2800_ml.lib : startup.c.obj

Run/Load            
Value     Binding   Name (Section)
--------  --------  ---------------
00000000  local     .bss (.bss)
00000000  local     .data (.data)
003ed4cc  local     .text (.text)
003ed4cc  global    __system_post_cinit (.text)


================================================================================

rts2800_ml.lib : exit.c.obj

Run/Load            
Value     Binding   Name (Section)
--------  --------  ---------------
003ec49b  local     $C$L1 (.text)
003ec4ae  local     $C$L2 (.text)
003ec4b9  local     $C$L3 (.text)
003ec4bf  local     $C$L4 (.text)
00000000  local     .bss (.bss)
003edb10  local     .cinit (.cinit)
00000000  local     .data (.data)
0000bde0  local     .ebss (.ebss)
003ec49a  local     .text (.text)
003ec49a  global    C$$EXIT (.text)
0000bde2  global    ___TI_cleanup_ptr (.ebss)
0000bde4  global    ___TI_dtors_ptr (.ebss)
0000bde0  global    ___TI_enable_exit_profile_output (.ebss)
003ec49a  global    _abort (.text)
003ec49c  global    _exit (.text)


================================================================================

rts2800_ml.lib : _lock.c.obj

Run/Load            
Value     Binding   Name (Section)
--------  --------  ---------------
00000000  local     .bss (.bss)
003edc68  local     .cinit:__lock (.cinit:__lock)
003edc6d  local     .cinit:__unlock (.cinit:__unlock)
00000000  local     .data (.data)
0000bd3e  local     .ebss:__lock (.ebss:__lock)
0000bdfe  local     .ebss:__unlock (.ebss:__unlock)
003ed04e  local     .text (.text)
0000bd3e  global    __lock (.ebss:__lock)
003ed056  global    __nop (.text)
003ed052  global    __register_lock (.text)
003ed04e  global    __register_unlock (.text)
0000bdfe  global    __unlock (.ebss:__unlock)


================================================================================

rts2800_ml.lib : args_main.c.obj

Run/Load            
Value     Binding   Name (Section)
--------  --------  ---------------
003ecd52  local     $C$L1 (.text)
003ecd55  local     $C$L2 (.text)
00000000  local     .bss (.bss)
00000000  local     .data (.data)
003ecd47  local     .text (.text)
003ecd47  global    __args_main (.text)


================================================================================

