******************************************************************************
             TMS320C2000 Linker PC v22.6.0                     
******************************************************************************
>> Linked Tue Jan 24 15:10:20 2023

OUTPUT FILE NAME:   <../../../04_Output_Files/TestBoard28069/EXAMPLE_CSMON_C2806x.out>
ENTRY POINT SYMBOL: "_c_int00"  address: 003ebcc3


MEMORY CONFIGURATION

         name            origin    length      used     unused   attr    fill
----------------------  --------  ---------  --------  --------  ----  --------
PAGE 0:
  RAML0                 00008000   00000800  00000029  000007d7  RWIX
  RAML1                 00008800   00000400  00000000  00000400  RWIX
  OTP                   003d7800   00000400  00000000  00000400  RWIX
  FLASH_APP             003e8000   0000dff0  0000786c  00006784  RWIX
  CSM_RSVD              003f7f80   00000076  00000076  00000000  RWIX
  BEGIN                 003f7ff6   00000002  00000002  00000000  RWIX
  CSM_PWL_P0            003f7ff8   00000008  00000008  00000000  RWIX
  FPUTABLES             003fd590   000006a0  00000000  000006a0  RWIX
  IQTABLES              003fdf00   00000b50  00000000  00000b50  RWIX
  IQTABLES2             003fea50   0000008c  00000000  0000008c  RWIX
  IQTABLES3             003feadc   000000aa  00000000  000000aa  RWIX
  ROM                   003ff3b0   00000c10  00000000  00000c10  RWIX
  RESET                 003fffc0   00000002  00000000  00000002  RWIX
  VECTORS               003fffc2   0000003e  00000000  0000003e  RWIX

PAGE 1:
  BOOT_RSVD             00000000   00000050  00000000  00000050  RWIX
  RAMM0                 00000050   000003b0  00000380  00000030  RWIX
  RAMM1                 00000400   00000400  00000000  00000400  RWIX
  DEV_EMU               00000880   00000105  00000004  00000101  RWIX
  SYS_PWR_CTL           00000985   00000003  00000003  00000000  RWIX
  FLASH_REGS            00000a80   00000060  00000008  00000058  RWIX
  CSM                   00000ae0   00000020  00000010  00000010  RWIX
  ADC_RESULT            00000b00   00000020  00000010  00000010  RWIX
  CPU_TIMER0            00000c00   00000008  00000008  00000000  RWIX
  CPU_TIMER1            00000c08   00000008  00000008  00000000  RWIX
  CPU_TIMER2            00000c10   00000008  00000008  00000000  RWIX
  PIE_CTRL              00000ce0   00000020  0000001a  00000006  RWIX
  PIE_VECT              00000d00   00000100  00000100  00000000  RWIX
  DMA                   00001000   00000200  000000e0  00000120  RWIX
  CLA1                  00001400   00000080  00000040  00000040  RWIX
  USB0                  00004000   00001000  00000454  00000bac  RWIX
  McBSPA                00005000   00000040  00000024  0000001c  RWIX
  ECANA                 00006000   00000040  00000034  0000000c  RWIX
  ECANA_LAM             00006040   00000040  00000040  00000000  RWIX
  ECANA_MOTS            00006080   00000040  00000040  00000000  RWIX
  ECANA_MOTO            000060c0   00000040  00000040  00000000  RWIX
  ECANA_MBOX            00006100   00000100  00000100  00000000  RWIX
  COMP1                 00006400   00000020  00000014  0000000c  RWIX
  COMP2                 00006420   00000020  00000014  0000000c  RWIX
  COMP3                 00006440   00000020  00000014  0000000c  RWIX
  EPWM1                 00006800   00000040  00000040  00000000  RWIX
  EPWM2                 00006840   00000040  00000040  00000000  RWIX
  EPWM3                 00006880   00000040  00000040  00000000  RWIX
  EPWM4                 000068c0   00000040  00000040  00000000  RWIX
  EPWM5                 00006900   00000040  00000040  00000000  RWIX
  EPWM6                 00006940   00000040  00000040  00000000  RWIX
  EPWM7                 00006980   00000040  00000040  00000000  RWIX
  EPWM8                 000069c0   00000040  00000040  00000000  RWIX
  ECAP1                 00006a00   00000020  00000020  00000000  RWIX
  ECAP2                 00006a20   00000020  00000020  00000000  RWIX
  ECAP3                 00006a40   00000020  00000020  00000000  RWIX
  HRCAP1                00006ac0   00000020  00000020  00000000  RWIX
  HRCAP2                00006ae0   00000020  00000020  00000000  RWIX
  EQEP1                 00006b00   00000040  00000022  0000001e  RWIX
  EQEP2                 00006b40   00000040  00000022  0000001e  RWIX
  HRCAP3                00006c80   00000020  00000020  00000000  RWIX
  HRCAP4                00006ca0   00000020  00000020  00000000  RWIX
  GPIOCTRL              00006f80   00000040  00000040  00000000  RWIX
  GPIODAT               00006fc0   00000020  00000020  00000000  RWIX
  GPIOINT               00006fe0   00000020  00000020  00000000  RWIX
  SYSTEM                00007010   00000030  00000030  00000000  RWIX
  SPIA                  00007040   00000010  00000010  00000000  RWIX
  SCIA                  00007050   00000010  00000010  00000000  RWIX
  NMIINTRUPT            00007060   00000010  00000010  00000000  RWIX
  XINTRUPT              00007070   00000010  00000010  00000000  RWIX
  ADC                   00007100   00000080  00000050  00000030  RWIX
  SPIB                  00007740   00000010  00000010  00000000  RWIX
  SCIB                  00007750   00000010  00000010  00000000  RWIX
  I2CA                  00007900   00000040  00000022  0000001e  RWIX
  RAML2                 00008c00   00000400  00000400  00000000  RWIX
  RAML34                00009000   00003000  00002dc6  0000023a  RWIX
  RAML5                 0000c000   00002000  00000000  00002000  RWIX
  RAML6                 0000e000   00002000  00000000  00002000  RWIX
  RAML7                 00010000   00002000  00000000  00002000  RWIX
  RAML8                 00012000   00002000  00000000  00002000  RWIX
  USB_RAM               00040000   00000800  00000000  00000800  RWIX
  PARTID                003d7e80   00000001  00000001  00000000  RWIX
  CSM_PWL               003f7ff8   00000008  00000008  00000000  RWIX


SECTION ALLOCATION MAP

 output                                  attributes/
section   page    origin      length       input sections
--------  ----  ----------  ----------   ----------------
.cinit     0    003ef162    0000070b     
                  003ef162    00000216     CSMON_C28xx.lib : hmmodbus.obj (.cinit)
                  003ef378    00000105                     : csmon.obj (.cinit)
                  003ef47d    0000009c                     : modbusreg.obj (.cinit)
                  003ef519    0000006b     main.obj (.cinit)
                  003ef584    00000030     CSMON_C28xx.lib : csmon.obj (.cinit:_CSMON_au8FileRecorderConfigElementsSizeTable)
                  003ef5b4    0000002b                     : csmon.obj (.cinit:_CSMON_au8FileScopeConfigurationElementsSizeTable)
                  003ef5df    00000017                     : csmon.obj (.cinit:_CSMON_au8FileRecorderDataElementsSizeTable)
                  003ef5f6    00000015                     : csmon.obj (.cinit:_CSMON_sFileAutorization)
                  003ef60b    00000014                     : hmdrv.obj (.cinit)
                  003ef61f    00000014                     : hmprotocol.obj (.cinit)
                  003ef633    00000013                     : modbusreg.obj (.cinit:_MODBUSREG_au8DeviceIDUserApplicationName)
                  003ef646    00000013                     : modbusreg.obj (.cinit:_MODBUSREG_au8DeviceIDVendorUrl)
                  003ef659    00000013                     : modbusreg.obj (.cinit:_MODBUSREG_au8ServerIDData)
                  003ef66c    00000013                     : hmrecparam.obj (.cinit:_sRecStatusParam)
                  003ef67f    0000000f                     : csmon.obj (.cinit:_CSMON_sDateTime)
                  003ef68e    0000000f                     : csmon.obj (.cinit:_CSMON_sDateTimeApplication)
                  003ef69d    0000000f                     : csmon.obj (.cinit:_CSMON_sDateTimeDefault)
                  003ef6ac    0000000f                     : modbusreg.obj (.cinit:_MODBUSREG_au8DeviceIDModelName)
                  003ef6bb    0000000f     device.obj (.cinit)
                  003ef6ca    0000000e     rts2800_ml.lib : exit.c.obj (.cinit)
                  003ef6d8    0000000d     CSMON_C28xx.lib : tmr_drv.obj (.cinit)
                  003ef6e5    0000000d                     : csmon.obj (.cinit:_CSMON_au8FileParameterCountElementsSizeTable)
                  003ef6f2    0000000d                     : csmon.obj (.cinit:_CSMON_au8FileRTCElementsSizeTable)
                  003ef6ff    0000000d                     : csmon.obj (.cinit:_sHashKey)
                  003ef70c    0000000c                     : modbusreg.obj (.cinit:_MODBUSREG_au8DeviceIDProductName)
                  003ef718    0000000c                     : modbusreg.obj (.cinit:_MODBUSREG_au8DeviceIDUserReserve0)
                  003ef724    0000000c                     : modbusreg.obj (.cinit:_MODBUSREG_au8DeviceIDUserReserve1)
                  003ef730    0000000c                     : modbusreg.obj (.cinit:_MODBUSREG_au8DeviceIDUserReserve2)
                  003ef73c    0000000c                     : modbusreg.obj (.cinit:_MODBUSREG_au8DeviceIDVendorName)
                  003ef748    0000000b     main.obj (.cinit:_MAIN_sDateTimeGet)
                  003ef753    0000000b     main.obj (.cinit:_MAIN_sDateTimeSet)
                  003ef75e    0000000b     CSMON_C28xx.lib : uart_drv.obj (.cinit:_UART_RXIntOverflowCounter)
                  003ef769    0000000b                     : tmr_drv.obj (.cinit:_pfDelayedFunction)
                  003ef774    0000000b                     : tmr_drv.obj (.cinit:_pfDelayedFunction_u8)
                  003ef77f    0000000b                     : hmrecparam.obj (.cinit:_sRecStatusParamInternal)
                  003ef78a    0000000b                     : uart_drv.obj (.cinit:_u32TimeDiffLast)
                  003ef795    0000000b                     : uart_drv.obj (.cinit:_u32TimeDiffNow)
                  003ef7a0    0000000b                     : uart_drv.obj (.cinit:_u32TimeDiffRead)
                  003ef7ab    00000009                     : hmserial.obj (.cinit)
                  003ef7b4    00000009                     : csmon.obj (.cinit:_CSMON_au32FileAutorization_FunctionAfterWriteFileRecord)
                  003ef7bd    00000009                     : csmon.obj (.cinit:_CSMON_sFileParameterCount)
                  003ef7c6    00000008                     : hmlib.obj (.cinit)
                  003ef7ce    00000007                     : csmon.obj (.cinit:_CSMON_au8FileRecorderStatusElementsSizeTable)
                  003ef7d5    00000007                     : modbusreg.obj (.cinit:_MODBUSREG_au8DeviceIDMajorMinorRevision)
                  003ef7dc    00000007                     : modbusreg.obj (.cinit:_MODBUSREG_au8DeviceIDProductCode)
                  003ef7e3    00000007                     : uart_drv.obj (.cinit:_UARTRxBufferRDCount)
                  003ef7ea    00000007                     : uart_drv.obj (.cinit:_UARTRxBufferRDIndex)
                  003ef7f1    00000007                     : uart_drv.obj (.cinit:_UARTRxBufferWRCount)
                  003ef7f8    00000007                     : uart_drv.obj (.cinit:_UARTRxBufferWRIndex)
                  003ef7ff    00000006                     : csmon.obj (.cinit:_CSMON_abFileAutorization_RecordReadOnly)
                  003ef805    00000006                     : csmon.obj (.cinit:_CSMON_abFileAutorization_RecordStringData)
                  003ef80b    00000006                     : csmon.obj (.cinit:_CSMON_au16FileAutorization_RecordOffsets)
                  003ef811    00000006                     : csmon.obj (.cinit:_CSMON_sFileProtocolVersion)
                  003ef817    00000005     rts2800_ml.lib : _lock.c.obj (.cinit:__lock)
                  003ef81c    00000005                    : _lock.c.obj (.cinit:__unlock)
                  003ef821    00000005     CSMON_C28xx.lib : hmscopeparam.obj (.cinit:_pBufferScope)
                  003ef826    00000005                     : csmon.obj (.cinit:_sFileParameterNumericOffsetDefault)
                  003ef82b    00000004                     : hmscopeparam.obj (.cinit)
                  003ef82f    00000004                     : uart_drv.obj (.cinit)
                  003ef833    00000004                     : csmon.obj (.cinit:_CSMON_au8FileParameterListElementsSizeTablePart1_1)
                  003ef837    00000004                     : csmon.obj (.cinit:_CSMON_au8FileParameterListElementsSizeTablePart1_2)
                  003ef83b    00000004                     : csmon.obj (.cinit:_CSMON_au8FileParameterListElementsSizeTablePart1_3)
                  003ef83f    00000004                     : csmon.obj (.cinit:_CSMON_au8FileParameterListElementsSizeTablePart1_4)
                  003ef843    00000004                     : csmon.obj (.cinit:_CSMON_au8FileParameterListElementsSizeTablePart2)
                  003ef847    00000004                     : csmon.obj (.cinit:_CSMON_au8FileParameterListElementsSizeTablePart3)
                  003ef84b    00000004                     : csmon.obj (.cinit:_CSMON_au8FileParameterNumbElementsSizeTablePart16Bits)
                  003ef84f    00000004                     : csmon.obj (.cinit:_CSMON_au8FileParameterNumbElementsSizeTablePart32Bits)
                  003ef853    00000004                     : csmon.obj (.cinit:_CSMON_au8FileRecorderDataElementsSizeTableUsedLength)
                  003ef857    00000004                     : csmon.obj (.cinit:_CSMON_au8FileScopeStatusElementsSizeTable)
                  003ef85b    00000004                     : csmon.obj (.cinit:_CSMON_sFileParameterAccessList)
                  003ef85f    00000004                     : hmmodbus.obj (.cinit:_HMMODBUS_u32RegisterAddressDummyuSize)
                  003ef863    00000004                     : modbusreg.obj (.cinit:_MODBUSREG_asFileTable)
                  003ef867    00000004                     : csmon.obj (.cinit:_sFileParameterNumericVisualTypeDefault)
                  003ef86b    00000002     --HOLE-- [fill = 0]

.pinit     0    003e8000    00000000     UNINITIALIZED

.text      0    003e8000    000054a4     
                  003e8000    000008b8     CSMON_C28xx.lib : hmmodbus.obj (.text:_HMMODBUS_ReadFileRecord)
                  003e88b8    00000893                     : hmmodbus.obj (.text:_HMMODBUS_bDecoder_OPT)
                  003e914b    0000077b                     : modbusreg.obj (.text:_MODBUSREG_AddressTablesInit)
                  003e98c6    00000687                     : hmmodbus.obj (.text:_HMMODBUS_WriteFileRecord)
                  003e9f4d    0000017f                     : csmon.obj (.text:_CSMON_eSetUpRecParam)
                  003ea0cc    0000016a                     : csmon.obj (.text:_CSMON_eProcess)
                  003ea236    00000161     main.obj (.text:_main)
                  003ea397    00000146     CSMON_C28xx.lib : hmmodbus.obj (.text:_HMMODBUS_Rx)
                  003ea4dd    0000011b                     : hmmodbus.obj (.text:_HMMODBUS_vSetFreeRunTimerPrescaller)
                  003ea5f8    00000107     rts2800_ml.lib : ll_div28.asm.obj (.text)
                  003ea6ff    000000f1     CSMON_C28xx.lib : csmon.obj (.text:_CSMON_vFileRecoderStatusFix)
                  003ea7f0    000000ef                     : hmmodbus.obj (.text:_HMMODBUS_WriteHoldingRegister)
                  003ea8df    000000e9                     : hmmodbus.obj (.text:_HMMODBUS_ReadHoldingRegister)
                  003ea9c8    000000e9                     : hmprotocol.obj (.text:_HMPROTOCOL_bDecoder)
                  003eaab1    000000d6                     : csmon.obj (.text:_CSMON_vSetupHoldingRegistersAndCoilsAddressTableFromCSMONParameterList)
                  003eab87    000000c6                     : csmon.obj (.text:_CSMON_vInitParameterListRealAddressRecordTables)
                  003eac4d    000000c2                     : hmdrv.obj (.text:_HMDRV_vInit)
                  003ead0f    000000bc                     : csmon.obj (.text:_CSMON_vPrepareFileParameterAccessList)
                  003eadcb    000000bc                     : hmrecparam.obj (.text:_HMRECPRM_SetUpRec)
                  003eae87    000000ba                     : csmon.obj (.text:_CSMON_eInit)
                  003eaf41    000000b8                     : hmrec.obj (.text:_HMREC_SetUpRec)
                  003eaff9    000000aa                     : hmdrv.obj (.text:_HMDRV_CopyFromBufferInternalModbusBitField)
                  003eb0a3    000000a3                     : tmr_drv.obj (.text:_TMR2_ISR)
                  003eb146    0000009d                     : hmmodbus.obj (.text:_HMMODBUS_GetRealRegisterAddressAndSize)
                  003eb1e3    0000009c     rts2800_ml.lib : fd_add28.asm.obj (.text)
                  003eb27f    00000099     main.obj (.text:_RecordersInitialization)
                  003eb318    00000093     main.obj (.text:_ParameterInitialization)
                  003eb3ab    00000092     CSMON_C28xx.lib : hmdrv.obj (.text:_HMDRV_CopyMemory)
                  003eb43d    00000092                     : hmdrv.obj (.text:_HMDRV_CopyToBufferInternalModbus)
                  003eb4cf    00000090                     : csmon.obj (.text:_CSMON_vSetDateTimeAutorization)
                  003eb55f    0000008b     rts2800_ml.lib : fd_div28.asm.obj (.text)
                  003eb5ea    00000083     CSMON_C28xx.lib : hmdrv.obj (.text:_HMDRV_CopyFromBufferInternalModbus)
                  003eb66d    00000083     rts2800_ml.lib : fd_mpy28.asm.obj (.text)
                  003eb6f0    00000083                    : fs_div28.asm.obj (.text)
                  003eb773    0000007f     CSMON_C28xx.lib : hmserial.obj (.text:_HMSERIAL_vProcessSCI)
                  003eb7f2    0000006a                     : hmserial.obj (.text:_HMSERIAL_Rx)
                  003eb85c    00000068                     : hmmodbus.obj (.text:_HMMODBUS_vProcessSCI)
                  003eb8c4    00000068                     : hmprotocol.obj (.text:_HMPROTOCOL_GetBoardInfo)
                  003eb92c    00000067                     : hmmodbus.obj (.text:_HMMODBUS_CopyFromBuffer)
                  003eb993    00000062                     : modbusreg.obj (.text:_MODBUSREG_vInit)
                  003eb9f5    0000005f     F2806x_SysCtrl.obj (.text:_InitPeripheralClocks)
                  003eba54    0000005d     CSMON_C28xx.lib : uart_drv.obj (.text:_UART_RXInterrupt)
                  003ebab1    0000005a                     : gpio.obj (.text:_GPIO_setPinConfigOutput)
                  003ebb0b    0000005a     rts2800_ml.lib : fs_mpy28.asm.obj (.text)
                  003ebb65    00000059     CSMON_C28xx.lib : csmon.obj (.text:_CSMON_vUpdateDateTimeFromApplication)
                  003ebbbe    00000059                     : hmmodbus.obj (.text:_vSetElementsSize)
                  003ebc17    00000057                     : csmon.obj (.text:_CSMON_bCheckValidDateTime)
                  003ebc6e    00000055                     : modbusreg.obj (.text:_MODBUSREG_FileRecorderExternalUpdateInit)
                  003ebcc3    00000054     rts2800_ml.lib : boot28.asm.obj (.text)
                  003ebd17    00000052     CSMON_C28xx.lib : csmon.obj (.text:_CSMON_eSetRecorderTriggerAtPosition)
                  003ebd69    00000051     F2806x_SysCtrl.obj (.text:_InitPll)
                  003ebdba    0000004f     device.obj (.text:_Device_CsmUnlock)
                  003ebe09    0000004e     CSMON_C28xx.lib : hmmodbus.obj (.text:_HMMODBUS_GetRegisterFunction)
                  003ebe57    0000004c                     : hmmodbus.obj (.text:_HMMODBUS_vSendResponse)
                  003ebea3    00000047                     : hmmodbus.obj (.text:_HMMODBUS_CopyToBuffer)
                  003ebeea    00000047                     : hmscopeparam.obj (.text:_HMSCOPEPRM_SetUpScope)
                  003ebf31    00000045     main.obj (.text:_ExternalParametersInitialization)
                  003ebf76    00000043     CSMON_C28xx.lib : hmscopeparam.obj (.text:_HMSCOPEPRM_ReadScope)
                  003ebfb9    00000042     interrupt.obj (.text:_Interrupt_enable)
                  003ebffb    0000003f     CSMON_C28xx.lib : hmdrv.obj (.text:_HMDRV_CopyFromBufferInternal)
                  003ec03a    0000003d                     : hmmodbus.obj (.text:_vSetStartSampleIndex)
                  003ec077    0000003c                     : tmr_drv.obj (.text:_configCPUTimer)
                  003ec0b3    0000003b                     : hmscope.obj (.text:_HMSCOPE_SetUpScope)
                  003ec0ee    00000039                     : csmon.obj (.text:_CSMON_u16FindIndexParameterTable)
                  003ec127    00000038                     : csmon.obj (.text:_CSMON_eSetRecorderConfigurationSkipSamples)
                  003ec15f    00000038     device.obj (.text:_Device_init)
                  003ec197    00000038     CSMON_C28xx.lib : hmmodbus.obj (.text:_HMMODBUS_bDecoderInit_OPT)
                  003ec1cf    00000038                     : uart_drv.obj (.text:_UART_ReadDataRx)
                  003ec207    00000036                     : hmscope.obj (.text:_HMSCOPE_ReadScope)
                  003ec23d    00000036                     : hmserial.obj (.text:_HMSERIAL_vSendResponse)
                  003ec273    00000035                     : csmon.obj (.text:_CSMON_u32GetRealAddressAndSizeOffsetFromParameter)
                  003ec2a8    00000035                     : hmdrv.obj (.text:_HMDRV_CopyToBufferInternal)
                  003ec2dd    00000033                     : hmmodbus.obj (.text:_HMMODBUS_Listen)
                  003ec310    0000002e                     : hmserial.obj (.text:_HMSERIAL_vProcessSCIFreemasterOnly)
                  003ec33e    0000002d                     : csmon.obj (.text:_CSMON_eSetParameterInRecorderAtPosition)
                  003ec36b    0000002d                     : csmon.obj (.text:_CSMON_eSetParameterInScopeAtPosition)
                  003ec398    0000002d                     : csmon.obj (.text:_CSMON_vInitRecorders)
                  003ec3c5    0000002d                     : csmon.obj (.text:_CSMON_vSetupHoldingRegistersAndCoilsAddressTableAccessAll)
                  003ec3f2    0000002d                     : hmserial.obj (.text:_HMSERIAL_Listen)
                  003ec41f    00000029     rts2800_ml.lib : exit.c.obj (.text)
                  003ec448    00000028     CSMON_C28xx.lib : csmon.obj (.text:_CSMON_bAutorizationPasswordCheck)
                  003ec470    00000028     main.obj (.text:_ScopesInitialization)
                  003ec498    00000027     CSMON_C28xx.lib : hmserial.obj (.text:_HMSERIAL_vProcessSCITXISR)
                  003ec4bf    00000027                     : hmdrv.obj (.text:_sci_echoback_init)
                  003ec4e6    00000026                     : hmdrv.obj (.text:_HMDRV_CopyFromBufferInternalWithMaskModbus)
                  003ec50c    00000026                     : modbusreg.obj (.text:_MODBUSREG_vInitHoldingRegistersTableChangesExternalList)
                  003ec532    00000025                     : hmserial.obj (.text:_HMSERIAL_Tx)
                  003ec557    00000024                     : csmon.obj (.text:_CSMON_vAutorizationReset)
                  003ec57b    00000024                     : hmprotocol.obj (.text:_HMPROTOCOL_ReadMem)
                  003ec59f    00000024                     : sci_drv.obj (.text:_SCIA_RXFIFOISR)
                  003ec5c3    00000024                     : sci_drv.obj (.text:_SCIA_TXFIFOISR)
                  003ec5e7    00000024                     : sci_drv.obj (.text:_SCIB_RXFIFOISR)
                  003ec60b    00000024                     : sci_drv.obj (.text:_SCIB_TXFIFOISR)
                  003ec62f    00000024                     : tmr_drv.obj (.text:_TMR_vInit)
                  003ec653    00000024                     : hmmodbus.obj (.text:_vSetSampleCountAvailable)
                  003ec677    00000024     rts2800_ml.lib : cpy_tbl.c.obj (.text)
                  003ec69b    00000023     CSMON_C28xx.lib : csmon.obj (.text:_CSMON_vRecorderParamSetupProcess)
                  003ec6be    00000023                     : hmlib.obj (.text:_HMLIB_vInit)
                  003ec6e1    00000023                     : modbusreg.obj (.text:_MODBUSREG_FileRecorderElementSizeTableUsedSizeUpdateInit)
                  003ec704    00000021                     : csmon.obj (.text:_CSMON_eSetParameterListParameterID)
                  003ec725    00000021                     : hmdrv.obj (.text:_HMDRV_CopyFromBufferInternalWithMask)
                  003ec746    00000021     rts2800_ml.lib : fs_toul28.asm.obj (.text)
                  003ec767    00000020     CSMON_C28xx.lib : csmon.obj (.text:_CSMON_eSetParameterListRealAddress)
                  003ec787    00000020                     : hmdrv.obj (.text:_HMDRV_vProcess)
                  003ec7a7    00000020                     : tmr_drv.obj (.text:_TMR_vInitCPUTimers)
                  003ec7c7    00000020                     : hmmodbus.obj (.text:_vSetSampleCountBuffer)
                  003ec7e7    0000001f                     : hmmodbus.obj (.text:_HMMODBUS_vInit)
                  003ec806    0000001f     F2806x_PieCtrl.obj (.text:_InitPieCtrl)
                  003ec825    0000001f     CSMON_C28xx.lib : hmmodbus.obj (.text:_vSetSampleSize)
                  003ec844    0000001d                     : hmmodbus.obj (.text:_HMMODBUS_Tx)
                  003ec861    0000001d                     : hmrecparam.obj (.text:_HMRECPRM_GetRecBuffFreemaster)
                  003ec87e    0000001d                     : hmrec.obj (.text:_HMREC_GetRecBuffFreemaster)
                  003ec89b    0000001d     rts2800_ml.lib : fs_tou28.asm.obj (.text)
                  003ec8b8    0000001d                    : memcpy.c.obj (.text)
                  003ec8d5    0000001c     main.obj (.text:_CSMON_vGetDateTime)
                  003ec8f1    0000001c     CSMON_C28xx.lib : sci.obj (.text:_SCI_clearInterruptStatus)
                  003ec90d    0000001c                     : hmmodbus.obj (.text:_vSetIndexFileTable)
                  003ec929    0000001b     device.obj (.text:_Device_initGPIO)
                  003ec944    0000001b     CSMON_C28xx.lib : hmdrv.obj (.text:_HMDRV_AddressToBuffer)
                  003ec95f    0000001b     rts2800_ml.lib : fd_toul28.asm.obj (.text)
                  003ec97a    0000001a     CSMON_C28xx.lib : hmmodbus.obj (.text:_HMMODBUS_vProcessSCITXISR)
                  003ec994    0000001a                     : hmrecparam.obj (.text:_HMRECPRM_StartRec)
                  003ec9ae    0000001a                     : hmserial.obj (.text:_HMSERIAL_vProcessSCITXISRFreemasterOnly)
                  003ec9c8    0000001a                     : sci.obj (.text:_SCI_disableInterrupt)
                  003ec9e2    0000001a                     : sci.obj (.text:_SCI_enableInterrupt)
                  003ec9fc    0000001a     rts2800_ml.lib : l_tofs28.asm.obj (.text)
                  003eca16    00000019     CSMON_C28xx.lib : csmon.obj (.text:_CSMON_eSetParameterCountInRecorder)
                  003eca2f    00000019                     : hmdrv.obj (.text:_HMDRV_AddressFromBuffer)
                  003eca48    00000019                     : uart_drv.obj (.text:_UART_vInit)
                  003eca61    00000019                     : hmmodbus.obj (.text:_bGetFileReadAccess)
                  003eca7a    00000019     rts2800_ml.lib : prolog28.asm.obj (.text)
                  003eca93    00000018     CSMON_C28xx.lib : csmon.obj (.text:_CSMON_u32GetFreeRunningTimerMicroseconds)
                  003ecaab    00000018                     : hmlib.obj (.text:_HMLIB_vProcessSCITXISRWithIndex)
                  003ecac3    00000018     F2806x_SysCtrl.obj (.text:_InitSysCtrl)
                  003ecadb    00000017     CSMON_C28xx.lib : csmon.obj (.text:_CSMON_vSaveRecorderConfig)
                  003ecaf2    00000017                     : hmmodbus.obj (.text:_HMMODBUS_vProcessTxDelay)
                  003ecb09    00000017                     : hmprotocol.obj (.text:_HMPROTOCOL_WriteMem)
                  003ecb20    00000017                     : hmprotocol.obj (.text:_HMPROTOCOL_WriteMemMask)
                  003ecb37    00000017                     : hmmodbus.obj (.text:_vSetBufferAddressStart)
                  003ecb4e    00000017     rts2800_ml.lib : fs_cmp28.asm.obj (.text)
                  003ecb65    00000017                    : u_tofd28.asm.obj (.text)
                  003ecb7c    00000016     CSMON_C28xx.lib : csmon.obj (.text:_CSMON_eSetParameterCountInScope)
                  003ecb92    00000016                     : hmdrv.obj (.text:_HMDRV_AddressFromBufferBigEndian)
                  003ecba8    00000015                     : hmrecparam.obj (.text:_HMRECPRM_Comparefloat)
                  003ecbbd    00000015                     : hmrec.obj (.text:_HMREC_Comparefloat)
                  003ecbd2    00000015                     : hmrec.obj (.text:_HMREC_StartRec)
                  003ecbe7    00000015     F2806x_Gpio.obj (.text:_InitGpio)
                  003ecbfc    00000014     CSMON_C28xx.lib : hmlib.obj (.text:_HMLIB_vProcessFastTD)
                  003ecc10    00000014                     : hmmodbus.obj (.text:_HMMODBUS_DelayedTx)
                  003ecc24    00000014                     : hmserial.obj (.text:_HMSERIAL_DelayedTx)
                  003ecc38    00000013     rts2800_ml.lib : ul_tofs28.asm.obj (.text)
                  003ecc4b    00000012     CSMON_C28xx.lib : csmon.obj (.text:_CSMON_vFileParameterCountCheckSumUpdate)
                  003ecc5d    00000012                     : hmdrv.obj (.text:_HMDRV_GetStringLengthFromWordInternal)
                  003ecc6f    00000012                     : hmmodbus.obj (.text:_HMMODBUS_vSetupRegisterDummy)
                  003ecc81    00000012                     : hmrecparam.obj (.text:_HMRECPRM_CompareBOOL)
                  003ecc93    00000012                     : modbusreg.obj (.text:_MODBUSREG_FileShortNameElementSizeandAddressUpdateInit)
                  003ecca5    00000012                     : modbusreg.obj (.text:_MODBUSREG_vFileDenyAccess)
                  003eccb7    00000012                     : uart_drv.obj (.text:_UART_TxIntDis)
                  003eccc9    00000012                     : uart_drv.obj (.text:_UART_TxIntEna)
                  003eccdb    00000011     main.obj (.text:_CSMON_vSetDateTime)
                  003eccec    00000011     CSMON_C28xx.lib : hmserial.obj (.text:_HMSERIAL_vInit)
                  003eccfd    00000011     F2806x_PieVect.obj (.text:_InitPieVectTable)
                  003ecd0e    00000011     main.obj (.text:_vSetWatchdogPrescalerTimeDiv)
                  003ecd1f    00000011     rts2800_ml.lib : args_main.c.obj (.text)
                  003ecd30    00000010     CSMON_C28xx.lib : csmon.obj (.text:_CSMON_eSetParameterListRegisterFlags)
                  003ecd40    00000010     device.obj (.text:_Example_MemCopy)
                  003ecd50    00000010     F2806x_SysCtrl.obj (.text:_IntOsc1Sel)
                  003ecd60    00000010     CSMON_C28xx.lib : hmmodbus.obj (.text:_bIsValidEndAddressInBuffer)
                  003ecd70    00000010                     : hmmodbus.obj (.text:_u32BytesMemoryToBytesModbus)
                  003ecd80    00000010                     : hmmodbus.obj (.text:_u32BytesModbusToBytesMemory)
                  003ecd90    00000010     rts2800_ml.lib : u_tofs28.asm.obj (.text)
                  003ecda0    0000000f     CSMON_C28xx.lib : hmmodbus.obj (.text:_HMMODBUS_CalcCRC)
                  003ecdaf    0000000f                     : uart_drv.obj (.text:_UART_IsTxEmpty)
                  003ecdbe    0000000e                     : hmdrv.obj (.text:_HMDRV_GetStringLengthInternal)
                  003ecdcc    0000000e                     : hmrecparam.obj (.text:_HMRECPRM_Compare16S)
                  003ecdda    0000000e                     : hmrecparam.obj (.text:_HMRECPRM_Compare16U)
                  003ecde8    0000000e                     : hmrecparam.obj (.text:_HMRECPRM_Compare32S)
                  003ecdf6    0000000e                     : hmrecparam.obj (.text:_HMRECPRM_Compare32U)
                  003ece04    0000000e                     : hmrecparam.obj (.text:_HMRECPRM_Compare8S)
                  003ece12    0000000e                     : hmrecparam.obj (.text:_HMRECPRM_Compare8U)
                  003ece20    0000000e                     : hmrec.obj (.text:_HMREC_Compare16S)
                  003ece2e    0000000e                     : hmrec.obj (.text:_HMREC_Compare16U)
                  003ece3c    0000000e                     : hmrec.obj (.text:_HMREC_Compare32S)
                  003ece4a    0000000e                     : hmrec.obj (.text:_HMREC_Compare32U)
                  003ece58    0000000e                     : hmrec.obj (.text:_HMREC_Compare8S)
                  003ece66    0000000e                     : hmrec.obj (.text:_HMREC_Compare8U)
                  003ece74    0000000e                     : hmmodbus.obj (.text:_u32FitAddressCircleBufferInside)
                  003ece82    0000000e     rts2800_ml.lib : fd_sub28.asm.obj (.text)
                  003ece90    0000000d     CSMON_C28xx.lib : csmon.obj (.text:_CSMON_eResetParameterTable)
                  003ece9d    0000000d                     : csmon.obj (.text:_CSMON_vInitHoldingRegistersTableChanges)
                  003eceaa    0000000d                     : hmrecparam.obj (.text:_HMRECPRM_StopRec)
                  003eceb7    0000000d                     : hmrec.obj (.text:_HMREC_StopRec)
                  003ecec4    0000000d                     : modbusreg.obj (.text:_MODBUSREG_vFileAllowAccess)
                  003eced1    0000000d                     : tmr_drv.obj (.text:_TIMER_vSetupTimerMainFunctionDelayCompare)
                  003ecede    0000000d                     : uart_drv.obj (.text:_UART_ReadDataRxAvailable)
                  003eceeb    0000000c                     : hmlib.obj (.text:_HMLIB_vProcess)
                  003ecef7    0000000c                     : hmrecparam.obj (.text:_HMRECPRM_GetBufferRecParamPtrAddress)
                  003ecf03    0000000c                     : hmrecparam.obj (.text:_HMRECPRM_TriggerRec)
                  003ecf0f    0000000c                     : hmmodbus.obj (.text:_u32FixAddressCircleBufferOverflow)
                  003ecf1b    0000000c     rts2800_ml.lib : epilog28.asm.obj (.text)
                  003ecf27    0000000b     CSMON_C28xx.lib : hmmodbus.obj (.text:_HMMODBUS_vProcessFastTD)
                  003ecf32    0000000b                     : hmserial.obj (.text:_HMSERIAL_vProcessFastTD)
                  003ecf3d    0000000b                     : modbusreg.obj (.text:_MODBUSREG_vDataZero)
                  003ecf48    0000000b                     : sci_drv.obj (.text:_SCI_eGetModuleIndexFromBase)
                  003ecf53    0000000b                     : hmmodbus.obj (.text:_bIsValidIndexFileTable)
                  003ecf5e    0000000b     rts2800_ml.lib : u_div28.asm.obj (.text)
                  003ecf69    0000000a     CSMON_C28xx.lib : hmrecparam.obj (.text:_HMRECPRM_GetRecStatus)
                  003ecf73    0000000a                     : hmrec.obj (.text:_HMREC_GetRecStatus)
                  003ecf7d    0000000a                     : hmdrv.obj (.text:_sci_fifo_init)
                  003ecf87    00000009                     : csmon.obj (.text:_CSMON_eSetParameterListRegisterSize)
                  003ecf90    00000009                     : csmon.obj (.text:_CSMON_eSetParameterListShortNaming)
                  003ecf99    00000009                     : csmon.obj (.text:_CSMON_eSetServerOnStatus)
                  003ecfa2    00000009                     : hmlib.obj (.text:_HMLIB_vInitRecParamBuff)
                  003ecfab    00000009                     : hmmodbus.obj (.text:_HMMODBUS_vProcessFreeTimer)
                  003ecfb4    00000009                     : hmmodbus.obj (.text:_HMMODBUS_vProcessRxDelay)
                  003ecfbd    00000009                     : hmrecparam.obj (.text:_HMRECPRM_GetExternBufferRecParamLastPointedAddress)
                  003ecfc6    00000009                     : hmrecparam.obj (.text:_HMRECPRM_GetExternBufferRecParamPtrAddress)
                  003ecfcf    00000009                     : hmrec.obj (.text:_HMREC_TriggerRec)
                  003ecfd8    00000009                     : hmscopeparam.obj (.text:_HMSCOPEPRM_GetBufferScopeParamAddress)
                  003ecfe1    00000009                     : hmserial.obj (.text:_HMSERIAL_vProcessFreeTimer)
                  003ecfea    00000009                     : tmr_drv.obj (.text:_TIMER_vResetTimerMainFunctionDelayCounter)
                  003ecff3    00000009                     : tmr_drv.obj (.text:_TIMER_vSetupTimerMainDelayedFunctionSendData)
                  003ecffc    00000009                     : uart_drv.obj (.text:_UART_PutChar)
                  003ed005    00000009                     : uart_drv.obj (.text:_UART_ReadDataRxTimeDiff)
                  003ed00e    00000009     rts2800_ml.lib : _lock.c.obj (.text)
                  003ed017    00000008     Example_Flash2806x_CsmKeys.obj (.text)
                  003ed01f    00000008     F2806x_CodeStartBranch.obj (.text)
                  003ed027    00000008     F2806x_SysCtrl.obj (.text:_DisableDog)
                  003ed02f    00000008     CSMON_C28xx.lib : hmdrv.obj (.text:_HMDRV_CopyFromBufferWithMaskModbus)
                  003ed037    00000008                     : hmmodbus.obj (.text:_HMMODBUS_vSetupHoldingRegistersProcessFuncTable)
                  003ed03f    00000008                     : hmmodbus.obj (.text:_HMMODBUS_vSetupHoldingRegistersRealAddressTable)
                  003ed047    00000008                     : hmmodbus.obj (.text:_HMMODBUS_vSetupHoldingRegistersRegisterFlagsTable)
                  003ed04f    00000008                     : hmmodbus.obj (.text:_HMMODBUS_vSetupHoldingRegistersRegisterSizeTable)
                  003ed057    00000008                     : hmmodbus.obj (.text:_HMMODBUS_vSetupHoldingRegistersVirtAddressTable)
                  003ed05f    00000008                     : hmrecparam.obj (.text:_HMRECPRM_GetExternRecParamAddress)
                  003ed067    00000008                     : hmrecparam.obj (.text:_HMRECPRM_GetExternRecParamPtrMaximumUsedSampleCount)
                  003ed06f    00000008                     : hmrecparam.obj (.text:_HMRECPRM_GetExternRecParamPtrSampleSize)
                  003ed077    00000008                     : hmrecparam.obj (.text:_HMRECPRM_GetRecParamPtrAvailableSampleCount)
                  003ed07f    00000008                     : hmrecparam.obj (.text:_HMRECPRM_GetRecParamPtrLastSampleIndex)
                  003ed087    00000008                     : hmrecparam.obj (.text:_HMRECPRM_GetRecParamPtrMaximumUsedSampleCount)
                  003ed08f    00000008                     : hmrecparam.obj (.text:_HMRECPRM_GetRecParamPtrSampleSize)
                  003ed097    00000008                     : hmrecparam.obj (.text:_HMRECPRM_GetStatusRecParamAddress)
                  003ed09f    00000008                     : hmrecparam.obj (.text:_HMRECPRM_vInit)
                  003ed0a7    00000008                     : hmrec.obj (.text:_HMREC_vInit)
                  003ed0af    00000007     F2806x_DisInt.obj (.text)
                  003ed0b6    00000007     CSMON_C28xx.lib : csmon.obj (.text:_CSMON_eSetParameterListAccessLevel)
                  003ed0bd    00000007                     : csmon.obj (.text:_CSMON_eSetParameterListBitsCount)
                  003ed0c4    00000007                     : csmon.obj (.text:_CSMON_eSetParameterListDataDefault)
                  003ed0cb    00000007                     : csmon.obj (.text:_CSMON_eSetParameterListDataMaximum)
                  003ed0d2    00000007                     : csmon.obj (.text:_CSMON_eSetParameterListDataMinimum)
                  003ed0d9    00000007                     : csmon.obj (.text:_CSMON_eSetParameterListDataType)
                  003ed0e0    00000007                     : csmon.obj (.text:_CSMON_eSetParameterListFunctionCode)
                  003ed0e7    00000007                     : csmon.obj (.text:_CSMON_eSetParameterListValueFormat)
                  003ed0ee    00000007                     : hmlib.obj (.text:_HMLIB_vProcessDifferentPorts)
                  003ed0f5    00000007                     : hmrecparam.obj (.text:_HMRECPRM_vResetAllStopDetections)
                  003ed0fc    00000007                     : hmscopeparam.obj (.text:_HMSCOPEPRM_GetStatusScopeParamAddress)
                  003ed103    00000007                     : modbusreg.obj (.text:_MODBUSREG_vInitHoldingRegistersTableChanges)
                  003ed10a    00000007                     : sci_drv.obj (.text:_SCI_u32GetBaseFromModuleIndex)
                  003ed111    00000006                     : cputimer.obj (.text:_CPUTimer_setEmulationMode)
                  003ed117    00000006                     : hmrecparam.obj (.text:_HMRECPRM_SetUpRecBuff)
                  003ed11d    00000006                     : hmrec.obj (.text:_HMREC_SetUpRecBuff)
                  003ed123    00000006                     : uart_drv.obj (.text:_UART_GetChar)
                  003ed129    00000005     F2806x_DefaultIsr.obj (.text:_ADCINT1_ISR)
                  003ed12e    00000005     F2806x_DefaultIsr.obj (.text:_ADCINT2_ISR)
                  003ed133    00000005     F2806x_DefaultIsr.obj (.text:_ADCINT3_ISR)
                  003ed138    00000005     F2806x_DefaultIsr.obj (.text:_ADCINT4_ISR)
                  003ed13d    00000005     F2806x_DefaultIsr.obj (.text:_ADCINT5_ISR)
                  003ed142    00000005     F2806x_DefaultIsr.obj (.text:_ADCINT6_ISR)
                  003ed147    00000005     F2806x_DefaultIsr.obj (.text:_ADCINT7_ISR)
                  003ed14c    00000005     F2806x_DefaultIsr.obj (.text:_ADCINT8_ISR)
                  003ed151    00000005     F2806x_DefaultIsr.obj (.text:_ADCINT9_ISR)
                  003ed156    00000005     F2806x_DefaultIsr.obj (.text:_CLA1_INT1_ISR)
                  003ed15b    00000005     F2806x_DefaultIsr.obj (.text:_CLA1_INT2_ISR)
                  003ed160    00000005     F2806x_DefaultIsr.obj (.text:_CLA1_INT3_ISR)
                  003ed165    00000005     F2806x_DefaultIsr.obj (.text:_CLA1_INT4_ISR)
                  003ed16a    00000005     F2806x_DefaultIsr.obj (.text:_CLA1_INT5_ISR)
                  003ed16f    00000005     F2806x_DefaultIsr.obj (.text:_CLA1_INT6_ISR)
                  003ed174    00000005     F2806x_DefaultIsr.obj (.text:_CLA1_INT7_ISR)
                  003ed179    00000005     F2806x_DefaultIsr.obj (.text:_CLA1_INT8_ISR)
                  003ed17e    00000005     CSMON_C28xx.lib : csmon.obj (.text:_CSMON_eSetAutoServiceWatchdogInternalSlowCalculationsInMainLoop)
                  003ed183    00000005                     : csmon.obj (.text:_CSMON_eSetFirmwareApplicationVersion)
                  003ed188    00000005                     : csmon.obj (.text:_CSMON_eSetMaxTimeInISR)
                  003ed18d    00000005                     : csmon.obj (.text:_CSMON_eSetMinGuaranteedTimeBetweenTwoISRs)
                  003ed192    00000005                     : csmon.obj (.text:_CSMON_u16ParametersAccessListIndexGenerate)
                  003ed197    00000005                     : csmon.obj (.text:_CSMON_u32GetFreeRunningTimerTicks)
                  003ed19c    00000005                     : csmon.obj (.text:_CSMON_u32GetParameterAuxCheckSum)
                  003ed1a1    00000005                     : csmon.obj (.text:_CSMON_u32GetParameterCheckSum)
                  003ed1a6    00000005                     : csmon.obj (.text:_CSMON_u32GetParameterListCheckSum)
                  003ed1ab    00000005                     : csmon.obj (.text:_CSMON_u32GetParameterNumbCheckSum)
                  003ed1b0    00000005                     : csmon.obj (.text:_CSMON_u32GetParameterShortNameCheckSum)
                  003ed1b5    00000005                     : csmon.obj (.text:_CSMON_u32GetParameterStringCheckSum)
                  003ed1ba    00000005                     : csmon.obj (.text:_CSMON_vSetDateTimeRequest)
                  003ed1bf    00000005     F2806x_DefaultIsr.obj (.text:_DATALOG_ISR)
                  003ed1c4    00000005     F2806x_DefaultIsr.obj (.text:_DINTCH1_ISR)
                  003ed1c9    00000005     F2806x_DefaultIsr.obj (.text:_DINTCH2_ISR)
                  003ed1ce    00000005     F2806x_DefaultIsr.obj (.text:_DINTCH3_ISR)
                  003ed1d3    00000005     F2806x_DefaultIsr.obj (.text:_DINTCH4_ISR)
                  003ed1d8    00000005     F2806x_DefaultIsr.obj (.text:_DINTCH5_ISR)
                  003ed1dd    00000005     F2806x_DefaultIsr.obj (.text:_DINTCH6_ISR)
                  003ed1e2    00000005     F2806x_DefaultIsr.obj (.text:_ECAN0INTA_ISR)
                  003ed1e7    00000005     F2806x_DefaultIsr.obj (.text:_ECAN1INTA_ISR)
                  003ed1ec    00000005     F2806x_DefaultIsr.obj (.text:_ECAP1_INT_ISR)
                  003ed1f1    00000005     F2806x_DefaultIsr.obj (.text:_ECAP2_INT_ISR)
                  003ed1f6    00000005     F2806x_DefaultIsr.obj (.text:_ECAP3_INT_ISR)
                  003ed1fb    00000005     F2806x_DefaultIsr.obj (.text:_EMPTY_ISR)
                  003ed200    00000005     F2806x_DefaultIsr.obj (.text:_EMUINT_ISR)
                  003ed205    00000005     F2806x_DefaultIsr.obj (.text:_EPWM1_INT_ISR)
                  003ed20a    00000005     F2806x_DefaultIsr.obj (.text:_EPWM1_TZINT_ISR)
                  003ed20f    00000005     F2806x_DefaultIsr.obj (.text:_EPWM2_INT_ISR)
                  003ed214    00000005     F2806x_DefaultIsr.obj (.text:_EPWM2_TZINT_ISR)
                  003ed219    00000005     F2806x_DefaultIsr.obj (.text:_EPWM3_INT_ISR)
                  003ed21e    00000005     F2806x_DefaultIsr.obj (.text:_EPWM3_TZINT_ISR)
                  003ed223    00000005     F2806x_DefaultIsr.obj (.text:_EPWM4_INT_ISR)
                  003ed228    00000005     F2806x_DefaultIsr.obj (.text:_EPWM4_TZINT_ISR)
                  003ed22d    00000005     F2806x_DefaultIsr.obj (.text:_EPWM5_INT_ISR)
                  003ed232    00000005     F2806x_DefaultIsr.obj (.text:_EPWM5_TZINT_ISR)
                  003ed237    00000005     F2806x_DefaultIsr.obj (.text:_EPWM6_INT_ISR)
                  003ed23c    00000005     F2806x_DefaultIsr.obj (.text:_EPWM6_TZINT_ISR)
                  003ed241    00000005     F2806x_DefaultIsr.obj (.text:_EPWM7_INT_ISR)
                  003ed246    00000005     F2806x_DefaultIsr.obj (.text:_EPWM7_TZINT_ISR)
                  003ed24b    00000005     F2806x_DefaultIsr.obj (.text:_EPWM8_INT_ISR)
                  003ed250    00000005     F2806x_DefaultIsr.obj (.text:_EPWM8_TZINT_ISR)
                  003ed255    00000005     F2806x_DefaultIsr.obj (.text:_EQEP1_INT_ISR)
                  003ed25a    00000005     F2806x_DefaultIsr.obj (.text:_EQEP2_INT_ISR)
                  003ed25f    00000005     CSMON_C28xx.lib : hmlib.obj (.text:_HMLIB_vProcessSamePort)
                  003ed264    00000005                     : hmmodbus.obj (.text:_HMMODBUS_bGetReceivedMessage)
                  003ed269    00000005                     : hmmodbus.obj (.text:_HMMODBUS_vFileTable)
                  003ed26e    00000005     F2806x_DefaultIsr.obj (.text:_HRCAP1_INT_ISR)
                  003ed273    00000005     F2806x_DefaultIsr.obj (.text:_HRCAP2_INT_ISR)
                  003ed278    00000005     F2806x_DefaultIsr.obj (.text:_HRCAP3_INT_ISR)
                  003ed27d    00000005     F2806x_DefaultIsr.obj (.text:_HRCAP4_INT_ISR)
                  003ed282    00000005     F2806x_DefaultIsr.obj (.text:_I2CINT1A_ISR)
                  003ed287    00000005     F2806x_DefaultIsr.obj (.text:_I2CINT2A_ISR)
                  003ed28c    00000005     F2806x_DefaultIsr.obj (.text:_ILLEGAL_ISR)
                  003ed291    00000005     F2806x_DefaultIsr.obj (.text:_INT13_ISR)
                  003ed296    00000005     F2806x_DefaultIsr.obj (.text:_INT14_ISR)
                  003ed29b    00000005     interrupt.obj (.text:_IntDefaultHandler)
                  003ed2a0    00000005     F2806x_DefaultIsr.obj (.text:_LUF_ISR)
                  003ed2a5    00000005     F2806x_DefaultIsr.obj (.text:_LVF_ISR)
                  003ed2aa    00000005     CSMON_C28xx.lib : modbusreg.obj (.text:_MODBUSREG_vSetTableNameAddress)
                  003ed2af    00000005                     : modbusreg.obj (.text:_MODBUSREG_vSetTableRealAddressInRam)
                  003ed2b4    00000005                     : modbusreg.obj (.text:_MODBUSREG_vSetTableRegisterFlags)
                  003ed2b9    00000005                     : modbusreg.obj (.text:_MODBUSREG_vSetTableRegisterSize)
                  003ed2be    00000005                     : modbusreg.obj (.text:_MODBUSREG_vSetTableVirtAddress)
                  003ed2c3    00000005     F2806x_DefaultIsr.obj (.text:_MRINTA_ISR)
                  003ed2c8    00000005     F2806x_DefaultIsr.obj (.text:_MXINTA_ISR)
                  003ed2cd    00000005     F2806x_DefaultIsr.obj (.text:_NMI_ISR)
                  003ed2d2    00000005     F2806x_DefaultIsr.obj (.text:_PIE_RESERVED)
                  003ed2d7    00000005     F2806x_DefaultIsr.obj (.text:_RTOSINT_ISR)
                  003ed2dc    00000005     F2806x_DefaultIsr.obj (.text:_SCIRXINTA_ISR)
                  003ed2e1    00000005     F2806x_DefaultIsr.obj (.text:_SCIRXINTB_ISR)
                  003ed2e6    00000005     F2806x_DefaultIsr.obj (.text:_SCITXINTA_ISR)
                  003ed2eb    00000005     F2806x_DefaultIsr.obj (.text:_SCITXINTB_ISR)
                  003ed2f0    00000005     F2806x_DefaultIsr.obj (.text:_SPIRXINTA_ISR)
                  003ed2f5    00000005     F2806x_DefaultIsr.obj (.text:_SPIRXINTB_ISR)
                  003ed2fa    00000005     F2806x_DefaultIsr.obj (.text:_SPITXINTA_ISR)
                  003ed2ff    00000005     F2806x_DefaultIsr.obj (.text:_SPITXINTB_ISR)
                  003ed304    00000005     CSMON_C28xx.lib : tmr_drv.obj (.text:_TIMER_vSetupTimerMainDelayedData)
                  003ed309    00000005     F2806x_DefaultIsr.obj (.text:_TINT0_ISR)
                  003ed30e    00000005     F2806x_DefaultIsr.obj (.text:_USB0_INT_ISR)
                  003ed313    00000005     F2806x_DefaultIsr.obj (.text:_USER10_ISR)
                  003ed318    00000005     F2806x_DefaultIsr.obj (.text:_USER11_ISR)
                  003ed31d    00000005     F2806x_DefaultIsr.obj (.text:_USER12_ISR)
                  003ed322    00000005     F2806x_DefaultIsr.obj (.text:_USER1_ISR)
                  003ed327    00000005     F2806x_DefaultIsr.obj (.text:_USER2_ISR)
                  003ed32c    00000005     F2806x_DefaultIsr.obj (.text:_USER3_ISR)
                  003ed331    00000005     F2806x_DefaultIsr.obj (.text:_USER4_ISR)
                  003ed336    00000005     F2806x_DefaultIsr.obj (.text:_USER5_ISR)
                  003ed33b    00000005     F2806x_DefaultIsr.obj (.text:_USER6_ISR)
                  003ed340    00000005     F2806x_DefaultIsr.obj (.text:_USER7_ISR)
                  003ed345    00000005     F2806x_DefaultIsr.obj (.text:_USER8_ISR)
                  003ed34a    00000005     F2806x_DefaultIsr.obj (.text:_USER9_ISR)
                  003ed34f    00000005     F2806x_DefaultIsr.obj (.text:_WAKEINT_ISR)
                  003ed354    00000005     F2806x_DefaultIsr.obj (.text:_XINT1_ISR)
                  003ed359    00000005     F2806x_DefaultIsr.obj (.text:_XINT2_ISR)
                  003ed35e    00000005     F2806x_DefaultIsr.obj (.text:_XINT3_ISR)
                  003ed363    00000005     F2806x_DefaultIsr.obj (.text:_rsvd_ISR)
                  003ed368    00000004     CSMON_C28xx.lib : csmon.obj (.text:_CSMON_eApplyParameterChanges)
                  003ed36c    00000004                     : csmon.obj (.text:_CSMON_eRegisterWriteParElementCallbackFunction)
                  003ed370    00000004                     : csmon.obj (.text:_CSMON_u32GetBaudError_PPM)
                  003ed374    00000004                     : csmon.obj (.text:_CSMON_vAddSetupRecorderParameterMask)
                  003ed378    00000004                     : csmon.obj (.text:_CSMON_vInitScopes)
                  003ed37c    00000004                     : hmdrv.obj (.text:_HMDRV_SetExAddr)
                  003ed380    00000004                     : hmdrv.obj (.text:_HMDRV_u32GetDeviceSYSCLKFreq)
                  003ed384    00000004                     : hmdrv.obj (.text:_HMDRV_u32GetSCIErrorPPM)
                  003ed388    00000004                     : hmmodbus.obj (.text:_HMMODBUS_u32GetAddressMessageCounterThisDevice)
                  003ed38c    00000004                     : hmmodbus.obj (.text:_HMMODBUS_vSetAddressMessageCounterThisDevice)
                  003ed390    00000004                     : hmmodbus.obj (.text:_HMMODBUS_vSetDeviceIDMajorMinorRevision)
                  003ed394    00000004                     : hmmodbus.obj (.text:_HMMODBUS_vSetDeviceIDMajorMinorRevisionLength)
                  003ed398    00000004                     : hmmodbus.obj (.text:_HMMODBUS_vSetDeviceIDModelName)
                  003ed39c    00000004                     : hmmodbus.obj (.text:_HMMODBUS_vSetDeviceIDModelNameLength)
                  003ed3a0    00000004                     : hmmodbus.obj (.text:_HMMODBUS_vSetDeviceIDProductCode)
                  003ed3a4    00000004                     : hmmodbus.obj (.text:_HMMODBUS_vSetDeviceIDProductCodeLength)
                  003ed3a8    00000004                     : hmmodbus.obj (.text:_HMMODBUS_vSetDeviceIDProductName)
                  003ed3ac    00000004                     : hmmodbus.obj (.text:_HMMODBUS_vSetDeviceIDProductNameLength)
                  003ed3b0    00000004                     : hmmodbus.obj (.text:_HMMODBUS_vSetDeviceIDUserApplicationName)
                  003ed3b4    00000004                     : hmmodbus.obj (.text:_HMMODBUS_vSetDeviceIDUserApplicationNameLength)
                  003ed3b8    00000004                     : hmmodbus.obj (.text:_HMMODBUS_vSetDeviceIDUserReserve0)
                  003ed3bc    00000004                     : hmmodbus.obj (.text:_HMMODBUS_vSetDeviceIDUserReserve0Length)
                  003ed3c0    00000004                     : hmmodbus.obj (.text:_HMMODBUS_vSetDeviceIDUserReserve1)
                  003ed3c4    00000004                     : hmmodbus.obj (.text:_HMMODBUS_vSetDeviceIDUserReserve1Length)
                  003ed3c8    00000004                     : hmmodbus.obj (.text:_HMMODBUS_vSetDeviceIDUserReserve2)
                  003ed3cc    00000004                     : hmmodbus.obj (.text:_HMMODBUS_vSetDeviceIDUserReserve2Length)
                  003ed3d0    00000004                     : hmmodbus.obj (.text:_HMMODBUS_vSetDeviceIDVendorName)
                  003ed3d4    00000004                     : hmmodbus.obj (.text:_HMMODBUS_vSetDeviceIDVendorNameLength)
                  003ed3d8    00000004                     : hmmodbus.obj (.text:_HMMODBUS_vSetDeviceIDVendorUrl)
                  003ed3dc    00000004                     : hmmodbus.obj (.text:_HMMODBUS_vSetDeviceIDVendorUrlLength)
                  003ed3e0    00000004                     : hmmodbus.obj (.text:_HMMODBUS_vSetServerIDDataAddress)
                  003ed3e4    00000004                     : hmmodbus.obj (.text:_HMMODBUS_vSetServerIDLength)
                  003ed3e8    00000004                     : hmmodbus.obj (.text:_HMMODBUS_vSetServerIDNumber)
                  003ed3ec    00000004                     : hmmodbus.obj (.text:_HMMODBUS_vSetServerOnStatus)
                  003ed3f0    00000004                     : hmmodbus.obj (.text:_HMMODBUS_vSetupHoldingRegistersAccessTableInRam)
                  003ed3f4    00000004                     : hmmodbus.obj (.text:_HMMODBUS_vSetupWriteParElementCallbackFunction)
                  003ed3f8    00000004     interrupt.obj (.text:_IntMasterDisable)
                  003ed3fc    00000004     interrupt.obj (.text:_IntMasterEnable)
                  003ed400    00000004     CSMON_C28xx.lib : modbusreg.obj (.text:_MODBUSREG_u16GetHoldRegFillCount)
                  003ed404    00000004                     : modbusreg.obj (.text:_MODBUSREG_u16GetTableRegisterFlagsElementOffset)
                  003ed408    00000004                     : modbusreg.obj (.text:_MODBUSREG_u16GetTableRegisterSizeElementOffset)
                  003ed40c    00000004                     : modbusreg.obj (.text:_MODBUSREG_u16GetTableVirtAddressElementOffset)
                  003ed410    00000004                     : modbusreg.obj (.text:_MODBUSREG_u32GetRegisterAccessTableInRam)
                  003ed414    00000004                     : modbusreg.obj (.text:_MODBUSREG_u32GetTableRegisterFlags)
                  003ed418    00000004                     : modbusreg.obj (.text:_MODBUSREG_u32GetTableRegisterSize)
                  003ed41c    00000004                     : modbusreg.obj (.text:_MODBUSREG_u32GetTableVirtAddress)
                  003ed420    00000004                     : modbusreg.obj (.text:_MODBUSREG_vSetFileAutorization_FunctionAfterWriteFileRecordTable)
                  003ed424    00000004                     : modbusreg.obj (.text:_MODBUSREG_vSetFileParamCount_FunctionBeforeReadFileRecord)
                  003ed428    00000004                     : modbusreg.obj (.text:_MODBUSREG_vSetFileRTC_FunctionAfterReadFileRecord)
                  003ed42c    00000004                     : modbusreg.obj (.text:_MODBUSREG_vSetFileRTC_FunctionAfterWriteFileRecord)
                  003ed430    00000004                     : modbusreg.obj (.text:_MODBUSREG_vSetFileRecConfig_FunctionAfterWriteFileRecord)
                  003ed434    00000004                     : modbusreg.obj (.text:_MODBUSREG_vSetFileRecStatus_FunctionIndexGenerationFileRecord)
                  003ed438    00000004                     : modbusreg.obj (.text:_MODBUSREG_vSetHoldRegFillCount)
                  003ed43c    00000004                     : modbusreg.obj (.text:_MODBUSREG_vSetParamCount)
                  003ed440    00000004                     : modbusreg.obj (.text:_MODBUSREG_vSetParamListAddress)
                  003ed444    00000004                     : modbusreg.obj (.text:_MODBUSREG_vSetParamNumbAddress)
                  003ed448    00000004                     : modbusreg.obj (.text:_MODBUSREG_vSetParamRecorderConfigAddress)
                  003ed44c    00000004                     : modbusreg.obj (.text:_MODBUSREG_vSetParamScopeConfigAddress)
                  003ed450    00000004                     : tmr_drv.obj (.text:_TMR_u16GetFreeRunTimerPrescaller)
                  003ed454    00000004                     : hmmodbus.obj (.text:_bGetElementsDifference)
                  003ed458    00000004                     : hmmodbus.obj (.text:_u16GetIndexFileTable)
                  003ed45c    00000004                     : hmmodbus.obj (.text:_u32GetBufferAddressStart)
                  003ed460    00000004                     : hmmodbus.obj (.text:_u32GetBufferSize)
                  003ed464    00000004                     : hmmodbus.obj (.text:_u32GetSampleCountAvailable)
                  003ed468    00000004                     : hmmodbus.obj (.text:_u32GetSampleCountBuffer)
                  003ed46c    00000004                     : hmmodbus.obj (.text:_u32GetStartSampleIndex)
                  003ed470    00000004                     : hmmodbus.obj (.text:_u8GetSampleSize)
                  003ed474    00000004                     : hmmodbus.obj (.text:_vSetBufferAddressStartFromFunction)
                  003ed478    00000004                     : hmmodbus.obj (.text:_vSetBufferSize)
                  003ed47c    00000003     F2806x_DBGIER.obj (.text)
                  003ed47f    00000003     CSMON_C28xx.lib : csmon.obj (.text:_CSMON_eSetParameter)
                  003ed482    00000003                     : csmon.obj (.text:_CSMON_u32GetModbusMessageCounterRegisterRealAddress)
                  003ed485    00000003                     : csmon.obj (.text:_CSMON_vSetModbusMessageCounterRegisterRealAddress)
                  003ed488    00000003                     : hmrecparam.obj (.text:_HMRECPRM_GetTimeBase)
                  003ed48b    00000003                     : modbusreg.obj (.text:_MODBUSREG_u32GetAddressMessageCounterThisDevice)
                  003ed48e    00000003                     : modbusreg.obj (.text:_MODBUSREG_vSetAddressMessageCounterThisDevice)
                  003ed491    00000003                     : uart_drv.obj (.text:_UART_TXInterrupt)
                  003ed494    00000002                     : hmrecparam.obj (.text:_HMRECPRM_AbortRec)
                  003ed496    00000002                     : hmrecparam.obj (.text:_HMRECPRM_GetRecBuffSize)
                  003ed498    00000002                     : hmrec.obj (.text:_HMREC_AbortRec)
                  003ed49a    00000002                     : hmrec.obj (.text:_HMREC_GetRecBuffSize)
                  003ed49c    00000002     main.obj (.text:_eWriteParElement)
                  003ed49e    00000002     rts2800_ml.lib : pre_init.c.obj (.text)
                  003ed4a0    00000001     CSMON_C28xx.lib : hmprotocol.obj (.text:_HMPROTOCOL_vInit)
                  003ed4a1    00000001                     : uart_drv.obj (.text:_UART_TxDis)
                  003ed4a2    00000001                     : uart_drv.obj (.text:_UART_TxEna)
                  003ed4a3    00000001     rts2800_ml.lib : startup.c.obj (.text)

ramfuncs   0    003ed4a4    00000029     RUN ADDR = 00008000
                  003ed4a4    0000001d     F2806x_SysCtrl.obj (ramfuncs:_InitFlash)
                  003ed4c1    00000008     device.obj (ramfuncs:_MyCallbackFunction)
                  003ed4c9    00000004     F2806x_usDelay.obj (ramfuncs)

csm_rsvd   0    003f7f80    00000076     
                  003f7f80    00000076     F2806x_CSMPasswords.obj (csm_rsvd)

codestart 
*          0    003f7ff6    00000002     
                  003f7ff6    00000002     F2806x_CodeStartBranch.obj (codestart)

csmpasswds 
*          0    003f7ff8    00000008     
                  003f7ff8    00000008     F2806x_CSMPasswords.obj (csmpasswds)

.stack     1    00000050    00000380     UNINITIALIZED
                  00000050    00000380     --HOLE--

.econst    0    003ed4ce    00001c94     
                  003ed4ce    00001900     csmon_config.obj (.econst:_asParameterList)
                  003eedce    00000100     CSMON_C28xx.lib : hmmodbus.obj (.econst:.string:_auchCRCHi)
                  003eeece    00000100                     : hmmodbus.obj (.econst:.string:_auchCRCLo)
                  003eefce    00000100     F2806x_PieVect.obj (.econst:_PieVectTableInit)
                  003ef0ce    00000050     CSMON_C28xx.lib : csmon.obj (.econst:_CSMON_asAccessLevelPasswords)
                  003ef11e    00000014                     : csmon.obj (.econst:_CSMON_au8FileImplementedFunctionCodes)
                  003ef132    00000010     main.obj (.econst)
                  003ef142    0000000e     CSMON_C28xx.lib : csmon.obj (.econst:_CSMON_au8FileParameterNumbElementsCountInPartTable)
                  003ef150    0000000c                     : hmprotocol.obj (.econst:.string)
                  003ef15c    00000006                     : csmon.obj (.econst:_CSMON_au8FileParameterListElementsCountInPartTable)

.reset     0    003fffc0    00000002     DSECT
                  003fffc0    00000002     rts2800_ml.lib : boot28.asm.obj (.reset)

vectors    0    003fffc2    00000000     DSECT

DevEmuRegsFile 
*          1    00000880    00000004     UNINITIALIZED
                  00000880    00000004     F2806x_GlobalVariableDefs.obj (DevEmuRegsFile)

SysPwrCtrlRegsFile 
*          1    00000985    00000003     UNINITIALIZED
                  00000985    00000003     F2806x_GlobalVariableDefs.obj (SysPwrCtrlRegsFile)

FlashRegsFile 
*          1    00000a80    00000008     UNINITIALIZED
                  00000a80    00000008     F2806x_GlobalVariableDefs.obj (FlashRegsFile)

CsmRegsFile 
*          1    00000ae0    00000010     UNINITIALIZED
                  00000ae0    00000010     F2806x_GlobalVariableDefs.obj (CsmRegsFile)

AdcResultFile 
*          1    00000b00    00000010     UNINITIALIZED
                  00000b00    00000010     F2806x_GlobalVariableDefs.obj (AdcResultFile)

CpuTimer0RegsFile 
*          1    00000c00    00000008     UNINITIALIZED
                  00000c00    00000008     F2806x_GlobalVariableDefs.obj (CpuTimer0RegsFile)

CpuTimer1RegsFile 
*          1    00000c08    00000008     UNINITIALIZED
                  00000c08    00000008     F2806x_GlobalVariableDefs.obj (CpuTimer1RegsFile)

CpuTimer2RegsFile 
*          1    00000c10    00000008     UNINITIALIZED
                  00000c10    00000008     F2806x_GlobalVariableDefs.obj (CpuTimer2RegsFile)

PieCtrlRegsFile 
*          1    00000ce0    0000001a     UNINITIALIZED
                  00000ce0    0000001a     F2806x_GlobalVariableDefs.obj (PieCtrlRegsFile)

PieVectTableFile 
*          1    00000d00    00000100     UNINITIALIZED
                  00000d00    00000100     F2806x_GlobalVariableDefs.obj (PieVectTableFile)

EmuKeyVar 
*          1    00000d00    00000001     UNINITIALIZED
                  00000d00    00000001     F2806x_GlobalVariableDefs.obj (EmuKeyVar)

EmuBModeVar 
*          1    00000d01    00000001     UNINITIALIZED
                  00000d01    00000001     F2806x_GlobalVariableDefs.obj (EmuBModeVar)

FlashCallbackVar 
*          1    00000d02    00000002     UNINITIALIZED
                  00000d02    00000002     F2806x_GlobalVariableDefs.obj (FlashCallbackVar)

FlashScalingVar 
*          1    00000d04    00000002     UNINITIALIZED
                  00000d04    00000002     F2806x_GlobalVariableDefs.obj (FlashScalingVar)

DmaRegsFile 
*          1    00001000    000000e0     UNINITIALIZED
                  00001000    000000e0     F2806x_GlobalVariableDefs.obj (DmaRegsFile)

Cla1RegsFile 
*          1    00001400    00000040     UNINITIALIZED
                  00001400    00000040     F2806x_GlobalVariableDefs.obj (Cla1RegsFile)

Usb0RegsFile 
*          1    00004000    00000454     UNINITIALIZED
                  00004000    00000454     F2806x_GlobalVariableDefs.obj (Usb0RegsFile)

McbspaRegsFile 
*          1    00005000    00000024     UNINITIALIZED
                  00005000    00000024     F2806x_GlobalVariableDefs.obj (McbspaRegsFile)

ECanaRegsFile 
*          1    00006000    00000034     UNINITIALIZED
                  00006000    00000034     F2806x_GlobalVariableDefs.obj (ECanaRegsFile)

ECanaLAMRegsFile 
*          1    00006040    00000040     UNINITIALIZED
                  00006040    00000040     F2806x_GlobalVariableDefs.obj (ECanaLAMRegsFile)

ECanaMOTSRegsFile 
*          1    00006080    00000040     UNINITIALIZED
                  00006080    00000040     F2806x_GlobalVariableDefs.obj (ECanaMOTSRegsFile)

ECanaMOTORegsFile 
*          1    000060c0    00000040     UNINITIALIZED
                  000060c0    00000040     F2806x_GlobalVariableDefs.obj (ECanaMOTORegsFile)

ECanaMboxesFile 
*          1    00006100    00000100     UNINITIALIZED
                  00006100    00000100     F2806x_GlobalVariableDefs.obj (ECanaMboxesFile)

Comp1RegsFile 
*          1    00006400    00000014     UNINITIALIZED
                  00006400    00000014     F2806x_GlobalVariableDefs.obj (Comp1RegsFile)

Comp2RegsFile 
*          1    00006420    00000014     UNINITIALIZED
                  00006420    00000014     F2806x_GlobalVariableDefs.obj (Comp2RegsFile)

Comp3RegsFile 
*          1    00006440    00000014     UNINITIALIZED
                  00006440    00000014     F2806x_GlobalVariableDefs.obj (Comp3RegsFile)

EPwm1RegsFile 
*          1    00006800    00000040     UNINITIALIZED
                  00006800    00000040     F2806x_GlobalVariableDefs.obj (EPwm1RegsFile)

EPwm2RegsFile 
*          1    00006840    00000040     UNINITIALIZED
                  00006840    00000040     F2806x_GlobalVariableDefs.obj (EPwm2RegsFile)

EPwm3RegsFile 
*          1    00006880    00000040     UNINITIALIZED
                  00006880    00000040     F2806x_GlobalVariableDefs.obj (EPwm3RegsFile)

EPwm4RegsFile 
*          1    000068c0    00000040     UNINITIALIZED
                  000068c0    00000040     F2806x_GlobalVariableDefs.obj (EPwm4RegsFile)

EPwm5RegsFile 
*          1    00006900    00000040     UNINITIALIZED
                  00006900    00000040     F2806x_GlobalVariableDefs.obj (EPwm5RegsFile)

EPwm6RegsFile 
*          1    00006940    00000040     UNINITIALIZED
                  00006940    00000040     F2806x_GlobalVariableDefs.obj (EPwm6RegsFile)

EPwm7RegsFile 
*          1    00006980    00000040     UNINITIALIZED
                  00006980    00000040     F2806x_GlobalVariableDefs.obj (EPwm7RegsFile)

EPwm8RegsFile 
*          1    000069c0    00000040     UNINITIALIZED
                  000069c0    00000040     F2806x_GlobalVariableDefs.obj (EPwm8RegsFile)

ECap1RegsFile 
*          1    00006a00    00000020     UNINITIALIZED
                  00006a00    00000020     F2806x_GlobalVariableDefs.obj (ECap1RegsFile)

ECap2RegsFile 
*          1    00006a20    00000020     UNINITIALIZED
                  00006a20    00000020     F2806x_GlobalVariableDefs.obj (ECap2RegsFile)

ECap3RegsFile 
*          1    00006a40    00000020     UNINITIALIZED
                  00006a40    00000020     F2806x_GlobalVariableDefs.obj (ECap3RegsFile)

HRCap1RegsFile 
*          1    00006ac0    00000020     UNINITIALIZED
                  00006ac0    00000020     F2806x_GlobalVariableDefs.obj (HRCap1RegsFile)

HRCap2RegsFile 
*          1    00006ae0    00000020     UNINITIALIZED
                  00006ae0    00000020     F2806x_GlobalVariableDefs.obj (HRCap2RegsFile)

EQep1RegsFile 
*          1    00006b00    00000022     UNINITIALIZED
                  00006b00    00000022     F2806x_GlobalVariableDefs.obj (EQep1RegsFile)

EQep2RegsFile 
*          1    00006b40    00000022     UNINITIALIZED
                  00006b40    00000022     F2806x_GlobalVariableDefs.obj (EQep2RegsFile)

HRCap3RegsFile 
*          1    00006c80    00000020     UNINITIALIZED
                  00006c80    00000020     F2806x_GlobalVariableDefs.obj (HRCap3RegsFile)

HRCap4RegsFile 
*          1    00006ca0    00000020     UNINITIALIZED
                  00006ca0    00000020     F2806x_GlobalVariableDefs.obj (HRCap4RegsFile)

GpioCtrlRegsFile 
*          1    00006f80    00000040     UNINITIALIZED
                  00006f80    00000040     F2806x_GlobalVariableDefs.obj (GpioCtrlRegsFile)

GpioDataRegsFile 
*          1    00006fc0    00000020     UNINITIALIZED
                  00006fc0    00000020     F2806x_GlobalVariableDefs.obj (GpioDataRegsFile)

GpioIntRegsFile 
*          1    00006fe0    00000020     UNINITIALIZED
                  00006fe0    00000020     F2806x_GlobalVariableDefs.obj (GpioIntRegsFile)

SysCtrlRegsFile 
*          1    00007010    00000030     UNINITIALIZED
                  00007010    00000030     F2806x_GlobalVariableDefs.obj (SysCtrlRegsFile)

SpiaRegsFile 
*          1    00007040    00000010     UNINITIALIZED
                  00007040    00000010     F2806x_GlobalVariableDefs.obj (SpiaRegsFile)

SciaRegsFile 
*          1    00007050    00000010     UNINITIALIZED
                  00007050    00000010     F2806x_GlobalVariableDefs.obj (SciaRegsFile)

NmiIntruptRegsFile 
*          1    00007060    00000010     UNINITIALIZED
                  00007060    00000010     F2806x_GlobalVariableDefs.obj (NmiIntruptRegsFile)

XIntruptRegsFile 
*          1    00007070    00000010     UNINITIALIZED
                  00007070    00000010     F2806x_GlobalVariableDefs.obj (XIntruptRegsFile)

AdcRegsFile 
*          1    00007100    00000050     UNINITIALIZED
                  00007100    00000050     F2806x_GlobalVariableDefs.obj (AdcRegsFile)

SpibRegsFile 
*          1    00007740    00000010     UNINITIALIZED
                  00007740    00000010     F2806x_GlobalVariableDefs.obj (SpibRegsFile)

ScibRegsFile 
*          1    00007750    00000010     UNINITIALIZED
                  00007750    00000010     F2806x_GlobalVariableDefs.obj (ScibRegsFile)

I2caRegsFile 
*          1    00007900    00000022     UNINITIALIZED
                  00007900    00000022     F2806x_GlobalVariableDefs.obj (I2caRegsFile)

PartIdRegsFile 
*          1    003d7e80    00000001     UNINITIALIZED
                  003d7e80    00000001     F2806x_GlobalVariableDefs.obj (PartIdRegsFile)

CsmPwlFile 
*          1    003f7ff8    00000008     UNINITIALIZED
                  003f7ff8    00000008     F2806x_GlobalVariableDefs.obj (CsmPwlFile)

.ebss.1    1    00008c00    00000400     UNINITIALIZED
                  00008c00    00000400     CSMON_C28xx.lib : modbusreg.obj (.ebss:_MODBUSREG_u32RegisterAccessTableInRam)

.ebss.2    1    00009000    00002dc6     UNINITIALIZED
                  00009000    00000800     CSMON_C28xx.lib : uart_drv.obj (.ebss:_UARTRxBufferTimeDiff)
                  00009800    00000800                     : hmrec.obj (.ebss:_au8RecBuffer0)
                  0000a000    00000800                     : hmrecparam.obj (.ebss:_au8RecParamBuffer0)
                  0000a800    00000400                     : uart_drv.obj (.ebss:_UARTRxBuffer)
                  0000ac00    000003de                     : modbusreg.obj (.ebss:_MODBUSREG_asFileTable)
                  0000afde    0000001c                     : csmon.obj (.ebss:_CSMON_au32FileParameterNumericFileRecordElementsRealAddressTable)
                  0000affa    00000006                     : hmprotocol.obj (.ebss)
                  0000b000    00000200                     : hmmodbus.obj (.ebss:_u32ModbusTimeoutBuffer)
                  0000b200    0000011a                     : hmmodbus.obj (.ebss)
                  0000b31a    0000001c                     : csmon.obj (.ebss:_CSMON_au32FileParameterNumericFileRecordElementsSizeTable)
                  0000b336    0000000a                     : hmdrv.obj (.ebss)
                  0000b340    00000100                     : hmmodbus.obj (.ebss:_HMMODBUS_anTxCheckSum)
                  0000b440    00000100                     : hmmodbus.obj (.ebss:_HMMODBUS_pCommBufferRx)
                  0000b540    00000100                     : hmmodbus.obj (.ebss:_HMMODBUS_pCommBufferTx)
                  0000b640    000000c8                     : csmon.obj (.ebss:_CSMON_asFileParameterDefinitionsFromAccessLevel)
                  0000b708    00000034                     : modbusreg.obj (.ebss)
                  0000b73c    00000004                     : csmon.obj (.ebss:_CSMON_au8FileRecorderStatusElementsSizeTable)
                  0000b740    000000c8                     : csmon.obj (.ebss:_CSMON_sFileParameterAccessList)
                  0000b808    0000002d                     : csmon.obj (.ebss:_CSMON_au8FileRecorderConfigElementsSizeTable)
                  0000b835    0000000a                     : csmon.obj (.ebss:_CSMON_au8FileParameterCountElementsSizeTable)
                  0000b83f    00000001                     : hmrec.obj (.ebss)
                  0000b840    0000009e                     : csmon.obj (.ebss)
                  0000b8de    0000001c                     : hmrecparam.obj (.ebss:_sRecExternParam)
                  0000b8fa    00000006                     : csmon.obj (.ebss:_CSMON_au32FileAutorization_FunctionAfterWriteFileRecord)
                  0000b900    00000079                     : hmserial.obj (.ebss:_pcm_pCommBuffer)
                  0000b979    00000006                     : csmon.obj (.ebss:_CSMON_au32FileParameterDefinitionsFileRecordElementsRecordToRecordOffsetSizeBytesTable)
                  0000b97f    00000001                     : hmscope.obj (.ebss)
                  0000b980    00000062                     : hmrecparam.obj (.ebss:_sRecHandleParam)
                  0000b9e2    00000014                     : csmon.obj (.ebss:_CSMON_au8FileRecorderDataElementsSizeTable)
                  0000b9f6    0000000a                     : csmon.obj (.ebss:_CSMON_au8FileRTCElementsSizeTable)
                  0000ba00    00000058                     : hmrec.obj (.ebss:_sRecHandle)
                  0000ba58    00000012                     : csmon.obj (.ebss:_CSMON_sFileAutorization)
                  0000ba6a    00000010                     : csmon.obj (.ebss:_CSMON_sFileParameterCount)
                  0000ba7a    00000006     rts2800_ml.lib : exit.c.obj (.ebss)
                  0000ba80    00000056     main.obj (.ebss)
                  0000bad6    0000002a     CSMON_C28xx.lib : csmon.obj (.ebss:_CSMON_au8FileScopeConfigurationElementsSizeTable)
                  0000bb00    00000040                     : csmon.obj (.ebss:_sRecConfigParam)
                  0000bb40    0000003e                     : hmscope.obj (.ebss:_sScopeHandle)
                  0000bb7e    00000002                     : hmlib.obj (.ebss)
                  0000bb80    0000003e                     : hmscopeparam.obj (.ebss:_sScopeHandlePrm)
                  0000bbbe    00000002                     : hmrecparam.obj (.ebss)
                  0000bbc0    0000002a                     : csmon.obj (.ebss:_sScopeConfigParam)
                  0000bbea    00000010                     : modbusreg.obj (.ebss:_MODBUSREG_au8DeviceIDMajorMinorRevision)
                  0000bbfa    00000004                     : uart_drv.obj (.ebss:_UARTRxBufferRDCount)
                  0000bbfe    00000002                     : hmscopeparam.obj (.ebss)
                  0000bc00    00000010                     : modbusreg.obj (.ebss:_MODBUSREG_au8DeviceIDModelName)
                  0000bc10    00000010                     : modbusreg.obj (.ebss:_MODBUSREG_au8DeviceIDProductCode)
                  0000bc20    00000010                     : modbusreg.obj (.ebss:_MODBUSREG_au8DeviceIDProductName)
                  0000bc30    00000010                     : modbusreg.obj (.ebss:_MODBUSREG_au8DeviceIDUserApplicationName)
                  0000bc40    00000010                     : modbusreg.obj (.ebss:_MODBUSREG_au8DeviceIDUserReserve0)
                  0000bc50    00000010                     : modbusreg.obj (.ebss:_MODBUSREG_au8DeviceIDUserReserve1)
                  0000bc60    00000010                     : modbusreg.obj (.ebss:_MODBUSREG_au8DeviceIDUserReserve2)
                  0000bc70    00000010                     : modbusreg.obj (.ebss:_MODBUSREG_au8DeviceIDVendorName)
                  0000bc80    00000010                     : modbusreg.obj (.ebss:_MODBUSREG_au8DeviceIDVendorUrl)
                  0000bc90    00000010                     : modbusreg.obj (.ebss:_MODBUSREG_au8ServerIDData)
                  0000bca0    00000010                     : hmrecparam.obj (.ebss:_sRecStatusParam)
                  0000bcb0    0000000e                     : tmr_drv.obj (.ebss)
                  0000bcbe    00000002     rts2800_ml.lib : _lock.c.obj (.ebss:__lock)
                  0000bcc0    0000000e     CSMON_C28xx.lib : csmon.obj (.ebss:_CSMON_au32FileParameterNumericFileRecordElementsRecordToRecordOffsetSizeBytesTable)
[...]
003ebab1  global    _GPIO_setPinConfigOutput (.text:_GPIO_setPinConfigOutput)


================================================================================

CSMON_C28xx.lib : sci.obj

Run/Load            
Value     Binding   Name (Section)
--------  --------  ---------------
0000000a  local     $C$L1 (.text:_SCI_writeCharArray)
00000006  local     $C$L10 (.text:_SCI_getInterruptStatus)
00000009  local     $C$L11 (.text:_SCI_getInterruptStatus)
0000000d  local     $C$L12 (.text:_SCI_getInterruptStatus)
0000000e  local     $C$L13 (.text:_SCI_getInterruptStatus)
00000012  local     $C$L14 (.text:_SCI_getInterruptStatus)
00000016  local     $C$L15 (.text:_SCI_getInterruptStatus)
00000019  local     $C$L16 (.text:_SCI_getInterruptStatus)
0000001c  local     $C$L17 (.text:_SCI_getInterruptStatus)
0000001f  local     $C$L18 (.text:_SCI_getInterruptStatus)
003ec9e8  local     $C$L19 (.text:_SCI_enableInterrupt)
00000012  local     $C$L2 (.text:_SCI_writeCharArray)
003ec9ec  local     $C$L20 (.text:_SCI_enableInterrupt)
003ec9f0  local     $C$L21 (.text:_SCI_enableInterrupt)
003ec9f6  local     $C$L22 (.text:_SCI_enableInterrupt)
003ec9fb  local     $C$L23 (.text:_SCI_enableInterrupt)
003ec9ce  local     $C$L24 (.text:_SCI_disableInterrupt)
003ec9d2  local     $C$L25 (.text:_SCI_disableInterrupt)
003ec9d6  local     $C$L26 (.text:_SCI_disableInterrupt)
003ec9dc  local     $C$L27 (.text:_SCI_disableInterrupt)
003ec9e1  local     $C$L28 (.text:_SCI_disableInterrupt)
003ec8fd  local     $C$L29 (.text:_SCI_clearInterruptStatus)
00000016  local     $C$L3 (.text:_SCI_writeCharArray)
003ec901  local     $C$L30 (.text:_SCI_clearInterruptStatus)
003ec907  local     $C$L31 (.text:_SCI_clearInterruptStatus)
003ec90c  local     $C$L32 (.text:_SCI_clearInterruptStatus)
00000021  local     $C$L4 (.text:_SCI_writeCharArray)
0000000a  local     $C$L5 (.text:_SCI_readCharArray)
00000012  local     $C$L6 (.text:_SCI_readCharArray)
00000015  local     $C$L7 (.text:_SCI_readCharArray)
0000001f  local     $C$L8 (.text:_SCI_readCharArray)
00000005  local     $C$L9 (.text:_SCI_getInterruptStatus)
00000000  local     .bss (.bss)
00000000  local     .data (.data)
00000000  local     .text (.text)
003ec8f1  local     .text:_SCI_clearInterruptStatus (.text:_SCI_clearInterruptStatus)
003ec9c8  local     .text:_SCI_disableInterrupt (.text:_SCI_disableInterrupt)
003ec9e2  local     .text:_SCI_enableInterrupt (.text:_SCI_enableInterrupt)
00000000  local     .text:_SCI_getInterruptStatus (.text:_SCI_getInterruptStatus)
00000000  local     .text:_SCI_readCharArray (.text:_SCI_readCharArray)
00000000  local     .text:_SCI_setConfig (.text:_SCI_setConfig)
00000000  local     .text:_SCI_writeCharArray (.text:_SCI_writeCharArray)
003ec8f1  global    _SCI_clearInterruptStatus (.text:_SCI_clearInterruptStatus)
003ec9c8  global    _SCI_disableInterrupt (.text:_SCI_disableInterrupt)
003ec9e2  global    _SCI_enableInterrupt (.text:_SCI_enableInterrupt)
00000000  global    _SCI_getInterruptStatus (.text:_SCI_getInterruptStatus)
00000000  global    _SCI_readCharArray (.text:_SCI_readCharArray)
00000000  global    _SCI_setConfig (.text:_SCI_setConfig)
00000000  global    _SCI_writeCharArray (.text:_SCI_writeCharArray)


================================================================================

CSMON_C28xx.lib : sci_drv.obj

Run/Load            
Value     Binding   Name (Section)
--------  --------  ---------------
00000013  local     $C$L1 (.text:_SCI_vErrorResetProcess)
0000002b  local     $C$L2 (.text:_SCI_vErrorResetProcess)
00000000  local     .bss (.bss)
00000000  local     .data (.data)
00000000  local     .ebss:_SCI_ErrorRx (.ebss:_SCI_ErrorRx)
00000000  local     .text (.text)
003ec59f  local     .text:_SCIA_RXFIFOISR (.text:_SCIA_RXFIFOISR)
003ec5c3  local     .text:_SCIA_TXFIFOISR (.text:_SCIA_TXFIFOISR)
003ec5e7  local     .text:_SCIB_RXFIFOISR (.text:_SCIB_RXFIFOISR)
003ec60b  local     .text:_SCIB_TXFIFOISR (.text:_SCIB_TXFIFOISR)
003ecf48  local     .text:_SCI_eGetModuleIndexFromBase (.text:_SCI_eGetModuleIndexFromBase)
003ed10a  local     .text:_SCI_u32GetBaseFromModuleIndex (.text:_SCI_u32GetBaseFromModuleIndex)
00000000  local     .text:_SCI_vErrorResetProcess (.text:_SCI_vErrorResetProcess)
00000000  local     .text:_SCI_vInitFIFO (.text:_SCI_vInitFIFO)
00000000  local     .text:_SCI_vInitFIFORegisters (.text:_SCI_vInitFIFORegisters)
003ec59f  global    _SCIA_RXFIFOISR (.text:_SCIA_RXFIFOISR)
003ec5c3  global    _SCIA_TXFIFOISR (.text:_SCIA_TXFIFOISR)
003ec5e7  global    _SCIB_RXFIFOISR (.text:_SCIB_RXFIFOISR)
003ec60b  global    _SCIB_TXFIFOISR (.text:_SCIB_TXFIFOISR)
00000000  global    _SCI_ErrorRx (.ebss:_SCI_ErrorRx)
003ecf48  global    _SCI_eGetModuleIndexFromBase (.text:_SCI_eGetModuleIndexFromBase)
003ed10a  global    _SCI_u32GetBaseFromModuleIndex (.text:_SCI_u32GetBaseFromModuleIndex)
00000000  global    _SCI_vErrorResetProcess (.text:_SCI_vErrorResetProcess)
00000000  global    _SCI_vInitFIFO (.text:_SCI_vInitFIFO)
00000000  global    _SCI_vInitFIFORegisters (.text:_SCI_vInitFIFORegisters)


================================================================================

rts2800_ml.lib : boot28.asm.obj

Run/Load            
Value     Binding   Name (Section)
--------  --------  ---------------
00000000  local     .bss (.bss)
00000000  local     .data (.data)
003fffc0  local     .reset (.reset)
00000050  local     .stack (.stack)
003ebcc3  local     .text (.text)
003ebd13  local     BYPASS_AUTO_INIT (.text)
003ebd13  local     DONE_INIT (.text)
003ebcf3  local     DO_BINIT (.text)
003ebcfd  local     DO_PINIT (.text)
003ebcef  local     GET_ADDR (.text)
003ebce4  local     GET_DATA (.text)
003ebcdd  local     LOOP (.text)
003ebd09  local     LOOP_PINIT (.text)
003ebceb  local     START (.text)
003ebd0e  local     START_PINIT (.text)
00000050  global    __stack (.stack)
003ebcc3  global    _c_int00 (.text)


================================================================================

rts2800_ml.lib : epilog28.asm.obj

Run/Load            
Value     Binding   Name (Section)
--------  --------  ---------------
00000000  local     .bss (.bss)
00000000  local     .data (.data)
003ecf1b  local     .text (.text)
003ecf1b  global    _epilog_c28x_1 (.text)
003ecf1f  global    _epilog_c28x_2 (.text)


================================================================================

rts2800_ml.lib : fd_mpy28.asm.obj

Run/Load            
Value     Binding   Name (Section)
--------  --------  ---------------
00000000  local     .bss (.bss)
00000000  local     .data (.data)
003eb66d  local     .text (.text)
003eb66d  global    FD$$MPY (.text)
003eb6e8  local     OVERFLOW (.text)
003eb6e3  local     RETURN (.text)
003eb6e1  local     RETURN_VALUE (.text)
003eb6d3  local     RND64_SET_MANT$3$ (.text)
003eb6c8  local     ROUND (.text)
003eb6ee  local     UNDERFLOW (.text)


================================================================================

rts2800_ml.lib : fd_sub28.asm.obj

Run/Load            
Value     Binding   Name (Section)
--------  --------  ---------------
00000000  local     .bss (.bss)
00000000  local     .data (.data)
003ece82  local     .text (.text)
003ece82  global    FD$$SUB (.text)


================================================================================

rts2800_ml.lib : fd_toul28.asm.obj

Run/Load            
Value     Binding   Name (Section)
--------  --------  ---------------
00000000  local     .bss (.bss)
00000000  local     .data (.data)
003ec95f  local     .text (.text)
003ec95f  global    FD$$TOUL (.text)
003ec975  local     OVERFLOW (.text)
003ec974  local     RETURN_VALUE (.text)
003ec978  local     UNDERFLOW (.text)


================================================================================

rts2800_ml.lib : fs_cmp28.asm.obj

Run/Load            
Value     Binding   Name (Section)
--------  --------  ---------------
00000000  local     .bss (.bss)
00000000  local     .data (.data)
003ecb4e  local     .text (.text)
003ecb57  local     CHECK_SIGNS (.text)
003ecb64  local     DONE (.text)
003ecb4e  global    FS$$CMP (.text)
003ecb54  local     OP1_GT_OP2 (.text)
003ecb5b  local     OP1_NONNEG (.text)
003ecb5e  local     OP2_NONNEG (.text)
003ecb56  local     OPS_EQ (.text)


================================================================================

rts2800_ml.lib : fs_div28.asm.obj

Run/Load            
Value     Binding   Name (Section)
--------  --------  ---------------
00000000  local     .bss (.bss)
00000000  local     .data (.data)
003eb6f0  local     .text (.text)
003eb6f0  global    FS$$DIV (.text)
003eb751  local     OP1_ZERO (.text)
003eb766  local     OP2_ZERO (.text)
003eb757  local     OVERFLOW (.text)
003eb751  local     RETURN_VALUE (.text)
003eb763  local     UNDERFLOW (.text)


================================================================================

rts2800_ml.lib : fs_mpy28.asm.obj

Run/Load            
Value     Binding   Name (Section)
--------  --------  ---------------
00000000  local     .bss (.bss)
00000000  local     .data (.data)
003ebb0b  local     .text (.text)
003ebb0b  global    FS$$MPY (.text)
003ebb47  local     NORMALIZED (.text)
003ebb57  local     OP_ZERO (.text)
003ebb5d  local     OVERFLOW (.text)
003ebb57  local     RETURN_VALUE (.text)
003ebb62  local     UNDERFLOW (.text)


================================================================================

rts2800_ml.lib : fs_tou28.asm.obj

Run/Load            
Value     Binding   Name (Section)
--------  --------  ---------------
00000000  local     .bss (.bss)
00000000  local     .data (.data)
003ec89b  local     .text (.text)
003ec89b  global    FS$$TOU (.text)
003ec8b3  local     NEGATIVE (.text)
003ec8b5  local     OVERFLOW (.text)
003ec8b2  local     RETURN (.text)
003ec8b3  local     UNDERFLOW (.text)
003ec8b2  local     ZERO (.text)


================================================================================

rts2800_ml.lib : fs_toul28.asm.obj

Run/Load            
Value     Binding   Name (Section)
--------  --------  ---------------
00000000  local     .bss (.bss)
00000000  local     .data (.data)
003ec746  local     .text (.text)
003ec746  global    FS$$TOUL (.text)
003ec764  local     NEGATIVE (.text)
003ec75f  local     OVERFLOW (.text)
003ec75e  local     RETURN (.text)
003ec75d  local     RETURN1 (.text)
003ec764  local     UNDERFLOW (.text)


================================================================================

rts2800_ml.lib : ll_div28.asm.obj

Run/Load            
Value     Binding   Name (Section)
--------  --------  ---------------
003ea606  local     $10 (.text)
003ea612  local     $15 (.text)
003ea647  local     $20 (.text)
003ea641  local     $25 (.text)
003ea64d  local     $30 (.text)
003ea67b  local     $35 (.text)
003ea6aa  local     $40 (.text)
003ea60c  local     $5_$2 (.text)
00000000  local     .bss (.bss)
00000000  local     .data (.data)
003ea5f8  local     .text (.text)
003ea61c  local     CHECK_SIGN1 (.text)
003ea657  local     CHECK_SIGN2 (.text)
003ea68f  local     DGT3 (.text)
003ea691  local     DIVUDenHighZero (.text)
003ea626  local     EQ0 (.text)
003ea621  local     EQ1 (.text)
003ea65f  local     EQ2 (.text)
003ea68a  local     EQ3 (.text)
003ea6bb  local     EQ4 (.text)
003ea5f8  global    LL$$DIV (.text)
003ea634  global    LL$$MOD (.text)
003ea6da  local     LOOP (.text)
003ea6c9  local     MAINDIV (.text)
003ea6e8  local     MD_NEQ (.text)
003ea6bd  local     MODUDenHighZero (.text)
003ea61f  local     RET1 (.text)
003ea65a  local     RET2 (.text)
003ea688  local     RET3 (.text)
003ea6b7  local     RET4 (.text)
003ea65c  local     RET_NUM1 (.text)
003ea6b9  local     RET_NUM2 (.text)
003ea628  local     SDIVUDenHighZero (.text)
003ea6f2  local     SKIP (.text)
003ea6f4  local     SKIP1 (.text)
003ea662  local     SMODUDenHighZero (.text)
003ea66e  global    ULL$$DIV (.text)
003ea69d  global    ULL$$MOD (.text)


================================================================================

rts2800_ml.lib : u_div28.asm.obj

Run/Load            
Value     Binding   Name (Section)
--------  --------  ---------------
00000000  local     .bss (.bss)
00000000  local     .data (.data)
003ecf5e  local     .text (.text)
003ecf5e  global    U$$DIV (.text)
003ecf63  global    U$$MOD (.text)


================================================================================

rts2800_ml.lib : u_tofd28.asm.obj

Run/Load            
Value     Binding   Name (Section)
--------  --------  ---------------
00000000  local     .bss (.bss)
00000000  local     .data (.data)
003ecb65  local     .text (.text)
003ecb72  local     NORMALIZE (.text)
003ecb7a  local     OP_ZERO (.text)
003ecb74  local     PACK (.text)
003ecb79  local     RETURN (.text)
003ecb77  local     RETURN_VALUE (.text)
003ecb65  global    U$$TOFD (.text)


================================================================================

rts2800_ml.lib : u_tofs28.asm.obj

Run/Load            
Value     Binding   Name (Section)
--------  --------  ---------------
00000000  local     .bss (.bss)
00000000  local     .data (.data)
003ecd90  local     .text (.text)
003ecd9f  local     RESTORE (.text)
003ecd90  global    U$$TOFS (.text)
003ecd9f  local     ZERO (.text)


================================================================================

rts2800_ml.lib : l_tofs28.asm.obj

Run/Load            
Value     Binding   Name (Section)
--------  --------  ---------------
00000000  local     .bss (.bss)
00000000  local     .data (.data)
003ec9fc  local     .text (.text)
003ec9fc  global    L$$TOFS (.text)
003eca12  local     OVERFLOW (.text)
003eca11  local     RETURN (.text)
003eca11  local     ZERO (.text)


================================================================================

rts2800_ml.lib : ul_tofs28.asm.obj

Run/Load            
Value     Binding   Name (Section)
--------  --------  ---------------
00000000  local     .bss (.bss)
00000000  local     .data (.data)
003ecc38  local     .text (.text)
003ecc40  local     LEFT_SHIFT (.text)
003ecc42  local     PACK (.text)
003ecc4a  local     RETURN (.text)
003ecc38  global    UL$$TOFS (.text)
003ecc4a  local     ZERO (.text)


================================================================================

rts2800_ml.lib : prolog28.asm.obj

Run/Load            
Value     Binding   Name (Section)
--------  --------  ---------------
00000000  local     .bss (.bss)
00000000  local     .data (.data)
003eca7a  local     .text (.text)
003eca7a  global    _prolog_c28x_1 (.text)
003eca7e  global    _prolog_c28x_2 (.text)
003eca86  global    _prolog_c28x_3 (.text)


================================================================================

rts2800_ml.lib : fd_div28.asm.obj

Run/Load            
Value     Binding   Name (Section)
--------  --------  ---------------
003eb59b  local     $1_$3 (.text)
003eb5a6  local     $2_$3 (.text)
00000000  local     .bss (.bss)
00000000  local     .data (.data)
003eb55f  local     .text (.text)
003eb5b5  local     DIV_END (.text)
003eb596  local     DIV_START (.text)
003eb55f  global    FD$$DIV (.text)
003eb5b8  local     NORMALIZE (.text)
003eb5e2  local     OVERFLOW (.text)
003eb5dd  local     RETURN (.text)
003eb5db  local     RETURN_VALUE (.text)
003eb5cd  local     RND64_SET_MANT$3$ (.text)
003eb5c1  local     ROUND (.text)
003eb5e8  local     UNDERFLOW (.text)


================================================================================

rts2800_ml.lib : cpy_tbl.c.obj

Run/Load            
Value     Binding   Name (Section)
--------  --------  ---------------
003ec67f  local     $C$L1 (.text)
003ec692  local     $C$L2 (.text)
003ec693  local     $C$L3 (.text)
00000000  local     .bss (.bss)
00000000  local     .data (.data)
003ec677  local     .text (.text)
003ec677  global    _copy_in (.text)


================================================================================

rts2800_ml.lib : memcpy.c.obj

Run/Load            
Value     Binding   Name (Section)
--------  --------  ---------------
003ec8be  local     $C$L1 (.text)
003ec8c2  local     $C$L2 (.text)
003ec8c9  local     $C$L3 (.text)
003ec8cb  local     $C$L4 (.text)
003ec8d3  local     $C$L5 (.text)
00000000  local     .bss (.bss)
00000000  local     .data (.data)
003ec8b8  local     .text (.text)
003ec8b8  global    _memcpy (.text)


================================================================================

rts2800_ml.lib : pre_init.c.obj

Run/Load            
Value     Binding   Name (Section)
--------  --------  ---------------
00000000  local     .bss (.bss)
00000000  local     .data (.data)
003ed49e  local     .text (.text)
003ed49e  global    __system_pre_init (.text)


================================================================================

rts2800_ml.lib : startup.c.obj

Run/Load            
Value     Binding   Name (Section)
--------  --------  ---------------
00000000  local     .bss (.bss)
00000000  local     .data (.data)
003ed4a3  local     .text (.text)
003ed4a3  global    __system_post_cinit (.text)


================================================================================

rts2800_ml.lib : exit.c.obj

Run/Load            
Value     Binding   Name (Section)
--------  --------  ---------------
003ec420  local     $C$L1 (.text)
003ec433  local     $C$L2 (.text)
003ec43e  local     $C$L3 (.text)
003ec444  local     $C$L4 (.text)
00000000  local     .bss (.bss)
003ef6ca  local     .cinit (.cinit)
00000000  local     .data (.data)
0000ba7a  local     .ebss (.ebss)
003ec41f  local     .text (.text)
003ec41f  global    C$$EXIT (.text)
0000ba7c  global    ___TI_cleanup_ptr (.ebss)
0000ba7e  global    ___TI_dtors_ptr (.ebss)
0000ba7a  global    ___TI_enable_exit_profile_output (.ebss)
003ec41f  global    _abort (.text)
003ec421  global    _exit (.text)


================================================================================

rts2800_ml.lib : _lock.c.obj

Run/Load            
Value     Binding   Name (Section)
--------  --------  ---------------
00000000  local     .bss (.bss)
003ef817  local     .cinit:__lock (.cinit:__lock)
003ef81c  local     .cinit:__unlock (.cinit:__unlock)
00000000  local     .data (.data)
0000bcbe  local     .ebss:__lock (.ebss:__lock)
0000bcfe  local     .ebss:__unlock (.ebss:__unlock)
003ed00e  local     .text (.text)
0000bcbe  global    __lock (.ebss:__lock)
003ed016  global    __nop (.text)
003ed012  global    __register_lock (.text)
003ed00e  global    __register_unlock (.text)
0000bcfe  global    __unlock (.ebss:__unlock)


================================================================================

rts2800_ml.lib : args_main.c.obj

Run/Load            
Value     Binding   Name (Section)
--------  --------  ---------------
003ecd2a  local     $C$L1 (.text)
003ecd2d  local     $C$L2 (.text)
00000000  local     .bss (.bss)
00000000  local     .data (.data)
003ecd1f  local     .text (.text)
003ecd1f  global    __args_main (.text)


================================================================================

rts2800_ml.lib : fd_add28.asm.obj

Run/Load            
Value     Binding   Name (Section)
--------  --------  ---------------
00000000  local     .bss (.bss)
00000000  local     .data (.data)
003eb1e3  local     .text (.text)
003eb23a  local     ADD_OP (.text)
003eb201  local     EXP1_NZ (.text)
003eb21b  local     EXP2_NZ (.text)
003eb1e3  global    FD$$ADD (.text)
003eb246  local     NORMALIZE (.text)
003eb23e  local     NO_ADD (.text)
003eb271  local     OP1_ZERO (.text)
003eb274  local     OP2_ZERO (.text)
003eb277  local     OVERFLOW (.text)
003eb22a  local     PREP_ADD (.text)
003eb26c  local     RETURN (.text)
003eb26a  local     RETURN_VALUE (.text)
003eb25d  local     RND64_SET_MANT$4$ (.text)
003eb1f9  local     SAVE_MN1 (.text)
003eb213  local     SAVE_MN2 (.text)
003eb27d  local     UNDERFLOW (.text)


================================================================================

