******************************************************************************
             TMS320C2000 Linker PC v22.6.0                     
******************************************************************************
>> Linked Fri Dec 16 00:04:53 2022

OUTPUT FILE NAME:   <../../../04_Output_Files/ReleaseCS1107/TEST_CSMON_C28xx.out>
ENTRY POINT SYMBOL: "_c_int00"  address: 000891bc


MEMORY CONFIGURATION

         name            origin    length      used     unused   attr    fill
----------------------  --------  ---------  --------  --------  ----  --------
PAGE 0:
  RAMM0                 00000122   000002de  00000000  000002de  RWIX
  RAMLS0                00008000   00000800  00000062  0000079e  RWIX
  RAMLS1                00008800   00000800  00000000  00000800  RWIX
  RAMLS2                00009000   00000800  00000000  00000800  RWIX
  RAMLS3                00009800   00000800  00000000  00000800  RWIX
  RAMLS4                0000a000   00000800  00000000  00000800  RWIX
  RAMD0                 0000b000   00000800  00000000  00000800  RWIX
  RAMGS14               0001a000   00001000  00000000  00001000  RWIX
  RAMGS15               0001b000   00001000  00000000  00001000  RWIX
  BEGIN                 00080000   00000002  00000000  00000002  RWIX
  FLASHA                00080002   00001ffe  00000000  00001ffe  RWIX
  FLASHB                00082000   00002000  00002000  00000000  RWIX
  FLASHC                00084000   00002000  00002000  00000000  RWIX
  FLASHD                00086000   00002000  00001ffe  00000002  RWIX
  FLASHE                00088000   00008000  000027ce  00005832  RWIX
  FLASHF                00090000   00008000  000002a1  00007d5f  RWIX
  FLASHG                00098000   00008000  00000000  00008000  RWIX
  FLASHH                000a0000   00018000  00015800  00002800  RWIX
  FLASHK                000b8000   00002000  00000000  00002000  RWIX
  FLASHL                000ba000   00002000  00000000  00002000  RWIX
  FLASHM                000bc000   00002000  00000000  00002000  RWIX
  FLASHN                000be000   00002000  00000000  00002000  RWIX
  RESET                 003fffc0   00000002  00000000  00000002  RWIX

PAGE 1:
  BOOT_RSVD             00000002   00000120  00000000  00000120  RWIX
  RAMM1                 00000400   00000400  00000380  00000080  RWIX
  EMIF2_CS2n            00002000   00001000  00000000  00001000  RWIX
  RAMLS5                0000a800   00000800  00000800  00000000  RWIX
  RAMD1                 0000b800   00000800  00000000  00000800  RWIX
  RAMGS0                0000c000   00001000  00001000  00000000  RWIX
  RAMGS1                0000d000   00001000  00001000  00000000  RWIX
  RAMGS2                0000e000   00004000  00000e0b  000031f5  RWIX
  RAMGS6                00012000   00001000  00000000  00001000  RWIX
  RAMGS7                00013000   00001000  00000000  00001000  RWIX
  RAMGS8                00014000   00001000  00000000  00001000  RWIX
  RAMGS9                00015000   00001000  00000000  00001000  RWIX
  RAMGS10               00016000   00001000  00000000  00001000  RWIX
  RAMGS11               00017000   00001000  00000000  00001000  RWIX
  RAMGS12               00018000   00001000  00000000  00001000  RWIX
  RAMGS13               00019000   00001000  00000000  00001000  RWIX
  CPU2TOCPU1RAM         0003f800   00000400  00000000  00000400  RWIX
  CPU1TOCPU2RAM         0003fc00   00000400  00000000  00000400  RWIX
  EMIF1_CS2n            00100000   00200000  00000000  00200000  RWIX
  FPGA_RAM              00300000   00000010  0000000a  00000006  RWIX
  EMIF1_CS4n            00380000   00060000  00000000  00060000  RWIX
  EMIF1_CS0n            80000000   10000000  00000000  10000000  RWIX
  EMIF2_CS0n            90000000   10000000  00000000  10000000  RWIX


SECTION ALLOCATION MAP

 output                                  attributes/
section   page    origin      length       input sections
--------  ----  ----------  ----------   ----------------
.cinit     0    00082000    00000980     
                  00082000    000001ae     CSMON_C28xx.lib : hmmodbus.obj (.cinit)
                  000821ae    000001a0     main.obj (.cinit)
                  0008234e    0000010a     CSMON_C28xx.lib : fpga_sci.obj (.cinit)
                  00082458    000000e3                     : csmon.obj (.cinit)
                  0008253b    00000084                     : modbusreg.obj (.cinit)
                  000825bf    0000003f                     : csmon.obj (.cinit:_CSMON_au8FileRecorderDataElementsSizeTable)
                  000825fe    00000033                     : hmrecparam.obj (.cinit:_sRecStatusParam)
                  00082631    00000030                     : csmon.obj (.cinit:_CSMON_au8FileRecorderConfigElementsSizeTable)
                  00082661    0000002d     PERIPHERAL_C28xx.lib : i2c_driver.obj (.cinit:_i2cMsgOut)
                  0008268e    0000002b     CSMON_C28xx.lib : csmon.obj (.cinit:_CSMON_au8FileScopeConfigurationElementsSizeTable)
                  000826b9    0000002a     emif_driver.obj (.cinit)
                  000826e3    00000025     PERIPHERAL_C28xx.lib : i2c_driver.obj (.cinit:_i2cMsgIn)
                  00082708    0000001f     CSMON_C28xx.lib : hmrecparam.obj (.cinit:_sRecStatusParamInternal)
                  00082727    00000015                     : csmon.obj (.cinit:_CSMON_sFileAutorization)
                  0008273c    00000014                     : hmdrv.obj (.cinit)
                  00082750    00000014                     : hmprotocol.obj (.cinit)
                  00082764    00000013                     : modbusreg.obj (.cinit:_MODBUSREG_au8DeviceIDUserApplicationName)
                  00082777    00000013                     : modbusreg.obj (.cinit:_MODBUSREG_au8DeviceIDVendorUrl)
                  0008278a    00000013                     : modbusreg.obj (.cinit:_MODBUSREG_au8ServerIDData)
                  0008279d    0000000f                     : device.obj (.cinit)
                  000827ac    0000000f                     : csmon.obj (.cinit:_CSMON_sDateTime)
                  000827bb    0000000f                     : csmon.obj (.cinit:_CSMON_sDateTimeApplication)
                  000827ca    0000000f                     : csmon.obj (.cinit:_CSMON_sDateTimeDefault)
                  000827d9    0000000f                     : modbusreg.obj (.cinit:_MODBUSREG_au8DeviceIDModelName)
                  000827e8    0000000e     rts2800_fpu32.lib : exit.c.obj (.cinit)
                  000827f6    0000000d     CSMON_C28xx.lib : tmr_drv.obj (.cinit)
                  00082803    0000000d                     : csmon.obj (.cinit:_CSMON_au8FileParameterCountElementsSizeTable)
                  00082810    0000000d                     : csmon.obj (.cinit:_CSMON_au8FileRTCElementsSizeTable)
                  0008281d    0000000d                     : csmon.obj (.cinit:_sHashKey)
                  0008282a    0000000c     PERIPHERAL_C28xx.lib : ds3231mz.obj (.cinit)
                  00082836    0000000c     CSMON_C28xx.lib : csmon.obj (.cinit:_CSMON_au8FileParameterNumericElementsSizeTable)
                  00082842    0000000c                     : modbusreg.obj (.cinit:_MODBUSREG_au8DeviceIDProductName)
                  0008284e    0000000c                     : modbusreg.obj (.cinit:_MODBUSREG_au8DeviceIDUserReserve0)
                  0008285a    0000000c                     : modbusreg.obj (.cinit:_MODBUSREG_au8DeviceIDUserReserve1)
                  00082866    0000000c                     : modbusreg.obj (.cinit:_MODBUSREG_au8DeviceIDUserReserve2)
                  00082872    0000000c                     : modbusreg.obj (.cinit:_MODBUSREG_au8DeviceIDVendorName)
                  0008287e    0000000b                     : hmrecparam.obj (.cinit:_HMRECPRM_sDateTime)
                  00082889    0000000b                     : uart_drv.obj (.cinit:_UART_RXIntOverflowCounter)
                  00082894    0000000b                     : tmr_drv.obj (.cinit:_pfDelayedFunction)
                  0008289f    0000000b                     : tmr_drv.obj (.cinit:_pfDelayedFunction_u8)
                  000828aa    0000000b                     : uart_drv.obj (.cinit:_u32TimeDiffLast)
                  000828b5    0000000b                     : uart_drv.obj (.cinit:_u32TimeDiffNow)
                  000828c0    0000000b                     : uart_drv.obj (.cinit:_u32TimeDiffRead)
                  000828cb    00000009                     : hmserial.obj (.cinit)
                  000828d4    00000009                     : csmon.obj (.cinit:_CSMON_au32FileAutorization_FunctionAfterWriteFileRecord)
                  000828dd    00000009                     : csmon.obj (.cinit:_CSMON_sFileParameterCount)
                  000828e6    00000009                     : hmscopeparam.obj (.cinit:_pBufferScope)
                  000828ef    00000008                     : hmlib.obj (.cinit)
                  000828f7    00000007                     : csmon.obj (.cinit:_CSMON_au8FileParameterListElementsSizeTablePart1)
                  000828fe    00000007                     : csmon.obj (.cinit:_CSMON_au8FileRecorderStatusElementsSizeTable)
                  00082905    00000007                     : hmmodbus.obj (.cinit:_HMMODBUS_u32RegisterAddressInRamDummy)
                  0008290c    00000007                     : modbusreg.obj (.cinit:_MODBUSREG_au8DeviceIDMajorMinorRevision)
                  00082913    00000007                     : modbusreg.obj (.cinit:_MODBUSREG_au8DeviceIDProductCode)
                  0008291a    00000007                     : uart_drv.obj (.cinit:_UARTRxBufferRDCount)
                  00082921    00000007                     : uart_drv.obj (.cinit:_UARTRxBufferRDIndex)
                  00082928    00000007                     : uart_drv.obj (.cinit:_UARTRxBufferWRCount)
                  0008292f    00000007                     : uart_drv.obj (.cinit:_UARTRxBufferWRIndex)
                  00082936    00000006                     : csmon.obj (.cinit:_CSMON_abFileAutorization_RecordReadOnly)
                  0008293c    00000006                     : csmon.obj (.cinit:_CSMON_abFileAutorization_RecordStringData)
                  00082942    00000006                     : csmon.obj (.cinit:_CSMON_au16FileAutorization_RecordOffsets)
                  00082948    00000006                     : csmon.obj (.cinit:_CSMON_au8FileRecorderDataElementsSizeTableUsedLength)
                  0008294e    00000006                     : csmon.obj (.cinit:_CSMON_sFileProtocolVersion)
                  00082954    00000005     rts2800_fpu32.lib : _lock.c.obj (.cinit:__lock)
                  00082959    00000005                       : _lock.c.obj (.cinit:__unlock)
                  0008295e    00000004     CSMON_C28xx.lib : hmscopeparam.obj (.cinit)
                  00082962    00000004                     : uart_drv.obj (.cinit)
                  00082966    00000004                     : csmon.obj (.cinit:_CSMON_au8FileParameterListElementsSizeTablePart2)
                  0008296a    00000004                     : csmon.obj (.cinit:_CSMON_au8FileParameterListElementsSizeTablePart3)
                  0008296e    00000004                     : csmon.obj (.cinit:_CSMON_au8FileScopeStatusElementsSizeTable)
                  00082972    00000004                     : csmon.obj (.cinit:_CSMON_sFileParameterAccessList)
                  00082976    00000004                     : modbusreg.obj (.cinit:_MODBUSREG_asFileTable)
                  0008297a    00000004     PERIPHERAL_C28xx.lib : ds3231mz.obj (.cinit:_au8ReadBuffer)
                  0008297e    00000002     --HOLE-- [fill = 0]

.pinit     0    00082000    00000000     UNINITIALIZED

.TI.ramfunc 
*          0    00086000    00000062     RUN ADDR = 00008000
                  00086000    0000005e     flash.obj (.TI.ramfunc)
                  0008605e    00000004     sysctl.obj (.TI.ramfunc)

.stack     1    00000400    00000380     UNINITIALIZED
                  00000400    00000380     --HOLE--

.switch    0    00082980    00000020     
                  00082980    00000020     CSMON_C28xx.lib : csmon.obj (.switch:_CSMON_eSetParameter)

.reset     0    003fffc0    00000002     DSECT
                  003fffc0    00000002     rts2800_fpu32.lib : boot28.asm.obj (.reset)

.fpgaram   1    00300000    0000000a     UNINITIALIZED
                  00300000    0000000a     fpga_driver.obj (.fpgaram)

GETBUFFER 
*          0    0003f800    00000000     DSECT

GETWRITEIDX 
*          0    0003f800    00000000     DSECT

PUTREADIDX 
*          0    0003f800    00000000     DSECT

.text.1    0    000829a0    00001660     
                  000829a0    00000a52     CSMON_C28xx.lib : modbusreg.obj (.text:_MODBUSREG_AddressTablesInit)
                  000833f2    00000531                     : csmon.obj (.text:_CSMON_eSetParameter)
                  00083923    000004b3     main.obj (.text)
                  00083dd6    00000221     CSMON_C28xx.lib : hmdrv.obj (.text:_HMDRV_vInit)
                  00083ff7    00000009                     : csmon.obj (.text:_CSMON_eSetServerOnStatus)

.text.2    0    00084000    00002000     
                  00084000    000018a6     CSMON_C28xx.lib : hmmodbus.obj (.text:_HMMODBUS_bDecoder)
                  000858a6    00000436     sysctl.obj (.text)
                  00085cdc    000002b7     emif_driver.obj (.text)
                  00085f93    0000006d     CSMON_C28xx.lib : modbusreg.obj (.text:_MODBUSREG_vInit)

.text.3    0    00086064    00001f9c     
                  00086064    00000283     CSMON_C28xx.lib : hmdrv.obj (.text:_HMDRV_CopyMemory)
                  000862e7    000001bc                     : csmon.obj (.text:_CSMON_eInit)
                  000864a3    00000001                     : hmprotocol.obj (.text:_HMPROTOCOL_vInit)
                  000864a4    000001a9     PERIPHERAL_C28xx.lib : i2c_driver.obj (.text)
                  0008664d    00000192     CSMON_C28xx.lib : csmon.obj (.text:_CSMON_eProcess)
                  000867df    0000018d     gpio.obj (.text)
                  0008696c    0000016f     CSMON_C28xx.lib : hmdrv.obj (.text:_HMDRV_CopyToBufferInternal)
                  00086adb    0000016e                     : csmon.obj (.text:_CSMON_eSetUpRecParam)
                  00086c49    00000163                     : hmmodbus.obj (.text:_HMMODBUS_Rx)
                  00086dac    00000161                     : csmon.obj (.text:_CSMON_u32GetParameterListCheckSum)
                  00086f0d    00000001     rts2800_fpu32.lib : startup.c.obj (.text)
                  00086f0e    0000015c     CSMON_C28xx.lib : csmon.obj (.text:_CSMON_vSaveRecorderConfiguration)
                  0008706a    00000156     interrupt.obj (.text)
                  000871c0    0000011f     CSMON_C28xx.lib : hmmodbus.obj (.text:_HMMODBUS_GetRealRegisterAddressAndSize)
                  000872df    0000011b                     : hmmodbus.obj (.text:_HMMODBUS_vSetFreeRunTimerPrescaller)
                  000873fa    00000107     rts2800_fpu32.lib : ll_div28.asm.obj (.text)
                  00087501    000000f9     CSMON_C28xx.lib : hmprotocol.obj (.text:_HMPROTOCOL_bDecoder)
                  000875fa    000000f4                     : csmon.obj (.text:_CSMON_vFileRecoderStatusFix)
                  000876ee    000000e1                     : device.obj (.text:_Device_enableAllPeripherals)
                  000877cf    000000e0     PERIPHERAL_C28xx.lib : i2c_driver.obj (.text:retain)
                  000878af    000000d8     CSMON_C28xx.lib : csmon.obj (.text:_CSMON_vSetupHoldingRegistersAndCoilsAddressTableFromCSMONParameterList)
                  00087987    000000d8                     : hmrecparam.obj (.text:_HMRECPRM_vProcess)
                  00087a5f    000000d5     sci.obj (.text)
                  00087b34    000000cf     CSMON_C28xx.lib : csmon.obj (.text:_CSMON_vSaveRecorderConfigTrigger)
                  00087c03    000000c4                     : hmrecparam.obj (.text:_HMRECPRM_SetUpRec)
                  00087cc7    00000001     --HOLE-- [fill = 0]
                  00087cc8    000000c1                     : csmon.obj (.text:_CSMON_vInitRecorders)
                  00087d89    000000c0                     : hmrec.obj (.text:_HMREC_SetUpRec)
                  00087e49    000000bf                     : hmdrv.obj (.text:_HMDRV_CopyToBufferInternalModbus)
                  00087f08    000000be                     : tmr_drv.obj (.text:_TMR2_ISR)
                  00087fc6    0000003a                     : csmon.obj (.text:_CSMON_vSetupHoldingRegistersAndCoilsAddressTableAccessAll)

.text.4    0    00088000    000027ce     
                  00088000    000000b9     CSMON_C28xx.lib : csmon.obj (.text:_CSMON_vCheckSaveRecorderTable)
                  000880b9    00000001     --HOLE-- [fill = 0]
                  000880ba    000000b4                     : csmon.obj (.text:_CSMON_vLoadRecorderConfiguration)
                  0008816e    000000b3                     : hmdrv.obj (.text:_HMDRV_CopyFromBufferInternalModbusBitField)
                  00088221    000000a5                     : modbusreg.obj (.text:_MODBUSREG_vFileAllowAccess)
                  000882c6    000000a4                     : csmon.obj (.text:_CSMON_vPrepareFileParameterAccessList)
                  0008836a    000000a0                     : csmon.obj (.text:_CSMON_u32GetParameterCheckSum)
                  0008840a    0000009c     rts2800_fpu32.lib : fd_add28.asm.obj (.text)
                  000884a6    0000009a     i2c.obj (.text)
                  00088540    00000094     CSMON_C28xx.lib : csmon.obj (.text:_CSMON_u32GetParameterNumbCheckSum)
                  000885d4    00000091                     : csmon.obj (.text:_CSMON_vSetDateTimeAutorization)
                  00088665    00000091                     : hmdrv.obj (.text:_HMDRV_CopyFromBufferInternal)
                  000886f6    0000008e                     : csmon.obj (.text:_CSMON_u32GetParameterShortNameCheckSum)
                  00088784    0000008b     rts2800_fpu32.lib : fd_div28.asm.obj (.text)
                  0008880f    00000088     CSMON_C28xx.lib : hmdrv.obj (.text:_HMDRV_CopyFromBufferInternalModbus)
                  00088897    00000088     rts2800_fpu32.lib : fs_div28.asm.obj (.text)
                  0008891f    00000083                       : fd_mpy28.asm.obj (.text)
                  000889a2    00000080     CSMON_C28xx.lib : hmrecparam.obj (.text:_HMRECPRM_vTimeSync)
                  00088a22    0000007d                     : hmserial.obj (.text:_HMSERIAL_vProcessSCI)
                  00088a9f    00000078                     : csmon.obj (.text:_CSMON_vCheckLoadRecorderTable)
                  00088b17    00000077                     : csmon.obj (.text:_CSMON_u32GetParameterStringCheckSum)
                  00088b8e    00000075                     : csmon.obj (.text:_CSMON_vLoadRecorderConfigTrigger)
                  00088c03    0000006b                     : hmmodbus.obj (.text:_HMMODBUS_CopyFromBuffer)
                  00088c6e    0000006b                     : hmprotocol.obj (.text:_HMPROTOCOL_GetBoardInfo)
                  00088cd9    0000006a                     : hmrec.obj (.text:_HMREC_vProcess)
                  00088d43    00000066                     : hmdrv.obj (.text:_HMDRV_CopyFromBufferInternalWithMask)
                  00088da9    00000066     rts2800_fpu32.lib : s_sinf.c.obj (.text)
                  00088e0f    00000065     CSMON_C28xx.lib : hmserial.obj (.text:_HMSERIAL_Rx)
                  00088e74    00000065                     : uart_drv.obj (.text:_UART_RXInterrupt)
                  00088ed9    00000064                     : hmmodbus.obj (.text:_HMMODBUS_vProcessSCI)
                  00088f3d    00000061                     : modbusreg.obj (.text:_MODBUSREG_vFileDenyAccess)
                  00088f9e    0000005f                     : hmmodbus.obj (.text:_vSetElementsSize)
                  00088ffd    0000005e                     : modbusreg.obj (.text:_MODBUSREG_FileRecorderExternalUpdateInit)
                  0008905b    0000005a                     : csmon.obj (.text:_CSMON_vRecorderParamStartStopProcess)
                  000890b5    0000005a     fpga_driver.obj (.text)
                  0008910f    00000057     CSMON_C28xx.lib : csmon.obj (.text:_CSMON_bCheckValidDateTime)
                  00089166    00000056                     : hmlib.obj (.text:_HMLIB_vInit)
                  000891bc    00000056     rts2800_fpu32.lib : boot28.asm.obj (.text)
                  00089212    00000055     CSMON_C28xx.lib : hmmodbus.obj (.text:_HMMODBUS_Listen)
                  00089267    00000051                     : hmmodbus.obj (.text:_HMMODBUS_GetRegisterFunction)
                  000892b8    0000004f                     : csmon.obj (.text:_CSMON_u16FindIndexParameterTable)
                  00089307    0000004f                     : hmrecparam.obj (.text:_HMRECPRM_SetUpRecParamStatusDateTime)
                  00089356    0000004a                     : csmon.obj (.text:_CSMON_eSetRecorderTriggerAtPosition)
                  000893a0    00000049                     : hmdrv.obj (.text:_HMDRV_CopyFromBufferInternalWithMaskModbus)
                  000893e9    00000049                     : hmmodbus.obj (.text:_HMMODBUS_CopyToBuffer)
                  00089432    00000048                     : hmscopeparam.obj (.text:_HMSCOPEPRM_ReadScope)
                  0008947a    00000047                     : hmscopeparam.obj (.text:_HMSCOPEPRM_SetUpScope)
                  000894c1    00000046                     : hmmodbus.obj (.text:_HMMODBUS_vSendResponse)
                  00089507    00000001     --HOLE-- [fill = 0]
                  00089508    00000046                     : hmserial.obj (.text:_HMSERIAL_vSendResponse)
                  0008954e    00000046                     : hmmodbus.obj (.text:_vSetIndexFileTable)
                  00089594    00000043                     : csmon.obj (.text:_CSMON_eSetRecorderConfigurationSkipSamples)
                  000895d7    0000003f                     : hmdrv.obj (.text:_HMDRV_vProcess)
                  00089616    0000003e                     : sci_drv.obj (.text:_SCIA_RXFIFOISR)
                  00089654    0000003e                     : sci_drv.obj (.text:_SCIA_TXFIFOISR)
                  00089692    0000003e                     : sci_drv.obj (.text:_SCIB_RXFIFOISR)
                  000896d0    0000003e                     : sci_drv.obj (.text:_SCIB_TXFIFOISR)
                  0008970e    0000003e                     : uart_drv.obj (.text:_UART_ReadDataRx)
                  0008974c    0000003d                     : sci_drv.obj (.text:_SCIC_RXFIFOISR)
                  00089789    0000003d                     : sci_drv.obj (.text:_SCIC_TXFIFOISR)
                  000897c6    0000003d                     : sci_drv.obj (.text:_SCID_RXFIFOISR)
                  00089803    0000003d                     : sci_drv.obj (.text:_SCID_TXFIFOISR)
                  00089840    0000003d                     : hmmodbus.obj (.text:_vSetStartSampleIndex)
                  0008987d    0000003c                     : hmscope.obj (.text:_HMSCOPE_SetUpScope)
                  000898b9    0000003b                     : hmrecparam.obj (.text:_HMRECPRM_StartRecParam)
                  000898f4    00000035                     : hmdrv.obj (.text:_HMDRV_GetStringLengthInternal)
                  00089929    00000033                     : hmscope.obj (.text:_HMSCOPE_ReadScope)
                  0008995c    00000033                     : tmr_drv.obj (.text:_configCPUTimer)
                  0008998f    00000032     PERIPHERAL_C28xx.lib : ds3231mz.obj (.text)
                  000899c1    00000032     CSMON_C28xx.lib : csmon.obj (.text:_CSMON_u32GetRealAddressAndSizeOffsetFromParameter)
                  000899f3    00000032                     : device.obj (.text:_Device_init)
                  00089a25    00000030                     : csmon.obj (.text:_CSMON_u32GetParameterAuxCheckSum)
                  00089a55    0000002e                     : csmon.obj (.text:_CSMON_vRecorderParamSetupProcess)
                  00089a83    0000002e                     : hmserial.obj (.text:_HMSERIAL_vProcessSCIFreemasterOnly)
                  00089ab1    0000002d                     : csmon.obj (.text:_CSMON_eSetParameterInRecorderAtPosition)
                  00089ade    0000002d                     : hmrecparam.obj (.text:_FillTimeData)
                  00089b0b    0000002d                     : hmserial.obj (.text:_HMSERIAL_Listen)
                  00089b38    0000002b                     : csmon.obj (.text:_CSMON_eSetParameterInScopeAtPosition)
                  00089b63    00000029                     : fpga_sci.obj (.text:_FPGA_SCI_vProcessUartTx)
                  00089b8c    00000029     rts2800_fpu32.lib : exit.c.obj (.text)
                  00089bb5    00000028     CSMON_C28xx.lib : csmon.obj (.text:_CSMON_bAutorizationPasswordCheck)
                  00089bdd    00000028                     : csmon.obj (.text:_CSMON_vSaveRecorderConfig)
                  00089c05    00000028                     : hmserial.obj (.text:_HMSERIAL_Tx)
                  00089c2d    00000027                     : hmserial.obj (.text:_HMSERIAL_vProcessSCITXISR)
                  00089c54    00000026                     : modbusreg.obj (.text:_MODBUSREG_FileRecorderElementSizeTableUsedSizeUpdateInit)
                  00089c7a    00000024                     : csmon.obj (.text:_CSMON_vAutorizationReset)
                  00089c9e    00000024                     : csmon.obj (.text:_CSMON_vInitParameterListRealAddressRecordTables)
                  00089cc2    00000024                     : hmprotocol.obj (.text:_HMPROTOCOL_ReadMem)
                  00089ce6    00000024                     : hmrecparam.obj (.text:_RecorderDateFromLocalDateTime)
                  00089d0a    00000024                     : hmmodbus.obj (.text:_vSetSampleCountAvailable)
                  00089d2e    00000024     rts2800_fpu32.lib : cpy_tbl.c.obj (.text)
                  00089d52    00000023     CSMON_C28xx.lib : csmon.obj (.text:_CSMON_vUpdateDateTimeFromApplication)
                  00089d75    00000022                     : hmrecparam.obj (.text:_RecorderTimeFromLocalDateTime)
                  00089d97    00000021                     : csmon.obj (.text:_CSMON_eApplyParameterChanges)
                  00089db8    00000020                     : tmr_drv.obj (.text:_TMR_vInitCPUTimers)
                  00089dd8    00000020                     : hmmodbus.obj (.text:_vSetSampleCountBuffer)
                  00089df8    00000020                     : hmmodbus.obj (.text:_vSetSampleSize)
                  00089e18    0000001f                     : hmrecparam.obj (.text:_HMRECPRM_GetRecBuffFreemaster)
                  00089e37    0000001f                     : csmon.obj (.text:_HMRECPRM_vGetDateTime)
                  00089e56    0000001f                     : hmrec.obj (.text:_HMREC_GetRecBuffFreemaster)
                  00089e75    0000001e                     : device.obj (.text:_Device_initGPIO)
                  00089e93    0000001e                     : tmr_drv.obj (.text:_TMR_vInit)
                  00089eb1    0000001d                     : device.obj (.text:_Device_enableUnbondedGPIOPullupsFor100Pin)
                  00089ece    0000001d                     : hmmodbus.obj (.text:_HMMODBUS_vInit)
                  00089eeb    0000001d     rts2800_fpu32.lib : memcpy.c.obj (.text)
                  00089f08    0000001c     CSMON_C28xx.lib : hmrecparam.obj (.text:_HMRECPRM_StartRec)
                  00089f24    0000001b                     : csmon.obj (.text:_CSMON_eSetParameterCountInRecorder)
                  00089f3f    0000001b                     : hmdrv.obj (.text:_HMDRV_AddressToBuffer)
                  00089f5a    0000001b     rts2800_fpu32.lib : fd_toul28.asm.obj (.text)
                  00089f75    0000001a     CSMON_C28xx.lib : csmon.obj (.text:_CSMON_vFileParameterCountCheckSumUpdate)
                  00089f8f    0000001a                     : hmmodbus.obj (.text:_HMMODBUS_vProcessSCITXISR)
                  00089fa9    0000001a                     : hmserial.obj (.text:_HMSERIAL_vProcessSCITXISRFreemasterOnly)
                  00089fc3    0000001a                     : uart_drv.obj (.text:_UART_vInit)
                  00089fdd    0000001a                     : hmmodbus.obj (.text:_bGetFileReadAccess)
                  00089ff7    00000019                     : hmdrv.obj (.text:_HMDRV_AddressFromBuffer)
                  0008a010    00000019                     : hmmodbus.obj (.text:_HMMODBUS_Tx)
                  0008a029    00000018                     : hmlib.obj (.text:_HMLIB_vProcessSCITXISRWithIndex)
                  0008a041    00000018                     : hmprotocol.obj (.text:_HMPROTOCOL_WriteMem)
                  0008a059    00000018                     : hmprotocol.obj (.text:_HMPROTOCOL_WriteMemMask)
                  0008a071    00000018                     : modbusreg.obj (.text:_MODBUSREG_vInitHoldingRegistersTableChanges)
                  0008a089    00000017                     : csmon.obj (.text:_CSMON_u32GetFreeRunningTimerMicroseconds)
                  0008a0a0    00000017                     : hmmodbus.obj (.text:_HMMODBUS_vProcessTxDelay)
                  0008a0b7    00000017                     : hmrec.obj (.text:_HMREC_StartRec)
                  0008a0ce    00000017                     : hmmodbus.obj (.text:_vSetBufferAddressStart)
                  0008a0e5    00000017     rts2800_fpu32.lib : u_tofd28.asm.obj (.text)
                  0008a0fc    00000016     CSMON_C28xx.lib : csmon.obj (.text:_CSMON_eSetParameterCountInScope)
                  0008a112    00000016                     : hmdrv.obj (.text:_HMDRV_AddressFromBufferBigEndian)
                  0008a128    00000015                     : csmon.obj (.text:_CSMON_eResetParameterTable)
                  0008a13d    00000015                     : hmrecparam.obj (.text:_HMRECPRM_vResetAllStopDetections)
                  0008a152    00000014                     : hmlib.obj (.text:_HMLIB_vProcessFastTD)
                  0008a166    00000014                     : hmmodbus.obj (.text:_HMMODBUS_DelayedTx)
                  0008a17a    00000014                     : hmrecparam.obj (.text:_HMRECPRM_StopRecParam)
                  0008a18e    00000014                     : hmserial.obj (.text:_HMSERIAL_DelayedTx)
                  0008a1a2    00000013                     : csmon.obj (.text:_CSMON_eSetFlagProcessPassed)
                  0008a1b5    00000013                     : device.obj (.text:_Device_enableUnbondedGPIOPullupsFor176Pin)
                  0008a1c8    00000013                     : hmrecparam.obj (.text:_HMRECPRM_Comparefloat)
                  0008a1db    00000013                     : hmrec.obj (.text:_HMREC_Comparefloat)
                  0008a1ee    00000013                     : hmserial.obj (.text:_HMSERIAL_vInit)
                  0008a201    00000012                     : fpga_sci.obj (.text:_FPGA_SCI_vProcessFastTD)
                  0008a213    00000012                     : hmdrv.obj (.text:_HMDRV_GetStringLengthFromWordInternal)
                  0008a225    00000012                     : uart_drv.obj (.text:_UART_TxIntDis)
                  0008a237    00000012                     : uart_drv.obj (.text:_UART_TxIntEna)
                  0008a249    00000012     rts2800_fpu32.lib : args_main.c.obj (.text)
                  0008a25b    00000011     CSMON_C28xx.lib : hmrecparam.obj (.text:_HMRECPRM_CompareBOOL)
                  0008a26c    00000010                     : device.obj (.text:_Device_enableUnbondedGPIOPullups)
                  0008a27c    00000010                     : hmlib.obj (.text:_HMLIB_vInitRecParamBuff)
                  0008a28c    00000010                     : hmmodbus.obj (.text:_HMMODBUS_vSetupRegisterDummy)
                  0008a29c    00000010                     : hmrecparam.obj (.text:_HMRECPRM_Compare16S)
                  0008a2ac    00000010                     : hmrecparam.obj (.text:_HMRECPRM_Compare16U)
                  0008a2bc    00000010                     : hmrecparam.obj (.text:_HMRECPRM_Compare32S)
                  0008a2cc    00000010                     : hmrecparam.obj (.text:_HMRECPRM_Compare32U)
                  0008a2dc    00000010                     : hmrecparam.obj (.text:_HMRECPRM_Compare8S)
                  0008a2ec    00000010                     : hmrecparam.obj (.text:_HMRECPRM_Compare8U)
                  0008a2fc    00000010                     : hmrec.obj (.text:_HMREC_Compare16S)
                  0008a30c    00000010                     : hmrec.obj (.text:_HMREC_Compare16U)
                  0008a31c    00000010                     : hmrec.obj (.text:_HMREC_Compare32S)
                  0008a32c    00000010                     : hmrec.obj (.text:_HMREC_Compare32U)
                  0008a33c    00000010                     : hmrec.obj (.text:_HMREC_Compare8S)
                  0008a34c    00000010                     : hmrec.obj (.text:_HMREC_Compare8U)
                  0008a35c    00000010                     : hmmodbus.obj (.text:_u32BytesMemoryToBytesModbus)
                  0008a36c    00000010                     : hmmodbus.obj (.text:_u32BytesModbusToBytesMemory)
                  0008a37c    0000000f                     : csmon.obj (.text:_CSMON_vInitHoldingRegistersTableChanges)
                  0008a38b    0000000f                     : hmlib.obj (.text:_HMLIB_vProcessRecorders)
                  0008a39a    0000000f                     : hmmodbus.obj (.text:_HMMODBUS_CalcCRC)
                  0008a3a9    0000000f                     : hmrecparam.obj (.text:_HMRECPRM_IsJustStopped)
                  0008a3b8    0000000f                     : uart_drv.obj (.text:_UART_IsTxEmpty)
                  0008a3c7    0000000f                     : hmmodbus.obj (.text:_bIsValidEndAddressInBuffer)
                  0008a3d6    0000000e                     : hmrecparam.obj (.text:_HMRECPRM_vDisableAllStopDetections)
                  0008a3e4    0000000e                     : hmmodbus.obj (.text:_u32FitAddressCircleBufferInside)
                  0008a3f2    0000000e     rts2800_fpu32.lib : fd_sub28.asm.obj (.text)
                  0008a400    0000000d     CSMON_C28xx.lib : hmrecparam.obj (.text:_HMRECPRM_StopRec)
                  0008a40d    0000000d                     : hmrecparam.obj (.text:_HMRECPRM_TriggerRec)
                  0008a41a    0000000d                     : hmrec.obj (.text:_HMREC_StopRec)
                  0008a427    0000000d                     : tmr_drv.obj (.text:_TIMER_vSetupTimerMainFunctionDelayCompare)
                  0008a434    0000000d                     : uart_drv.obj (.text:_UART_ReadDataRxAvailable)
                  0008a441    0000000c                     : hmlib.obj (.text:_HMLIB_vProcess)
                  0008a44d    0000000c                     : hmrecparam.obj (.text:_HMRECPRM_GetBufferRecParamPtrAddress)
                  0008a459    0000000c                     : hmmodbus.obj (.text:_u32FixAddressCircleBufferOverflow)
                  0008a465    0000000b                     : hmmodbus.obj (.text:_HMMODBUS_vProcessFastTD)
                  0008a470    0000000b                     : hmrecparam.obj (.text:_HMRECPRM_IsRunning)
                  0008a47b    0000000b                     : hmrec.obj (.text:_HMREC_TriggerRec)
                  0008a486    0000000b                     : hmserial.obj (.text:_HMSERIAL_vProcessFastTD)
                  0008a491    0000000b                     : modbusreg.obj (.text:_MODBUSREG_vDataZero)
                  0008a49c    0000000b                     : hmmodbus.obj (.text:_bIsValidIndexFileTable)
                  0008a4a7    0000000b     rts2800_fpu32.lib : u_div28.asm.obj (.text)
                  0008a4b2    0000000a     PERIPHERAL_C28xx.lib : peripheral.obj (.text)
                  0008a4bc    0000000a     CSMON_C28xx.lib : csmon.obj (.text:_CSMON_vInitScopes)
                  0008a4c6    0000000a                     : hmrecparam.obj (.text:_HMRECPRM_ClrLastStopDetectionToRecorderStopSamplesCounter)
                  0008a4d0    0000000a                     : hmrecparam.obj (.text:_HMRECPRM_GetRecStatus)
                  0008a4da    0000000a                     : hmrec.obj (.text:_HMREC_GetRecStatus)
                  0008a4e4    00000009                     : hmmodbus.obj (.text:_HMMODBUS_vProcessRxDelay)
                  0008a4ed    00000009                     : hmrecparam.obj (.text:_HMRECPRM_GetExternBufferRecParamLastPointedAddress)
                  0008a4f6    00000009                     : hmrecparam.obj (.text:_HMRECPRM_GetExternBufferRecParamPtrAddress)
                  0008a4ff    00000009                     : hmrecparam.obj (.text:_HMRECPRM_vInit)
                  0008a508    00000009                     : hmscopeparam.obj (.text:_HMSCOPEPRM_GetBufferScopeParamAddress)
                  0008a511    00000009                     : tmr_drv.obj (.text:_TIMER_vResetTimerMainFunctionDelayCounter)
                  0008a51a    00000009                     : tmr_drv.obj (.text:_TIMER_vSetupTimerMainDelayedFunctionSendData)
                  0008a523    00000009                     : uart_drv.obj (.text:_UART_PutChar)
                  0008a52c    00000009                     : uart_drv.obj (.text:_UART_ReadDataRxTimeDiff)
                  0008a535    00000009                     : uart_drv.obj (.text:_UART_TXInterrupt)
                  0008a53e    00000009                     : uart_drv.obj (.text:_UART_TransmitDisable)
                  0008a547    00000009                     : uart_drv.obj (.text:_UART_TxDis)
                  0008a550    00000009                     : uart_drv.obj (.text:_UART_TxEna)
                  0008a559    00000009     rts2800_fpu32.lib : _lock.c.obj (.text)
                  0008a562    00000008     CSMON_C28xx.lib : csmon.obj (.text:_CSMON_vSetupInputRegistersAndCoilsAddressTableAccessAll)
                  0008a56a    00000008                     : csmon.obj (.text:_CSMON_vSetupInputRegistersAndCoilsAddressTableFromCSMONParameterList)
                  0008a572    00000008                     : hmdrv.obj (.text:_HMDRV_CopyFromBufferWithMaskModbus)
                  0008a57a    00000008                     : hmmodbus.obj (.text:_HMMODBUS_vProcessFreeTimer)
                  0008a582    00000008                     : hmmodbus.obj (.text:_HMMODBUS_vSetupHoldingRegistersAddressTableInRam)
                  0008a58a    00000008                     : hmrecparam.obj (.text:_HMRECPRM_GetExternRecParamAddress)
                  0008a592    00000008                     : hmrecparam.obj (.text:_HMRECPRM_GetExternRecParamPtrMaximumUsedSampleCount)
                  0008a59a    00000008                     : hmrecparam.obj (.text:_HMRECPRM_GetExternRecParamPtrSampleSize)
                  0008a5a2    00000008                     : hmrecparam.obj (.text:_HMRECPRM_GetRecParamPtrAvailableSampleCount)
                  0008a5aa    00000008                     : hmrecparam.obj (.text:_HMRECPRM_GetRecParamPtrLastSampleIndex)
                  0008a5b2    00000008                     : hmrecparam.obj (.text:_HMRECPRM_GetRecParamPtrMaximumUsedSampleCount)
                  0008a5ba    00000008                     : hmrecparam.obj (.text:_HMRECPRM_GetRecParamPtrSampleSize)
                  0008a5c2    00000008                     : hmrecparam.obj (.text:_HMRECPRM_GetStatusInternalRecParamAddress)
                  0008a5ca    00000008                     : hmrecparam.obj (.text:_HMRECPRM_GetStatusRecParamAddress)
                  0008a5d2    00000008                     : hmrec.obj (.text:_HMREC_vInit)
                  0008a5da    00000008                     : hmserial.obj (.text:_HMSERIAL_vProcessFreeTimer)
                  0008a5e2    00000007                     : hmlib.obj (.text:_HMLIB_vProcessDifferentPorts)
                  0008a5e9    00000007                     : hmscopeparam.obj (.text:_HMSCOPEPRM_GetStatusScopeParamAddress)
                  0008a5f0    00000006                     : hmmodbus.obj (.text:_HMMODBUS_vSetupHoldingRegistersAddressTable)
                  0008a5f6    00000006                     : sci_drv.obj (.text:_SCI_u32GetBaseFromModuleIndex)
                  0008a5fc    00000006                     : tmr_drv.obj (.text:_TIMER_u16ResetTimerMainPeriod)
                  0008a602    00000006                     : uart_drv.obj (.text:_UART_GetChar)
                  0008a608    00000006     cputimer.obj (.text)
                  0008a60e    00000005     CSMON_C28xx.lib : csmon.obj (.text:_CSMON_eSetAutoServiceWatchdogInternalSlowCalculationsInMainLoop)
                  0008a613    00000005                     : csmon.obj (.text:_CSMON_eSetFirmwareApplicationVersion)
                  0008a618    00000005                     : csmon.obj (.text:_CSMON_eSetMaxTimeInISR)
                  0008a61d    00000005                     : csmon.obj (.text:_CSMON_eSetMinGuaranteedTimeBetweenTwoISRs)
                  0008a622    00000005                     : csmon.obj (.text:_CSMON_u16ParametersAccessListIndexGenerate)
                  0008a627    00000005                     : csmon.obj (.text:_CSMON_vSetDateTimeRequest)
                  0008a62c    00000005                     : hmlib.obj (.text:_HMLIB_vProcessSamePort)
                  0008a631    00000005                     : hmlib.obj (.text:_HMLIB_vRecorder0)
                  0008a636    00000005                     : hmlib.obj (.text:_HMLIB_vRecorder1)
                  0008a63b    00000005                     : hmlib.obj (.text:_HMLIB_vRecorder2)
                  0008a640    00000005                     : hmmodbus.obj (.text:_HMMODBUS_bGetReceivedMessage)
                  0008a645    00000005                     : hmmodbus.obj (.text:_HMMODBUS_vFileTable)
                  0008a64a    00000005                     : hmrecparam.obj (.text:_HMRECPRM_SetUpRecBuff)
                  0008a64f    00000005                     : hmrec.obj (.text:_HMREC_SetUpRecBuff)
                  0008a654    00000005                     : sci_drv.obj (.text:_SCI_eGetModuleIndexFromBase)
                  0008a659    00000005                     : tmr_drv.obj (.text:_TIMER_vSetupTimerMainDelayedData)
                  0008a65e    00000004                     : csmon.obj (.text:_CSMON_eRegisterWriteParElementCallbackFunction)
                  0008a662    00000004                     : csmon.obj (.text:_CSMON_eSetInternalTimerPeriod)
                  0008a666    00000004                     : csmon.obj (.text:_CSMON_eSetTimerPeriodISRFunctionRegister)
                  0008a66a    00000004                     : csmon.obj (.text:_CSMON_u32GetBaudError_PPM)
                  0008a66e    00000004                     : csmon.obj (.text:_CSMON_u32GetFreeRunningTimerTicks)
                  0008a672    00000004                     : csmon.obj (.text:_CSMON_vAddSetupRecorderParameterMask)
                  0008a676    00000004                     : csmon.obj (.text:_CSMON_vSetStartRecorderParameterMask)
                  0008a67a    00000004                     : hmdrv.obj (.text:_HMDRV_SetExAddr)
                  0008a67e    00000004                     : hmdrv.obj (.text:_HMDRV_u32GetDeviceSYSCLKFreq)
                  0008a682    00000004                     : hmdrv.obj (.text:_HMDRV_u32GetSCIErrorPPM)
                  0008a686    00000004                     : hmlib.obj (.text:_HMLIB_vRecorderParam0)
                  0008a68a    00000004                     : hmlib.obj (.text:_HMLIB_vRecorderParam1)
                  0008a68e    00000004                     : hmlib.obj (.text:_HMLIB_vRecorderParam2)
                  0008a692    00000004                     : hmmodbus.obj (.text:_HMMODBUS_u32GetAddressMessageCounterThisDevice)
                  0008a696    00000004                     : hmmodbus.obj (.text:_HMMODBUS_vSetAddressMessageCounterThisDevice)
                  0008a69a    00000004                     : hmmodbus.obj (.text:_HMMODBUS_vSetDeviceIDMajorMinorRevision)
                  0008a69e    00000004                     : hmmodbus.obj (.text:_HMMODBUS_vSetDeviceIDMajorMinorRevisionLength)
                  0008a6a2    00000004                     : hmmodbus.obj (.text:_HMMODBUS_vSetDeviceIDModelName)
                  0008a6a6    00000004                     : hmmodbus.obj (.text:_HMMODBUS_vSetDeviceIDModelNameLength)
                  0008a6aa    00000004                     : hmmodbus.obj (.text:_HMMODBUS_vSetDeviceIDProductCode)
                  0008a6ae    00000004                     : hmmodbus.obj (.text:_HMMODBUS_vSetDeviceIDProductCodeLength)
                  0008a6b2    00000004                     : hmmodbus.obj (.text:_HMMODBUS_vSetDeviceIDProductName)
                  0008a6b6    00000004                     : hmmodbus.obj (.text:_HMMODBUS_vSetDeviceIDProductNameLength)
                  0008a6ba    00000004                     : hmmodbus.obj (.text:_HMMODBUS_vSetDeviceIDUserApplicationName)
                  0008a6be    00000004                     : hmmodbus.obj (.text:_HMMODBUS_vSetDeviceIDUserApplicationNameLength)
                  0008a6c2    00000004                     : hmmodbus.obj (.text:_HMMODBUS_vSetDeviceIDUserReserve0)
                  0008a6c6    00000004                     : hmmodbus.obj (.text:_HMMODBUS_vSetDeviceIDUserReserve0Length)
                  0008a6ca    00000004                     : hmmodbus.obj (.text:_HMMODBUS_vSetDeviceIDUserReserve1)
                  0008a6ce    00000004                     : hmmodbus.obj (.text:_HMMODBUS_vSetDeviceIDUserReserve1Length)
                  0008a6d2    00000004                     : hmmodbus.obj (.text:_HMMODBUS_vSetDeviceIDUserReserve2)
                  0008a6d6    00000004                     : hmmodbus.obj (.text:_HMMODBUS_vSetDeviceIDUserReserve2Length)
                  0008a6da    00000004                     : hmmodbus.obj (.text:_HMMODBUS_vSetDeviceIDVendorName)
                  0008a6de    00000004                     : hmmodbus.obj (.text:_HMMODBUS_vSetDeviceIDVendorNameLength)
                  0008a6e2    00000004                     : hmmodbus.obj (.text:_HMMODBUS_vSetDeviceIDVendorUrl)
                  0008a6e6    00000004                     : hmmodbus.obj (.text:_HMMODBUS_vSetDeviceIDVendorUrlLength)
                  0008a6ea    00000004                     : hmmodbus.obj (.text:_HMMODBUS_vSetServerIDDataAddress)
                  0008a6ee    00000004                     : hmmodbus.obj (.text:_HMMODBUS_vSetServerIDLength)
                  0008a6f2    00000004                     : hmmodbus.obj (.text:_HMMODBUS_vSetServerIDNumber)
                  0008a6f6    00000004                     : hmmodbus.obj (.text:_HMMODBUS_vSetServerOnStatus)
                  0008a6fa    00000004                     : hmmodbus.obj (.text:_HMMODBUS_vSetupHoldingRegistersAccessTableInRam)
                  0008a6fe    00000004                     : hmmodbus.obj (.text:_HMMODBUS_vSetupWriteParElementCallbackFunction)
                  0008a702    00000004                     : modbusreg.obj (.text:_MODBUSREG_u16GetHoldRegFillCount)
                  0008a706    00000004                     : modbusreg.obj (.text:_MODBUSREG_u16GetHoldRegUsedCount)
                  0008a70a    00000004                     : modbusreg.obj (.text:_MODBUSREG_u32GetRegisterAccessTableInRam)
                  0008a70e    00000004                     : modbusreg.obj (.text:_MODBUSREG_u32GetRegisterAddressTable)
                  0008a712    00000004                     : modbusreg.obj (.text:_MODBUSREG_u32GetRegisterAddressTableInRam)
                  0008a716    00000004                     : modbusreg.obj (.text:_MODBUSREG_vSetFileAutorization_FunctionAfterWriteFileRecordTable)
                  0008a71a    00000004                     : modbusreg.obj (.text:_MODBUSREG_vSetFileParamCount_FunctionBeforeReadFileRecord)
                  0008a71e    00000004                     : modbusreg.obj (.text:_MODBUSREG_vSetFileRTC_FunctionAfterReadFileRecord)
                  0008a722    00000004                     : modbusreg.obj (.text:_MODBUSREG_vSetFileRTC_FunctionAfterWriteFileRecord)
                  0008a726    00000004                     : modbusreg.obj (.text:_MODBUSREG_vSetFileRecConfig_FunctionAfterWriteFileRecord)
                  0008a72a    00000004                     : modbusreg.obj (.text:_MODBUSREG_vSetFileRecStatus_FunctionIndexGenerationFileRecord)
                  0008a72e    00000004                     : modbusreg.obj (.text:_MODBUSREG_vSetHoldRegFillCount)
                  0008a732    00000004                     : modbusreg.obj (.text:_MODBUSREG_vSetModbusParamCount)
                  0008a736    00000004                     : modbusreg.obj (.text:_MODBUSREG_vSetParamAuxAddress)
                  0008a73a    00000004                     : modbusreg.obj (.text:_MODBUSREG_vSetParamCount)
                  0008a73e    00000004                     : modbusreg.obj (.text:_MODBUSREG_vSetParamListAddress)
                  0008a742    00000004                     : modbusreg.obj (.text:_MODBUSREG_vSetParamNameAddress)
                  0008a746    00000004                     : modbusreg.obj (.text:_MODBUSREG_vSetParamNumbAddress)
                  0008a74a    00000004                     : modbusreg.obj (.text:_MODBUSREG_vSetParamRecorderConfigAddress)
                  0008a74e    00000004                     : modbusreg.obj (.text:_MODBUSREG_vSetParamReservedAddress)
                  0008a752    00000004                     : modbusreg.obj (.text:_MODBUSREG_vSetParamScopeConfigAddress)
                  0008a756    00000004                     : modbusreg.obj (.text:_MODBUSREG_vSetParamStringAddress)
                  0008a75a    00000004                     : tmr_drv.obj (.text:_TIMER_vGetTimerMainRollingCounter)
                  0008a75e    00000004                     : tmr_drv.obj (.text:_TIMER_vSetupTimerMainCSMONFunction)
                  0008a762    00000004                     : tmr_drv.obj (.text:_TMR_u16GetFreeRunTimerPrescaller)
                  0008a766    00000004                     : hmmodbus.obj (.text:_bGetElementsDifference)
                  0008a76a    00000004                     : hmmodbus.obj (.text:_u16GetIndexFileTable)
                  0008a76e    00000004                     : hmmodbus.obj (.text:_u32GetBufferAddressStart)
                  0008a772    00000004                     : hmmodbus.obj (.text:_u32GetBufferSize)
                  0008a776    00000004                     : hmmodbus.obj (.text:_u32GetSampleCountAvailable)
                  0008a77a    00000004                     : hmmodbus.obj (.text:_u32GetSampleCountBuffer)
                  0008a77e    00000004                     : hmmodbus.obj (.text:_u32GetStartSampleIndex)
                  0008a782    00000004                     : hmmodbus.obj (.text:_u8GetSampleSize)
                  0008a786    00000004                     : hmmodbus.obj (.text:_vSetBufferAddressStartFromFunction)
                  0008a78a    00000004                     : hmmodbus.obj (.text:_vSetBufferSize)
                  0008a78e    00000003                     : csmon.obj (.text:_CSMON_eSetParameterListDataDefault)
                  0008a791    00000003                     : csmon.obj (.text:_CSMON_eSetParameterListDataMaximum)
                  0008a794    00000003                     : csmon.obj (.text:_CSMON_eSetParameterListDataMinimum)
                  0008a797    00000003                     : csmon.obj (.text:_CSMON_eSetParameterListParameterID)
                  0008a79a    00000003                     : csmon.obj (.text:_CSMON_eSetParameterListRealAddress)
                  0008a79d    00000003                     : csmon.obj (.text:_CSMON_eSetParameterListRegisterFlags)
                  0008a7a0    00000003                     : csmon.obj (.text:_CSMON_eSetParameterListRegisterSize)
                  0008a7a3    00000003                     : csmon.obj (.text:_CSMON_eSetParameterListValueFormat)
                  0008a7a6    00000003                     : csmon.obj (.text:_CSMON_u32GetModbusMessageCounterRegisterRealAddress)
                  0008a7a9    00000003                     : csmon.obj (.text:_CSMON_vSetModbusMessageCounterRegisterRealAddress)
                  0008a7ac    00000003                     : hmlib.obj (.text:_HMLIB_vRecorderParamTimeSync)
                  0008a7af    00000003                     : hmrecparam.obj (.text:_HMRECPRM_GetTimeBase)
                  0008a7b2    00000003                     : modbusreg.obj (.text:_MODBUSREG_u32GetAddressMessageCounterThisDevice)
                  0008a7b5    00000003                     : modbusreg.obj (.text:_MODBUSREG_vSetAddressMessageCounterThisDevice)
                  0008a7b8    00000002                     : hmrecparam.obj (.text:_HMRECPRM_AbortRec)
                  0008a7ba    00000002                     : hmrecparam.obj (.text:_HMRECPRM_GetRecBuffSize)
                  0008a7bc    00000002                     : hmrec.obj (.text:_HMREC_AbortRec)
                  0008a7be    00000002                     : hmrec.obj (.text:_HMREC_GetRecBuffSize)
                  0008a7c0    00000002                     : modbusreg.obj (.text:_MODBUSREG_u16GetTableRegisterFlagsElementOffset)
                  0008a7c2    00000002                     : modbusreg.obj (.text:_MODBUSREG_u16GetTableRegisterSizeElementOffset)
                  0008a7c4    00000002                     : modbusreg.obj (.text:_MODBUSREG_u16GetTableVirtAddressElementOffset)
                  0008a7c6    00000002                     : modbusreg.obj (.text:_MODBUSREG_u32GetTableRegisterFlags)
                  0008a7c8    00000002                     : modbusreg.obj (.text:_MODBUSREG_u32GetTableRegisterSize)
                  0008a7ca    00000002                     : modbusreg.obj (.text:_MODBUSREG_u32GetTableVirtAddress)
                  0008a7cc    00000002     rts2800_fpu32.lib : pre_init.c.obj (.text)

.econst.1 
*          0    00090000    000002a1     
                  00090000    00000100     CSMON_C28xx.lib : hmmodbus.obj (.econst:.string:_auchCRCHi)
                  00090100    00000100                     : hmmodbus.obj (.econst:.string:_auchCRCLo)
                  00090200    00000050                     : csmon.obj (.econst:_CSMON_asAccessLevelPasswords)
                  00090250    00000018                     : csmon.obj (.econst:_$P$T42$1)
                  00090268    00000014                     : csmon.obj (.econst:_CSMON_au8FileImplementedFunctionCodes)
                  0009027c    00000010     main.obj (.econst)
                  0009028c    0000000c     CSMON_C28xx.lib : hmprotocol.obj (.econst:.string)
                  00090298    00000006                     : csmon.obj (.econst:_$P$T43$2)
                  0009029e    00000003                     : csmon.obj (.econst:_CSMON_au8FileParameterListElementsCountInPartTable)

.econst.2 
*          0    000a0000    00015800     
                  000a0000    00015800     main.obj (.econst:_asParameterList)

.ebss.1    1    0000a800    00000800     UNINITIALIZED
                  0000a800    00000800     CSMON_C28xx.lib : uart_drv.obj (.ebss:_UARTRxBufferTimeDiff)

.ebss.2    1    0000c000    00001000     UNINITIALIZED
                  0000c000    00000800     CSMON_C28xx.lib : hmrec.obj (.ebss:_au8RecBuffer0)
                  0000c800    0000056a                     : modbusreg.obj (.ebss:_MODBUSREG_asFileTable)
                  0000cd6a    00000013     PERIPHERAL_C28xx.lib : ds3231mz.obj (.ebss:_au8ReadBuffer)
                  0000cd7d    00000003                          : ds3231mz.obj (.ebss)
                  0000cd80    00000200     CSMON_C28xx.lib : hmmodbus.obj (.ebss:_u32ModbusTimeoutBuffer)
                  0000cf80    00000080                     : fpga_sci.obj (.ebss)

.ebss.3    1    0000d000    00001000     UNINITIALIZED
                  0000d000    00000400     CSMON_C28xx.lib : csmon.obj (.ebss:_CSMON_asFileParameterDefinitionsFromAccessLevel)
                  0000d400    00000400                     : csmon.obj (.ebss:_CSMON_sFileParameterAccessList)
                  0000d800    00000400                     : modbusreg.obj (.ebss:_MODBUSREG_u32RegisterAccessTableInRam)
                  0000dc00    00000400                     : uart_drv.obj (.ebss:_UARTRxBuffer)

.ebss.4    1    0000e000    00000e0b     UNINITIALIZED
                  0000e000    00000126     CSMON_C28xx.lib : hmrecparam.obj (.ebss:_sRecHandleParam)
                  0000e126    00000012                     : csmon.obj (.ebss:_CSMON_sFileAutorization)
                  0000e138    00000008                     : hmrecparam.obj (.ebss:_HMRECPRM_sDateTime)
                  0000e140    00000108                     : hmrec.obj (.ebss:_sRecHandle)
                  0000e248    00000030     PERIPHERAL_C28xx.lib : i2c_driver.obj (.ebss:_i2cMsgIn)
                  0000e278    00000008     CSMON_C28xx.lib : uart_drv.obj (.ebss:_UART_RXIntOverflowCounter)
                  0000e280    00000100                     : hmmodbus.obj (.ebss:_HMMODBUS_anTxCheckSum)
                  0000e380    00000100                     : hmmodbus.obj (.ebss:_HMMODBUS_pCommBufferRx)
                  0000e480    00000100                     : hmmodbus.obj (.ebss:_HMMODBUS_pCommBufferTx)
                  0000e580    000000c0                     : csmon.obj (.ebss:_sRecConfigParam)
                  0000e640    000000ba                     : hmscopeparam.obj (.ebss:_sScopeHandlePrm)
                  0000e6fa    00000006                     : device.obj (.ebss)
                  0000e700    000000b6                     : hmmodbus.obj (.ebss)
                  0000e7b6    0000000a                     : hmdrv.obj (.ebss)
                  0000e7c0    00000092                     : csmon.obj (.ebss)
                  0000e852    0000002e                     : modbusreg.obj (.ebss)
                  0000e880    00000090     main.obj (.ebss)
                  0000e910    00000030     PERIPHERAL_C28xx.lib : i2c_driver.obj (.ebss:_i2cMsgOut)
                  0000e940    0000007e     CSMON_C28xx.lib : csmon.obj (.ebss:_sScopeConfigParam)
                  0000e9be    00000002                     : hmlib.obj (.ebss)
                  0000e9c0    00000079                     : hmserial.obj (.ebss:_pcm_pCommBuffer)
                  0000ea39    00000006                     : hmprotocol.obj (.ebss)
                  0000ea3f    00000001                     : hmrec.obj (.ebss)
                  0000ea40    00000054                     : hmrecparam.obj (.ebss:_sRecExternParam)
                  0000ea94    0000002a                     : csmon.obj (.ebss:_CSMON_au8FileScopeConfigurationElementsSizeTable)
                  0000eabe    00000002                     : hmrecparam.obj (.ebss)
                  0000eac0    00000040                     : fpga_sci.obj (.ebss:_FPGA_SCI_au8TxBuffer)
                  0000eb00    0000003e                     : hmscope.obj (.ebss:_sScopeHandle)
                  0000eb3e    00000002                     : hmscopeparam.obj (.ebss)
                  0000eb40    0000003c                     : csmon.obj (.ebss:_CSMON_au8FileRecorderDataElementsSizeTable)
                  0000eb7c    00000004                     : csmon.obj (.ebss:_CSMON_au8FileParameterListElementsSizeTablePart1)
                  0000eb80    00000030                     : hmrecparam.obj (.ebss:_sRecStatusParam)
                  0000ebb0    00000010                     : csmon.obj (.ebss:_CSMON_sFileParameterCount)
                  0000ebc0    0000002d                     : csmon.obj (.ebss:_CSMON_au8FileRecorderConfigElementsSizeTable)
                  0000ebed    00000010                     : modbusreg.obj (.ebss:_MODBUSREG_au8DeviceIDMajorMinorRevision)
                  0000ebfd    00000003                     : csmon.obj (.ebss:_CSMON_abFileAutorization_RecordReadOnly)
                  0000ec00    0000001e                     : hmrecparam.obj (.ebss:_sRecStatusParamInternal)
                  0000ec1e    0000001e     emif_driver.obj (.ebss)
                  0000ec3c    00000004     CSMON_C28xx.lib : csmon.obj (.ebss:_CSMON_au8FileRecorderStatusElementsSizeTable)
                  0000ec40    00000010                     : modbusreg.obj (.ebss:_MODBUSREG_au8DeviceIDModelName)
                  0000ec50    00000010                     : modbusreg.obj (.ebss:_MODBUSREG_au8DeviceIDProductCode)
                  0000ec60    00000010                     : modbusreg.obj (.ebss:_MODBUSREG_au8DeviceIDProductName)
                  0000ec70    00000010                     : modbusreg.obj (.ebss:_MODBUSREG_au8DeviceIDUserApplicationName)
                  0000ec80    00000010                     : modbusreg.obj (.ebss:_MODBUSREG_au8DeviceIDUserReserve0)
                  0000ec90    00000010                     : modbusreg.obj (.ebss:_MODBUSREG_au8DeviceIDUserReserve1)
                  0000eca0    00000010                     : modbusreg.obj (.ebss:_MODBUSREG_au8DeviceIDUserReserve2)
                  0000ecb0    00000010                     : modbusreg.obj (.ebss:_MODBUSREG_au8DeviceIDVendorName)
                  0000ecc0    00000010                     : modbusreg.obj (.ebss:_MODBUSREG_au8DeviceIDVendorUrl)
                  0000ecd0    00000010                     : modbusreg.obj (.ebss:_MODBUSREG_au8ServerIDData)
                  0000ece0    0000000e                     : tmr_drv.obj (.ebss)
                  0000ecee    0000000c                     : hmserial.obj (.ebss)
                  0000ecfa    00000006                     : csmon.obj (.ebss:_CSMON_au32FileAutorization_FunctionAfterWriteFileRecord)
                  0000ed00    0000000c                     : csmon.obj (.ebss:_CSMON_sDateTime)
                  0000ed0c    0000000c                     : csmon.obj (.ebss:_CSMON_sDateTimeApplication)
                  0000ed18    0000000c                     : csmon.obj (.ebss:_CSMON_sDateTimeDefault)
                  0000ed24    0000000a                     : csmon.obj (.ebss:_CSMON_au8FileParameterCountElementsSizeTable)
                  0000ed2e    0000000a                     : csmon.obj (.ebss:_CSMON_au8FileRTCElementsSizeTable)
                  0000ed38    00000008                     : tmr_drv.obj (.ebss:_pfDelayedFunction)
                  0000ed40    0000000a                     : hmmodbus.obj (.ebss:_HMMODBUS_nFilePrimaryAddrWriteLast)
                  0000ed4a    0000000a                     : hmmodbus.obj (.ebss:_HMMOSBUS_nFileWriteAddrReadLast)
                  0000ed54    0000000a                     : csmon.obj (.ebss:_sHashKey)
                  0000ed5e    0000000a     fpga_driver.obj (.ebss)
                  0000ed68    00000009     CSMON_C28xx.lib : csmon.obj (.ebss:_CSMON_au8FileParameterNumericElementsSizeTable)
                  0000ed71    00000001                     : hmscope.obj (.ebss)
                  0000ed72    00000008                     : tmr_drv.obj (.ebss:_pfDelayedFunction_u8)
                  0000ed7a    00000006                     : csmon.obj (.ebss:_CSMON_au32FileParameterDefinitionsFileRecordElementsRealAddressTable)
                  0000ed80    00000008                     : uart_drv.obj (.ebss:_u32TimeDiffLast)
                  0000ed88    00000008                     : uart_drv.obj (.ebss:_u32TimeDiffNow)
                  0000ed90    00000008                     : uart_drv.obj (.ebss:_u32TimeDiffRead)
                  0000ed98    00000006                     : csmon.obj (.ebss:_CSMON_au32FileParameterDefinitionsFileRecordElementsSizeTable)
                  0000ed9e    00000006                     : hmscopeparam.obj (.ebss:_pBufferScope)
                  0000eda4    00000006                     : hmrecparam.obj (.ebss:_u32RecorderLastFreeCounter)
                  0000edaa    00000006                     : hmrecparam.obj (.ebss:_u32RecorderMicroSec)
                  0000edb0    00000006     rts2800_fpu32.lib : exit.c.obj (.ebss)
                  0000edb6    00000004     CSMON_C28xx.lib : hmmodbus.obj (.ebss:_HMMODBUS_u32RegisterAddressInRamDummy)
                  0000edba    00000004                     : uart_drv.obj (.ebss:_UARTRxBufferRDCount)
                  0000edbe    00000002                     : csmon.obj (.ebss:_CSMON_abFlagProcessPassed)
                  0000edc0    00000004                     : uart_drv.obj (.ebss:_UARTRxBufferRDIndex)
                  0000edc4    00000004                     : uart_drv.obj (.ebss:_UARTRxBufferWRCount)
                  0000edc8    00000004                     : uart_drv.obj (.ebss:_UARTRxBufferWRIndex)
                  0000edcc    00000004     PERIPHERAL_C28xx.lib : i2c_driver.obj (.ebss:_currentMsgPtr)
                  0000edd0    00000004     CSMON_C28xx.lib : tmr_drv.obj (.ebss:_u16TimerMainDelayedData)
                  0000edd4    00000004                     : tmr_drv.obj (.ebss:_u16TimerMainFunctionDelay)
                  0000edd8    00000004                     : tmr_drv.obj (.ebss:_u16TimerMainFunctionDelayCompare)
                  0000eddc    00000004                     : tmr_drv.obj (.ebss:_u16TimerMainFunctionDelayCounter)
                  0000ede0    00000003                     : csmon.obj (.ebss:_CSMON_abFileAutorization_RecordStringData)
                  0000ede3    00000003                     : csmon.obj (.ebss:_CSMON_au16FileAutorization_RecordOffsets)
                  0000ede6    00000003                     : csmon.obj (.ebss:_CSMON_au32FileParameterDefinitionsFileRecordElementsRecordToRecordOffsetSizeBytesTable)
                  0000ede9    00000003                     : csmon.obj (.ebss:_CSMON_au8FileRecorderDataElementsSizeTableUsedLength)
                  0000edec    00000003                     : csmon.obj (.ebss:_CSMON_sFileProtocolVersion)
                  0000edef    00000003                     : hmmodbus.obj (.ebss:_HMMODBUS_u32RegisterAddressDummy)
                  0000edf2    00000003                     : hmrecparam.obj (.ebss:_abRecorderJustStopped)
                  0000edf5    00000003                     : hmrecparam.obj (.ebss:_abRecorderRunning)
                  0000edf8    00000003                     : hmscopeparam.obj (.ebss:_sScopeStatusParam)
                  0000edfb    00000001                     : uart_drv.obj (.ebss)
                  0000edfc    00000002                     : hmrecparam.obj (.ebss:_MAIN_sDate)
                  0000edfe    00000002                     : hmrecparam.obj (.ebss:_MAIN_sTime)
                  0000ee00    00000002     rts2800_fpu32.lib : _lock.c.obj (.ebss:__lock)
                  0000ee02    00000002                       : _lock.c.obj (.ebss:__unlock)
                  0000ee04    00000001     CSMON_C28xx.lib : csmon.obj (.ebss:_CSMON_au8FileParameterListElementsSizeTablePart2)
                  0000ee05    00000001                     : csmon.obj (.ebss:_CSMON_au8FileParameterListElementsSizeTablePart3)
                  0000ee06    00000001                     : csmon.obj (.ebss:_CSMON_au8FileScopeStatusElementsSizeTable)
                  0000ee07    00000001                     : hmmodbus.obj (.ebss:_HMMODBUS_wFlags)
                  0000ee08    00000001                     : hmmodbus.obj (.ebss:_HMMODBUS_wFlagsRxTx)
                  0000ee09    00000001                     : hmserial.obj (.ebss:_pcm_wFlags)
                  0000ee0a    00000001                     : hmserial.obj (.ebss:_pcm_wFlagsRxTx)

MODULE SUMMARY

       Module              code    initialized data   uninitialized data
       ------              ----    ----------------   ------------------
    .\01_Source_Test\
       main.obj            1203    88496              144               
    +--+-------------------+-------+------------------+--------------------+
       Total:              1203    88496              144               
                                                                        
    .\01_Source_Test\peripheral_driver\
       emif_driver.obj     695     42                 30                
       fpga_driver.obj     90      0                  20                
    +--+-------------------+-------+------------------+--------------------+
       Total:              785     42                 50                
                                                                        
    .\C2000Ware_LIB\driverlib\
       sysctl.obj          1086    0                  0                 
       gpio.obj            397     0                  0                 
       interrupt.obj       342     0                  0                 
       sci.obj             213     0                  0                 
       flash.obj           188     0                  0                 
       i2c.obj             154     0                  0                 
       cputimer.obj        6       0                  0                 
    +--+-------------------+-------+------------------+--------------------+
       Total:              2386    0                  0                 
                                                                        
    C:/repo_github/fw_BasicAFE/02_Libraries/LIB_CSMON/04_Output_Files/Release/PERIPHERAL_C28xx.lib
       i2c_driver.obj      649     82                 100               
       ds3231mz.obj        50      16                 22                
       peripheral.obj      10      0                  0                 
    +--+-------------------+-------+------------------+--------------------+
       Total:              709     98                 122               
                                                                        
    C:/repo_github/fw_BasicAFE/02_Libraries/LIB_CSMON/04_Output_Files/ReleaseCS1107/CSMON_C28xx.lib
       hmmodbus.obj        8568    949                1491              
       csmon.obj           6796    741                2817              
       modbusreg.obj       3286    282                2632              
       uart_drv.obj        313     76                 3121              
       hmrec.obj           518     0                  2313              
       hmdrv.obj           2609    20                 10                
       hmrecparam.obj      1234    93                 488               
       hmserial.obj        550     9                  135               
       fpga_sci.obj        59      266                192               
       sci_drv.obj         503     0                  0                 
       hmprotocol.obj      441     32                 6                 
       tmr_drv.obj         357     35                 46                
       device.obj          369     15                 6                 
       hmscopeparam.obj    159     13                 197               
       hmlib.obj           215     8                  2                 
       hmscope.obj         111     0                  63                
    +--+-------------------+-------+------------------+--------------------+
       Total:              26088   2539               13519             
                                                                        
    C:\ti\ccs1210\ccs\tools\compiler\ti-cgt-c2000_22.6.0.LTS\lib\rts2800_fpu32.lib
       ll_div28.asm.obj    263     0                  0                 
       fd_add28.asm.obj    156     0                  0                 
       fd_div28.asm.obj    139     0                  0                 
       fs_div28.asm.obj    136     0                  0                 
       fd_mpy28.asm.obj    131     0                  0                 
       s_sinf.c.obj        102     0                  0                 
       boot28.asm.obj      86      0                  0                 
       exit.c.obj          41      14                 6                 
       cpy_tbl.c.obj       36      0                  0                 
       memcpy.c.obj        29      0                  0                 
       fd_toul28.asm.obj   27      0                  0                 
       _lock.c.obj         9       10                 4                 
       u_tofd28.asm.obj    23      0                  0                 
       args_main.c.obj     18      0                  0                 
       fd_sub28.asm.obj    14      0                  0                 
       u_div28.asm.obj     11      0                  0                 
       pre_init.c.obj      2       0                  0                 
       startup.c.obj       1       0                  0                 
    +--+-------------------+-------+------------------+--------------------+
       Total:              1224    24                 10                
                                                                        
       Stack:              0       0                  896               
    +--+-------------------+-------+------------------+--------------------+
       Grand Total:        32395   91199              14741             


GLOBAL DATA SYMBOLS: SORTED BY DATA PAGE

address     data page           name
--------    ----------------    ----
00000400      10 (00000400)     __stack

0000a800     2a0 (0000a800)     _UARTRxBufferTimeDiff

0000c000     300 (0000c000)     _au8RecBuffer0

0000c800     320 (0000c800)     _MODBUSREG_asFileTable

0000cd6a     335 (0000cd40)     _au8ReadBuffer
0000cd7d     335 (0000cd40)     _u16ReadStatus
0000cd7e     335 (0000cd40)     _DS3231MZ_bReadRequest
0000cd7f     335 (0000cd40)     _bReadAnswerWait

0000cd80     336 (0000cd80)     _u32ModbusTimeoutBuffer

0000cf80     33e (0000cf80)     _FPGA_SCI_u16TimeLast
0000cf81     33e (0000cf80)     _FPGA_SCI_u16TimePass
0000cf82     33e (0000cf80)     _FPGA_SCI_u16TimeCurr
0000cf83     33e (0000cf80)     _FPGA_SCI_bDataRecv
0000cf84     33e (0000cf80)     _FPGA_SCI_bDataRecvUse
0000cf85     33e (0000cf80)     _FPGA_SCI_bResetUart
0000cf86     33e (0000cf80)     _FPGA_SCI_u8UartIndex
0000cf87     33e (0000cf80)     _FPGA_SCI_nAddressDSP
0000cf88     33e (0000cf80)     _FPGA_SCI_nAddressFPGA
0000cf89     33e (0000cf80)     _FPGA_SCI_bPeriodicSend
0000cf8a     33e (0000cf80)     _FPGA_SCI_Clock_Get_Seconds
0000cf8b     33e (0000cf80)     _FPGA_SCI_Clock_Get_Minutes
0000cf8c     33e (0000cf80)     _FPGA_SCI_Clock_Get_Hours
0000cf8d     33e (0000cf80)     _FPGA_SCI_Clock_Get_Weekdays
0000cf8e     33e (0000cf80)     _FPGA_SCI_Clock_Get_Days
0000cf8f     33e (0000cf80)     _FPGA_SCI_Clock_Get_Month
0000cf90     33e (0000cf80)     _FPGA_SCI_Clock_Get_Year
0000cf91     33e (0000cf80)     _FPGA_SCI_Clock_Get_Last_Seconds
0000cf92     33e (0000cf80)     _FPGA_SCI_Clock_Get_Last_Minutes
0000cf93     33e (0000cf80)     _FPGA_SCI_Clock_Get_Last_Hours
0000cf94     33e (0000cf80)     _FPGA_SCI_Clock_Get_Last_Weekdays
0000cf95     33e (0000cf80)     _FPGA_SCI_Clock_Get_Last_Days
0000cf96     33e (0000cf80)     _FPGA_SCI_Clock_Get_Last_Month
0000cf97     33e (0000cf80)     _FPGA_SCI_Clock_Get_Last_Year
0000cf98     33e (0000cf80)     _FPGA_SCI_Clock_Set_Seconds
0000cf99     33e (0000cf80)     _FPGA_SCI_Clock_Set_Minutes
0000cf9a     33e (0000cf80)     _FPGA_SCI_Clock_Set_Hours
0000cf9b     33e (0000cf80)     _FPGA_SCI_Clock_Set_Weekdays
0000cf9c     33e (0000cf80)     _FPGA_SCI_Clock_Set_Days
0000cf9d     33e (0000cf80)     _FPGA_SCI_Clock_Set_Month
0000cf9e     33e (0000cf80)     _FPGA_SCI_Clock_Set_Year
0000cf9f     33e (0000cf80)     _FPGA_SCI_gdi_det
0000cfa0     33e (0000cf80)     _FPGA_SCI_gdi_err
0000cfa1     33e (0000cf80)     _FPGA_SCI_gdi_ovt
0000cfa2     33e (0000cf80)     _FPGA_SCI_trp_ocn
0000cfa3     33e (0000cf80)     _FPGA_SCI_trp_ocp
0000cfa4     33e (0000cf80)     _FPGA_SCI_err_glb
0000cfa5     33e (0000cf80)     _FPGA_SCI_gdi_det_err
0000cfa6     33e (0000cf80)     _FPGA_SCI_gdi_err_err
0000cfa7     33e (0000cf80)     _FPGA_SCI_gdi_ovt_err
0000cfa8     33e (0000cf80)     _FPGA_SCI_trp_ocn_err
0000cfa9     33e (0000cf80)     _FPGA_SCI_trp_ocp_err
0000cfaa     33e (0000cf80)     _FPGA_SCI_err_glb_err
0000cfab     33e (0000cf80)     _FPGA_SCI_meas_temp_err
0000cfac     33e (0000cf80)     _FPGA_SCI_gdi_det_err_Trip
0000cfad     33e (0000cf80)     _FPGA_SCI_gdi_err_err_Trip
0000cfae     33e (0000cf80)     _FPGA_SCI_gdi_ovt_err_Trip
0000cfaf     33e (0000cf80)     _FPGA_SCI_trp_ocn_err_Trip
0000cfb0     33e (0000cf80)     _FPGA_SCI_trp_ocp_err_Trip
0000cfb1     33e (0000cf80)     _FPGA_SCI_err_glb_err_Trip
0000cfb2     33e (0000cf80)     _FPGA_SCI_meas_temp_err_Trip
0000cfb3     33e (0000cf80)     _FPGA_SCI_ms_meas_temp_err
0000cfb4     33e (0000cf80)     _FPGA_SCI_ms_det
0000cfb5     33e (0000cf80)     _FPGA_SCI_ms_err
0000cfb6     33e (0000cf80)     _FPGA_SCI_ms_ovt
0000cfb7     33e (0000cf80)     _FPGA_SCI_ms_ocn
0000cfb8     33e (0000cf80)     _FPGA_SCI_ms_ocp
0000cfb9     33e (0000cf80)     _FPGA_SCI_ms_glb
0000cfba     33e (0000cf80)     _FPGA_SCI_ms_det_fbk
0000cfbb     33e (0000cf80)     _FPGA_SCI_ms_err_fbk
0000cfbc     33e (0000cf80)     _FPGA_SCI_ms_ovt_fbk
0000cfbd     33e (0000cf80)     _FPGA_SCI_ms_ocn_fbk
0000cfbe     33e (0000cf80)     _FPGA_SCI_ms_ocp_fbk
0000cfbf     33e (0000cf80)     _FPGA_SCI_ms_glb_fbk

0000cfc0     33f (0000cfc0)     _FPGA_SCI_Temp1
0000cfc1     33f (0000cfc0)     _FPGA_SCI_Temp2
0000cfc2     33f (0000cfc0)     _FPGA_SCI_Temp3
0000cfc3     33f (0000cfc0)     _FPGA_SCI_Temp4
0000cfc4     33f (0000cfc0)     _FPGA_SCI_Temp5
0000cfc5     33f (0000cfc0)     _FPGA_SCI_Temp6
0000cfc6     33f (0000cfc0)     _FPGA_SCI_Temp7
0000cfc7     33f (0000cfc0)     _FPGA_SCI_Temp8
0000cfc8     33f (0000cfc0)     _FPGA_SCI_Temp9
0000cfc9     33f (0000cfc0)     _FPGA_SCI_HuTmp
0000cfca     33f (0000cfc0)     _FPGA_SCI_Humid
0000cfcb     33f (0000cfc0)     _FPGA_SCI_Temp1_Trip
0000cfcc     33f (0000cfc0)     _FPGA_SCI_Temp2_Trip
0000cfcd     33f (0000cfc0)     _FPGA_SCI_Temp3_Trip
0000cfce     33f (0000cfc0)     _FPGA_SCI_Temp4_Trip
0000cfcf     33f (0000cfc0)     _FPGA_SCI_Temp5_Trip
0000cfd0     33f (0000cfc0)     _FPGA_SCI_Temp6_Trip
0000cfd1     33f (0000cfc0)     _FPGA_SCI_Temp7_Trip
0000cfd2     33f (0000cfc0)     _FPGA_SCI_Temp8_Trip
0000cfd3     33f (0000cfc0)     _FPGA_SCI_Temp9_Trip
0000cfd4     33f (0000cfc0)     _FPGA_SCI_HuTmp_Trip
0000cfd5     33f (0000cfc0)     _FPGA_SCI_Humid_Trip
0000cfd6     33f (0000cfc0)     _FPGA_SCI_eRxState
0000cfd7     33f (0000cfc0)     _FPGA_SCI_nRxTodoEcho
0000cfd8     33f (0000cfc0)     _FPGA_SCI_nRecvTimeout
0000cfd9     33f (0000cfc0)     _FPGA_SCI_nTxIndex
0000cfda     33f (0000cfc0)     _FPGA_SCI_nRxIndex
0000cfdb     33f (0000cfc0)     _FPGA_SCI_nTxChSum
0000cfdc     33f (0000cfc0)     _FPGA_SCI_nRxChSum
0000cfdd     33f (0000cfc0)     _FPGA_SCI_nRxData
0000cfde     33f (0000cfc0)     _FPGA_SCI_nRxByteCounter
0000cfdf     33f (0000cfc0)     _FPGA_SCI_nRxCommand
0000cfe0     33f (0000cfc0)     _FPGA_SCI_nRxCommand_Mask
0000cfe1     33f (0000cfc0)     _FPGA_SCI_nRxLength
0000cfe2     33f (0000cfc0)     _FPGA_SCI_nTxTestLength
0000cfe3     33f (0000cfc0)     _FPGA_SCI_nBytesToSend
0000cfe4     33f (0000cfc0)     _FPGA_SCI_nBytesToSendHardSet
0000cfe5     33f (0000cfc0)     _FPGA_SCI_nAddrMode
0000cfe6     33f (0000cfc0)     _FPGA_SCI_nParityMode
0000cfe7     33f (0000cfc0)     _bDataUpdate
0000cfe8     33f (0000cfc0)     _bRTCGet
0000cfe9     33f (0000cfc0)     _bUpdateNonLastExecuting
[...]
0000cf80  global    _FPGA_SCI_u16TimeLast (.ebss)
0000cf81  global    _FPGA_SCI_u16TimePass (.ebss)
0000cff6  global    _FPGA_SCI_u32SendCount (.ebss)
0000cff4  global    _FPGA_SCI_u32SendCounter (.ebss)
0000cf86  global    _FPGA_SCI_u8UartIndex (.ebss)
00000000  global    _FPGA_SCI_vClearTrippedErrors (.text:_FPGA_SCI_vClearTrippedErrors)
00000000  global    _FPGA_SCI_vClockSetup (.text:_FPGA_SCI_vClockSetup)
00000000  global    _FPGA_SCI_vErrorMasksSetup (.text:_FPGA_SCI_vErrorMasksSetup)
00000000  global    _FPGA_SCI_vGetDateTime (.text:_FPGA_SCI_vGetDateTime)
00000000  global    _FPGA_SCI_vProcess (.text:_FPGA_SCI_vProcess)
0008a201  global    _FPGA_SCI_vProcessFastTD (.text:_FPGA_SCI_vProcessFastTD)
00000000  global    _FPGA_SCI_vProcessTest (.text:_FPGA_SCI_vProcessTest)
00000000  global    _FPGA_SCI_vProcessUartRx (.text:_FPGA_SCI_vProcessUartRx)
00000000  global    _FPGA_SCI_vProcessUartRxTimeout (.text:_FPGA_SCI_vProcessUartRxTimeout)
00089b63  global    _FPGA_SCI_vProcessUartTx (.text:_FPGA_SCI_vProcessUartTx)
00000000  global    _FPGA_SCI_vSetDateTime (.text:_FPGA_SCI_vSetDateTime)
00000000  global    _FPGA_SCI_vSetStackDeny (.text:_FPGA_SCI_vSetStackDeny)
00000000  global    _FPGA_SCI_vSetStackUsed (.text:_FPGA_SCI_vSetStackUsed)
00000000  global    _FPGA_SCI_vStartUartTx (.text:_FPGA_SCI_vStartUartTx)
00000000  global    _FPGA_SCI_vUartOverflowDetection (.text:_FPGA_SCI_vUartOverflowDetection)
0000cfe7  global    _bDataUpdate (.ebss)
0000cfe8  global    _bRTCGet (.ebss)
0000cfec  global    _bResponseRxCommand (.ebss)
0000cfed  global    _bResponseRxCommandLast (.ebss)
0000cff0  global    _bRxResponseIncrementData (.ebss)
0000cfee  global    _bSendRxResponse (.ebss)
0000cfeb  global    _bSendTxCommand (.ebss)
0000cfea  global    _bUpdateLastExecuting (.ebss)
0000cfe9  global    _bUpdateNonLastExecuting (.ebss)


================================================================================

CSMON_C28xx.lib : sci_drv.obj

Run/Load            
Value     Binding   Name (Section)
--------  --------  ---------------
00000013  local     $C$L1 (.text:_SCI_vErrorResetProcess)
0000002b  local     $C$L2 (.text:_SCI_vErrorResetProcess)
00000000  local     .bss (.bss)
00000000  local     .data (.data)
00000000  local     .ebss:_SCI_ErrorRx (.ebss:_SCI_ErrorRx)
00000000  local     .text (.text)
00089616  local     .text:_SCIA_RXFIFOISR (.text:_SCIA_RXFIFOISR)
00089654  local     .text:_SCIA_TXFIFOISR (.text:_SCIA_TXFIFOISR)
00089692  local     .text:_SCIB_RXFIFOISR (.text:_SCIB_RXFIFOISR)
000896d0  local     .text:_SCIB_TXFIFOISR (.text:_SCIB_TXFIFOISR)
0008974c  local     .text:_SCIC_RXFIFOISR (.text:_SCIC_RXFIFOISR)
00089789  local     .text:_SCIC_TXFIFOISR (.text:_SCIC_TXFIFOISR)
000897c6  local     .text:_SCID_RXFIFOISR (.text:_SCID_RXFIFOISR)
00089803  local     .text:_SCID_TXFIFOISR (.text:_SCID_TXFIFOISR)
0008a654  local     .text:_SCI_eGetModuleIndexFromBase (.text:_SCI_eGetModuleIndexFromBase)
0008a5f6  local     .text:_SCI_u32GetBaseFromModuleIndex (.text:_SCI_u32GetBaseFromModuleIndex)
00000000  local     .text:_SCI_vErrorResetProcess (.text:_SCI_vErrorResetProcess)
00000000  local     .text:_SCI_vInitFIFO (.text:_SCI_vInitFIFO)
00000000  local     .text:_SCI_vInitFIFORegisters (.text:_SCI_vInitFIFORegisters)
00089616  global    _SCIA_RXFIFOISR (.text:_SCIA_RXFIFOISR)
00089654  global    _SCIA_TXFIFOISR (.text:_SCIA_TXFIFOISR)
00089692  global    _SCIB_RXFIFOISR (.text:_SCIB_RXFIFOISR)
000896d0  global    _SCIB_TXFIFOISR (.text:_SCIB_TXFIFOISR)
0008974c  global    _SCIC_RXFIFOISR (.text:_SCIC_RXFIFOISR)
00089789  global    _SCIC_TXFIFOISR (.text:_SCIC_TXFIFOISR)
000897c6  global    _SCID_RXFIFOISR (.text:_SCID_RXFIFOISR)
00089803  global    _SCID_TXFIFOISR (.text:_SCID_TXFIFOISR)
00000000  global    _SCI_ErrorRx (.ebss:_SCI_ErrorRx)
0008a654  global    _SCI_eGetModuleIndexFromBase (.text:_SCI_eGetModuleIndexFromBase)
0008a5f6  global    _SCI_u32GetBaseFromModuleIndex (.text:_SCI_u32GetBaseFromModuleIndex)
00000000  global    _SCI_vErrorResetProcess (.text:_SCI_vErrorResetProcess)
00000000  global    _SCI_vInitFIFO (.text:_SCI_vInitFIFO)
00000000  global    _SCI_vInitFIFORegisters (.text:_SCI_vInitFIFORegisters)


================================================================================

PERIPHERAL_C28xx.lib : peripheral.obj

Run/Load            
Value     Binding   Name (Section)
--------  --------  ---------------
00000000  local     .bss (.bss)
00000000  local     .data (.data)
0008a4b2  local     .text (.text)
0008a4b7  global    _PERIPHERAL_vInit (.text)
0008a4b2  global    _PERIPHERAL_vProcess (.text)


================================================================================

PERIPHERAL_C28xx.lib : ds3231mz.obj

Run/Load            
Value     Binding   Name (Section)
--------  --------  ---------------
000899a3  local     $C$L1 (.text)
000899a8  local     $C$L2 (.text)
000899ad  local     $C$L3 (.text)
000899b1  local     $C$L4 (.text)
000899b2  local     $C$L5 (.text)
00000000  local     .bss (.bss)
0008282a  local     .cinit (.cinit)
0008297a  local     .cinit:_au8ReadBuffer (.cinit:_au8ReadBuffer)
00000000  local     .data (.data)
0000cd7d  local     .ebss (.ebss)
0000cd6a  local     .ebss:_au8ReadBuffer (.ebss:_au8ReadBuffer)
0008998f  local     .text (.text)
0000cd7e  global    _DS3231MZ_bReadRequest (.ebss)
000899b4  global    _DS3231MZ_vInit (.text)
0008998f  global    _DS3231MZ_vProcess (.text)
0000cd6a  global    _au8ReadBuffer (.ebss:_au8ReadBuffer)
0000cd7f  global    _bReadAnswerWait (.ebss)
0000cd7d  global    _u16ReadStatus (.ebss)


================================================================================

PERIPHERAL_C28xx.lib : i2c_driver.obj

Run/Load            
Value     Binding   Name (Section)
--------  --------  ---------------
000864ad  local     $C$L1 (.text)
00086510  local     $C$L10 (.text)
00086518  local     $C$L11 (.text)
00086522  local     $C$L12 (.text)
0008652d  local     $C$L13 (.text)
00086530  local     $C$L14 (.text)
00086589  local     $C$L15 (.text)
00086595  local     $C$L16 (.text)
0008659e  local     $C$L17 (.text)
000865a7  local     $C$L18 (.text)
000865a9  local     $C$L19 (.text)
000864b4  local     $C$L2 (.text)
000865b1  local     $C$L20 (.text)
000877ee  local     $C$L21 (.text:retain)
000877f8  local     $C$L22 (.text:retain)
000877fa  local     $C$L23 (.text:retain)
00087809  local     $C$L24 (.text:retain)
0008780f  local     $C$L25 (.text:retain)
00087820  local     $C$L26 (.text:retain)
00087826  local     $C$L27 (.text:retain)
0008782c  local     $C$L28 (.text:retain)
00087832  local     $C$L29 (.text:retain)
000864bf  local     $C$L3 (.text)
0008785e  local     $C$L30 (.text:retain)
00087868  local     $C$L31 (.text:retain)
0008786a  local     $C$L32 (.text:retain)
00087879  local     $C$L33 (.text:retain)
0008787f  local     $C$L34 (.text:retain)
00087890  local     $C$L35 (.text:retain)
00087896  local     $C$L36 (.text:retain)
0008789c  local     $C$L37 (.text:retain)
000878a2  local     $C$L38 (.text:retain)
000865b5  local     $C$L39 (.text)
000864c9  local     $C$L4 (.text)
000865df  local     $C$L40 (.text)
000865e3  local     $C$L41 (.text)
000865ed  local     $C$L42 (.text)
000865ef  local     $C$L43 (.text)
00086604  local     $C$L44 (.text)
000864d0  local     $C$L5 (.text)
000864d9  local     $C$L6 (.text)
000864e9  local     $C$L7 (.text)
000864f2  local     $C$L8 (.text)
0008650b  local     $C$L9 (.text)
00000000  local     .bss (.bss)
00000000  local     .cinit:_failCount (.cinit:_failCount)
000826e3  local     .cinit:_i2cMsgIn (.cinit:_i2cMsgIn)
00082661  local     .cinit:_i2cMsgOut (.cinit:_i2cMsgOut)
00000000  local     .cinit:_passCount (.cinit:_passCount)
00000000  local     .data (.data)
0000edcc  local     .ebss:_currentMsgPtr (.ebss:_currentMsgPtr)
00000000  local     .ebss:_failCount (.ebss:_failCount)
0000e248  local     .ebss:_i2cMsgIn (.ebss:_i2cMsgIn)
0000e910  local     .ebss:_i2cMsgOut (.ebss:_i2cMsgOut)
00000000  local     .ebss:_passCount (.ebss:_passCount)
000864a4  local     .text (.text)
000877cf  local     .text:retain (.text:retain)
0008661a  global    _I2C_DRIVER_vInit (.text)
00086616  global    _I2C_DRIVER_vProcess (.text)
000865f6  global    _I2C_DRIVER_vReadData (.text)
000865e6  global    _I2C_DRIVER_vSetupMessageSlave (.text)
000865b6  global    _I2C_DRIVER_vWriteData (.text)
0008656c  global    _I2C_u32BaseFromIndex (.text)
0000edcc  global    _currentMsgPtr (.ebss:_currentMsgPtr)
000865b4  global    _fail (.text)
00000000  global    _failCount (.ebss:_failCount)
0008783f  global    _i2cAISR (.text:retain)
000877cf  global    _i2cBISR (.text:retain)
0000e248  global    _i2cMsgIn (.ebss:_i2cMsgIn)
0000e910  global    _i2cMsgOut (.ebss:_i2cMsgOut)
00086573  global    _i2cRWProcess (.text)
00086531  global    _initI2C (.text)
0008652f  global    _pass (.text)
00000000  global    _passCount (.ebss:_passCount)
000864eb  global    _readData (.text)
000864a4  global    _writeData (.text)


================================================================================

rts2800_fpu32.lib : s_sinf.c.obj

Run/Load            
Value     Binding   Name (Section)
--------  --------  ---------------
00088e07  local     $C$L1 (.text)
00000000  local     .bss (.bss)
00000000  local     .data (.data)
00088da9  local     .text (.text)
00088da9  global    _sin (.text)
00088da9  global    _sinf (.text)


================================================================================

rts2800_fpu32.lib : boot28.asm.obj

Run/Load            
Value     Binding   Name (Section)
--------  --------  ---------------
00000000  local     .bss (.bss)
00000000  local     .data (.data)
003fffc0  local     .reset (.reset)
00000400  local     .stack (.stack)
000891bc  local     .text (.text)
0008920e  local     BYPASS_AUTO_INIT (.text)
0008920e  local     DONE_INIT (.text)
000891ee  local     DO_BINIT (.text)
000891f8  local     DO_PINIT (.text)
000891ea  local     GET_ADDR (.text)
000891df  local     GET_DATA (.text)
000891d8  local     LOOP (.text)
00089204  local     LOOP_PINIT (.text)
000891e6  local     START (.text)
00089209  local     START_PINIT (.text)
00000400  global    __stack (.stack)
000891bc  global    _c_int00 (.text)


================================================================================

rts2800_fpu32.lib : fd_mpy28.asm.obj

Run/Load            
Value     Binding   Name (Section)
--------  --------  ---------------
00000000  local     .bss (.bss)
00000000  local     .data (.data)
0008891f  local     .text (.text)
0008891f  global    FD$$MPY (.text)
0008899a  local     OVERFLOW (.text)
00088995  local     RETURN (.text)
00088993  local     RETURN_VALUE (.text)
00088985  local     RND64_SET_MANT$3$ (.text)
0008897a  local     ROUND (.text)
000889a0  local     UNDERFLOW (.text)


================================================================================

rts2800_fpu32.lib : fd_sub28.asm.obj

Run/Load            
Value     Binding   Name (Section)
--------  --------  ---------------
00000000  local     .bss (.bss)
00000000  local     .data (.data)
0008a3f2  local     .text (.text)
0008a3f2  global    FD$$SUB (.text)


================================================================================

rts2800_fpu32.lib : fd_toul28.asm.obj

Run/Load            
Value     Binding   Name (Section)
--------  --------  ---------------
00000000  local     .bss (.bss)
00000000  local     .data (.data)
00089f5a  local     .text (.text)
00089f5a  global    FD$$TOUL (.text)
00089f70  local     OVERFLOW (.text)
00089f6f  local     RETURN_VALUE (.text)
00089f73  local     UNDERFLOW (.text)


================================================================================

rts2800_fpu32.lib : fs_div28.asm.obj

Run/Load            
Value     Binding   Name (Section)
--------  --------  ---------------
00000000  local     .bss (.bss)
00000000  local     .data (.data)
00088897  local     .text (.text)
00088897  global    FS$$DIV (.text)
000888fb  local     OP1_ZERO (.text)
00088912  local     OP2_ZERO (.text)
00088903  local     OVERFLOW (.text)
000888fb  local     RETURN_VALUE (.text)
0008890f  local     UNDERFLOW (.text)


================================================================================

rts2800_fpu32.lib : ll_div28.asm.obj

Run/Load            
Value     Binding   Name (Section)
--------  --------  ---------------
00087408  local     $10 (.text)
00087414  local     $15 (.text)
00087449  local     $20 (.text)
00087443  local     $25 (.text)
0008744f  local     $30 (.text)
0008747d  local     $35 (.text)
000874ac  local     $40 (.text)
0008740e  local     $5_$2 (.text)
00000000  local     .bss (.bss)
00000000  local     .data (.data)
000873fa  local     .text (.text)
0008741e  local     CHECK_SIGN1 (.text)
00087459  local     CHECK_SIGN2 (.text)
00087491  local     DGT3 (.text)
00087493  local     DIVUDenHighZero (.text)
00087428  local     EQ0 (.text)
00087423  local     EQ1 (.text)
00087461  local     EQ2 (.text)
0008748c  local     EQ3 (.text)
000874bd  local     EQ4 (.text)
000873fa  global    LL$$DIV (.text)
00087436  global    LL$$MOD (.text)
000874dc  local     LOOP (.text)
000874cb  local     MAINDIV (.text)
000874ea  local     MD_NEQ (.text)
000874bf  local     MODUDenHighZero (.text)
00087421  local     RET1 (.text)
0008745c  local     RET2 (.text)
0008748a  local     RET3 (.text)
000874b9  local     RET4 (.text)
0008745e  local     RET_NUM1 (.text)
000874bb  local     RET_NUM2 (.text)
0008742a  local     SDIVUDenHighZero (.text)
000874f4  local     SKIP (.text)
000874f6  local     SKIP1 (.text)
00087464  local     SMODUDenHighZero (.text)
00087470  global    ULL$$DIV (.text)
0008749f  global    ULL$$MOD (.text)


================================================================================

rts2800_fpu32.lib : u_div28.asm.obj

Run/Load            
Value     Binding   Name (Section)
--------  --------  ---------------
00000000  local     .bss (.bss)
00000000  local     .data (.data)
0008a4a7  local     .text (.text)
0008a4a7  global    U$$DIV (.text)
0008a4ac  global    U$$MOD (.text)


================================================================================

rts2800_fpu32.lib : u_tofd28.asm.obj

Run/Load            
Value     Binding   Name (Section)
--------  --------  ---------------
00000000  local     .bss (.bss)
00000000  local     .data (.data)
0008a0e5  local     .text (.text)
0008a0f2  local     NORMALIZE (.text)
0008a0fa  local     OP_ZERO (.text)
0008a0f4  local     PACK (.text)
0008a0f9  local     RETURN (.text)
0008a0f7  local     RETURN_VALUE (.text)
0008a0e5  global    U$$TOFD (.text)


================================================================================

rts2800_fpu32.lib : fd_div28.asm.obj

Run/Load            
Value     Binding   Name (Section)
--------  --------  ---------------
000887c0  local     $1_$3 (.text)
000887cb  local     $2_$3 (.text)
00000000  local     .bss (.bss)
00000000  local     .data (.data)
00088784  local     .text (.text)
000887da  local     DIV_END (.text)
000887bb  local     DIV_START (.text)
00088784  global    FD$$DIV (.text)
000887dd  local     NORMALIZE (.text)
00088807  local     OVERFLOW (.text)
00088802  local     RETURN (.text)
00088800  local     RETURN_VALUE (.text)
000887f2  local     RND64_SET_MANT$3$ (.text)
000887e6  local     ROUND (.text)
0008880d  local     UNDERFLOW (.text)


================================================================================

rts2800_fpu32.lib : cpy_tbl.c.obj

Run/Load            
Value     Binding   Name (Section)
--------  --------  ---------------
00089d36  local     $C$L1 (.text)
00089d49  local     $C$L2 (.text)
00089d4a  local     $C$L3 (.text)
00000000  local     .bss (.bss)
00000000  local     .data (.data)
00089d2e  local     .text (.text)
00089d2e  global    _copy_in (.text)


================================================================================

rts2800_fpu32.lib : memcpy.c.obj

Run/Load            
Value     Binding   Name (Section)
--------  --------  ---------------
00089ef1  local     $C$L1 (.text)
00089ef5  local     $C$L2 (.text)
00089efc  local     $C$L3 (.text)
00089efe  local     $C$L4 (.text)
00089f06  local     $C$L5 (.text)
00000000  local     .bss (.bss)
00000000  local     .data (.data)
00089eeb  local     .text (.text)
00089eeb  global    _memcpy (.text)


================================================================================

rts2800_fpu32.lib : pre_init.c.obj

Run/Load            
Value     Binding   Name (Section)
--------  --------  ---------------
00000000  local     .bss (.bss)
00000000  local     .data (.data)
0008a7cc  local     .text (.text)
0008a7cc  global    __system_pre_init (.text)


================================================================================

rts2800_fpu32.lib : startup.c.obj

Run/Load            
Value     Binding   Name (Section)
--------  --------  ---------------
00000000  local     .bss (.bss)
00000000  local     .data (.data)
00086f0d  local     .text (.text)
00086f0d  global    __system_post_cinit (.text)


================================================================================

rts2800_fpu32.lib : exit.c.obj

Run/Load            
Value     Binding   Name (Section)
--------  --------  ---------------
00089b8d  local     $C$L1 (.text)
00089ba0  local     $C$L2 (.text)
00089bab  local     $C$L3 (.text)
00089bb1  local     $C$L4 (.text)
00000000  local     .bss (.bss)
000827e8  local     .cinit (.cinit)
00000000  local     .data (.data)
0000edb0  local     .ebss (.ebss)
00089b8c  local     .text (.text)
00089b8c  global    C$$EXIT (.text)
0000edb2  global    ___TI_cleanup_ptr (.ebss)
0000edb4  global    ___TI_dtors_ptr (.ebss)
0000edb0  global    ___TI_enable_exit_profile_output (.ebss)
00089b8c  global    _abort (.text)
00089b8e  global    _exit (.text)


================================================================================

rts2800_fpu32.lib : _lock.c.obj

Run/Load            
Value     Binding   Name (Section)
--------  --------  ---------------
00000000  local     .bss (.bss)
00082954  local     .cinit:__lock (.cinit:__lock)
00082959  local     .cinit:__unlock (.cinit:__unlock)
00000000  local     .data (.data)
0000ee00  local     .ebss:__lock (.ebss:__lock)
0000ee02  local     .ebss:__unlock (.ebss:__unlock)
0008a559  local     .text (.text)
0000ee00  global    __lock (.ebss:__lock)
0008a561  global    __nop (.text)
0008a55d  global    __register_lock (.text)
0008a559  global    __register_unlock (.text)
0000ee02  global    __unlock (.ebss:__unlock)


================================================================================

rts2800_fpu32.lib : args_main.c.obj

Run/Load            
Value     Binding   Name (Section)
--------  --------  ---------------
0008a254  local     $C$L1 (.text)
0008a258  local     $C$L2 (.text)
00000000  local     .bss (.bss)
00000000  local     .data (.data)
0008a249  local     .text (.text)
0008a249  global    __args_main (.text)


================================================================================

rts2800_fpu32.lib : fd_add28.asm.obj

Run/Load            
Value     Binding   Name (Section)
--------  --------  ---------------
00000000  local     .bss (.bss)
00000000  local     .data (.data)
0008840a  local     .text (.text)
00088461  local     ADD_OP (.text)
00088428  local     EXP1_NZ (.text)
00088442  local     EXP2_NZ (.text)
0008840a  global    FD$$ADD (.text)
0008846d  local     NORMALIZE (.text)
00088465  local     NO_ADD (.text)
00088498  local     OP1_ZERO (.text)
0008849b  local     OP2_ZERO (.text)
0008849e  local     OVERFLOW (.text)
00088451  local     PREP_ADD (.text)
00088493  local     RETURN (.text)
00088491  local     RETURN_VALUE (.text)
00088484  local     RND64_SET_MANT$4$ (.text)
00088420  local     SAVE_MN1 (.text)
0008843a  local     SAVE_MN2 (.text)
000884a4  local     UNDERFLOW (.text)


================================================================================

