******************************************************************************
             TMS320C2000 Linker PC v22.6.0                     
******************************************************************************
>> Linked Thu Jan 19 21:32:43 2023

OUTPUT FILE NAME:   <../../../04_Output_Files/ReleaseCS1107/TEST_CSMON_C28xx.out>
ENTRY POINT SYMBOL: "_c_int00"  address: 000898d1


MEMORY CONFIGURATION

         name            origin    length      used     unused   attr    fill
----------------------  --------  ---------  --------  --------  ----  --------
PAGE 0:
  RAMM0                 00000122   000002de  00000000  000002de  RWIX
  RAMLS0                00008000   00000800  00000062  0000079e  RWIX
  RAMLS1                00008800   00000800  00000000  00000800  RWIX
  RAMLS2                00009000   00000800  00000000  00000800  RWIX
  RAMLS3                00009800   00000800  00000000  00000800  RWIX
  RAMLS4                0000a000   00000800  00000000  00000800  RWIX
  RAMD0                 0000b000   00000800  00000000  00000800  RWIX
  RAMGS14               0001a000   00001000  00000000  00001000  RWIX
  RAMGS15               0001b000   00001000  00000000  00001000  RWIX
  BEGIN                 00080000   00000002  00000000  00000002  RWIX
  FLASHA                00080002   00001ffe  00000000  00001ffe  RWIX
  FLASHB                00082000   00002000  00001fff  00000001  RWIX
  FLASHC                00084000   00002000  00002000  00000000  RWIX
  FLASHD                00086000   00002000  00001ffd  00000003  RWIX
  FLASHE                00088000   00008000  00002e92  0000516e  RWIX
  FLASHF                00090000   00008000  000002a1  00007d5f  RWIX
  FLASHG                00098000   00008000  00000000  00008000  RWIX
  FLASHH                000a0000   00018000  00015800  00002800  RWIX
  FLASHK                000b8000   00002000  00000000  00002000  RWIX
  FLASHL                000ba000   00002000  00000000  00002000  RWIX
  FLASHM                000bc000   00002000  00000000  00002000  RWIX
  FLASHN                000be000   00002000  00000000  00002000  RWIX
  RESET                 003fffc0   00000002  00000000  00000002  RWIX

PAGE 1:
  BOOT_RSVD             00000002   00000120  00000000  00000120  RWIX
  RAMM1                 00000400   00000400  00000380  00000080  RWIX
  EMIF2_CS2n            00002000   00001000  00000000  00001000  RWIX
  RAMLS5                0000a800   00000800  00000800  00000000  RWIX
  RAMD1                 0000b800   00000800  00000000  00000800  RWIX
  RAMGS0                0000c000   00001000  00001000  00000000  RWIX
  RAMGS1                0000d000   00001000  00001000  00000000  RWIX
  RAMGS2                0000e000   00004000  00000e59  000031a7  RWIX
  RAMGS6                00012000   00001000  00000000  00001000  RWIX
  RAMGS7                00013000   00001000  00000000  00001000  RWIX
  RAMGS8                00014000   00001000  00000000  00001000  RWIX
  RAMGS9                00015000   00001000  00000000  00001000  RWIX
  RAMGS10               00016000   00001000  00000000  00001000  RWIX
  RAMGS11               00017000   00001000  00000000  00001000  RWIX
  RAMGS12               00018000   00001000  00000000  00001000  RWIX
  RAMGS13               00019000   00001000  00000000  00001000  RWIX
  CPU2TOCPU1RAM         0003f800   00000400  00000000  00000400  RWIX
  CPU1TOCPU2RAM         0003fc00   00000400  00000000  00000400  RWIX
  EMIF1_CS2n            00100000   00200000  00000000  00200000  RWIX
  FPGA_RAM              00300000   00000010  0000000a  00000006  RWIX
  EMIF1_CS4n            00380000   00060000  00000000  00060000  RWIX
  EMIF1_CS0n            80000000   10000000  00000000  10000000  RWIX
  EMIF2_CS0n            90000000   10000000  00000000  10000000  RWIX


SECTION ALLOCATION MAP

 output                                  attributes/
section   page    origin      length       input sections
--------  ----  ----------  ----------   ----------------
.cinit     0    00082000    000009a3     
                  00082000    000001d1     CSMON_C28xx.lib : hmmodbus.obj (.cinit)
                  000821d1    000001a0     main.obj (.cinit)
                  00082371    0000010a     CSMON_C28xx.lib : fpga_sci.obj (.cinit)
                  0008247b    000000e3                     : csmon.obj (.cinit)
                  0008255e    00000084                     : modbusreg.obj (.cinit)
                  000825e2    0000003f                     : csmon.obj (.cinit:_CSMON_au8FileRecorderDataElementsSizeTable)
                  00082621    00000033                     : hmrecparam.obj (.cinit:_sRecStatusParam)
                  00082654    00000030                     : csmon.obj (.cinit:_CSMON_au8FileRecorderConfigElementsSizeTable)
                  00082684    0000002d     PERIPHERAL_C28xx.lib : i2c_driver.obj (.cinit:_i2cMsgOut)
                  000826b1    0000002b     CSMON_C28xx.lib : csmon.obj (.cinit:_CSMON_au8FileScopeConfigurationElementsSizeTable)
                  000826dc    0000002a     emif_driver.obj (.cinit)
                  00082706    00000025     PERIPHERAL_C28xx.lib : i2c_driver.obj (.cinit:_i2cMsgIn)
                  0008272b    0000001f     CSMON_C28xx.lib : hmrecparam.obj (.cinit:_sRecStatusParamInternal)
                  0008274a    00000015                     : csmon.obj (.cinit:_CSMON_sFileAutorization)
                  0008275f    00000014                     : hmdrv.obj (.cinit)
                  00082773    00000014                     : hmprotocol.obj (.cinit)
                  00082787    00000013                     : modbusreg.obj (.cinit:_MODBUSREG_au8DeviceIDUserApplicationName)
                  0008279a    00000013                     : modbusreg.obj (.cinit:_MODBUSREG_au8DeviceIDVendorUrl)
                  000827ad    00000013                     : modbusreg.obj (.cinit:_MODBUSREG_au8ServerIDData)
                  000827c0    0000000f                     : device.obj (.cinit)
                  000827cf    0000000f                     : csmon.obj (.cinit:_CSMON_sDateTime)
                  000827de    0000000f                     : csmon.obj (.cinit:_CSMON_sDateTimeApplication)
                  000827ed    0000000f                     : csmon.obj (.cinit:_CSMON_sDateTimeDefault)
                  000827fc    0000000f                     : modbusreg.obj (.cinit:_MODBUSREG_au8DeviceIDModelName)
                  0008280b    0000000e     rts2800_fpu32.lib : exit.c.obj (.cinit)
                  00082819    0000000d     CSMON_C28xx.lib : tmr_drv.obj (.cinit)
                  00082826    0000000d                     : csmon.obj (.cinit:_CSMON_au8FileParameterCountElementsSizeTable)
                  00082833    0000000d                     : csmon.obj (.cinit:_CSMON_au8FileRTCElementsSizeTable)
                  00082840    0000000d                     : csmon.obj (.cinit:_sHashKey)
                  0008284d    0000000c     PERIPHERAL_C28xx.lib : ds3231mz.obj (.cinit)
                  00082859    0000000c     CSMON_C28xx.lib : csmon.obj (.cinit:_CSMON_au8FileParameterNumericElementsSizeTable)
                  00082865    0000000c                     : modbusreg.obj (.cinit:_MODBUSREG_au8DeviceIDProductName)
                  00082871    0000000c                     : modbusreg.obj (.cinit:_MODBUSREG_au8DeviceIDUserReserve0)
                  0008287d    0000000c                     : modbusreg.obj (.cinit:_MODBUSREG_au8DeviceIDUserReserve1)
                  00082889    0000000c                     : modbusreg.obj (.cinit:_MODBUSREG_au8DeviceIDUserReserve2)
                  00082895    0000000c                     : modbusreg.obj (.cinit:_MODBUSREG_au8DeviceIDVendorName)
                  000828a1    0000000b                     : hmrecparam.obj (.cinit:_HMRECPRM_sDateTime)
                  000828ac    0000000b                     : uart_drv.obj (.cinit:_UART_RXIntOverflowCounter)
                  000828b7    0000000b                     : tmr_drv.obj (.cinit:_pfDelayedFunction)
                  000828c2    0000000b                     : tmr_drv.obj (.cinit:_pfDelayedFunction_u8)
                  000828cd    0000000b                     : uart_drv.obj (.cinit:_u32TimeDiffLast)
                  000828d8    0000000b                     : uart_drv.obj (.cinit:_u32TimeDiffNow)
                  000828e3    0000000b                     : uart_drv.obj (.cinit:_u32TimeDiffRead)
                  000828ee    00000009                     : hmserial.obj (.cinit)
                  000828f7    00000009                     : csmon.obj (.cinit:_CSMON_au32FileAutorization_FunctionAfterWriteFileRecord)
                  00082900    00000009                     : csmon.obj (.cinit:_CSMON_sFileParameterCount)
                  00082909    00000009                     : hmscopeparam.obj (.cinit:_pBufferScope)
                  00082912    00000008                     : hmlib.obj (.cinit)
                  0008291a    00000007                     : csmon.obj (.cinit:_CSMON_au8FileParameterListElementsSizeTablePart1)
                  00082921    00000007                     : csmon.obj (.cinit:_CSMON_au8FileRecorderStatusElementsSizeTable)
                  00082928    00000007                     : hmmodbus.obj (.cinit:_HMMODBUS_u32RegisterAddressInRamDummy)
                  0008292f    00000007                     : modbusreg.obj (.cinit:_MODBUSREG_au8DeviceIDMajorMinorRevision)
                  00082936    00000007                     : modbusreg.obj (.cinit:_MODBUSREG_au8DeviceIDProductCode)
                  0008293d    00000007                     : uart_drv.obj (.cinit:_UARTRxBufferRDCount)
                  00082944    00000007                     : uart_drv.obj (.cinit:_UARTRxBufferRDIndex)
                  0008294b    00000007                     : uart_drv.obj (.cinit:_UARTRxBufferWRCount)
                  00082952    00000007                     : uart_drv.obj (.cinit:_UARTRxBufferWRIndex)
                  00082959    00000006                     : csmon.obj (.cinit:_CSMON_abFileAutorization_RecordReadOnly)
                  0008295f    00000006                     : csmon.obj (.cinit:_CSMON_abFileAutorization_RecordStringData)
                  00082965    00000006                     : csmon.obj (.cinit:_CSMON_au16FileAutorization_RecordOffsets)
                  0008296b    00000006                     : csmon.obj (.cinit:_CSMON_au8FileRecorderDataElementsSizeTableUsedLength)
                  00082971    00000006                     : csmon.obj (.cinit:_CSMON_sFileProtocolVersion)
                  00082977    00000005     rts2800_fpu32.lib : _lock.c.obj (.cinit:__lock)
                  0008297c    00000005                       : _lock.c.obj (.cinit:__unlock)
                  00082981    00000004     CSMON_C28xx.lib : hmscopeparam.obj (.cinit)
                  00082985    00000004                     : uart_drv.obj (.cinit)
                  00082989    00000004                     : csmon.obj (.cinit:_CSMON_au8FileParameterListElementsSizeTablePart2)
                  0008298d    00000004                     : csmon.obj (.cinit:_CSMON_au8FileParameterListElementsSizeTablePart3)
                  00082991    00000004                     : csmon.obj (.cinit:_CSMON_au8FileScopeStatusElementsSizeTable)
                  00082995    00000004                     : csmon.obj (.cinit:_CSMON_sFileParameterAccessList)
                  00082999    00000004                     : modbusreg.obj (.cinit:_MODBUSREG_asFileTable)
                  0008299d    00000004     PERIPHERAL_C28xx.lib : ds3231mz.obj (.cinit:_au8ReadBuffer)
                  000829a1    00000002     --HOLE-- [fill = 0]

.pinit     0    00082000    00000000     UNINITIALIZED

.TI.ramfunc 
*          0    00086000    00000062     RUN ADDR = 00008000
                  00086000    0000005e     flash.obj (.TI.ramfunc)
                  0008605e    00000004     sysctl.obj (.TI.ramfunc)

.stack     1    00000400    00000380     UNINITIALIZED
                  00000400    00000380     --HOLE--

.switch    0    000829a4    00000020     
                  000829a4    00000020     CSMON_C28xx.lib : csmon.obj (.switch:_CSMON_eSetParameter)

.reset     0    003fffc0    00000002     DSECT
                  003fffc0    00000002     rts2800_fpu32.lib : boot28.asm.obj (.reset)

.fpgaram   1    00300000    0000000a     UNINITIALIZED
                  00300000    0000000a     fpga_driver.obj (.fpgaram)

GETBUFFER 
*          0    0003f800    00000000     DSECT

GETWRITEIDX 
*          0    0003f800    00000000     DSECT

PUTREADIDX 
*          0    0003f800    00000000     DSECT

.text.1    0    000829c4    0000163c     
                  000829c4    00000d30     CSMON_C28xx.lib : hmmodbus.obj (.text:_HMMODBUS_bDecoder_OPT)
                  000836f4    0000075b                     : hmmodbus.obj (.text:_HMMODBUS_WriteFileRecord)
                  00083e4f    00000001                     : hmprotocol.obj (.text:_HMPROTOCOL_vInit)
                  00083e50    000001ac     PERIPHERAL_C28xx.lib : i2c_driver.obj (.text)
                  00083ffc    00000004     CSMON_C28xx.lib : csmon.obj (.text:_CSMON_eRegisterWriteParElementCallbackFunction)

.text.2    0    00084000    00002000     
                  00084000    00000a52     CSMON_C28xx.lib : modbusreg.obj (.text:_MODBUSREG_AddressTablesInit)
                  00084a52    000009c0                     : hmmodbus.obj (.text:_HMMODBUS_ReadFileRecord)
                  00085412    0000052f                     : csmon.obj (.text:_CSMON_eSetParameter)
                  00085941    000004b3     main.obj (.text)
                  00085df4    000001bc     CSMON_C28xx.lib : csmon.obj (.text:_CSMON_eInit)
                  00085fb0    0000004f                     : hmrecparam.obj (.text:_HMRECPRM_SetUpRecParamStatusDateTime)
                  00085fff    00000001     rts2800_fpu32.lib : startup.c.obj (.text)

.text.3    0    00086064    00001f9b     
                  00086064    00000436     sysctl.obj (.text)
                  0008649a    000002b7     emif_driver.obj (.text)
                  00086751    00000283     CSMON_C28xx.lib : hmdrv.obj (.text:_HMDRV_CopyMemory)
                  000869d4    00000192                     : csmon.obj (.text:_CSMON_eProcess)
                  00086b66    0000018d     gpio.obj (.text)
                  00086cf3    0000016f     CSMON_C28xx.lib : hmdrv.obj (.text:_HMDRV_CopyToBufferInternal)
                  00086e62    0000016d                     : hmmodbus.obj (.text:_HMMODBUS_Rx)
                  00086fcf    00000168                     : csmon.obj (.text:_CSMON_eSetUpRecParam)
                  00087137    00000161                     : csmon.obj (.text:_CSMON_u32GetParameterListCheckSum)
                  00087298    00000161                     : csmon.obj (.text:_CSMON_vSaveRecorderConfiguration)
                  000873f9    00000001     --HOLE-- [fill = 0]
                  000873fa    00000156     interrupt.obj (.text)
                  00087550    00000135     CSMON_C28xx.lib : hmdrv.obj (.text:_HMDRV_vInit)
                  00087685    00000128                     : hmmodbus.obj (.text:_HMMODBUS_vSetFreeRunTimerPrescaller)
                  000877ad    0000011f                     : hmmodbus.obj (.text:_HMMODBUS_GetRealRegisterAddressAndSize)
                  000878cc    00000108     PERIPHERAL_C28xx.lib : i2c_driver.obj (.text:retain)
                  000879d4    00000107     rts2800_fpu32.lib : ll_div28.asm.obj (.text)
                  00087adb    000000f9     CSMON_C28xx.lib : hmprotocol.obj (.text:_HMPROTOCOL_bDecoder)
                  00087bd4    000000f4                     : csmon.obj (.text:_CSMON_vFileRecoderStatusFix)
                  00087cc8    000000f4                     : hmmodbus.obj (.text:_HMMODBUS_ReadHoldingRegister)
                  00087dbc    000000e5                     : hmmodbus.obj (.text:_HMMODBUS_WriteHoldingRegister)
                  00087ea1    000000e1                     : device.obj (.text:_Device_enableAllPeripherals)
                  00087f82    0000007d                     : hmserial.obj (.text:_HMSERIAL_vProcessSCI)

.text.4    0    00088000    00002e92     
                  00088000    000000d8     CSMON_C28xx.lib : csmon.obj (.text:_CSMON_vSetupHoldingRegistersAndCoilsAddressTableFromCSMONParameterList)
                  000880d8    000000d7                     : hmrecparam.obj (.text:_HMRECPRM_vProcess)
                  000881af    000000d5     sci.obj (.text)
                  00088284    000000cf     CSMON_C28xx.lib : csmon.obj (.text:_CSMON_vSaveRecorderConfigTrigger)
                  00088353    000000c1                     : hmrecparam.obj (.text:_HMRECPRM_SetUpRec)
                  00088414    000000bf                     : hmdrv.obj (.text:_HMDRV_CopyToBufferInternalModbus)
                  000884d3    000000be                     : tmr_drv.obj (.text:_TMR2_ISR)
                  00088591    000000bd                     : hmrec.obj (.text:_HMREC_SetUpRec)
                  0008864e    000000b2                     : csmon.obj (.text:_CSMON_vCheckSaveRecorderTable)
                  00088700    000000b2                     : hmdrv.obj (.text:_HMDRV_CopyFromBufferInternalModbusBitField)
                  000887b2    000000a5                     : modbusreg.obj (.text:_MODBUSREG_vFileAllowAccess)
                  00088857    000000a4                     : csmon.obj (.text:_CSMON_vPrepareFileParameterAccessList)
                  000888fb    000000a0                     : csmon.obj (.text:_CSMON_u32GetParameterCheckSum)
                  0008899b    0000009c     rts2800_fpu32.lib : fd_add28.asm.obj (.text)
                  00088a37    00000001     --HOLE-- [fill = 0]
                  00088a38    0000009a     CSMON_C28xx.lib : csmon.obj (.text:_CSMON_vLoadRecorderConfiguration)
                  00088ad2    0000009a     i2c.obj (.text)
                  00088b6c    00000094     CSMON_C28xx.lib : csmon.obj (.text:_CSMON_u32GetParameterNumbCheckSum)
                  00088c00    00000091                     : csmon.obj (.text:_CSMON_vSetDateTimeAutorization)
                  00088c91    00000091                     : hmdrv.obj (.text:_HMDRV_CopyFromBufferInternal)
                  00088d22    0000008e                     : csmon.obj (.text:_CSMON_u32GetParameterShortNameCheckSum)
                  00088db0    0000008e                     : csmon.obj (.text:_CSMON_vInitRecorders)
                  00088e3e    0000008b     rts2800_fpu32.lib : fd_div28.asm.obj (.text)
                  00088ec9    00000088                       : fs_div28.asm.obj (.text)
                  00088f51    00000083     CSMON_C28xx.lib : hmdrv.obj (.text:_HMDRV_CopyFromBufferInternalModbus)
                  00088fd4    00000083     rts2800_fpu32.lib : fd_mpy28.asm.obj (.text)
                  00089057    0000007f     CSMON_C28xx.lib : hmrecparam.obj (.text:_HMRECPRM_vTimeSync)
                  000890d6    00000077                     : csmon.obj (.text:_CSMON_u32GetParameterStringCheckSum)
                  0008914d    00000077                     : csmon.obj (.text:_CSMON_vCheckLoadRecorderTable)
                  000891c4    00000073                     : csmon.obj (.text:_CSMON_u16FindIndexParameterTable)
                  00089237    00000070                     : hmmodbus.obj (.text:_HMMODBUS_vProcessSCI)
                  000892a7    0000006d                     : modbusreg.obj (.text:_MODBUSREG_vInit)
                  00089314    0000006b                     : csmon.obj (.text:_CSMON_vLoadRecorderConfigTrigger)
                  0008937f    0000006b                     : hmmodbus.obj (.text:_HMMODBUS_CopyFromBuffer)
                  000893ea    00000069                     : hmrec.obj (.text:_HMREC_vProcess)
                  00089453    00000001     --HOLE-- [fill = 0]
                  00089454    00000068                     : hmprotocol.obj (.text:_HMPROTOCOL_GetBoardInfo)
                  000894bc    00000066                     : hmdrv.obj (.text:_HMDRV_CopyFromBufferInternalWithMask)
                  00089522    00000066     rts2800_fpu32.lib : s_sinf.c.obj (.text)
                  00089588    00000065     CSMON_C28xx.lib : hmserial.obj (.text:_HMSERIAL_Rx)
                  000895ed    00000065                     : uart_drv.obj (.text:_UART_RXInterrupt)
                  00089652    00000061                     : modbusreg.obj (.text:_MODBUSREG_vFileDenyAccess)
                  000896b3    0000005f                     : hmmodbus.obj (.text:_vSetElementsSize)
                  00089712    0000005e                     : modbusreg.obj (.text:_MODBUSREG_FileRecorderExternalUpdateInit)
                  00089770    0000005a                     : csmon.obj (.text:_CSMON_vRecorderParamStartStopProcess)
                  000897ca    0000005a     fpga_driver.obj (.text)
                  00089824    00000057     CSMON_C28xx.lib : csmon.obj (.text:_CSMON_bCheckValidDateTime)
                  0008987b    00000056                     : hmlib.obj (.text:_HMLIB_vInit)
                  000898d1    00000056     rts2800_fpu32.lib : boot28.asm.obj (.text)
                  00089927    00000051     CSMON_C28xx.lib : hmmodbus.obj (.text:_HMMODBUS_GetRegisterFunction)
                  00089978    0000004c                     : hmmodbus.obj (.text:_HMMODBUS_vSendResponse)
                  000899c4    0000004b                     : csmon.obj (.text:_CSMON_eSetRecorderTriggerAtPosition)
                  00089a0f    00000049                     : hmdrv.obj (.text:_HMDRV_CopyFromBufferInternalWithMaskModbus)
                  00089a58    00000049                     : hmmodbus.obj (.text:_HMMODBUS_CopyToBuffer)
                  00089aa1    00000048                     : hmscopeparam.obj (.text:_HMSCOPEPRM_ReadScope)
                  00089ae9    00000047                     : hmscopeparam.obj (.text:_HMSCOPEPRM_SetUpScope)
                  00089b30    00000046                     : csmon.obj (.text:_CSMON_eSetRecorderConfigurationSkipSamples)
                  00089b76    00000046                     : hmserial.obj (.text:_HMSERIAL_vSendResponse)
                  00089bbc    00000046                     : hmmodbus.obj (.text:_vSetIndexFileTable)
                  00089c02    0000003e                     : sci_drv.obj (.text:_SCIA_RXFIFOISR)
                  00089c40    0000003e                     : sci_drv.obj (.text:_SCIA_TXFIFOISR)
                  00089c7e    0000003e                     : sci_drv.obj (.text:_SCIB_RXFIFOISR)
                  00089cbc    0000003e                     : sci_drv.obj (.text:_SCIB_TXFIFOISR)
                  00089cfa    0000003e                     : uart_drv.obj (.text:_UART_ReadDataRx)
                  00089d38    0000003d                     : sci_drv.obj (.text:_SCIC_RXFIFOISR)
                  00089d75    0000003d                     : sci_drv.obj (.text:_SCIC_TXFIFOISR)
                  00089db2    0000003d                     : sci_drv.obj (.text:_SCID_RXFIFOISR)
                  00089def    0000003d                     : sci_drv.obj (.text:_SCID_TXFIFOISR)
                  00089e2c    0000003d                     : hmmodbus.obj (.text:_vSetStartSampleIndex)
                  00089e69    0000003c                     : hmscope.obj (.text:_HMSCOPE_SetUpScope)
                  00089ea5    0000003b                     : hmrecparam.obj (.text:_HMRECPRM_StartRecParam)
                  00089ee0    0000003a                     : csmon.obj (.text:_CSMON_vSetupHoldingRegistersAndCoilsAddressTableAccessAll)
                  00089f1a    00000037                     : hmmodbus.obj (.text:_HMMODBUS_bDecoderInit_OPT)
                  00089f51    00000035                     : hmdrv.obj (.text:_HMDRV_GetStringLengthInternal)
                  00089f86    00000033                     : hmmodbus.obj (.text:_HMMODBUS_Listen)
                  00089fb9    00000033                     : hmscope.obj (.text:_HMSCOPE_ReadScope)
                  00089fec    00000033                     : tmr_drv.obj (.text:_configCPUTimer)
                  0008a01f    00000032     PERIPHERAL_C28xx.lib : ds3231mz.obj (.text)
                  0008a051    00000032     CSMON_C28xx.lib : device.obj (.text:_Device_init)
                  0008a083    00000031                     : csmon.obj (.text:_CSMON_u32GetRealAddressAndSizeOffsetFromParameter)
                  0008a0b4    00000030                     : csmon.obj (.text:_CSMON_u32GetParameterAuxCheckSum)
                  0008a0e4    0000002f                     : csmon.obj (.text:_CSMON_eSetParameterInRecorderAtPosition)
                  0008a113    0000002e                     : csmon.obj (.text:_CSMON_vRecorderParamSetupProcess)
                  0008a141    0000002e                     : hmserial.obj (.text:_HMSERIAL_vProcessSCIFreemasterOnly)
                  0008a16f    0000002d                     : csmon.obj (.text:_CSMON_eSetParameterInScopeAtPosition)
                  0008a19c    0000002d                     : hmrecparam.obj (.text:_FillTimeData)
                  0008a1c9    0000002d                     : hmserial.obj (.text:_HMSERIAL_Listen)
                  0008a1f6    0000002a                     : hmrecparam.obj (.text:_RecorderDateFromLocalDateTime)
                  0008a220    00000029                     : fpga_sci.obj (.text:_FPGA_SCI_vProcessUartTx)
                  0008a249    00000029     rts2800_fpu32.lib : exit.c.obj (.text)
                  0008a272    00000028     CSMON_C28xx.lib : csmon.obj (.text:_CSMON_bAutorizationPasswordCheck)
                  0008a29a    00000028                     : csmon.obj (.text:_CSMON_vSaveRecorderConfig)
                  0008a2c2    00000028                     : hmserial.obj (.text:_HMSERIAL_Tx)
                  0008a2ea    00000028                     : hmrecparam.obj (.text:_RecorderTimeFromLocalDateTime)
                  0008a312    00000027                     : hmserial.obj (.text:_HMSERIAL_vProcessSCITXISR)
                  0008a339    00000024                     : csmon.obj (.text:_CSMON_vAutorizationReset)
                  0008a35d    00000024                     : csmon.obj (.text:_CSMON_vInitParameterListRealAddressRecordTables)
                  0008a381    00000024                     : hmprotocol.obj (.text:_HMPROTOCOL_ReadMem)
                  0008a3a5    00000024                     : modbusreg.obj (.text:_MODBUSREG_FileRecorderElementSizeTableUsedSizeUpdateInit)
                  0008a3c9    00000024                     : hmmodbus.obj (.text:_vSetSampleCountAvailable)
                  0008a3ed    00000024     rts2800_fpu32.lib : cpy_tbl.c.obj (.text)
                  0008a411    00000023     CSMON_C28xx.lib : csmon.obj (.text:_CSMON_vUpdateDateTimeFromApplication)
                  0008a434    00000021                     : csmon.obj (.text:_CSMON_eApplyParameterChanges)
                  0008a455    00000020                     : hmdrv.obj (.text:_HMDRV_vProcess)
                  0008a475    00000020                     : tmr_drv.obj (.text:_TMR_vInitCPUTimers)
                  0008a495    00000020                     : hmmodbus.obj (.text:_vSetSampleCountBuffer)
                  0008a4b5    00000020                     : hmmodbus.obj (.text:_vSetSampleSize)
                  0008a4d5    0000001f                     : hmmodbus.obj (.text:_HMMODBUS_Tx)
                  0008a4f4    0000001f                     : hmmodbus.obj (.text:_HMMODBUS_vInit)
                  0008a513    0000001f                     : hmrecparam.obj (.text:_HMRECPRM_GetRecBuffFreemaster)
                  0008a532    0000001f                     : hmrec.obj (.text:_HMREC_GetRecBuffFreemaster)
                  0008a551    0000001e                     : device.obj (.text:_Device_initGPIO)
                  0008a56f    0000001e                     : tmr_drv.obj (.text:_TMR_vInit)
                  0008a58d    0000001d                     : device.obj (.text:_Device_enableUnbondedGPIOPullupsFor100Pin)
                  0008a5aa    0000001d     rts2800_fpu32.lib : memcpy.c.obj (.text)
                  0008a5c7    0000001c     CSMON_C28xx.lib : hmrecparam.obj (.text:_HMRECPRM_StartRec)
                  0008a5e3    0000001b                     : csmon.obj (.text:_CSMON_eSetParameterCountInRecorder)
                  0008a5fe    0000001b                     : hmdrv.obj (.text:_HMDRV_AddressToBuffer)
                  0008a619    0000001b     rts2800_fpu32.lib : fd_toul28.asm.obj (.text)
                  0008a634    0000001a     CSMON_C28xx.lib : csmon.obj (.text:_CSMON_vFileParameterCountCheckSumUpdate)
                  0008a64e    0000001a                     : hmmodbus.obj (.text:_HMMODBUS_vProcessSCITXISR)
                  0008a668    0000001a                     : csmon.obj (.text:_HMRECPRM_vGetDateTime)
                  0008a682    0000001a                     : hmserial.obj (.text:_HMSERIAL_vProcessSCITXISRFreemasterOnly)
                  0008a69c    0000001a                     : uart_drv.obj (.text:_UART_vInit)
                  0008a6b6    0000001a                     : hmmodbus.obj (.text:_bGetFileReadAccess)
                  0008a6d0    00000019                     : hmdrv.obj (.text:_HMDRV_AddressFromBuffer)
                  0008a6e9    00000018                     : hmlib.obj (.text:_HMLIB_vProcessSCITXISRWithIndex)
                  0008a701    00000018                     : hmprotocol.obj (.text:_HMPROTOCOL_WriteMem)
                  0008a719    00000018                     : hmprotocol.obj (.text:_HMPROTOCOL_WriteMemMask)
                  0008a731    00000018                     : modbusreg.obj (.text:_MODBUSREG_vInitHoldingRegistersTableChanges)
                  0008a749    00000017                     : csmon.obj (.text:_CSMON_u32GetFreeRunningTimerMicroseconds)
                  0008a760    00000017                     : hmmodbus.obj (.text:_HMMODBUS_vProcessTxDelay)
                  0008a777    00000017                     : hmrec.obj (.text:_HMREC_StartRec)
                  0008a78e    00000017                     : hmmodbus.obj (.text:_vSetBufferAddressStart)
                  0008a7a5    00000017     rts2800_fpu32.lib : u_tofd28.asm.obj (.text)
                  0008a7bc    00000016     CSMON_C28xx.lib : csmon.obj (.text:_CSMON_eSetParameterCountInScope)
                  0008a7d2    00000016                     : hmdrv.obj (.text:_HMDRV_AddressFromBufferBigEndian)
                  0008a7e8    00000015                     : csmon.obj (.text:_CSMON_eResetParameterTable)
                  0008a7fd    00000015                     : hmrecparam.obj (.text:_HMRECPRM_vResetAllStopDetections)
                  0008a812    00000014                     : hmlib.obj (.text:_HMLIB_vProcessFastTD)
                  0008a826    00000014                     : hmmodbus.obj (.text:_HMMODBUS_DelayedTx)
                  0008a83a    00000014                     : hmrecparam.obj (.text:_HMRECPRM_StopRecParam)
                  0008a84e    00000014                     : hmserial.obj (.text:_HMSERIAL_DelayedTx)
                  0008a862    00000013                     : csmon.obj (.text:_CSMON_eSetFlagProcessPassed)
                  0008a875    00000013                     : device.obj (.text:_Device_enableUnbondedGPIOPullupsFor176Pin)
                  0008a888    00000013                     : hmrecparam.obj (.text:_HMRECPRM_Comparefloat)
                  0008a89b    00000013                     : hmrec.obj (.text:_HMREC_Comparefloat)
                  0008a8ae    00000013                     : hmserial.obj (.text:_HMSERIAL_vInit)
                  0008a8c1    00000012                     : fpga_sci.obj (.text:_FPGA_SCI_vProcessFastTD)
                  0008a8d3    00000012                     : hmdrv.obj (.text:_HMDRV_GetStringLengthFromWordInternal)
                  0008a8e5    00000012                     : uart_drv.obj (.text:_UART_TxIntDis)
                  0008a8f7    00000012                     : uart_drv.obj (.text:_UART_TxIntEna)
                  0008a909    00000012     rts2800_fpu32.lib : args_main.c.obj (.text)
                  0008a91b    00000011     CSMON_C28xx.lib : hmrecparam.obj (.text:_HMRECPRM_CompareBOOL)
                  0008a92c    00000010                     : device.obj (.text:_Device_enableUnbondedGPIOPullups)
                  0008a93c    00000010                     : hmlib.obj (.text:_HMLIB_vInitRecParamBuff)
                  0008a94c    00000010                     : hmmodbus.obj (.text:_HMMODBUS_vSetupRegisterDummy)
                  0008a95c    00000010                     : hmrecparam.obj (.text:_HMRECPRM_Compare16S)
                  0008a96c    00000010                     : hmrecparam.obj (.text:_HMRECPRM_Compare16U)
                  0008a97c    00000010                     : hmrecparam.obj (.text:_HMRECPRM_Compare32S)
                  0008a98c    00000010                     : hmrecparam.obj (.text:_HMRECPRM_Compare32U)
                  0008a99c    00000010                     : hmrecparam.obj (.text:_HMRECPRM_Compare8S)
                  0008a9ac    00000010                     : hmrecparam.obj (.text:_HMRECPRM_Compare8U)
                  0008a9bc    00000010                     : hmrec.obj (.text:_HMREC_Compare16S)
                  0008a9cc    00000010                     : hmrec.obj (.text:_HMREC_Compare16U)
                  0008a9dc    00000010                     : hmrec.obj (.text:_HMREC_Compare32S)
                  0008a9ec    00000010                     : hmrec.obj (.text:_HMREC_Compare32U)
                  0008a9fc    00000010                     : hmrec.obj (.text:_HMREC_Compare8S)
                  0008aa0c    00000010                     : hmrec.obj (.text:_HMREC_Compare8U)
                  0008aa1c    00000010                     : hmmodbus.obj (.text:_u32BytesMemoryToBytesModbus)
                  0008aa2c    00000010                     : hmmodbus.obj (.text:_u32BytesModbusToBytesMemory)
                  0008aa3c    0000000f                     : csmon.obj (.text:_CSMON_vInitHoldingRegistersTableChanges)
                  0008aa4b    0000000f                     : hmlib.obj (.text:_HMLIB_vProcessRecorders)
                  0008aa5a    0000000f                     : hmmodbus.obj (.text:_HMMODBUS_CalcCRC)
                  0008aa69    0000000f                     : hmrecparam.obj (.text:_HMRECPRM_IsJustStopped)
                  0008aa78    0000000f                     : uart_drv.obj (.text:_UART_IsTxEmpty)
                  0008aa87    0000000f                     : hmmodbus.obj (.text:_bIsValidEndAddressInBuffer)
                  0008aa96    0000000e                     : hmrecparam.obj (.text:_HMRECPRM_vDisableAllStopDetections)
                  0008aaa4    0000000e                     : hmmodbus.obj (.text:_u32FitAddressCircleBufferInside)
                  0008aab2    0000000e     rts2800_fpu32.lib : fd_sub28.asm.obj (.text)
                  0008aac0    0000000d     CSMON_C28xx.lib : hmrecparam.obj (.text:_HMRECPRM_StopRec)
                  0008aacd    0000000d                     : hmrecparam.obj (.text:_HMRECPRM_TriggerRec)
                  0008aada    0000000d                     : hmrec.obj (.text:_HMREC_StopRec)
                  0008aae7    0000000d                     : tmr_drv.obj (.text:_TIMER_vSetupTimerMainFunctionDelayCompare)
                  0008aaf4    0000000d                     : uart_drv.obj (.text:_UART_ReadDataRxAvailable)
                  0008ab01    0000000c                     : hmlib.obj (.text:_HMLIB_vProcess)
                  0008ab0d    0000000c                     : hmrecparam.obj (.text:_HMRECPRM_GetBufferRecParamPtrAddress)
                  0008ab19    0000000c                     : hmrec.obj (.text:_HMREC_TriggerRec)
                  0008ab25    0000000c                     : hmmodbus.obj (.text:_u32FixAddressCircleBufferOverflow)
                  0008ab31    0000000b                     : hmmodbus.obj (.text:_HMMODBUS_vProcessFastTD)
                  0008ab3c    0000000b                     : hmrecparam.obj (.text:_HMRECPRM_IsRunning)
                  0008ab47    0000000b                     : hmserial.obj (.text:_HMSERIAL_vProcessFastTD)
                  0008ab52    0000000b                     : modbusreg.obj (.text:_MODBUSREG_vDataZero)
                  0008ab5d    0000000b                     : hmmodbus.obj (.text:_bIsValidIndexFileTable)
                  0008ab68    0000000b     rts2800_fpu32.lib : u_div28.asm.obj (.text)
                  0008ab73    0000000a     PERIPHERAL_C28xx.lib : peripheral.obj (.text)
                  0008ab7d    0000000a     CSMON_C28xx.lib : csmon.obj (.text:_CSMON_vInitScopes)
                  0008ab87    0000000a                     : hmrecparam.obj (.text:_HMRECPRM_ClrLastStopDetectionToRecorderStopSamplesCounter)
                  0008ab91    0000000a                     : hmrecparam.obj (.text:_HMRECPRM_GetRecStatus)
                  0008ab9b    0000000a                     : hmrec.obj (.text:_HMREC_GetRecStatus)
                  0008aba5    00000009                     : csmon.obj (.text:_CSMON_eSetServerOnStatus)
                  0008abae    00000009                     : hmmodbus.obj (.text:_HMMODBUS_vProcessRxDelay)
                  0008abb7    00000009                     : hmrecparam.obj (.text:_HMRECPRM_GetExternBufferRecParamLastPointedAddress)
                  0008abc0    00000009                     : hmrecparam.obj (.text:_HMRECPRM_GetExternBufferRecParamPtrAddress)
                  0008abc9    00000009                     : hmrecparam.obj (.text:_HMRECPRM_vInit)
                  0008abd2    00000009                     : hmscopeparam.obj (.text:_HMSCOPEPRM_GetBufferScopeParamAddress)
                  0008abdb    00000009                     : tmr_drv.obj (.text:_TIMER_vResetTimerMainFunctionDelayCounter)
                  0008abe4    00000009                     : tmr_drv.obj (.text:_TIMER_vSetupTimerMainDelayedFunctionSendData)
                  0008abed    00000009                     : uart_drv.obj (.text:_UART_PutChar)
                  0008abf6    00000009                     : uart_drv.obj (.text:_UART_ReadDataRxTimeDiff)
                  0008abff    00000009                     : uart_drv.obj (.text:_UART_TXInterrupt)
                  0008ac08    00000009                     : uart_drv.obj (.text:_UART_TransmitDisable)
                  0008ac11    00000009                     : uart_drv.obj (.text:_UART_TxDis)
                  0008ac1a    00000009                     : uart_drv.obj (.text:_UART_TxEna)
                  0008ac23    00000009     rts2800_fpu32.lib : _lock.c.obj (.text)
                  0008ac2c    00000008     CSMON_C28xx.lib : csmon.obj (.text:_CSMON_vSetupInputRegistersAndCoilsAddressTableAccessAll)
                  0008ac34    00000008                     : csmon.obj (.text:_CSMON_vSetupInputRegistersAndCoilsAddressTableFromCSMONParameterList)
                  0008ac3c    00000008                     : hmdrv.obj (.text:_HMDRV_CopyFromBufferWithMaskModbus)
                  0008ac44    00000008                     : hmmodbus.obj (.text:_HMMODBUS_vProcessFreeTimer)
                  0008ac4c    00000008                     : hmrecparam.obj (.text:_HMRECPRM_GetExternRecParamAddress)
                  0008ac54    00000008                     : hmrecparam.obj (.text:_HMRECPRM_GetExternRecParamPtrMaximumUsedSampleCount)
                  0008ac5c    00000008                     : hmrecparam.obj (.text:_HMRECPRM_GetExternRecParamPtrSampleSize)
                  0008ac64    00000008                     : hmrecparam.obj (.text:_HMRECPRM_GetRecParamPtrAvailableSampleCount)
                  0008ac6c    00000008                     : hmrecparam.obj (.text:_HMRECPRM_GetRecParamPtrLastSampleIndex)
                  0008ac74    00000008                     : hmrecparam.obj (.text:_HMRECPRM_GetRecParamPtrMaximumUsedSampleCount)
                  0008ac7c    00000008                     : hmrecparam.obj (.text:_HMRECPRM_GetRecParamPtrSampleSize)
                  0008ac84    00000008                     : hmrecparam.obj (.text:_HMRECPRM_GetStatusInternalRecParamAddress)
                  0008ac8c    00000008                     : hmrecparam.obj (.text:_HMRECPRM_GetStatusRecParamAddress)
                  0008ac94    00000008                     : hmrec.obj (.text:_HMREC_vInit)
                  0008ac9c    00000008                     : hmserial.obj (.text:_HMSERIAL_vProcessFreeTimer)
                  0008aca4    00000007                     : hmlib.obj (.text:_HMLIB_vProcessDifferentPorts)
                  0008acab    00000007                     : hmscopeparam.obj (.text:_HMSCOPEPRM_GetStatusScopeParamAddress)
                  0008acb2    00000006                     : hmmodbus.obj (.text:_HMMODBUS_vSetupHoldingRegistersAddressTable)
                  0008acb8    00000006                     : hmmodbus.obj (.text:_HMMODBUS_vSetupHoldingRegistersAddressTableInRam)
                  0008acbe    00000006                     : sci_drv.obj (.text:_SCI_u32GetBaseFromModuleIndex)
                  0008acc4    00000006                     : tmr_drv.obj (.text:_TIMER_u16ResetTimerMainPeriod)
                  0008acca    00000006                     : uart_drv.obj (.text:_UART_GetChar)
                  0008acd0    00000006     cputimer.obj (.text)
                  0008acd6    00000005     CSMON_C28xx.lib : csmon.obj (.text:_CSMON_eSetAutoServiceWatchdogInternalSlowCalculationsInMainLoop)
                  0008acdb    00000005                     : csmon.obj (.text:_CSMON_eSetFirmwareApplicationVersion)
                  0008ace0    00000005                     : csmon.obj (.text:_CSMON_eSetMaxTimeInISR)
                  0008ace5    00000005                     : csmon.obj (.text:_CSMON_eSetMinGuaranteedTimeBetweenTwoISRs)
                  0008acea    00000005                     : csmon.obj (.text:_CSMON_u16ParametersAccessListIndexGenerate)
                  0008acef    00000005                     : csmon.obj (.text:_CSMON_vSetDateTimeRequest)
                  0008acf4    00000005                     : hmlib.obj (.text:_HMLIB_vProcessSamePort)
                  0008acf9    00000005                     : hmlib.obj (.text:_HMLIB_vRecorder0)
                  0008acfe    00000005                     : hmlib.obj (.text:_HMLIB_vRecorder1)
                  0008ad03    00000005                     : hmlib.obj (.text:_HMLIB_vRecorder2)
                  0008ad08    00000005                     : hmmodbus.obj (.text:_HMMODBUS_bGetReceivedMessage)
                  0008ad0d    00000005                     : hmmodbus.obj (.text:_HMMODBUS_vFileTable)
                  0008ad12    00000005                     : hmrecparam.obj (.text:_HMRECPRM_SetUpRecBuff)
                  0008ad17    00000005                     : hmrec.obj (.text:_HMREC_SetUpRecBuff)
                  0008ad1c    00000005                     : sci_drv.obj (.text:_SCI_eGetModuleIndexFromBase)
                  0008ad21    00000005                     : tmr_drv.obj (.text:_TIMER_vSetupTimerMainDelayedData)
                  0008ad26    00000004                     : csmon.obj (.text:_CSMON_eSetInternalTimerPeriod)
                  0008ad2a    00000004                     : csmon.obj (.text:_CSMON_eSetTimerPeriodISRFunctionRegister)
                  0008ad2e    00000004                     : csmon.obj (.text:_CSMON_u32GetBaudError_PPM)
                  0008ad32    00000004                     : csmon.obj (.text:_CSMON_u32GetFreeRunningTimerTicks)
                  0008ad36    00000004                     : csmon.obj (.text:_CSMON_vAddSetupRecorderParameterMask)
                  0008ad3a    00000004                     : csmon.obj (.text:_CSMON_vSetStartRecorderParameterMask)
                  0008ad3e    00000004                     : hmdrv.obj (.text:_HMDRV_SetExAddr)
                  0008ad42    00000004                     : hmdrv.obj (.text:_HMDRV_u32GetDeviceSYSCLKFreq)
                  0008ad46    00000004                     : hmdrv.obj (.text:_HMDRV_u32GetSCIErrorPPM)
                  0008ad4a    00000004                     : hmlib.obj (.text:_HMLIB_vRecorderParam0)
                  0008ad4e    00000004                     : hmlib.obj (.text:_HMLIB_vRecorderParam1)
                  0008ad52    00000004                     : hmlib.obj (.text:_HMLIB_vRecorderParam2)
                  0008ad56    00000004                     : hmmodbus.obj (.text:_HMMODBUS_u32GetAddressMessageCounterThisDevice)
                  0008ad5a    00000004                     : hmmodbus.obj (.text:_HMMODBUS_vSetAddressMessageCounterThisDevice)
                  0008ad5e    00000004                     : hmmodbus.obj (.text:_HMMODBUS_vSetDeviceIDMajorMinorRevision)
                  0008ad62    00000004                     : hmmodbus.obj (.text:_HMMODBUS_vSetDeviceIDMajorMinorRevisionLength)
                  0008ad66    00000004                     : hmmodbus.obj (.text:_HMMODBUS_vSetDeviceIDModelName)
                  0008ad6a    00000004                     : hmmodbus.obj (.text:_HMMODBUS_vSetDeviceIDModelNameLength)
                  0008ad6e    00000004                     : hmmodbus.obj (.text:_HMMODBUS_vSetDeviceIDProductCode)
                  0008ad72    00000004                     : hmmodbus.obj (.text:_HMMODBUS_vSetDeviceIDProductCodeLength)
                  0008ad76    00000004                     : hmmodbus.obj (.text:_HMMODBUS_vSetDeviceIDProductName)
                  0008ad7a    00000004                     : hmmodbus.obj (.text:_HMMODBUS_vSetDeviceIDProductNameLength)
                  0008ad7e    00000004                     : hmmodbus.obj (.text:_HMMODBUS_vSetDeviceIDUserApplicationName)
                  0008ad82    00000004                     : hmmodbus.obj (.text:_HMMODBUS_vSetDeviceIDUserApplicationNameLength)
                  0008ad86    00000004                     : hmmodbus.obj (.text:_HMMODBUS_vSetDeviceIDUserReserve0)
                  0008ad8a    00000004                     : hmmodbus.obj (.text:_HMMODBUS_vSetDeviceIDUserReserve0Length)
                  0008ad8e    00000004                     : hmmodbus.obj (.text:_HMMODBUS_vSetDeviceIDUserReserve1)
                  0008ad92    00000004                     : hmmodbus.obj (.text:_HMMODBUS_vSetDeviceIDUserReserve1Length)
                  0008ad96    00000004                     : hmmodbus.obj (.text:_HMMODBUS_vSetDeviceIDUserReserve2)
                  0008ad9a    00000004                     : hmmodbus.obj (.text:_HMMODBUS_vSetDeviceIDUserReserve2Length)
                  0008ad9e    00000004                     : hmmodbus.obj (.text:_HMMODBUS_vSetDeviceIDVendorName)
                  0008ada2    00000004                     : hmmodbus.obj (.text:_HMMODBUS_vSetDeviceIDVendorNameLength)
                  0008ada6    00000004                     : hmmodbus.obj (.text:_HMMODBUS_vSetDeviceIDVendorUrl)
                  0008adaa    00000004                     : hmmodbus.obj (.text:_HMMODBUS_vSetDeviceIDVendorUrlLength)
                  0008adae    00000004                     : hmmodbus.obj (.text:_HMMODBUS_vSetServerIDDataAddress)
                  0008adb2    00000004                     : hmmodbus.obj (.text:_HMMODBUS_vSetServerIDLength)
                  0008adb6    00000004                     : hmmodbus.obj (.text:_HMMODBUS_vSetServerIDNumber)
                  0008adba    00000004                     : hmmodbus.obj (.text:_HMMODBUS_vSetServerOnStatus)
                  0008adbe    00000004                     : hmmodbus.obj (.text:_HMMODBUS_vSetupHoldingRegistersAccessTableInRam)
                  0008adc2    00000004                     : hmmodbus.obj (.text:_HMMODBUS_vSetupWriteParElementCallbackFunction)
                  0008adc6    00000004                     : modbusreg.obj (.text:_MODBUSREG_u16GetHoldRegFillCount)
                  0008adca    00000004                     : modbusreg.obj (.text:_MODBUSREG_u16GetHoldRegUsedCount)
                  0008adce    00000004                     : modbusreg.obj (.text:_MODBUSREG_u32GetRegisterAccessTableInRam)
                  0008add2    00000004                     : modbusreg.obj (.text:_MODBUSREG_u32GetRegisterAddressTable)
                  0008add6    00000004                     : modbusreg.obj (.text:_MODBUSREG_u32GetRegisterAddressTableInRam)
                  0008adda    00000004                     : modbusreg.obj (.text:_MODBUSREG_vSetFileAutorization_FunctionAfterWriteFileRecordTable)
                  0008adde    00000004                     : modbusreg.obj (.text:_MODBUSREG_vSetFileParamCount_FunctionBeforeReadFileRecord)
                  0008ade2    00000004                     : modbusreg.obj (.text:_MODBUSREG_vSetFileRTC_FunctionAfterReadFileRecord)
                  0008ade6    00000004                     : modbusreg.obj (.text:_MODBUSREG_vSetFileRTC_FunctionAfterWriteFileRecord)
                  0008adea    00000004                     : modbusreg.obj (.text:_MODBUSREG_vSetFileRecConfig_FunctionAfterWriteFileRecord)
                  0008adee    00000004                     : modbusreg.obj (.text:_MODBUSREG_vSetFileRecStatus_FunctionIndexGenerationFileRecord)
                  0008adf2    00000004                     : modbusreg.obj (.text:_MODBUSREG_vSetHoldRegFillCount)
                  0008adf6    00000004                     : modbusreg.obj (.text:_MODBUSREG_vSetModbusParamCount)
                  0008adfa    00000004                     : modbusreg.obj (.text:_MODBUSREG_vSetParamAuxAddress)
                  0008adfe    00000004                     : modbusreg.obj (.text:_MODBUSREG_vSetParamCount)
                  0008ae02    00000004                     : modbusreg.obj (.text:_MODBUSREG_vSetParamListAddress)
                  0008ae06    00000004                     : modbusreg.obj (.text:_MODBUSREG_vSetParamNameAddress)
                  0008ae0a    00000004                     : modbusreg.obj (.text:_MODBUSREG_vSetParamNumbAddress)
                  0008ae0e    00000004                     : modbusreg.obj (.text:_MODBUSREG_vSetParamRecorderConfigAddress)
                  0008ae12    00000004                     : modbusreg.obj (.text:_MODBUSREG_vSetParamReservedAddress)
                  0008ae16    00000004                     : modbusreg.obj (.text:_MODBUSREG_vSetParamScopeConfigAddress)
                  0008ae1a    00000004                     : modbusreg.obj (.text:_MODBUSREG_vSetParamStringAddress)
                  0008ae1e    00000004                     : tmr_drv.obj (.text:_TIMER_vGetTimerMainRollingCounter)
                  0008ae22    00000004                     : tmr_drv.obj (.text:_TIMER_vSetupTimerMainCSMONFunction)
                  0008ae26    00000004                     : tmr_drv.obj (.text:_TMR_u16GetFreeRunTimerPrescaller)
                  0008ae2a    00000004                     : hmmodbus.obj (.text:_bGetElementsDifference)
                  0008ae2e    00000004                     : hmmodbus.obj (.text:_u16GetIndexFileTable)
                  0008ae32    00000004                     : hmmodbus.obj (.text:_u32GetBufferAddressStart)
                  0008ae36    00000004                     : hmmodbus.obj (.text:_u32GetBufferSize)
                  0008ae3a    00000004                     : hmmodbus.obj (.text:_u32GetSampleCountAvailable)
                  0008ae3e    00000004                     : hmmodbus.obj (.text:_u32GetSampleCountBuffer)
                  0008ae42    00000004                     : hmmodbus.obj (.text:_u32GetStartSampleIndex)
                  0008ae46    00000004                     : hmmodbus.obj (.text:_u8GetSampleSize)
                  0008ae4a    00000004                     : hmmodbus.obj (.text:_vSetBufferAddressStartFromFunction)
                  0008ae4e    00000004                     : hmmodbus.obj (.text:_vSetBufferSize)
                  0008ae52    00000003                     : csmon.obj (.text:_CSMON_eSetParameterListDataDefault)
                  0008ae55    00000003                     : csmon.obj (.text:_CSMON_eSetParameterListDataMaximum)
                  0008ae58    00000003                     : csmon.obj (.text:_CSMON_eSetParameterListDataMinimum)
                  0008ae5b    00000003                     : csmon.obj (.text:_CSMON_eSetParameterListParameterID)
                  0008ae5e    00000003                     : csmon.obj (.text:_CSMON_eSetParameterListRealAddress)
                  0008ae61    00000003                     : csmon.obj (.text:_CSMON_eSetParameterListRegisterFlags)
                  0008ae64    00000003                     : csmon.obj (.text:_CSMON_eSetParameterListRegisterSize)
                  0008ae67    00000003                     : csmon.obj (.text:_CSMON_eSetParameterListValueFormat)
                  0008ae6a    00000003                     : csmon.obj (.text:_CSMON_u32GetModbusMessageCounterRegisterRealAddress)
                  0008ae6d    00000003                     : csmon.obj (.text:_CSMON_vSetModbusMessageCounterRegisterRealAddress)
                  0008ae70    00000003                     : hmlib.obj (.text:_HMLIB_vRecorderParamTimeSync)
                  0008ae73    00000003                     : hmrecparam.obj (.text:_HMRECPRM_GetTimeBase)
                  0008ae76    00000003                     : modbusreg.obj (.text:_MODBUSREG_u32GetAddressMessageCounterThisDevice)
                  0008ae79    00000003                     : modbusreg.obj (.text:_MODBUSREG_vSetAddressMessageCounterThisDevice)
                  0008ae7c    00000002                     : hmrecparam.obj (.text:_HMRECPRM_AbortRec)
                  0008ae7e    00000002                     : hmrecparam.obj (.text:_HMRECPRM_GetRecBuffSize)
                  0008ae80    00000002                     : hmrec.obj (.text:_HMREC_AbortRec)
                  0008ae82    00000002                     : hmrec.obj (.text:_HMREC_GetRecBuffSize)
                  0008ae84    00000002                     : modbusreg.obj (.text:_MODBUSREG_u16GetTableRegisterFlagsElementOffset)
                  0008ae86    00000002                     : modbusreg.obj (.text:_MODBUSREG_u16GetTableRegisterSizeElementOffset)
                  0008ae88    00000002                     : modbusreg.obj (.text:_MODBUSREG_u16GetTableVirtAddressElementOffset)
                  0008ae8a    00000002                     : modbusreg.obj (.text:_MODBUSREG_u32GetTableRegisterFlags)
                  0008ae8c    00000002                     : modbusreg.obj (.text:_MODBUSREG_u32GetTableRegisterSize)
                  0008ae8e    00000002                     : modbusreg.obj (.text:_MODBUSREG_u32GetTableVirtAddress)
                  0008ae90    00000002     rts2800_fpu32.lib : pre_init.c.obj (.text)

.econst.1 
*          0    00090000    000002a1     
                  00090000    00000100     CSMON_C28xx.lib : hmmodbus.obj (.econst:.string:_auchCRCHi)
                  00090100    00000100                     : hmmodbus.obj (.econst:.string:_auchCRCLo)
                  00090200    00000050                     : csmon.obj (.econst:_CSMON_asAccessLevelPasswords)
                  00090250    00000018                     : csmon.obj (.econst:_$P$T42$1)
                  00090268    00000014                     : csmon.obj (.econst:_CSMON_au8FileImplementedFunctionCodes)
                  0009027c    00000010     main.obj (.econst)
                  0009028c    0000000c     CSMON_C28xx.lib : hmprotocol.obj (.econst:.string)
                  00090298    00000006                     : csmon.obj (.econst:_$P$T43$2)
                  0009029e    00000003                     : csmon.obj (.econst:_CSMON_au8FileParameterListElementsCountInPartTable)

.econst.2 
*          0    000a0000    00015800     
                  000a0000    00015800     main.obj (.econst:_asParameterList)

.ebss.1    1    0000a800    00000800     UNINITIALIZED
                  0000a800    00000800     CSMON_C28xx.lib : uart_drv.obj (.ebss:_UARTRxBufferTimeDiff)

.ebss.2    1    0000c000    00001000     UNINITIALIZED
                  0000c000    00000800     CSMON_C28xx.lib : hmrec.obj (.ebss:_au8RecBuffer0)
                  0000c800    0000056a                     : modbusreg.obj (.ebss:_MODBUSREG_asFileTable)
                  0000cd6a    00000013     PERIPHERAL_C28xx.lib : ds3231mz.obj (.ebss:_au8ReadBuffer)
                  0000cd7d    00000003                          : ds3231mz.obj (.ebss)
                  0000cd80    00000200     CSMON_C28xx.lib : hmmodbus.obj (.ebss:_u32ModbusTimeoutBuffer)
                  0000cf80    00000080                     : fpga_sci.obj (.ebss)

.ebss.3    1    0000d000    00001000     UNINITIALIZED
                  0000d000    00000400     CSMON_C28xx.lib : csmon.obj (.ebss:_CSMON_asFileParameterDefinitionsFromAccessLevel)
                  0000d400    00000400                     : csmon.obj (.ebss:_CSMON_sFileParameterAccessList)
                  0000d800    00000400                     : modbusreg.obj (.ebss:_MODBUSREG_u32RegisterAccessTableInRam)
                  0000dc00    00000400                     : uart_drv.obj (.ebss:_UARTRxBuffer)

.ebss.4    1    0000e000    00000e59     UNINITIALIZED
                  0000e000    00000126     CSMON_C28xx.lib : hmrecparam.obj (.ebss:_sRecHandleParam)
                  0000e126    00000012                     : csmon.obj (.ebss:_CSMON_sFileAutorization)
                  0000e138    00000008                     : hmrecparam.obj (.ebss:_HMRECPRM_sDateTime)
                  0000e140    00000108                     : hmrec.obj (.ebss:_sRecHandle)
                  0000e248    00000030     PERIPHERAL_C28xx.lib : i2c_driver.obj (.ebss:_i2cMsgIn)
                  0000e278    00000008     CSMON_C28xx.lib : uart_drv.obj (.ebss:_UART_RXIntOverflowCounter)
                  0000e280    00000104                     : hmmodbus.obj (.ebss)
                  0000e384    0000003c                     : csmon.obj (.ebss:_CSMON_au8FileRecorderDataElementsSizeTable)
                  0000e3c0    00000100                     : hmmodbus.obj (.ebss:_HMMODBUS_anTxCheckSum)
                  0000e4c0    00000100                     : hmmodbus.obj (.ebss:_HMMODBUS_pCommBufferRx)
                  0000e5c0    00000100                     : hmmodbus.obj (.ebss:_HMMODBUS_pCommBufferTx)
                  0000e6c0    000000c0                     : csmon.obj (.ebss:_sRecConfigParam)
                  0000e780    000000ba                     : hmscopeparam.obj (.ebss:_sScopeHandlePrm)
                  0000e83a    00000006                     : device.obj (.ebss)
                  0000e840    00000092                     : csmon.obj (.ebss)
                  0000e8d2    0000002e                     : modbusreg.obj (.ebss)
                  0000e900    00000090     main.obj (.ebss)
                  0000e990    00000030     PERIPHERAL_C28xx.lib : i2c_driver.obj (.ebss:_i2cMsgOut)
                  0000e9c0    0000007e     CSMON_C28xx.lib : csmon.obj (.ebss:_sScopeConfigParam)
                  0000ea3e    00000002                     : hmlib.obj (.ebss)
                  0000ea40    00000079                     : hmserial.obj (.ebss:_pcm_pCommBuffer)
                  0000eab9    00000006                     : hmprotocol.obj (.ebss)
                  0000eabf    00000001                     : hmrec.obj (.ebss)
                  0000eac0    00000054                     : hmrecparam.obj (.ebss:_sRecExternParam)
                  0000eb14    0000002a                     : csmon.obj (.ebss:_CSMON_au8FileScopeConfigurationElementsSizeTable)
                  0000eb3e    00000002                     : hmrecparam.obj (.ebss)
                  0000eb40    00000040                     : fpga_sci.obj (.ebss:_FPGA_SCI_au8TxBuffer)
                  0000eb80    0000003e                     : hmscope.obj (.ebss:_sScopeHandle)
                  0000ebbe    00000002                     : hmscopeparam.obj (.ebss)
                  0000ebc0    00000030                     : hmrecparam.obj (.ebss:_sRecStatusParam)
                  0000ebf0    00000010                     : csmon.obj (.ebss:_CSMON_sFileParameterCount)
                  0000ec00    0000002d                     : csmon.obj (.ebss:_CSMON_au8FileRecorderConfigElementsSizeTable)
                  0000ec2d    00000010                     : modbusreg.obj (.ebss:_MODBUSREG_au8DeviceIDMajorMinorRevision)
                  0000ec3d    00000003                     : csmon.obj (.ebss:_CSMON_abFileAutorization_RecordReadOnly)
                  0000ec40    0000001e                     : hmrecparam.obj (.ebss:_sRecStatusParamInternal)
                  0000ec5e    0000001e     emif_driver.obj (.ebss)
                  0000ec7c    00000004     CSMON_C28xx.lib : csmon.obj (.ebss:_CSMON_au8FileParameterListElementsSizeTablePart1)
                  0000ec80    00000010                     : modbusreg.obj (.ebss:_MODBUSREG_au8DeviceIDModelName)
                  0000ec90    00000010                     : modbusreg.obj (.ebss:_MODBUSREG_au8DeviceIDProductCode)
                  0000eca0    00000010                     : modbusreg.obj (.ebss:_MODBUSREG_au8DeviceIDProductName)
                  0000ecb0    00000010                     : modbusreg.obj (.ebss:_MODBUSREG_au8DeviceIDUserApplicationName)
                  0000ecc0    00000010                     : modbusreg.obj (.ebss:_MODBUSREG_au8DeviceIDUserReserve0)
                  0000ecd0    00000010                     : modbusreg.obj (.ebss:_MODBUSREG_au8DeviceIDUserReserve1)
                  0000ece0    00000010                     : modbusreg.obj (.ebss:_MODBUSREG_au8DeviceIDUserReserve2)
                  0000ecf0    00000010                     : modbusreg.obj (.ebss:_MODBUSREG_au8DeviceIDVendorName)
                  0000ed00    00000010                     : modbusreg.obj (.ebss:_MODBUSREG_au8DeviceIDVendorUrl)
                  0000ed10    00000010                     : modbusreg.obj (.ebss:_MODBUSREG_au8ServerIDData)
                  0000ed20    0000000e                     : tmr_drv.obj (.ebss)
                  0000ed2e    0000000c                     : hmserial.obj (.ebss)
                  0000ed3a    00000006                     : csmon.obj (.ebss:_CSMON_au32FileAutorization_FunctionAfterWriteFileRecord)
                  0000ed40    0000000c                     : csmon.obj (.ebss:_CSMON_sDateTime)
                  0000ed4c    0000000c                     : csmon.obj (.ebss:_CSMON_sDateTimeApplication)
                  0000ed58    0000000c                     : csmon.obj (.ebss:_CSMON_sDateTimeDefault)
                  0000ed64    0000000a                     : hmdrv.obj (.ebss)
                  0000ed6e    0000000a                     : csmon.obj (.ebss:_CSMON_au8FileParameterCountElementsSizeTable)
                  0000ed78    00000008                     : tmr_drv.obj (.ebss:_pfDelayedFunction)
                  0000ed80    0000000a                     : csmon.obj (.ebss:_CSMON_au8FileRTCElementsSizeTable)
                  0000ed8a    0000000a                     : hmmodbus.obj (.ebss:_HMMODBUS_nFilePrimaryAddrWriteLast)
                  0000ed94    0000000a                     : hmmodbus.obj (.ebss:_HMMOSBUS_nFileWriteAddrReadLast)
                  0000ed9e    0000000a                     : csmon.obj (.ebss:_sHashKey)
                  0000eda8    0000000a     fpga_driver.obj (.ebss)
                  0000edb2    00000009     CSMON_C28xx.lib : csmon.obj (.ebss:_CSMON_au8FileParameterNumericElementsSizeTable)
                  0000edbb    00000004                     : csmon.obj (.ebss:_CSMON_au8FileRecorderStatusElementsSizeTable)
                  0000edbf    00000001                     : hmscope.obj (.ebss)
                  0000edc0    00000008                     : tmr_drv.obj (.ebss:_pfDelayedFunction_u8)
                  0000edc8    00000008                     : uart_drv.obj (.ebss:_u32TimeDiffLast)
                  0000edd0    00000008                     : uart_drv.obj (.ebss:_u32TimeDiffNow)
                  0000edd8    00000008                     : uart_drv.obj (.ebss:_u32TimeDiffRead)
                  0000ede0    00000006                     : csmon.obj (.ebss:_CSMON_au32FileParameterDefinitionsFileRecordElementsRealAddressTable)
                  0000ede6    00000006                     : csmon.obj (.ebss:_CSMON_au32FileParameterDefinitionsFileRecordElementsSizeTable)
                  0000edec    00000006                     : hmscopeparam.obj (.ebss:_pBufferScope)
                  0000edf2    00000006                     : hmrecparam.obj (.ebss:_u32RecorderLastFreeCounter)
                  0000edf8    00000006                     : hmrecparam.obj (.ebss:_u32RecorderMicroSec)
                  0000edfe    00000002                     : csmon.obj (.ebss:_CSMON_abFlagProcessPassed)
                  0000ee00    00000006     rts2800_fpu32.lib : exit.c.obj (.ebss)
                  0000ee06    00000004     CSMON_C28xx.lib : hmmodbus.obj (.ebss:_HMMODBUS_u32RegisterAddressInRamDummy)
                  0000ee0a    00000004                     : uart_drv.obj (.ebss:_UARTRxBufferRDCount)
                  0000ee0e    00000004                     : uart_drv.obj (.ebss:_UARTRxBufferRDIndex)
                  0000ee12    00000004                     : uart_drv.obj (.ebss:_UARTRxBufferWRCount)
                  0000ee16    00000004                     : uart_drv.obj (.ebss:_UARTRxBufferWRIndex)
                  0000ee1a    00000004     PERIPHERAL_C28xx.lib : i2c_driver.obj (.ebss:_currentMsgPtr)
                  0000ee1e    00000004     CSMON_C28xx.lib : tmr_drv.obj (.ebss:_u16TimerMainDelayedData)
                  0000ee22    00000004                     : tmr_drv.obj (.ebss:_u16TimerMainFunctionDelay)
                  0000ee26    00000004                     : tmr_drv.obj (.ebss:_u16TimerMainFunctionDelayCompare)
                  0000ee2a    00000004                     : tmr_drv.obj (.ebss:_u16TimerMainFunctionDelayCounter)
                  0000ee2e    00000003                     : csmon.obj (.ebss:_CSMON_abFileAutorization_RecordStringData)
                  0000ee31    00000003                     : csmon.obj (.ebss:_CSMON_au16FileAutorization_RecordOffsets)
                  0000ee34    00000003                     : csmon.obj (.ebss:_CSMON_au32FileParameterDefinitionsFileRecordElementsRecordToRecordOffsetSizeBytesTable)
                  0000ee37    00000003                     : csmon.obj (.ebss:_CSMON_au8FileRecorderDataElementsSizeTableUsedLength)
                  0000ee3a    00000003                     : csmon.obj (.ebss:_CSMON_sFileProtocolVersion)
                  0000ee3d    00000003                     : hmmodbus.obj (.ebss:_HMMODBUS_u32RegisterAddressDummy)
                  0000ee40    00000003                     : hmrecparam.obj (.ebss:_abRecorderJustStopped)
                  0000ee43    00000003                     : hmrecparam.obj (.ebss:_abRecorderRunning)
                  0000ee46    00000003                     : hmscopeparam.obj (.ebss:_sScopeStatusParam)
                  0000ee49    00000001                     : uart_drv.obj (.ebss)
                  0000ee4a    00000002                     : hmrecparam.obj (.ebss:_MAIN_sDate)
                  0000ee4c    00000002                     : hmrecparam.obj (.ebss:_MAIN_sTime)
                  0000ee4e    00000002     rts2800_fpu32.lib : _lock.c.obj (.ebss:__lock)
                  0000ee50    00000002                       : _lock.c.obj (.ebss:__unlock)
                  0000ee52    00000001     CSMON_C28xx.lib : csmon.obj (.ebss:_CSMON_au8FileParameterListElementsSizeTablePart2)
                  0000ee53    00000001                     : csmon.obj (.ebss:_CSMON_au8FileParameterListElementsSizeTablePart3)
                  0000ee54    00000001                     : csmon.obj (.ebss:_CSMON_au8FileScopeStatusElementsSizeTable)
                  0000ee55    00000001                     : hmmodbus.obj (.ebss:_HMMODBUS_wFlags)
                  0000ee56    00000001                     : hmmodbus.obj (.ebss:_HMMODBUS_wFlagsRxTx)
                  0000ee57    00000001                     : hmserial.obj (.ebss:_pcm_wFlags)
                  0000ee58    00000001                     : hmserial.obj (.ebss:_pcm_wFlagsRxTx)

MODULE SUMMARY

       Module              code    initialized data   uninitialized data
       ------              ----    ----------------   ------------------
    .\01_Source_Test\
       main.obj            1203    88496              144               
    +--+-------------------+-------+------------------+--------------------+
       Total:              1203    88496              144               
                                                                        
    .\01_Source_Test\peripheral_driver\
       emif_driver.obj     695     42                 30                
       fpga_driver.obj     90      0                  20                
    +--+-------------------+-------+------------------+--------------------+
       Total:              785     42                 50                
                                                                        
    .\C2000Ware_LIB\driverlib\
       sysctl.obj          1086    0                  0                 
       gpio.obj            397     0                  0                 
       interrupt.obj       342     0                  0                 
       sci.obj             213     0                  0                 
       flash.obj           188     0                  0                 
       i2c.obj             154     0                  0                 
       cputimer.obj        6       0                  0                 
    +--+-------------------+-------+------------------+--------------------+
       Total:              2386    0                  0                 
                                                                        
    C:/repo_github/fw_BasicAFE/02_Libraries/LIB_CSMON/04_Output_Files/Release/PERIPHERAL_C28xx.lib
       i2c_driver.obj      692     82                 100               
       ds3231mz.obj        50      16                 22                
       peripheral.obj      10      0                  0                 
    +--+-------------------+-------+------------------+--------------------+
       Total:              752     98                 122               
                                                                        
    C:/repo_github/fw_BasicAFE/02_Libraries/LIB_CSMON/04_Output_Files/ReleaseCS1107/CSMON_C28xx.lib
       hmmodbus.obj        10554   984                1569              
       csmon.obj           6736    741                2817              
       modbusreg.obj       3284    282                2632              
       uart_drv.obj        313     76                 3121              
       hmrec.obj           515     0                  2313              
       hmdrv.obj           2336    20                 10                
       hmrecparam.obj      1241    93                 488               
       hmserial.obj        550     9                  135               
       fpga_sci.obj        59      266                192               
       sci_drv.obj         503     0                  0                 
       hmprotocol.obj      438     32                 6                 
       tmr_drv.obj         357     35                 46                
       device.obj          369     15                 6                 
       hmscopeparam.obj    159     13                 197               
       hmlib.obj           215     8                  2                 
       hmscope.obj         111     0                  63                
    +--+-------------------+-------+------------------+--------------------+
       Total:              27740   2574               13597             
                                                                        
    C:\ti\ccs1210\ccs\tools\compiler\ti-cgt-c2000_22.6.0.LTS\lib\rts2800_fpu32.lib
       ll_div28.asm.obj    263     0                  0                 
       fd_add28.asm.obj    156     0                  0                 
       fd_div28.asm.obj    139     0                  0                 
       fs_div28.asm.obj    136     0                  0                 
       fd_mpy28.asm.obj    131     0                  0                 
       s_sinf.c.obj        102     0                  0                 
       boot28.asm.obj      86      0                  0                 
       exit.c.obj          41      14                 6                 
       cpy_tbl.c.obj       36      0                  0                 
       memcpy.c.obj        29      0                  0                 
       fd_toul28.asm.obj   27      0                  0                 
       _lock.c.obj         9       10                 4                 
       u_tofd28.asm.obj    23      0                  0                 
       args_main.c.obj     18      0                  0                 
       fd_sub28.asm.obj    14      0                  0                 
       u_div28.asm.obj     11      0                  0                 
       pre_init.c.obj      2       0                  0                 
       startup.c.obj       1       0                  0                 
    +--+-------------------+-------+------------------+--------------------+
       Total:              1224    24                 10                
                                                                        
       Stack:              0       0                  896               
    +--+-------------------+-------+------------------+--------------------+
       Grand Total:        34090   91234              14819             


GLOBAL DATA SYMBOLS: SORTED BY DATA PAGE

address     data page           name
--------    ----------------    ----
00000400      10 (00000400)     __stack

0000a800     2a0 (0000a800)     _UARTRxBufferTimeDiff

0000c000     300 (0000c000)     _au8RecBuffer0

0000c800     320 (0000c800)     _MODBUSREG_asFileTable

0000cd6a     335 (0000cd40)     _au8ReadBuffer
0000cd7d     335 (0000cd40)     _u16ReadStatus
0000cd7e     335 (0000cd40)     _DS3231MZ_bReadRequest
0000cd7f     335 (0000cd40)     _bReadAnswerWait

0000cd80     336 (0000cd80)     _u32ModbusTimeoutBuffer

0000cf80     33e (0000cf80)     _FPGA_SCI_u16TimeLast
0000cf81     33e (0000cf80)     _FPGA_SCI_u16TimePass
0000cf82     33e (0000cf80)     _FPGA_SCI_u16TimeCurr
0000cf83     33e (0000cf80)     _FPGA_SCI_bDataRecv
0000cf84     33e (0000cf80)     _FPGA_SCI_bDataRecvUse
0000cf85     33e (0000cf80)     _FPGA_SCI_bResetUart
0000cf86     33e (0000cf80)     _FPGA_SCI_u8UartIndex
0000cf87     33e (0000cf80)     _FPGA_SCI_nAddressDSP
0000cf88     33e (0000cf80)     _FPGA_SCI_nAddressFPGA
0000cf89     33e (0000cf80)     _FPGA_SCI_bPeriodicSend
0000cf8a     33e (0000cf80)     _FPGA_SCI_Clock_Get_Seconds
0000cf8b     33e (0000cf80)     _FPGA_SCI_Clock_Get_Minutes
0000cf8c     33e (0000cf80)     _FPGA_SCI_Clock_Get_Hours
0000cf8d     33e (0000cf80)     _FPGA_SCI_Clock_Get_Weekdays
0000cf8e     33e (0000cf80)     _FPGA_SCI_Clock_Get_Days
0000cf8f     33e (0000cf80)     _FPGA_SCI_Clock_Get_Month
0000cf90     33e (0000cf80)     _FPGA_SCI_Clock_Get_Year
0000cf91     33e (0000cf80)     _FPGA_SCI_Clock_Get_Last_Seconds
0000cf92     33e (0000cf80)     _FPGA_SCI_Clock_Get_Last_Minutes
0000cf93     33e (0000cf80)     _FPGA_SCI_Clock_Get_Last_Hours
0000cf94     33e (0000cf80)     _FPGA_SCI_Clock_Get_Last_Weekdays
0000cf95     33e (0000cf80)     _FPGA_SCI_Clock_Get_Last_Days
0000cf96     33e (0000cf80)     _FPGA_SCI_Clock_Get_Last_Month
0000cf97     33e (0000cf80)     _FPGA_SCI_Clock_Get_Last_Year
0000cf98     33e (0000cf80)     _FPGA_SCI_Clock_Set_Seconds
0000cf99     33e (0000cf80)     _FPGA_SCI_Clock_Set_Minutes
0000cf9a     33e (0000cf80)     _FPGA_SCI_Clock_Set_Hours
0000cf9b     33e (0000cf80)     _FPGA_SCI_Clock_Set_Weekdays
0000cf9c     33e (0000cf80)     _FPGA_SCI_Clock_Set_Days
0000cf9d     33e (0000cf80)     _FPGA_SCI_Clock_Set_Month
0000cf9e     33e (0000cf80)     _FPGA_SCI_Clock_Set_Year
0000cf9f     33e (0000cf80)     _FPGA_SCI_gdi_det
0000cfa0     33e (0000cf80)     _FPGA_SCI_gdi_err
0000cfa1     33e (0000cf80)     _FPGA_SCI_gdi_ovt
0000cfa2     33e (0000cf80)     _FPGA_SCI_trp_ocn
0000cfa3     33e (0000cf80)     _FPGA_SCI_trp_ocp
0000cfa4     33e (0000cf80)     _FPGA_SCI_err_glb
0000cfa5     33e (0000cf80)     _FPGA_SCI_gdi_det_err
0000cfa6     33e (0000cf80)     _FPGA_SCI_gdi_err_err
0000cfa7     33e (0000cf80)     _FPGA_SCI_gdi_ovt_err
0000cfa8     33e (0000cf80)     _FPGA_SCI_trp_ocn_err
0000cfa9     33e (0000cf80)     _FPGA_SCI_trp_ocp_err
0000cfaa     33e (0000cf80)     _FPGA_SCI_err_glb_err
0000cfab     33e (0000cf80)     _FPGA_SCI_meas_temp_err
0000cfac     33e (0000cf80)     _FPGA_SCI_gdi_det_err_Trip
0000cfad     33e (0000cf80)     _FPGA_SCI_gdi_err_err_Trip
0000cfae     33e (0000cf80)     _FPGA_SCI_gdi_ovt_err_Trip
0000cfaf     33e (0000cf80)     _FPGA_SCI_trp_ocn_err_Trip
0000cfb0     33e (0000cf80)     _FPGA_SCI_trp_ocp_err_Trip
0000cfb1     33e (0000cf80)     _FPGA_SCI_err_glb_err_Trip
0000cfb2     33e (0000cf80)     _FPGA_SCI_meas_temp_err_Trip
0000cfb3     33e (0000cf80)     _FPGA_SCI_ms_meas_temp_err
0000cfb4     33e (0000cf80)     _FPGA_SCI_ms_det
0000cfb5     33e (0000cf80)     _FPGA_SCI_ms_err
0000cfb6     33e (0000cf80)     _FPGA_SCI_ms_ovt
0000cfb7     33e (0000cf80)     _FPGA_SCI_ms_ocn
0000cfb8     33e (0000cf80)     _FPGA_SCI_ms_ocp
0000cfb9     33e (0000cf80)     _FPGA_SCI_ms_glb
0000cfba     33e (0000cf80)     _FPGA_SCI_ms_det_fbk
0000cfbb     33e (0000cf80)     _FPGA_SCI_ms_err_fbk
0000cfbc     33e (0000cf80)     _FPGA_SCI_ms_ovt_fbk
0000cfbd     33e (0000cf80)     _FPGA_SCI_ms_ocn_fbk
0000cfbe     33e (0000cf80)     _FPGA_SCI_ms_ocp_fbk
0000cfbf     33e (0000cf80)     _FPGA_SCI_ms_glb_fbk

0000cfc0     33f (0000cfc0)     _FPGA_SCI_Temp1
0000cfc1     33f (0000cfc0)     _FPGA_SCI_Temp2
0000cfc2     33f (0000cfc0)     _FPGA_SCI_Temp3
0000cfc3     33f (0000cfc0)     _FPGA_SCI_Temp4
0000cfc4     33f (0000cfc0)     _FPGA_SCI_Temp5
0000cfc5     33f (0000cfc0)     _FPGA_SCI_Temp6
0000cfc6     33f (0000cfc0)     _FPGA_SCI_Temp7
0000cfc7     33f (0000cfc0)     _FPGA_SCI_Temp8
0000cfc8     33f (0000cfc0)     _FPGA_SCI_Temp9
0000cfc9     33f (0000cfc0)     _FPGA_SCI_HuTmp
0000cfca     33f (0000cfc0)     _FPGA_SCI_Humid
0000cfcb     33f (0000cfc0)     _FPGA_SCI_Temp1_Trip
0000cfcc     33f (0000cfc0)     _FPGA_SCI_Temp2_Trip
0000cfcd     33f (0000cfc0)     _FPGA_SCI_Temp3_Trip
0000cfce     33f (0000cfc0)     _FPGA_SCI_Temp4_Trip
0000cfcf     33f (0000cfc0)     _FPGA_SCI_Temp5_Trip
0000cfd0     33f (0000cfc0)     _FPGA_SCI_Temp6_Trip
0000cfd1     33f (0000cfc0)     _FPGA_SCI_Temp7_Trip
0000cfd2     33f (0000cfc0)     _FPGA_SCI_Temp8_Trip
0000cfd3     33f (0000cfc0)     _FPGA_SCI_Temp9_Trip
0000cfd4     33f (0000cfc0)     _FPGA_SCI_HuTmp_Trip
0000cfd5     33f (0000cfc0)     _FPGA_SCI_Humid_Trip
0000cfd6     33f (0000cfc0)     _FPGA_SCI_eRxState
0000cfd7     33f (0000cfc0)     _FPGA_SCI_nRxTodoEcho
0000cfd8     33f (0000cfc0)     _FPGA_SCI_nRecvTimeout
0000cfd9     33f (0000cfc0)     _FPGA_SCI_nTxIndex
0000cfda     33f (0000cfc0)     _FPGA_SCI_nRxIndex
0000cfdb     33f (0000cfc0)     _FPGA_SCI_nTxChSum
0000cfdc     33f (0000cfc0)     _FPGA_SCI_nRxChSum
0000cfdd     33f (0000cfc0)     _FPGA_SCI_nRxData
0000cfde     33f (0000cfc0)     _FPGA_SCI_nRxByteCounter
0000cfdf     33f (0000cfc0)     _FPGA_SCI_nRxCommand
[...]
0000cf80  global    _FPGA_SCI_u16TimeLast (.ebss)
0000cf81  global    _FPGA_SCI_u16TimePass (.ebss)
0000cff6  global    _FPGA_SCI_u32SendCount (.ebss)
0000cff4  global    _FPGA_SCI_u32SendCounter (.ebss)
0000cf86  global    _FPGA_SCI_u8UartIndex (.ebss)
00000000  global    _FPGA_SCI_vClearTrippedErrors (.text:_FPGA_SCI_vClearTrippedErrors)
00000000  global    _FPGA_SCI_vClockSetup (.text:_FPGA_SCI_vClockSetup)
00000000  global    _FPGA_SCI_vErrorMasksSetup (.text:_FPGA_SCI_vErrorMasksSetup)
00000000  global    _FPGA_SCI_vGetDateTime (.text:_FPGA_SCI_vGetDateTime)
00000000  global    _FPGA_SCI_vProcess (.text:_FPGA_SCI_vProcess)
0008a8c1  global    _FPGA_SCI_vProcessFastTD (.text:_FPGA_SCI_vProcessFastTD)
00000000  global    _FPGA_SCI_vProcessTest (.text:_FPGA_SCI_vProcessTest)
00000000  global    _FPGA_SCI_vProcessUartRx (.text:_FPGA_SCI_vProcessUartRx)
00000000  global    _FPGA_SCI_vProcessUartRxTimeout (.text:_FPGA_SCI_vProcessUartRxTimeout)
0008a220  global    _FPGA_SCI_vProcessUartTx (.text:_FPGA_SCI_vProcessUartTx)
00000000  global    _FPGA_SCI_vSetDateTime (.text:_FPGA_SCI_vSetDateTime)
00000000  global    _FPGA_SCI_vSetStackDeny (.text:_FPGA_SCI_vSetStackDeny)
00000000  global    _FPGA_SCI_vSetStackUsed (.text:_FPGA_SCI_vSetStackUsed)
00000000  global    _FPGA_SCI_vStartUartTx (.text:_FPGA_SCI_vStartUartTx)
00000000  global    _FPGA_SCI_vUartOverflowDetection (.text:_FPGA_SCI_vUartOverflowDetection)
0000cfe7  global    _bDataUpdate (.ebss)
0000cfe8  global    _bRTCGet (.ebss)
0000cfec  global    _bResponseRxCommand (.ebss)
0000cfed  global    _bResponseRxCommandLast (.ebss)
0000cff0  global    _bRxResponseIncrementData (.ebss)
0000cfee  global    _bSendRxResponse (.ebss)
0000cfeb  global    _bSendTxCommand (.ebss)
0000cfea  global    _bUpdateLastExecuting (.ebss)
0000cfe9  global    _bUpdateNonLastExecuting (.ebss)


================================================================================

CSMON_C28xx.lib : sci_drv.obj

Run/Load            
Value     Binding   Name (Section)
--------  --------  ---------------
00000013  local     $C$L1 (.text:_SCI_vErrorResetProcess)
0000002b  local     $C$L2 (.text:_SCI_vErrorResetProcess)
00000000  local     .bss (.bss)
00000000  local     .data (.data)
00000000  local     .ebss:_SCI_ErrorRx (.ebss:_SCI_ErrorRx)
00000000  local     .text (.text)
00089c02  local     .text:_SCIA_RXFIFOISR (.text:_SCIA_RXFIFOISR)
00089c40  local     .text:_SCIA_TXFIFOISR (.text:_SCIA_TXFIFOISR)
00089c7e  local     .text:_SCIB_RXFIFOISR (.text:_SCIB_RXFIFOISR)
00089cbc  local     .text:_SCIB_TXFIFOISR (.text:_SCIB_TXFIFOISR)
00089d38  local     .text:_SCIC_RXFIFOISR (.text:_SCIC_RXFIFOISR)
00089d75  local     .text:_SCIC_TXFIFOISR (.text:_SCIC_TXFIFOISR)
00089db2  local     .text:_SCID_RXFIFOISR (.text:_SCID_RXFIFOISR)
00089def  local     .text:_SCID_TXFIFOISR (.text:_SCID_TXFIFOISR)
0008ad1c  local     .text:_SCI_eGetModuleIndexFromBase (.text:_SCI_eGetModuleIndexFromBase)
0008acbe  local     .text:_SCI_u32GetBaseFromModuleIndex (.text:_SCI_u32GetBaseFromModuleIndex)
00000000  local     .text:_SCI_vErrorResetProcess (.text:_SCI_vErrorResetProcess)
00000000  local     .text:_SCI_vInitFIFO (.text:_SCI_vInitFIFO)
00000000  local     .text:_SCI_vInitFIFORegisters (.text:_SCI_vInitFIFORegisters)
00089c02  global    _SCIA_RXFIFOISR (.text:_SCIA_RXFIFOISR)
00089c40  global    _SCIA_TXFIFOISR (.text:_SCIA_TXFIFOISR)
00089c7e  global    _SCIB_RXFIFOISR (.text:_SCIB_RXFIFOISR)
00089cbc  global    _SCIB_TXFIFOISR (.text:_SCIB_TXFIFOISR)
00089d38  global    _SCIC_RXFIFOISR (.text:_SCIC_RXFIFOISR)
00089d75  global    _SCIC_TXFIFOISR (.text:_SCIC_TXFIFOISR)
00089db2  global    _SCID_RXFIFOISR (.text:_SCID_RXFIFOISR)
00089def  global    _SCID_TXFIFOISR (.text:_SCID_TXFIFOISR)
00000000  global    _SCI_ErrorRx (.ebss:_SCI_ErrorRx)
0008ad1c  global    _SCI_eGetModuleIndexFromBase (.text:_SCI_eGetModuleIndexFromBase)
0008acbe  global    _SCI_u32GetBaseFromModuleIndex (.text:_SCI_u32GetBaseFromModuleIndex)
00000000  global    _SCI_vErrorResetProcess (.text:_SCI_vErrorResetProcess)
00000000  global    _SCI_vInitFIFO (.text:_SCI_vInitFIFO)
00000000  global    _SCI_vInitFIFORegisters (.text:_SCI_vInitFIFORegisters)


================================================================================

PERIPHERAL_C28xx.lib : peripheral.obj

Run/Load            
Value     Binding   Name (Section)
--------  --------  ---------------
00000000  local     .bss (.bss)
00000000  local     .data (.data)
0008ab73  local     .text (.text)
0008ab78  global    _PERIPHERAL_vInit (.text)
0008ab73  global    _PERIPHERAL_vProcess (.text)


================================================================================

PERIPHERAL_C28xx.lib : ds3231mz.obj

Run/Load            
Value     Binding   Name (Section)
--------  --------  ---------------
0008a033  local     $C$L1 (.text)
0008a038  local     $C$L2 (.text)
0008a03d  local     $C$L3 (.text)
0008a041  local     $C$L4 (.text)
0008a042  local     $C$L5 (.text)
00000000  local     .bss (.bss)
0008284d  local     .cinit (.cinit)
0008299d  local     .cinit:_au8ReadBuffer (.cinit:_au8ReadBuffer)
00000000  local     .data (.data)
0000cd7d  local     .ebss (.ebss)
0000cd6a  local     .ebss:_au8ReadBuffer (.ebss:_au8ReadBuffer)
0008a01f  local     .text (.text)
0000cd7e  global    _DS3231MZ_bReadRequest (.ebss)
0008a044  global    _DS3231MZ_vInit (.text)
0008a01f  global    _DS3231MZ_vProcess (.text)
0000cd6a  global    _au8ReadBuffer (.ebss:_au8ReadBuffer)
0000cd7f  global    _bReadAnswerWait (.ebss)
0000cd7d  global    _u16ReadStatus (.ebss)


================================================================================

PERIPHERAL_C28xx.lib : i2c_driver.obj

Run/Load            
Value     Binding   Name (Section)
--------  --------  ---------------
00083e59  local     $C$L1 (.text)
00083ebc  local     $C$L10 (.text)
00083ec4  local     $C$L11 (.text)
00083ece  local     $C$L12 (.text)
00083ed9  local     $C$L13 (.text)
00083edc  local     $C$L14 (.text)
00083f36  local     $C$L15 (.text)
00083f42  local     $C$L16 (.text)
00083f4b  local     $C$L17 (.text)
00083f54  local     $C$L18 (.text)
00083f56  local     $C$L19 (.text)
00083e60  local     $C$L2 (.text)
00083f5e  local     $C$L20 (.text)
000878f5  local     $C$L21 (.text:retain)
000878ff  local     $C$L22 (.text:retain)
00087901  local     $C$L23 (.text:retain)
00087910  local     $C$L24 (.text:retain)
00087916  local     $C$L25 (.text:retain)
00087927  local     $C$L26 (.text:retain)
0008792d  local     $C$L27 (.text:retain)
00087933  local     $C$L28 (.text:retain)
00087939  local     $C$L29 (.text:retain)
00083e6b  local     $C$L3 (.text)
00087979  local     $C$L30 (.text:retain)
00087983  local     $C$L31 (.text:retain)
00087985  local     $C$L32 (.text:retain)
00087994  local     $C$L33 (.text:retain)
0008799a  local     $C$L34 (.text:retain)
000879ab  local     $C$L35 (.text:retain)
000879b1  local     $C$L36 (.text:retain)
000879b7  local     $C$L37 (.text:retain)
000879bd  local     $C$L38 (.text:retain)
00083f62  local     $C$L39 (.text)
00083e75  local     $C$L4 (.text)
00083f8c  local     $C$L40 (.text)
00083f90  local     $C$L41 (.text)
00083f9a  local     $C$L42 (.text)
00083f9c  local     $C$L43 (.text)
00083fb1  local     $C$L44 (.text)
00083e7c  local     $C$L5 (.text)
00083e85  local     $C$L6 (.text)
00083e95  local     $C$L7 (.text)
00083e9e  local     $C$L8 (.text)
00083eb7  local     $C$L9 (.text)
00000000  local     .bss (.bss)
00000000  local     .cinit:_failCount (.cinit:_failCount)
00082706  local     .cinit:_i2cMsgIn (.cinit:_i2cMsgIn)
00082684  local     .cinit:_i2cMsgOut (.cinit:_i2cMsgOut)
00000000  local     .cinit:_passCount (.cinit:_passCount)
00000000  local     .data (.data)
0000ee1a  local     .ebss:_currentMsgPtr (.ebss:_currentMsgPtr)
00000000  local     .ebss:_failCount (.ebss:_failCount)
0000e248  local     .ebss:_i2cMsgIn (.ebss:_i2cMsgIn)
0000e990  local     .ebss:_i2cMsgOut (.ebss:_i2cMsgOut)
00000000  local     .ebss:_passCount (.ebss:_passCount)
00083e50  local     .text (.text)
000878cc  local     .text:retain (.text:retain)
00083fc7  global    _I2C_DRIVER_vInit (.text)
00083fc3  global    _I2C_DRIVER_vProcess (.text)
00083fa3  global    _I2C_DRIVER_vReadData (.text)
00083f93  global    _I2C_DRIVER_vSetupMessageSlave (.text)
00083f63  global    _I2C_DRIVER_vWriteData (.text)
00083f18  global    _I2C_u32BaseFromIndex (.text)
0000ee1a  global    _currentMsgPtr (.ebss:_currentMsgPtr)
00083f61  global    _fail (.text)
00000000  global    _failCount (.ebss:_failCount)
00087950  global    _i2cAISR (.text:retain)
000878cc  global    _i2cBISR (.text:retain)
0000e248  global    _i2cMsgIn (.ebss:_i2cMsgIn)
0000e990  global    _i2cMsgOut (.ebss:_i2cMsgOut)
00083f20  global    _i2cRWProcess (.text)
00083edd  global    _initI2C (.text)
00083edb  global    _pass (.text)
00000000  global    _passCount (.ebss:_passCount)
00083e97  global    _readData (.text)
00083e50  global    _writeData (.text)


================================================================================

rts2800_fpu32.lib : s_sinf.c.obj

Run/Load            
Value     Binding   Name (Section)
--------  --------  ---------------
00089580  local     $C$L1 (.text)
00000000  local     .bss (.bss)
00000000  local     .data (.data)
00089522  local     .text (.text)
00089522  global    _sin (.text)
00089522  global    _sinf (.text)


================================================================================

rts2800_fpu32.lib : boot28.asm.obj

Run/Load            
Value     Binding   Name (Section)
--------  --------  ---------------
00000000  local     .bss (.bss)
00000000  local     .data (.data)
003fffc0  local     .reset (.reset)
00000400  local     .stack (.stack)
000898d1  local     .text (.text)
00089923  local     BYPASS_AUTO_INIT (.text)
00089923  local     DONE_INIT (.text)
00089903  local     DO_BINIT (.text)
0008990d  local     DO_PINIT (.text)
000898ff  local     GET_ADDR (.text)
000898f4  local     GET_DATA (.text)
000898ed  local     LOOP (.text)
00089919  local     LOOP_PINIT (.text)
000898fb  local     START (.text)
0008991e  local     START_PINIT (.text)
00000400  global    __stack (.stack)
000898d1  global    _c_int00 (.text)


================================================================================

rts2800_fpu32.lib : fd_mpy28.asm.obj

Run/Load            
Value     Binding   Name (Section)
--------  --------  ---------------
00000000  local     .bss (.bss)
00000000  local     .data (.data)
00088fd4  local     .text (.text)
00088fd4  global    FD$$MPY (.text)
0008904f  local     OVERFLOW (.text)
0008904a  local     RETURN (.text)
00089048  local     RETURN_VALUE (.text)
0008903a  local     RND64_SET_MANT$3$ (.text)
0008902f  local     ROUND (.text)
00089055  local     UNDERFLOW (.text)


================================================================================

rts2800_fpu32.lib : fd_sub28.asm.obj

Run/Load            
Value     Binding   Name (Section)
--------  --------  ---------------
00000000  local     .bss (.bss)
00000000  local     .data (.data)
0008aab2  local     .text (.text)
0008aab2  global    FD$$SUB (.text)


================================================================================

rts2800_fpu32.lib : fd_toul28.asm.obj

Run/Load            
Value     Binding   Name (Section)
--------  --------  ---------------
00000000  local     .bss (.bss)
00000000  local     .data (.data)
0008a619  local     .text (.text)
0008a619  global    FD$$TOUL (.text)
0008a62f  local     OVERFLOW (.text)
0008a62e  local     RETURN_VALUE (.text)
0008a632  local     UNDERFLOW (.text)


================================================================================

rts2800_fpu32.lib : fs_div28.asm.obj

Run/Load            
Value     Binding   Name (Section)
--------  --------  ---------------
00000000  local     .bss (.bss)
00000000  local     .data (.data)
00088ec9  local     .text (.text)
00088ec9  global    FS$$DIV (.text)
00088f2d  local     OP1_ZERO (.text)
00088f44  local     OP2_ZERO (.text)
00088f35  local     OVERFLOW (.text)
00088f2d  local     RETURN_VALUE (.text)
00088f41  local     UNDERFLOW (.text)


================================================================================

rts2800_fpu32.lib : ll_div28.asm.obj

Run/Load            
Value     Binding   Name (Section)
--------  --------  ---------------
000879e2  local     $10 (.text)
000879ee  local     $15 (.text)
00087a23  local     $20 (.text)
00087a1d  local     $25 (.text)
00087a29  local     $30 (.text)
00087a57  local     $35 (.text)
00087a86  local     $40 (.text)
000879e8  local     $5_$2 (.text)
00000000  local     .bss (.bss)
00000000  local     .data (.data)
000879d4  local     .text (.text)
000879f8  local     CHECK_SIGN1 (.text)
00087a33  local     CHECK_SIGN2 (.text)
00087a6b  local     DGT3 (.text)
00087a6d  local     DIVUDenHighZero (.text)
00087a02  local     EQ0 (.text)
000879fd  local     EQ1 (.text)
00087a3b  local     EQ2 (.text)
00087a66  local     EQ3 (.text)
00087a97  local     EQ4 (.text)
000879d4  global    LL$$DIV (.text)
00087a10  global    LL$$MOD (.text)
00087ab6  local     LOOP (.text)
00087aa5  local     MAINDIV (.text)
00087ac4  local     MD_NEQ (.text)
00087a99  local     MODUDenHighZero (.text)
000879fb  local     RET1 (.text)
00087a36  local     RET2 (.text)
00087a64  local     RET3 (.text)
00087a93  local     RET4 (.text)
00087a38  local     RET_NUM1 (.text)
00087a95  local     RET_NUM2 (.text)
00087a04  local     SDIVUDenHighZero (.text)
00087ace  local     SKIP (.text)
00087ad0  local     SKIP1 (.text)
00087a3e  local     SMODUDenHighZero (.text)
00087a4a  global    ULL$$DIV (.text)
00087a79  global    ULL$$MOD (.text)


================================================================================

rts2800_fpu32.lib : u_div28.asm.obj

Run/Load            
Value     Binding   Name (Section)
--------  --------  ---------------
00000000  local     .bss (.bss)
00000000  local     .data (.data)
0008ab68  local     .text (.text)
0008ab68  global    U$$DIV (.text)
0008ab6d  global    U$$MOD (.text)


================================================================================

rts2800_fpu32.lib : u_tofd28.asm.obj

Run/Load            
Value     Binding   Name (Section)
--------  --------  ---------------
00000000  local     .bss (.bss)
00000000  local     .data (.data)
0008a7a5  local     .text (.text)
0008a7b2  local     NORMALIZE (.text)
0008a7ba  local     OP_ZERO (.text)
0008a7b4  local     PACK (.text)
0008a7b9  local     RETURN (.text)
0008a7b7  local     RETURN_VALUE (.text)
0008a7a5  global    U$$TOFD (.text)


================================================================================

rts2800_fpu32.lib : fd_div28.asm.obj

Run/Load            
Value     Binding   Name (Section)
--------  --------  ---------------
00088e7a  local     $1_$3 (.text)
00088e85  local     $2_$3 (.text)
00000000  local     .bss (.bss)
00000000  local     .data (.data)
00088e3e  local     .text (.text)
00088e94  local     DIV_END (.text)
00088e75  local     DIV_START (.text)
00088e3e  global    FD$$DIV (.text)
00088e97  local     NORMALIZE (.text)
00088ec1  local     OVERFLOW (.text)
00088ebc  local     RETURN (.text)
00088eba  local     RETURN_VALUE (.text)
00088eac  local     RND64_SET_MANT$3$ (.text)
00088ea0  local     ROUND (.text)
00088ec7  local     UNDERFLOW (.text)


================================================================================

rts2800_fpu32.lib : cpy_tbl.c.obj

Run/Load            
Value     Binding   Name (Section)
--------  --------  ---------------
0008a3f5  local     $C$L1 (.text)
0008a408  local     $C$L2 (.text)
0008a409  local     $C$L3 (.text)
00000000  local     .bss (.bss)
00000000  local     .data (.data)
0008a3ed  local     .text (.text)
0008a3ed  global    _copy_in (.text)


================================================================================

rts2800_fpu32.lib : memcpy.c.obj

Run/Load            
Value     Binding   Name (Section)
--------  --------  ---------------
0008a5b0  local     $C$L1 (.text)
0008a5b4  local     $C$L2 (.text)
0008a5bb  local     $C$L3 (.text)
0008a5bd  local     $C$L4 (.text)
0008a5c5  local     $C$L5 (.text)
00000000  local     .bss (.bss)
00000000  local     .data (.data)
0008a5aa  local     .text (.text)
0008a5aa  global    _memcpy (.text)


================================================================================

rts2800_fpu32.lib : pre_init.c.obj

Run/Load            
Value     Binding   Name (Section)
--------  --------  ---------------
00000000  local     .bss (.bss)
00000000  local     .data (.data)
0008ae90  local     .text (.text)
0008ae90  global    __system_pre_init (.text)


================================================================================

rts2800_fpu32.lib : startup.c.obj

Run/Load            
Value     Binding   Name (Section)
--------  --------  ---------------
00000000  local     .bss (.bss)
00000000  local     .data (.data)
00085fff  local     .text (.text)
00085fff  global    __system_post_cinit (.text)


================================================================================

rts2800_fpu32.lib : exit.c.obj

Run/Load            
Value     Binding   Name (Section)
--------  --------  ---------------
0008a24a  local     $C$L1 (.text)
0008a25d  local     $C$L2 (.text)
0008a268  local     $C$L3 (.text)
0008a26e  local     $C$L4 (.text)
00000000  local     .bss (.bss)
0008280b  local     .cinit (.cinit)
00000000  local     .data (.data)
0000ee00  local     .ebss (.ebss)
0008a249  local     .text (.text)
0008a249  global    C$$EXIT (.text)
0000ee02  global    ___TI_cleanup_ptr (.ebss)
0000ee04  global    ___TI_dtors_ptr (.ebss)
0000ee00  global    ___TI_enable_exit_profile_output (.ebss)
0008a249  global    _abort (.text)
0008a24b  global    _exit (.text)


================================================================================

rts2800_fpu32.lib : _lock.c.obj

Run/Load            
Value     Binding   Name (Section)
--------  --------  ---------------
00000000  local     .bss (.bss)
00082977  local     .cinit:__lock (.cinit:__lock)
0008297c  local     .cinit:__unlock (.cinit:__unlock)
00000000  local     .data (.data)
0000ee4e  local     .ebss:__lock (.ebss:__lock)
0000ee50  local     .ebss:__unlock (.ebss:__unlock)
0008ac23  local     .text (.text)
0000ee4e  global    __lock (.ebss:__lock)
0008ac2b  global    __nop (.text)
0008ac27  global    __register_lock (.text)
0008ac23  global    __register_unlock (.text)
0000ee50  global    __unlock (.ebss:__unlock)


================================================================================

rts2800_fpu32.lib : args_main.c.obj

Run/Load            
Value     Binding   Name (Section)
--------  --------  ---------------
0008a914  local     $C$L1 (.text)
0008a918  local     $C$L2 (.text)
00000000  local     .bss (.bss)
00000000  local     .data (.data)
0008a909  local     .text (.text)
0008a909  global    __args_main (.text)


================================================================================

rts2800_fpu32.lib : fd_add28.asm.obj

Run/Load            
Value     Binding   Name (Section)
--------  --------  ---------------
00000000  local     .bss (.bss)
00000000  local     .data (.data)
0008899b  local     .text (.text)
000889f2  local     ADD_OP (.text)
000889b9  local     EXP1_NZ (.text)
000889d3  local     EXP2_NZ (.text)
0008899b  global    FD$$ADD (.text)
000889fe  local     NORMALIZE (.text)
000889f6  local     NO_ADD (.text)
00088a29  local     OP1_ZERO (.text)
00088a2c  local     OP2_ZERO (.text)
00088a2f  local     OVERFLOW (.text)
000889e2  local     PREP_ADD (.text)
00088a24  local     RETURN (.text)
00088a22  local     RETURN_VALUE (.text)
00088a15  local     RND64_SET_MANT$4$ (.text)
000889b1  local     SAVE_MN1 (.text)
000889cb  local     SAVE_MN2 (.text)
00088a35  local     UNDERFLOW (.text)


================================================================================

