******************************************************************************
             TMS320C2000 Linker PC v22.6.0                     
******************************************************************************
>> Linked Wed Mar  8 01:01:46 2023

OUTPUT FILE NAME:   <../../../04_Output_Files/ReleaseCS1107/TEST_CSMON_C28xx.out>
ENTRY POINT SYMBOL: "_c_int00"  address: 0008a068


MEMORY CONFIGURATION

         name            origin    length      used     unused   attr    fill
----------------------  --------  ---------  --------  --------  ----  --------
PAGE 0:
  RAMM0                 00000122   000002de  00000000  000002de  RWIX
  RAMLS0                00008000   00000800  00000071  0000078f  RWIX
  RAMLS1                00008800   00000800  00000000  00000800  RWIX
  RAMLS2                00009000   00000800  00000000  00000800  RWIX
  RAMLS3                00009800   00000800  00000000  00000800  RWIX
  RAMLS4                0000a000   00000800  00000000  00000800  RWIX
  RAMD0                 0000b000   00000800  00000000  00000800  RWIX
  RAMGS14               0001a000   00001000  00000000  00001000  RWIX
  RAMGS15               0001b000   00001000  00000000  00001000  RWIX
  BEGIN                 00080000   00000002  00000000  00000002  RWIX
  FLASHA                00080002   00001ffe  00000000  00001ffe  RWIX
  FLASHB                00082000   00002000  00001fff  00000001  RWIX
  FLASHC                00084000   00002000  00002000  00000000  RWIX
  FLASHD                00086000   00002000  00001ffd  00000003  RWIX
  FLASHE                00088000   00008000  0000362f  000049d1  RWIX
  FLASHF                00090000   00008000  000002a1  00007d5f  RWIX
  FLASHG                00098000   00008000  00000000  00008000  RWIX
  FLASHH                000a0000   00018000  00015800  00002800  RWIX
  FLASHK                000b8000   00002000  00000000  00002000  RWIX
  FLASHL                000ba000   00002000  00000000  00002000  RWIX
  FLASHM                000bc000   00002000  00000000  00002000  RWIX
  FLASHN                000be000   00002000  00000000  00002000  RWIX
  RESET                 003fffc0   00000002  00000000  00000002  RWIX

PAGE 1:
  BOOT_RSVD             00000002   00000120  00000000  00000120  RWIX
  RAMM1                 00000400   00000400  00000380  00000080  RWIX
  EMIF2_CS2n            00002000   00001000  00000000  00001000  RWIX
  RAMLS5                0000a800   00000800  00000800  00000000  RWIX
  RAMD1                 0000b800   00000800  00000000  00000800  RWIX
  RAMGS0                0000c000   00001000  00001000  00000000  RWIX
  RAMGS1                0000d000   00001000  00001000  00000000  RWIX
  RAMGS2                0000e000   00004000  00000e61  0000319f  RWIX
  RAMGS6                00012000   00001000  00000000  00001000  RWIX
  RAMGS7                00013000   00001000  00000000  00001000  RWIX
  RAMGS8                00014000   00001000  00000000  00001000  RWIX
  RAMGS9                00015000   00001000  00000000  00001000  RWIX
  RAMGS10               00016000   00001000  00000000  00001000  RWIX
  RAMGS11               00017000   00001000  00000000  00001000  RWIX
  RAMGS12               00018000   00001000  00000000  00001000  RWIX
  RAMGS13               00019000   00001000  00000000  00001000  RWIX
  CPU2TOCPU1RAM         0003f800   00000400  00000000  00000400  RWIX
  CPU1TOCPU2RAM         0003fc00   00000400  00000000  00000400  RWIX
  EMIF1_CS2n            00100000   00200000  00000000  00200000  RWIX
  FPGA_RAM              00300000   00000010  0000000a  00000006  RWIX
  EMIF1_CS4n            00380000   00060000  00000000  00060000  RWIX
  EMIF1_CS0n            80000000   10000000  00000000  10000000  RWIX
  EMIF2_CS0n            90000000   10000000  00000000  10000000  RWIX


SECTION ALLOCATION MAP

 output                                  attributes/
section   page    origin      length       input sections
--------  ----  ----------  ----------   ----------------
.cinit     0    00082000    000009c7     
                  00082000    000001db     CSMON_C28xx.lib : hmmodbus.obj (.cinit)
                  000821db    000001a0     main.obj (.cinit)
                  0008237b    0000010a     CSMON_C28xx.lib : fpga_sci.obj (.cinit)
                  00082485    000000e3                     : csmon.obj (.cinit)
                  00082568    00000084                     : modbusreg.obj (.cinit)
                  000825ec    0000003f                     : csmon.obj (.cinit:_CSMON_au8FileRecorderDataElementsSizeTable)
                  0008262b    00000033                     : hmrecparam.obj (.cinit:_sRecStatusParam)
                  0008265e    00000030                     : csmon.obj (.cinit:_CSMON_au8FileRecorderConfigElementsSizeTable)
                  0008268e    0000002d     PERIPHERAL_C28xx.lib : i2c_driver.obj (.cinit:_i2cMsgOut)
                  000826bb    0000002b     CSMON_C28xx.lib : csmon.obj (.cinit:_CSMON_au8FileScopeConfigurationElementsSizeTable)
                  000826e6    0000002a     emif_driver.obj (.cinit)
                  00082710    00000025     PERIPHERAL_C28xx.lib : i2c_driver.obj (.cinit:_i2cMsgIn)
                  00082735    0000001f     CSMON_C28xx.lib : hmrecparam.obj (.cinit:_sRecStatusParamInternal)
                  00082754    0000001e                     : hmdrv.obj (.cinit)
                  00082772    00000015                     : csmon.obj (.cinit:_CSMON_sFileAutorization)
                  00082787    00000014                     : hmprotocol.obj (.cinit)
                  0008279b    00000013                     : modbusreg.obj (.cinit:_MODBUSREG_au8DeviceIDUserApplicationName)
                  000827ae    00000013                     : modbusreg.obj (.cinit:_MODBUSREG_au8DeviceIDVendorUrl)
                  000827c1    00000013                     : modbusreg.obj (.cinit:_MODBUSREG_au8ServerIDData)
                  000827d4    0000000f                     : csmon.obj (.cinit:_CSMON_sDateTime)
                  000827e3    0000000f                     : csmon.obj (.cinit:_CSMON_sDateTimeApplication)
                  000827f2    0000000f                     : csmon.obj (.cinit:_CSMON_sDateTimeDefault)
                  00082801    0000000f                     : modbusreg.obj (.cinit:_MODBUSREG_au8DeviceIDModelName)
                  00082810    0000000f     device.obj (.cinit)
                  0008281f    0000000e     rts2800_fpu32.lib : exit.c.obj (.cinit)
                  0008282d    0000000d     CSMON_C28xx.lib : tmr_drv.obj (.cinit)
                  0008283a    0000000d                     : csmon.obj (.cinit:_CSMON_au8FileParameterCountElementsSizeTable)
                  00082847    0000000d                     : csmon.obj (.cinit:_CSMON_au8FileRTCElementsSizeTable)
                  00082854    0000000d                     : csmon.obj (.cinit:_sHashKey)
                  00082861    0000000c     PERIPHERAL_C28xx.lib : ds3231mz.obj (.cinit)
                  0008286d    0000000c     CSMON_C28xx.lib : csmon.obj (.cinit:_CSMON_au8FileParameterNumericElementsSizeTable)
                  00082879    0000000c                     : modbusreg.obj (.cinit:_MODBUSREG_au8DeviceIDProductName)
                  00082885    0000000c                     : modbusreg.obj (.cinit:_MODBUSREG_au8DeviceIDUserReserve0)
                  00082891    0000000c                     : modbusreg.obj (.cinit:_MODBUSREG_au8DeviceIDUserReserve1)
                  0008289d    0000000c                     : modbusreg.obj (.cinit:_MODBUSREG_au8DeviceIDUserReserve2)
                  000828a9    0000000c                     : modbusreg.obj (.cinit:_MODBUSREG_au8DeviceIDVendorName)
                  000828b5    0000000b                     : hmrecparam.obj (.cinit:_HMRECPRM_sDateTime)
                  000828c0    0000000b                     : uart_drv.obj (.cinit:_UART_RXIntOverflowCounter)
                  000828cb    0000000b                     : tmr_drv.obj (.cinit:_pfDelayedFunction)
                  000828d6    0000000b                     : tmr_drv.obj (.cinit:_pfDelayedFunction_u8)
                  000828e1    0000000b                     : uart_drv.obj (.cinit:_u32TimeDiffLast)
                  000828ec    0000000b                     : uart_drv.obj (.cinit:_u32TimeDiffNow)
                  000828f7    0000000b                     : uart_drv.obj (.cinit:_u32TimeDiffRead)
                  00082902    00000009                     : hmserial.obj (.cinit)
                  0008290b    00000009                     : csmon.obj (.cinit:_CSMON_au32FileAutorization_FunctionAfterWriteFileRecord)
                  00082914    00000009                     : csmon.obj (.cinit:_CSMON_sFileParameterCount)
                  0008291d    00000009                     : hmscopeparam.obj (.cinit:_pBufferScope)
                  00082926    00000008                     : hmlib.obj (.cinit)
                  0008292e    00000007                     : csmon.obj (.cinit:_CSMON_au8FileParameterListElementsSizeTablePart1)
                  00082935    00000007                     : csmon.obj (.cinit:_CSMON_au8FileRecorderStatusElementsSizeTable)
                  0008293c    00000007                     : hmmodbus.obj (.cinit:_HMMODBUS_u32RegisterAddressInRamDummy)
                  00082943    00000007                     : modbusreg.obj (.cinit:_MODBUSREG_au8DeviceIDMajorMinorRevision)
                  0008294a    00000007                     : modbusreg.obj (.cinit:_MODBUSREG_au8DeviceIDProductCode)
                  00082951    00000007                     : uart_drv.obj (.cinit:_UARTRxBufferRDCount)
                  00082958    00000007                     : uart_drv.obj (.cinit:_UARTRxBufferRDIndex)
                  0008295f    00000007                     : uart_drv.obj (.cinit:_UARTRxBufferWRCount)
                  00082966    00000007                     : uart_drv.obj (.cinit:_UARTRxBufferWRIndex)
                  0008296d    00000006                     : csmon.obj (.cinit:_CSMON_abFileAutorization_RecordReadOnly)
                  00082973    00000006                     : csmon.obj (.cinit:_CSMON_abFileAutorization_RecordStringData)
                  00082979    00000006                     : csmon.obj (.cinit:_CSMON_au16FileAutorization_RecordOffsets)
                  0008297f    00000006                     : csmon.obj (.cinit:_CSMON_au8FileRecorderDataElementsSizeTableUsedLength)
                  00082985    00000006                     : csmon.obj (.cinit:_CSMON_sFileProtocolVersion)
                  0008298b    00000005     rts2800_fpu32.lib : _lock.c.obj (.cinit:__lock)
                  00082990    00000005                       : _lock.c.obj (.cinit:__unlock)
                  00082995    00000004     CSMON_C28xx.lib : hmscopeparam.obj (.cinit)
                  00082999    00000004                     : uart_drv.obj (.cinit)
                  0008299d    00000004                     : csmon.obj (.cinit:_CSMON_au8FileParameterListElementsSizeTablePart2)
                  000829a1    00000004                     : csmon.obj (.cinit:_CSMON_au8FileParameterListElementsSizeTablePart3)
                  000829a5    00000004                     : csmon.obj (.cinit:_CSMON_au8FileScopeStatusElementsSizeTable)
                  000829a9    00000004                     : csmon.obj (.cinit:_CSMON_sFileParameterAccessList)
                  000829ad    00000004                     : modbusreg.obj (.cinit:_MODBUSREG_asFileTable)
                  000829b1    00000004     PERIPHERAL_C28xx.lib : ds3231mz.obj (.cinit:_au8ReadBuffer)
                  000829b5    00000004     CSMON_C28xx.lib : tmr_drv.obj (.cinit:_u16TimerMainDelayedData)
                  000829b9    00000004                     : tmr_drv.obj (.cinit:_u16TimerMainFunctionDelay)
                  000829bd    00000004                     : tmr_drv.obj (.cinit:_u16TimerMainFunctionDelayCompare)
                  000829c1    00000004                     : tmr_drv.obj (.cinit:_u16TimerMainFunctionDelayCounter)
                  000829c5    00000002     --HOLE-- [fill = 0]

.pinit     0    00082000    00000000     UNINITIALIZED

.TI.ramfunc 
*          0    00086000    00000071     RUN ADDR = 00008000
                  00086000    0000006d     flash.obj (.TI.ramfunc)
                  0008606d    00000004     sysctl.obj (.TI.ramfunc)

.stack     1    00000400    00000380     UNINITIALIZED
                  00000400    00000380     --HOLE--

.switch    0    000829c8    00000020     
                  000829c8    00000020     CSMON_C28xx.lib : csmon.obj (.switch:_CSMON_eSetParameter)

.reset     0    003fffc0    00000002     DSECT
                  003fffc0    00000002     rts2800_fpu32.lib : boot28.asm.obj (.reset)

.fpgaram   1    00300000    0000000a     UNINITIALIZED
                  00300000    0000000a     fpga_driver.obj (.fpgaram)

GETBUFFER 
*          0    0003f800    00000000     DSECT

GETWRITEIDX 
*          0    0003f800    00000000     DSECT

PUTREADIDX 
*          0    0003f800    00000000     DSECT

.text.1    0    000829e8    00001618     
                  000829e8    00000d30     CSMON_C28xx.lib : hmmodbus.obj (.text:_HMMODBUS_bDecoder_OPT)
                  00083718    00000797                     : hmmodbus.obj (.text:_HMMODBUS_WriteFileRecord)
                  00083eaf    0000014f                     : hmdrv.obj (.text:_HMDRV_CopyToBufferInternal)
                  00083ffe    00000002                     : hmrecparam.obj (.text:_HMRECPRM_AbortRec)

.text.2    0    00084000    00002000     
                  00084000    00000ad8     CSMON_C28xx.lib : modbusreg.obj (.text:_MODBUSREG_AddressTablesInit)
                  00084ad8    00000a32                     : hmmodbus.obj (.text:_HMMODBUS_ReadFileRecord)
                  0008550a    000005e7                     : csmon.obj (.text:_CSMON_eSetParameter)
                  00085af1    000004e7     sysctl.obj (.text)
                  00085fd8    00000028     CSMON_C28xx.lib : csmon.obj (.text:_CSMON_bAutorizationPasswordCheck)

.text.3    0    00086074    00001f8c     
                  00086074    000004bd     main.obj (.text)
                  00086531    000002b7     emif_driver.obj (.text)
                  000867e8    0000025a     CSMON_C28xx.lib : hmdrv.obj (.text:_HMDRV_CopyMemory)
                  00086a42    0000024c                     : hmdrv.obj (.text:_HMDRV_vInit)
                  00086c8e    000001ac     PERIPHERAL_C28xx.lib : i2c_driver.obj (.text)
                  00086e3a    00000194     CSMON_C28xx.lib : csmon.obj (.text:_CSMON_eSetUpRecParam)
                  00086fce    00000192                     : csmon.obj (.text:_CSMON_eProcess)
                  00087160    0000018d     gpio.obj (.text)
                  000872ed    0000017b     device.obj (.text)
                  00087468    0000017a     CSMON_C28xx.lib : csmon.obj (.text:_CSMON_eInitRest)
                  000875e2    0000016e                     : hmmodbus.obj (.text:_HMMODBUS_Rx)
                  00087750    00000167                     : csmon.obj (.text:_CSMON_u32GetParameterListCheckSum)
                  000878b7    00000001                     : hmprotocol.obj (.text:_HMPROTOCOL_vInit)
                  000878b8    00000164                     : csmon.obj (.text:_CSMON_vSaveRecorderConfiguration)
                  00087a1c    0000015a     interrupt.obj (.text)
                  00087b76    00000154     CSMON_C28xx.lib : hmmodbus.obj (.text:_HMMODBUS_vSetFreeRunTimerPrescaller)
                  00087cca    00000148                     : csmon.obj (.text:_CSMON_vCheckLoadRecorderTable)
                  00087e12    0000011f                     : hmmodbus.obj (.text:_HMMODBUS_GetRealRegisterAddressAndSize)
                  00087f31    00000001     rts2800_fpu32.lib : startup.c.obj (.text)
                  00087f32    000000c6     CSMON_C28xx.lib : csmon.obj (.text:_CSMON_vInitRecorders)
                  00087ff8    00000008                     : hmdrv.obj (.text:_HMDRV_CopyFromBufferWithMaskModbus)

.text.4    0    00088000    0000362f     
                  00088000    0000010d     CSMON_C28xx.lib : csmon.obj (.text:_CSMON_vCheckSaveRecorderTable)
                  0008810d    00000108     PERIPHERAL_C28xx.lib : i2c_driver.obj (.text:retain)
                  00088215    00000107     rts2800_fpu32.lib : ll_div28.asm.obj (.text)
                  0008831c    00000100     CSMON_C28xx.lib : csmon.obj (.text:_CSMON_vPrepareFileParameterAccessList)
                  0008841c    000000fd     sci.obj (.text)
                  00088519    000000f9     CSMON_C28xx.lib : hmprotocol.obj (.text:_HMPROTOCOL_bDecoder)
                  00088612    000000f5                     : hmmodbus.obj (.text:_HMMODBUS_ReadHoldingRegister)
                  00088707    000000f3                     : csmon.obj (.text:_CSMON_vFileRecoderStatusFix)
                  000887fa    000000ef                     : hmrecparam.obj (.text:_HMRECPRM_vProcess)
                  000888e9    000000e6                     : hmmodbus.obj (.text:_HMMODBUS_WriteHoldingRegister)
                  000889cf    000000da                     : csmon.obj (.text:_CSMON_vSetupHoldingRegistersAndCoilsAddressTableFromCSMONParameterList)
                  00088aa9    000000c5                     : hmdrv.obj (.text:_HMDRV_CopyFromBufferInternalModbus)
                  00088b6e    000000c4                     : hmrecparam.obj (.text:_HMRECPRM_SetUpRec)
                  00088c32    000000c0                     : hmrec.obj (.text:_HMREC_SetUpRec)
                  00088cf2    000000be                     : tmr_drv.obj (.text:_TMR2_ISR)
                  00088db0    000000bd                     : hmdrv.obj (.text:_HMDRV_CopyToBufferInternalModbus)
                  00088e6d    000000ba                     : csmon.obj (.text:_CSMON_vSaveRecorderConfigTrigger)
                  00088f27    000000b1     i2c.obj (.text)
                  00088fd8    000000ac     CSMON_C28xx.lib : csmon.obj (.text:_CSMON_vLoadRecorderConfiguration)
                  00089084    000000a5                     : hmdrv.obj (.text:_HMDRV_CopyFromBufferInternalModbusBitField)
                  00089129    000000a5                     : modbusreg.obj (.text:_MODBUSREG_vFileAllowAccess)
                  000891ce    000000a0                     : csmon.obj (.text:_CSMON_u32GetParameterCheckSum)
                  0008926e    0000009c     rts2800_fpu32.lib : fd_add28.asm.obj (.text)
                  0008930a    00000096     CSMON_C28xx.lib : csmon.obj (.text:_CSMON_u32GetParameterNumbCheckSum)
                  000893a0    00000090                     : csmon.obj (.text:_CSMON_u32GetParameterShortNameCheckSum)
                  00089430    00000090                     : csmon.obj (.text:_CSMON_vSetDateTimeAutorization)
                  000894c0    0000008f                     : hmmodbus.obj (.text:_HMMODBUS_CopyFromBuffer)
                  0008954f    0000008b     rts2800_fpu32.lib : fd_div28.asm.obj (.text)
                  000895da    00000089     CSMON_C28xx.lib : hmrecparam.obj (.text:_HMRECPRM_SetUpRecParamStatusDateTime)
                  00089663    00000088                     : hmdrv.obj (.text:_HMDRV_CopyFromBufferInternal)
                  000896eb    00000088     rts2800_fpu32.lib : fs_div28.asm.obj (.text)
                  00089773    00000083     CSMON_C28xx.lib : hmrecparam.obj (.text:_HMRECPRM_vTimeSync)
                  000897f6    00000083     rts2800_fpu32.lib : fd_mpy28.asm.obj (.text)
                  00089879    0000007d     CSMON_C28xx.lib : hmserial.obj (.text:_HMSERIAL_vProcessSCI)
                  000898f6    00000079                     : csmon.obj (.text:_CSMON_u32GetParameterStringCheckSum)
                  0008996f    00000073                     : csmon.obj (.text:_CSMON_u16FindIndexParameterTable)
                  000899e2    0000006e                     : csmon.obj (.text:_CSMON_vLoadRecorderConfigTrigger)
                  00089a50    0000006d                     : modbusreg.obj (.text:_MODBUSREG_vInit)
                  00089abd    0000006b                     : hmprotocol.obj (.text:_HMPROTOCOL_GetBoardInfo)
                  00089b28    0000006a                     : hmrec.obj (.text:_HMREC_vProcess)
                  00089b92    00000066                     : hmdrv.obj (.text:_HMDRV_CopyFromBufferInternalWithMask)
                  00089bf8    00000066                     : hmmodbus.obj (.text:_HMMODBUS_vProcessSCI)
                  00089c5e    00000066                     : uart_drv.obj (.text:_UART_RXInterrupt)
                  00089cc4    00000066     rts2800_fpu32.lib : s_sinf.c.obj (.text)
                  00089d2a    00000065     CSMON_C28xx.lib : hmserial.obj (.text:_HMSERIAL_Rx)
                  00089d8f    00000062                     : hmmodbus.obj (.text:_vSetElementsSize)
                  00089df1    00000061                     : modbusreg.obj (.text:_MODBUSREG_vFileDenyAccess)
                  00089e52    0000005b                     : hmmodbus.obj (.text:_HMMODBUS_CopyToBuffer)
                  00089ead    0000005a                     : csmon.obj (.text:_CSMON_vRecorderParamStartStopProcess)
                  00089f07    0000005a                     : modbusreg.obj (.text:_MODBUSREG_FileRecorderExternalUpdateInit)
                  00089f61    0000005a     fpga_driver.obj (.text)
                  00089fbb    00000057     CSMON_C28xx.lib : csmon.obj (.text:_CSMON_bCheckValidDateTime)
                  0008a012    00000056                     : hmlib.obj (.text:_HMLIB_vInit)
                  0008a068    00000056     rts2800_fpu32.lib : boot28.asm.obj (.text)
                  0008a0be    00000055     CSMON_C28xx.lib : hmmodbus.obj (.text:_HMMODBUS_Listen)
                  0008a113    00000053                     : hmrecparam.obj (.text:_HMRECPRM_StartRecParam)
                  0008a166    00000051                     : hmmodbus.obj (.text:_HMMODBUS_GetRegisterFunction)
                  0008a1b7    0000004c                     : csmon.obj (.text:_CSMON_eSetRecorderTriggerAtPosition)
                  0008a203    0000004c                     : hmmodbus.obj (.text:_HMMODBUS_vSendResponse)
                  0008a24f    00000049                     : hmdrv.obj (.text:_HMDRV_CopyFromBufferInternalWithMaskModbus)
                  0008a298    00000048                     : hmscopeparam.obj (.text:_HMSCOPEPRM_ReadScope)
                  0008a2e0    00000047                     : hmscopeparam.obj (.text:_HMSCOPEPRM_SetUpScope)
                  0008a327    00000046                     : csmon.obj (.text:_CSMON_eInit)
                  0008a36d    00000046                     : csmon.obj (.text:_CSMON_eSetRecorderConfigurationSkipSamples)
                  0008a3b3    00000001     --HOLE-- [fill = 0]
                  0008a3b4    00000046                     : hmserial.obj (.text:_HMSERIAL_vSendResponse)
                  0008a3fa    00000046                     : hmmodbus.obj (.text:_vSetIndexFileTable)
                  0008a440    00000044                     : uart_drv.obj (.text:_UART_ReadDataRx)
                  0008a484    00000043                     : hmmodbus.obj (.text:_HMMODBUS_vProcessRxDelay)
                  0008a4c7    0000003f                     : hmdrv.obj (.text:_HMDRV_vProcess)
                  0008a506    0000003f                     : sci_drv.obj (.text:_SCIA_RXFIFOISR)
                  0008a545    0000003f                     : sci_drv.obj (.text:_SCIA_TXFIFOISR)
                  0008a584    0000003f                     : sci_drv.obj (.text:_SCIB_RXFIFOISR)
                  0008a5c3    0000003f                     : sci_drv.obj (.text:_SCIB_TXFIFOISR)
                  0008a602    0000003f                     : tmr_drv.obj (.text:_configCPUTimer)
                  0008a641    0000003e                     : sci_drv.obj (.text:_SCIC_RXFIFOISR)
                  0008a67f    0000003e                     : sci_drv.obj (.text:_SCIC_TXFIFOISR)
                  0008a6bd    0000003e                     : sci_drv.obj (.text:_SCID_RXFIFOISR)
                  0008a6fb    0000003e                     : sci_drv.obj (.text:_SCID_TXFIFOISR)
                  0008a739    0000003d                     : hmmodbus.obj (.text:_vSetStartSampleIndex)
                  0008a776    0000003c                     : csmon.obj (.text:_CSMON_vSetupHoldingRegistersAndCoilsAddressTableAccessAll)
                  0008a7b2    0000003c                     : hmscope.obj (.text:_HMSCOPE_SetUpScope)
                  0008a7ee    00000037                     : hmmodbus.obj (.text:_HMMODBUS_bDecoderInit_OPT)
                  0008a825    00000035                     : hmdrv.obj (.text:_HMDRV_GetStringLengthInternal)
                  0008a85a    00000033                     : hmscope.obj (.text:_HMSCOPE_ReadScope)
                  0008a88d    00000032     PERIPHERAL_C28xx.lib : ds3231mz.obj (.text)
                  0008a8bf    00000032     CSMON_C28xx.lib : csmon.obj (.text:_CSMON_u32GetParameterAuxCheckSum)
                  0008a8f1    00000032                     : csmon.obj (.text:_CSMON_u32GetRealAddressAndSizeOffsetFromParameter)
                  0008a923    0000002f                     : csmon.obj (.text:_CSMON_eSetParameterInRecorderAtPosition)
                  0008a952    0000002e                     : csmon.obj (.text:_CSMON_vRecorderParamSetupProcess)
                  0008a980    0000002e                     : hmserial.obj (.text:_HMSERIAL_vProcessSCIFreemasterOnly)
                  0008a9ae    0000002d                     : csmon.obj (.text:_CSMON_eSetParameterInScopeAtPosition)
                  0008a9db    0000002d                     : hmrecparam.obj (.text:_FillTimeData)
                  0008aa08    0000002d                     : hmserial.obj (.text:_HMSERIAL_Listen)
                  0008aa35    00000029                     : fpga_sci.obj (.text:_FPGA_SCI_vProcessUartTx)
                  0008aa5e    00000029                     : modbusreg.obj (.text:_MODBUSREG_FileRecorderElementSizeTableUsedSizeUpdateInit)
                  0008aa87    00000029     rts2800_fpu32.lib : exit.c.obj (.text)
                  0008aab0    00000028     CSMON_C28xx.lib : csmon.obj (.text:_CSMON_vSaveRecorderConfig)
                  0008aad8    00000027                     : hmserial.obj (.text:_HMSERIAL_vProcessSCITXISR)
                  0008aaff    00000026                     : hmserial.obj (.text:_HMSERIAL_Tx)
                  0008ab25    00000025                     : tmr_drv.obj (.text:_TMR_vInitCPUTimers)
                  0008ab4a    00000024                     : csmon.obj (.text:_CSMON_vAutorizationReset)
                  0008ab6e    00000024                     : csmon.obj (.text:_CSMON_vInitParameterListRealAddressRecordTables)
                  0008ab92    00000024                     : hmprotocol.obj (.text:_HMPROTOCOL_ReadMem)
                  0008abb6    00000024                     : hmrecparam.obj (.text:_RecorderDateFromLocalDateTime)
                  0008abda    00000024                     : hmmodbus.obj (.text:_vSetSampleCountAvailable)
                  0008abfe    00000024     rts2800_fpu32.lib : cpy_tbl.c.obj (.text)
                  0008ac22    00000023     CSMON_C28xx.lib : csmon.obj (.text:_CSMON_vUpdateDateTimeFromApplication)
                  0008ac45    00000023                     : tmr_drv.obj (.text:_TMR_vInit)
                  0008ac68    00000022                     : hmrecparam.obj (.text:_RecorderTimeFromLocalDateTime)
                  0008ac8a    00000021                     : csmon.obj (.text:_CSMON_eApplyParameterChanges)
                  0008acab    00000020                     : hmmodbus.obj (.text:_vSetSampleCountBuffer)
                  0008accb    00000020                     : hmmodbus.obj (.text:_vSetSampleSize)
                  0008aceb    0000001f                     : hmmodbus.obj (.text:_HMMODBUS_Tx)
                  0008ad0a    0000001f                     : hmmodbus.obj (.text:_HMMODBUS_vInit)
                  0008ad29    0000001f                     : hmrecparam.obj (.text:_HMRECPRM_GetRecBuffFreemaster)
                  0008ad48    0000001f                     : csmon.obj (.text:_HMRECPRM_vGetDateTime)
                  0008ad67    0000001f                     : hmrec.obj (.text:_HMREC_GetRecBuffFreemaster)
                  0008ad86    0000001d     rts2800_fpu32.lib : memcpy.c.obj (.text)
                  0008ada3    0000001c     CSMON_C28xx.lib : hmrecparam.obj (.text:_HMRECPRM_StartRec)
                  0008adbf    0000001b                     : csmon.obj (.text:_CSMON_eSetParameterCountInRecorder)
                  0008adda    0000001b                     : hmdrv.obj (.text:_HMDRV_AddressToBuffer)
                  0008adf5    0000001b                     : uart_drv.obj (.text:_UART_vInit)
                  0008ae10    0000001b     rts2800_fpu32.lib : fd_toul28.asm.obj (.text)
                  0008ae2b    0000001a     CSMON_C28xx.lib : csmon.obj (.text:_CSMON_vFileParameterCountCheckSumUpdate)
                  0008ae45    0000001a                     : hmmodbus.obj (.text:_HMMODBUS_vProcessSCITXISR)
                  0008ae5f    0000001a                     : hmserial.obj (.text:_HMSERIAL_vProcessSCITXISRFreemasterOnly)
                  0008ae79    0000001a                     : hmmodbus.obj (.text:_bGetFileReadAccess)
                  0008ae93    00000019                     : hmdrv.obj (.text:_HMDRV_AddressFromBuffer)
                  0008aeac    00000018                     : csmon.obj (.text:_CSMON_u32GetFreeRunningTimerMicroseconds)
                  0008aec4    00000018                     : hmlib.obj (.text:_HMLIB_vProcessSCITXISRWithIndex)
                  0008aedc    00000018                     : hmprotocol.obj (.text:_HMPROTOCOL_WriteMem)
                  0008aef4    00000018                     : hmprotocol.obj (.text:_HMPROTOCOL_WriteMemMask)
                  0008af0c    00000018                     : modbusreg.obj (.text:_MODBUSREG_vInitHoldingRegistersTableChanges)
                  0008af24    00000017                     : hmmodbus.obj (.text:_HMMODBUS_vProcessTxDelay)
                  0008af3b    00000017                     : hmrec.obj (.text:_HMREC_StartRec)
                  0008af52    00000017                     : hmmodbus.obj (.text:_vSetBufferAddressStart)
                  0008af69    00000017     rts2800_fpu32.lib : u_tofd28.asm.obj (.text)
                  0008af80    00000016     CSMON_C28xx.lib : csmon.obj (.text:_CSMON_eSetParameterCountInScope)
                  0008af96    00000016                     : hmdrv.obj (.text:_HMDRV_AddressFromBufferBigEndian)
                  0008afac    00000015                     : csmon.obj (.text:_CSMON_eResetParameterTable)
                  0008afc1    00000015                     : hmrecparam.obj (.text:_HMRECPRM_vResetAllStopDetections)
                  0008afd6    00000014                     : hmlib.obj (.text:_HMLIB_vProcessFastTD)
                  0008afea    00000014                     : hmmodbus.obj (.text:_HMMODBUS_DelayedTx)
                  0008affe    00000014                     : hmrecparam.obj (.text:_HMRECPRM_Comparefloat)
                  0008b012    00000014                     : hmrecparam.obj (.text:_HMRECPRM_StopRecParam)
                  0008b026    00000014                     : hmrec.obj (.text:_HMREC_Comparefloat)
                  0008b03a    00000014                     : hmserial.obj (.text:_HMSERIAL_DelayedTx)
                  0008b04e    00000013                     : csmon.obj (.text:_CSMON_eSetFlagProcessPassed)
                  0008b061    00000013                     : hmserial.obj (.text:_HMSERIAL_vInit)
                  0008b074    00000012                     : fpga_sci.obj (.text:_FPGA_SCI_vProcessFastTD)
                  0008b086    00000012                     : hmdrv.obj (.text:_HMDRV_GetStringLengthFromWordInternal)
                  0008b098    00000012                     : uart_drv.obj (.text:_UART_TxIntDis)
                  0008b0aa    00000012                     : uart_drv.obj (.text:_UART_TxIntEna)
                  0008b0bc    00000012     rts2800_fpu32.lib : args_main.c.obj (.text)
                  0008b0ce    00000011     CSMON_C28xx.lib : hmrecparam.obj (.text:_HMRECPRM_CompareBOOL)
                  0008b0df    00000010                     : hmlib.obj (.text:_HMLIB_vInitRecParamBuff)
                  0008b0ef    00000010                     : hmmodbus.obj (.text:_HMMODBUS_vSetupRegisterDummy)
                  0008b0ff    00000010                     : hmrecparam.obj (.text:_HMRECPRM_Compare16S)
                  0008b10f    00000010                     : hmrecparam.obj (.text:_HMRECPRM_Compare16U)
                  0008b11f    00000010                     : hmrecparam.obj (.text:_HMRECPRM_Compare32S)
                  0008b12f    00000010                     : hmrecparam.obj (.text:_HMRECPRM_Compare32U)
                  0008b13f    00000010                     : hmrecparam.obj (.text:_HMRECPRM_Compare8S)
                  0008b14f    00000010                     : hmrecparam.obj (.text:_HMRECPRM_Compare8U)
                  0008b15f    00000010                     : hmrec.obj (.text:_HMREC_Compare16S)
                  0008b16f    00000010                     : hmrec.obj (.text:_HMREC_Compare16U)
                  0008b17f    00000010                     : hmrec.obj (.text:_HMREC_Compare32S)
                  0008b18f    00000010                     : hmrec.obj (.text:_HMREC_Compare32U)
                  0008b19f    00000010                     : hmrec.obj (.text:_HMREC_Compare8S)
                  0008b1af    00000010                     : hmrec.obj (.text:_HMREC_Compare8U)
                  0008b1bf    00000010                     : hmmodbus.obj (.text:_u32BytesMemoryToBytesModbus)
                  0008b1cf    00000010                     : hmmodbus.obj (.text:_u32BytesModbusToBytesMemory)
                  0008b1df    0000000f                     : csmon.obj (.text:_CSMON_vInitHoldingRegistersTableChanges)
                  0008b1ee    0000000f                     : hmlib.obj (.text:_HMLIB_vProcessRecorders)
                  0008b1fd    0000000f                     : hmmodbus.obj (.text:_HMMODBUS_CalcCRC)
                  0008b20c    0000000f                     : hmrecparam.obj (.text:_HMRECPRM_IsJustStopped)
                  0008b21b    0000000f                     : uart_drv.obj (.text:_UART_IsTxEmpty)
                  0008b22a    0000000f                     : hmmodbus.obj (.text:_bIsValidEndAddressInBuffer)
                  0008b239    0000000e                     : hmrecparam.obj (.text:_HMRECPRM_vDisableAllStopDetections)
                  0008b247    0000000e                     : hmmodbus.obj (.text:_u32FitAddressCircleBufferInside)
                  0008b255    0000000e     rts2800_fpu32.lib : fd_sub28.asm.obj (.text)
                  0008b263    0000000d     CSMON_C28xx.lib : hmrecparam.obj (.text:_HMRECPRM_StopRec)
                  0008b270    0000000d                     : hmrecparam.obj (.text:_HMRECPRM_TriggerRec)
                  0008b27d    0000000d                     : hmrec.obj (.text:_HMREC_StopRec)
                  0008b28a    0000000d                     : tmr_drv.obj (.text:_TIMER_vSetupTimerMainFunctionDelayCompare)
                  0008b297    0000000d                     : uart_drv.obj (.text:_UART_ReadDataRxAvailable)
                  0008b2a4    0000000c                     : hmlib.obj (.text:_HMLIB_vProcess)
                  0008b2b0    0000000c                     : hmrecparam.obj (.text:_HMRECPRM_GetBufferRecParamPtrAddress)
                  0008b2bc    0000000c                     : hmmodbus.obj (.text:_u32FixAddressCircleBufferOverflow)
                  0008b2c8    0000000b                     : hmmodbus.obj (.text:_HMMODBUS_vProcessFastTD)
                  0008b2d3    0000000b                     : hmrecparam.obj (.text:_HMRECPRM_IsRunning)
                  0008b2de    0000000b                     : hmrec.obj (.text:_HMREC_TriggerRec)
                  0008b2e9    0000000b                     : hmserial.obj (.text:_HMSERIAL_vProcessFastTD)
                  0008b2f4    0000000b                     : modbusreg.obj (.text:_MODBUSREG_vDataZero)
                  0008b2ff    0000000b                     : hmmodbus.obj (.text:_bIsValidIndexFileTable)
                  0008b30a    0000000b     rts2800_fpu32.lib : u_div28.asm.obj (.text)
                  0008b315    0000000a     PERIPHERAL_C28xx.lib : peripheral.obj (.text)
                  0008b31f    0000000a     CSMON_C28xx.lib : csmon.obj (.text:_CSMON_vInitScopes)
                  0008b329    0000000a                     : csmon.obj (.text:_CSMON_vSetupInputRegistersAndCoilsAddressTableAccessAll)
                  0008b333    0000000a                     : csmon.obj (.text:_CSMON_vSetupInputRegistersAndCoilsAddressTableFromCSMONParameterList)
                  0008b33d    0000000a                     : hmrecparam.obj (.text:_HMRECPRM_ClrLastStopDetectionToRecorderStopSamplesCounter)
                  0008b347    0000000a                     : hmrecparam.obj (.text:_HMRECPRM_GetRecStatus)
                  0008b351    0000000a                     : hmrec.obj (.text:_HMREC_GetRecStatus)
                  0008b35b    0000000a                     : uart_drv.obj (.text:_UART_TransmitDisable)
                  0008b365    0000000a                     : uart_drv.obj (.text:_UART_TxDis)
                  0008b36f    0000000a                     : uart_drv.obj (.text:_UART_TxEna)
                  0008b379    00000009                     : csmon.obj (.text:_CSMON_eSetServerOnStatus)
                  0008b382    00000009                     : hmmodbus.obj (.text:_HMMODBUS_vProcessFreeTimer)
                  0008b38b    00000009                     : hmrecparam.obj (.text:_HMRECPRM_GetExternBufferRecParamLastPointedAddress)
                  0008b394    00000009                     : hmrecparam.obj (.text:_HMRECPRM_GetExternBufferRecParamPtrAddress)
                  0008b39d    00000009                     : hmrecparam.obj (.text:_HMRECPRM_vInit)
                  0008b3a6    00000009                     : hmscopeparam.obj (.text:_HMSCOPEPRM_GetBufferScopeParamAddress)
                  0008b3af    00000009                     : hmserial.obj (.text:_HMSERIAL_vProcessFreeTimer)
                  0008b3b8    00000009                     : tmr_drv.obj (.text:_TIMER_vResetTimerMainFunctionDelayCounter)
                  0008b3c1    00000009                     : tmr_drv.obj (.text:_TIMER_vSetupTimerMainDelayedFunctionSendData)
                  0008b3ca    00000009                     : uart_drv.obj (.text:_UART_PutChar)
                  0008b3d3    00000009                     : uart_drv.obj (.text:_UART_ReadDataRxTimeDiff)
                  0008b3dc    00000009                     : uart_drv.obj (.text:_UART_TXInterrupt)
                  0008b3e5    00000009     rts2800_fpu32.lib : _lock.c.obj (.text)
                  0008b3ee    00000008     CSMON_C28xx.lib : hmrecparam.obj (.text:_HMRECPRM_GetExternRecParamAddress)
                  0008b3f6    00000008                     : hmrecparam.obj (.text:_HMRECPRM_GetExternRecParamPtrMaximumUsedSampleCount)
                  0008b3fe    00000008                     : hmrecparam.obj (.text:_HMRECPRM_GetExternRecParamPtrSampleSize)
                  0008b406    00000008                     : hmrecparam.obj (.text:_HMRECPRM_GetRecParamPtrAvailableSampleCount)
                  0008b40e    00000008                     : hmrecparam.obj (.text:_HMRECPRM_GetRecParamPtrLastSampleIndex)
                  0008b416    00000008                     : hmrecparam.obj (.text:_HMRECPRM_GetRecParamPtrMaximumUsedSampleCount)
                  0008b41e    00000008                     : hmrecparam.obj (.text:_HMRECPRM_GetRecParamPtrSampleSize)
                  0008b426    00000008                     : hmrecparam.obj (.text:_HMRECPRM_GetStatusInternalRecParamAddress)
                  0008b42e    00000008                     : hmrecparam.obj (.text:_HMRECPRM_GetStatusRecParamAddress)
                  0008b436    00000008                     : hmrec.obj (.text:_HMREC_vInit)
                  0008b43e    00000007                     : hmlib.obj (.text:_HMLIB_vProcessDifferentPorts)
                  0008b445    00000007                     : hmscopeparam.obj (.text:_HMSCOPEPRM_GetStatusScopeParamAddress)
                  0008b44c    00000006                     : hmmodbus.obj (.text:_HMMODBUS_vSetupHoldingRegistersAddressTable)
                  0008b452    00000006                     : hmmodbus.obj (.text:_HMMODBUS_vSetupHoldingRegistersAddressTableInRam)
                  0008b458    00000006                     : sci_drv.obj (.text:_SCI_u32GetBaseFromModuleIndex)
                  0008b45e    00000006                     : tmr_drv.obj (.text:_TIMER_u16ResetTimerMainPeriod)
                  0008b464    00000006                     : uart_drv.obj (.text:_UART_GetChar)
                  0008b46a    00000006     cputimer.obj (.text)
                  0008b470    00000005     CSMON_C28xx.lib : csmon.obj (.text:_CSMON_eSetAutoServiceWatchdogInternalSlowCalculationsInMainLoop)
                  0008b475    00000005                     : csmon.obj (.text:_CSMON_eSetFirmwareApplicationVersion)
                  0008b47a    00000005                     : csmon.obj (.text:_CSMON_eSetMaxTimeInISR)
                  0008b47f    00000005                     : csmon.obj (.text:_CSMON_eSetMinGuaranteedTimeBetweenTwoISRs)
                  0008b484    00000005                     : csmon.obj (.text:_CSMON_u16ParametersAccessListIndexGenerate)
                  0008b489    00000005                     : csmon.obj (.text:_CSMON_u32GetFreeRunningTimerTicks)
                  0008b48e    00000005                     : csmon.obj (.text:_CSMON_vSetDateTimeRequest)
                  0008b493    00000005                     : hmlib.obj (.text:_HMLIB_vProcessSamePort)
                  0008b498    00000005                     : hmlib.obj (.text:_HMLIB_vRecorder0)
                  0008b49d    00000005                     : hmlib.obj (.text:_HMLIB_vRecorder1)
                  0008b4a2    00000005                     : hmlib.obj (.text:_HMLIB_vRecorder2)
                  0008b4a7    00000005                     : hmmodbus.obj (.text:_HMMODBUS_bGetReceivedMessage)
                  0008b4ac    00000005                     : hmmodbus.obj (.text:_HMMODBUS_vFileTable)
                  0008b4b1    00000005                     : hmrecparam.obj (.text:_HMRECPRM_SetUpRecBuff)
                  0008b4b6    00000005                     : hmrec.obj (.text:_HMREC_SetUpRecBuff)
                  0008b4bb    00000005                     : sci_drv.obj (.text:_SCI_eGetModuleIndexFromBase)
                  0008b4c0    00000005                     : tmr_drv.obj (.text:_TIMER_vSetupTimerMainDelayedData)
                  0008b4c5    00000004                     : csmon.obj (.text:_CSMON_eRegisterWriteParElementCallbackFunction)
                  0008b4c9    00000004                     : csmon.obj (.text:_CSMON_eSetInternalTimerPeriod)
                  0008b4cd    00000004                     : csmon.obj (.text:_CSMON_eSetTimerPeriodISRFunctionRegister)
                  0008b4d1    00000004                     : csmon.obj (.text:_CSMON_u32GetBaudError_PPM)
                  0008b4d5    00000004                     : csmon.obj (.text:_CSMON_vAddSetupRecorderParameterMask)
                  0008b4d9    00000004                     : csmon.obj (.text:_CSMON_vSetStartRecorderParameterMask)
                  0008b4dd    00000004                     : hmdrv.obj (.text:_HMDRV_SetExAddr)
                  0008b4e1    00000004                     : hmdrv.obj (.text:_HMDRV_u32GetDeviceSYSCLKFreq)
                  0008b4e5    00000004                     : hmdrv.obj (.text:_HMDRV_u32GetSCIErrorPPM)
                  0008b4e9    00000004                     : hmlib.obj (.text:_HMLIB_vRecorderParam0)
                  0008b4ed    00000004                     : hmlib.obj (.text:_HMLIB_vRecorderParam1)
                  0008b4f1    00000004                     : hmlib.obj (.text:_HMLIB_vRecorderParam2)
                  0008b4f5    00000004                     : hmmodbus.obj (.text:_HMMODBUS_u32GetAddressMessageCounterThisDevice)
                  0008b4f9    00000004                     : hmmodbus.obj (.text:_HMMODBUS_vSetAddressMessageCounterThisDevice)
                  0008b4fd    00000004                     : hmmodbus.obj (.text:_HMMODBUS_vSetDeviceIDMajorMinorRevision)
                  0008b501    00000004                     : hmmodbus.obj (.text:_HMMODBUS_vSetDeviceIDMajorMinorRevisionLength)
                  0008b505    00000004                     : hmmodbus.obj (.text:_HMMODBUS_vSetDeviceIDModelName)
                  0008b509    00000004                     : hmmodbus.obj (.text:_HMMODBUS_vSetDeviceIDModelNameLength)
                  0008b50d    00000004                     : hmmodbus.obj (.text:_HMMODBUS_vSetDeviceIDProductCode)
                  0008b511    00000004                     : hmmodbus.obj (.text:_HMMODBUS_vSetDeviceIDProductCodeLength)
                  0008b515    00000004                     : hmmodbus.obj (.text:_HMMODBUS_vSetDeviceIDProductName)
                  0008b519    00000004                     : hmmodbus.obj (.text:_HMMODBUS_vSetDeviceIDProductNameLength)
                  0008b51d    00000004                     : hmmodbus.obj (.text:_HMMODBUS_vSetDeviceIDUserApplicationName)
                  0008b521    00000004                     : hmmodbus.obj (.text:_HMMODBUS_vSetDeviceIDUserApplicationNameLength)
                  0008b525    00000004                     : hmmodbus.obj (.text:_HMMODBUS_vSetDeviceIDUserReserve0)
                  0008b529    00000004                     : hmmodbus.obj (.text:_HMMODBUS_vSetDeviceIDUserReserve0Length)
                  0008b52d    00000004                     : hmmodbus.obj (.text:_HMMODBUS_vSetDeviceIDUserReserve1)
                  0008b531    00000004                     : hmmodbus.obj (.text:_HMMODBUS_vSetDeviceIDUserReserve1Length)
                  0008b535    00000004                     : hmmodbus.obj (.text:_HMMODBUS_vSetDeviceIDUserReserve2)
                  0008b539    00000004                     : hmmodbus.obj (.text:_HMMODBUS_vSetDeviceIDUserReserve2Length)
                  0008b53d    00000004                     : hmmodbus.obj (.text:_HMMODBUS_vSetDeviceIDVendorName)
                  0008b541    00000004                     : hmmodbus.obj (.text:_HMMODBUS_vSetDeviceIDVendorNameLength)
                  0008b545    00000004                     : hmmodbus.obj (.text:_HMMODBUS_vSetDeviceIDVendorUrl)
                  0008b549    00000004                     : hmmodbus.obj (.text:_HMMODBUS_vSetDeviceIDVendorUrlLength)
                  0008b54d    00000004                     : hmmodbus.obj (.text:_HMMODBUS_vSetServerIDDataAddress)
                  0008b551    00000004                     : hmmodbus.obj (.text:_HMMODBUS_vSetServerIDLength)
                  0008b555    00000004                     : hmmodbus.obj (.text:_HMMODBUS_vSetServerIDNumber)
                  0008b559    00000004                     : hmmodbus.obj (.text:_HMMODBUS_vSetServerOnStatus)
                  0008b55d    00000004                     : hmmodbus.obj (.text:_HMMODBUS_vSetupHoldingRegistersAccessTableInRam)
                  0008b561    00000004                     : hmmodbus.obj (.text:_HMMODBUS_vSetupWriteParElementCallbackFunction)
                  0008b565    00000004                     : modbusreg.obj (.text:_MODBUSREG_u16GetHoldRegFillCount)
                  0008b569    00000004                     : modbusreg.obj (.text:_MODBUSREG_u16GetHoldRegUsedCount)
                  0008b56d    00000004                     : modbusreg.obj (.text:_MODBUSREG_u32GetRegisterAccessTableInRam)
                  0008b571    00000004                     : modbusreg.obj (.text:_MODBUSREG_u32GetRegisterAddressTable)
                  0008b575    00000004                     : modbusreg.obj (.text:_MODBUSREG_u32GetRegisterAddressTableInRam)
                  0008b579    00000004                     : modbusreg.obj (.text:_MODBUSREG_vSetFileAutorization_FunctionAfterWriteFileRecordTable)
                  0008b57d    00000004                     : modbusreg.obj (.text:_MODBUSREG_vSetFileParamCount_FunctionBeforeReadFileRecord)
                  0008b581    00000004                     : modbusreg.obj (.text:_MODBUSREG_vSetFileRTC_FunctionAfterReadFileRecord)
                  0008b585    00000004                     : modbusreg.obj (.text:_MODBUSREG_vSetFileRTC_FunctionAfterWriteFileRecord)
                  0008b589    00000004                     : modbusreg.obj (.text:_MODBUSREG_vSetFileRecConfig_FunctionAfterWriteFileRecord)
                  0008b58d    00000004                     : modbusreg.obj (.text:_MODBUSREG_vSetFileRecStatus_FunctionIndexGenerationFileRecord)
                  0008b591    00000004                     : modbusreg.obj (.text:_MODBUSREG_vSetHoldRegFillCount)
                  0008b595    00000004                     : modbusreg.obj (.text:_MODBUSREG_vSetModbusParamCount)
                  0008b599    00000004                     : modbusreg.obj (.text:_MODBUSREG_vSetParamAuxAddress)
                  0008b59d    00000004                     : modbusreg.obj (.text:_MODBUSREG_vSetParamCount)
                  0008b5a1    00000004                     : modbusreg.obj (.text:_MODBUSREG_vSetParamListAddress)
                  0008b5a5    00000004                     : modbusreg.obj (.text:_MODBUSREG_vSetParamNameAddress)
                  0008b5a9    00000004                     : modbusreg.obj (.text:_MODBUSREG_vSetParamNumbAddress)
                  0008b5ad    00000004                     : modbusreg.obj (.text:_MODBUSREG_vSetParamRecorderConfigAddress)
                  0008b5b1    00000004                     : modbusreg.obj (.text:_MODBUSREG_vSetParamReservedAddress)
                  0008b5b5    00000004                     : modbusreg.obj (.text:_MODBUSREG_vSetParamScopeConfigAddress)
                  0008b5b9    00000004                     : modbusreg.obj (.text:_MODBUSREG_vSetParamStringAddress)
                  0008b5bd    00000004                     : tmr_drv.obj (.text:_TIMER_vGetTimerMainRollingCounter)
                  0008b5c1    00000004                     : tmr_drv.obj (.text:_TIMER_vSetupTimerMainCSMONFunction)
                  0008b5c5    00000004                     : tmr_drv.obj (.text:_TMR_u16GetFreeRunTimerPrescaller)
                  0008b5c9    00000004                     : hmmodbus.obj (.text:_bGetElementsDifference)
                  0008b5cd    00000004                     : hmmodbus.obj (.text:_u16GetIndexFileTable)
                  0008b5d1    00000004                     : hmmodbus.obj (.text:_u32GetBufferAddressStart)
                  0008b5d5    00000004                     : hmmodbus.obj (.text:_u32GetBufferSize)
                  0008b5d9    00000004                     : hmmodbus.obj (.text:_u32GetSampleCountAvailable)
                  0008b5dd    00000004                     : hmmodbus.obj (.text:_u32GetSampleCountBuffer)
                  0008b5e1    00000004                     : hmmodbus.obj (.text:_u32GetStartSampleIndex)
                  0008b5e5    00000004                     : hmmodbus.obj (.text:_u8GetSampleSize)
                  0008b5e9    00000004                     : hmmodbus.obj (.text:_vSetBufferAddressStartFromFunction)
                  0008b5ed    00000004                     : hmmodbus.obj (.text:_vSetBufferSize)
                  0008b5f1    00000003                     : csmon.obj (.text:_CSMON_eSetParameterListDataDefault)
                  0008b5f4    00000003                     : csmon.obj (.text:_CSMON_eSetParameterListDataMaximum)
                  0008b5f7    00000003                     : csmon.obj (.text:_CSMON_eSetParameterListDataMinimum)
                  0008b5fa    00000003                     : csmon.obj (.text:_CSMON_eSetParameterListParameterID)
                  0008b5fd    00000003                     : csmon.obj (.text:_CSMON_eSetParameterListRealAddress)
                  0008b600    00000003                     : csmon.obj (.text:_CSMON_eSetParameterListRegisterFlags)
                  0008b603    00000003                     : csmon.obj (.text:_CSMON_eSetParameterListRegisterSize)
                  0008b606    00000003                     : csmon.obj (.text:_CSMON_eSetParameterListValueFormat)
                  0008b609    00000003                     : csmon.obj (.text:_CSMON_u32GetModbusMessageCounterRegisterRealAddress)
                  0008b60c    00000003                     : csmon.obj (.text:_CSMON_vSetModbusMessageCounterRegisterRealAddress)
                  0008b60f    00000003                     : hmlib.obj (.text:_HMLIB_vRecorderParamTimeSync)
                  0008b612    00000003                     : hmrecparam.obj (.text:_HMRECPRM_GetTimeBase)
                  0008b615    00000003                     : modbusreg.obj (.text:_MODBUSREG_u32GetAddressMessageCounterThisDevice)
                  0008b618    00000003                     : modbusreg.obj (.text:_MODBUSREG_vSetAddressMessageCounterThisDevice)
                  0008b61b    00000002                     : hmrecparam.obj (.text:_HMRECPRM_GetRecBuffSize)
                  0008b61d    00000002                     : hmrec.obj (.text:_HMREC_AbortRec)
                  0008b61f    00000002                     : hmrec.obj (.text:_HMREC_GetRecBuffSize)
                  0008b621    00000002                     : modbusreg.obj (.text:_MODBUSREG_u16GetTableRegisterFlagsElementOffset)
                  0008b623    00000002                     : modbusreg.obj (.text:_MODBUSREG_u16GetTableRegisterSizeElementOffset)
                  0008b625    00000002                     : modbusreg.obj (.text:_MODBUSREG_u16GetTableVirtAddressElementOffset)
                  0008b627    00000002                     : modbusreg.obj (.text:_MODBUSREG_u32GetTableRegisterFlags)
                  0008b629    00000002                     : modbusreg.obj (.text:_MODBUSREG_u32GetTableRegisterSize)
                  0008b62b    00000002                     : modbusreg.obj (.text:_MODBUSREG_u32GetTableVirtAddress)
                  0008b62d    00000002     rts2800_fpu32.lib : pre_init.c.obj (.text)

.econst.1 
*          0    00090000    000002a1     
                  00090000    00000100     CSMON_C28xx.lib : hmmodbus.obj (.econst:.string:_auchCRCHi)
                  00090100    00000100                     : hmmodbus.obj (.econst:.string:_auchCRCLo)
                  00090200    00000050                     : csmon.obj (.econst:_CSMON_asAccessLevelPasswords)
                  00090250    00000018                     : csmon.obj (.econst:_$P$T44$1)
                  00090268    00000014                     : csmon.obj (.econst:_CSMON_au8FileImplementedFunctionCodes)
                  0009027c    00000010     main.obj (.econst)
                  0009028c    0000000c     CSMON_C28xx.lib : hmprotocol.obj (.econst:.string)
                  00090298    00000006                     : csmon.obj (.econst:_$P$T45$2)
                  0009029e    00000003                     : csmon.obj (.econst:_CSMON_au8FileParameterListElementsCountInPartTable)

.econst.2 
*          0    000a0000    00015800     
                  000a0000    00015800     main.obj (.econst:_asParameterList)

.ebss.1    1    0000a800    00000800     UNINITIALIZED
                  0000a800    00000800     CSMON_C28xx.lib : uart_drv.obj (.ebss:_UARTRxBufferTimeDiff)

.ebss.2    1    0000c000    00001000     UNINITIALIZED
                  0000c000    00000800     CSMON_C28xx.lib : hmrec.obj (.ebss:_au8RecBuffer0)
                  0000c800    0000056a                     : modbusreg.obj (.ebss:_MODBUSREG_asFileTable)
                  0000cd6a    00000013     PERIPHERAL_C28xx.lib : ds3231mz.obj (.ebss:_au8ReadBuffer)
                  0000cd7d    00000003                          : ds3231mz.obj (.ebss)
                  0000cd80    00000200     CSMON_C28xx.lib : hmmodbus.obj (.ebss:_u32ModbusTimeoutBuffer)
                  0000cf80    00000080                     : fpga_sci.obj (.ebss)

.ebss.3    1    0000d000    00001000     UNINITIALIZED
                  0000d000    00000400     CSMON_C28xx.lib : csmon.obj (.ebss:_CSMON_asFileParameterDefinitionsFromAccessLevel)
                  0000d400    00000400                     : csmon.obj (.ebss:_CSMON_sFileParameterAccessList)
                  0000d800    00000400                     : modbusreg.obj (.ebss:_MODBUSREG_u32RegisterAccessTableInRam)
                  0000dc00    00000400                     : uart_drv.obj (.ebss:_UARTRxBuffer)

.ebss.4    1    0000e000    00000e61     UNINITIALIZED
                  0000e000    00000126     CSMON_C28xx.lib : hmrecparam.obj (.ebss:_sRecHandleParam)
                  0000e126    00000012                     : csmon.obj (.ebss:_CSMON_sFileAutorization)
                  0000e138    00000008                     : hmrecparam.obj (.ebss:_HMRECPRM_sDateTime)
                  0000e140    00000108                     : hmmodbus.obj (.ebss)
                  0000e248    00000030     PERIPHERAL_C28xx.lib : i2c_driver.obj (.ebss:_i2cMsgIn)
                  0000e278    00000008     CSMON_C28xx.lib : uart_drv.obj (.ebss:_UART_RXIntOverflowCounter)
                  0000e280    00000108                     : hmrec.obj (.ebss:_sRecHandle)
                  0000e388    00000030     PERIPHERAL_C28xx.lib : i2c_driver.obj (.ebss:_i2cMsgOut)
                  0000e3b8    00000008     CSMON_C28xx.lib : tmr_drv.obj (.ebss:_pfDelayedFunction)
                  0000e3c0    00000100                     : hmmodbus.obj (.ebss:_HMMODBUS_anTxCheckSum)
                  0000e4c0    00000100                     : hmmodbus.obj (.ebss:_HMMODBUS_pCommBufferRx)
                  0000e5c0    00000100                     : hmmodbus.obj (.ebss:_HMMODBUS_pCommBufferTx)
                  0000e6c0    000000c0                     : csmon.obj (.ebss:_sRecConfigParam)
                  0000e780    000000ba                     : hmscopeparam.obj (.ebss:_sScopeHandlePrm)
                  0000e83a    00000006                     : hmprotocol.obj (.ebss)
                  0000e840    00000092                     : csmon.obj (.ebss)
                  0000e8d2    0000002e                     : modbusreg.obj (.ebss)
                  0000e900    00000090     main.obj (.ebss)
                  0000e990    00000030     CSMON_C28xx.lib : hmrecparam.obj (.ebss:_sRecStatusParam)
                  0000e9c0    0000007e                     : csmon.obj (.ebss:_sScopeConfigParam)
                  0000ea3e    00000002                     : hmlib.obj (.ebss)
                  0000ea40    00000079                     : hmserial.obj (.ebss:_pcm_pCommBuffer)
                  0000eab9    00000001                     : hmrec.obj (.ebss)
                  0000eaba    00000006                     : csmon.obj (.ebss:_CSMON_au32FileAutorization_FunctionAfterWriteFileRecord)
                  0000eac0    00000054                     : hmrecparam.obj (.ebss:_sRecExternParam)
                  0000eb14    0000002a                     : csmon.obj (.ebss:_CSMON_au8FileScopeConfigurationElementsSizeTable)
                  0000eb3e    00000002                     : hmrecparam.obj (.ebss)
                  0000eb40    00000040                     : fpga_sci.obj (.ebss:_FPGA_SCI_au8TxBuffer)
                  0000eb80    0000003e                     : hmscope.obj (.ebss:_sScopeHandle)
                  0000ebbe    00000002                     : hmscopeparam.obj (.ebss)
                  0000ebc0    0000003c                     : csmon.obj (.ebss:_CSMON_au8FileRecorderDataElementsSizeTable)
                  0000ebfc    00000004                     : csmon.obj (.ebss:_CSMON_au8FileParameterListElementsSizeTablePart1)
                  0000ec00    0000002d                     : csmon.obj (.ebss:_CSMON_au8FileRecorderConfigElementsSizeTable)
                  0000ec2d    00000001                     : hmscope.obj (.ebss)
                  0000ec2e    00000010                     : csmon.obj (.ebss:_CSMON_sFileParameterCount)
                  0000ec3e    00000002                     : csmon.obj (.ebss:_CSMON_abFlagProcessPassed)
                  0000ec40    0000001e                     : hmrecparam.obj (.ebss:_sRecStatusParamInternal)
                  0000ec5e    0000001e     emif_driver.obj (.ebss)
                  0000ec7c    00000004     CSMON_C28xx.lib : csmon.obj (.ebss:_CSMON_au8FileRecorderStatusElementsSizeTable)
                  0000ec80    00000010                     : modbusreg.obj (.ebss:_MODBUSREG_au8DeviceIDMajorMinorRevision)
                  0000ec90    00000010                     : modbusreg.obj (.ebss:_MODBUSREG_au8DeviceIDModelName)
                  0000eca0    00000010                     : modbusreg.obj (.ebss:_MODBUSREG_au8DeviceIDProductCode)
                  0000ecb0    00000010                     : modbusreg.obj (.ebss:_MODBUSREG_au8DeviceIDProductName)
                  0000ecc0    00000010                     : modbusreg.obj (.ebss:_MODBUSREG_au8DeviceIDUserApplicationName)
                  0000ecd0    00000010                     : modbusreg.obj (.ebss:_MODBUSREG_au8DeviceIDUserReserve0)
                  0000ece0    00000010                     : modbusreg.obj (.ebss:_MODBUSREG_au8DeviceIDUserReserve1)
                  0000ecf0    00000010                     : modbusreg.obj (.ebss:_MODBUSREG_au8DeviceIDUserReserve2)
                  0000ed00    00000010                     : modbusreg.obj (.ebss:_MODBUSREG_au8DeviceIDVendorName)
                  0000ed10    00000010                     : modbusreg.obj (.ebss:_MODBUSREG_au8DeviceIDVendorUrl)
                  0000ed20    00000010                     : modbusreg.obj (.ebss:_MODBUSREG_au8ServerIDData)
                  0000ed30    0000000e                     : hmdrv.obj (.ebss)
                  0000ed3e    00000002                     : hmrecparam.obj (.ebss:_MAIN_sDate)
                  0000ed40    0000000e                     : tmr_drv.obj (.ebss)
                  0000ed4e    0000000c                     : hmserial.obj (.ebss)
                  0000ed5a    0000000c                     : csmon.obj (.ebss:_CSMON_sDateTime)
                  0000ed66    0000000c                     : csmon.obj (.ebss:_CSMON_sDateTimeApplication)
                  0000ed72    0000000c                     : csmon.obj (.ebss:_CSMON_sDateTimeDefault)
                  0000ed7e    00000002                     : hmrecparam.obj (.ebss:_MAIN_sTime)
                  0000ed80    0000000a                     : csmon.obj (.ebss:_CSMON_au8FileParameterCountElementsSizeTable)
                  0000ed8a    0000000a                     : csmon.obj (.ebss:_CSMON_au8FileRTCElementsSizeTable)
                  0000ed94    0000000a                     : hmmodbus.obj (.ebss:_HMMODBUS_nFilePrimaryAddrWriteLast)
                  0000ed9e    0000000a                     : hmmodbus.obj (.ebss:_HMMOSBUS_nFileWriteAddrReadLast)
                  0000eda8    0000000a                     : csmon.obj (.ebss:_sHashKey)
                  0000edb2    0000000a     fpga_driver.obj (.ebss)
                  0000edbc    00000004     CSMON_C28xx.lib : hmmodbus.obj (.ebss:_HMMODBUS_u32RegisterAddressInRamDummy)
                  0000edc0    00000009                     : csmon.obj (.ebss:_CSMON_au8FileParameterNumericElementsSizeTable)
                  0000edc9    00000001                     : uart_drv.obj (.ebss)
                  0000edca    00000008                     : tmr_drv.obj (.ebss:_pfDelayedFunction_u8)
                  0000edd2    00000008                     : uart_drv.obj (.ebss:_u32TimeDiffLast)
                  0000edda    00000008                     : uart_drv.obj (.ebss:_u32TimeDiffNow)
                  0000ede2    00000008                     : uart_drv.obj (.ebss:_u32TimeDiffRead)
                  0000edea    00000006                     : csmon.obj (.ebss:_CSMON_au32FileParameterDefinitionsFileRecordElementsRealAddressTable)
                  0000edf0    00000006                     : csmon.obj (.ebss:_CSMON_au32FileParameterDefinitionsFileRecordElementsSizeTable)
                  0000edf6    00000006                     : hmscopeparam.obj (.ebss:_pBufferScope)
                  0000edfc    00000004                     : uart_drv.obj (.ebss:_UARTRxBufferRDCount)
                  0000ee00    00000006                     : hmrecparam.obj (.ebss:_u32RecorderLastFreeCounter)
                  0000ee06    00000006                     : hmrecparam.obj (.ebss:_u32RecorderMicroSec)
                  0000ee0c    00000006     device.obj (.ebss)
                  0000ee12    00000006     rts2800_fpu32.lib : exit.c.obj (.ebss)
                  0000ee18    00000004     CSMON_C28xx.lib : uart_drv.obj (.ebss:_UARTRxBufferRDIndex)
                  0000ee1c    00000004                     : uart_drv.obj (.ebss:_UARTRxBufferWRCount)
                  0000ee20    00000004                     : uart_drv.obj (.ebss:_UARTRxBufferWRIndex)
                  0000ee24    00000004     PERIPHERAL_C28xx.lib : i2c_driver.obj (.ebss:_currentMsgPtr)
                  0000ee28    00000004     CSMON_C28xx.lib : tmr_drv.obj (.ebss:_u16TimerMainDelayedData)
                  0000ee2c    00000004                     : tmr_drv.obj (.ebss:_u16TimerMainFunctionDelay)
                  0000ee30    00000004                     : tmr_drv.obj (.ebss:_u16TimerMainFunctionDelayCompare)
                  0000ee34    00000004                     : tmr_drv.obj (.ebss:_u16TimerMainFunctionDelayCounter)
                  0000ee38    00000003                     : csmon.obj (.ebss:_CSMON_abFileAutorization_RecordReadOnly)
                  0000ee3b    00000003                     : csmon.obj (.ebss:_CSMON_abFileAutorization_RecordStringData)
                  0000ee3e    00000002     rts2800_fpu32.lib : _lock.c.obj (.ebss:__lock)
                  0000ee40    00000003     CSMON_C28xx.lib : csmon.obj (.ebss:_CSMON_au16FileAutorization_RecordOffsets)
                  0000ee43    00000003                     : csmon.obj (.ebss:_CSMON_au32FileParameterDefinitionsFileRecordElementsRecordToRecordOffsetSizeBytesTable)
                  0000ee46    00000003                     : csmon.obj (.ebss:_CSMON_au8FileRecorderDataElementsSizeTableUsedLength)
                  0000ee49    00000003                     : csmon.obj (.ebss:_CSMON_sFileProtocolVersion)
                  0000ee4c    00000003                     : hmmodbus.obj (.ebss:_HMMODBUS_u32RegisterAddressDummy)
                  0000ee4f    00000003                     : hmrecparam.obj (.ebss:_abRecorderJustStopped)
                  0000ee52    00000003                     : hmrecparam.obj (.ebss:_abRecorderRunning)
                  0000ee55    00000003                     : hmscopeparam.obj (.ebss:_sScopeStatusParam)
                  0000ee58    00000002     rts2800_fpu32.lib : _lock.c.obj (.ebss:__unlock)
                  0000ee5a    00000001     CSMON_C28xx.lib : csmon.obj (.ebss:_CSMON_au8FileParameterListElementsSizeTablePart2)
                  0000ee5b    00000001                     : csmon.obj (.ebss:_CSMON_au8FileParameterListElementsSizeTablePart3)
                  0000ee5c    00000001                     : csmon.obj (.ebss:_CSMON_au8FileScopeStatusElementsSizeTable)
                  0000ee5d    00000001                     : hmmodbus.obj (.ebss:_HMMODBUS_wFlags)
                  0000ee5e    00000001                     : hmmodbus.obj (.ebss:_HMMODBUS_wFlagsRxTx)
                  0000ee5f    00000001                     : hmserial.obj (.ebss:_pcm_wFlags)
                  0000ee60    00000001                     : hmserial.obj (.ebss:_pcm_wFlagsRxTx)

MODULE SUMMARY

       Module              code    initialized data   uninitialized data
       ------              ----    ----------------   ------------------
    .\01_Source_Test\
       main.obj            1213    88496              144               
    +--+-------------------+-------+------------------+--------------------+
       Total:              1213    88496              144               
                                                                        
    .\01_Source_Test\peripheral_driver\
       emif_driver.obj     695     42                 30                
       fpga_driver.obj     90      0                  20                
    +--+-------------------+-------+------------------+--------------------+
       Total:              785     42                 50                
                                                                        
    .\C2000Ware_Device\
       device.obj          379     15                 6                 
    +--+-------------------+-------+------------------+--------------------+
       Total:              379     15                 6                 
                                                                        
    .\C2000Ware_LIB\driverlib\
       sysctl.obj          1263    0                  0                 
       gpio.obj            397     0                  0                 
       interrupt.obj       346     0                  0                 
       sci.obj             253     0                  0                 
       flash.obj           218     0                  0                 
       i2c.obj             177     0                  0                 
       cputimer.obj        6       0                  0                 
    +--+-------------------+-------+------------------+--------------------+
       Total:              2660    0                  0                 
                                                                        
    C:/repo_github/fw_BasicAFE/02_Libraries/LIB_CSMON/04_Output_Files/Release/PERIPHERAL_C28xx.lib
       i2c_driver.obj      692     82                 100               
       ds3231mz.obj        50      16                 22                
       peripheral.obj      10      0                  0                 
    +--+-------------------+-------+------------------+--------------------+
       Total:              752     98                 122               
                                                                        
    C:/repo_github/fw_BasicAFE/02_Libraries/LIB_CSMON/04_Output_Files/ReleaseTestCS1107/CSMON_C28xx.lib
       hmmodbus.obj        10915   994                1573              
       csmon.obj           7448    741                2817              
       modbusreg.obj       3419    282                2632              
       uart_drv.obj        324     76                 3121              
       hmrec.obj           519     0                  2313              
       hmdrv.obj           2615    30                 14                
       hmrecparam.obj      1343    93                 488               
       hmserial.obj        549     9                  135               
       fpga_sci.obj        59      266                192               
       sci_drv.obj         511     0                  0                 
       hmprotocol.obj      441     32                 6                 
       tmr_drv.obj         379     51                 46                
       hmscopeparam.obj    159     13                 197               
       hmlib.obj           215     8                  2                 
       hmscope.obj         111     0                  63                
    +--+-------------------+-------+------------------+--------------------+
       Total:              29007   2595               13599             
                                                                        
    C:\ti\ccs1210\ccs\tools\compiler\ti-cgt-c2000_22.6.0.LTS\lib\rts2800_fpu32.lib
       ll_div28.asm.obj    263     0                  0                 
       fd_add28.asm.obj    156     0                  0                 
       fd_div28.asm.obj    139     0                  0                 
       fs_div28.asm.obj    136     0                  0                 
       fd_mpy28.asm.obj    131     0                  0                 
       s_sinf.c.obj        102     0                  0                 
       boot28.asm.obj      86      0                  0                 
       exit.c.obj          41      14                 6                 
       cpy_tbl.c.obj       36      0                  0                 
       memcpy.c.obj        29      0                  0                 
       fd_toul28.asm.obj   27      0                  0                 
       _lock.c.obj         9       10                 4                 
       u_tofd28.asm.obj    23      0                  0                 
       args_main.c.obj     18      0                  0                 
       fd_sub28.asm.obj    14      0                  0                 
       u_div28.asm.obj     11      0                  0                 
       pre_init.c.obj      2       0                  0                 
       startup.c.obj       1       0                  0                 
    +--+-------------------+-------+------------------+--------------------+
       Total:              1224    24                 10                
                                                                        
       Stack:              0       0                  896               
    +--+-------------------+-------+------------------+--------------------+
       Grand Total:        36020   91270              14827             


GLOBAL DATA SYMBOLS: SORTED BY DATA PAGE

address     data page           name
--------    ----------------    ----
00000400      10 (00000400)     __stack

0000a800     2a0 (0000a800)     _UARTRxBufferTimeDiff

0000c000     300 (0000c000)     _au8RecBuffer0

0000c800     320 (0000c800)     _MODBUSREG_asFileTable

0000cd6a     335 (0000cd40)     _au8ReadBuffer
0000cd7d     335 (0000cd40)     _u16ReadStatus
0000cd7e     335 (0000cd40)     _DS3231MZ_bReadRequest
0000cd7f     335 (0000cd40)     _bReadAnswerWait

0000cd80     336 (0000cd80)     _u32ModbusTimeoutBuffer

0000cf80     33e (0000cf80)     _FPGA_SCI_u16TimeLast
0000cf81     33e (0000cf80)     _FPGA_SCI_u16TimePass
0000cf82     33e (0000cf80)     _FPGA_SCI_u16TimeCurr
0000cf83     33e (0000cf80)     _FPGA_SCI_bDataRecv
0000cf84     33e (0000cf80)     _FPGA_SCI_bDataRecvUse
0000cf85     33e (0000cf80)     _FPGA_SCI_bResetUart
0000cf86     33e (0000cf80)     _FPGA_SCI_u8UartIndex
0000cf87     33e (0000cf80)     _FPGA_SCI_nAddressDSP
0000cf88     33e (0000cf80)     _FPGA_SCI_nAddressFPGA
0000cf89     33e (0000cf80)     _FPGA_SCI_bPeriodicSend
0000cf8a     33e (0000cf80)     _FPGA_SCI_Clock_Get_Seconds
0000cf8b     33e (0000cf80)     _FPGA_SCI_Clock_Get_Minutes
0000cf8c     33e (0000cf80)     _FPGA_SCI_Clock_Get_Hours
0000cf8d     33e (0000cf80)     _FPGA_SCI_Clock_Get_Weekdays
0000cf8e     33e (0000cf80)     _FPGA_SCI_Clock_Get_Days
0000cf8f     33e (0000cf80)     _FPGA_SCI_Clock_Get_Month
0000cf90     33e (0000cf80)     _FPGA_SCI_Clock_Get_Year
0000cf91     33e (0000cf80)     _FPGA_SCI_Clock_Get_Last_Seconds
0000cf92     33e (0000cf80)     _FPGA_SCI_Clock_Get_Last_Minutes
0000cf93     33e (0000cf80)     _FPGA_SCI_Clock_Get_Last_Hours
0000cf94     33e (0000cf80)     _FPGA_SCI_Clock_Get_Last_Weekdays
0000cf95     33e (0000cf80)     _FPGA_SCI_Clock_Get_Last_Days
0000cf96     33e (0000cf80)     _FPGA_SCI_Clock_Get_Last_Month
0000cf97     33e (0000cf80)     _FPGA_SCI_Clock_Get_Last_Year
0000cf98     33e (0000cf80)     _FPGA_SCI_Clock_Set_Seconds
0000cf99     33e (0000cf80)     _FPGA_SCI_Clock_Set_Minutes
0000cf9a     33e (0000cf80)     _FPGA_SCI_Clock_Set_Hours
0000cf9b     33e (0000cf80)     _FPGA_SCI_Clock_Set_Weekdays
0000cf9c     33e (0000cf80)     _FPGA_SCI_Clock_Set_Days
0000cf9d     33e (0000cf80)     _FPGA_SCI_Clock_Set_Month
0000cf9e     33e (0000cf80)     _FPGA_SCI_Clock_Set_Year
0000cf9f     33e (0000cf80)     _FPGA_SCI_gdi_det
0000cfa0     33e (0000cf80)     _FPGA_SCI_gdi_err
0000cfa1     33e (0000cf80)     _FPGA_SCI_gdi_ovt
0000cfa2     33e (0000cf80)     _FPGA_SCI_trp_ocn
0000cfa3     33e (0000cf80)     _FPGA_SCI_trp_ocp
0000cfa4     33e (0000cf80)     _FPGA_SCI_err_glb
0000cfa5     33e (0000cf80)     _FPGA_SCI_gdi_det_err
0000cfa6     33e (0000cf80)     _FPGA_SCI_gdi_err_err
0000cfa7     33e (0000cf80)     _FPGA_SCI_gdi_ovt_err
0000cfa8     33e (0000cf80)     _FPGA_SCI_trp_ocn_err
0000cfa9     33e (0000cf80)     _FPGA_SCI_trp_ocp_err
0000cfaa     33e (0000cf80)     _FPGA_SCI_err_glb_err
0000cfab     33e (0000cf80)     _FPGA_SCI_meas_temp_err
0000cfac     33e (0000cf80)     _FPGA_SCI_gdi_det_err_Trip
0000cfad     33e (0000cf80)     _FPGA_SCI_gdi_err_err_Trip
0000cfae     33e (0000cf80)     _FPGA_SCI_gdi_ovt_err_Trip
0000cfaf     33e (0000cf80)     _FPGA_SCI_trp_ocn_err_Trip
0000cfb0     33e (0000cf80)     _FPGA_SCI_trp_ocp_err_Trip
0000cfb1     33e (0000cf80)     _FPGA_SCI_err_glb_err_Trip
0000cfb2     33e (0000cf80)     _FPGA_SCI_meas_temp_err_Trip
0000cfb3     33e (0000cf80)     _FPGA_SCI_ms_meas_temp_err
0000cfb4     33e (0000cf80)     _FPGA_SCI_ms_det
0000cfb5     33e (0000cf80)     _FPGA_SCI_ms_err
0000cfb6     33e (0000cf80)     _FPGA_SCI_ms_ovt
0000cfb7     33e (0000cf80)     _FPGA_SCI_ms_ocn
0000cfb8     33e (0000cf80)     _FPGA_SCI_ms_ocp
0000cfb9     33e (0000cf80)     _FPGA_SCI_ms_glb
0000cfba     33e (0000cf80)     _FPGA_SCI_ms_det_fbk
0000cfbb     33e (0000cf80)     _FPGA_SCI_ms_err_fbk
0000cfbc     33e (0000cf80)     _FPGA_SCI_ms_ovt_fbk
0000cfbd     33e (0000cf80)     _FPGA_SCI_ms_ocn_fbk
0000cfbe     33e (0000cf80)     _FPGA_SCI_ms_ocp_fbk
0000cfbf     33e (0000cf80)     _FPGA_SCI_ms_glb_fbk

0000cfc0     33f (0000cfc0)     _FPGA_SCI_Temp1
0000cfc1     33f (0000cfc0)     _FPGA_SCI_Temp2
0000cfc2     33f (0000cfc0)     _FPGA_SCI_Temp3
0000cfc3     33f (0000cfc0)     _FPGA_SCI_Temp4
0000cfc4     33f (0000cfc0)     _FPGA_SCI_Temp5
0000cfc5     33f (0000cfc0)     _FPGA_SCI_Temp6
0000cfc6     33f (0000cfc0)     _FPGA_SCI_Temp7
0000cfc7     33f (0000cfc0)     _FPGA_SCI_Temp8
0000cfc8     33f (0000cfc0)     _FPGA_SCI_Temp9
0000cfc9     33f (0000cfc0)     _FPGA_SCI_HuTmp
0000cfca     33f (0000cfc0)     _FPGA_SCI_Humid
0000cfcb     33f (0000cfc0)     _FPGA_SCI_Temp1_Trip
0000cfcc     33f (0000cfc0)     _FPGA_SCI_Temp2_Trip
0000cfcd     33f (0000cfc0)     _FPGA_SCI_Temp3_Trip
0000cfce     33f (0000cfc0)     _FPGA_SCI_Temp4_Trip
0000cfcf     33f (0000cfc0)     _FPGA_SCI_Temp5_Trip
0000cfd0     33f (0000cfc0)     _FPGA_SCI_Temp6_Trip
0000cfd1     33f (0000cfc0)     _FPGA_SCI_Temp7_Trip
0000cfd2     33f (0000cfc0)     _FPGA_SCI_Temp8_Trip
0000cfd3     33f (0000cfc0)     _FPGA_SCI_Temp9_Trip
0000cfd4     33f (0000cfc0)     _FPGA_SCI_HuTmp_Trip
0000cfd5     33f (0000cfc0)     _FPGA_SCI_Humid_Trip
0000cfd6     33f (0000cfc0)     _FPGA_SCI_eRxState
0000cfd7     33f (0000cfc0)     _FPGA_SCI_nRxTodoEcho
0000cfd8     33f (0000cfc0)     _FPGA_SCI_nRecvTimeout
0000cfd9     33f (0000cfc0)     _FPGA_SCI_nTxIndex
0000cfda     33f (0000cfc0)     _FPGA_SCI_nRxIndex
0000cfdb     33f (0000cfc0)     _FPGA_SCI_nTxChSum
0000cfdc     33f (0000cfc0)     _FPGA_SCI_nRxChSum
0000cfdd     33f (0000cfc0)     _FPGA_SCI_nRxData
0000cfde     33f (0000cfc0)     _FPGA_SCI_nRxByteCounter
[...]
00000000  global    _FPGA_SCI_vGetDateTime (.text:_FPGA_SCI_vGetDateTime)
00000000  global    _FPGA_SCI_vProcess (.text:_FPGA_SCI_vProcess)
0008b074  global    _FPGA_SCI_vProcessFastTD (.text:_FPGA_SCI_vProcessFastTD)
00000000  global    _FPGA_SCI_vProcessTest (.text:_FPGA_SCI_vProcessTest)
00000000  global    _FPGA_SCI_vProcessUartRx (.text:_FPGA_SCI_vProcessUartRx)
00000000  global    _FPGA_SCI_vProcessUartRxTimeout (.text:_FPGA_SCI_vProcessUartRxTimeout)
0008aa35  global    _FPGA_SCI_vProcessUartTx (.text:_FPGA_SCI_vProcessUartTx)
00000000  global    _FPGA_SCI_vSetDateTime (.text:_FPGA_SCI_vSetDateTime)
00000000  global    _FPGA_SCI_vSetStackDeny (.text:_FPGA_SCI_vSetStackDeny)
00000000  global    _FPGA_SCI_vSetStackUsed (.text:_FPGA_SCI_vSetStackUsed)
00000000  global    _FPGA_SCI_vStartUartTx (.text:_FPGA_SCI_vStartUartTx)
00000000  global    _FPGA_SCI_vUartOverflowDetection (.text:_FPGA_SCI_vUartOverflowDetection)
0000cfe7  global    _bDataUpdate (.ebss)
0000cfe8  global    _bRTCGet (.ebss)
0000cfec  global    _bResponseRxCommand (.ebss)
0000cfed  global    _bResponseRxCommandLast (.ebss)
0000cff0  global    _bRxResponseIncrementData (.ebss)
0000cfee  global    _bSendRxResponse (.ebss)
0000cfeb  global    _bSendTxCommand (.ebss)
0000cfea  global    _bUpdateLastExecuting (.ebss)
0000cfe9  global    _bUpdateNonLastExecuting (.ebss)


================================================================================

CSMON_C28xx.lib : sci_drv.obj

Run/Load            
Value     Binding   Name (Section)
--------  --------  ---------------
00000013  local     $C$L1 (.text:_SCI_vErrorResetProcess)
0000002b  local     $C$L2 (.text:_SCI_vErrorResetProcess)
00000000  local     .bss (.bss)
00000000  local     .data (.data)
00000000  local     .ebss:_SCI_ErrorRx (.ebss:_SCI_ErrorRx)
00000000  local     .text (.text)
0008a506  local     .text:_SCIA_RXFIFOISR (.text:_SCIA_RXFIFOISR)
0008a545  local     .text:_SCIA_TXFIFOISR (.text:_SCIA_TXFIFOISR)
0008a584  local     .text:_SCIB_RXFIFOISR (.text:_SCIB_RXFIFOISR)
0008a5c3  local     .text:_SCIB_TXFIFOISR (.text:_SCIB_TXFIFOISR)
0008a641  local     .text:_SCIC_RXFIFOISR (.text:_SCIC_RXFIFOISR)
0008a67f  local     .text:_SCIC_TXFIFOISR (.text:_SCIC_TXFIFOISR)
0008a6bd  local     .text:_SCID_RXFIFOISR (.text:_SCID_RXFIFOISR)
0008a6fb  local     .text:_SCID_TXFIFOISR (.text:_SCID_TXFIFOISR)
0008b4bb  local     .text:_SCI_eGetModuleIndexFromBase (.text:_SCI_eGetModuleIndexFromBase)
0008b458  local     .text:_SCI_u32GetBaseFromModuleIndex (.text:_SCI_u32GetBaseFromModuleIndex)
00000000  local     .text:_SCI_vErrorResetProcess (.text:_SCI_vErrorResetProcess)
00000000  local     .text:_SCI_vInitFIFO (.text:_SCI_vInitFIFO)
00000000  local     .text:_SCI_vInitFIFORegisters (.text:_SCI_vInitFIFORegisters)
0008a506  global    _SCIA_RXFIFOISR (.text:_SCIA_RXFIFOISR)
0008a545  global    _SCIA_TXFIFOISR (.text:_SCIA_TXFIFOISR)
0008a584  global    _SCIB_RXFIFOISR (.text:_SCIB_RXFIFOISR)
0008a5c3  global    _SCIB_TXFIFOISR (.text:_SCIB_TXFIFOISR)
0008a641  global    _SCIC_RXFIFOISR (.text:_SCIC_RXFIFOISR)
0008a67f  global    _SCIC_TXFIFOISR (.text:_SCIC_TXFIFOISR)
0008a6bd  global    _SCID_RXFIFOISR (.text:_SCID_RXFIFOISR)
0008a6fb  global    _SCID_TXFIFOISR (.text:_SCID_TXFIFOISR)
00000000  global    _SCI_ErrorRx (.ebss:_SCI_ErrorRx)
0008b4bb  global    _SCI_eGetModuleIndexFromBase (.text:_SCI_eGetModuleIndexFromBase)
0008b458  global    _SCI_u32GetBaseFromModuleIndex (.text:_SCI_u32GetBaseFromModuleIndex)
00000000  global    _SCI_vErrorResetProcess (.text:_SCI_vErrorResetProcess)
00000000  global    _SCI_vInitFIFO (.text:_SCI_vInitFIFO)
00000000  global    _SCI_vInitFIFORegisters (.text:_SCI_vInitFIFORegisters)


================================================================================

PERIPHERAL_C28xx.lib : peripheral.obj

Run/Load            
Value     Binding   Name (Section)
--------  --------  ---------------
00000000  local     .bss (.bss)
00000000  local     .data (.data)
0008b315  local     .text (.text)
0008b31a  global    _PERIPHERAL_vInit (.text)
0008b315  global    _PERIPHERAL_vProcess (.text)


================================================================================

PERIPHERAL_C28xx.lib : ds3231mz.obj

Run/Load            
Value     Binding   Name (Section)
--------  --------  ---------------
0008a8a1  local     $C$L1 (.text)
0008a8a6  local     $C$L2 (.text)
0008a8ab  local     $C$L3 (.text)
0008a8af  local     $C$L4 (.text)
0008a8b0  local     $C$L5 (.text)
00000000  local     .bss (.bss)
00082861  local     .cinit (.cinit)
000829b1  local     .cinit:_au8ReadBuffer (.cinit:_au8ReadBuffer)
00000000  local     .data (.data)
0000cd7d  local     .ebss (.ebss)
0000cd6a  local     .ebss:_au8ReadBuffer (.ebss:_au8ReadBuffer)
0008a88d  local     .text (.text)
0000cd7e  global    _DS3231MZ_bReadRequest (.ebss)
0008a8b2  global    _DS3231MZ_vInit (.text)
0008a88d  global    _DS3231MZ_vProcess (.text)
0000cd6a  global    _au8ReadBuffer (.ebss:_au8ReadBuffer)
0000cd7f  global    _bReadAnswerWait (.ebss)
0000cd7d  global    _u16ReadStatus (.ebss)


================================================================================

PERIPHERAL_C28xx.lib : i2c_driver.obj

Run/Load            
Value     Binding   Name (Section)
--------  --------  ---------------
00086c97  local     $C$L1 (.text)
00086cfa  local     $C$L10 (.text)
00086d02  local     $C$L11 (.text)
00086d0c  local     $C$L12 (.text)
00086d17  local     $C$L13 (.text)
00086d1a  local     $C$L14 (.text)
00086d74  local     $C$L15 (.text)
00086d80  local     $C$L16 (.text)
00086d89  local     $C$L17 (.text)
00086d92  local     $C$L18 (.text)
00086d94  local     $C$L19 (.text)
00086c9e  local     $C$L2 (.text)
00086d9c  local     $C$L20 (.text)
00088136  local     $C$L21 (.text:retain)
00088140  local     $C$L22 (.text:retain)
00088142  local     $C$L23 (.text:retain)
00088151  local     $C$L24 (.text:retain)
00088157  local     $C$L25 (.text:retain)
00088168  local     $C$L26 (.text:retain)
0008816e  local     $C$L27 (.text:retain)
00088174  local     $C$L28 (.text:retain)
0008817a  local     $C$L29 (.text:retain)
00086ca9  local     $C$L3 (.text)
000881ba  local     $C$L30 (.text:retain)
000881c4  local     $C$L31 (.text:retain)
000881c6  local     $C$L32 (.text:retain)
000881d5  local     $C$L33 (.text:retain)
000881db  local     $C$L34 (.text:retain)
000881ec  local     $C$L35 (.text:retain)
000881f2  local     $C$L36 (.text:retain)
000881f8  local     $C$L37 (.text:retain)
000881fe  local     $C$L38 (.text:retain)
00086da0  local     $C$L39 (.text)
00086cb3  local     $C$L4 (.text)
00086dca  local     $C$L40 (.text)
00086dce  local     $C$L41 (.text)
00086dd8  local     $C$L42 (.text)
00086dda  local     $C$L43 (.text)
00086def  local     $C$L44 (.text)
00086cba  local     $C$L5 (.text)
00086cc3  local     $C$L6 (.text)
00086cd3  local     $C$L7 (.text)
00086cdc  local     $C$L8 (.text)
00086cf5  local     $C$L9 (.text)
00000000  local     .bss (.bss)
00000000  local     .cinit:_failCount (.cinit:_failCount)
00082710  local     .cinit:_i2cMsgIn (.cinit:_i2cMsgIn)
0008268e  local     .cinit:_i2cMsgOut (.cinit:_i2cMsgOut)
00000000  local     .cinit:_passCount (.cinit:_passCount)
00000000  local     .data (.data)
0000ee24  local     .ebss:_currentMsgPtr (.ebss:_currentMsgPtr)
00000000  local     .ebss:_failCount (.ebss:_failCount)
0000e248  local     .ebss:_i2cMsgIn (.ebss:_i2cMsgIn)
0000e388  local     .ebss:_i2cMsgOut (.ebss:_i2cMsgOut)
00000000  local     .ebss:_passCount (.ebss:_passCount)
00086c8e  local     .text (.text)
0008810d  local     .text:retain (.text:retain)
00086e05  global    _I2C_DRIVER_vInit (.text)
00086e01  global    _I2C_DRIVER_vProcess (.text)
00086de1  global    _I2C_DRIVER_vReadData (.text)
00086dd1  global    _I2C_DRIVER_vSetupMessageSlave (.text)
00086da1  global    _I2C_DRIVER_vWriteData (.text)
00086d56  global    _I2C_u32BaseFromIndex (.text)
0000ee24  global    _currentMsgPtr (.ebss:_currentMsgPtr)
00086d9f  global    _fail (.text)
00000000  global    _failCount (.ebss:_failCount)
00088191  global    _i2cAISR (.text:retain)
0008810d  global    _i2cBISR (.text:retain)
0000e248  global    _i2cMsgIn (.ebss:_i2cMsgIn)
0000e388  global    _i2cMsgOut (.ebss:_i2cMsgOut)
00086d5e  global    _i2cRWProcess (.text)
00086d1b  global    _initI2C (.text)
00086d19  global    _pass (.text)
00000000  global    _passCount (.ebss:_passCount)
00086cd5  global    _readData (.text)
00086c8e  global    _writeData (.text)


================================================================================

rts2800_fpu32.lib : s_sinf.c.obj

Run/Load            
Value     Binding   Name (Section)
--------  --------  ---------------
00089d22  local     $C$L1 (.text)
00000000  local     .bss (.bss)
00000000  local     .data (.data)
00089cc4  local     .text (.text)
00089cc4  global    _sin (.text)
00089cc4  global    _sinf (.text)


================================================================================

rts2800_fpu32.lib : boot28.asm.obj

Run/Load            
Value     Binding   Name (Section)
--------  --------  ---------------
00000000  local     .bss (.bss)
00000000  local     .data (.data)
003fffc0  local     .reset (.reset)
00000400  local     .stack (.stack)
0008a068  local     .text (.text)
0008a0ba  local     BYPASS_AUTO_INIT (.text)
0008a0ba  local     DONE_INIT (.text)
0008a09a  local     DO_BINIT (.text)
0008a0a4  local     DO_PINIT (.text)
0008a096  local     GET_ADDR (.text)
0008a08b  local     GET_DATA (.text)
0008a084  local     LOOP (.text)
0008a0b0  local     LOOP_PINIT (.text)
0008a092  local     START (.text)
0008a0b5  local     START_PINIT (.text)
00000400  global    __stack (.stack)
0008a068  global    _c_int00 (.text)


================================================================================

rts2800_fpu32.lib : fd_mpy28.asm.obj

Run/Load            
Value     Binding   Name (Section)
--------  --------  ---------------
00000000  local     .bss (.bss)
00000000  local     .data (.data)
000897f6  local     .text (.text)
000897f6  global    FD$$MPY (.text)
00089871  local     OVERFLOW (.text)
0008986c  local     RETURN (.text)
0008986a  local     RETURN_VALUE (.text)
0008985c  local     RND64_SET_MANT$3$ (.text)
00089851  local     ROUND (.text)
00089877  local     UNDERFLOW (.text)


================================================================================

rts2800_fpu32.lib : fd_sub28.asm.obj

Run/Load            
Value     Binding   Name (Section)
--------  --------  ---------------
00000000  local     .bss (.bss)
00000000  local     .data (.data)
0008b255  local     .text (.text)
0008b255  global    FD$$SUB (.text)


================================================================================

rts2800_fpu32.lib : fd_toul28.asm.obj

Run/Load            
Value     Binding   Name (Section)
--------  --------  ---------------
00000000  local     .bss (.bss)
00000000  local     .data (.data)
0008ae10  local     .text (.text)
0008ae10  global    FD$$TOUL (.text)
0008ae26  local     OVERFLOW (.text)
0008ae25  local     RETURN_VALUE (.text)
0008ae29  local     UNDERFLOW (.text)


================================================================================

rts2800_fpu32.lib : fs_div28.asm.obj

Run/Load            
Value     Binding   Name (Section)
--------  --------  ---------------
00000000  local     .bss (.bss)
00000000  local     .data (.data)
000896eb  local     .text (.text)
000896eb  global    FS$$DIV (.text)
0008974f  local     OP1_ZERO (.text)
00089766  local     OP2_ZERO (.text)
00089757  local     OVERFLOW (.text)
0008974f  local     RETURN_VALUE (.text)
00089763  local     UNDERFLOW (.text)


================================================================================

rts2800_fpu32.lib : ll_div28.asm.obj

Run/Load            
Value     Binding   Name (Section)
--------  --------  ---------------
00088223  local     $10 (.text)
0008822f  local     $15 (.text)
00088264  local     $20 (.text)
0008825e  local     $25 (.text)
0008826a  local     $30 (.text)
00088298  local     $35 (.text)
000882c7  local     $40 (.text)
00088229  local     $5_$2 (.text)
00000000  local     .bss (.bss)
00000000  local     .data (.data)
00088215  local     .text (.text)
00088239  local     CHECK_SIGN1 (.text)
00088274  local     CHECK_SIGN2 (.text)
000882ac  local     DGT3 (.text)
000882ae  local     DIVUDenHighZero (.text)
00088243  local     EQ0 (.text)
0008823e  local     EQ1 (.text)
0008827c  local     EQ2 (.text)
000882a7  local     EQ3 (.text)
000882d8  local     EQ4 (.text)
00088215  global    LL$$DIV (.text)
00088251  global    LL$$MOD (.text)
000882f7  local     LOOP (.text)
000882e6  local     MAINDIV (.text)
00088305  local     MD_NEQ (.text)
000882da  local     MODUDenHighZero (.text)
0008823c  local     RET1 (.text)
00088277  local     RET2 (.text)
000882a5  local     RET3 (.text)
000882d4  local     RET4 (.text)
00088279  local     RET_NUM1 (.text)
000882d6  local     RET_NUM2 (.text)
00088245  local     SDIVUDenHighZero (.text)
0008830f  local     SKIP (.text)
00088311  local     SKIP1 (.text)
0008827f  local     SMODUDenHighZero (.text)
0008828b  global    ULL$$DIV (.text)
000882ba  global    ULL$$MOD (.text)


================================================================================

rts2800_fpu32.lib : u_div28.asm.obj

Run/Load            
Value     Binding   Name (Section)
--------  --------  ---------------
00000000  local     .bss (.bss)
00000000  local     .data (.data)
0008b30a  local     .text (.text)
0008b30a  global    U$$DIV (.text)
0008b30f  global    U$$MOD (.text)


================================================================================

rts2800_fpu32.lib : u_tofd28.asm.obj

Run/Load            
Value     Binding   Name (Section)
--------  --------  ---------------
00000000  local     .bss (.bss)
00000000  local     .data (.data)
0008af69  local     .text (.text)
0008af76  local     NORMALIZE (.text)
0008af7e  local     OP_ZERO (.text)
0008af78  local     PACK (.text)
0008af7d  local     RETURN (.text)
0008af7b  local     RETURN_VALUE (.text)
0008af69  global    U$$TOFD (.text)


================================================================================

rts2800_fpu32.lib : fd_div28.asm.obj

Run/Load            
Value     Binding   Name (Section)
--------  --------  ---------------
0008958b  local     $1_$3 (.text)
00089596  local     $2_$3 (.text)
00000000  local     .bss (.bss)
00000000  local     .data (.data)
0008954f  local     .text (.text)
000895a5  local     DIV_END (.text)
00089586  local     DIV_START (.text)
0008954f  global    FD$$DIV (.text)
000895a8  local     NORMALIZE (.text)
000895d2  local     OVERFLOW (.text)
000895cd  local     RETURN (.text)
000895cb  local     RETURN_VALUE (.text)
000895bd  local     RND64_SET_MANT$3$ (.text)
000895b1  local     ROUND (.text)
000895d8  local     UNDERFLOW (.text)


================================================================================

rts2800_fpu32.lib : cpy_tbl.c.obj

Run/Load            
Value     Binding   Name (Section)
--------  --------  ---------------
0008ac06  local     $C$L1 (.text)
0008ac19  local     $C$L2 (.text)
0008ac1a  local     $C$L3 (.text)
00000000  local     .bss (.bss)
00000000  local     .data (.data)
0008abfe  local     .text (.text)
0008abfe  global    _copy_in (.text)


================================================================================

rts2800_fpu32.lib : memcpy.c.obj

Run/Load            
Value     Binding   Name (Section)
--------  --------  ---------------
0008ad8c  local     $C$L1 (.text)
0008ad90  local     $C$L2 (.text)
0008ad97  local     $C$L3 (.text)
0008ad99  local     $C$L4 (.text)
0008ada1  local     $C$L5 (.text)
00000000  local     .bss (.bss)
00000000  local     .data (.data)
0008ad86  local     .text (.text)
0008ad86  global    _memcpy (.text)


================================================================================

rts2800_fpu32.lib : pre_init.c.obj

Run/Load            
Value     Binding   Name (Section)
--------  --------  ---------------
00000000  local     .bss (.bss)
00000000  local     .data (.data)
0008b62d  local     .text (.text)
0008b62d  global    __system_pre_init (.text)


================================================================================

rts2800_fpu32.lib : startup.c.obj

Run/Load            
Value     Binding   Name (Section)
--------  --------  ---------------
00000000  local     .bss (.bss)
00000000  local     .data (.data)
00087f31  local     .text (.text)
00087f31  global    __system_post_cinit (.text)


================================================================================

rts2800_fpu32.lib : exit.c.obj

Run/Load            
Value     Binding   Name (Section)
--------  --------  ---------------
0008aa88  local     $C$L1 (.text)
0008aa9b  local     $C$L2 (.text)
0008aaa6  local     $C$L3 (.text)
0008aaac  local     $C$L4 (.text)
00000000  local     .bss (.bss)
0008281f  local     .cinit (.cinit)
00000000  local     .data (.data)
0000ee12  local     .ebss (.ebss)
0008aa87  local     .text (.text)
0008aa87  global    C$$EXIT (.text)
0000ee14  global    ___TI_cleanup_ptr (.ebss)
0000ee16  global    ___TI_dtors_ptr (.ebss)
0000ee12  global    ___TI_enable_exit_profile_output (.ebss)
0008aa87  global    _abort (.text)
0008aa89  global    _exit (.text)


================================================================================

rts2800_fpu32.lib : _lock.c.obj

Run/Load            
Value     Binding   Name (Section)
--------  --------  ---------------
00000000  local     .bss (.bss)
0008298b  local     .cinit:__lock (.cinit:__lock)
00082990  local     .cinit:__unlock (.cinit:__unlock)
00000000  local     .data (.data)
0000ee3e  local     .ebss:__lock (.ebss:__lock)
0000ee58  local     .ebss:__unlock (.ebss:__unlock)
0008b3e5  local     .text (.text)
0000ee3e  global    __lock (.ebss:__lock)
0008b3ed  global    __nop (.text)
0008b3e9  global    __register_lock (.text)
0008b3e5  global    __register_unlock (.text)
0000ee58  global    __unlock (.ebss:__unlock)


================================================================================

rts2800_fpu32.lib : args_main.c.obj

Run/Load            
Value     Binding   Name (Section)
--------  --------  ---------------
0008b0c7  local     $C$L1 (.text)
0008b0cb  local     $C$L2 (.text)
00000000  local     .bss (.bss)
00000000  local     .data (.data)
0008b0bc  local     .text (.text)
0008b0bc  global    __args_main (.text)


================================================================================

rts2800_fpu32.lib : strncpy.c.obj

Run/Load            
Value     Binding   Name (Section)
--------  --------  ---------------
00000004  local     $C$L1 (.text)
0000000b  local     $C$L2 (.text)
00000010  local     $C$L3 (.text)
00000014  local     $C$L4 (.text)
00000000  local     .bss (.bss)
00000000  local     .data (.data)
00000000  local     .text (.text)
00000000  global    _strncpy (.text)


================================================================================

rts2800_fpu32.lib : fd_add28.asm.obj

Run/Load            
Value     Binding   Name (Section)
--------  --------  ---------------
00000000  local     .bss (.bss)
00000000  local     .data (.data)
0008926e  local     .text (.text)
000892c5  local     ADD_OP (.text)
0008928c  local     EXP1_NZ (.text)
000892a6  local     EXP2_NZ (.text)
0008926e  global    FD$$ADD (.text)
000892d1  local     NORMALIZE (.text)
000892c9  local     NO_ADD (.text)
000892fc  local     OP1_ZERO (.text)
000892ff  local     OP2_ZERO (.text)
00089302  local     OVERFLOW (.text)
000892b5  local     PREP_ADD (.text)
000892f7  local     RETURN (.text)
000892f5  local     RETURN_VALUE (.text)
000892e8  local     RND64_SET_MANT$4$ (.text)
00089284  local     SAVE_MN1 (.text)
0008929e  local     SAVE_MN2 (.text)
00089308  local     UNDERFLOW (.text)


================================================================================

