<?xml version="1.0" encoding="ISO-8859-1" ?>
<link_info>
   <banner>TMS320C2000 Linker PC v18.12.2.LTS</banner>
   <copyright>Copyright (c) 1996-2018 Texas Instruments Incorporated</copyright>
   <link_time>0x5e6c0135</link_time>
   <link_errors>0x0</link_errors>
   <output_file>../../../04_Output_Files/Release/TEST_CSMON_C28xx.out</output_file>
   <entry_point>
      <name>_c_int00</name>
      <address>0x83f95</address>
   </entry_point>
   <input_file_list>
      <input_file id="fl-2">
         <path>.\01_Source_Test\</path>
         <kind>object</kind>
         <file>main.obj</file>
         <name>main.obj</name>
      </input_file>
      <input_file id="fl-3">
         <path>.\device\</path>
         <kind>object</kind>
         <file>F2837xD_CodeStartBranch.obj</file>
         <name>F2837xD_CodeStartBranch.obj</name>
      </input_file>
      <input_file id="fl-4">
         <path>.\device\</path>
         <kind>object</kind>
         <file>device.obj</file>
         <name>device.obj</name>
      </input_file>
      <input_file id="fl-5">
         <path>.\device\driverlib\</path>
         <kind>object</kind>
         <file>adc.obj</file>
         <name>adc.obj</name>
      </input_file>
      <input_file id="fl-6">
         <path>.\device\driverlib\</path>
         <kind>object</kind>
         <file>asysctl.obj</file>
         <name>asysctl.obj</name>
      </input_file>
      <input_file id="fl-7">
         <path>.\device\driverlib\</path>
         <kind>object</kind>
         <file>can.obj</file>
         <name>can.obj</name>
      </input_file>
      <input_file id="fl-8">
         <path>.\device\driverlib\</path>
         <kind>object</kind>
         <file>cla.obj</file>
         <name>cla.obj</name>
      </input_file>
      <input_file id="fl-9">
         <path>.\device\driverlib\</path>
         <kind>object</kind>
         <file>cmpss.obj</file>
         <name>cmpss.obj</name>
      </input_file>
      <input_file id="fl-a">
         <path>.\device\driverlib\</path>
         <kind>object</kind>
         <file>cputimer.obj</file>
         <name>cputimer.obj</name>
      </input_file>
      <input_file id="fl-b">
         <path>.\device\driverlib\</path>
         <kind>object</kind>
         <file>dac.obj</file>
         <name>dac.obj</name>
      </input_file>
      <input_file id="fl-c">
         <path>.\device\driverlib\</path>
         <kind>object</kind>
         <file>dcsm.obj</file>
         <name>dcsm.obj</name>
      </input_file>
      <input_file id="fl-d">
         <path>.\device\driverlib\</path>
         <kind>object</kind>
         <file>dma.obj</file>
         <name>dma.obj</name>
      </input_file>
      <input_file id="fl-e">
         <path>.\device\driverlib\</path>
         <kind>object</kind>
         <file>ecap.obj</file>
         <name>ecap.obj</name>
      </input_file>
      <input_file id="fl-f">
         <path>.\device\driverlib\</path>
         <kind>object</kind>
         <file>emif.obj</file>
         <name>emif.obj</name>
      </input_file>
      <input_file id="fl-10">
         <path>.\device\driverlib\</path>
         <kind>object</kind>
         <file>epwm.obj</file>
         <name>epwm.obj</name>
      </input_file>
      <input_file id="fl-11">
         <path>.\device\driverlib\</path>
         <kind>object</kind>
         <file>eqep.obj</file>
         <name>eqep.obj</name>
      </input_file>
      <input_file id="fl-12">
         <path>.\device\driverlib\</path>
         <kind>object</kind>
         <file>flash.obj</file>
         <name>flash.obj</name>
      </input_file>
      <input_file id="fl-13">
         <path>.\device\driverlib\</path>
         <kind>object</kind>
         <file>gpio.obj</file>
         <name>gpio.obj</name>
      </input_file>
      <input_file id="fl-14">
         <path>.\device\driverlib\</path>
         <kind>object</kind>
         <file>hrpwm.obj</file>
         <name>hrpwm.obj</name>
      </input_file>
      <input_file id="fl-15">
         <path>.\device\driverlib\</path>
         <kind>object</kind>
         <file>i2c.obj</file>
         <name>i2c.obj</name>
      </input_file>
      <input_file id="fl-16">
         <path>.\device\driverlib\</path>
         <kind>object</kind>
         <file>interrupt.obj</file>
         <name>interrupt.obj</name>
      </input_file>
      <input_file id="fl-17">
         <path>.\device\driverlib\</path>
         <kind>object</kind>
         <file>mcbsp.obj</file>
         <name>mcbsp.obj</name>
      </input_file>
      <input_file id="fl-18">
         <path>.\device\driverlib\</path>
         <kind>object</kind>
         <file>memcfg.obj</file>
         <name>memcfg.obj</name>
      </input_file>
      <input_file id="fl-19">
         <path>.\device\driverlib\</path>
         <kind>object</kind>
         <file>sci.obj</file>
         <name>sci.obj</name>
      </input_file>
      <input_file id="fl-1a">
         <path>.\device\driverlib\</path>
         <kind>object</kind>
         <file>sdfm.obj</file>
         <name>sdfm.obj</name>
      </input_file>
      <input_file id="fl-1b">
         <path>.\device\driverlib\</path>
         <kind>object</kind>
         <file>spi.obj</file>
         <name>spi.obj</name>
      </input_file>
      <input_file id="fl-1c">
         <path>.\device\driverlib\</path>
         <kind>object</kind>
         <file>sysctl.obj</file>
         <name>sysctl.obj</name>
      </input_file>
      <input_file id="fl-1d">
         <path>.\device\driverlib\</path>
         <kind>object</kind>
         <file>upp.obj</file>
         <name>upp.obj</name>
      </input_file>
      <input_file id="fl-1e">
         <path>.\device\driverlib\</path>
         <kind>object</kind>
         <file>version.obj</file>
         <name>version.obj</name>
      </input_file>
      <input_file id="fl-1f">
         <path>.\device\driverlib\</path>
         <kind>object</kind>
         <file>xbar.obj</file>
         <name>xbar.obj</name>
      </input_file>
      <input_file id="fl-25">
         <kind>object</kind>
         <file>&lt;internal&gt;</file>
         <name>&lt;internal&gt;</name>
      </input_file>
      <input_file id="fl-29">
         <path>D:\repo_git\fw_LIB_CSMON\04_Output_Files\Release\</path>
         <kind>archive</kind>
         <file>CSMON_C28xx.lib</file>
         <name>csmon.obj</name>
      </input_file>
      <input_file id="fl-2a">
         <path>D:\repo_git\fw_LIB_CSMON\04_Output_Files\Release\</path>
         <kind>archive</kind>
         <file>CSMON_C28xx.lib</file>
         <name>modbusreg.obj</name>
      </input_file>
      <input_file id="fl-2b">
         <path>D:\repo_git\fw_LIB_CSMON\04_Output_Files\Release\</path>
         <kind>archive</kind>
         <file>CSMON_C28xx.lib</file>
         <name>sys_drv.obj</name>
      </input_file>
      <input_file id="fl-2c">
         <path>D:\repo_git\fw_LIB_CSMON\04_Output_Files\Release\</path>
         <kind>archive</kind>
         <file>CSMON_C28xx.lib</file>
         <name>hmdrv.obj</name>
      </input_file>
      <input_file id="fl-2d">
         <path>D:\repo_git\fw_LIB_CSMON\04_Output_Files\Release\</path>
         <kind>archive</kind>
         <file>CSMON_C28xx.lib</file>
         <name>hmlib.obj</name>
      </input_file>
      <input_file id="fl-2e">
         <path>D:\repo_git\fw_LIB_CSMON\04_Output_Files\Release\</path>
         <kind>archive</kind>
         <file>CSMON_C28xx.lib</file>
         <name>hmmodbus.obj</name>
      </input_file>
      <input_file id="fl-2f">
         <path>D:\repo_git\fw_LIB_CSMON\04_Output_Files\Release\</path>
         <kind>archive</kind>
         <file>CSMON_C28xx.lib</file>
         <name>hmprotocol.obj</name>
      </input_file>
      <input_file id="fl-30">
         <path>D:\repo_git\fw_LIB_CSMON\04_Output_Files\Release\</path>
         <kind>archive</kind>
         <file>CSMON_C28xx.lib</file>
         <name>hmrec.obj</name>
      </input_file>
      <input_file id="fl-31">
         <path>D:\repo_git\fw_LIB_CSMON\04_Output_Files\Release\</path>
         <kind>archive</kind>
         <file>CSMON_C28xx.lib</file>
         <name>hmrecparam.obj</name>
      </input_file>
      <input_file id="fl-32">
         <path>D:\repo_git\fw_LIB_CSMON\04_Output_Files\Release\</path>
         <kind>archive</kind>
         <file>CSMON_C28xx.lib</file>
         <name>hmscope.obj</name>
      </input_file>
      <input_file id="fl-33">
         <path>D:\repo_git\fw_LIB_CSMON\04_Output_Files\Release\</path>
         <kind>archive</kind>
         <file>CSMON_C28xx.lib</file>
         <name>hmscopeparam.obj</name>
      </input_file>
      <input_file id="fl-34">
         <path>D:\repo_git\fw_LIB_CSMON\04_Output_Files\Release\</path>
         <kind>archive</kind>
         <file>CSMON_C28xx.lib</file>
         <name>hmserial.obj</name>
      </input_file>
      <input_file id="fl-35">
         <path>D:\repo_git\fw_LIB_CSMON\04_Output_Files\Release\</path>
         <kind>archive</kind>
         <file>CSMON_C28xx.lib</file>
         <name>F2837xD_EPwm.obj</name>
      </input_file>
      <input_file id="fl-36">
         <path>D:\repo_git\fw_LIB_CSMON\04_Output_Files\Release\</path>
         <kind>archive</kind>
         <file>CSMON_C28xx.lib</file>
         <name>fpga_sci.obj</name>
      </input_file>
      <input_file id="fl-37">
         <path>D:\repo_git\fw_LIB_CSMON\04_Output_Files\Release\</path>
         <kind>archive</kind>
         <file>CSMON_C28xx.lib</file>
         <name>io_drv.obj</name>
      </input_file>
      <input_file id="fl-38">
         <path>D:\repo_git\fw_LIB_CSMON\04_Output_Files\Release\</path>
         <kind>archive</kind>
         <file>CSMON_C28xx.lib</file>
         <name>sci_drv.obj</name>
      </input_file>
      <input_file id="fl-39">
         <path>D:\repo_git\fw_LIB_CSMON\04_Output_Files\Release\</path>
         <kind>archive</kind>
         <file>CSMON_C28xx.lib</file>
         <name>tmr_drv.obj</name>
      </input_file>
      <input_file id="fl-3a">
         <path>D:\repo_git\fw_LIB_CSMON\04_Output_Files\Release\</path>
         <kind>archive</kind>
         <file>CSMON_C28xx.lib</file>
         <name>uart_drv.obj</name>
      </input_file>
      <input_file id="fl-46">
         <path>C:\ti\ccs910\ccs\tools\compiler\ti-cgt-c2000_18.12.2.LTS\lib\</path>
         <kind>archive</kind>
         <file>rts2800_fpu32.lib</file>
         <name>boot28.asm.obj</name>
      </input_file>
      <input_file id="fl-47">
         <path>C:\ti\ccs910\ccs\tools\compiler\ti-cgt-c2000_18.12.2.LTS\lib\</path>
         <kind>archive</kind>
         <file>rts2800_fpu32.lib</file>
         <name>fs_div28.asm.obj</name>
      </input_file>
      <input_file id="fl-48">
         <path>C:\ti\ccs910\ccs\tools\compiler\ti-cgt-c2000_18.12.2.LTS\lib\</path>
         <kind>archive</kind>
         <file>rts2800_fpu32.lib</file>
         <name>u_div28.asm.obj</name>
      </input_file>
      <input_file id="fl-49">
         <path>C:\ti\ccs910\ccs\tools\compiler\ti-cgt-c2000_18.12.2.LTS\lib\</path>
         <kind>archive</kind>
         <file>rts2800_fpu32.lib</file>
         <name>cpy_tbl.c.obj</name>
      </input_file>
      <input_file id="fl-4a">
         <path>C:\ti\ccs910\ccs\tools\compiler\ti-cgt-c2000_18.12.2.LTS\lib\</path>
         <kind>archive</kind>
         <file>rts2800_fpu32.lib</file>
         <name>memcpy.c.obj</name>
      </input_file>
      <input_file id="fl-4b">
         <path>C:\ti\ccs910\ccs\tools\compiler\ti-cgt-c2000_18.12.2.LTS\lib\</path>
         <kind>archive</kind>
         <file>rts2800_fpu32.lib</file>
         <name>pre_init.c.obj</name>
      </input_file>
      <input_file id="fl-4c">
         <path>C:\ti\ccs910\ccs\tools\compiler\ti-cgt-c2000_18.12.2.LTS\lib\</path>
         <kind>archive</kind>
         <file>rts2800_fpu32.lib</file>
         <name>startup.c.obj</name>
      </input_file>
      <input_file id="fl-4d">
         <path>C:\ti\ccs910\ccs\tools\compiler\ti-cgt-c2000_18.12.2.LTS\lib\</path>
         <kind>archive</kind>
         <file>rts2800_fpu32.lib</file>
         <name>exit.c.obj</name>
      </input_file>
      <input_file id="fl-4e">
         <path>C:\ti\ccs910\ccs\tools\compiler\ti-cgt-c2000_18.12.2.LTS\lib\</path>
         <kind>archive</kind>
         <file>rts2800_fpu32.lib</file>
         <name>_lock.c.obj</name>
      </input_file>
      <input_file id="fl-4f">
         <path>C:\ti\ccs910\ccs\tools\compiler\ti-cgt-c2000_18.12.2.LTS\lib\</path>
         <kind>archive</kind>
         <file>rts2800_fpu32.lib</file>
         <name>args_main.c.obj</name>
      </input_file>
   </input_file_list>
   <object_component_list>
      <object_component id="oc-d1">
         <name>.cinit</name>
         <load_address>0x82000</load_address>
         <run_address>0x82000</run_address>
         <size>0x197</size>
         <input_file_ref idref="fl-2e"/>
      </object_component>
      <object_component id="oc-105">
         <name>.cinit</name>
         <load_address>0x82197</load_address>
         <run_address>0x82197</run_address>
         <size>0x106</size>
         <input_file_ref idref="fl-36"/>
      </object_component>
      <object_component id="oc-1e7">
         <name>.cinit:_QueueTestTable</name>
         <load_address>0x8229d</load_address>
         <run_address>0x8229d</run_address>
         <size>0xc3</size>
         <input_file_ref idref="fl-2a"/>
      </object_component>
      <object_component id="oc-ae">
         <name>.cinit</name>
         <load_address>0x82360</load_address>
         <run_address>0x82360</run_address>
         <size>0x4b</size>
         <input_file_ref idref="fl-29"/>
      </object_component>
      <object_component id="oc-1de">
         <name>.cinit:_CSMON_au8FileRecorderConfigurationElementsSizeTable</name>
         <load_address>0x823ab</load_address>
         <run_address>0x823ab</run_address>
         <size>0x30</size>
         <input_file_ref idref="fl-29"/>
      </object_component>
      <object_component id="oc-1e2">
         <name>.cinit:_CSMON_au8FileScopeConfigurationElementsSizeTable</name>
         <load_address>0x823db</load_address>
         <run_address>0x823db</run_address>
         <size>0x2b</size>
         <input_file_ref idref="fl-29"/>
      </object_component>
      <object_component id="oc-10c">
         <name>.cinit</name>
         <load_address>0x82406</load_address>
         <run_address>0x82406</run_address>
         <size>0x28</size>
         <input_file_ref idref="fl-37"/>
      </object_component>
      <object_component id="oc-ca">
         <name>.cinit</name>
         <load_address>0x8242e</load_address>
         <run_address>0x8242e</run_address>
         <size>0x20</size>
         <input_file_ref idref="fl-2d"/>
      </object_component>
      <object_component id="oc-d8">
         <name>.cinit</name>
         <load_address>0x8244e</load_address>
         <run_address>0x8244e</run_address>
         <size>0x14</size>
         <input_file_ref idref="fl-2f"/>
      </object_component>
      <object_component id="oc-1ff">
         <name>.cinit:_MODBUSREG_au8DeviceIDUserApplicationName</name>
         <load_address>0x82462</load_address>
         <run_address>0x82462</run_address>
         <size>0x13</size>
         <input_file_ref idref="fl-2a"/>
      </object_component>
      <object_component id="oc-1f9">
         <name>.cinit:_MODBUSREG_au8DeviceIDVendorUrl</name>
         <load_address>0x82475</load_address>
         <run_address>0x82475</run_address>
         <size>0x13</size>
         <input_file_ref idref="fl-2a"/>
      </object_component>
      <object_component id="oc-1f1">
         <name>.cinit:_MODBUSREG_au8ServerIDData</name>
         <load_address>0x82488</load_address>
         <run_address>0x82488</run_address>
         <size>0x13</size>
         <input_file_ref idref="fl-2a"/>
      </object_component>
      <object_component id="oc-b5">
         <name>.cinit</name>
         <load_address>0x8249b</load_address>
         <run_address>0x8249b</run_address>
         <size>0x10</size>
         <input_file_ref idref="fl-2a"/>
      </object_component>
      <object_component id="oc-1b">
         <name>.cinit</name>
         <load_address>0x824ab</load_address>
         <run_address>0x824ab</run_address>
         <size>0x10</size>
         <input_file_ref idref="fl-2"/>
      </object_component>
      <object_component id="oc-1fd">
         <name>.cinit:_MODBUSREG_au8DeviceIDModelName</name>
         <load_address>0x824bb</load_address>
         <run_address>0x824bb</run_address>
         <size>0xf</size>
         <input_file_ref idref="fl-2a"/>
      </object_component>
      <object_component id="oc-28">
         <name>.cinit</name>
         <load_address>0x824ca</load_address>
         <run_address>0x824ca</run_address>
         <size>0xf</size>
         <input_file_ref idref="fl-4"/>
      </object_component>
      <object_component id="oc-14c">
         <name>.cinit</name>
         <load_address>0x824d9</load_address>
         <run_address>0x824d9</run_address>
         <size>0xe</size>
         <input_file_ref idref="fl-4d"/>
      </object_component>
      <object_component id="oc-1fb">
         <name>.cinit:_MODBUSREG_au8DeviceIDProductName</name>
         <load_address>0x824e7</load_address>
         <run_address>0x824e7</run_address>
         <size>0xc</size>
         <input_file_ref idref="fl-2a"/>
      </object_component>
      <object_component id="oc-201">
         <name>.cinit:_MODBUSREG_au8DeviceIDUserReserve0</name>
         <load_address>0x824f3</load_address>
         <run_address>0x824f3</run_address>
         <size>0xc</size>
         <input_file_ref idref="fl-2a"/>
      </object_component>
      <object_component id="oc-203">
         <name>.cinit:_MODBUSREG_au8DeviceIDUserReserve1</name>
         <load_address>0x824ff</load_address>
         <run_address>0x824ff</run_address>
         <size>0xc</size>
         <input_file_ref idref="fl-2a"/>
      </object_component>
      <object_component id="oc-205">
         <name>.cinit:_MODBUSREG_au8DeviceIDUserReserve2</name>
         <load_address>0x8250b</load_address>
         <run_address>0x8250b</run_address>
         <size>0xc</size>
         <input_file_ref idref="fl-2a"/>
      </object_component>
      <object_component id="oc-1f3">
         <name>.cinit:_MODBUSREG_au8DeviceIDVendorName</name>
         <load_address>0x82517</load_address>
         <run_address>0x82517</run_address>
         <size>0xc</size>
         <input_file_ref idref="fl-2a"/>
      </object_component>
      <object_component id="oc-199">
         <name>.cinit:_FPGA_SCI_nMessagesCounter</name>
         <load_address>0x82523</load_address>
         <run_address>0x82523</run_address>
         <size>0xb</size>
         <input_file_ref idref="fl-36"/>
      </object_component>
      <object_component id="oc-185">
         <name>.cinit:_UART_RXIntOverflowCounter</name>
         <load_address>0x8252e</load_address>
         <run_address>0x8252e</run_address>
         <size>0xb</size>
         <input_file_ref idref="fl-3a"/>
      </object_component>
      <object_component id="oc-16a">
         <name>.cinit:_pfDelayedFunction</name>
         <load_address>0x82539</load_address>
         <run_address>0x82539</run_address>
         <size>0xb</size>
         <input_file_ref idref="fl-39"/>
      </object_component>
      <object_component id="oc-167">
         <name>.cinit:_pfDelayedFunction_u8</name>
         <load_address>0x82544</load_address>
         <run_address>0x82544</run_address>
         <size>0xb</size>
         <input_file_ref idref="fl-39"/>
      </object_component>
      <object_component id="oc-173">
         <name>.cinit:_u32TimeDiffLast</name>
         <load_address>0x8254f</load_address>
         <run_address>0x8254f</run_address>
         <size>0xb</size>
         <input_file_ref idref="fl-3a"/>
      </object_component>
      <object_component id="oc-183">
         <name>.cinit:_u32TimeDiffNow</name>
         <load_address>0x8255a</load_address>
         <run_address>0x8255a</run_address>
         <size>0xb</size>
         <input_file_ref idref="fl-3a"/>
      </object_component>
      <object_component id="oc-17d">
         <name>.cinit:_u32TimeDiffRead</name>
         <load_address>0x82565</load_address>
         <run_address>0x82565</run_address>
         <size>0xb</size>
         <input_file_ref idref="fl-3a"/>
      </object_component>
      <object_component id="oc-c3">
         <name>.cinit</name>
         <load_address>0x82570</load_address>
         <run_address>0x82570</run_address>
         <size>0xa</size>
         <input_file_ref idref="fl-2c"/>
      </object_component>
      <object_component id="oc-f9">
         <name>.cinit</name>
         <load_address>0x8257a</load_address>
         <run_address>0x8257a</run_address>
         <size>0x9</size>
         <input_file_ref idref="fl-34"/>
      </object_component>
      <object_component id="oc-1a6">
         <name>.cinit:_CSMON_au32FileAutorization_FunctionAfterWriteFileRecord</name>
         <load_address>0x82583</load_address>
         <run_address>0x82583</run_address>
         <size>0x9</size>
         <input_file_ref idref="fl-29"/>
      </object_component>
      <object_component id="oc-1c6">
         <name>.cinit:_pBufferScope</name>
         <load_address>0x8258c</load_address>
         <run_address>0x8258c</run_address>
         <size>0x9</size>
         <input_file_ref idref="fl-33"/>
      </object_component>
      <object_component id="oc-1aa">
         <name>.cinit:_CSMON_au8FileParameterListElementsSizeTablePart1</name>
         <load_address>0x82595</load_address>
         <run_address>0x82595</run_address>
         <size>0x8</size>
         <input_file_ref idref="fl-29"/>
      </object_component>
      <object_component id="oc-bc">
         <name>.cinit</name>
         <load_address>0x8259d</load_address>
         <run_address>0x8259d</run_address>
         <size>0x7</size>
         <input_file_ref idref="fl-2b"/>
      </object_component>
      <object_component id="oc-1d9">
         <name>.cinit:_CSMON_au8FileParameterCountElementsSizeTable</name>
         <load_address>0x825a4</load_address>
         <run_address>0x825a4</run_address>
         <size>0x7</size>
         <input_file_ref idref="fl-29"/>
      </object_component>
      <object_component id="oc-1e0">
         <name>.cinit:_CSMON_au8FileRecorderStatusElementsSizeTable</name>
         <load_address>0x825ab</load_address>
         <run_address>0x825ab</run_address>
         <size>0x7</size>
         <input_file_ref idref="fl-29"/>
      </object_component>
      <object_component id="oc-1f7">
         <name>.cinit:_MODBUSREG_au8DeviceIDMajorMinorRevision</name>
         <load_address>0x825b2</load_address>
         <run_address>0x825b2</run_address>
         <size>0x7</size>
         <input_file_ref idref="fl-2a"/>
      </object_component>
      <object_component id="oc-1f5">
         <name>.cinit:_MODBUSREG_au8DeviceIDProductCode</name>
         <load_address>0x825b9</load_address>
         <run_address>0x825b9</run_address>
         <size>0x7</size>
         <input_file_ref idref="fl-2a"/>
      </object_component>
      <object_component id="oc-17b">
         <name>.cinit:_UARTRxBufferRDCount</name>
         <load_address>0x825c0</load_address>
         <run_address>0x825c0</run_address>
         <size>0x7</size>
         <input_file_ref idref="fl-3a"/>
      </object_component>
      <object_component id="oc-175">
         <name>.cinit:_UARTRxBufferRDIndex</name>
         <load_address>0x825c7</load_address>
         <run_address>0x825c7</run_address>
         <size>0x7</size>
         <input_file_ref idref="fl-3a"/>
      </object_component>
      <object_component id="oc-179">
         <name>.cinit:_UARTRxBufferWRCount</name>
         <load_address>0x825ce</load_address>
         <run_address>0x825ce</run_address>
         <size>0x7</size>
         <input_file_ref idref="fl-3a"/>
      </object_component>
      <object_component id="oc-177">
         <name>.cinit:_UARTRxBufferWRIndex</name>
         <load_address>0x825d5</load_address>
         <run_address>0x825d5</run_address>
         <size>0x7</size>
         <input_file_ref idref="fl-3a"/>
      </object_component>
      <object_component id="oc-1d6">
         <name>.cinit:_CSMON_abFileAutorization_RecordReadOnly</name>
         <load_address>0x825dc</load_address>
         <run_address>0x825dc</run_address>
         <size>0x6</size>
         <input_file_ref idref="fl-29"/>
      </object_component>
      <object_component id="oc-1d4">
         <name>.cinit:_CSMON_abFileAutorization_RecordStringData</name>
         <load_address>0x825e2</load_address>
         <run_address>0x825e2</run_address>
         <size>0x6</size>
         <input_file_ref idref="fl-29"/>
      </object_component>
      <object_component id="oc-1d2">
         <name>.cinit:_CSMON_au16FileAutorization_RecordOffsets</name>
         <load_address>0x825e8</load_address>
         <run_address>0x825e8</run_address>
         <size>0x6</size>
         <input_file_ref idref="fl-29"/>
      </object_component>
      <object_component id="oc-1c8">
         <name>.cinit:_nSizeBytesScopeBuffer</name>
         <load_address>0x825ee</load_address>
         <run_address>0x825ee</run_address>
         <size>0x6</size>
         <input_file_ref idref="fl-33"/>
      </object_component>
      <object_component id="oc-1ac">
         <name>.cinit:_CSMON_au8FileParameterListElementsSizeTablePart2</name>
         <load_address>0x825f4</load_address>
         <run_address>0x825f4</run_address>
         <size>0x5</size>
         <input_file_ref idref="fl-29"/>
      </object_component>
      <object_component id="oc-1ae">
         <name>.cinit:_CSMON_au8FileParameterListElementsSizeTablePart3</name>
         <load_address>0x825f9</load_address>
         <run_address>0x825f9</run_address>
         <size>0x5</size>
         <input_file_ref idref="fl-29"/>
      </object_component>
      <object_component id="oc-170">
         <name>.cinit:__lock</name>
         <load_address>0x825fe</load_address>
         <run_address>0x825fe</run_address>
         <size>0x5</size>
         <input_file_ref idref="fl-4e"/>
      </object_component>
      <object_component id="oc-18b">
         <name>.cinit:__unlock</name>
         <load_address>0x82603</load_address>
         <run_address>0x82603</run_address>
         <size>0x5</size>
         <input_file_ref idref="fl-4e"/>
      </object_component>
      <object_component id="oc-f2">
         <name>.cinit</name>
         <load_address>0x82608</load_address>
         <run_address>0x82608</run_address>
         <size>0x4</size>
         <input_file_ref idref="fl-33"/>
      </object_component>
      <object_component id="oc-119">
         <name>.cinit</name>
         <load_address>0x8260c</load_address>
         <run_address>0x8260c</run_address>
         <size>0x4</size>
         <input_file_ref idref="fl-39"/>
      </object_component>
      <object_component id="oc-121">
         <name>.cinit</name>
         <load_address>0x82610</load_address>
         <run_address>0x82610</run_address>
         <size>0x4</size>
         <input_file_ref idref="fl-3a"/>
      </object_component>
      <object_component id="oc-1e4">
         <name>.cinit:_CSMON_au8FileScopeStatusElementsSizeTable</name>
         <load_address>0x82614</load_address>
         <run_address>0x82614</run_address>
         <size>0x4</size>
         <input_file_ref idref="fl-29"/>
      </object_component>
      <object_component id="oc-1b2">
         <name>.cinit:_sRecTimeBase</name>
         <load_address>0x82618</load_address>
         <run_address>0x82618</run_address>
         <size>0x4</size>
         <input_file_ref idref="fl-31"/>
      </object_component>
      <object_component id="oc-1a4">
         <name>.text</name>
         <load_address>0x82650</load_address>
         <run_address>0x82650</run_address>
         <size>0xe1c</size>
         <input_file_ref idref="fl-2a"/>
      </object_component>
      <object_component id="oc-181">
         <name>.text</name>
         <load_address>0x8346c</load_address>
         <run_address>0x8346c</run_address>
         <size>0x8a2</size>
         <input_file_ref idref="fl-36"/>
      </object_component>
      <object_component id="oc-162">
         <name>.text</name>
         <load_address>0x83d0e</load_address>
         <run_address>0x83d0e</run_address>
         <size>0x287</size>
         <input_file_ref idref="fl-3a"/>
      </object_component>
      <object_component id="oc-19">
         <name>.text</name>
         <load_address>0x83f95</load_address>
         <run_address>0x83f95</run_address>
         <size>0x56</size>
         <input_file_ref idref="fl-46"/>
      </object_component>
      <object_component id="oc-132">
         <name>.text</name>
         <load_address>0x83feb</load_address>
         <run_address>0x83feb</run_address>
         <size>0xb</size>
         <input_file_ref idref="fl-48"/>
      </object_component>
      <object_component id="oc-18a">
         <name>.text</name>
         <load_address>0x83ff6</load_address>
         <run_address>0x83ff6</run_address>
         <size>0x9</size>
         <input_file_ref idref="fl-4e"/>
      </object_component>
      <object_component id="oc-15e">
         <name>.text</name>
         <load_address>0x83fff</load_address>
         <run_address>0x83fff</run_address>
         <size>0x1</size>
         <input_file_ref idref="fl-4c"/>
      </object_component>
      <object_component id="oc-192">
         <name>.text</name>
         <load_address>0x84000</load_address>
         <run_address>0x84000</run_address>
         <size>0x1f09</size>
         <input_file_ref idref="fl-2e"/>
      </object_component>
      <object_component id="oc-161">
         <name>.text</name>
         <load_address>0x85f09</load_address>
         <run_address>0x85f09</run_address>
         <size>0xd9</size>
         <input_file_ref idref="fl-38"/>
      </object_component>
      <object_component id="oc-16d">
         <name>.text</name>
         <load_address>0x85fe2</load_address>
         <run_address>0x85fe2</run_address>
         <size>0x1d</size>
         <input_file_ref idref="fl-4a"/>
      </object_component>
      <object_component id="oc-18d">
         <name>.text</name>
         <load_address>0x8605c</load_address>
         <run_address>0x8605c</run_address>
         <size>0x829</size>
         <input_file_ref idref="fl-31"/>
      </object_component>
      <object_component id="oc-191">
         <name>.text</name>
         <load_address>0x86885</load_address>
         <run_address>0x86885</run_address>
         <size>0x78c</size>
         <input_file_ref idref="fl-2c"/>
      </object_component>
      <object_component id="oc-189">
         <name>.text</name>
         <load_address>0x87011</load_address>
         <run_address>0x87011</run_address>
         <size>0x55b</size>
         <input_file_ref idref="fl-29"/>
      </object_component>
      <object_component id="oc-19d">
         <name>.text</name>
         <load_address>0x8756c</load_address>
         <run_address>0x8756c</run_address>
         <size>0x42b</size>
         <input_file_ref idref="fl-1c"/>
      </object_component>
      <object_component id="oc-18f">
         <name>.text</name>
         <load_address>0x87997</load_address>
         <run_address>0x87997</run_address>
         <size>0x33c</size>
         <input_file_ref idref="fl-30"/>
      </object_component>
      <object_component id="oc-196">
         <name>.text</name>
         <load_address>0x87cd3</load_address>
         <run_address>0x87cd3</run_address>
         <size>0x27e</size>
         <input_file_ref idref="fl-2f"/>
      </object_component>
      <object_component id="oc-12d">
         <name>.text</name>
         <load_address>0x87f51</load_address>
         <run_address>0x87f51</run_address>
         <size>0x88</size>
         <input_file_ref idref="fl-47"/>
      </object_component>
      <object_component id="oc-15d">
         <name>.text</name>
         <load_address>0x87fd9</load_address>
         <run_address>0x87fd9</run_address>
         <size>0x24</size>
         <input_file_ref idref="fl-49"/>
      </object_component>
      <object_component id="oc-15c">
         <name>.text</name>
         <load_address>0x87ffd</load_address>
         <run_address>0x87ffd</run_address>
         <size>0x2</size>
         <input_file_ref idref="fl-4b"/>
      </object_component>
      <object_component id="oc-193">
         <name>.text</name>
         <load_address>0x88000</load_address>
         <run_address>0x88000</run_address>
         <size>0x239</size>
         <input_file_ref idref="fl-34"/>
      </object_component>
      <object_component id="oc-113">
         <name>.text:retain</name>
         <load_address>0x88239</load_address>
         <run_address>0x88239</run_address>
         <size>0x1fc</size>
         <input_file_ref idref="fl-38"/>
      </object_component>
      <object_component id="oc-180">
         <name>.text</name>
         <load_address>0x88435</load_address>
         <run_address>0x88435</run_address>
         <size>0x1ef</size>
         <input_file_ref idref="fl-2d"/>
      </object_component>
      <object_component id="oc-195">
         <name>.text</name>
         <load_address>0x88624</load_address>
         <run_address>0x88624</run_address>
         <size>0x1c8</size>
         <input_file_ref idref="fl-33"/>
      </object_component>
      <object_component id="oc-1b9">
         <name>.text</name>
         <load_address>0x887ec</load_address>
         <run_address>0x887ec</run_address>
         <size>0x18c</size>
         <input_file_ref idref="fl-13"/>
      </object_component>
      <object_component id="oc-164">
         <name>.text</name>
         <load_address>0x88978</load_address>
         <run_address>0x88978</run_address>
         <size>0x174</size>
         <input_file_ref idref="fl-39"/>
      </object_component>
      <object_component id="oc-188">
         <name>.text</name>
         <load_address>0x88aec</load_address>
         <run_address>0x88aec</run_address>
         <size>0x156</size>
         <input_file_ref idref="fl-16"/>
      </object_component>
      <object_component id="oc-187">
         <name>.text</name>
         <load_address>0x88c42</load_address>
         <run_address>0x88c42</run_address>
         <size>0x14f</size>
         <input_file_ref idref="fl-4"/>
      </object_component>
      <object_component id="oc-11b">
         <name>.text:retain</name>
         <load_address>0x88d91</load_address>
         <run_address>0x88d91</run_address>
         <size>0x10f</size>
         <input_file_ref idref="fl-39"/>
      </object_component>
      <object_component id="oc-163">
         <name>.text</name>
         <load_address>0x88ea0</load_address>
         <run_address>0x88ea0</run_address>
         <size>0xd3</size>
         <input_file_ref idref="fl-19"/>
      </object_component>
      <object_component id="oc-194">
         <name>.text</name>
         <load_address>0x88f73</load_address>
         <run_address>0x88f73</run_address>
         <size>0x79</size>
         <input_file_ref idref="fl-32"/>
      </object_component>
      <object_component id="oc-16e">
         <name>.text</name>
         <load_address>0x88fec</load_address>
         <run_address>0x88fec</run_address>
         <size>0x33</size>
         <input_file_ref idref="fl-2"/>
      </object_component>
      <object_component id="oc-160">
         <name>.text</name>
         <load_address>0x8901f</load_address>
         <run_address>0x8901f</run_address>
         <size>0x29</size>
         <input_file_ref idref="fl-4d"/>
      </object_component>
      <object_component id="oc-15f">
         <name>.text</name>
         <load_address>0x89048</load_address>
         <run_address>0x89048</run_address>
         <size>0x19</size>
         <input_file_ref idref="fl-4f"/>
      </object_component>
      <object_component id="oc-21">
         <name>.text</name>
         <load_address>0x89061</load_address>
         <run_address>0x89061</run_address>
         <size>0x8</size>
         <input_file_ref idref="fl-3"/>
      </object_component>
      <object_component id="oc-186">
         <name>.text</name>
         <load_address>0x89069</load_address>
         <run_address>0x89069</run_address>
         <size>0x6</size>
         <input_file_ref idref="fl-a"/>
      </object_component>
      <object_component id="oc-22">
         <name>codestart</name>
         <load_address>0x80000</load_address>
         <run_address>0x80000</run_address>
         <size>0x2</size>
         <input_file_ref idref="fl-3"/>
      </object_component>
      <object_component id="oc-19c">
         <name>.TI.ramfunc</name>
         <load_address>0x86000</load_address>
         <run_address>0x8000</run_address>
         <size>0x58</size>
         <input_file_ref idref="fl-12"/>
      </object_component>
      <object_component id="oc-99">
         <name>.TI.ramfunc</name>
         <load_address>0x86058</load_address>
         <run_address>0x8058</run_address>
         <size>0x4</size>
         <input_file_ref idref="fl-1c"/>
      </object_component>
      <object_component id="oc-127">
         <name>.stack</name>
         <uninitialized>true</uninitialized>
         <run_address>0x400</run_address>
         <size>0x0</size>
         <input_file_ref idref="fl-46"/>
      </object_component>
      <object_component id="oc-226">
         <name>.stack</name>
         <uninitialized>true</uninitialized>
         <run_address>0x400</run_address>
         <size>0x0</size>
      </object_component>
      <object_component id="oc-190">
         <name>.ebss:_au8RecBuffer0</name>
         <uninitialized>true</uninitialized>
         <run_address>0xa800</run_address>
         <size>0x800</size>
         <input_file_ref idref="fl-30"/>
      </object_component>
      <object_component id="oc-1c4">
         <name>.ebss:_HMSCOPEPRM_u8Buffer</name>
         <uninitialized>true</uninitialized>
         <run_address>0xc000</run_address>
         <size>0x300</size>
         <input_file_ref idref="fl-33"/>
      </object_component>
      <object_component id="oc-1d0">
         <name>.ebss:_MODBUSREG_asFileTable</name>
         <uninitialized>true</uninitialized>
         <run_address>0xc300</run_address>
         <size>0x2d0</size>
         <input_file_ref idref="fl-2a"/>
      </object_component>
      <object_component id="oc-1dd">
         <name>.ebss:_CSMON_au8FileRecorderConfigurationElementsSizeTable</name>
         <uninitialized>true</uninitialized>
         <run_address>0xc5d0</run_address>
         <size>0x2d</size>
         <input_file_ref idref="fl-29"/>
      </object_component>
      <object_component id="oc-1d5">
         <name>.ebss:_CSMON_abFileAutorization_RecordReadOnly</name>
         <uninitialized>true</uninitialized>
         <run_address>0xc5fd</run_address>
         <size>0x3</size>
         <input_file_ref idref="fl-29"/>
      </object_component>
      <object_component id="oc-17e">
         <name>.ebss:_UARTRxBufferTimeDiff</name>
         <uninitialized>true</uninitialized>
         <run_address>0xc600</run_address>
         <size>0x200</size>
         <input_file_ref idref="fl-3a"/>
      </object_component>
      <object_component id="oc-1bd">
         <name>.ebss:_u32ModbusTimeoutBuffer</name>
         <uninitialized>true</uninitialized>
         <run_address>0xc800</run_address>
         <size>0x200</size>
         <input_file_ref idref="fl-2e"/>
      </object_component>
      <object_component id="oc-d2">
         <name>.ebss</name>
         <uninitialized>true</uninitialized>
         <run_address>0xca00</run_address>
         <size>0x170</size>
         <input_file_ref idref="fl-2e"/>
      </object_component>
      <object_component id="oc-1a3">
         <name>.ebss:_CSMON_sAccessLevelPasswordSelected</name>
         <uninitialized>true</uninitialized>
         <run_address>0xcb70</run_address>
         <size>0x10</size>
         <input_file_ref idref="fl-29"/>
      </object_component>
      <object_component id="oc-18c">
         <name>.ebss:_sRecHandleParam</name>
         <uninitialized>true</uninitialized>
         <run_address>0xcb80</run_address>
         <size>0x120</size>
         <input_file_ref idref="fl-31"/>
      </object_component>
      <object_component id="oc-1e5">
         <name>.ebss:_MODBUSREG_asQueueTable</name>
         <uninitialized>true</uninitialized>
         <run_address>0xcca0</run_address>
         <size>0x20</size>
         <input_file_ref idref="fl-2a"/>
      </object_component>
      <object_component id="oc-18e">
         <name>.ebss:_sRecHandle</name>
         <uninitialized>true</uninitialized>
         <run_address>0xccc0</run_address>
         <size>0x108</size>
         <input_file_ref idref="fl-30"/>
      </object_component>
      <object_component id="oc-1e1">
         <name>.ebss:_CSMON_au8FileScopeConfigurationElementsSizeTable</name>
         <uninitialized>true</uninitialized>
         <run_address>0xcdc8</run_address>
         <size>0x2a</size>
         <input_file_ref idref="fl-29"/>
      </object_component>
      <object_component id="oc-fa">
         <name>.ebss</name>
         <uninitialized>true</uninitialized>
         <run_address>0xcdf2</run_address>
         <size>0xe</size>
         <input_file_ref idref="fl-34"/>
      </object_component>
      <object_component id="oc-1ba">
         <name>.ebss:_HMMODBUS_anTxCheckSum</name>
         <uninitialized>true</uninitialized>
         <run_address>0xce00</run_address>
         <size>0x100</size>
         <input_file_ref idref="fl-2e"/>
      </object_component>
      <object_component id="oc-1be">
         <name>.ebss:_HMMODBUS_pCommBufferRx</name>
         <uninitialized>true</uninitialized>
         <run_address>0xcf00</run_address>
         <size>0x100</size>
         <input_file_ref idref="fl-2e"/>
      </object_component>
      <object_component id="oc-1c0">
         <name>.ebss:_HMMODBUS_pCommBufferTx</name>
         <uninitialized>true</uninitialized>
         <run_address>0xd000</run_address>
         <size>0x100</size>
         <input_file_ref idref="fl-2e"/>
      </object_component>
      <object_component id="oc-17f">
         <name>.ebss:_UARTRxBuffer</name>
         <uninitialized>true</uninitialized>
         <run_address>0xd100</run_address>
         <size>0x100</size>
         <input_file_ref idref="fl-3a"/>
      </object_component>
      <object_component id="oc-1e6">
         <name>.ebss:_QueueTestTable</name>
         <uninitialized>true</uninitialized>
         <run_address>0xd200</run_address>
         <size>0xc0</size>
         <input_file_ref idref="fl-2a"/>
      </object_component>
      <object_component id="oc-1b4">
         <name>.ebss:_sRecConfigParam</name>
         <uninitialized>true</uninitialized>
         <run_address>0xd2c0</run_address>
         <size>0xc0</size>
         <input_file_ref idref="fl-31"/>
      </object_component>
      <object_component id="oc-1c9">
         <name>.ebss:_sScopeHandlePrm</name>
         <uninitialized>true</uninitialized>
         <run_address>0xd380</run_address>
         <size>0xba</size>
         <input_file_ref idref="fl-33"/>
      </object_component>
      <object_component id="oc-c4">
         <name>.ebss</name>
         <uninitialized>true</uninitialized>
         <run_address>0xd43a</run_address>
         <size>0x6</size>
         <input_file_ref idref="fl-2c"/>
      </object_component>
      <object_component id="oc-106">
         <name>.ebss</name>
         <uninitialized>true</uninitialized>
         <run_address>0xd440</run_address>
         <size>0x80</size>
         <input_file_ref idref="fl-36"/>
      </object_component>
      <object_component id="oc-1ca">
         <name>.ebss:_sScopeConfigParam</name>
         <uninitialized>true</uninitialized>
         <run_address>0xd4c0</run_address>
         <size>0x7e</size>
         <input_file_ref idref="fl-33"/>
      </object_component>
      <object_component id="oc-f3">
         <name>.ebss</name>
         <uninitialized>true</uninitialized>
         <run_address>0xd53e</run_address>
         <size>0x2</size>
         <input_file_ref idref="fl-33"/>
      </object_component>
      <object_component id="oc-1c3">
         <name>.ebss:_pcm_pCommBuffer</name>
         <uninitialized>true</uninitialized>
         <run_address>0xd540</run_address>
         <size>0x79</size>
         <input_file_ref idref="fl-34"/>
      </object_component>
      <object_component id="oc-d9">
         <name>.ebss</name>
         <uninitialized>true</uninitialized>
         <run_address>0xd5b9</run_address>
         <size>0x6</size>
         <input_file_ref idref="fl-2f"/>
      </object_component>
      <object_component id="oc-e0">
         <name>.ebss</name>
         <uninitialized>true</uninitialized>
         <run_address>0xd5bf</run_address>
         <size>0x1</size>
         <input_file_ref idref="fl-30"/>
      </object_component>
      <object_component id="oc-af">
         <name>.ebss</name>
         <uninitialized>true</uninitialized>
         <run_address>0xd5c0</run_address>
         <size>0x63</size>
         <input_file_ref idref="fl-29"/>
      </object_component>
      <object_component id="oc-1e3">
         <name>.ebss:_CSMON_au8FileScopeStatusElementsSizeTable</name>
         <uninitialized>true</uninitialized>
         <run_address>0xd623</run_address>
         <size>0x1</size>
         <input_file_ref idref="fl-29"/>
      </object_component>
      <object_component id="oc-1ce">
         <name>.ebss:_HMMODBUS_u32RegisterAddressTableInRam</name>
         <uninitialized>true</uninitialized>
         <run_address>0xd624</run_address>
         <size>0x18</size>
         <input_file_ref idref="fl-2a"/>
      </object_component>
      <object_component id="oc-b6">
         <name>.ebss</name>
         <uninitialized>true</uninitialized>
         <run_address>0xd63c</run_address>
         <size>0x4</size>
         <input_file_ref idref="fl-2a"/>
      </object_component>
      <object_component id="oc-1a0">
         <name>.ebss:_CSMON_asFileParameterDefinitionsFromAccessLevel</name>
         <uninitialized>true</uninitialized>
         <run_address>0xd640</run_address>
         <size>0x46</size>
         <input_file_ref idref="fl-29"/>
      </object_component>
      <object_component id="oc-10d">
         <name>.ebss</name>
         <uninitialized>true</uninitialized>
         <run_address>0xd686</run_address>
         <size>0x24</size>
         <input_file_ref idref="fl-37"/>
      </object_component>
      <object_component id="oc-122">
         <name>.ebss</name>
         <uninitialized>true</uninitialized>
         <run_address>0xd6aa</run_address>
         <size>0x16</size>
         <input_file_ref idref="fl-3a"/>
      </object_component>
      <object_component id="oc-ec">
         <name>.ebss</name>
         <uninitialized>true</uninitialized>
         <run_address>0xd6c0</run_address>
         <size>0x40</size>
         <input_file_ref idref="fl-32"/>
      </object_component>
      <object_component id="oc-197">
         <name>.ebss:_FPGA_SCI_au8RxBuffer</name>
         <uninitialized>true</uninitialized>
         <run_address>0xd700</run_address>
         <size>0x40</size>
         <input_file_ref idref="fl-36"/>
      </object_component>
      <object_component id="oc-19a">
         <name>.ebss:_FPGA_SCI_au8TxBuffer</name>
         <uninitialized>true</uninitialized>
         <run_address>0xd740</run_address>
         <size>0x40</size>
         <input_file_ref idref="fl-36"/>
      </object_component>
      <object_component id="oc-1b3">
         <name>.ebss:_sRecStatusParam</name>
         <uninitialized>true</uninitialized>
         <run_address>0xd780</run_address>
         <size>0x18</size>
         <input_file_ref idref="fl-31"/>
      </object_component>
      <object_component id="oc-1a1">
         <name>.ebss:_CSMON_sAccessLevelPasswordSelectedNonConst</name>
         <uninitialized>true</uninitialized>
         <run_address>0xd798</run_address>
         <size>0x10</size>
         <input_file_ref idref="fl-29"/>
      </object_component>
      <object_component id="oc-1a2">
         <name>.ebss:_CSMON_sAccessLevelPasswordSelectedNonConstNoModifierAssign</name>
         <uninitialized>true</uninitialized>
         <run_address>0xd7a8</run_address>
         <size>0x10</size>
         <input_file_ref idref="fl-29"/>
      </object_component>
      <object_component id="oc-cb">
         <name>.ebss</name>
         <uninitialized>true</uninitialized>
         <run_address>0xd7b8</run_address>
         <size>0x8</size>
         <input_file_ref idref="fl-2d"/>
      </object_component>
      <object_component id="oc-1f6">
         <name>.ebss:_MODBUSREG_au8DeviceIDMajorMinorRevision</name>
         <uninitialized>true</uninitialized>
         <run_address>0xd7c0</run_address>
         <size>0x10</size>
         <input_file_ref idref="fl-2a"/>
      </object_component>
      <object_component id="oc-1fc">
         <name>.ebss:_MODBUSREG_au8DeviceIDModelName</name>
         <uninitialized>true</uninitialized>
         <run_address>0xd7d0</run_address>
         <size>0x10</size>
         <input_file_ref idref="fl-2a"/>
      </object_component>
      <object_component id="oc-1f4">
         <name>.ebss:_MODBUSREG_au8DeviceIDProductCode</name>
         <uninitialized>true</uninitialized>
         <run_address>0xd7e0</run_address>
         <size>0x10</size>
         <input_file_ref idref="fl-2a"/>
      </object_component>
      <object_component id="oc-1fa">
         <name>.ebss:_MODBUSREG_au8DeviceIDProductName</name>
         <uninitialized>true</uninitialized>
         <run_address>0xd7f0</run_address>
         <size>0x10</size>
         <input_file_ref idref="fl-2a"/>
      </object_component>
      <object_component id="oc-1fe">
         <name>.ebss:_MODBUSREG_au8DeviceIDUserApplicationName</name>
         <uninitialized>true</uninitialized>
         <run_address>0xd800</run_address>
         <size>0x10</size>
         <input_file_ref idref="fl-2a"/>
      </object_component>
      <object_component id="oc-200">
         <name>.ebss:_MODBUSREG_au8DeviceIDUserReserve0</name>
         <uninitialized>true</uninitialized>
         <run_address>0xd810</run_address>
         <size>0x10</size>
         <input_file_ref idref="fl-2a"/>
      </object_component>
      <object_component id="oc-202">
         <name>.ebss:_MODBUSREG_au8DeviceIDUserReserve1</name>
         <uninitialized>true</uninitialized>
         <run_address>0xd820</run_address>
         <size>0x10</size>
         <input_file_ref idref="fl-2a"/>
      </object_component>
      <object_component id="oc-204">
         <name>.ebss:_MODBUSREG_au8DeviceIDUserReserve2</name>
         <uninitialized>true</uninitialized>
         <run_address>0xd830</run_address>
         <size>0x10</size>
         <input_file_ref idref="fl-2a"/>
      </object_component>
      <object_component id="oc-1f2">
         <name>.ebss:_MODBUSREG_au8DeviceIDVendorName</name>
         <uninitialized>true</uninitialized>
         <run_address>0xd840</run_address>
         <size>0x10</size>
         <input_file_ref idref="fl-2a"/>
      </object_component>
      <object_component id="oc-1f8">
         <name>.ebss:_MODBUSREG_au8DeviceIDVendorUrl</name>
         <uninitialized>true</uninitialized>
         <run_address>0xd850</run_address>
         <size>0x10</size>
         <input_file_ref idref="fl-2a"/>
      </object_component>
      <object_component id="oc-1f0">
         <name>.ebss:_MODBUSREG_au8ServerIDData</name>
         <uninitialized>true</uninitialized>
         <run_address>0xd860</run_address>
         <size>0x10</size>
         <input_file_ref idref="fl-2a"/>
      </object_component>
      <object_component id="oc-11a">
         <name>.ebss</name>
         <uninitialized>true</uninitialized>
         <run_address>0xd870</run_address>
         <size>0xb</size>
         <input_file_ref idref="fl-39"/>
      </object_component>
      <object_component id="oc-1a9">
         <name>.ebss:_CSMON_au8FileParameterListElementsSizeTablePart1</name>
         <uninitialized>true</uninitialized>
         <run_address>0xd87b</run_address>
         <size>0x5</size>
         <input_file_ref idref="fl-29"/>
      </object_component>
      <object_component id="oc-e6">
         <name>.ebss</name>
         <uninitialized>true</uninitialized>
         <run_address>0xd880</run_address>
         <size>0xa</size>
         <input_file_ref idref="fl-31"/>
      </object_component>
      <object_component id="oc-1c1">
         <name>.ebss:_HMMODBUS_nFilePrimaryAddrWriteLast</name>
         <uninitialized>true</uninitialized>
         <run_address>0xd88a</run_address>
         <size>0xa</size>
         <input_file_ref idref="fl-2e"/>
      </object_component>
      <object_component id="oc-1c2">
         <name>.ebss:_HMMOSBUS_nFileWriteAddrReadLast</name>
         <uninitialized>true</uninitialized>
         <run_address>0xd894</run_address>
         <size>0xa</size>
         <input_file_ref idref="fl-2e"/>
      </object_component>
      <object_component id="oc-198">
         <name>.ebss:_FPGA_SCI_nMessagesCounter</name>
         <uninitialized>true</uninitialized>
         <run_address>0xd89e</run_address>
         <size>0x8</size>
         <input_file_ref idref="fl-36"/>
      </object_component>
      <object_component id="oc-171">
         <name>.ebss:_SCI_ErrorRx</name>
         <uninitialized>true</uninitialized>
         <run_address>0xd8a6</run_address>
         <size>0x8</size>
         <input_file_ref idref="fl-38"/>
      </object_component>
      <object_component id="oc-184">
         <name>.ebss:_UART_RXIntOverflowCounter</name>
         <uninitialized>true</uninitialized>
         <run_address>0xd8ae</run_address>
         <size>0x8</size>
         <input_file_ref idref="fl-3a"/>
      </object_component>
      <object_component id="oc-169">
         <name>.ebss:_pfDelayedFunction</name>
         <uninitialized>true</uninitialized>
         <run_address>0xd8b6</run_address>
         <size>0x8</size>
         <input_file_ref idref="fl-39"/>
      </object_component>
      <object_component id="oc-1ab">
         <name>.ebss:_CSMON_au8FileParameterListElementsSizeTablePart2</name>
         <uninitialized>true</uninitialized>
         <run_address>0xd8be</run_address>
         <size>0x2</size>
         <input_file_ref idref="fl-29"/>
      </object_component>
      <object_component id="oc-166">
         <name>.ebss:_pfDelayedFunction_u8</name>
         <uninitialized>true</uninitialized>
         <run_address>0xd8c0</run_address>
         <size>0x8</size>
         <input_file_ref idref="fl-39"/>
      </object_component>
      <object_component id="oc-172">
         <name>.ebss:_u32TimeDiffLast</name>
         <uninitialized>true</uninitialized>
         <run_address>0xd8c8</run_address>
         <size>0x8</size>
         <input_file_ref idref="fl-3a"/>
      </object_component>
      <object_component id="oc-182">
         <name>.ebss:_u32TimeDiffNow</name>
         <uninitialized>true</uninitialized>
         <run_address>0xd8d0</run_address>
         <size>0x8</size>
         <input_file_ref idref="fl-3a"/>
      </object_component>
      <object_component id="oc-17c">
         <name>.ebss:_u32TimeDiffRead</name>
         <uninitialized>true</uninitialized>
         <run_address>0xd8d8</run_address>
         <size>0x8</size>
         <input_file_ref idref="fl-3a"/>
      </object_component>
      <object_component id="oc-1a5">
         <name>.ebss:_CSMON_au32FileAutorization_FunctionAfterWriteFileRecord</name>
         <uninitialized>true</uninitialized>
         <run_address>0xd8e0</run_address>
         <size>0x6</size>
         <input_file_ref idref="fl-29"/>
      </object_component>
      <object_component id="oc-1a7">
         <name>.ebss:_CSMON_au32FileParameterDefinitionsFileRecordElementsRealAddressTable</name>
         <uninitialized>true</uninitialized>
         <run_address>0xd8e6</run_address>
         <size>0x6</size>
         <input_file_ref idref="fl-29"/>
      </object_component>
      <object_component id="oc-1a8">
         <name>.ebss:_CSMON_au32FileParameterDefinitionsFileRecordElementsSizeTable</name>
         <uninitialized>true</uninitialized>
         <run_address>0xd8ec</run_address>
         <size>0x6</size>
         <input_file_ref idref="fl-29"/>
      </object_component>
      <object_component id="oc-1cc">
         <name>.ebss:_HMMODBUS_u32CoilAddressTableInRam</name>
         <uninitialized>true</uninitialized>
         <run_address>0xd8f2</run_address>
         <size>0x6</size>
         <input_file_ref idref="fl-2a"/>
      </object_component>
      <object_component id="oc-1cd">
         <name>.ebss:_MODBUSREG_sInputCoilAddressTableInRam</name>
         <uninitialized>true</uninitialized>
         <run_address>0xd8f8</run_address>
         <size>0x6</size>
         <input_file_ref idref="fl-2a"/>
      </object_component>
      <object_component id="oc-1ad">
         <name>.ebss:_CSMON_au8FileParameterListElementsSizeTablePart3</name>
         <uninitialized>true</uninitialized>
         <run_address>0xd8fe</run_address>
         <size>0x2</size>
         <input_file_ref idref="fl-29"/>
      </object_component>
      <object_component id="oc-1cf">
         <name>.ebss:_MODBUSREG_sInputRegisterAddressTableInRam</name>
         <uninitialized>true</uninitialized>
         <run_address>0xd900</run_address>
         <size>0x6</size>
         <input_file_ref idref="fl-2a"/>
      </object_component>
      <object_component id="oc-1c5">
         <name>.ebss:_pBufferScope</name>
         <uninitialized>true</uninitialized>
         <run_address>0xd906</run_address>
         <size>0x6</size>
         <input_file_ref idref="fl-33"/>
      </object_component>
      <object_component id="oc-1b7">
         <name>.ebss:_u32RecorderLastFreeCounter</name>
         <uninitialized>true</uninitialized>
         <run_address>0xd90c</run_address>
         <size>0x6</size>
         <input_file_ref idref="fl-31"/>
      </object_component>
      <object_component id="oc-1b8">
         <name>.ebss:_u32RecorderMicroSec</name>
         <uninitialized>true</uninitialized>
         <run_address>0xd912</run_address>
         <size>0x6</size>
         <input_file_ref idref="fl-31"/>
      </object_component>
      <object_component id="oc-29">
         <name>.ebss</name>
         <uninitialized>true</uninitialized>
         <run_address>0xd918</run_address>
         <size>0x6</size>
         <input_file_ref idref="fl-4"/>
      </object_component>
      <object_component id="oc-14d">
         <name>.ebss</name>
         <uninitialized>true</uninitialized>
         <run_address>0xd91e</run_address>
         <size>0x6</size>
         <input_file_ref idref="fl-4d"/>
      </object_component>
      <object_component id="oc-bd">
         <name>.ebss</name>
         <uninitialized>true</uninitialized>
         <run_address>0xd924</run_address>
         <size>0x4</size>
         <input_file_ref idref="fl-2b"/>
      </object_component>
      <object_component id="oc-1d8">
         <name>.ebss:_CSMON_au8FileParameterCountElementsSizeTable</name>
         <uninitialized>true</uninitialized>
         <run_address>0xd928</run_address>
         <size>0x4</size>
         <input_file_ref idref="fl-29"/>
      </object_component>
      <object_component id="oc-1df">
         <name>.ebss:_CSMON_au8FileRecorderStatusElementsSizeTable</name>
         <uninitialized>true</uninitialized>
         <run_address>0xd92c</run_address>
         <size>0x4</size>
         <input_file_ref idref="fl-29"/>
      </object_component>
      <object_component id="oc-17a">
         <name>.ebss:_UARTRxBufferRDCount</name>
         <uninitialized>true</uninitialized>
         <run_address>0xd930</run_address>
         <size>0x4</size>
         <input_file_ref idref="fl-3a"/>
      </object_component>
      <object_component id="oc-174">
         <name>.ebss:_UARTRxBufferRDIndex</name>
         <uninitialized>true</uninitialized>
         <run_address>0xd934</run_address>
         <size>0x4</size>
         <input_file_ref idref="fl-3a"/>
      </object_component>
      <object_component id="oc-178">
         <name>.ebss:_UARTRxBufferWRCount</name>
         <uninitialized>true</uninitialized>
         <run_address>0xd938</run_address>
         <size>0x4</size>
         <input_file_ref idref="fl-3a"/>
      </object_component>
      <object_component id="oc-176">
         <name>.ebss:_UARTRxBufferWRIndex</name>
         <uninitialized>true</uninitialized>
         <run_address>0xd93c</run_address>
         <size>0x4</size>
         <input_file_ref idref="fl-3a"/>
      </object_component>
      <object_component id="oc-168">
         <name>.ebss:_u16TimerMainDelayedData</name>
         <uninitialized>true</uninitialized>
         <run_address>0xd940</run_address>
         <size>0x4</size>
         <input_file_ref idref="fl-39"/>
      </object_component>
      <object_component id="oc-165">
         <name>.ebss:_u16TimerMainFunctionDelay</name>
         <uninitialized>true</uninitialized>
         <run_address>0xd944</run_address>
         <size>0x4</size>
         <input_file_ref idref="fl-39"/>
      </object_component>
      <object_component id="oc-16c">
         <name>.ebss:_u16TimerMainFunctionDelayCompare</name>
         <uninitialized>true</uninitialized>
         <run_address>0xd948</run_address>
         <size>0x4</size>
         <input_file_ref idref="fl-39"/>
      </object_component>
      <object_component id="oc-16b">
         <name>.ebss:_u16TimerMainFunctionDelayCounter</name>
         <uninitialized>true</uninitialized>
         <run_address>0xd94c</run_address>
         <size>0x4</size>
         <input_file_ref idref="fl-39"/>
      </object_component>
      <object_component id="oc-1c">
         <name>.ebss</name>
         <uninitialized>true</uninitialized>
         <run_address>0xd950</run_address>
         <size>0x4</size>
         <input_file_ref idref="fl-2"/>
      </object_component>
      <object_component id="oc-1d3">
         <name>.ebss:_CSMON_abFileAutorization_RecordStringData</name>
         <uninitialized>true</uninitialized>
         <run_address>0xd954</run_address>
         <size>0x3</size>
         <input_file_ref idref="fl-29"/>
      </object_component>
      <object_component id="oc-1d1">
         <name>.ebss:_CSMON_au16FileAutorization_RecordOffsets</name>
         <uninitialized>true</uninitialized>
         <run_address>0xd957</run_address>
         <size>0x3</size>
         <input_file_ref idref="fl-29"/>
      </object_component>
      <object_component id="oc-1af">
         <name>.ebss:_CSMON_au32FileParameterDefinitionsFileRecordElementsRecordToRecordOffsetSizeBytesTable</name>
         <uninitialized>true</uninitialized>
         <run_address>0xd95a</run_address>
         <size>0x3</size>
         <input_file_ref idref="fl-29"/>
      </object_component>
      <object_component id="oc-1b5">
         <name>.ebss:_abRecorderJustStopped</name>
         <uninitialized>true</uninitialized>
         <run_address>0xd95d</run_address>
         <size>0x3</size>
         <input_file_ref idref="fl-31"/>
      </object_component>
      <object_component id="oc-1b6">
         <name>.ebss:_abRecorderRunning</name>
         <uninitialized>true</uninitialized>
         <run_address>0xd960</run_address>
         <size>0x3</size>
         <input_file_ref idref="fl-31"/>
      </object_component>
      <object_component id="oc-1c7">
         <name>.ebss:_nSizeBytesScopeBuffer</name>
         <uninitialized>true</uninitialized>
         <run_address>0xd963</run_address>
         <size>0x3</size>
         <input_file_ref idref="fl-33"/>
      </object_component>
      <object_component id="oc-1cb">
         <name>.ebss:_sScopeStatusParam</name>
         <uninitialized>true</uninitialized>
         <run_address>0xd966</run_address>
         <size>0x3</size>
         <input_file_ref idref="fl-33"/>
      </object_component>
      <object_component id="oc-1b1">
         <name>.ebss:_sRecTimeBase</name>
         <uninitialized>true</uninitialized>
         <run_address>0xd969</run_address>
         <size>0x1</size>
         <input_file_ref idref="fl-31"/>
      </object_component>
      <object_component id="oc-16f">
         <name>.ebss:__lock</name>
         <uninitialized>true</uninitialized>
         <run_address>0xd96a</run_address>
         <size>0x2</size>
         <input_file_ref idref="fl-4e"/>
      </object_component>
      <object_component id="oc-1b0">
         <name>.ebss:__unlock</name>
         <uninitialized>true</uninitialized>
         <run_address>0xd96c</run_address>
         <size>0x2</size>
         <input_file_ref idref="fl-4e"/>
      </object_component>
      <object_component id="oc-1db">
         <name>.econst:_CSMON_asFileParameterShortName</name>
         <load_address>0x90000</load_address>
         <run_address>0x90000</run_address>
         <size>0x460</size>
         <input_file_ref idref="fl-29"/>
      </object_component>
      <object_component id="oc-1e9">
         <name>.econst:_MODBUSREG_sHoldingRegisterValuesTable</name>
         <load_address>0x90460</load_address>
         <run_address>0x90460</run_address>
         <size>0x1c0</size>
         <input_file_ref idref="fl-2a"/>
      </object_component>
      <object_component id="oc-19f">
         <name>.econst:_CSMON_sFileParameterList</name>
         <load_address>0x90620</load_address>
         <run_address>0x90620</run_address>
         <size>0x15e</size>
         <input_file_ref idref="fl-29"/>
      </object_component>
      <object_component id="oc-1bb">
         <name>.econst:.string:_auchCRCHi</name>
         <load_address>0x9077e</load_address>
         <run_address>0x9077e</run_address>
         <size>0x100</size>
         <input_file_ref idref="fl-2e"/>
      </object_component>
      <object_component id="oc-1bc">
         <name>.econst:.string:_auchCRCLo</name>
         <load_address>0x9087e</load_address>
         <run_address>0x9087e</run_address>
         <size>0x100</size>
         <input_file_ref idref="fl-2e"/>
      </object_component>
      <object_component id="oc-1eb">
         <name>.econst:_MODBUSREG_sInputRegisterValuesTable</name>
         <load_address>0x9097e</load_address>
         <run_address>0x9097e</run_address>
         <size>0x70</size>
         <input_file_ref idref="fl-2a"/>
      </object_component>
      <object_component id="oc-19e">
         <name>.econst:_CSMON_asAccessLevelPasswords</name>
         <load_address>0x909ee</load_address>
         <run_address>0x909ee</run_address>
         <size>0x50</size>
         <input_file_ref idref="fl-29"/>
      </object_component>
      <object_component id="oc-1ed">
         <name>.econst:_MODBUSREG_sHoldingCoilValuesTable</name>
         <load_address>0x90a3e</load_address>
         <run_address>0x90a3e</run_address>
         <size>0x3f</size>
         <input_file_ref idref="fl-2a"/>
      </object_component>
      <object_component id="oc-1ef">
         <name>.econst:_MODBUSREG_sInputCoilValuesTable</name>
         <load_address>0x90a7d</load_address>
         <run_address>0x90a7d</run_address>
         <size>0x3f</size>
         <input_file_ref idref="fl-2a"/>
      </object_component>
      <object_component id="oc-1dc">
         <name>.econst:.string:_CSMON_au8FileImplementedFunctionCodes</name>
         <load_address>0x90abc</load_address>
         <run_address>0x90abc</run_address>
         <size>0x14</size>
         <input_file_ref idref="fl-29"/>
      </object_component>
      <object_component id="oc-da">
         <name>.econst:.string</name>
         <load_address>0x90ad0</load_address>
         <run_address>0x90ad0</run_address>
         <size>0xc</size>
         <input_file_ref idref="fl-2f"/>
      </object_component>
      <object_component id="oc-1e8">
         <name>.econst:_HMMODBUS_u32RegisterAddressTable</name>
         <load_address>0x90adc</load_address>
         <run_address>0x90adc</run_address>
         <size>0xc</size>
         <input_file_ref idref="fl-2a"/>
      </object_component>
      <object_component id="oc-1da">
         <name>.econst:.string:_CSMON_au8FileParameterListElementsCountInPartTable</name>
         <load_address>0x90ae8</load_address>
         <run_address>0x90ae8</run_address>
         <size>0x3</size>
         <input_file_ref idref="fl-29"/>
      </object_component>
      <object_component id="oc-1ec">
         <name>.econst:_HMMODBUS_u32CoilAddressTable</name>
         <load_address>0x90aeb</load_address>
         <run_address>0x90aeb</run_address>
         <size>0x3</size>
         <input_file_ref idref="fl-2a"/>
      </object_component>
      <object_component id="oc-1ee">
         <name>.econst:_MODBUSREG_sInputCoilAddressTable</name>
         <load_address>0x90aee</load_address>
         <run_address>0x90aee</run_address>
         <size>0x3</size>
         <input_file_ref idref="fl-2a"/>
      </object_component>
      <object_component id="oc-1ea">
         <name>.econst:_MODBUSREG_sInputRegisterAddressTable</name>
         <load_address>0x90af1</load_address>
         <run_address>0x90af1</run_address>
         <size>0x3</size>
         <input_file_ref idref="fl-2a"/>
      </object_component>
      <object_component id="oc-19b">
         <name>.econst:_$P$T0$1</name>
         <load_address>0x90af4</load_address>
         <run_address>0x90af4</run_address>
         <size>0x1</size>
         <input_file_ref idref="fl-36"/>
      </object_component>
      <object_component id="oc-1d7">
         <name>.econst:_CSMON_sFileProtocolVersion</name>
         <load_address>0x90af5</load_address>
         <run_address>0x90af5</run_address>
         <size>0x1</size>
         <input_file_ref idref="fl-29"/>
      </object_component>
      <object_component id="oc-1bf">
         <name>.switch:_HMMODBUS_Rx</name>
         <load_address>0x82620</load_address>
         <run_address>0x82620</run_address>
         <size>0x30</size>
         <input_file_ref idref="fl-2e"/>
      </object_component>
      <object_component id="oc-128">
         <name>.reset</name>
         <load_address>0x3fffc0</load_address>
         <run_address>0x3fffc0</run_address>
         <size>0x2</size>
         <input_file_ref idref="fl-46"/>
      </object_component>
      <object_component id="oc-1a">
         <name>.debug_info</name>
         <load_address>0x0</load_address>
         <run_address>0x0</run_address>
         <size>0x820</size>
         <input_file_ref idref="fl-2"/>
      </object_component>
      <object_component id="oc-24">
         <name>.debug_info</name>
         <load_address>0x820</load_address>
         <run_address>0x820</run_address>
         <size>0x142</size>
         <input_file_ref idref="fl-3"/>
      </object_component>
      <object_component id="oc-27">
         <name>.debug_info</name>
         <load_address>0x962</load_address>
         <run_address>0x962</run_address>
         <size>0x12e0</size>
         <input_file_ref idref="fl-4"/>
      </object_component>
      <object_component id="oc-2e">
         <name>.debug_info</name>
         <load_address>0x1c42</load_address>
         <run_address>0x1c42</run_address>
         <size>0x4e1</size>
         <input_file_ref idref="fl-5"/>
      </object_component>
      <object_component id="oc-33">
         <name>.debug_info</name>
         <load_address>0x2123</load_address>
         <run_address>0x2123</run_address>
         <size>0x199</size>
         <input_file_ref idref="fl-6"/>
      </object_component>
      <object_component id="oc-35">
         <name>.debug_info</name>
         <load_address>0x22bc</load_address>
         <run_address>0x22bc</run_address>
         <size>0x4f7</size>
         <input_file_ref idref="fl-7"/>
      </object_component>
      <object_component id="oc-3a">
         <name>.debug_info</name>
         <load_address>0x27b3</load_address>
         <run_address>0x27b3</run_address>
         <size>0x986</size>
         <input_file_ref idref="fl-8"/>
      </object_component>
      <object_component id="oc-3f">
         <name>.debug_info</name>
         <load_address>0x3139</load_address>
         <run_address>0x3139</run_address>
         <size>0x3c9</size>
         <input_file_ref idref="fl-9"/>
      </object_component>
      <object_component id="oc-44">
         <name>.debug_info</name>
         <load_address>0x3502</load_address>
         <run_address>0x3502</run_address>
         <size>0x4f9</size>
         <input_file_ref idref="fl-a"/>
      </object_component>
      <object_component id="oc-49">
         <name>.debug_info</name>
         <load_address>0x39fb</load_address>
         <run_address>0x39fb</run_address>
         <size>0x3da</size>
         <input_file_ref idref="fl-b"/>
      </object_component>
      <object_component id="oc-4e">
         <name>.debug_info</name>
         <load_address>0x3dd5</load_address>
         <run_address>0x3dd5</run_address>
         <size>0x747</size>
         <input_file_ref idref="fl-c"/>
      </object_component>
      <object_component id="oc-53">
         <name>.debug_info</name>
         <load_address>0x451c</load_address>
         <run_address>0x451c</run_address>
         <size>0xa4c</size>
         <input_file_ref idref="fl-d"/>
      </object_component>
      <object_component id="oc-58">
         <name>.debug_info</name>
         <load_address>0x4f68</load_address>
         <run_address>0x4f68</run_address>
         <size>0x3f2</size>
         <input_file_ref idref="fl-e"/>
      </object_component>
      <object_component id="oc-5d">
         <name>.debug_info</name>
         <load_address>0x535a</load_address>
         <run_address>0x535a</run_address>
         <size>0x196</size>
         <input_file_ref idref="fl-f"/>
      </object_component>
      <object_component id="oc-5f">
         <name>.debug_info</name>
         <load_address>0x54f0</load_address>
         <run_address>0x54f0</run_address>
         <size>0x40a</size>
         <input_file_ref idref="fl-10"/>
      </object_component>
      <object_component id="oc-64">
         <name>.debug_info</name>
         <load_address>0x58fa</load_address>
         <run_address>0x58fa</run_address>
         <size>0x3a0</size>
         <input_file_ref idref="fl-11"/>
      </object_component>
      <object_component id="oc-69">
         <name>.debug_info</name>
         <load_address>0x5c9a</load_address>
         <run_address>0x5c9a</run_address>
         <size>0x64f</size>
         <input_file_ref idref="fl-12"/>
      </object_component>
      <object_component id="oc-6e">
         <name>.debug_info</name>
         <load_address>0x62e9</load_address>
         <run_address>0x62e9</run_address>
         <size>0xffe</size>
         <input_file_ref idref="fl-13"/>
      </object_component>
      <object_component id="oc-73">
         <name>.debug_info</name>
         <load_address>0x72e7</load_address>
         <run_address>0x72e7</run_address>
         <size>0x197</size>
         <input_file_ref idref="fl-14"/>
      </object_component>
      <object_component id="oc-75">
         <name>.debug_info</name>
         <load_address>0x747e</load_address>
         <run_address>0x747e</run_address>
         <size>0x3c5</size>
         <input_file_ref idref="fl-15"/>
      </object_component>
      <object_component id="oc-7a">
         <name>.debug_info</name>
         <load_address>0x7843</load_address>
         <run_address>0x7843</run_address>
         <size>0x9d9</size>
         <input_file_ref idref="fl-16"/>
      </object_component>
      <object_component id="oc-7f">
         <name>.debug_info</name>
         <load_address>0x821c</load_address>
         <run_address>0x821c</run_address>
         <size>0x1b2b</size>
         <input_file_ref idref="fl-17"/>
      </object_component>
      <object_component id="oc-84">
         <name>.debug_info</name>
         <load_address>0x9d47</load_address>
         <run_address>0x9d47</run_address>
         <size>0x4ec</size>
         <input_file_ref idref="fl-18"/>
      </object_component>
      <object_component id="oc-89">
         <name>.debug_info</name>
         <load_address>0xa233</load_address>
         <run_address>0xa233</run_address>
         <size>0xbb4</size>
         <input_file_ref idref="fl-19"/>
      </object_component>
      <object_component id="oc-8e">
         <name>.debug_info</name>
         <load_address>0xade7</load_address>
         <run_address>0xade7</run_address>
         <size>0x4d7</size>
         <input_file_ref idref="fl-1a"/>
      </object_component>
      <object_component id="oc-93">
         <name>.debug_info</name>
         <load_address>0xb2be</load_address>
         <run_address>0xb2be</run_address>
         <size>0x46c</size>
         <input_file_ref idref="fl-1b"/>
      </object_component>
      <object_component id="oc-98">
         <name>.debug_info</name>
         <load_address>0xb72a</load_address>
         <run_address>0xb72a</run_address>
         <size>0xe16</size>
         <input_file_ref idref="fl-1c"/>
      </object_component>
      <object_component id="oc-9e">
         <name>.debug_info</name>
         <load_address>0xc540</load_address>
         <run_address>0xc540</run_address>
         <size>0x5df</size>
         <input_file_ref idref="fl-1d"/>
      </object_component>
      <object_component id="oc-a3">
         <name>.debug_info</name>
         <load_address>0xcb1f</load_address>
         <run_address>0xcb1f</run_address>
         <size>0x354</size>
         <input_file_ref idref="fl-1e"/>
      </object_component>
      <object_component id="oc-a8">
         <name>.debug_info</name>
         <load_address>0xce73</load_address>
         <run_address>0xce73</run_address>
         <size>0x22c9</size>
         <input_file_ref idref="fl-1f"/>
      </object_component>
      <object_component id="oc-ad">
         <name>.debug_info</name>
         <load_address>0xf13c</load_address>
         <run_address>0xf13c</run_address>
         <size>0x4cdd</size>
         <input_file_ref idref="fl-29"/>
      </object_component>
      <object_component id="oc-b4">
         <name>.debug_info</name>
         <load_address>0x13e19</load_address>
         <run_address>0x13e19</run_address>
         <size>0x5f60</size>
         <input_file_ref idref="fl-2a"/>
      </object_component>
      <object_component id="oc-bb">
         <name>.debug_info</name>
         <load_address>0x19d79</load_address>
         <run_address>0x19d79</run_address>
         <size>0x7c3</size>
         <input_file_ref idref="fl-2b"/>
      </object_component>
      <object_component id="oc-c2">
         <name>.debug_info</name>
         <load_address>0x1a53c</load_address>
         <run_address>0x1a53c</run_address>
         <size>0x497f</size>
         <input_file_ref idref="fl-2c"/>
      </object_component>
      <object_component id="oc-c9">
         <name>.debug_info</name>
         <load_address>0x1eebb</load_address>
         <run_address>0x1eebb</run_address>
         <size>0x3dc9</size>
         <input_file_ref idref="fl-2d"/>
      </object_component>
      <object_component id="oc-d0">
         <name>.debug_info</name>
         <load_address>0x22c84</load_address>
         <run_address>0x22c84</run_address>
         <size>0xd991</size>
         <input_file_ref idref="fl-2e"/>
      </object_component>
      <object_component id="oc-d7">
         <name>.debug_info</name>
[...]
      </symbol>
      <symbol id="sm-ade">
         <name>_u32DigitalOutputPortMask</name>
         <value>0xd69a</value>
         <object_component_ref idref="oc-10d"/>
      </symbol>
      <symbol id="sm-adf">
         <name>_bUseFPGACommandOnEnOut2346</name>
         <value>0xd690</value>
         <object_component_ref idref="oc-10d"/>
      </symbol>
      <symbol id="sm-ae0">
         <name>_u32OutputPortDataWrite</name>
         <value>0xd6a0</value>
         <object_component_ref idref="oc-10d"/>
      </symbol>
      <symbol id="sm-ae1">
         <name>_IO_bUseIOFbkEmulation</name>
         <value>0xd686</value>
         <object_component_ref idref="oc-10d"/>
      </symbol>
      <symbol id="sm-ae2">
         <name>_u32InputPortDataReadActiveLow</name>
         <value>0xd6a8</value>
         <object_component_ref idref="oc-10d"/>
      </symbol>
      <symbol id="sm-ae3">
         <name>_uEnableOutputUse</name>
         <value>0xd68f</value>
         <object_component_ref idref="oc-10d"/>
      </symbol>
      <symbol id="sm-ae4">
         <name>_uDOExternal</name>
         <value>0xd688</value>
         <object_component_ref idref="oc-10d"/>
      </symbol>
      <symbol id="sm-ae5">
         <name>_uEnableOutput</name>
         <value>0xd68e</value>
         <object_component_ref idref="oc-10d"/>
      </symbol>
      <symbol id="sm-ae6">
         <name>_uEnableOutput2346</name>
         <value>0xd691</value>
         <object_component_ref idref="oc-10d"/>
      </symbol>
      <symbol id="sm-ae7">
         <name>_u16DigitalOutputs</name>
         <value>0xd687</value>
         <object_component_ref idref="oc-10d"/>
      </symbol>
      <symbol id="sm-ae8">
         <name>_uDOExternalFbk</name>
         <value>0xd68a</value>
         <object_component_ref idref="oc-10d"/>
      </symbol>
      <symbol id="sm-ae9">
         <name>_IO_uErrorStop</name>
         <value>0xd692</value>
         <object_component_ref idref="oc-10d"/>
      </symbol>
      <symbol id="sm-aea">
         <name>_u32DigitalInputs</name>
         <value>0xd694</value>
         <object_component_ref idref="oc-10d"/>
      </symbol>
      <symbol id="sm-aeb">
         <name>_IO_nStackMask</name>
         <value>0xd693</value>
         <object_component_ref idref="oc-10d"/>
      </symbol>
      <symbol id="sm-aec">
         <name>_u32OutputPortDataNew</name>
         <value>0xd6a4</value>
         <object_component_ref idref="oc-10d"/>
      </symbol>
      <symbol id="sm-aed">
         <name>_uFaultInputDeny</name>
         <value>0xd68d</value>
         <object_component_ref idref="oc-10d"/>
      </symbol>
      <symbol id="sm-aee">
         <name>_u32OutputPortDataRead</name>
         <value>0xd69e</value>
         <object_component_ref idref="oc-10d"/>
      </symbol>
      <symbol id="sm-aef">
         <name>_uDIExternalFbk</name>
         <value>0xd68b</value>
         <object_component_ref idref="oc-10d"/>
      </symbol>
      <symbol id="sm-af0">
         <name>_uDIExternal</name>
         <value>0xd689</value>
         <object_component_ref idref="oc-10d"/>
      </symbol>
      <symbol id="sm-af1">
         <name>_uFaultInput</name>
         <value>0xd68c</value>
         <object_component_ref idref="oc-10d"/>
      </symbol>
      <symbol id="sm-af2">
         <name>_u32OutputPortDataPreserve</name>
         <value>0xd6a6</value>
         <object_component_ref idref="oc-10d"/>
      </symbol>
      <symbol id="sm-af3">
         <name>_u32DigitalOutputPortMask2</name>
         <value>0xd698</value>
         <object_component_ref idref="oc-10d"/>
      </symbol>
      <symbol id="sm-af4">
         <name>_u32DigitalOutputPortMask1</name>
         <value>0xd696</value>
         <object_component_ref idref="oc-10d"/>
      </symbol>
      <symbol id="sm-af5">
         <name>_u32DigitalInputPortMask</name>
         <value>0xd69c</value>
         <object_component_ref idref="oc-10d"/>
      </symbol>
      <symbol id="sm-b0f">
         <name>_SCIA_RXFIFOISR</name>
         <value>0x88279</value>
         <object_component_ref idref="oc-113"/>
      </symbol>
      <symbol id="sm-b10">
         <name>_SCIB_RXFIFOISR</name>
         <value>0x882f9</value>
         <object_component_ref idref="oc-113"/>
      </symbol>
      <symbol id="sm-b11">
         <name>_SCIC_RXFIFOISR</name>
         <value>0x88378</value>
         <object_component_ref idref="oc-113"/>
      </symbol>
      <symbol id="sm-b12">
         <name>_SCI_ErrorRx</name>
         <value>0xd8a6</value>
         <object_component_ref idref="oc-171"/>
      </symbol>
      <symbol id="sm-b13">
         <name>_SCID_TXFIFOISR</name>
         <value>0x883b7</value>
         <object_component_ref idref="oc-113"/>
      </symbol>
      <symbol id="sm-b14">
         <name>_SCIA_TXFIFOISR</name>
         <value>0x88239</value>
         <object_component_ref idref="oc-113"/>
      </symbol>
      <symbol id="sm-b15">
         <name>_SCIB_TXFIFOISR</name>
         <value>0x882b9</value>
         <object_component_ref idref="oc-113"/>
      </symbol>
      <symbol id="sm-b16">
         <name>_SCIC_TXFIFOISR</name>
         <value>0x88339</value>
         <object_component_ref idref="oc-113"/>
      </symbol>
      <symbol id="sm-b17">
         <name>_SCI_vInitFIFORegisters</name>
         <value>0x85f9a</value>
         <object_component_ref idref="oc-161"/>
      </symbol>
      <symbol id="sm-b18">
         <name>_SCI_vInitFIFO</name>
         <value>0x85f9b</value>
         <object_component_ref idref="oc-161"/>
      </symbol>
      <symbol id="sm-b19">
         <name>_SCI_u32GetBaseFromModuleIndex</name>
         <value>0x85fd9</value>
         <object_component_ref idref="oc-161"/>
      </symbol>
      <symbol id="sm-b1a">
         <name>_SCI_vErrorResetProcess</name>
         <value>0x85f81</value>
         <object_component_ref idref="oc-161"/>
      </symbol>
      <symbol id="sm-b1b">
         <name>_SCID_RXFIFOISR</name>
         <value>0x883f6</value>
         <object_component_ref idref="oc-113"/>
      </symbol>
      <symbol id="sm-b1c">
         <name>_SCI_eGetModuleIndexFromBase</name>
         <value>0x85fd1</value>
         <object_component_ref idref="oc-161"/>
      </symbol>
      <symbol id="sm-b58">
         <name>_TIMER_vSetupTimerMainDelayedFunctionSendData</name>
         <value>0x88aa9</value>
         <object_component_ref idref="oc-164"/>
      </symbol>
      <symbol id="sm-b59">
         <name>_pfDelayedFunction_u8</name>
         <value>0xd8c0</value>
         <object_component_ref idref="oc-166"/>
      </symbol>
      <symbol id="sm-b5a">
         <name>_u16TimerMainFunctionDelay</name>
         <value>0xd944</value>
         <object_component_ref idref="oc-165"/>
      </symbol>
      <symbol id="sm-b5b">
         <name>_hours</name>
         <value>0xd877</value>
         <object_component_ref idref="oc-11a"/>
      </symbol>
      <symbol id="sm-b5c">
         <name>_TIMER_vSetupTimerMainDelayedFunction</name>
         <value>0x88ab7</value>
         <object_component_ref idref="oc-164"/>
      </symbol>
      <symbol id="sm-b5d">
         <name>_TMR1_ISR</name>
         <value>0x88dc2</value>
         <object_component_ref idref="oc-11b"/>
      </symbol>
      <symbol id="sm-b5e">
         <name>_TMR_vInitCPUTimers</name>
         <value>0x889f6</value>
         <object_component_ref idref="oc-164"/>
      </symbol>
      <symbol id="sm-b5f">
         <name>_TIMER_vSetupTimerMainFunctionDelayCompare</name>
         <value>0x88ad1</value>
         <object_component_ref idref="oc-164"/>
      </symbol>
      <symbol id="sm-b60">
         <name>_TMR0_ISR</name>
         <value>0x88d91</value>
         <object_component_ref idref="oc-11b"/>
      </symbol>
      <symbol id="sm-b61">
         <name>_u16SecondCounter</name>
         <value>0xd875</value>
         <object_component_ref idref="oc-11a"/>
      </symbol>
      <symbol id="sm-b62">
         <name>_TIMER_vGetTimerMainRollingCounter</name>
         <value>0x88a94</value>
         <object_component_ref idref="oc-164"/>
      </symbol>
      <symbol id="sm-b63">
         <name>_cpuTimer0IntCount</name>
         <value>0xd870</value>
         <object_component_ref idref="oc-11a"/>
      </symbol>
      <symbol id="sm-b64">
         <name>_pfDelayedFunction</name>
         <value>0xd8b6</value>
         <object_component_ref idref="oc-169"/>
      </symbol>
      <symbol id="sm-b65">
         <name>_configCPUTimer</name>
         <value>0x88a46</value>
         <object_component_ref idref="oc-164"/>
      </symbol>
      <symbol id="sm-b66">
         <name>_cpuTimer2IntCount</name>
         <value>0xd872</value>
         <object_component_ref idref="oc-11a"/>
      </symbol>
      <symbol id="sm-b67">
         <name>_TIMER_vSetupTimerMainDelayedData</name>
         <value>0x88ae2</value>
         <object_component_ref idref="oc-164"/>
      </symbol>
      <symbol id="sm-b68">
         <name>_TMR2_ISR</name>
         <value>0x88e90</value>
         <object_component_ref idref="oc-11b"/>
      </symbol>
      <symbol id="sm-b69">
         <name>_u16TimerMainPeriod</name>
         <value>0xd873</value>
         <object_component_ref idref="oc-11a"/>
      </symbol>
      <symbol id="sm-b6a">
         <name>_second_Passed</name>
         <value>0xd87a</value>
         <object_component_ref idref="oc-11a"/>
      </symbol>
      <symbol id="sm-b6b">
         <name>_TIMER_vSetupTimerMainFunctionDelay</name>
         <value>0x88a98</value>
         <object_component_ref idref="oc-164"/>
      </symbol>
      <symbol id="sm-b6c">
         <name>_minutes</name>
         <value>0xd878</value>
         <object_component_ref idref="oc-11a"/>
      </symbol>
      <symbol id="sm-b6d">
         <name>_TIMER_vResetTimerMainFunctionDelayCounter</name>
         <value>0x88ac5</value>
         <object_component_ref idref="oc-164"/>
      </symbol>
      <symbol id="sm-b6e">
         <name>_u16TimerMainDelayedData</name>
         <value>0xd940</value>
         <object_component_ref idref="oc-168"/>
      </symbol>
      <symbol id="sm-b6f">
         <name>_cpuTimer1IntCount</name>
         <value>0xd871</value>
         <object_component_ref idref="oc-11a"/>
      </symbol>
      <symbol id="sm-b70">
         <name>_seconds</name>
         <value>0xd879</value>
         <object_component_ref idref="oc-11a"/>
      </symbol>
      <symbol id="sm-b71">
         <name>_u16TimerMainFunctionDelayCompare</name>
         <value>0xd948</value>
         <object_component_ref idref="oc-16c"/>
      </symbol>
      <symbol id="sm-b72">
         <name>_u16TimerMainISRCounter</name>
         <value>0xd876</value>
         <object_component_ref idref="oc-11a"/>
      </symbol>
      <symbol id="sm-b73">
         <name>_u16TimerMainFunctionDelayCounter</name>
         <value>0xd94c</value>
         <object_component_ref idref="oc-16b"/>
      </symbol>
      <symbol id="sm-b74">
         <name>_TMR_vInit</name>
         <value>0x889bb</value>
         <object_component_ref idref="oc-164"/>
      </symbol>
      <symbol id="sm-b75">
         <name>_u16SecondPeriod</name>
         <value>0xd874</value>
         <object_component_ref idref="oc-11a"/>
      </symbol>
      <symbol id="sm-bd9">
         <name>_UART_IsTxReady</name>
         <value>0x83deb</value>
         <object_component_ref idref="oc-162"/>
      </symbol>
      <symbol id="sm-bda">
         <name>_UART_RxDis</name>
         <value>0x83dad</value>
         <object_component_ref idref="oc-162"/>
      </symbol>
      <symbol id="sm-bdb">
         <name>_UARTRxBufferRDCount</name>
         <value>0xd930</value>
         <object_component_ref idref="oc-17a"/>
      </symbol>
      <symbol id="sm-bdc">
         <name>_UART_GetChar</name>
         <value>0x83e40</value>
         <object_component_ref idref="oc-162"/>
      </symbol>
      <symbol id="sm-bdd">
         <name>_UART_ReadDataRxTimeDiff</name>
         <value>0x83e9a</value>
         <object_component_ref idref="oc-162"/>
      </symbol>
      <symbol id="sm-bde">
         <name>_UART_bUseSCIA_On_USB_Connector</name>
         <value>0x83d55</value>
         <object_component_ref idref="oc-162"/>
      </symbol>
      <symbol id="sm-bdf">
         <name>_UART_RxEna</name>
         <value>0x83d91</value>
         <object_component_ref idref="oc-162"/>
      </symbol>
      <symbol id="sm-be0">
         <name>_UART_PutChar</name>
         <value>0x83dfe</value>
         <object_component_ref idref="oc-162"/>
      </symbol>
      <symbol id="sm-be1">
         <name>_UART_RXIntOverflowCounter</name>
         <value>0xd8ae</value>
         <object_component_ref idref="oc-184"/>
      </symbol>
      <symbol id="sm-be2">
         <name>_u32TimeDiffNow</name>
         <value>0xd8d0</value>
         <object_component_ref idref="oc-182"/>
      </symbol>
      <symbol id="sm-be3">
         <name>_UART_PutNextAddress</name>
         <value>0x83e09</value>
         <object_component_ref idref="oc-162"/>
      </symbol>
      <symbol id="sm-be4">
         <name>_UART_sHandle</name>
         <value>0xd6ac</value>
         <object_component_ref idref="oc-122"/>
      </symbol>
      <symbol id="sm-be5">
         <name>_UART_IsRxReady</name>
         <value>0x83e2d</value>
         <object_component_ref idref="oc-162"/>
      </symbol>
      <symbol id="sm-be6">
         <name>_UART_ReadDataRx</name>
         <value>0x83ea6</value>
         <object_component_ref idref="oc-162"/>
      </symbol>
      <symbol id="sm-be7">
         <name>_UART_TxDis</name>
         <value>0x83d75</value>
         <object_component_ref idref="oc-162"/>
      </symbol>
      <symbol id="sm-be8">
         <name>_UART_ReadDataRxAvailable</name>
         <value>0x83e6c</value>
         <object_component_ref idref="oc-162"/>
      </symbol>
      <symbol id="sm-be9">
         <name>_UARTRxBufferWRCount</name>
         <value>0xd938</value>
         <object_component_ref idref="oc-178"/>
      </symbol>
      <symbol id="sm-bea">
         <name>_UART_TxIntDis</name>
         <value>0x83dda</value>
         <object_component_ref idref="oc-162"/>
      </symbol>
      <symbol id="sm-beb">
         <name>_u32TimeDiffRead</name>
         <value>0xd8d8</value>
         <object_component_ref idref="oc-17c"/>
      </symbol>
      <symbol id="sm-bec">
         <name>_UARTRxBufferWRIndex</name>
         <value>0xd93c</value>
         <object_component_ref idref="oc-176"/>
      </symbol>
      <symbol id="sm-bed">
         <name>_UARTRxBufferRDIndex</name>
         <value>0xd934</value>
         <object_component_ref idref="oc-174"/>
      </symbol>
      <symbol id="sm-bee">
         <name>_UARTRxBufferTimeDiff</name>
         <value>0xc600</value>
         <object_component_ref idref="oc-17e"/>
      </symbol>
      <symbol id="sm-bef">
         <name>_UART_IsTxEmpty</name>
         <value>0x83e15</value>
         <object_component_ref idref="oc-162"/>
      </symbol>
      <symbol id="sm-bf0">
         <name>_UART_TxEna</name>
         <value>0x83d59</value>
         <object_component_ref idref="oc-162"/>
      </symbol>
      <symbol id="sm-bf1">
         <name>_u32TimeDiffLast</name>
         <value>0xd8c8</value>
         <object_component_ref idref="oc-172"/>
      </symbol>
      <symbol id="sm-bf2">
         <name>_UART_vReset</name>
         <value>0x83e49</value>
         <object_component_ref idref="oc-162"/>
      </symbol>
      <symbol id="sm-bf3">
         <name>_bUseSCIA_On_USB</name>
         <value>0xd6aa</value>
         <object_component_ref idref="oc-122"/>
      </symbol>
      <symbol id="sm-bf4">
         <name>_UART_TXInterrupt</name>
         <value>0x83f8c</value>
         <object_component_ref idref="oc-162"/>
      </symbol>
      <symbol id="sm-bf5">
         <name>_UART_RXInterrupt</name>
         <value>0x83eee</value>
         <object_component_ref idref="oc-162"/>
      </symbol>
      <symbol id="sm-bf6">
         <name>_UART_TxIntEna</name>
         <value>0x83dc9</value>
         <object_component_ref idref="oc-162"/>
      </symbol>
      <symbol id="sm-bf7">
         <name>_UART_TransmitEnableDisable</name>
         <value>0x83e81</value>
         <object_component_ref idref="oc-162"/>
      </symbol>
      <symbol id="sm-bf8">
         <name>_UART_vInit</name>
         <value>0x83e4a</value>
         <object_component_ref idref="oc-162"/>
      </symbol>
      <symbol id="sm-bf9">
         <name>_UARTRxBuffer</name>
         <value>0xd100</value>
         <object_component_ref idref="oc-17f"/>
      </symbol>
      <symbol id="sm-c14">
         <name>_c_int00</name>
         <value>0x83f95</value>
         <object_component_ref idref="oc-19"/>
      </symbol>
      <symbol id="sm-c15">
         <name>__stack</name>
         <value>0x400</value>
         <object_component_ref idref="oc-127"/>
      </symbol>
      <symbol id="sm-c26">
         <name>FS$$DIV</name>
         <value>0x87f51</value>
         <object_component_ref idref="oc-12d"/>
      </symbol>
      <symbol id="sm-c32">
         <name>U$$MOD</name>
         <value>0x83ff0</value>
         <object_component_ref idref="oc-132"/>
      </symbol>
      <symbol id="sm-c33">
         <name>U$$DIV</name>
         <value>0x83feb</value>
         <object_component_ref idref="oc-132"/>
      </symbol>
      <symbol id="sm-c42">
         <name>_copy_in</name>
         <value>0x87fd9</value>
         <object_component_ref idref="oc-15d"/>
      </symbol>
      <symbol id="sm-c53">
         <name>_memcpy</name>
         <value>0x85fe2</value>
         <object_component_ref idref="oc-16d"/>
      </symbol>
      <symbol id="sm-c5f">
         <name>__system_pre_init</name>
         <value>0x87ffd</value>
         <object_component_ref idref="oc-15c"/>
      </symbol>
      <symbol id="sm-c6c">
         <name>__system_post_cinit</name>
         <value>0x83fff</value>
         <object_component_ref idref="oc-15e"/>
      </symbol>
      <symbol id="sm-c80">
         <name>C$$EXIT</name>
         <value>0x8901f</value>
         <object_component_ref idref="oc-160"/>
      </symbol>
      <symbol id="sm-c81">
         <name>_exit</name>
         <value>0x89021</value>
         <object_component_ref idref="oc-160"/>
      </symbol>
      <symbol id="sm-c82">
         <name>___TI_cleanup_ptr</name>
         <value>0xd920</value>
         <object_component_ref idref="oc-14d"/>
      </symbol>
      <symbol id="sm-c83">
         <name>___TI_enable_exit_profile_output</name>
         <value>0xd91e</value>
         <object_component_ref idref="oc-14d"/>
      </symbol>
      <symbol id="sm-c84">
         <name>_abort</name>
         <value>0x8901f</value>
         <object_component_ref idref="oc-160"/>
      </symbol>
      <symbol id="sm-c85">
         <name>___TI_dtors_ptr</name>
         <value>0xd922</value>
         <object_component_ref idref="oc-14d"/>
      </symbol>
      <symbol id="sm-c99">
         <name>__unlock</name>
         <value>0xd96c</value>
         <object_component_ref idref="oc-1b0"/>
      </symbol>
      <symbol id="sm-c9a">
         <name>__lock</name>
         <value>0xd96a</value>
         <object_component_ref idref="oc-16f"/>
      </symbol>
      <symbol id="sm-c9b">
         <name>__register_lock</name>
         <value>0x83ffa</value>
         <object_component_ref idref="oc-18a"/>
      </symbol>
      <symbol id="sm-c9c">
         <name>__nop</name>
         <value>0x83ffe</value>
         <object_component_ref idref="oc-18a"/>
      </symbol>
      <symbol id="sm-c9d">
         <name>__register_unlock</name>
         <value>0x83ff6</value>
         <object_component_ref idref="oc-18a"/>
      </symbol>
      <symbol id="sm-cac">
         <name>__args_main</name>
         <value>0x89048</value>
         <object_component_ref idref="oc-15f"/>
      </symbol>
   </symbol_table>
   <title>Link successful</title>
</link_info>
