******************************************************************************
             TMS320C2000 Linker PC v18.12.2                    
******************************************************************************
>> Linked Fri Mar 13 16:01:20 2020

OUTPUT FILE NAME:   <../../../04_Output_Files/Release/TEST_CSMON_C28xx.out>
ENTRY POINT SYMBOL: "_c_int00"  address: 00088eec


MEMORY CONFIGURATION

         name            origin    length      used     unused   attr    fill
----------------------  --------  ---------  --------  --------  ----  --------
PAGE 0:
  RAMM0                 00000122   000002de  00000000  000002de  RWIX
  RAMLS0                00008000   00000800  0000005c  000007a4  RWIX
  RAMLS1                00008800   00000800  00000000  00000800  RWIX
  RAMLS2                00009000   00000800  00000000  00000800  RWIX
  RAMLS3                00009800   00000800  00000000  00000800  RWIX
  RAMLS4                0000a000   00000800  00000000  00000800  RWIX
  RAMD0                 0000b000   00000800  00000000  00000800  RWIX
  RAMGS14               0001a000   00001000  00000000  00001000  RWIX
  RAMGS15               0001b000   00001000  00000000  00001000  RWIX
  BEGIN                 00080000   00000002  00000002  00000000  RWIX
  FLASHA                00080002   00001ffe  00000000  00001ffe  RWIX
  FLASHB                00082000   00002000  00001fff  00000001  RWIX
  FLASHC                00084000   00002000  00002000  00000000  RWIX
  FLASHD                00086000   00002000  00001ffb  00000005  RWIX
  FLASHE                00088000   00008000  00000fce  00007032  RWIX
  FLASHF                00090000   00008000  00000af6  0000750a  RWIX
  FLASHG                00098000   00008000  00000000  00008000  RWIX
  FLASHH                000a0000   00008000  00000000  00008000  RWIX
  FLASHI                000a8000   00008000  00000000  00008000  RWIX
  FLASHJ                000b0000   00008000  00000000  00008000  RWIX
  FLASHK                000b8000   00002000  00000000  00002000  RWIX
  FLASHL                000ba000   00002000  00000000  00002000  RWIX
  FLASHM                000bc000   00002000  00000000  00002000  RWIX
  FLASHN                000be000   00002000  00000000  00002000  RWIX
  RESET                 003fffc0   00000002  00000000  00000002  RWIX

PAGE 1:
  BOOT_RSVD             00000002   00000120  00000000  00000120  RWIX
  RAMM1                 00000400   00000400  00000200  00000200  RWIX
  RAMLS5                0000a800   00000800  00000800  00000000  RWIX
  RAMD1                 0000b800   00000800  00000000  00000800  RWIX
  RAMGS0                0000c000   00001000  00001000  00000000  RWIX
  RAMGS1                0000d000   00001000  00000969  00000697  RWIX
  RAMGS2                0000e000   00001000  00000000  00001000  RWIX
  RAMGS3                0000f000   00001000  00000000  00001000  RWIX
  RAMGS4                00010000   00001000  00000000  00001000  RWIX
  RAMGS5                00011000   00001000  00000000  00001000  RWIX
  RAMGS6                00012000   00001000  00000000  00001000  RWIX
  RAMGS7                00013000   00001000  00000000  00001000  RWIX
  RAMGS8                00014000   00001000  00000000  00001000  RWIX
  RAMGS9                00015000   00001000  00000000  00001000  RWIX
  RAMGS10               00016000   00001000  00000000  00001000  RWIX
  RAMGS11               00017000   00001000  00000000  00001000  RWIX
  RAMGS12               00018000   00001000  00000000  00001000  RWIX
  RAMGS13               00019000   00001000  00000000  00001000  RWIX
  CPU2TOCPU1RAM         0003f800   00000400  00000000  00000400  RWIX
  CPU1TOCPU2RAM         0003fc00   00000400  00000000  00000400  RWIX


SECTION ALLOCATION MAP

 output                                  attributes/
section   page    origin      length       input sections
--------  ----  ----------  ----------   ----------------
.cinit     0    00082000    0000060b     
                  00082000    00000197     CSMON_C28xx.lib : hmmodbus.obj (.cinit)
                  00082197    00000106                     : fpga_sci.obj (.cinit)
                  0008229d    000000c3                     : modbusreg.obj (.cinit:_QueueTestTable)
                  00082360    00000042                     : csmon.obj (.cinit)
                  000823a2    00000030                     : csmon.obj (.cinit:_CSMON_au8FileRecorderConfigurationElementsSizeTable)
                  000823d2    0000002b                     : csmon.obj (.cinit:_CSMON_au8FileScopeConfigurationElementsSizeTable)
                  000823fd    00000028                     : io_drv.obj (.cinit)
                  00082425    00000020                     : hmlib.obj (.cinit)
                  00082445    00000014                     : hmprotocol.obj (.cinit)
                  00082459    00000013                     : modbusreg.obj (.cinit:_MODBUSREG_au8DeviceIDUserApplicationName)
                  0008246c    00000013                     : modbusreg.obj (.cinit:_MODBUSREG_au8DeviceIDVendorUrl)
                  0008247f    00000013                     : modbusreg.obj (.cinit:_MODBUSREG_au8ServerIDData)
                  00082492    00000010                     : modbusreg.obj (.cinit)
                  000824a2    00000010     main.obj (.cinit)
                  000824b2    0000000f     CSMON_C28xx.lib : modbusreg.obj (.cinit:_MODBUSREG_au8DeviceIDModelName)
                  000824c1    0000000f     device.obj (.cinit)
                  000824d0    0000000e     rts2800_fpu32.lib : exit.c.obj (.cinit)
                  000824de    0000000c     CSMON_C28xx.lib : modbusreg.obj (.cinit:_MODBUSREG_au8DeviceIDProductName)
                  000824ea    0000000c                     : modbusreg.obj (.cinit:_MODBUSREG_au8DeviceIDUserReserve0)
                  000824f6    0000000c                     : modbusreg.obj (.cinit:_MODBUSREG_au8DeviceIDUserReserve1)
                  00082502    0000000c                     : modbusreg.obj (.cinit:_MODBUSREG_au8DeviceIDUserReserve2)
                  0008250e    0000000c                     : modbusreg.obj (.cinit:_MODBUSREG_au8DeviceIDVendorName)
                  0008251a    0000000b                     : fpga_sci.obj (.cinit:_FPGA_SCI_nMessagesCounter)
                  00082525    0000000b                     : uart_drv.obj (.cinit:_UART_RXIntOverflowCounter)
                  00082530    0000000b                     : tmr_drv.obj (.cinit:_pfDelayedFunction)
                  0008253b    0000000b                     : tmr_drv.obj (.cinit:_pfDelayedFunction_u8)
                  00082546    0000000b                     : uart_drv.obj (.cinit:_u32TimeDiffLast)
                  00082551    0000000b                     : uart_drv.obj (.cinit:_u32TimeDiffNow)
                  0008255c    0000000b                     : uart_drv.obj (.cinit:_u32TimeDiffRead)
                  00082567    00000009                     : hmserial.obj (.cinit)
                  00082570    00000009                     : csmon.obj (.cinit:_CSMON_au32FileAutorization_FunctionAfterWriteFileRecord)
                  00082579    00000009                     : hmscopeparam.obj (.cinit:_pBufferScope)
                  00082582    00000008                     : csmon.obj (.cinit:_CSMON_au8FileParameterListElementsSizeTablePart1)
                  0008258a    00000007                     : sys_drv.obj (.cinit)
                  00082591    00000007                     : csmon.obj (.cinit:_CSMON_au8FileParameterCountElementsSizeTable)
                  00082598    00000007                     : csmon.obj (.cinit:_CSMON_au8FileRecorderStatusElementsSizeTable)
                  0008259f    00000007                     : modbusreg.obj (.cinit:_MODBUSREG_au8DeviceIDMajorMinorRevision)
                  000825a6    00000007                     : modbusreg.obj (.cinit:_MODBUSREG_au8DeviceIDProductCode)
                  000825ad    00000007                     : uart_drv.obj (.cinit:_UARTRxBufferRDCount)
                  000825b4    00000007                     : uart_drv.obj (.cinit:_UARTRxBufferRDIndex)
                  000825bb    00000007                     : uart_drv.obj (.cinit:_UARTRxBufferWRCount)
                  000825c2    00000007                     : uart_drv.obj (.cinit:_UARTRxBufferWRIndex)
                  000825c9    00000006                     : csmon.obj (.cinit:_CSMON_abFileAutorization_RecordReadOnly)
                  000825cf    00000006                     : csmon.obj (.cinit:_CSMON_abFileAutorization_RecordStringData)
                  000825d5    00000006                     : csmon.obj (.cinit:_CSMON_au16FileAutorization_RecordOffsets)
                  000825db    00000006                     : hmscopeparam.obj (.cinit:_nSizeBytesScopeBuffer)
                  000825e1    00000005                     : csmon.obj (.cinit:_CSMON_au8FileParameterListElementsSizeTablePart2)
                  000825e6    00000005                     : csmon.obj (.cinit:_CSMON_au8FileParameterListElementsSizeTablePart3)
                  000825eb    00000005     rts2800_fpu32.lib : _lock.c.obj (.cinit:__lock)
                  000825f0    00000005                       : _lock.c.obj (.cinit:__unlock)
                  000825f5    00000004     CSMON_C28xx.lib : hmscopeparam.obj (.cinit)
                  000825f9    00000004                     : tmr_drv.obj (.cinit)
                  000825fd    00000004                     : uart_drv.obj (.cinit)
                  00082601    00000004                     : csmon.obj (.cinit:_CSMON_au8FileScopeStatusElementsSizeTable)
                  00082605    00000004                     : hmrecparam.obj (.cinit:_sRecTimeBase)
                  00082609    00000002     --HOLE-- [fill = 0]

.pinit     0    00082000    00000000     UNINITIALIZED

codestart 
*          0    00080000    00000002     
                  00080000    00000002     F2837xD_CodeStartBranch.obj (codestart)

.TI.ramfunc 
*          0    00086000    0000005c     RUN ADDR = 00008000
                  00086000    00000058     flash.obj (.TI.ramfunc)
                  00086058    00000004     sysctl.obj (.TI.ramfunc)

.stack     1    00000400    00000200     UNINITIALIZED
                  00000400    00000200     --HOLE--

.switch    0    0008260c    00000030     
                  0008260c    00000030     CSMON_C28xx.lib : hmmodbus.obj (.switch:_HMMODBUS_Rx)

.reset     0    003fffc0    00000002     DSECT
                  003fffc0    00000002     rts2800_fpu32.lib : boot28.asm.obj (.reset)

GETBUFFER 
*          0    0003f800    00000000     DSECT

GETWRITEIDX 
*          0    0003f800    00000000     DSECT

PUTREADIDX 
*          0    0003f800    00000000     DSECT

.text.1    0    0008263c    000019c4     
                  0008263c    00000e1c     CSMON_C28xx.lib : modbusreg.obj (.text)
                  00083458    000008a2                     : fpga_sci.obj (.text)
                  00083cfa    00000287                     : uart_drv.obj (.text)
                  00083f81    00000079                     : hmscope.obj (.text)
                  00083ffa    00000006     cputimer.obj (.text)

.text.2    0    00084000    00002000     
                  00084000    00001f09     CSMON_C28xx.lib : hmmodbus.obj (.text)
                  00085f09    000000d9                     : sci_drv.obj (.text)
                  00085fe2    0000001d     rts2800_fpu32.lib : memcpy.c.obj (.text)
                  00085fff    00000001                       : startup.c.obj (.text)

.text.3    0    0008605c    00001f9f     
                  0008605c    00000829     CSMON_C28xx.lib : hmrecparam.obj (.text)
                  00086885    00000752                     : hmdrv.obj (.text)
                  00086fd7    00000505                     : csmon.obj (.text)
                  000874dc    0000042b     sysctl.obj (.text)
                  00087907    0000033c     CSMON_C28xx.lib : hmrec.obj (.text)
                  00087c43    0000027e                     : hmprotocol.obj (.text)
                  00087ec1    0000010f                     : tmr_drv.obj (.text:retain)
                  00087fd0    00000029     rts2800_fpu32.lib : exit.c.obj (.text)
                  00087ff9    00000002                       : pre_init.c.obj (.text)

.text.4    0    00088000    00000fce     
                  00088000    00000239     CSMON_C28xx.lib : hmserial.obj (.text)
                  00088239    000001fc                     : sci_drv.obj (.text:retain)
                  00088435    000001ef                     : hmlib.obj (.text)
                  00088624    000001c8                     : hmscopeparam.obj (.text)
                  000887ec    0000018c     gpio.obj (.text)
                  00088978    00000174     CSMON_C28xx.lib : tmr_drv.obj (.text)
                  00088aec    00000156     interrupt.obj (.text)
                  00088c42    0000014f     device.obj (.text)
                  00088d91    000000d3     sci.obj (.text)
                  00088e64    00000088     rts2800_fpu32.lib : fs_div28.asm.obj (.text)
                  00088eec    00000056                       : boot28.asm.obj (.text)
                  00088f42    00000033     main.obj (.text)
                  00088f75    00000024     rts2800_fpu32.lib : cpy_tbl.c.obj (.text)
                  00088f99    00000019                       : args_main.c.obj (.text)
                  00088fb2    0000000b                       : u_div28.asm.obj (.text)
                  00088fbd    00000009                       : _lock.c.obj (.text)
                  00088fc6    00000008     F2837xD_CodeStartBranch.obj (.text)

.econst    0    00090000    00000af6     
                  00090000    00000460     CSMON_C28xx.lib : csmon.obj (.econst:_CSMON_asFileParameterShortName)
                  00090460    000001c0                     : modbusreg.obj (.econst:_MODBUSREG_sHoldingRegisterValuesTable)
                  00090620    0000015e                     : csmon.obj (.econst:_CSMON_sFileParameterList)
                  0009077e    00000100                     : hmmodbus.obj (.econst:.string:_auchCRCHi)
                  0009087e    00000100                     : hmmodbus.obj (.econst:.string:_auchCRCLo)
                  0009097e    00000070                     : modbusreg.obj (.econst:_MODBUSREG_sInputRegisterValuesTable)
                  000909ee    00000050                     : csmon.obj (.econst:_CSMON_asAccessLevelPasswords)
                  00090a3e    0000003f                     : modbusreg.obj (.econst:_MODBUSREG_sHoldingCoilValuesTable)
                  00090a7d    0000003f                     : modbusreg.obj (.econst:_MODBUSREG_sInputCoilValuesTable)
                  00090abc    00000014                     : csmon.obj (.econst:.string:_CSMON_au8FileImplementedFunctionCodes)
                  00090ad0    0000000c                     : hmprotocol.obj (.econst:.string)
                  00090adc    0000000c                     : modbusreg.obj (.econst:_HMMODBUS_u32RegisterAddressTable)
                  00090ae8    00000003                     : csmon.obj (.econst:.string:_CSMON_au8FileParameterListElementsCountInPartTable)
                  00090aeb    00000003                     : modbusreg.obj (.econst:_HMMODBUS_u32CoilAddressTable)
                  00090aee    00000003                     : modbusreg.obj (.econst:_MODBUSREG_sInputCoilAddressTable)
                  00090af1    00000003                     : modbusreg.obj (.econst:_MODBUSREG_sInputRegisterAddressTable)
                  00090af4    00000001                     : fpga_sci.obj (.econst:_$P$T0$1)
                  00090af5    00000001                     : csmon.obj (.econst:_CSMON_sFileProtocolVersion)

.ebss.1    1    0000a800    00000800     UNINITIALIZED
                  0000a800    00000800     CSMON_C28xx.lib : hmrec.obj (.ebss:_au8RecBuffer0)

.ebss.2    1    0000c000    00001000     UNINITIALIZED
                  0000c000    00000300     CSMON_C28xx.lib : hmscopeparam.obj (.ebss:_HMSCOPEPRM_u8Buffer)
                  0000c300    000002d0                     : modbusreg.obj (.ebss:_MODBUSREG_asFileTable)
                  0000c5d0    0000002d                     : csmon.obj (.ebss:_CSMON_au8FileRecorderConfigurationElementsSizeTable)
                  0000c5fd    00000003                     : csmon.obj (.ebss:_CSMON_abFileAutorization_RecordReadOnly)
                  0000c600    00000200                     : uart_drv.obj (.ebss:_UARTRxBufferTimeDiff)
                  0000c800    00000200                     : hmmodbus.obj (.ebss:_u32ModbusTimeoutBuffer)
                  0000ca00    00000170                     : hmmodbus.obj (.ebss)
                  0000cb70    00000010                     : csmon.obj (.ebss:_CSMON_sAccessLevelPasswordSelected)
                  0000cb80    00000120                     : hmrecparam.obj (.ebss:_sRecHandleParam)
                  0000cca0    00000020                     : modbusreg.obj (.ebss:_MODBUSREG_asQueueTable)
                  0000ccc0    00000108                     : hmrec.obj (.ebss:_sRecHandle)
                  0000cdc8    0000002a                     : csmon.obj (.ebss:_CSMON_au8FileScopeConfigurationElementsSizeTable)
                  0000cdf2    0000000e                     : hmserial.obj (.ebss)
                  0000ce00    00000100                     : hmmodbus.obj (.ebss:_HMMODBUS_anTxCheckSum)
                  0000cf00    00000100                     : hmmodbus.obj (.ebss:_HMMODBUS_pCommBufferRx)

.ebss.3    1    0000d000    00000969     UNINITIALIZED
                  0000d000    00000100     CSMON_C28xx.lib : hmmodbus.obj (.ebss:_HMMODBUS_pCommBufferTx)
                  0000d100    00000100                     : uart_drv.obj (.ebss:_UARTRxBuffer)
                  0000d200    000000c0                     : modbusreg.obj (.ebss:_QueueTestTable)
                  0000d2c0    000000c0                     : hmrecparam.obj (.ebss:_sRecConfigParam)
                  0000d380    000000ba                     : hmscopeparam.obj (.ebss:_sScopeHandlePrm)
                  0000d43a    00000006                     : hmprotocol.obj (.ebss)
                  0000d440    00000080                     : fpga_sci.obj (.ebss)
                  0000d4c0    0000007e                     : hmscopeparam.obj (.ebss:_sScopeConfigParam)
                  0000d53e    00000002                     : hmscopeparam.obj (.ebss)
                  0000d540    00000079                     : hmserial.obj (.ebss:_pcm_pCommBuffer)
                  0000d5b9    00000001                     : hmdrv.obj (.ebss)
                  0000d5ba    00000006                     : csmon.obj (.ebss:_CSMON_au32FileAutorization_FunctionAfterWriteFileRecord)
                  0000d5c0    00000063                     : csmon.obj (.ebss)
                  0000d623    00000001                     : hmrec.obj (.ebss)
                  0000d624    00000018                     : modbusreg.obj (.ebss:_HMMODBUS_u32RegisterAddressTableInRam)
                  0000d63c    00000004                     : modbusreg.obj (.ebss)
                  0000d640    00000046                     : csmon.obj (.ebss:_CSMON_asFileParameterDefinitionsFromAccessLevel)
                  0000d686    00000024                     : io_drv.obj (.ebss)
                  0000d6aa    00000016                     : uart_drv.obj (.ebss)
                  0000d6c0    00000040                     : hmscope.obj (.ebss)
                  0000d700    00000040                     : fpga_sci.obj (.ebss:_FPGA_SCI_au8RxBuffer)
                  0000d740    00000040                     : fpga_sci.obj (.ebss:_FPGA_SCI_au8TxBuffer)
                  0000d780    00000018                     : hmrecparam.obj (.ebss:_sRecStatusParam)
                  0000d798    00000010                     : csmon.obj (.ebss:_CSMON_sAccessLevelPasswordSelectedNonConst)
                  0000d7a8    00000010                     : csmon.obj (.ebss:_CSMON_sAccessLevelPasswordSelectedNonConstNoModifierAssign)
                  0000d7b8    00000008                     : hmlib.obj (.ebss)
                  0000d7c0    00000010                     : modbusreg.obj (.ebss:_MODBUSREG_au8DeviceIDMajorMinorRevision)
                  0000d7d0    00000010                     : modbusreg.obj (.ebss:_MODBUSREG_au8DeviceIDModelName)
                  0000d7e0    00000010                     : modbusreg.obj (.ebss:_MODBUSREG_au8DeviceIDProductCode)
                  0000d7f0    00000010                     : modbusreg.obj (.ebss:_MODBUSREG_au8DeviceIDProductName)
                  0000d800    00000010                     : modbusreg.obj (.ebss:_MODBUSREG_au8DeviceIDUserApplicationName)
                  0000d810    00000010                     : modbusreg.obj (.ebss:_MODBUSREG_au8DeviceIDUserReserve0)
                  0000d820    00000010                     : modbusreg.obj (.ebss:_MODBUSREG_au8DeviceIDUserReserve1)
                  0000d830    00000010                     : modbusreg.obj (.ebss:_MODBUSREG_au8DeviceIDUserReserve2)
                  0000d840    00000010                     : modbusreg.obj (.ebss:_MODBUSREG_au8DeviceIDVendorName)
                  0000d850    00000010                     : modbusreg.obj (.ebss:_MODBUSREG_au8DeviceIDVendorUrl)
                  0000d860    00000010                     : modbusreg.obj (.ebss:_MODBUSREG_au8ServerIDData)
                  0000d870    0000000b                     : tmr_drv.obj (.ebss)
                  0000d87b    00000005                     : csmon.obj (.ebss:_CSMON_au8FileParameterListElementsSizeTablePart1)
                  0000d880    0000000a                     : hmrecparam.obj (.ebss)
                  0000d88a    0000000a                     : hmmodbus.obj (.ebss:_HMMODBUS_nFilePrimaryAddrWriteLast)
                  0000d894    0000000a                     : hmmodbus.obj (.ebss:_HMMOSBUS_nFileWriteAddrReadLast)
                  0000d89e    00000008                     : fpga_sci.obj (.ebss:_FPGA_SCI_nMessagesCounter)
                  0000d8a6    00000008                     : sci_drv.obj (.ebss:_SCI_ErrorRx)
                  0000d8ae    00000008                     : uart_drv.obj (.ebss:_UART_RXIntOverflowCounter)
                  0000d8b6    00000008                     : tmr_drv.obj (.ebss:_pfDelayedFunction)
                  0000d8be    00000002                     : csmon.obj (.ebss:_CSMON_au8FileParameterListElementsSizeTablePart2)
                  0000d8c0    00000008                     : tmr_drv.obj (.ebss:_pfDelayedFunction_u8)
                  0000d8c8    00000008                     : uart_drv.obj (.ebss:_u32TimeDiffLast)
                  0000d8d0    00000008                     : uart_drv.obj (.ebss:_u32TimeDiffNow)
                  0000d8d8    00000008                     : uart_drv.obj (.ebss:_u32TimeDiffRead)
                  0000d8e0    00000006                     : csmon.obj (.ebss:_CSMON_au32FileParameterDefinitionsFileRecordElementsRealAddressTable)
                  0000d8e6    00000006                     : csmon.obj (.ebss:_CSMON_au32FileParameterDefinitionsFileRecordElementsSizeTable)
                  0000d8ec    00000006                     : modbusreg.obj (.ebss:_HMMODBUS_u32CoilAddressTableInRam)
                  0000d8f2    00000006                     : modbusreg.obj (.ebss:_MODBUSREG_sInputCoilAddressTableInRam)
                  0000d8f8    00000006                     : modbusreg.obj (.ebss:_MODBUSREG_sInputRegisterAddressTableInRam)
                  0000d8fe    00000002                     : csmon.obj (.ebss:_CSMON_au8FileParameterListElementsSizeTablePart3)
                  0000d900    00000006                     : hmscopeparam.obj (.ebss:_pBufferScope)
                  0000d906    00000006                     : hmrecparam.obj (.ebss:_u32RecorderLastFreeCounter)
                  0000d90c    00000006                     : hmrecparam.obj (.ebss:_u32RecorderMicroSec)
                  0000d912    00000006     device.obj (.ebss)
                  0000d918    00000006     rts2800_fpu32.lib : exit.c.obj (.ebss)
                  0000d91e    00000004     CSMON_C28xx.lib : sys_drv.obj (.ebss)
                  0000d922    00000004                     : csmon.obj (.ebss:_CSMON_au8FileParameterCountElementsSizeTable)
                  0000d926    00000004                     : csmon.obj (.ebss:_CSMON_au8FileRecorderStatusElementsSizeTable)
                  0000d92a    00000004                     : uart_drv.obj (.ebss:_UARTRxBufferRDCount)
                  0000d92e    00000004                     : uart_drv.obj (.ebss:_UARTRxBufferRDIndex)
                  0000d932    00000004                     : uart_drv.obj (.ebss:_UARTRxBufferWRCount)
                  0000d936    00000004                     : uart_drv.obj (.ebss:_UARTRxBufferWRIndex)
                  0000d93a    00000004                     : tmr_drv.obj (.ebss:_u16TimerMainDelayedData)
                  0000d93e    00000002     rts2800_fpu32.lib : _lock.c.obj (.ebss:__lock)
                  0000d940    00000004     CSMON_C28xx.lib : tmr_drv.obj (.ebss:_u16TimerMainFunctionDelay)
                  0000d944    00000004                     : tmr_drv.obj (.ebss:_u16TimerMainFunctionDelayCompare)
                  0000d948    00000004                     : tmr_drv.obj (.ebss:_u16TimerMainFunctionDelayCounter)
                  0000d94c    00000004     main.obj (.ebss)
                  0000d950    00000003     CSMON_C28xx.lib : csmon.obj (.ebss:_CSMON_abFileAutorization_RecordStringData)
                  0000d953    00000003                     : csmon.obj (.ebss:_CSMON_au16FileAutorization_RecordOffsets)
                  0000d956    00000003                     : csmon.obj (.ebss:_CSMON_au32FileParameterDefinitionsFileRecordElementsRecordToRecordOffsetSizeBytesTable)
                  0000d959    00000003                     : hmrecparam.obj (.ebss:_abRecorderJustStopped)
                  0000d95c    00000003                     : hmrecparam.obj (.ebss:_abRecorderRunning)
                  0000d95f    00000003                     : hmscopeparam.obj (.ebss:_nSizeBytesScopeBuffer)
                  0000d962    00000003                     : hmscopeparam.obj (.ebss:_sScopeStatusParam)
                  0000d965    00000001                     : csmon.obj (.ebss:_CSMON_au8FileScopeStatusElementsSizeTable)
                  0000d966    00000002     rts2800_fpu32.lib : _lock.c.obj (.ebss:__unlock)
                  0000d968    00000001     CSMON_C28xx.lib : hmrecparam.obj (.ebss:_sRecTimeBase)

MODULE SUMMARY

       Module                        code    initialized data   uninitialized data
       ------                        ----    ----------------   ------------------
    .\01_Source_Test\
       main.obj                      51      16                 4                 
    +--+-----------------------------+-------+------------------+--------------------+
       Total:                        51      16                 4                 
                                                                                  
    .\device\
       device.obj                    335     15                 6                 
       F2837xD_CodeStartBranch.obj   10      0                  0                 
    +--+-----------------------------+-------+------------------+--------------------+
       Total:                        345     15                 6                 
                                                                                  
    .\device\driverlib\
       sysctl.obj                    1075    0                  0                 
       gpio.obj                      396     0                  0                 
       interrupt.obj                 342     0                  0                 
       sci.obj                       211     0                  0                 
       flash.obj                     176     0                  0                 
       cputimer.obj                  6       0                  0                 
    +--+-----------------------------+-------+------------------+--------------------+
       Total:                        2206    0                  0                 
                                                                                  
    C:\ti\ccs910\ccs\tools\compiler\ti-cgt-c2000_18.12.2.LTS\lib\rts2800_fpu32.lib
       fs_div28.asm.obj              136     0                  0                 
       boot28.asm.obj                86      0                  0                 
       exit.c.obj                    41      14                 6                 
       cpy_tbl.c.obj                 36      0                  0                 
       memcpy.c.obj                  29      0                  0                 
       args_main.c.obj               25      0                  0                 
       _lock.c.obj                   9       10                 4                 
       u_div28.asm.obj               11      0                  0                 
       pre_init.c.obj                2       0                  0                 
       startup.c.obj                 1       0                  0                 
    +--+-----------------------------+-------+------------------+--------------------+
       Total:                        376     24                 10                
                                                                                  
    D:/repo_git/fw_LIB_CSMON/04_Output_Files/Release/CSMON_C28xx.lib
       hmmodbus.obj                  7945    967                1668              
       modbusreg.obj                 3612    1064               1166              
       csmon.obj                     1285    1794               352               
       hmrec.obj                     828     0                  2313              
       fpga_sci.obj                  2210    274                264               
       hmrecparam.obj                2089    4                  533               
       hmdrv.obj                     1874    0                  1                 
       hmscopeparam.obj              456     19                 1094              
       uart_drv.obj                  647     76                 838               
       sci_drv.obj                   725     0                  8                 
       hmserial.obj                  569     9                  135               
       tmr_drv.obj                   643     26                 43                
       hmprotocol.obj                638     32                 6                 
       hmlib.obj                     495     32                 8                 
       hmscope.obj                   121     0                  64                
       io_drv.obj                    0       40                 36                
       sys_drv.obj                   0       7                  4                 
    +--+-----------------------------+-------+------------------+--------------------+
       Total:                        24137   4344               8533              
                                                                                  
       Stack:                        0       0                  512               
    +--+-----------------------------+-------+------------------+--------------------+
       Grand Total:                  27115   4399               9065              


GLOBAL DATA SYMBOLS: SORTED BY DATA PAGE

address     data page           name
--------    ----------------    ----
00000400      10 (00000400)     __stack

0000a800     2a0 (0000a800)     _au8RecBuffer0

0000c000     300 (0000c000)     _HMSCOPEPRM_u8Buffer

0000c300     30c (0000c300)     _MODBUSREG_asFileTable

0000c5d0     317 (0000c5c0)     _CSMON_au8FileRecorderConfigurationElementsSizeTable
0000c5fd     317 (0000c5c0)     _CSMON_abFileAutorization_RecordReadOnly

0000c600     318 (0000c600)     _UARTRxBufferTimeDiff

0000c800     320 (0000c800)     _u32ModbusTimeoutBuffer

0000ca00     328 (0000ca00)     _HMMODBUS_wFlags
0000ca01     328 (0000ca00)     _HMMODBUS_wFlagsRxTx
0000ca02     328 (0000ca00)     _HMMODBUS_nTxTodo
0000ca03     328 (0000ca00)     _HMMODBUS_nRxTodoEcho
0000ca04     328 (0000ca00)     _HMMODBUS_nLastResponseCmd
0000ca05     328 (0000ca00)     _HMMODBUS_nLastResponseCode
0000ca06     328 (0000ca00)     _HMMODBUS_nRxTodo
0000ca07     328 (0000ca00)     _HMMODBUS_nRxCheckSum
0000ca08     328 (0000ca00)     _HMMODBUS_nTxCheckSum
0000ca09     328 (0000ca00)     _u8UartModBusIndex
0000ca0a     328 (0000ca00)     _HMMODBUS_u8DeviceAddress
0000ca0b     328 (0000ca00)     _HMMODBUS_u8QueueActiveIndex
0000ca0c     328 (0000ca00)     _u16RegisterAddressDummyValue
0000ca0d     328 (0000ca00)     _bInputRegsGlobal
0000ca0e     328 (0000ca00)     _bBareRamTable
0000ca0f     328 (0000ca00)     _bUsedDummyDataAddressInResponseData
0000ca10     328 (0000ca00)     _bInputRegTableSorted
0000ca11     328 (0000ca00)     _bHoldingRegTableSorted
0000ca12     328 (0000ca00)     _bInputRegTableBareRam
0000ca13     328 (0000ca00)     _bHoldingRegTableBareRam
0000ca14     328 (0000ca00)     _bInputCoilTableSorted
0000ca15     328 (0000ca00)     _bHoldingCoilTableSorted
0000ca16     328 (0000ca00)     _bInputCoilTableBareRam
0000ca17     328 (0000ca00)     _bHoldingCoilTableBareRam
0000ca18     328 (0000ca00)     _u16ModbusMinMessToMess_usec
0000ca19     328 (0000ca00)     _HMMODBUS_u8ReadServerIDLength
0000ca1a     328 (0000ca00)     _HMMODBUS_u8ReadServerIDNumber
0000ca1b     328 (0000ca00)     _HMMODBUS_u8ReadServerOnStatus
0000ca1c     328 (0000ca00)     _HMMODBUS_u8ReadDeviceIDConfLvlMask
0000ca1d     328 (0000ca00)     _HMMODBUS_u8ReadDeviceIDConfLvl
0000ca1e     328 (0000ca00)     _HMMODBUS_u8ReadDeviceIDVendorNameLength
0000ca1f     328 (0000ca00)     _HMMODBUS_u8ReadDeviceIDProductCodeLength
0000ca20     328 (0000ca00)     _HMMODBUS_u8ReadDeviceIDMajorMinorRevisionLength
0000ca21     328 (0000ca00)     _HMMODBUS_u8ReadDeviceIDVendorUrlLength
0000ca22     328 (0000ca00)     _HMMODBUS_u8ReadDeviceIDProductNameLength
0000ca23     328 (0000ca00)     _HMMODBUS_u8ReadDeviceIDModelNameLength
0000ca24     328 (0000ca00)     _HMMODBUS_u8ReadDeviceIDUserApplicationNameLength
0000ca25     328 (0000ca00)     _HMMODBUS_u8ReadDeviceIDUserReserve0Length
0000ca26     328 (0000ca00)     _HMMODBUS_u8ReadDeviceIDUserReserve1Length
0000ca27     328 (0000ca00)     _HMMODBUS_u8ReadDeviceIDUserReserve2Length
0000ca28     328 (0000ca00)     _bNeedResetBackup
0000ca29     328 (0000ca00)     _realRxByteDelayLastFailBytesReceived
0000ca2a     328 (0000ca00)     _u16ModbusStartedReceiveMessageCounter
0000ca2b     328 (0000ca00)     _u16ModbusCompleteReceiveMessageCounter
0000ca2c     328 (0000ca00)     _u16ModbusCompleteReceiveMessageCounterThisDevice
0000ca2d     328 (0000ca00)     _u16ModbusBufferOverflowReceiveMessageCounter
0000ca2e     328 (0000ca00)     _u16ModbusBadCSReceiveMessageCounter
0000ca2f     328 (0000ca00)     _u16ModbusBadTimeoutReceiveMessageCounter
0000ca30     328 (0000ca00)     _HMMODBUS_pTxBuff
0000ca32     328 (0000ca00)     _HMMODBUS_pRxBuff
0000ca34     328 (0000ca00)     _HMMODBUS_pu32HoldingRegisterAddressTable
0000ca36     328 (0000ca00)     _HMMODBUS_pu32HoldingRegisterAddressTableInRam
0000ca38     328 (0000ca00)     _HMMODBUS_pu32HoldingRegisterValuesTable
0000ca3a     328 (0000ca00)     _HMMODBUS_u32HoldingRegisterAddressTableSize
0000ca3c     328 (0000ca00)     _HMMODBUS_u32HoldingRegisterAddressTableInRamSize
0000ca3e     328 (0000ca00)     _HMMODBUS_u32HoldingRegisterValuesTableSize

0000ca40     329 (0000ca40)     _HMMODBUS_pu32InputRegisterAddressTable
0000ca42     329 (0000ca40)     _HMMODBUS_pu32InputRegisterAddressTableInRam
0000ca44     329 (0000ca40)     _HMMODBUS_pu32InputRegisterValuesTable
0000ca46     329 (0000ca40)     _HMMODBUS_u32InputRegisterAddressTableSize
0000ca48     329 (0000ca40)     _HMMODBUS_u32InputRegisterAddressTableInRamSize
0000ca4a     329 (0000ca40)     _HMMODBUS_u32InputRegisterValuesTableSize
0000ca4c     329 (0000ca40)     _HMMODBUS_pu32HoldingCoilAddressTable
0000ca4e     329 (0000ca40)     _HMMODBUS_pu32HoldingCoilAddressTableInRam
0000ca50     329 (0000ca40)     _HMMODBUS_pu32HoldingCoilValuesTable
0000ca52     329 (0000ca40)     _HMMODBUS_u32HoldingCoilAddressTableSize
0000ca54     329 (0000ca40)     _HMMODBUS_u32HoldingCoilAddressTableInRamSize
0000ca56     329 (0000ca40)     _HMMODBUS_u32HoldingCoilValuesTableSize
0000ca58     329 (0000ca40)     _HMMODBUS_pu32InputCoilAddressTable
0000ca5a     329 (0000ca40)     _HMMODBUS_pu32InputCoilAddressTableInRam
0000ca5c     329 (0000ca40)     _HMMODBUS_pu32InputCoilValuesTable
0000ca5e     329 (0000ca40)     _HMMODBUS_u32InputCoilAddressTableSize
0000ca60     329 (0000ca40)     _HMMODBUS_u32InputCoilAddressTableInRamSize
0000ca62     329 (0000ca40)     _HMMODBUS_u32InputCoilValuesTableSize
0000ca64     329 (0000ca40)     _HMMODBUS_pasQueueRegisterAddressTable
0000ca66     329 (0000ca40)     _HMMODBUS_u32QueueRegisterAddressTableSize
0000ca68     329 (0000ca40)     _HMMODBUS_u32TxDelayCounter
0000ca6a     329 (0000ca40)     _HMMOSBUS_nFileWritePrimaryAddrReadLast
0000ca6c     329 (0000ca40)     _HMMOSBUS_nDummy
0000ca6e     329 (0000ca40)     _HMMODBUS_pasFileAddressTable
0000ca70     329 (0000ca40)     _HMMODBUS_u32FileCount
0000ca72     329 (0000ca40)     _u32ModbusMaxByteToByte
0000ca74     329 (0000ca40)     _u32ModbusMaxMessToMess
0000ca76     329 (0000ca40)     _u32ModbusMinMessToMess
0000ca78     329 (0000ca40)     _u32ModbusMaxByteToByteExact
0000ca7a     329 (0000ca40)     _u32ModbusMaxMessToMessExact
0000ca7c     329 (0000ca40)     _u32ModbusTimeout
0000ca7e     329 (0000ca40)     _HMMODBUS_pu8ReadServerIDDatAdr

0000ca80     32a (0000ca80)     _HMMODBUS_pu8ReadDeviceIDVendorName
0000ca82     32a (0000ca80)     _HMMODBUS_pu8ReadDeviceIDProductCode
0000ca84     32a (0000ca80)     _HMMODBUS_pu8ReadDeviceIDMajorMinorRevision
0000ca86     32a (0000ca80)     _HMMODBUS_pu8ReadDeviceIDVendorUrl
0000ca88     32a (0000ca80)     _HMMODBUS_pu8ReadDeviceIDProductName
0000ca8a     32a (0000ca80)     _HMMODBUS_pu8ReadDeviceIDModelName
0000ca8c     32a (0000ca80)     _HMMODBUS_pu8ReadDeviceIDUserApplicationName
0000ca8e     32a (0000ca80)     _HMMODBUS_pu8ReadDeviceIDUserReserve0
0000ca90     32a (0000ca80)     _HMMODBUS_pu8ReadDeviceIDUserReserve1
0000ca92     32a (0000ca80)     _HMMODBUS_pu8ReadDeviceIDUserReserve2
0000ca94     32a (0000ca80)     _pCSMON_sFileParameterList
0000ca96     32a (0000ca80)     _pCSMON_u32FileParameterListSize
0000ca98     32a (0000ca80)     _pCSMON_sFileParameterDefinitionsFromAccessLevel
0000ca9a     32a (0000ca80)     _pCSMON_u32FileParameterDefinitionsFromAccessLevelSize
0000ca9c     32a (0000ca80)     _u32ModbusTimeoutBufferIndex
0000ca9e     32a (0000ca80)     _u32RxTimeout
0000caa0     32a (0000ca80)     _realRxByteDelay
0000caa2     32a (0000ca80)     _realRxByteDelayLastFail
0000caa4     32a (0000ca80)     _u32RxTimeoutLastFail
0000caa6     32a (0000ca80)     _nTimeTickDelayModbus
0000caa8     32a (0000ca80)     _nTimeTickDelayModbusMin
0000caaa     32a (0000ca80)     _nTimeTickDelayModbusMax
0000caae     32a (0000ca80)     _HMMODBUS_u32RegisterAddressDummy
0000cab1     32a (0000ca80)     _HMMODBUS_u32CoilAddressDummy
0000cab4     32a (0000ca80)     _HMMODBUS_u32RegisterAddressInRamDummy
0000caba     32a (0000ca80)     _HMMODBUS_u32CoilAddressInRamDummy

0000cac0     32b (0000cac0)     _HMMODBUS_u32CoilValuesDummy

0000cb00     32c (0000cb00)     _HMMODBUS_u32RegisterValuesDummy

0000cb70     32d (0000cb40)     _CSMON_sAccessLevelPasswordSelected

0000cb80     32e (0000cb80)     _sRecHandleParam

0000cca0     332 (0000cc80)     _MODBUSREG_asQueueTable

0000ccc0     333 (0000ccc0)     _sRecHandle

0000cdc8     337 (0000cdc0)     _CSMON_au8FileScopeConfigurationElementsSizeTable
0000cdf2     337 (0000cdc0)     _pcm_wFlags
0000cdf3     337 (0000cdc0)     _pcm_wFlagsRxTx
0000cdf4     337 (0000cdc0)     _pcm_nTxTodo
0000cdf5     337 (0000cdc0)     _pcm_nRxTodoEcho
0000cdf6     337 (0000cdc0)     _pcm_nRxTodo
0000cdf7     337 (0000cdc0)     _pcm_nRxCheckSum
0000cdf8     337 (0000cdc0)     _u8UartIndex
0000cdfa     337 (0000cdc0)     _pcm_pTxBuff
0000cdfc     337 (0000cdc0)     _pcm_pRxBuff

0000ce00     338 (0000ce00)     _HMMODBUS_anTxCheckSum

0000cf00     33c (0000cf00)     _HMMODBUS_pCommBufferRx

0000d000     340 (0000d000)     _HMMODBUS_pCommBufferTx

0000d100     344 (0000d100)     _UARTRxBuffer

0000d200     348 (0000d200)     _QueueTestTable

0000d2c0     34b (0000d2c0)     _sRecConfigParam

0000d43a     350 (0000d400)     _nRecorderFreemasterIndex
0000d43b     350 (0000d400)     _nScopePrmFreemasterIndex
0000d43c     350 (0000d400)     _bRecorderParameterUsage
0000d43d     350 (0000d400)     _bScopeParameterUsage
0000d43e     350 (0000d400)     _u16TimeBase
0000d43f     350 (0000d400)     _breakData

0000d440     351 (0000d440)     _FPGA_SCI_u16TimeLast
0000d441     351 (0000d440)     _FPGA_SCI_u16TimePass
0000d442     351 (0000d440)     _FPGA_SCI_u16TimeCurr
0000d443     351 (0000d440)     _FPGA_SCI_bDataRecv
0000d444     351 (0000d440)     _FPGA_SCI_bDataRecvUse
0000d445     351 (0000d440)     _FPGA_SCI_bResetUart
0000d446     351 (0000d440)     _FPGA_SCI_u8UartIndex
0000d447     351 (0000d440)     _FPGA_SCI_nAddressDSP
0000d448     351 (0000d440)     _FPGA_SCI_nAddressFPGA
0000d449     351 (0000d440)     _FPGA_SCI_bPeriodicSend
0000d44a     351 (0000d440)     _FPGA_SCI_Clock_Get_Seconds
0000d44b     351 (0000d440)     _FPGA_SCI_Clock_Get_Minutes
0000d44c     351 (0000d440)     _FPGA_SCI_Clock_Get_Hours
0000d44d     351 (0000d440)     _FPGA_SCI_Clock_Get_Days
0000d44e     351 (0000d440)     _FPGA_SCI_Clock_Get_Weekdays
0000d44f     351 (0000d440)     _FPGA_SCI_Clock_Get_Month
0000d450     351 (0000d440)     _FPGA_SCI_Clock_Get_Year
0000d451     351 (0000d440)     _FPGA_SCI_Clock_Get_Last_Seconds
0000d452     351 (0000d440)     _FPGA_SCI_Clock_Get_Last_Minutes
0000d453     351 (0000d440)     _FPGA_SCI_Clock_Get_Last_Hours
0000d454     351 (0000d440)     _FPGA_SCI_Clock_Get_Last_Days
0000d455     351 (0000d440)     _FPGA_SCI_Clock_Get_Last_Weekdays
0000d456     351 (0000d440)     _FPGA_SCI_Clock_Get_Last_Month
0000d457     351 (0000d440)     _FPGA_SCI_Clock_Get_Last_Year
0000d458     351 (0000d440)     _FPGA_SCI_Clock_Set_Seconds
0000d459     351 (0000d440)     _FPGA_SCI_Clock_Set_Minutes
0000d45a     351 (0000d440)     _FPGA_SCI_Clock_Set_Hours
0000d45b     351 (0000d440)     _FPGA_SCI_Clock_Set_Days
0000d45c     351 (0000d440)     _FPGA_SCI_Clock_Set_Weekdays
0000d45d     351 (0000d440)     _FPGA_SCI_Clock_Set_Month
0000d45e     351 (0000d440)     _FPGA_SCI_Clock_Set_Year
0000d45f     351 (0000d440)     _FPGA_SCI_gdi_det
0000d460     351 (0000d440)     _FPGA_SCI_gdi_err
0000d461     351 (0000d440)     _FPGA_SCI_gdi_ovt
0000d462     351 (0000d440)     _FPGA_SCI_trp_ocn
0000d463     351 (0000d440)     _FPGA_SCI_trp_ocp
0000d464     351 (0000d440)     _FPGA_SCI_err_glb
0000d465     351 (0000d440)     _FPGA_SCI_gdi_det_err
0000d466     351 (0000d440)     _FPGA_SCI_gdi_err_err
0000d467     351 (0000d440)     _FPGA_SCI_gdi_ovt_err
0000d468     351 (0000d440)     _FPGA_SCI_trp_ocn_err
0000d469     351 (0000d440)     _FPGA_SCI_trp_ocp_err
0000d46a     351 (0000d440)     _FPGA_SCI_err_glb_err
0000d46b     351 (0000d440)     _FPGA_SCI_meas_temp_err
0000d46c     351 (0000d440)     _FPGA_SCI_gdi_det_err_Trip
0000d46d     351 (0000d440)     _FPGA_SCI_gdi_err_err_Trip
0000d46e     351 (0000d440)     _FPGA_SCI_gdi_ovt_err_Trip
0000d46f     351 (0000d440)     _FPGA_SCI_trp_ocn_err_Trip
0000d470     351 (0000d440)     _FPGA_SCI_trp_ocp_err_Trip
0000d471     351 (0000d440)     _FPGA_SCI_err_glb_err_Trip
0000d472     351 (0000d440)     _FPGA_SCI_meas_temp_err_Trip
0000d473     351 (0000d440)     _FPGA_SCI_ms_meas_temp_err
0000d474     351 (0000d440)     _FPGA_SCI_ms_det
0000d475     351 (0000d440)     _FPGA_SCI_ms_err
0000d476     351 (0000d440)     _FPGA_SCI_ms_ovt
0000d477     351 (0000d440)     _FPGA_SCI_ms_ocn
0000d478     351 (0000d440)     _FPGA_SCI_ms_ocp
0000d479     351 (0000d440)     _FPGA_SCI_ms_glb
0000d47a     351 (0000d440)     _FPGA_SCI_ms_det_fbk
0000d47b     351 (0000d440)     _FPGA_SCI_ms_err_fbk
0000d47c     351 (0000d440)     _FPGA_SCI_ms_ovt_fbk
0000d47d     351 (0000d440)     _FPGA_SCI_ms_ocn_fbk
0000d47e     351 (0000d440)     _FPGA_SCI_ms_ocp_fbk
0000d47f     351 (0000d440)     _FPGA_SCI_ms_glb_fbk

0000d480     352 (0000d480)     _FPGA_SCI_Temp1
0000d481     352 (0000d480)     _FPGA_SCI_Temp2
0000d482     352 (0000d480)     _FPGA_SCI_Temp3
0000d483     352 (0000d480)     _FPGA_SCI_Temp4
0000d484     352 (0000d480)     _FPGA_SCI_Temp5
0000d485     352 (0000d480)     _FPGA_SCI_Temp6
0000d486     352 (0000d480)     _FPGA_SCI_Temp7
0000d487     352 (0000d480)     _FPGA_SCI_Temp8
0000d488     352 (0000d480)     _FPGA_SCI_Temp9
0000d489     352 (0000d480)     _FPGA_SCI_HuTmp
0000d48a     352 (0000d480)     _FPGA_SCI_Humid
0000d48b     352 (0000d480)     _FPGA_SCI_Temp1_Trip
0000d48c     352 (0000d480)     _FPGA_SCI_Temp2_Trip
0000d48d     352 (0000d480)     _FPGA_SCI_Temp3_Trip
0000d48e     352 (0000d480)     _FPGA_SCI_Temp4_Trip
0000d48f     352 (0000d480)     _FPGA_SCI_Temp5_Trip
0000d490     352 (0000d480)     _FPGA_SCI_Temp6_Trip
0000d491     352 (0000d480)     _FPGA_SCI_Temp7_Trip
0000d492     352 (0000d480)     _FPGA_SCI_Temp8_Trip
0000d493     352 (0000d480)     _FPGA_SCI_Temp9_Trip
0000d494     352 (0000d480)     _FPGA_SCI_HuTmp_Trip
0000d495     352 (0000d480)     _FPGA_SCI_Humid_Trip
0000d496     352 (0000d480)     _FPGA_SCI_eRxState
0000d497     352 (0000d480)     _FPGA_SCI_nRxTodoEcho
0000d498     352 (0000d480)     _FPGA_SCI_nRecvTimeout
0000d499     352 (0000d480)     _FPGA_SCI_nTxIndex
0000d49a     352 (0000d480)     _FPGA_SCI_nRxIndex
0000d49b     352 (0000d480)     _FPGA_SCI_nTxChSum
0000d49c     352 (0000d480)     _FPGA_SCI_nRxChSum
0000d49d     352 (0000d480)     _FPGA_SCI_nRxData
0000d49e     352 (0000d480)     _FPGA_SCI_nRxByteCounter
0000d49f     352 (0000d480)     _FPGA_SCI_nRxCommand
0000d4a0     352 (0000d480)     _FPGA_SCI_nRxCommand_Mask
0000d4a1     352 (0000d480)     _FPGA_SCI_nRxLength
0000d4a2     352 (0000d480)     _FPGA_SCI_nTxTestLength
0000d4a3     352 (0000d480)     _FPGA_SCI_nBytesToSend
0000d4a4     352 (0000d480)     _FPGA_SCI_nBytesToSendHardSet
0000d4a5     352 (0000d480)     _FPGA_SCI_nAddrMode
0000d4a6     352 (0000d480)     _FPGA_SCI_nParityMode
0000d4a7     352 (0000d480)     _bDataUpdate
0000d4a8     352 (0000d480)     _bUpdateNonLastExecuting
0000d4a9     352 (0000d480)     _bUpdateLastExecuting
0000d4aa     352 (0000d480)     _bSendTxCommand
0000d4ab     352 (0000d480)     _bResponseRxCommand
0000d4ac     352 (0000d480)     _bResponseRxCommandLast
0000d4ad     352 (0000d480)     _bSendRxResponse
0000d4ae     352 (0000d480)     _FPGA_SCI_bUseCheckSum
0000d4af     352 (0000d480)     _bRxResponseIncrementData
0000d4b0     352 (0000d480)     _FPGA_SCI_nTxCommand
0000d4b1     352 (0000d480)     _FPGA_SCI_nTxCommandReq
0000d4b2     352 (0000d480)     _FPGA_SCI_bTxCommandMaskAuto
0000d4b4     352 (0000d480)     _FPGA_SCI_u32SendCounter
0000d4b6     352 (0000d480)     _FPGA_SCI_u32SendCount
0000d4b8     352 (0000d480)     _FPGA_SCI_nTxCommandMaskDenyTimeDelay
0000d4ba     352 (0000d480)     _FPGA_SCI_nTxCommandMaskDenyTime
0000d4bc     352 (0000d480)     _FPGA_SCI_nTxCommandMaskDenyTimeLast
0000d4be     352 (0000d480)     _FPGA_SCI_nTxCommandMaskDenyTimeDiff

0000d4c0     353 (0000d4c0)     _sScopeConfigParam

0000d53e     354 (0000d500)     _DataChangedParamFlag
0000d53f     354 (0000d500)     _nScopeIndexFreemaster

0000d540     355 (0000d540)     _pcm_pCommBuffer

0000d5ba     356 (0000d580)     _CSMON_au32FileAutorization_FunctionAfterWriteFileRecord

0000d5c0     357 (0000d5c0)     _CSMON_bUseAccessLevelForHoldingRegistersAndCoils
0000d5c1     357 (0000d5c0)     _CSMON_bUseAccessLevelForInputRegistersAndCoils
0000d5c2     357 (0000d5c0)     _CSMON_u16CurrentAccessLevelPrev
0000d5c4     357 (0000d5c0)     _CSMON_pasAccessLevelPassword
0000d5c6     357 (0000d5c0)     _CSMON_pasAccessLevelPasswordNonConst
0000d5c8     357 (0000d5c0)     _CSMON_pasAccessLevelPasswordNonConstNoModifierAssign
0000d5ca     357 (0000d5c0)     _arr2
0000d5cc     357 (0000d5c0)     _CSMON_sFileParameterCount
0000d5d2     357 (0000d5c0)     _CSMON_sFileAutorization

0000d600     358 (0000d600)     _CSMON_sFileParameterAccessList
0000d623     358 (0000d600)     _HMREC_u16FailSnapshotWrite
0000d624     358 (0000d600)     _HMMODBUS_u32RegisterAddressTableInRam
0000d63c     358 (0000d600)     _InputRegisterDummy
0000d63d     358 (0000d600)     _InputCoilDummy
0000d63e     358 (0000d600)     _CoilTest
0000d63f     358 (0000d600)     _HMMODBUS_u16RegisterAddressTableControlParametersStartIndex

0000d640     359 (0000d640)     _CSMON_asFileParameterDefinitionsFromAccessLevel

0000d686     35a (0000d680)     _IO_bUseIOFbkEmulation
0000d687     35a (0000d680)     _u16DigitalOutputs
0000d688     35a (0000d680)     _uDOExternal
0000d689     35a (0000d680)     _uDIExternal
0000d68a     35a (0000d680)     _uDOExternalFbk
0000d68b     35a (0000d680)     _uDIExternalFbk
0000d68c     35a (0000d680)     _uFaultInput
0000d68d     35a (0000d680)     _uFaultInputDeny
0000d68e     35a (0000d680)     _uEnableOutput
0000d68f     35a (0000d680)     _uEnableOutputUse
0000d690     35a (0000d680)     _bUseFPGACommandOnEnOut2346
0000d691     35a (0000d680)     _uEnableOutput2346
0000d692     35a (0000d680)     _IO_uErrorStop
0000d693     35a (0000d680)     _IO_nStackMask
0000d694     35a (0000d680)     _u32DigitalInputs
0000d696     35a (0000d680)     _u32DigitalOutputPortMask1
0000d698     35a (0000d680)     _u32DigitalOutputPortMask2
0000d69a     35a (0000d680)     _u32DigitalOutputPortMask
0000d69c     35a (0000d680)     _u32DigitalInputPortMask
0000d69e     35a (0000d680)     _u32OutputPortDataRead
0000d6a0     35a (0000d680)     _u32OutputPortDataWrite
0000d6a2     35a (0000d680)     _u32InputPortDataRead
0000d6a4     35a (0000d680)     _u32OutputPortDataNew
0000d6a6     35a (0000d680)     _u32OutputPortDataPreserve
0000d6a8     35a (0000d680)     _u32InputPortDataReadActiveLow
0000d6aa     35a (0000d680)     _bUseSCIA_On_USB
0000d6ac     35a (0000d680)     _UART_sHandle

0000d6c0     35b (0000d6c0)     _DataChangedFlag

0000d700     35c (0000d700)     _FPGA_SCI_au8RxBuffer

0000d740     35d (0000d740)     _FPGA_SCI_au8TxBuffer

0000d780     35e (0000d780)     _sRecStatusParam
0000d798     35e (0000d780)     _CSMON_sAccessLevelPasswordSelectedNonConst
0000d7a8     35e (0000d780)     _CSMON_sAccessLevelPasswordSelectedNonConstNoModifierAssign
0000d7ba     35e (0000d780)     _HMLIB_u8MaskSetupRecorderParam
0000d7bb     35e (0000d780)     _HMLIB_u8MaskStartRecorderParam
0000d7bc     35e (0000d780)     _HMLIB_u8MaskStopRecorderParam
0000d7bd     35e (0000d780)     _eResponseCodeStartRecParam0
0000d7be     35e (0000d780)     _eResponseCodeStartRecParam1
0000d7bf     35e (0000d780)     _eResponseCodeStartRecParam2

0000d7c0     35f (0000d7c0)     _MODBUSREG_au8DeviceIDMajorMinorRevision
0000d7d0     35f (0000d7c0)     _MODBUSREG_au8DeviceIDModelName
0000d7e0     35f (0000d7c0)     _MODBUSREG_au8DeviceIDProductCode
0000d7f0     35f (0000d7c0)     _MODBUSREG_au8DeviceIDProductName

0000d800     360 (0000d800)     _MODBUSREG_au8DeviceIDUserApplicationName
0000d810     360 (0000d800)     _MODBUSREG_au8DeviceIDUserReserve0
0000d820     360 (0000d800)     _MODBUSREG_au8DeviceIDUserReserve1
0000d830     360 (0000d800)     _MODBUSREG_au8DeviceIDUserReserve2

0000d840     361 (0000d840)     _MODBUSREG_au8DeviceIDVendorName
0000d850     361 (0000d840)     _MODBUSREG_au8DeviceIDVendorUrl
0000d860     361 (0000d840)     _MODBUSREG_au8ServerIDData
0000d870     361 (0000d840)     _cpuTimer0IntCount
0000d871     361 (0000d840)     _cpuTimer1IntCount
0000d872     361 (0000d840)     _cpuTimer2IntCount
0000d873     361 (0000d840)     _u16TimerMainPeriod
0000d874     361 (0000d840)     _u16SecondPeriod
0000d875     361 (0000d840)     _u16SecondCounter
0000d876     361 (0000d840)     _u16TimerMainISRCounter
0000d877     361 (0000d840)     _hours
0000d878     361 (0000d840)     _minutes
0000d879     361 (0000d840)     _seconds
0000d87a     361 (0000d840)     _second_Passed
0000d87b     361 (0000d840)     _CSMON_au8FileParameterListElementsSizeTablePart1

0000d880     362 (0000d880)     _MAIN_sTimeI2C
0000d882     362 (0000d880)     _MAIN_sDateI2C
0000d884     362 (0000d880)     _MAIN_sTime
0000d886     362 (0000d880)     _MAIN_sDate
0000d888     362 (0000d880)     _MAIN_u32FreeCounter
0000d88a     362 (0000d880)     _HMMODBUS_nFilePrimaryAddrWriteLast
0000d894     362 (0000d880)     _HMMOSBUS_nFileWriteAddrReadLast
0000d89e     362 (0000d880)     _FPGA_SCI_nMessagesCounter
0000d8a6     362 (0000d880)     _SCI_ErrorRx
0000d8ae     362 (0000d880)     _UART_RXIntOverflowCounter
0000d8b6     362 (0000d880)     _pfDelayedFunction
0000d8be     362 (0000d880)     _CSMON_au8FileParameterListElementsSizeTablePart2

0000d8c0     363 (0000d8c0)     _pfDelayedFunction_u8
0000d8c8     363 (0000d8c0)     _u32TimeDiffLast
0000d8d0     363 (0000d8c0)     _u32TimeDiffNow
0000d8d8     363 (0000d8c0)     _u32TimeDiffRead
0000d8e0     363 (0000d8c0)     _CSMON_au32FileParameterDefinitionsFileRecordElementsRealAddressTable
0000d8e6     363 (0000d8c0)     _CSMON_au32FileParameterDefinitionsFileRecordElementsSizeTable
0000d8ec     363 (0000d8c0)     _HMMODBUS_u32CoilAddressTableInRam
0000d8f2     363 (0000d8c0)     _MODBUSREG_sInputCoilAddressTableInRam
0000d8f8     363 (0000d8c0)     _MODBUSREG_sInputRegisterAddressTableInRam
0000d8fe     363 (0000d8c0)     _CSMON_au8FileParameterListElementsSizeTablePart3

0000d900     364 (0000d900)     _pBufferScope
0000d906     364 (0000d900)     _u32RecorderLastFreeCounter
0000d90c     364 (0000d900)     _u32RecorderMicroSec
0000d912     364 (0000d900)     _Example_Result
0000d914     364 (0000d900)     _Example_PassCount
0000d916     364 (0000d900)     _Example_Fail
0000d918     364 (0000d900)     ___TI_enable_exit_profile_output
0000d91a     364 (0000d900)     ___TI_cleanup_ptr
0000d91c     364 (0000d900)     ___TI_dtors_ptr
0000d91e     364 (0000d900)     _sHexMonUartModuleConfiguration
0000d922     364 (0000d900)     _CSMON_au8FileParameterCountElementsSizeTable
0000d926     364 (0000d900)     _CSMON_au8FileRecorderStatusElementsSizeTable
0000d92a     364 (0000d900)     _UARTRxBufferRDCount
0000d92e     364 (0000d900)     _UARTRxBufferRDIndex
0000d932     364 (0000d900)     _UARTRxBufferWRCount
0000d936     364 (0000d900)     _UARTRxBufferWRIndex
0000d93a     364 (0000d900)     _u16TimerMainDelayedData
0000d93e     364 (0000d900)     __lock

0000d940     365 (0000d940)     _u16TimerMainFunctionDelay
0000d944     365 (0000d940)     _u16TimerMainFunctionDelayCompare
0000d948     365 (0000d940)     _u16TimerMainFunctionDelayCounter
0000d94c     365 (0000d940)     _bDummyStatusDeviceRunning
0000d94d     365 (0000d940)     _eResponseCode_CSMON_eInit
0000d94e     365 (0000d940)     _eResponseCode_CSMON_eProcess
0000d94f     365 (0000d940)     _eResponseCode_CSMON_eSetServerOnStatus
0000d950     365 (0000d940)     _CSMON_abFileAutorization_RecordStringData
0000d953     365 (0000d940)     _CSMON_au16FileAutorization_RecordOffsets
0000d956     365 (0000d940)     _CSMON_au32FileParameterDefinitionsFileRecordElementsRecordToRecordOffsetSizeBytesTable
0000d959     365 (0000d940)     _abRecorderJustStopped
0000d95c     365 (0000d940)     _abRecorderRunning
0000d95f     365 (0000d940)     _nSizeBytesScopeBuffer
0000d962     365 (0000d940)     _sScopeStatusParam
0000d965     365 (0000d940)     _CSMON_au8FileScopeStatusElementsSizeTable
0000d966     365 (0000d940)     __unlock
0000d968     365 (0000d940)     _sRecTimeBase

00090000    2400 (00090000)     _CSMON_asFileParameterShortName

00090460    2411 (00090440)     _MODBUSREG_sHoldingRegisterValuesTable

00090620    2418 (00090600)     _CSMON_sFileParameterList

0009077e    241d (00090740)     _auchCRCHi

0009087e    2421 (00090840)     _auchCRCLo

0009097e    2425 (00090940)     _MODBUSREG_sInputRegisterValuesTable

000909ee    2427 (000909c0)     _CSMON_asAccessLevelPasswords

00090a3e    2428 (00090a00)     _MODBUSREG_sHoldingCoilValuesTable

00090a7d    2429 (00090a40)     _MODBUSREG_sInputCoilValuesTable

00090abc    242a (00090a80)     _CSMON_au8FileImplementedFunctionCodes

00090adc    242b (00090ac0)     _HMMODBUS_u32RegisterAddressTable
00090ae8    242b (00090ac0)     _CSMON_au8FileParameterListElementsCountInPartTable
00090aeb    242b (00090ac0)     _HMMODBUS_u32CoilAddressTable
00090aee    242b (00090ac0)     _MODBUSREG_sInputCoilAddressTable
00090af1    242b (00090ac0)     _MODBUSREG_sInputRegisterAddressTable
00090af5    242b (00090ac0)     _CSMON_sFileProtocolVersion


GLOBAL SYMBOLS: SORTED ALPHABETICALLY BY Name 

page  address   name                                                                                   
----  -------   ----                                                                                   
abs   ffffffff  .text                                                                                  
0     00087fd0  C$$EXIT                                                                                
0     00088e64  FS$$DIV                                                                                
0     00088fb2  U$$DIV                                                                                 
0     00088fb7  U$$MOD                                                                                 
0     00083ffa  _CPUTimer_setEmulationMode                                                             
0     00087184  _CSMON_GetRealAddressAndSizeOffsetFromModbusParameterRecorder                          
0     000871e7  _CSMON_GetRealAddressAndSizeOffsetFromModbusParameterScope                             
1     0000c5fd  _CSMON_abFileAutorization_RecordReadOnly                                               
1     0000d950  _CSMON_abFileAutorization_RecordStringData                                             
0     000909ee  _CSMON_asAccessLevelPasswords                                                          
1     0000d640  _CSMON_asFileParameterDefinitionsFromAccessLevel                                       
0     00090000  _CSMON_asFileParameterShortName                                                        
1     0000d953  _CSMON_au16FileAutorization_RecordOffsets                                              
1     0000d5ba  _CSMON_au32FileAutorization_FunctionAfterWriteFileRecord                               
1     0000d8e0  _CSMON_au32FileParameterDefinitionsFileRecordElementsRealAddressTable                  
1     0000d956  _CSMON_au32FileParameterDefinitionsFileRecordElementsRecordToRecordOffsetSizeBytesTable
1     0000d8e6  _CSMON_au32FileParameterDefinitionsFileRecordElementsSizeTable                         
0     00090abc  _CSMON_au8FileImplementedFunctionCodes                                                 
1     0000d922  _CSMON_au8FileParameterCountElementsSizeTable                                          
0     00090ae8  _CSMON_au8FileParameterListElementsCountInPartTable                                    
1     0000d87b  _CSMON_au8FileParameterListElementsSizeTablePart1                                      
1     0000d8be  _CSMON_au8FileParameterListElementsSizeTablePart2                                      
1     0000d8fe  _CSMON_au8FileParameterListElementsSizeTablePart3                                      
1     0000c5d0  _CSMON_au8FileRecorderConfigurationElementsSizeTable                                   
1     0000d926  _CSMON_au8FileRecorderStatusElementsSizeTable                                          
1     0000cdc8  _CSMON_au8FileScopeConfigurationElementsSizeTable                                      
1     0000d965  _CSMON_au8FileScopeStatusElementsSizeTable                                             
0     000870bd  _CSMON_bAutorizationPasswordCheck                                                      
0     00086fd7  _CSMON_bAutorizationPasswordCheckOnFileWrite                                           
1     0000d5c0  _CSMON_bUseAccessLevelForHoldingRegistersAndCoils                                      
1     0000d5c1  _CSMON_bUseAccessLevelForInputRegistersAndCoils                                        
0     0008745d  _CSMON_eInit                                                                           
0     000874a8  _CSMON_eProcess                                                                        
0     000874cd  _CSMON_eSetServerOnStatus                                                              
1     0000d5c4  _CSMON_pasAccessLevelPassword                                                          
1     0000d5c6  _CSMON_pasAccessLevelPasswordNonConst                                                  
1     0000d5c8  _CSMON_pasAccessLevelPasswordNonConstNoModifierAssign                                  
1     0000cb70  _CSMON_sAccessLevelPasswordSelected                                                    
1     0000d798  _CSMON_sAccessLevelPasswordSelectedNonConst                                            
1     0000d7a8  _CSMON_sAccessLevelPasswordSelectedNonConstNoModifierAssign                            
1     0000d5d2  _CSMON_sFileAutorization                                                               
1     0000d600  _CSMON_sFileParameterAccessList                                                        
1     0000d5cc  _CSMON_sFileParameterCount                                                             
0     00090620  _CSMON_sFileParameterList                                                              
0     00090af5  _CSMON_sFileProtocolVersion                                                            
1     0000d5c2  _CSMON_u16CurrentAccessLevelPrev                                                       
0     00087439  _CSMON_u16FindIndexParameterTable                                                      
0     00087455  _CSMON_u16ParametersAccessListIndexGenerate                                            
0     00087411  _CSMON_vAccessLevelPasswordDataCopy                                                    
0     000873e8  _CSMON_vAutorizationReset                                                              
0     000873cf  _CSMON_vAutorizationResetOnFileWrite                                                   
0     00087249  _CSMON_vInitRecorders                                                                  
0     00087373  _CSMON_vInitScopes                                                                     
0     000870ff  _CSMON_vPrepareFileParameterAccessList                                                 
0     00087019  _CSMON_vPrepareFileParameterAccessListOnFileWrite                                      
1     0000d63e  _CoilTest                                                                              
1     0000d6c0  _DataChangedFlag                                                                       
1     0000d53e  _DataChangedParamFlag                                                                  
0     00088cc0  _Device_enableAllPeripherals                                                           
0     00088c92  _Device_enableUnbondedGPIOPullups                                                      
0     00088c6b  _Device_enableUnbondedGPIOPullupsFor100Pin                                             
0     00088c50  _Device_enableUnbondedGPIOPullupsFor176Pin                                             
0     00088d5f  _Device_init                                                                           
0     00088ca2  _Device_initGPIO                                                                       
1     0000d916  _Example_Fail                                                                          
1     0000d914  _Example_PassCount                                                                     
1     0000d912  _Example_Result                                                                        
0     00088c4f  _Example_done                                                                          
0     00088c4a  _Example_setResultFail                                                                 
0     00088c45  _Example_setResultPass                                                                 
1     0000d44d  _FPGA_SCI_Clock_Get_Days                                                               
1     0000d44c  _FPGA_SCI_Clock_Get_Hours                                                              
1     0000d454  _FPGA_SCI_Clock_Get_Last_Days                                                          
1     0000d453  _FPGA_SCI_Clock_Get_Last_Hours                                                         
1     0000d452  _FPGA_SCI_Clock_Get_Last_Minutes                                                       
1     0000d456  _FPGA_SCI_Clock_Get_Last_Month                                                         
1     0000d451  _FPGA_SCI_Clock_Get_Last_Seconds                                                       
1     0000d455  _FPGA_SCI_Clock_Get_Last_Weekdays                                                      
1     0000d457  _FPGA_SCI_Clock_Get_Last_Year                                                          
1     0000d44b  _FPGA_SCI_Clock_Get_Minutes                                                            
1     0000d44f  _FPGA_SCI_Clock_Get_Month                                                              
1     0000d44a  _FPGA_SCI_Clock_Get_Seconds                                                            
1     0000d44e  _FPGA_SCI_Clock_Get_Weekdays                                                           
1     0000d450  _FPGA_SCI_Clock_Get_Year                                                               
1     0000d45b  _FPGA_SCI_Clock_Set_Days                                                               
1     0000d45a  _FPGA_SCI_Clock_Set_Hours                                                              
1     0000d459  _FPGA_SCI_Clock_Set_Minutes                                                            
1     0000d45d  _FPGA_SCI_Clock_Set_Month                                                              
1     0000d458  _FPGA_SCI_Clock_Set_Seconds                                                            
1     0000d45c  _FPGA_SCI_Clock_Set_Weekdays                                                           
1     0000d45e  _FPGA_SCI_Clock_Set_Year                                                               
0     00083458  _FPGA_SCI_GetDate                                                                      
0     00083483  _FPGA_SCI_GetTime                                                                      
1     0000d489  _FPGA_SCI_HuTmp                                                                        
1     0000d494  _FPGA_SCI_HuTmp_Trip                                                                   
1     0000d48a  _FPGA_SCI_Humid                                                                        
1     0000d495  _FPGA_SCI_Humid_Trip                                                                   
1     0000d480  _FPGA_SCI_Temp1                                                                        
1     0000d48b  _FPGA_SCI_Temp1_Trip                                                                   
1     0000d481  _FPGA_SCI_Temp2                                                                        
1     0000d48c  _FPGA_SCI_Temp2_Trip                                                                   
1     0000d482  _FPGA_SCI_Temp3                                                                        
1     0000d48d  _FPGA_SCI_Temp3_Trip                                                                   
1     0000d483  _FPGA_SCI_Temp4                                                                        
1     0000d48e  _FPGA_SCI_Temp4_Trip                                                                   
1     0000d484  _FPGA_SCI_Temp5                                                                        
1     0000d48f  _FPGA_SCI_Temp5_Trip                                                                   
1     0000d485  _FPGA_SCI_Temp6                                                                        
1     0000d490  _FPGA_SCI_Temp6_Trip                                                                   
1     0000d486  _FPGA_SCI_Temp7                                                                        
1     0000d491  _FPGA_SCI_Temp7_Trip                                                                   
1     0000d487  _FPGA_SCI_Temp8                                                                        
1     0000d492  _FPGA_SCI_Temp8_Trip                                                                   
1     0000d488  _FPGA_SCI_Temp9                                                                        
1     0000d493  _FPGA_SCI_Temp9_Trip                                                                   
1     0000d700  _FPGA_SCI_au8RxBuffer                                                                  
1     0000d740  _FPGA_SCI_au8TxBuffer                                                                  
1     0000d443  _FPGA_SCI_bDataRecv                                                                    
1     0000d444  _FPGA_SCI_bDataRecvUse                                                                 
0     00083c40  _FPGA_SCI_bIsError                                                                     
0     00083c70  _FPGA_SCI_bIsErrorDet                                                                  
0     00083c7b  _FPGA_SCI_bIsErrorDrv                                                                  
0     00083cb9  _FPGA_SCI_bIsErrorGlb                                                                  
0     00083c95  _FPGA_SCI_bIsErrorOcn                                                                  
0     00083ca0  _FPGA_SCI_bIsErrorOcp                                                                  
0     00083c86  _FPGA_SCI_bIsErrorOvt                                                                  
0     00083c65  _FPGA_SCI_bIsErrorTemp                                                                 
0     00083cab  _FPGA_SCI_bIsErrorVdc                                                                  
1     0000d449  _FPGA_SCI_bPeriodicSend                                                                
1     0000d445  _FPGA_SCI_bResetUart                                                                   
1     0000d4b2  _FPGA_SCI_bTxCommandMaskAuto                                                           
1     0000d4ae  _FPGA_SCI_bUseCheckSum                                                                 
1     0000d496  _FPGA_SCI_eRxState                                                                     
1     0000d464  _FPGA_SCI_err_glb                                                                      
1     0000d46a  _FPGA_SCI_err_glb_err                                                                  
1     0000d471  _FPGA_SCI_err_glb_err_Trip                                                             
1     0000d45f  _FPGA_SCI_gdi_det                                                                      
1     0000d465  _FPGA_SCI_gdi_det_err                                                                  
1     0000d46c  _FPGA_SCI_gdi_det_err_Trip                                                             
1     0000d460  _FPGA_SCI_gdi_err                                                                      
1     0000d466  _FPGA_SCI_gdi_err_err                                                                  
1     0000d46d  _FPGA_SCI_gdi_err_err_Trip                                                             
1     0000d461  _FPGA_SCI_gdi_ovt                                                                      
1     0000d467  _FPGA_SCI_gdi_ovt_err                                                                  
1     0000d46e  _FPGA_SCI_gdi_ovt_err_Trip                                                             
1     0000d46b  _FPGA_SCI_meas_temp_err                                                                
1     0000d472  _FPGA_SCI_meas_temp_err_Trip                                                           
1     0000d474  _FPGA_SCI_ms_det                                                                       
1     0000d47a  _FPGA_SCI_ms_det_fbk                                                                   
1     0000d475  _FPGA_SCI_ms_err                                                                       
1     0000d47b  _FPGA_SCI_ms_err_fbk                                                                   
1     0000d479  _FPGA_SCI_ms_glb                                                                       
1     0000d47f  _FPGA_SCI_ms_glb_fbk                                                                   
1     0000d473  _FPGA_SCI_ms_meas_temp_err                                                             
1     0000d477  _FPGA_SCI_ms_ocn                                                                       
1     0000d47d  _FPGA_SCI_ms_ocn_fbk                                                                   
1     0000d478  _FPGA_SCI_ms_ocp                                                                       
1     0000d47e  _FPGA_SCI_ms_ocp_fbk                                                                   
1     0000d476  _FPGA_SCI_ms_ovt                                                                       
1     0000d47c  _FPGA_SCI_ms_ovt_fbk                                                                   
1     0000d4a5  _FPGA_SCI_nAddrMode                                                                    
1     0000d447  _FPGA_SCI_nAddressDSP                                                                  
1     0000d448  _FPGA_SCI_nAddressFPGA                                                                 
1     0000d4a3  _FPGA_SCI_nBytesToSend                                                                 
1     0000d4a4  _FPGA_SCI_nBytesToSendHardSet                                                          
1     0000d89e  _FPGA_SCI_nMessagesCounter                                                             
1     0000d4a6  _FPGA_SCI_nParityMode                                                                  
1     0000d498  _FPGA_SCI_nRecvTimeout                                                                 
1     0000d49e  _FPGA_SCI_nRxByteCounter                                                               
1     0000d49c  _FPGA_SCI_nRxChSum                                                                     
1     0000d49f  _FPGA_SCI_nRxCommand                                                                   
1     0000d4a0  _FPGA_SCI_nRxCommand_Mask                                                              
1     0000d49d  _FPGA_SCI_nRxData                                                                      
1     0000d49a  _FPGA_SCI_nRxIndex                                                                     
1     0000d4a1  _FPGA_SCI_nRxLength                                                                    
1     0000d497  _FPGA_SCI_nRxTodoEcho                                                                  
1     0000d49b  _FPGA_SCI_nTxChSum                                                                     
1     0000d4b0  _FPGA_SCI_nTxCommand                                                                   
1     0000d4ba  _FPGA_SCI_nTxCommandMaskDenyTime                                                       
1     0000d4b8  _FPGA_SCI_nTxCommandMaskDenyTimeDelay                                                  
1     0000d4be  _FPGA_SCI_nTxCommandMaskDenyTimeDiff                                                   
1     0000d4bc  _FPGA_SCI_nTxCommandMaskDenyTimeLast                                                   
1     0000d4b1  _FPGA_SCI_nTxCommandReq                                                                
1     0000d499  _FPGA_SCI_nTxIndex                                                                     
1     0000d4a2  _FPGA_SCI_nTxTestLength                                                                
1     0000d462  _FPGA_SCI_trp_ocn                                                                      
1     0000d468  _FPGA_SCI_trp_ocn_err                                                                  
1     0000d46f  _FPGA_SCI_trp_ocn_err_Trip                                                             
1     0000d463  _FPGA_SCI_trp_ocp                                                                      
1     0000d469  _FPGA_SCI_trp_ocp_err                                                                  
1     0000d470  _FPGA_SCI_trp_ocp_err_Trip                                                             
1     0000d442  _FPGA_SCI_u16TimeCurr                                                                  
1     0000d440  _FPGA_SCI_u16TimeLast                                                                  
1     0000d441  _FPGA_SCI_u16TimePass                                                                  
1     0000d4b6  _FPGA_SCI_u32SendCount                                                                 
1     0000d4b4  _FPGA_SCI_u32SendCounter                                                               
1     0000d446  _FPGA_SCI_u8UartIndex                                                                  
0     00083c2f  _FPGA_SCI_vClearTrippedErrors                                                          
0     00083616  _FPGA_SCI_vClockSetup                                                                  
0     000835ee  _FPGA_SCI_vErrorMasksSetup                                                             
0     0008361a  _FPGA_SCI_vProcess                                                                     
0     0008359e  _FPGA_SCI_vProcessFastTD                                                               
0     000835b7  _FPGA_SCI_vProcessTest                                                                 
0     000834c9  _FPGA_SCI_vProcessUartRx                                                               
0     000834b4  _FPGA_SCI_vProcessUartRxTimeout                                                        
0     00083574  _FPGA_SCI_vProcessUartTx                                                               
0     00083cd9  _FPGA_SCI_vSetStackDeny                                                                
0     00083cc5  _FPGA_SCI_vSetStackUsed                                                                
0     00083546  _FPGA_SCI_vStartUartTx                                                                 
0     000835b3  _FPGA_SCI_vUartOverflowDetection                                                       
0     00086770  _FillTimeData                                                                          
0     00008018  _Flash_initModule                                                                      
0     00008000  _Flash_powerDown                                                                       
0     00088966  _GPIO_getDirectionMode                                                                 
0     0008893a  _GPIO_getPadConfig                                                                     
0     0008891b  _GPIO_getQualificationMode                                                             
[...]
1     0000d495  _FPGA_SCI_Humid_Trip                                                                   
1     0000d496  _FPGA_SCI_eRxState                                                                     
1     0000d497  _FPGA_SCI_nRxTodoEcho                                                                  
1     0000d498  _FPGA_SCI_nRecvTimeout                                                                 
1     0000d499  _FPGA_SCI_nTxIndex                                                                     
1     0000d49a  _FPGA_SCI_nRxIndex                                                                     
1     0000d49b  _FPGA_SCI_nTxChSum                                                                     
1     0000d49c  _FPGA_SCI_nRxChSum                                                                     
1     0000d49d  _FPGA_SCI_nRxData                                                                      
1     0000d49e  _FPGA_SCI_nRxByteCounter                                                               
1     0000d49f  _FPGA_SCI_nRxCommand                                                                   
1     0000d4a0  _FPGA_SCI_nRxCommand_Mask                                                              
1     0000d4a1  _FPGA_SCI_nRxLength                                                                    
1     0000d4a2  _FPGA_SCI_nTxTestLength                                                                
1     0000d4a3  _FPGA_SCI_nBytesToSend                                                                 
1     0000d4a4  _FPGA_SCI_nBytesToSendHardSet                                                          
1     0000d4a5  _FPGA_SCI_nAddrMode                                                                    
1     0000d4a6  _FPGA_SCI_nParityMode                                                                  
1     0000d4a7  _bDataUpdate                                                                           
1     0000d4a8  _bUpdateNonLastExecuting                                                               
1     0000d4a9  _bUpdateLastExecuting                                                                  
1     0000d4aa  _bSendTxCommand                                                                        
1     0000d4ab  _bResponseRxCommand                                                                    
1     0000d4ac  _bResponseRxCommandLast                                                                
1     0000d4ad  _bSendRxResponse                                                                       
1     0000d4ae  _FPGA_SCI_bUseCheckSum                                                                 
1     0000d4af  _bRxResponseIncrementData                                                              
1     0000d4b0  _FPGA_SCI_nTxCommand                                                                   
1     0000d4b1  _FPGA_SCI_nTxCommandReq                                                                
1     0000d4b2  _FPGA_SCI_bTxCommandMaskAuto                                                           
1     0000d4b4  _FPGA_SCI_u32SendCounter                                                               
1     0000d4b6  _FPGA_SCI_u32SendCount                                                                 
1     0000d4b8  _FPGA_SCI_nTxCommandMaskDenyTimeDelay                                                  
1     0000d4ba  _FPGA_SCI_nTxCommandMaskDenyTime                                                       
1     0000d4bc  _FPGA_SCI_nTxCommandMaskDenyTimeLast                                                   
1     0000d4be  _FPGA_SCI_nTxCommandMaskDenyTimeDiff                                                   
1     0000d4c0  _sScopeConfigParam                                                                     
1     0000d53e  _DataChangedParamFlag                                                                  
1     0000d53f  _nScopeIndexFreemaster                                                                 
1     0000d540  _pcm_pCommBuffer                                                                       
1     0000d5ba  _CSMON_au32FileAutorization_FunctionAfterWriteFileRecord                               
1     0000d5c0  _CSMON_bUseAccessLevelForHoldingRegistersAndCoils                                      
1     0000d5c1  _CSMON_bUseAccessLevelForInputRegistersAndCoils                                        
1     0000d5c2  _CSMON_u16CurrentAccessLevelPrev                                                       
1     0000d5c4  _CSMON_pasAccessLevelPassword                                                          
1     0000d5c6  _CSMON_pasAccessLevelPasswordNonConst                                                  
1     0000d5c8  _CSMON_pasAccessLevelPasswordNonConstNoModifierAssign                                  
1     0000d5ca  _arr2                                                                                  
1     0000d5cc  _CSMON_sFileParameterCount                                                             
1     0000d5d2  _CSMON_sFileAutorization                                                               
1     0000d600  _CSMON_sFileParameterAccessList                                                        
1     0000d623  _HMREC_u16FailSnapshotWrite                                                            
1     0000d624  _HMMODBUS_u32RegisterAddressTableInRam                                                 
1     0000d63c  _InputRegisterDummy                                                                    
1     0000d63d  _InputCoilDummy                                                                        
1     0000d63e  _CoilTest                                                                              
1     0000d63f  _HMMODBUS_u16RegisterAddressTableControlParametersStartIndex                           
1     0000d640  _CSMON_asFileParameterDefinitionsFromAccessLevel                                       
1     0000d686  _IO_bUseIOFbkEmulation                                                                 
1     0000d687  _u16DigitalOutputs                                                                     
1     0000d688  _uDOExternal                                                                           
1     0000d689  _uDIExternal                                                                           
1     0000d68a  _uDOExternalFbk                                                                        
1     0000d68b  _uDIExternalFbk                                                                        
1     0000d68c  _uFaultInput                                                                           
1     0000d68d  _uFaultInputDeny                                                                       
1     0000d68e  _uEnableOutput                                                                         
1     0000d68f  _uEnableOutputUse                                                                      
1     0000d690  _bUseFPGACommandOnEnOut2346                                                            
1     0000d691  _uEnableOutput2346                                                                     
1     0000d692  _IO_uErrorStop                                                                         
1     0000d693  _IO_nStackMask                                                                         
1     0000d694  _u32DigitalInputs                                                                      
1     0000d696  _u32DigitalOutputPortMask1                                                             
1     0000d698  _u32DigitalOutputPortMask2                                                             
1     0000d69a  _u32DigitalOutputPortMask                                                              
1     0000d69c  _u32DigitalInputPortMask                                                               
1     0000d69e  _u32OutputPortDataRead                                                                 
1     0000d6a0  _u32OutputPortDataWrite                                                                
1     0000d6a2  _u32InputPortDataRead                                                                  
1     0000d6a4  _u32OutputPortDataNew                                                                  
1     0000d6a6  _u32OutputPortDataPreserve                                                             
1     0000d6a8  _u32InputPortDataReadActiveLow                                                         
1     0000d6aa  _bUseSCIA_On_USB                                                                       
1     0000d6ac  _UART_sHandle                                                                          
1     0000d6c0  _DataChangedFlag                                                                       
1     0000d700  _FPGA_SCI_au8RxBuffer                                                                  
1     0000d740  _FPGA_SCI_au8TxBuffer                                                                  
1     0000d780  _sRecStatusParam                                                                       
1     0000d798  _CSMON_sAccessLevelPasswordSelectedNonConst                                            
1     0000d7a8  _CSMON_sAccessLevelPasswordSelectedNonConstNoModifierAssign                            
1     0000d7ba  _HMLIB_u8MaskSetupRecorderParam                                                        
1     0000d7bb  _HMLIB_u8MaskStartRecorderParam                                                        
1     0000d7bc  _HMLIB_u8MaskStopRecorderParam                                                         
1     0000d7bd  _eResponseCodeStartRecParam0                                                           
1     0000d7be  _eResponseCodeStartRecParam1                                                           
1     0000d7bf  _eResponseCodeStartRecParam2                                                           
1     0000d7c0  _MODBUSREG_au8DeviceIDMajorMinorRevision                                               
1     0000d7d0  _MODBUSREG_au8DeviceIDModelName                                                        
1     0000d7e0  _MODBUSREG_au8DeviceIDProductCode                                                      
1     0000d7f0  _MODBUSREG_au8DeviceIDProductName                                                      
1     0000d800  _MODBUSREG_au8DeviceIDUserApplicationName                                              
1     0000d810  _MODBUSREG_au8DeviceIDUserReserve0                                                     
1     0000d820  _MODBUSREG_au8DeviceIDUserReserve1                                                     
1     0000d830  _MODBUSREG_au8DeviceIDUserReserve2                                                     
1     0000d840  _MODBUSREG_au8DeviceIDVendorName                                                       
1     0000d850  _MODBUSREG_au8DeviceIDVendorUrl                                                        
1     0000d860  _MODBUSREG_au8ServerIDData                                                             
1     0000d870  _cpuTimer0IntCount                                                                     
1     0000d871  _cpuTimer1IntCount                                                                     
1     0000d872  _cpuTimer2IntCount                                                                     
1     0000d873  _u16TimerMainPeriod                                                                    
1     0000d874  _u16SecondPeriod                                                                       
1     0000d875  _u16SecondCounter                                                                      
1     0000d876  _u16TimerMainISRCounter                                                                
1     0000d877  _hours                                                                                 
1     0000d878  _minutes                                                                               
1     0000d879  _seconds                                                                               
1     0000d87a  _second_Passed                                                                         
1     0000d87b  _CSMON_au8FileParameterListElementsSizeTablePart1                                      
1     0000d880  _MAIN_sTimeI2C                                                                         
1     0000d882  _MAIN_sDateI2C                                                                         
1     0000d884  _MAIN_sTime                                                                            
1     0000d886  _MAIN_sDate                                                                            
1     0000d888  _MAIN_u32FreeCounter                                                                   
1     0000d88a  _HMMODBUS_nFilePrimaryAddrWriteLast                                                    
1     0000d894  _HMMOSBUS_nFileWriteAddrReadLast                                                       
1     0000d89e  _FPGA_SCI_nMessagesCounter                                                             
1     0000d8a6  _SCI_ErrorRx                                                                           
1     0000d8ae  _UART_RXIntOverflowCounter                                                             
1     0000d8b6  _pfDelayedFunction                                                                     
1     0000d8be  _CSMON_au8FileParameterListElementsSizeTablePart2                                      
1     0000d8c0  _pfDelayedFunction_u8                                                                  
1     0000d8c8  _u32TimeDiffLast                                                                       
1     0000d8d0  _u32TimeDiffNow                                                                        
1     0000d8d8  _u32TimeDiffRead                                                                       
1     0000d8e0  _CSMON_au32FileParameterDefinitionsFileRecordElementsRealAddressTable                  
1     0000d8e6  _CSMON_au32FileParameterDefinitionsFileRecordElementsSizeTable                         
1     0000d8ec  _HMMODBUS_u32CoilAddressTableInRam                                                     
1     0000d8f2  _MODBUSREG_sInputCoilAddressTableInRam                                                 
1     0000d8f8  _MODBUSREG_sInputRegisterAddressTableInRam                                             
1     0000d8fe  _CSMON_au8FileParameterListElementsSizeTablePart3                                      
1     0000d900  _pBufferScope                                                                          
1     0000d906  _u32RecorderLastFreeCounter                                                            
1     0000d90c  _u32RecorderMicroSec                                                                   
1     0000d912  _Example_Result                                                                        
1     0000d914  _Example_PassCount                                                                     
1     0000d916  _Example_Fail                                                                          
1     0000d918  ___TI_enable_exit_profile_output                                                       
1     0000d91a  ___TI_cleanup_ptr                                                                      
1     0000d91c  ___TI_dtors_ptr                                                                        
1     0000d91e  _sHexMonUartModuleConfiguration                                                        
1     0000d922  _CSMON_au8FileParameterCountElementsSizeTable                                          
1     0000d926  _CSMON_au8FileRecorderStatusElementsSizeTable                                          
1     0000d92a  _UARTRxBufferRDCount                                                                   
1     0000d92e  _UARTRxBufferRDIndex                                                                   
1     0000d932  _UARTRxBufferWRCount                                                                   
1     0000d936  _UARTRxBufferWRIndex                                                                   
1     0000d93a  _u16TimerMainDelayedData                                                               
1     0000d93e  __lock                                                                                 
1     0000d940  _u16TimerMainFunctionDelay                                                             
1     0000d944  _u16TimerMainFunctionDelayCompare                                                      
1     0000d948  _u16TimerMainFunctionDelayCounter                                                      
1     0000d94c  _bDummyStatusDeviceRunning                                                             
1     0000d94d  _eResponseCode_CSMON_eInit                                                             
1     0000d94e  _eResponseCode_CSMON_eProcess                                                          
1     0000d94f  _eResponseCode_CSMON_eSetServerOnStatus                                                
1     0000d950  _CSMON_abFileAutorization_RecordStringData                                             
1     0000d953  _CSMON_au16FileAutorization_RecordOffsets                                              
1     0000d956  _CSMON_au32FileParameterDefinitionsFileRecordElementsRecordToRecordOffsetSizeBytesTable
1     0000d959  _abRecorderJustStopped                                                                 
1     0000d95c  _abRecorderRunning                                                                     
1     0000d95f  _nSizeBytesScopeBuffer                                                                 
1     0000d962  _sScopeStatusParam                                                                     
1     0000d965  _CSMON_au8FileScopeStatusElementsSizeTable                                             
1     0000d966  __unlock                                                                               
1     0000d968  _sRecTimeBase                                                                          
abs   0000005c  _RamfuncsLoadSize                                                                      
abs   0000005c  _RamfuncsRunSize                                                                       
abs   00000200  __STACK_SIZE                                                                           
abs   ffffffff  .text                                                                                  
abs   ffffffff  ___TI_pprof_out_hndl                                                                   
abs   ffffffff  ___TI_prof_data_size                                                                   
abs   ffffffff  ___TI_prof_data_start                                                                  
abs   ffffffff  ___binit__                                                                             
abs   ffffffff  ___c_args__                                                                            
abs   ffffffff  ___etext__                                                                             
abs   ffffffff  ___pinit__                                                                             
abs   ffffffff  ___text__                                                                              
abs   ffffffff  binit                                                                                  
abs   ffffffff  etext                                                                                  
abs   ffffffff  pinit                                                                                  

[820 symbols]
