<?xml version="1.0" encoding="ISO-8859-1" ?>
<link_info>
   <banner>TMS320C2000 Linker PC v18.12.2.LTS</banner>
   <copyright>Copyright (c) 1996-2018 Texas Instruments Incorporated</copyright>
   <link_time>0x5e6b9c76</link_time>
   <link_errors>0x0</link_errors>
   <output_file>../../../04_Output_Files/Release/TEST_CSMON_C28xx.out</output_file>
   <entry_point>
      <name>_c_int00</name>
      <address>0x88eec</address>
   </entry_point>
   <input_file_list>
      <input_file id="fl-2">
         <path>.\01_Source_Test\</path>
         <kind>object</kind>
         <file>main.obj</file>
         <name>main.obj</name>
      </input_file>
      <input_file id="fl-3">
         <path>.\device\</path>
         <kind>object</kind>
         <file>F2837xD_CodeStartBranch.obj</file>
         <name>F2837xD_CodeStartBranch.obj</name>
      </input_file>
      <input_file id="fl-4">
         <path>.\device\</path>
         <kind>object</kind>
         <file>device.obj</file>
         <name>device.obj</name>
      </input_file>
      <input_file id="fl-5">
         <path>.\device\driverlib\</path>
         <kind>object</kind>
         <file>adc.obj</file>
         <name>adc.obj</name>
      </input_file>
      <input_file id="fl-6">
         <path>.\device\driverlib\</path>
         <kind>object</kind>
         <file>asysctl.obj</file>
         <name>asysctl.obj</name>
      </input_file>
      <input_file id="fl-7">
         <path>.\device\driverlib\</path>
         <kind>object</kind>
         <file>can.obj</file>
         <name>can.obj</name>
      </input_file>
      <input_file id="fl-8">
         <path>.\device\driverlib\</path>
         <kind>object</kind>
         <file>cla.obj</file>
         <name>cla.obj</name>
      </input_file>
      <input_file id="fl-9">
         <path>.\device\driverlib\</path>
         <kind>object</kind>
         <file>cmpss.obj</file>
         <name>cmpss.obj</name>
      </input_file>
      <input_file id="fl-a">
         <path>.\device\driverlib\</path>
         <kind>object</kind>
         <file>cputimer.obj</file>
         <name>cputimer.obj</name>
      </input_file>
      <input_file id="fl-b">
         <path>.\device\driverlib\</path>
         <kind>object</kind>
         <file>dac.obj</file>
         <name>dac.obj</name>
      </input_file>
      <input_file id="fl-c">
         <path>.\device\driverlib\</path>
         <kind>object</kind>
         <file>dcsm.obj</file>
         <name>dcsm.obj</name>
      </input_file>
      <input_file id="fl-d">
         <path>.\device\driverlib\</path>
         <kind>object</kind>
         <file>dma.obj</file>
         <name>dma.obj</name>
      </input_file>
      <input_file id="fl-e">
         <path>.\device\driverlib\</path>
         <kind>object</kind>
         <file>ecap.obj</file>
         <name>ecap.obj</name>
      </input_file>
      <input_file id="fl-f">
         <path>.\device\driverlib\</path>
         <kind>object</kind>
         <file>emif.obj</file>
         <name>emif.obj</name>
      </input_file>
      <input_file id="fl-10">
         <path>.\device\driverlib\</path>
         <kind>object</kind>
         <file>epwm.obj</file>
         <name>epwm.obj</name>
      </input_file>
      <input_file id="fl-11">
         <path>.\device\driverlib\</path>
         <kind>object</kind>
         <file>eqep.obj</file>
         <name>eqep.obj</name>
      </input_file>
      <input_file id="fl-12">
         <path>.\device\driverlib\</path>
         <kind>object</kind>
         <file>flash.obj</file>
         <name>flash.obj</name>
      </input_file>
      <input_file id="fl-13">
         <path>.\device\driverlib\</path>
         <kind>object</kind>
         <file>gpio.obj</file>
         <name>gpio.obj</name>
      </input_file>
      <input_file id="fl-14">
         <path>.\device\driverlib\</path>
         <kind>object</kind>
         <file>hrpwm.obj</file>
         <name>hrpwm.obj</name>
      </input_file>
      <input_file id="fl-15">
         <path>.\device\driverlib\</path>
         <kind>object</kind>
         <file>i2c.obj</file>
         <name>i2c.obj</name>
      </input_file>
      <input_file id="fl-16">
         <path>.\device\driverlib\</path>
         <kind>object</kind>
         <file>interrupt.obj</file>
         <name>interrupt.obj</name>
      </input_file>
      <input_file id="fl-17">
         <path>.\device\driverlib\</path>
         <kind>object</kind>
         <file>mcbsp.obj</file>
         <name>mcbsp.obj</name>
      </input_file>
      <input_file id="fl-18">
         <path>.\device\driverlib\</path>
         <kind>object</kind>
         <file>memcfg.obj</file>
         <name>memcfg.obj</name>
      </input_file>
      <input_file id="fl-19">
         <path>.\device\driverlib\</path>
         <kind>object</kind>
         <file>sci.obj</file>
         <name>sci.obj</name>
      </input_file>
      <input_file id="fl-1a">
         <path>.\device\driverlib\</path>
         <kind>object</kind>
         <file>sdfm.obj</file>
         <name>sdfm.obj</name>
      </input_file>
      <input_file id="fl-1b">
         <path>.\device\driverlib\</path>
         <kind>object</kind>
         <file>spi.obj</file>
         <name>spi.obj</name>
      </input_file>
      <input_file id="fl-1c">
         <path>.\device\driverlib\</path>
         <kind>object</kind>
         <file>sysctl.obj</file>
         <name>sysctl.obj</name>
      </input_file>
      <input_file id="fl-1d">
         <path>.\device\driverlib\</path>
         <kind>object</kind>
         <file>upp.obj</file>
         <name>upp.obj</name>
      </input_file>
      <input_file id="fl-1e">
         <path>.\device\driverlib\</path>
         <kind>object</kind>
         <file>version.obj</file>
         <name>version.obj</name>
      </input_file>
      <input_file id="fl-1f">
         <path>.\device\driverlib\</path>
         <kind>object</kind>
         <file>xbar.obj</file>
         <name>xbar.obj</name>
      </input_file>
      <input_file id="fl-25">
         <kind>object</kind>
         <file>&lt;internal&gt;</file>
         <name>&lt;internal&gt;</name>
      </input_file>
      <input_file id="fl-29">
         <path>D:\repo_git\fw_LIB_CSMON\04_Output_Files\Release\</path>
         <kind>archive</kind>
         <file>CSMON_C28xx.lib</file>
         <name>csmon.obj</name>
      </input_file>
      <input_file id="fl-2a">
         <path>D:\repo_git\fw_LIB_CSMON\04_Output_Files\Release\</path>
         <kind>archive</kind>
         <file>CSMON_C28xx.lib</file>
         <name>modbusreg.obj</name>
      </input_file>
      <input_file id="fl-2b">
         <path>D:\repo_git\fw_LIB_CSMON\04_Output_Files\Release\</path>
         <kind>archive</kind>
         <file>CSMON_C28xx.lib</file>
         <name>sys_drv.obj</name>
      </input_file>
      <input_file id="fl-2c">
         <path>D:\repo_git\fw_LIB_CSMON\04_Output_Files\Release\</path>
         <kind>archive</kind>
         <file>CSMON_C28xx.lib</file>
         <name>hmlib.obj</name>
      </input_file>
      <input_file id="fl-2d">
         <path>D:\repo_git\fw_LIB_CSMON\04_Output_Files\Release\</path>
         <kind>archive</kind>
         <file>CSMON_C28xx.lib</file>
         <name>hmmodbus.obj</name>
      </input_file>
      <input_file id="fl-2e">
         <path>D:\repo_git\fw_LIB_CSMON\04_Output_Files\Release\</path>
         <kind>archive</kind>
         <file>CSMON_C28xx.lib</file>
         <name>hmprotocol.obj</name>
      </input_file>
      <input_file id="fl-2f">
         <path>D:\repo_git\fw_LIB_CSMON\04_Output_Files\Release\</path>
         <kind>archive</kind>
         <file>CSMON_C28xx.lib</file>
         <name>hmrec.obj</name>
      </input_file>
      <input_file id="fl-30">
         <path>D:\repo_git\fw_LIB_CSMON\04_Output_Files\Release\</path>
         <kind>archive</kind>
         <file>CSMON_C28xx.lib</file>
         <name>hmrecparam.obj</name>
      </input_file>
      <input_file id="fl-31">
         <path>D:\repo_git\fw_LIB_CSMON\04_Output_Files\Release\</path>
         <kind>archive</kind>
         <file>CSMON_C28xx.lib</file>
         <name>hmscope.obj</name>
      </input_file>
      <input_file id="fl-32">
         <path>D:\repo_git\fw_LIB_CSMON\04_Output_Files\Release\</path>
         <kind>archive</kind>
         <file>CSMON_C28xx.lib</file>
         <name>hmscopeparam.obj</name>
      </input_file>
      <input_file id="fl-33">
         <path>D:\repo_git\fw_LIB_CSMON\04_Output_Files\Release\</path>
         <kind>archive</kind>
         <file>CSMON_C28xx.lib</file>
         <name>hmserial.obj</name>
      </input_file>
      <input_file id="fl-34">
         <path>D:\repo_git\fw_LIB_CSMON\04_Output_Files\Release\</path>
         <kind>archive</kind>
         <file>CSMON_C28xx.lib</file>
         <name>F2837xD_EPwm.obj</name>
      </input_file>
      <input_file id="fl-35">
         <path>D:\repo_git\fw_LIB_CSMON\04_Output_Files\Release\</path>
         <kind>archive</kind>
         <file>CSMON_C28xx.lib</file>
         <name>fpga_sci.obj</name>
      </input_file>
      <input_file id="fl-36">
         <path>D:\repo_git\fw_LIB_CSMON\04_Output_Files\Release\</path>
         <kind>archive</kind>
         <file>CSMON_C28xx.lib</file>
         <name>io_drv.obj</name>
      </input_file>
      <input_file id="fl-37">
         <path>D:\repo_git\fw_LIB_CSMON\04_Output_Files\Release\</path>
         <kind>archive</kind>
         <file>CSMON_C28xx.lib</file>
         <name>sci_drv.obj</name>
      </input_file>
      <input_file id="fl-38">
         <path>D:\repo_git\fw_LIB_CSMON\04_Output_Files\Release\</path>
         <kind>archive</kind>
         <file>CSMON_C28xx.lib</file>
         <name>tmr_drv.obj</name>
      </input_file>
      <input_file id="fl-39">
         <path>D:\repo_git\fw_LIB_CSMON\04_Output_Files\Release\</path>
         <kind>archive</kind>
         <file>CSMON_C28xx.lib</file>
         <name>uart_drv.obj</name>
      </input_file>
      <input_file id="fl-3a">
         <path>D:\repo_git\fw_LIB_CSMON\04_Output_Files\Release\</path>
         <kind>archive</kind>
         <file>CSMON_C28xx.lib</file>
         <name>hmdrv.obj</name>
      </input_file>
      <input_file id="fl-46">
         <path>C:\ti\ccs910\ccs\tools\compiler\ti-cgt-c2000_18.12.2.LTS\lib\</path>
         <kind>archive</kind>
         <file>rts2800_fpu32.lib</file>
         <name>boot28.asm.obj</name>
      </input_file>
      <input_file id="fl-47">
         <path>C:\ti\ccs910\ccs\tools\compiler\ti-cgt-c2000_18.12.2.LTS\lib\</path>
         <kind>archive</kind>
         <file>rts2800_fpu32.lib</file>
         <name>fs_div28.asm.obj</name>
      </input_file>
      <input_file id="fl-48">
         <path>C:\ti\ccs910\ccs\tools\compiler\ti-cgt-c2000_18.12.2.LTS\lib\</path>
         <kind>archive</kind>
         <file>rts2800_fpu32.lib</file>
         <name>u_div28.asm.obj</name>
      </input_file>
      <input_file id="fl-49">
         <path>C:\ti\ccs910\ccs\tools\compiler\ti-cgt-c2000_18.12.2.LTS\lib\</path>
         <kind>archive</kind>
         <file>rts2800_fpu32.lib</file>
         <name>cpy_tbl.c.obj</name>
      </input_file>
      <input_file id="fl-4a">
         <path>C:\ti\ccs910\ccs\tools\compiler\ti-cgt-c2000_18.12.2.LTS\lib\</path>
         <kind>archive</kind>
         <file>rts2800_fpu32.lib</file>
         <name>memcpy.c.obj</name>
      </input_file>
      <input_file id="fl-4b">
         <path>C:\ti\ccs910\ccs\tools\compiler\ti-cgt-c2000_18.12.2.LTS\lib\</path>
         <kind>archive</kind>
         <file>rts2800_fpu32.lib</file>
         <name>pre_init.c.obj</name>
      </input_file>
      <input_file id="fl-4c">
         <path>C:\ti\ccs910\ccs\tools\compiler\ti-cgt-c2000_18.12.2.LTS\lib\</path>
         <kind>archive</kind>
         <file>rts2800_fpu32.lib</file>
         <name>startup.c.obj</name>
      </input_file>
      <input_file id="fl-4d">
         <path>C:\ti\ccs910\ccs\tools\compiler\ti-cgt-c2000_18.12.2.LTS\lib\</path>
         <kind>archive</kind>
         <file>rts2800_fpu32.lib</file>
         <name>exit.c.obj</name>
      </input_file>
      <input_file id="fl-4e">
         <path>C:\ti\ccs910\ccs\tools\compiler\ti-cgt-c2000_18.12.2.LTS\lib\</path>
         <kind>archive</kind>
         <file>rts2800_fpu32.lib</file>
         <name>_lock.c.obj</name>
      </input_file>
      <input_file id="fl-4f">
         <path>C:\ti\ccs910\ccs\tools\compiler\ti-cgt-c2000_18.12.2.LTS\lib\</path>
         <kind>archive</kind>
         <file>rts2800_fpu32.lib</file>
         <name>args_main.c.obj</name>
      </input_file>
   </input_file_list>
   <object_component_list>
      <object_component id="oc-ca">
         <name>.cinit</name>
         <load_address>0x82000</load_address>
         <run_address>0x82000</run_address>
         <size>0x197</size>
         <input_file_ref idref="fl-2d"/>
      </object_component>
      <object_component id="oc-fe">
         <name>.cinit</name>
         <load_address>0x82197</load_address>
         <run_address>0x82197</run_address>
         <size>0x106</size>
         <input_file_ref idref="fl-35"/>
      </object_component>
      <object_component id="oc-1e6">
         <name>.cinit:_QueueTestTable</name>
         <load_address>0x8229d</load_address>
         <run_address>0x8229d</run_address>
         <size>0xc3</size>
         <input_file_ref idref="fl-2a"/>
      </object_component>
      <object_component id="oc-ae">
         <name>.cinit</name>
         <load_address>0x82360</load_address>
         <run_address>0x82360</run_address>
         <size>0x42</size>
         <input_file_ref idref="fl-29"/>
      </object_component>
      <object_component id="oc-1dd">
         <name>.cinit:_CSMON_au8FileRecorderConfigurationElementsSizeTable</name>
         <load_address>0x823a2</load_address>
         <run_address>0x823a2</run_address>
         <size>0x30</size>
         <input_file_ref idref="fl-29"/>
      </object_component>
      <object_component id="oc-1e1">
         <name>.cinit:_CSMON_au8FileScopeConfigurationElementsSizeTable</name>
         <load_address>0x823d2</load_address>
         <run_address>0x823d2</run_address>
         <size>0x2b</size>
         <input_file_ref idref="fl-29"/>
      </object_component>
      <object_component id="oc-105">
         <name>.cinit</name>
         <load_address>0x823fd</load_address>
         <run_address>0x823fd</run_address>
         <size>0x28</size>
         <input_file_ref idref="fl-36"/>
      </object_component>
      <object_component id="oc-c3">
         <name>.cinit</name>
         <load_address>0x82425</load_address>
         <run_address>0x82425</run_address>
         <size>0x20</size>
         <input_file_ref idref="fl-2c"/>
      </object_component>
      <object_component id="oc-d1">
         <name>.cinit</name>
         <load_address>0x82445</load_address>
         <run_address>0x82445</run_address>
         <size>0x14</size>
         <input_file_ref idref="fl-2e"/>
      </object_component>
      <object_component id="oc-1fe">
         <name>.cinit:_MODBUSREG_au8DeviceIDUserApplicationName</name>
         <load_address>0x82459</load_address>
         <run_address>0x82459</run_address>
         <size>0x13</size>
         <input_file_ref idref="fl-2a"/>
      </object_component>
      <object_component id="oc-1f8">
         <name>.cinit:_MODBUSREG_au8DeviceIDVendorUrl</name>
         <load_address>0x8246c</load_address>
         <run_address>0x8246c</run_address>
         <size>0x13</size>
         <input_file_ref idref="fl-2a"/>
      </object_component>
      <object_component id="oc-1f0">
         <name>.cinit:_MODBUSREG_au8ServerIDData</name>
         <load_address>0x8247f</load_address>
         <run_address>0x8247f</run_address>
         <size>0x13</size>
         <input_file_ref idref="fl-2a"/>
      </object_component>
      <object_component id="oc-b5">
         <name>.cinit</name>
         <load_address>0x82492</load_address>
         <run_address>0x82492</run_address>
         <size>0x10</size>
         <input_file_ref idref="fl-2a"/>
      </object_component>
      <object_component id="oc-1b">
         <name>.cinit</name>
         <load_address>0x824a2</load_address>
         <run_address>0x824a2</run_address>
         <size>0x10</size>
         <input_file_ref idref="fl-2"/>
      </object_component>
      <object_component id="oc-1fc">
         <name>.cinit:_MODBUSREG_au8DeviceIDModelName</name>
         <load_address>0x824b2</load_address>
         <run_address>0x824b2</run_address>
         <size>0xf</size>
         <input_file_ref idref="fl-2a"/>
      </object_component>
      <object_component id="oc-28">
         <name>.cinit</name>
         <load_address>0x824c1</load_address>
         <run_address>0x824c1</run_address>
         <size>0xf</size>
         <input_file_ref idref="fl-4"/>
      </object_component>
      <object_component id="oc-14b">
         <name>.cinit</name>
         <load_address>0x824d0</load_address>
         <run_address>0x824d0</run_address>
         <size>0xe</size>
         <input_file_ref idref="fl-4d"/>
      </object_component>
      <object_component id="oc-1fa">
         <name>.cinit:_MODBUSREG_au8DeviceIDProductName</name>
         <load_address>0x824de</load_address>
         <run_address>0x824de</run_address>
         <size>0xc</size>
         <input_file_ref idref="fl-2a"/>
      </object_component>
      <object_component id="oc-200">
         <name>.cinit:_MODBUSREG_au8DeviceIDUserReserve0</name>
         <load_address>0x824ea</load_address>
         <run_address>0x824ea</run_address>
         <size>0xc</size>
         <input_file_ref idref="fl-2a"/>
      </object_component>
      <object_component id="oc-202">
         <name>.cinit:_MODBUSREG_au8DeviceIDUserReserve1</name>
         <load_address>0x824f6</load_address>
         <run_address>0x824f6</run_address>
         <size>0xc</size>
         <input_file_ref idref="fl-2a"/>
      </object_component>
      <object_component id="oc-204">
         <name>.cinit:_MODBUSREG_au8DeviceIDUserReserve2</name>
         <load_address>0x82502</load_address>
         <run_address>0x82502</run_address>
         <size>0xc</size>
         <input_file_ref idref="fl-2a"/>
      </object_component>
      <object_component id="oc-1f2">
         <name>.cinit:_MODBUSREG_au8DeviceIDVendorName</name>
         <load_address>0x8250e</load_address>
         <run_address>0x8250e</run_address>
         <size>0xc</size>
         <input_file_ref idref="fl-2a"/>
      </object_component>
      <object_component id="oc-198">
         <name>.cinit:_FPGA_SCI_nMessagesCounter</name>
         <load_address>0x8251a</load_address>
         <run_address>0x8251a</run_address>
         <size>0xb</size>
         <input_file_ref idref="fl-35"/>
      </object_component>
      <object_component id="oc-184">
         <name>.cinit:_UART_RXIntOverflowCounter</name>
         <load_address>0x82525</load_address>
         <run_address>0x82525</run_address>
         <size>0xb</size>
         <input_file_ref idref="fl-39"/>
      </object_component>
      <object_component id="oc-169">
         <name>.cinit:_pfDelayedFunction</name>
         <load_address>0x82530</load_address>
         <run_address>0x82530</run_address>
         <size>0xb</size>
         <input_file_ref idref="fl-38"/>
      </object_component>
      <object_component id="oc-166">
         <name>.cinit:_pfDelayedFunction_u8</name>
         <load_address>0x8253b</load_address>
         <run_address>0x8253b</run_address>
         <size>0xb</size>
         <input_file_ref idref="fl-38"/>
      </object_component>
      <object_component id="oc-172">
         <name>.cinit:_u32TimeDiffLast</name>
         <load_address>0x82546</load_address>
         <run_address>0x82546</run_address>
         <size>0xb</size>
         <input_file_ref idref="fl-39"/>
      </object_component>
      <object_component id="oc-182">
         <name>.cinit:_u32TimeDiffNow</name>
         <load_address>0x82551</load_address>
         <run_address>0x82551</run_address>
         <size>0xb</size>
         <input_file_ref idref="fl-39"/>
      </object_component>
      <object_component id="oc-17c">
         <name>.cinit:_u32TimeDiffRead</name>
         <load_address>0x8255c</load_address>
         <run_address>0x8255c</run_address>
         <size>0xb</size>
         <input_file_ref idref="fl-39"/>
      </object_component>
      <object_component id="oc-f2">
         <name>.cinit</name>
         <load_address>0x82567</load_address>
         <run_address>0x82567</run_address>
         <size>0x9</size>
         <input_file_ref idref="fl-33"/>
      </object_component>
      <object_component id="oc-1a5">
         <name>.cinit:_CSMON_au32FileAutorization_FunctionAfterWriteFileRecord</name>
         <load_address>0x82570</load_address>
         <run_address>0x82570</run_address>
         <size>0x9</size>
         <input_file_ref idref="fl-29"/>
      </object_component>
      <object_component id="oc-1c5">
         <name>.cinit:_pBufferScope</name>
         <load_address>0x82579</load_address>
         <run_address>0x82579</run_address>
         <size>0x9</size>
         <input_file_ref idref="fl-32"/>
      </object_component>
      <object_component id="oc-1a9">
         <name>.cinit:_CSMON_au8FileParameterListElementsSizeTablePart1</name>
         <load_address>0x82582</load_address>
         <run_address>0x82582</run_address>
         <size>0x8</size>
         <input_file_ref idref="fl-29"/>
      </object_component>
      <object_component id="oc-bc">
         <name>.cinit</name>
         <load_address>0x8258a</load_address>
         <run_address>0x8258a</run_address>
         <size>0x7</size>
         <input_file_ref idref="fl-2b"/>
      </object_component>
      <object_component id="oc-1d8">
         <name>.cinit:_CSMON_au8FileParameterCountElementsSizeTable</name>
         <load_address>0x82591</load_address>
         <run_address>0x82591</run_address>
         <size>0x7</size>
         <input_file_ref idref="fl-29"/>
      </object_component>
      <object_component id="oc-1df">
         <name>.cinit:_CSMON_au8FileRecorderStatusElementsSizeTable</name>
         <load_address>0x82598</load_address>
         <run_address>0x82598</run_address>
         <size>0x7</size>
         <input_file_ref idref="fl-29"/>
      </object_component>
      <object_component id="oc-1f6">
         <name>.cinit:_MODBUSREG_au8DeviceIDMajorMinorRevision</name>
         <load_address>0x8259f</load_address>
         <run_address>0x8259f</run_address>
         <size>0x7</size>
         <input_file_ref idref="fl-2a"/>
      </object_component>
      <object_component id="oc-1f4">
         <name>.cinit:_MODBUSREG_au8DeviceIDProductCode</name>
         <load_address>0x825a6</load_address>
         <run_address>0x825a6</run_address>
         <size>0x7</size>
         <input_file_ref idref="fl-2a"/>
      </object_component>
      <object_component id="oc-17a">
         <name>.cinit:_UARTRxBufferRDCount</name>
         <load_address>0x825ad</load_address>
         <run_address>0x825ad</run_address>
         <size>0x7</size>
         <input_file_ref idref="fl-39"/>
      </object_component>
      <object_component id="oc-174">
         <name>.cinit:_UARTRxBufferRDIndex</name>
         <load_address>0x825b4</load_address>
         <run_address>0x825b4</run_address>
         <size>0x7</size>
         <input_file_ref idref="fl-39"/>
      </object_component>
      <object_component id="oc-178">
         <name>.cinit:_UARTRxBufferWRCount</name>
         <load_address>0x825bb</load_address>
         <run_address>0x825bb</run_address>
         <size>0x7</size>
         <input_file_ref idref="fl-39"/>
      </object_component>
      <object_component id="oc-176">
         <name>.cinit:_UARTRxBufferWRIndex</name>
         <load_address>0x825c2</load_address>
         <run_address>0x825c2</run_address>
         <size>0x7</size>
         <input_file_ref idref="fl-39"/>
      </object_component>
      <object_component id="oc-1d5">
         <name>.cinit:_CSMON_abFileAutorization_RecordReadOnly</name>
         <load_address>0x825c9</load_address>
         <run_address>0x825c9</run_address>
         <size>0x6</size>
         <input_file_ref idref="fl-29"/>
      </object_component>
      <object_component id="oc-1d3">
         <name>.cinit:_CSMON_abFileAutorization_RecordStringData</name>
         <load_address>0x825cf</load_address>
         <run_address>0x825cf</run_address>
         <size>0x6</size>
         <input_file_ref idref="fl-29"/>
      </object_component>
      <object_component id="oc-1d1">
         <name>.cinit:_CSMON_au16FileAutorization_RecordOffsets</name>
         <load_address>0x825d5</load_address>
         <run_address>0x825d5</run_address>
         <size>0x6</size>
         <input_file_ref idref="fl-29"/>
      </object_component>
      <object_component id="oc-1c7">
         <name>.cinit:_nSizeBytesScopeBuffer</name>
         <load_address>0x825db</load_address>
         <run_address>0x825db</run_address>
         <size>0x6</size>
         <input_file_ref idref="fl-32"/>
      </object_component>
      <object_component id="oc-1ab">
         <name>.cinit:_CSMON_au8FileParameterListElementsSizeTablePart2</name>
         <load_address>0x825e1</load_address>
         <run_address>0x825e1</run_address>
         <size>0x5</size>
         <input_file_ref idref="fl-29"/>
      </object_component>
      <object_component id="oc-1ad">
         <name>.cinit:_CSMON_au8FileParameterListElementsSizeTablePart3</name>
         <load_address>0x825e6</load_address>
         <run_address>0x825e6</run_address>
         <size>0x5</size>
         <input_file_ref idref="fl-29"/>
      </object_component>
      <object_component id="oc-16f">
         <name>.cinit:__lock</name>
         <load_address>0x825eb</load_address>
         <run_address>0x825eb</run_address>
         <size>0x5</size>
         <input_file_ref idref="fl-4e"/>
      </object_component>
      <object_component id="oc-18a">
         <name>.cinit:__unlock</name>
         <load_address>0x825f0</load_address>
         <run_address>0x825f0</run_address>
         <size>0x5</size>
         <input_file_ref idref="fl-4e"/>
      </object_component>
      <object_component id="oc-eb">
         <name>.cinit</name>
         <load_address>0x825f5</load_address>
         <run_address>0x825f5</run_address>
         <size>0x4</size>
         <input_file_ref idref="fl-32"/>
      </object_component>
      <object_component id="oc-112">
         <name>.cinit</name>
         <load_address>0x825f9</load_address>
         <run_address>0x825f9</run_address>
         <size>0x4</size>
         <input_file_ref idref="fl-38"/>
      </object_component>
      <object_component id="oc-11a">
         <name>.cinit</name>
         <load_address>0x825fd</load_address>
         <run_address>0x825fd</run_address>
         <size>0x4</size>
         <input_file_ref idref="fl-39"/>
      </object_component>
      <object_component id="oc-1e3">
         <name>.cinit:_CSMON_au8FileScopeStatusElementsSizeTable</name>
         <load_address>0x82601</load_address>
         <run_address>0x82601</run_address>
         <size>0x4</size>
         <input_file_ref idref="fl-29"/>
      </object_component>
      <object_component id="oc-1b1">
         <name>.cinit:_sRecTimeBase</name>
         <load_address>0x82605</load_address>
         <run_address>0x82605</run_address>
         <size>0x4</size>
         <input_file_ref idref="fl-30"/>
      </object_component>
      <object_component id="oc-1a3">
         <name>.text</name>
         <load_address>0x8263c</load_address>
         <run_address>0x8263c</run_address>
         <size>0xe1c</size>
         <input_file_ref idref="fl-2a"/>
      </object_component>
      <object_component id="oc-180">
         <name>.text</name>
         <load_address>0x83458</load_address>
         <run_address>0x83458</run_address>
         <size>0x8a2</size>
         <input_file_ref idref="fl-35"/>
      </object_component>
      <object_component id="oc-161">
         <name>.text</name>
         <load_address>0x83cfa</load_address>
         <run_address>0x83cfa</run_address>
         <size>0x287</size>
         <input_file_ref idref="fl-39"/>
      </object_component>
      <object_component id="oc-193">
         <name>.text</name>
         <load_address>0x83f81</load_address>
         <run_address>0x83f81</run_address>
         <size>0x79</size>
         <input_file_ref idref="fl-31"/>
      </object_component>
      <object_component id="oc-185">
         <name>.text</name>
         <load_address>0x83ffa</load_address>
         <run_address>0x83ffa</run_address>
         <size>0x6</size>
         <input_file_ref idref="fl-a"/>
      </object_component>
      <object_component id="oc-191">
         <name>.text</name>
         <load_address>0x84000</load_address>
         <run_address>0x84000</run_address>
         <size>0x1f09</size>
         <input_file_ref idref="fl-2d"/>
      </object_component>
      <object_component id="oc-160">
         <name>.text</name>
         <load_address>0x85f09</load_address>
         <run_address>0x85f09</run_address>
         <size>0xd9</size>
         <input_file_ref idref="fl-37"/>
      </object_component>
      <object_component id="oc-16c">
         <name>.text</name>
         <load_address>0x85fe2</load_address>
         <run_address>0x85fe2</run_address>
         <size>0x1d</size>
         <input_file_ref idref="fl-4a"/>
      </object_component>
      <object_component id="oc-15d">
         <name>.text</name>
         <load_address>0x85fff</load_address>
         <run_address>0x85fff</run_address>
         <size>0x1</size>
         <input_file_ref idref="fl-4c"/>
      </object_component>
      <object_component id="oc-18c">
         <name>.text</name>
         <load_address>0x8605c</load_address>
         <run_address>0x8605c</run_address>
         <size>0x829</size>
         <input_file_ref idref="fl-30"/>
      </object_component>
      <object_component id="oc-190">
         <name>.text</name>
         <load_address>0x86885</load_address>
         <run_address>0x86885</run_address>
         <size>0x752</size>
         <input_file_ref idref="fl-3a"/>
      </object_component>
      <object_component id="oc-188">
         <name>.text</name>
         <load_address>0x86fd7</load_address>
         <run_address>0x86fd7</run_address>
         <size>0x524</size>
         <input_file_ref idref="fl-29"/>
      </object_component>
      <object_component id="oc-19c">
         <name>.text</name>
         <load_address>0x874fb</load_address>
         <run_address>0x874fb</run_address>
         <size>0x42b</size>
         <input_file_ref idref="fl-1c"/>
      </object_component>
      <object_component id="oc-18e">
         <name>.text</name>
         <load_address>0x87926</load_address>
         <run_address>0x87926</run_address>
         <size>0x33c</size>
         <input_file_ref idref="fl-2f"/>
      </object_component>
      <object_component id="oc-195">
         <name>.text</name>
         <load_address>0x87c62</load_address>
         <run_address>0x87c62</run_address>
         <size>0x27e</size>
         <input_file_ref idref="fl-2e"/>
      </object_component>
      <object_component id="oc-114">
         <name>.text:retain</name>
         <load_address>0x87ee0</load_address>
         <run_address>0x87ee0</run_address>
         <size>0x10f</size>
         <input_file_ref idref="fl-38"/>
      </object_component>
      <object_component id="oc-131">
         <name>.text</name>
         <load_address>0x87fef</load_address>
         <run_address>0x87fef</run_address>
         <size>0xb</size>
         <input_file_ref idref="fl-48"/>
      </object_component>
      <object_component id="oc-15b">
         <name>.text</name>
         <load_address>0x87ffa</load_address>
         <run_address>0x87ffa</run_address>
         <size>0x2</size>
         <input_file_ref idref="fl-4b"/>
      </object_component>
      <object_component id="oc-192">
         <name>.text</name>
         <load_address>0x88000</load_address>
         <run_address>0x88000</run_address>
         <size>0x239</size>
         <input_file_ref idref="fl-33"/>
      </object_component>
      <object_component id="oc-10c">
         <name>.text:retain</name>
         <load_address>0x88239</load_address>
         <run_address>0x88239</run_address>
         <size>0x1fc</size>
         <input_file_ref idref="fl-37"/>
      </object_component>
      <object_component id="oc-17f">
         <name>.text</name>
         <load_address>0x88435</load_address>
         <run_address>0x88435</run_address>
         <size>0x1ef</size>
         <input_file_ref idref="fl-2c"/>
      </object_component>
      <object_component id="oc-194">
         <name>.text</name>
         <load_address>0x88624</load_address>
         <run_address>0x88624</run_address>
         <size>0x1c8</size>
         <input_file_ref idref="fl-32"/>
      </object_component>
      <object_component id="oc-1b8">
         <name>.text</name>
         <load_address>0x887ec</load_address>
         <run_address>0x887ec</run_address>
         <size>0x18c</size>
         <input_file_ref idref="fl-13"/>
      </object_component>
      <object_component id="oc-163">
         <name>.text</name>
         <load_address>0x88978</load_address>
         <run_address>0x88978</run_address>
         <size>0x174</size>
         <input_file_ref idref="fl-38"/>
      </object_component>
      <object_component id="oc-187">
         <name>.text</name>
         <load_address>0x88aec</load_address>
         <run_address>0x88aec</run_address>
         <size>0x156</size>
         <input_file_ref idref="fl-16"/>
      </object_component>
      <object_component id="oc-186">
         <name>.text</name>
         <load_address>0x88c42</load_address>
         <run_address>0x88c42</run_address>
         <size>0x14f</size>
         <input_file_ref idref="fl-4"/>
      </object_component>
      <object_component id="oc-162">
         <name>.text</name>
         <load_address>0x88d91</load_address>
         <run_address>0x88d91</run_address>
         <size>0xd3</size>
         <input_file_ref idref="fl-19"/>
      </object_component>
      <object_component id="oc-12c">
         <name>.text</name>
         <load_address>0x88e64</load_address>
         <run_address>0x88e64</run_address>
         <size>0x88</size>
         <input_file_ref idref="fl-47"/>
      </object_component>
      <object_component id="oc-19">
         <name>.text</name>
         <load_address>0x88eec</load_address>
         <run_address>0x88eec</run_address>
         <size>0x56</size>
         <input_file_ref idref="fl-46"/>
      </object_component>
      <object_component id="oc-16d">
         <name>.text</name>
         <load_address>0x88f42</load_address>
         <run_address>0x88f42</run_address>
         <size>0x33</size>
         <input_file_ref idref="fl-2"/>
      </object_component>
      <object_component id="oc-15f">
         <name>.text</name>
         <load_address>0x88f75</load_address>
         <run_address>0x88f75</run_address>
         <size>0x29</size>
         <input_file_ref idref="fl-4d"/>
      </object_component>
      <object_component id="oc-15c">
         <name>.text</name>
         <load_address>0x88f9e</load_address>
         <run_address>0x88f9e</run_address>
         <size>0x24</size>
         <input_file_ref idref="fl-49"/>
      </object_component>
      <object_component id="oc-15e">
         <name>.text</name>
         <load_address>0x88fc2</load_address>
         <run_address>0x88fc2</run_address>
         <size>0x19</size>
         <input_file_ref idref="fl-4f"/>
      </object_component>
      <object_component id="oc-189">
         <name>.text</name>
         <load_address>0x88fdb</load_address>
         <run_address>0x88fdb</run_address>
         <size>0x9</size>
         <input_file_ref idref="fl-4e"/>
      </object_component>
      <object_component id="oc-21">
         <name>.text</name>
         <load_address>0x88fe4</load_address>
         <run_address>0x88fe4</run_address>
         <size>0x8</size>
         <input_file_ref idref="fl-3"/>
      </object_component>
      <object_component id="oc-22">
         <name>codestart</name>
         <load_address>0x80000</load_address>
         <run_address>0x80000</run_address>
         <size>0x2</size>
         <input_file_ref idref="fl-3"/>
      </object_component>
      <object_component id="oc-19b">
         <name>.TI.ramfunc</name>
         <load_address>0x86000</load_address>
         <run_address>0x8000</run_address>
         <size>0x58</size>
         <input_file_ref idref="fl-12"/>
      </object_component>
      <object_component id="oc-99">
         <name>.TI.ramfunc</name>
         <load_address>0x86058</load_address>
         <run_address>0x8058</run_address>
         <size>0x4</size>
         <input_file_ref idref="fl-1c"/>
      </object_component>
      <object_component id="oc-126">
         <name>.stack</name>
         <uninitialized>true</uninitialized>
         <run_address>0x400</run_address>
         <size>0x0</size>
         <input_file_ref idref="fl-46"/>
      </object_component>
      <object_component id="oc-225">
         <name>.stack</name>
         <uninitialized>true</uninitialized>
         <run_address>0x400</run_address>
         <size>0x0</size>
      </object_component>
      <object_component id="oc-18f">
         <name>.ebss:_au8RecBuffer0</name>
         <uninitialized>true</uninitialized>
         <run_address>0xa800</run_address>
         <size>0x800</size>
         <input_file_ref idref="fl-2f"/>
      </object_component>
      <object_component id="oc-1c3">
         <name>.ebss:_HMSCOPEPRM_u8Buffer</name>
         <uninitialized>true</uninitialized>
         <run_address>0xc000</run_address>
         <size>0x300</size>
         <input_file_ref idref="fl-32"/>
      </object_component>
      <object_component id="oc-1cf">
         <name>.ebss:_MODBUSREG_asFileTable</name>
         <uninitialized>true</uninitialized>
         <run_address>0xc300</run_address>
         <size>0x2d0</size>
         <input_file_ref idref="fl-2a"/>
      </object_component>
      <object_component id="oc-1dc">
         <name>.ebss:_CSMON_au8FileRecorderConfigurationElementsSizeTable</name>
         <uninitialized>true</uninitialized>
         <run_address>0xc5d0</run_address>
         <size>0x2d</size>
         <input_file_ref idref="fl-29"/>
      </object_component>
      <object_component id="oc-1d4">
         <name>.ebss:_CSMON_abFileAutorization_RecordReadOnly</name>
         <uninitialized>true</uninitialized>
         <run_address>0xc5fd</run_address>
         <size>0x3</size>
         <input_file_ref idref="fl-29"/>
      </object_component>
      <object_component id="oc-17d">
         <name>.ebss:_UARTRxBufferTimeDiff</name>
         <uninitialized>true</uninitialized>
         <run_address>0xc600</run_address>
         <size>0x200</size>
         <input_file_ref idref="fl-39"/>
      </object_component>
      <object_component id="oc-1bc">
         <name>.ebss:_u32ModbusTimeoutBuffer</name>
         <uninitialized>true</uninitialized>
         <run_address>0xc800</run_address>
         <size>0x200</size>
         <input_file_ref idref="fl-2d"/>
      </object_component>
      <object_component id="oc-cb">
         <name>.ebss</name>
         <uninitialized>true</uninitialized>
         <run_address>0xca00</run_address>
         <size>0x170</size>
         <input_file_ref idref="fl-2d"/>
      </object_component>
      <object_component id="oc-1a2">
         <name>.ebss:_CSMON_sAccessLevelPasswordSelected</name>
         <uninitialized>true</uninitialized>
         <run_address>0xcb70</run_address>
         <size>0x10</size>
         <input_file_ref idref="fl-29"/>
      </object_component>
      <object_component id="oc-18b">
         <name>.ebss:_sRecHandleParam</name>
         <uninitialized>true</uninitialized>
         <run_address>0xcb80</run_address>
         <size>0x120</size>
         <input_file_ref idref="fl-30"/>
      </object_component>
      <object_component id="oc-1e4">
         <name>.ebss:_MODBUSREG_asQueueTable</name>
         <uninitialized>true</uninitialized>
         <run_address>0xcca0</run_address>
         <size>0x20</size>
         <input_file_ref idref="fl-2a"/>
      </object_component>
      <object_component id="oc-18d">
         <name>.ebss:_sRecHandle</name>
         <uninitialized>true</uninitialized>
         <run_address>0xccc0</run_address>
         <size>0x108</size>
         <input_file_ref idref="fl-2f"/>
      </object_component>
      <object_component id="oc-1e0">
         <name>.ebss:_CSMON_au8FileScopeConfigurationElementsSizeTable</name>
         <uninitialized>true</uninitialized>
         <run_address>0xcdc8</run_address>
         <size>0x2a</size>
         <input_file_ref idref="fl-29"/>
      </object_component>
      <object_component id="oc-f3">
         <name>.ebss</name>
         <uninitialized>true</uninitialized>
         <run_address>0xcdf2</run_address>
         <size>0xe</size>
         <input_file_ref idref="fl-33"/>
      </object_component>
      <object_component id="oc-1b9">
         <name>.ebss:_HMMODBUS_anTxCheckSum</name>
         <uninitialized>true</uninitialized>
         <run_address>0xce00</run_address>
         <size>0x100</size>
         <input_file_ref idref="fl-2d"/>
      </object_component>
      <object_component id="oc-1bd">
         <name>.ebss:_HMMODBUS_pCommBufferRx</name>
         <uninitialized>true</uninitialized>
         <run_address>0xcf00</run_address>
         <size>0x100</size>
         <input_file_ref idref="fl-2d"/>
      </object_component>
      <object_component id="oc-1bf">
         <name>.ebss:_HMMODBUS_pCommBufferTx</name>
         <uninitialized>true</uninitialized>
         <run_address>0xd000</run_address>
         <size>0x100</size>
         <input_file_ref idref="fl-2d"/>
      </object_component>
      <object_component id="oc-17e">
         <name>.ebss:_UARTRxBuffer</name>
         <uninitialized>true</uninitialized>
         <run_address>0xd100</run_address>
         <size>0x100</size>
         <input_file_ref idref="fl-39"/>
      </object_component>
      <object_component id="oc-1e5">
         <name>.ebss:_QueueTestTable</name>
         <uninitialized>true</uninitialized>
         <run_address>0xd200</run_address>
         <size>0xc0</size>
         <input_file_ref idref="fl-2a"/>
      </object_component>
      <object_component id="oc-1b3">
         <name>.ebss:_sRecConfigParam</name>
         <uninitialized>true</uninitialized>
         <run_address>0xd2c0</run_address>
         <size>0xc0</size>
         <input_file_ref idref="fl-30"/>
      </object_component>
      <object_component id="oc-1c8">
         <name>.ebss:_sScopeHandlePrm</name>
         <uninitialized>true</uninitialized>
         <run_address>0xd380</run_address>
         <size>0xba</size>
         <input_file_ref idref="fl-32"/>
      </object_component>
      <object_component id="oc-d2">
         <name>.ebss</name>
         <uninitialized>true</uninitialized>
         <run_address>0xd43a</run_address>
         <size>0x6</size>
         <input_file_ref idref="fl-2e"/>
      </object_component>
      <object_component id="oc-ff">
         <name>.ebss</name>
         <uninitialized>true</uninitialized>
         <run_address>0xd440</run_address>
         <size>0x80</size>
         <input_file_ref idref="fl-35"/>
      </object_component>
      <object_component id="oc-1c9">
         <name>.ebss:_sScopeConfigParam</name>
         <uninitialized>true</uninitialized>
         <run_address>0xd4c0</run_address>
         <size>0x7e</size>
         <input_file_ref idref="fl-32"/>
      </object_component>
      <object_component id="oc-ec">
         <name>.ebss</name>
         <uninitialized>true</uninitialized>
         <run_address>0xd53e</run_address>
         <size>0x2</size>
         <input_file_ref idref="fl-32"/>
      </object_component>
      <object_component id="oc-1c2">
         <name>.ebss:_pcm_pCommBuffer</name>
         <uninitialized>true</uninitialized>
         <run_address>0xd540</run_address>
         <size>0x79</size>
         <input_file_ref idref="fl-33"/>
      </object_component>
      <object_component id="oc-121">
         <name>.ebss</name>
         <uninitialized>true</uninitialized>
         <run_address>0xd5b9</run_address>
         <size>0x1</size>
         <input_file_ref idref="fl-3a"/>
      </object_component>
      <object_component id="oc-1a4">
         <name>.ebss:_CSMON_au32FileAutorization_FunctionAfterWriteFileRecord</name>
         <uninitialized>true</uninitialized>
         <run_address>0xd5ba</run_address>
         <size>0x6</size>
         <input_file_ref idref="fl-29"/>
      </object_component>
      <object_component id="oc-af">
         <name>.ebss</name>
         <uninitialized>true</uninitialized>
         <run_address>0xd5c0</run_address>
         <size>0x63</size>
         <input_file_ref idref="fl-29"/>
      </object_component>
      <object_component id="oc-d9">
         <name>.ebss</name>
         <uninitialized>true</uninitialized>
         <run_address>0xd623</run_address>
         <size>0x1</size>
         <input_file_ref idref="fl-2f"/>
      </object_component>
      <object_component id="oc-1cd">
         <name>.ebss:_HMMODBUS_u32RegisterAddressTableInRam</name>
         <uninitialized>true</uninitialized>
         <run_address>0xd624</run_address>
         <size>0x18</size>
         <input_file_ref idref="fl-2a"/>
      </object_component>
      <object_component id="oc-b6">
         <name>.ebss</name>
         <uninitialized>true</uninitialized>
         <run_address>0xd63c</run_address>
         <size>0x4</size>
         <input_file_ref idref="fl-2a"/>
      </object_component>
      <object_component id="oc-19f">
         <name>.ebss:_CSMON_asFileParameterDefinitionsFromAccessLevel</name>
         <uninitialized>true</uninitialized>
         <run_address>0xd640</run_address>
         <size>0x46</size>
         <input_file_ref idref="fl-29"/>
      </object_component>
      <object_component id="oc-106">
         <name>.ebss</name>
         <uninitialized>true</uninitialized>
         <run_address>0xd686</run_address>
         <size>0x24</size>
         <input_file_ref idref="fl-36"/>
      </object_component>
      <object_component id="oc-11b">
         <name>.ebss</name>
         <uninitialized>true</uninitialized>
         <run_address>0xd6aa</run_address>
         <size>0x16</size>
         <input_file_ref idref="fl-39"/>
      </object_component>
      <object_component id="oc-e5">
         <name>.ebss</name>
         <uninitialized>true</uninitialized>
         <run_address>0xd6c0</run_address>
         <size>0x40</size>
         <input_file_ref idref="fl-31"/>
      </object_component>
      <object_component id="oc-196">
         <name>.ebss:_FPGA_SCI_au8RxBuffer</name>
         <uninitialized>true</uninitialized>
         <run_address>0xd700</run_address>
         <size>0x40</size>
         <input_file_ref idref="fl-35"/>
      </object_component>
      <object_component id="oc-199">
         <name>.ebss:_FPGA_SCI_au8TxBuffer</name>
         <uninitialized>true</uninitialized>
         <run_address>0xd740</run_address>
         <size>0x40</size>
         <input_file_ref idref="fl-35"/>
      </object_component>
      <object_component id="oc-1b2">
         <name>.ebss:_sRecStatusParam</name>
         <uninitialized>true</uninitialized>
         <run_address>0xd780</run_address>
         <size>0x18</size>
         <input_file_ref idref="fl-30"/>
      </object_component>
      <object_component id="oc-1a0">
         <name>.ebss:_CSMON_sAccessLevelPasswordSelectedNonConst</name>
         <uninitialized>true</uninitialized>
         <run_address>0xd798</run_address>
         <size>0x10</size>
         <input_file_ref idref="fl-29"/>
      </object_component>
      <object_component id="oc-1a1">
         <name>.ebss:_CSMON_sAccessLevelPasswordSelectedNonConstNoModifierAssign</name>
         <uninitialized>true</uninitialized>
         <run_address>0xd7a8</run_address>
         <size>0x10</size>
         <input_file_ref idref="fl-29"/>
      </object_component>
      <object_component id="oc-c4">
         <name>.ebss</name>
         <uninitialized>true</uninitialized>
         <run_address>0xd7b8</run_address>
         <size>0x8</size>
         <input_file_ref idref="fl-2c"/>
      </object_component>
      <object_component id="oc-1f5">
         <name>.ebss:_MODBUSREG_au8DeviceIDMajorMinorRevision</name>
         <uninitialized>true</uninitialized>
         <run_address>0xd7c0</run_address>
         <size>0x10</size>
         <input_file_ref idref="fl-2a"/>
      </object_component>
      <object_component id="oc-1fb">
         <name>.ebss:_MODBUSREG_au8DeviceIDModelName</name>
         <uninitialized>true</uninitialized>
         <run_address>0xd7d0</run_address>
         <size>0x10</size>
         <input_file_ref idref="fl-2a"/>
      </object_component>
      <object_component id="oc-1f3">
         <name>.ebss:_MODBUSREG_au8DeviceIDProductCode</name>
         <uninitialized>true</uninitialized>
         <run_address>0xd7e0</run_address>
         <size>0x10</size>
         <input_file_ref idref="fl-2a"/>
      </object_component>
      <object_component id="oc-1f9">
         <name>.ebss:_MODBUSREG_au8DeviceIDProductName</name>
         <uninitialized>true</uninitialized>
         <run_address>0xd7f0</run_address>
         <size>0x10</size>
         <input_file_ref idref="fl-2a"/>
      </object_component>
      <object_component id="oc-1fd">
         <name>.ebss:_MODBUSREG_au8DeviceIDUserApplicationName</name>
         <uninitialized>true</uninitialized>
         <run_address>0xd800</run_address>
         <size>0x10</size>
         <input_file_ref idref="fl-2a"/>
      </object_component>
      <object_component id="oc-1ff">
         <name>.ebss:_MODBUSREG_au8DeviceIDUserReserve0</name>
         <uninitialized>true</uninitialized>
         <run_address>0xd810</run_address>
         <size>0x10</size>
         <input_file_ref idref="fl-2a"/>
      </object_component>
      <object_component id="oc-201">
         <name>.ebss:_MODBUSREG_au8DeviceIDUserReserve1</name>
         <uninitialized>true</uninitialized>
         <run_address>0xd820</run_address>
         <size>0x10</size>
         <input_file_ref idref="fl-2a"/>
      </object_component>
      <object_component id="oc-203">
         <name>.ebss:_MODBUSREG_au8DeviceIDUserReserve2</name>
         <uninitialized>true</uninitialized>
         <run_address>0xd830</run_address>
         <size>0x10</size>
         <input_file_ref idref="fl-2a"/>
      </object_component>
      <object_component id="oc-1f1">
         <name>.ebss:_MODBUSREG_au8DeviceIDVendorName</name>
         <uninitialized>true</uninitialized>
         <run_address>0xd840</run_address>
         <size>0x10</size>
         <input_file_ref idref="fl-2a"/>
      </object_component>
      <object_component id="oc-1f7">
         <name>.ebss:_MODBUSREG_au8DeviceIDVendorUrl</name>
         <uninitialized>true</uninitialized>
         <run_address>0xd850</run_address>
         <size>0x10</size>
         <input_file_ref idref="fl-2a"/>
      </object_component>
      <object_component id="oc-1ef">
         <name>.ebss:_MODBUSREG_au8ServerIDData</name>
         <uninitialized>true</uninitialized>
         <run_address>0xd860</run_address>
         <size>0x10</size>
         <input_file_ref idref="fl-2a"/>
      </object_component>
      <object_component id="oc-113">
         <name>.ebss</name>
         <uninitialized>true</uninitialized>
         <run_address>0xd870</run_address>
         <size>0xb</size>
         <input_file_ref idref="fl-38"/>
      </object_component>
      <object_component id="oc-1a8">
         <name>.ebss:_CSMON_au8FileParameterListElementsSizeTablePart1</name>
         <uninitialized>true</uninitialized>
         <run_address>0xd87b</run_address>
         <size>0x5</size>
         <input_file_ref idref="fl-29"/>
      </object_component>
      <object_component id="oc-df">
         <name>.ebss</name>
         <uninitialized>true</uninitialized>
         <run_address>0xd880</run_address>
         <size>0xa</size>
         <input_file_ref idref="fl-30"/>
      </object_component>
      <object_component id="oc-1c0">
         <name>.ebss:_HMMODBUS_nFilePrimaryAddrWriteLast</name>
         <uninitialized>true</uninitialized>
         <run_address>0xd88a</run_address>
         <size>0xa</size>
         <input_file_ref idref="fl-2d"/>
      </object_component>
      <object_component id="oc-1c1">
         <name>.ebss:_HMMOSBUS_nFileWriteAddrReadLast</name>
         <uninitialized>true</uninitialized>
         <run_address>0xd894</run_address>
         <size>0xa</size>
         <input_file_ref idref="fl-2d"/>
      </object_component>
      <object_component id="oc-197">
         <name>.ebss:_FPGA_SCI_nMessagesCounter</name>
         <uninitialized>true</uninitialized>
         <run_address>0xd89e</run_address>
         <size>0x8</size>
         <input_file_ref idref="fl-35"/>
      </object_component>
      <object_component id="oc-170">
         <name>.ebss:_SCI_ErrorRx</name>
         <uninitialized>true</uninitialized>
         <run_address>0xd8a6</run_address>
         <size>0x8</size>
         <input_file_ref idref="fl-37"/>
      </object_component>
      <object_component id="oc-183">
         <name>.ebss:_UART_RXIntOverflowCounter</name>
         <uninitialized>true</uninitialized>
         <run_address>0xd8ae</run_address>
         <size>0x8</size>
         <input_file_ref idref="fl-39"/>
      </object_component>
      <object_component id="oc-168">
         <name>.ebss:_pfDelayedFunction</name>
         <uninitialized>true</uninitialized>
         <run_address>0xd8b6</run_address>
         <size>0x8</size>
         <input_file_ref idref="fl-38"/>
      </object_component>
      <object_component id="oc-1aa">
         <name>.ebss:_CSMON_au8FileParameterListElementsSizeTablePart2</name>
         <uninitialized>true</uninitialized>
         <run_address>0xd8be</run_address>
         <size>0x2</size>
         <input_file_ref idref="fl-29"/>
      </object_component>
      <object_component id="oc-165">
         <name>.ebss:_pfDelayedFunction_u8</name>
         <uninitialized>true</uninitialized>
         <run_address>0xd8c0</run_address>
         <size>0x8</size>
         <input_file_ref idref="fl-38"/>
      </object_component>
      <object_component id="oc-171">
         <name>.ebss:_u32TimeDiffLast</name>
         <uninitialized>true</uninitialized>
         <run_address>0xd8c8</run_address>
         <size>0x8</size>
         <input_file_ref idref="fl-39"/>
      </object_component>
      <object_component id="oc-181">
         <name>.ebss:_u32TimeDiffNow</name>
         <uninitialized>true</uninitialized>
         <run_address>0xd8d0</run_address>
         <size>0x8</size>
         <input_file_ref idref="fl-39"/>
      </object_component>
      <object_component id="oc-17b">
         <name>.ebss:_u32TimeDiffRead</name>
         <uninitialized>true</uninitialized>
         <run_address>0xd8d8</run_address>
         <size>0x8</size>
         <input_file_ref idref="fl-39"/>
      </object_component>
      <object_component id="oc-1a6">
         <name>.ebss:_CSMON_au32FileParameterDefinitionsFileRecordElementsRealAddressTable</name>
         <uninitialized>true</uninitialized>
         <run_address>0xd8e0</run_address>
         <size>0x6</size>
         <input_file_ref idref="fl-29"/>
      </object_component>
      <object_component id="oc-1a7">
         <name>.ebss:_CSMON_au32FileParameterDefinitionsFileRecordElementsSizeTable</name>
         <uninitialized>true</uninitialized>
         <run_address>0xd8e6</run_address>
         <size>0x6</size>
         <input_file_ref idref="fl-29"/>
      </object_component>
      <object_component id="oc-1cb">
         <name>.ebss:_HMMODBUS_u32CoilAddressTableInRam</name>
         <uninitialized>true</uninitialized>
         <run_address>0xd8ec</run_address>
         <size>0x6</size>
         <input_file_ref idref="fl-2a"/>
      </object_component>
      <object_component id="oc-1cc">
         <name>.ebss:_MODBUSREG_sInputCoilAddressTableInRam</name>
         <uninitialized>true</uninitialized>
         <run_address>0xd8f2</run_address>
         <size>0x6</size>
         <input_file_ref idref="fl-2a"/>
      </object_component>
      <object_component id="oc-1ce">
         <name>.ebss:_MODBUSREG_sInputRegisterAddressTableInRam</name>
         <uninitialized>true</uninitialized>
         <run_address>0xd8f8</run_address>
         <size>0x6</size>
         <input_file_ref idref="fl-2a"/>
      </object_component>
      <object_component id="oc-1ac">
         <name>.ebss:_CSMON_au8FileParameterListElementsSizeTablePart3</name>
         <uninitialized>true</uninitialized>
         <run_address>0xd8fe</run_address>
         <size>0x2</size>
         <input_file_ref idref="fl-29"/>
      </object_component>
      <object_component id="oc-1c4">
         <name>.ebss:_pBufferScope</name>
         <uninitialized>true</uninitialized>
         <run_address>0xd900</run_address>
         <size>0x6</size>
         <input_file_ref idref="fl-32"/>
      </object_component>
      <object_component id="oc-1b6">
         <name>.ebss:_u32RecorderLastFreeCounter</name>
         <uninitialized>true</uninitialized>
         <run_address>0xd906</run_address>
         <size>0x6</size>
         <input_file_ref idref="fl-30"/>
      </object_component>
      <object_component id="oc-1b7">
         <name>.ebss:_u32RecorderMicroSec</name>
         <uninitialized>true</uninitialized>
         <run_address>0xd90c</run_address>
         <size>0x6</size>
         <input_file_ref idref="fl-30"/>
      </object_component>
      <object_component id="oc-29">
         <name>.ebss</name>
         <uninitialized>true</uninitialized>
         <run_address>0xd912</run_address>
         <size>0x6</size>
         <input_file_ref idref="fl-4"/>
      </object_component>
      <object_component id="oc-14c">
         <name>.ebss</name>
         <uninitialized>true</uninitialized>
         <run_address>0xd918</run_address>
         <size>0x6</size>
         <input_file_ref idref="fl-4d"/>
      </object_component>
      <object_component id="oc-bd">
         <name>.ebss</name>
         <uninitialized>true</uninitialized>
         <run_address>0xd91e</run_address>
         <size>0x4</size>
         <input_file_ref idref="fl-2b"/>
      </object_component>
      <object_component id="oc-1d7">
         <name>.ebss:_CSMON_au8FileParameterCountElementsSizeTable</name>
         <uninitialized>true</uninitialized>
         <run_address>0xd922</run_address>
         <size>0x4</size>
         <input_file_ref idref="fl-29"/>
      </object_component>
      <object_component id="oc-1de">
         <name>.ebss:_CSMON_au8FileRecorderStatusElementsSizeTable</name>
         <uninitialized>true</uninitialized>
         <run_address>0xd926</run_address>
         <size>0x4</size>
         <input_file_ref idref="fl-29"/>
      </object_component>
      <object_component id="oc-179">
         <name>.ebss:_UARTRxBufferRDCount</name>
         <uninitialized>true</uninitialized>
         <run_address>0xd92a</run_address>
         <size>0x4</size>
         <input_file_ref idref="fl-39"/>
      </object_component>
      <object_component id="oc-173">
         <name>.ebss:_UARTRxBufferRDIndex</name>
         <uninitialized>true</uninitialized>
         <run_address>0xd92e</run_address>
         <size>0x4</size>
         <input_file_ref idref="fl-39"/>
      </object_component>
      <object_component id="oc-177">
         <name>.ebss:_UARTRxBufferWRCount</name>
         <uninitialized>true</uninitialized>
         <run_address>0xd932</run_address>
         <size>0x4</size>
         <input_file_ref idref="fl-39"/>
      </object_component>
      <object_component id="oc-175">
         <name>.ebss:_UARTRxBufferWRIndex</name>
         <uninitialized>true</uninitialized>
         <run_address>0xd936</run_address>
         <size>0x4</size>
         <input_file_ref idref="fl-39"/>
      </object_component>
      <object_component id="oc-167">
         <name>.ebss:_u16TimerMainDelayedData</name>
         <uninitialized>true</uninitialized>
         <run_address>0xd93a</run_address>
         <size>0x4</size>
         <input_file_ref idref="fl-38"/>
      </object_component>
      <object_component id="oc-16e">
         <name>.ebss:__lock</name>
         <uninitialized>true</uninitialized>
         <run_address>0xd93e</run_address>
         <size>0x2</size>
         <input_file_ref idref="fl-4e"/>
      </object_component>
      <object_component id="oc-164">
         <name>.ebss:_u16TimerMainFunctionDelay</name>
         <uninitialized>true</uninitialized>
         <run_address>0xd940</run_address>
         <size>0x4</size>
         <input_file_ref idref="fl-38"/>
      </object_component>
      <object_component id="oc-16b">
         <name>.ebss:_u16TimerMainFunctionDelayCompare</name>
         <uninitialized>true</uninitialized>
         <run_address>0xd944</run_address>
         <size>0x4</size>
         <input_file_ref idref="fl-38"/>
      </object_component>
      <object_component id="oc-16a">
         <name>.ebss:_u16TimerMainFunctionDelayCounter</name>
         <uninitialized>true</uninitialized>
         <run_address>0xd948</run_address>
         <size>0x4</size>
         <input_file_ref idref="fl-38"/>
      </object_component>
      <object_component id="oc-1c">
         <name>.ebss</name>
         <uninitialized>true</uninitialized>
         <run_address>0xd94c</run_address>
         <size>0x4</size>
         <input_file_ref idref="fl-2"/>
      </object_component>
      <object_component id="oc-1d2">
         <name>.ebss:_CSMON_abFileAutorization_RecordStringData</name>
         <uninitialized>true</uninitialized>
         <run_address>0xd950</run_address>
         <size>0x3</size>
         <input_file_ref idref="fl-29"/>
      </object_component>
      <object_component id="oc-1d0">
         <name>.ebss:_CSMON_au16FileAutorization_RecordOffsets</name>
         <uninitialized>true</uninitialized>
         <run_address>0xd953</run_address>
         <size>0x3</size>
         <input_file_ref idref="fl-29"/>
      </object_component>
      <object_component id="oc-1ae">
         <name>.ebss:_CSMON_au32FileParameterDefinitionsFileRecordElementsRecordToRecordOffsetSizeBytesTable</name>
         <uninitialized>true</uninitialized>
         <run_address>0xd956</run_address>
         <size>0x3</size>
         <input_file_ref idref="fl-29"/>
      </object_component>
      <object_component id="oc-1b4">
         <name>.ebss:_abRecorderJustStopped</name>
         <uninitialized>true</uninitialized>
         <run_address>0xd959</run_address>
         <size>0x3</size>
         <input_file_ref idref="fl-30"/>
      </object_component>
      <object_component id="oc-1b5">
         <name>.ebss:_abRecorderRunning</name>
         <uninitialized>true</uninitialized>
         <run_address>0xd95c</run_address>
         <size>0x3</size>
         <input_file_ref idref="fl-30"/>
      </object_component>
      <object_component id="oc-1c6">
         <name>.ebss:_nSizeBytesScopeBuffer</name>
         <uninitialized>true</uninitialized>
         <run_address>0xd95f</run_address>
         <size>0x3</size>
         <input_file_ref idref="fl-32"/>
      </object_component>
      <object_component id="oc-1ca">
         <name>.ebss:_sScopeStatusParam</name>
         <uninitialized>true</uninitialized>
         <run_address>0xd962</run_address>
         <size>0x3</size>
         <input_file_ref idref="fl-32"/>
      </object_component>
      <object_component id="oc-1e2">
         <name>.ebss:_CSMON_au8FileScopeStatusElementsSizeTable</name>
         <uninitialized>true</uninitialized>
         <run_address>0xd965</run_address>
         <size>0x1</size>
         <input_file_ref idref="fl-29"/>
      </object_component>
      <object_component id="oc-1af">
         <name>.ebss:__unlock</name>
         <uninitialized>true</uninitialized>
         <run_address>0xd966</run_address>
         <size>0x2</size>
         <input_file_ref idref="fl-4e"/>
      </object_component>
      <object_component id="oc-1b0">
         <name>.ebss:_sRecTimeBase</name>
         <uninitialized>true</uninitialized>
         <run_address>0xd968</run_address>
         <size>0x1</size>
         <input_file_ref idref="fl-30"/>
      </object_component>
      <object_component id="oc-1da">
         <name>.econst:_CSMON_asFileParameterShortName</name>
         <load_address>0x90000</load_address>
         <run_address>0x90000</run_address>
         <size>0x460</size>
         <input_file_ref idref="fl-29"/>
      </object_component>
      <object_component id="oc-1e8">
         <name>.econst:_MODBUSREG_sHoldingRegisterValuesTable</name>
         <load_address>0x90460</load_address>
         <run_address>0x90460</run_address>
         <size>0x1c0</size>
         <input_file_ref idref="fl-2a"/>
      </object_component>
      <object_component id="oc-19e">
         <name>.econst:_CSMON_sFileParameterList</name>
         <load_address>0x90620</load_address>
         <run_address>0x90620</run_address>
         <size>0x15e</size>
         <input_file_ref idref="fl-29"/>
      </object_component>
      <object_component id="oc-1ba">
         <name>.econst:.string:_auchCRCHi</name>
         <load_address>0x9077e</load_address>
         <run_address>0x9077e</run_address>
         <size>0x100</size>
         <input_file_ref idref="fl-2d"/>
      </object_component>
      <object_component id="oc-1bb">
         <name>.econst:.string:_auchCRCLo</name>
         <load_address>0x9087e</load_address>
         <run_address>0x9087e</run_address>
         <size>0x100</size>
         <input_file_ref idref="fl-2d"/>
      </object_component>
      <object_component id="oc-1ea">
         <name>.econst:_MODBUSREG_sInputRegisterValuesTable</name>
         <load_address>0x9097e</load_address>
         <run_address>0x9097e</run_address>
         <size>0x70</size>
         <input_file_ref idref="fl-2a"/>
      </object_component>
      <object_component id="oc-19d">
         <name>.econst:_CSMON_asAccessLevelPasswords</name>
         <load_address>0x909ee</load_address>
         <run_address>0x909ee</run_address>
         <size>0x50</size>
         <input_file_ref idref="fl-29"/>
      </object_component>
      <object_component id="oc-1ec">
         <name>.econst:_MODBUSREG_sHoldingCoilValuesTable</name>
         <load_address>0x90a3e</load_address>
         <run_address>0x90a3e</run_address>
         <size>0x3f</size>
         <input_file_ref idref="fl-2a"/>
      </object_component>
      <object_component id="oc-1ee">
         <name>.econst:_MODBUSREG_sInputCoilValuesTable</name>
         <load_address>0x90a7d</load_address>
         <run_address>0x90a7d</run_address>
         <size>0x3f</size>
         <input_file_ref idref="fl-2a"/>
      </object_component>
      <object_component id="oc-1db">
         <name>.econst:.string:_CSMON_au8FileImplementedFunctionCodes</name>
         <load_address>0x90abc</load_address>
         <run_address>0x90abc</run_address>
         <size>0x14</size>
         <input_file_ref idref="fl-29"/>
      </object_component>
      <object_component id="oc-d3">
         <name>.econst:.string</name>
         <load_address>0x90ad0</load_address>
         <run_address>0x90ad0</run_address>
         <size>0xc</size>
         <input_file_ref idref="fl-2e"/>
      </object_component>
      <object_component id="oc-1e7">
         <name>.econst:_HMMODBUS_u32RegisterAddressTable</name>
         <load_address>0x90adc</load_address>
         <run_address>0x90adc</run_address>
         <size>0xc</size>
         <input_file_ref idref="fl-2a"/>
      </object_component>
      <object_component id="oc-1d9">
         <name>.econst:.string:_CSMON_au8FileParameterListElementsCountInPartTable</name>
         <load_address>0x90ae8</load_address>
         <run_address>0x90ae8</run_address>
         <size>0x3</size>
         <input_file_ref idref="fl-29"/>
      </object_component>
      <object_component id="oc-1eb">
         <name>.econst:_HMMODBUS_u32CoilAddressTable</name>
         <load_address>0x90aeb</load_address>
         <run_address>0x90aeb</run_address>
         <size>0x3</size>
         <input_file_ref idref="fl-2a"/>
      </object_component>
      <object_component id="oc-1ed">
         <name>.econst:_MODBUSREG_sInputCoilAddressTable</name>
         <load_address>0x90aee</load_address>
         <run_address>0x90aee</run_address>
         <size>0x3</size>
         <input_file_ref idref="fl-2a"/>
      </object_component>
      <object_component id="oc-1e9">
         <name>.econst:_MODBUSREG_sInputRegisterAddressTable</name>
         <load_address>0x90af1</load_address>
         <run_address>0x90af1</run_address>
         <size>0x3</size>
         <input_file_ref idref="fl-2a"/>
      </object_component>
      <object_component id="oc-19a">
         <name>.econst:_$P$T0$1</name>
         <load_address>0x90af4</load_address>
         <run_address>0x90af4</run_address>
         <size>0x1</size>
         <input_file_ref idref="fl-35"/>
      </object_component>
      <object_component id="oc-1d6">
         <name>.econst:_CSMON_sFileProtocolVersion</name>
         <load_address>0x90af5</load_address>
         <run_address>0x90af5</run_address>
         <size>0x1</size>
         <input_file_ref idref="fl-29"/>
      </object_component>
      <object_component id="oc-1be">
         <name>.switch:_HMMODBUS_Rx</name>
         <load_address>0x8260c</load_address>
         <run_address>0x8260c</run_address>
         <size>0x30</size>
         <input_file_ref idref="fl-2d"/>
      </object_component>
      <object_component id="oc-127">
         <name>.reset</name>
         <load_address>0x3fffc0</load_address>
         <run_address>0x3fffc0</run_address>
         <size>0x2</size>
         <input_file_ref idref="fl-46"/>
      </object_component>
      <object_component id="oc-1a">
         <name>.debug_info</name>
         <load_address>0x0</load_address>
         <run_address>0x0</run_address>
         <size>0x79d</size>
         <input_file_ref idref="fl-2"/>
      </object_component>
      <object_component id="oc-24">
         <name>.debug_info</name>
         <load_address>0x79d</load_address>
         <run_address>0x79d</run_address>
         <size>0x142</size>
         <input_file_ref idref="fl-3"/>
      </object_component>
      <object_component id="oc-27">
         <name>.debug_info</name>
         <load_address>0x8df</load_address>
         <run_address>0x8df</run_address>
         <size>0x12e0</size>
         <input_file_ref idref="fl-4"/>
      </object_component>
      <object_component id="oc-2e">
         <name>.debug_info</name>
         <load_address>0x1bbf</load_address>
         <run_address>0x1bbf</run_address>
         <size>0x4e1</size>
         <input_file_ref idref="fl-5"/>
      </object_component>
      <object_component id="oc-33">
         <name>.debug_info</name>
         <load_address>0x20a0</load_address>
         <run_address>0x20a0</run_address>
         <size>0x199</size>
         <input_file_ref idref="fl-6"/>
      </object_component>
      <object_component id="oc-35">
         <name>.debug_info</name>
         <load_address>0x2239</load_address>
         <run_address>0x2239</run_address>
         <size>0x4f7</size>
         <input_file_ref idref="fl-7"/>
      </object_component>
      <object_component id="oc-3a">
         <name>.debug_info</name>
         <load_address>0x2730</load_address>
         <run_address>0x2730</run_address>
         <size>0x986</size>
         <input_file_ref idref="fl-8"/>
      </object_component>
      <object_component id="oc-3f">
         <name>.debug_info</name>
         <load_address>0x30b6</load_address>
         <run_address>0x30b6</run_address>
         <size>0x3c9</size>
         <input_file_ref idref="fl-9"/>
      </object_component>
      <object_component id="oc-44">
         <name>.debug_info</name>
         <load_address>0x347f</load_address>
         <run_address>0x347f</run_address>
         <size>0x4f9</size>
         <input_file_ref idref="fl-a"/>
      </object_component>
      <object_component id="oc-49">
         <name>.debug_info</name>
         <load_address>0x3978</load_address>
         <run_address>0x3978</run_address>
         <size>0x3da</size>
         <input_file_ref idref="fl-b"/>
      </object_component>
      <object_component id="oc-4e">
         <name>.debug_info</name>
         <load_address>0x3d52</load_address>
         <run_address>0x3d52</run_address>
         <size>0x747</size>
         <input_file_ref idref="fl-c"/>
      </object_component>
      <object_component id="oc-53">
         <name>.debug_info</name>
         <load_address>0x4499</load_address>
         <run_address>0x4499</run_address>
         <size>0xa4c</size>
         <input_file_ref idref="fl-d"/>
      </object_component>
      <object_component id="oc-58">
         <name>.debug_info</name>
         <load_address>0x4ee5</load_address>
         <run_address>0x4ee5</run_address>
         <size>0x3f2</size>
         <input_file_ref idref="fl-e"/>
      </object_component>
      <object_component id="oc-5d">
         <name>.debug_info</name>
         <load_address>0x52d7</load_address>
         <run_address>0x52d7</run_address>
         <size>0x196</size>
         <input_file_ref idref="fl-f"/>
      </object_component>
      <object_component id="oc-5f">
         <name>.debug_info</name>
         <load_address>0x546d</load_address>
         <run_address>0x546d</run_address>
         <size>0x40a</size>
         <input_file_ref idref="fl-10"/>
      </object_component>
      <object_component id="oc-64">
         <name>.debug_info</name>
         <load_address>0x5877</load_address>
         <run_address>0x5877</run_address>
         <size>0x3a0</size>
         <input_file_ref idref="fl-11"/>
      </object_component>
      <object_component id="oc-69">
         <name>.debug_info</name>
         <load_address>0x5c17</load_address>
         <run_address>0x5c17</run_address>
         <size>0x64f</size>
         <input_file_ref idref="fl-12"/>
      </object_component>
      <object_component id="oc-6e">
         <name>.debug_info</name>
         <load_address>0x6266</load_address>
         <run_address>0x6266</run_address>
         <size>0xffe</size>
         <input_file_ref idref="fl-13"/>
      </object_component>
      <object_component id="oc-73">
         <name>.debug_info</name>
         <load_address>0x7264</load_address>
         <run_address>0x7264</run_address>
         <size>0x197</size>
         <input_file_ref idref="fl-14"/>
      </object_component>
      <object_component id="oc-75">
         <name>.debug_info</name>
         <load_address>0x73fb</load_address>
         <run_address>0x73fb</run_address>
         <size>0x3c5</size>
         <input_file_ref idref="fl-15"/>
      </object_component>
      <object_component id="oc-7a">
         <name>.debug_info</name>
         <load_address>0x77c0</load_address>
         <run_address>0x77c0</run_address>
         <size>0x9d9</size>
         <input_file_ref idref="fl-16"/>
      </object_component>
      <object_component id="oc-7f">
         <name>.debug_info</name>
         <load_address>0x8199</load_address>
         <run_address>0x8199</run_address>
         <size>0x1b2b</size>
         <input_file_ref idref="fl-17"/>
      </object_component>
      <object_component id="oc-84">
         <name>.debug_info</name>
         <load_address>0x9cc4</load_address>
         <run_address>0x9cc4</run_address>
         <size>0x4ec</size>
         <input_file_ref idref="fl-18"/>
      </object_component>
      <object_component id="oc-89">
         <name>.debug_info</name>
         <load_address>0xa1b0</load_address>
         <run_address>0xa1b0</run_address>
         <size>0xbb4</size>
         <input_file_ref idref="fl-19"/>
      </object_component>
      <object_component id="oc-8e">
         <name>.debug_info</name>
         <load_address>0xad64</load_address>
         <run_address>0xad64</run_address>
         <size>0x4d7</size>
         <input_file_ref idref="fl-1a"/>
      </object_component>
      <object_component id="oc-93">
         <name>.debug_info</name>
         <load_address>0xb23b</load_address>
         <run_address>0xb23b</run_address>
         <size>0x46c</size>
         <input_file_ref idref="fl-1b"/>
      </object_component>
      <object_component id="oc-98">
         <name>.debug_info</name>
         <load_address>0xb6a7</load_address>
         <run_address>0xb6a7</run_address>
         <size>0xe16</size>
         <input_file_ref idref="fl-1c"/>
      </object_component>
      <object_component id="oc-9e">
         <name>.debug_info</name>
         <load_address>0xc4bd</load_address>
         <run_address>0xc4bd</run_address>
         <size>0x5df</size>
         <input_file_ref idref="fl-1d"/>
      </object_component>
      <object_component id="oc-a3">
         <name>.debug_info</name>
         <load_address>0xca9c</load_address>
         <run_address>0xca9c</run_address>
         <size>0x354</size>
         <input_file_ref idref="fl-1e"/>
      </object_component>
      <object_component id="oc-a8">
         <name>.debug_info</name>
         <load_address>0xcdf0</load_address>
         <run_address>0xcdf0</run_address>
         <size>0x22c9</size>
         <input_file_ref idref="fl-1f"/>
      </object_component>
      <object_component id="oc-ad">
         <name>.debug_info</name>
         <load_address>0xf0b9</load_address>
         <run_address>0xf0b9</run_address>
         <size>0x4aac</size>
         <input_file_ref idref="fl-29"/>
      </object_component>
      <object_component id="oc-b4">
         <name>.debug_info</name>
         <load_address>0x13b65</load_address>
         <run_address>0x13b65</run_address>
         <size>0x5f60</size>
         <input_file_ref idref="fl-2a"/>
      </object_component>
      <object_component id="oc-bb">
         <name>.debug_info</name>
         <load_address>0x19ac5</load_address>
         <run_address>0x19ac5</run_address>
         <size>0x7c3</size>
         <input_file_ref idref="fl-2b"/>
      </object_component>
      <object_component id="oc-c2">
         <name>.debug_info</name>
         <load_address>0x1a288</load_address>
         <run_address>0x1a288</run_address>
         <size>0x3dc9</size>
         <input_file_ref idref="fl-2c"/>
      </object_component>
      <object_component id="oc-c9">
         <name>.debug_info</name>
         <load_address>0x1e051</load_address>
         <run_address>0x1e051</run_address>
         <size>0xd991</size>
         <input_file_ref idref="fl-2d"/>
      </object_component>
      <object_component id="oc-d0">
         <name>.debug_info</name>
         <load_address>0x2b9e2</load_address>
         <run_address>0x2b9e2</run_address>
         <size>0x29ee</size>
         <input_file_ref idref="fl-2e"/>
      </object_component>
      <object_component id="oc-d8">
         <name>.debug_info</name>
         <load_address>0x2e3d0</load_address>
         <run_address>0x2e3d0</run_address>
         <size>0x285a</size>
         <input_file_ref idref="fl-2f"/>
      </object_component>
      <object_component id="oc-de">
         <name>.debug_info</name>
[...]
      </symbol>
      <symbol id="sm-a5c">
         <name>_SCI_ErrorRx</name>
         <value>0xd8a6</value>
         <object_component_ref idref="oc-170"/>
      </symbol>
      <symbol id="sm-a5d">
         <name>_SCID_TXFIFOISR</name>
         <value>0x883b7</value>
         <object_component_ref idref="oc-10c"/>
      </symbol>
      <symbol id="sm-a5e">
         <name>_SCIA_TXFIFOISR</name>
         <value>0x88239</value>
         <object_component_ref idref="oc-10c"/>
      </symbol>
      <symbol id="sm-a5f">
         <name>_SCIB_TXFIFOISR</name>
         <value>0x882b9</value>
         <object_component_ref idref="oc-10c"/>
      </symbol>
      <symbol id="sm-a60">
         <name>_SCIC_TXFIFOISR</name>
         <value>0x88339</value>
         <object_component_ref idref="oc-10c"/>
      </symbol>
      <symbol id="sm-a61">
         <name>_SCI_vInitFIFORegisters</name>
         <value>0x85f9a</value>
         <object_component_ref idref="oc-160"/>
      </symbol>
      <symbol id="sm-a62">
         <name>_SCI_vInitFIFO</name>
         <value>0x85f9b</value>
         <object_component_ref idref="oc-160"/>
      </symbol>
      <symbol id="sm-a63">
         <name>_SCI_u32GetBaseFromModuleIndex</name>
         <value>0x85fd9</value>
         <object_component_ref idref="oc-160"/>
      </symbol>
      <symbol id="sm-a64">
         <name>_SCI_vErrorResetProcess</name>
         <value>0x85f81</value>
         <object_component_ref idref="oc-160"/>
      </symbol>
      <symbol id="sm-a65">
         <name>_SCID_RXFIFOISR</name>
         <value>0x883f6</value>
         <object_component_ref idref="oc-10c"/>
      </symbol>
      <symbol id="sm-a66">
         <name>_SCI_eGetModuleIndexFromBase</name>
         <value>0x85fd1</value>
         <object_component_ref idref="oc-160"/>
      </symbol>
      <symbol id="sm-aa2">
         <name>_TIMER_vSetupTimerMainDelayedFunctionSendData</name>
         <value>0x88aa9</value>
         <object_component_ref idref="oc-163"/>
      </symbol>
      <symbol id="sm-aa3">
         <name>_pfDelayedFunction_u8</name>
         <value>0xd8c0</value>
         <object_component_ref idref="oc-165"/>
      </symbol>
      <symbol id="sm-aa4">
         <name>_u16TimerMainFunctionDelay</name>
         <value>0xd940</value>
         <object_component_ref idref="oc-164"/>
      </symbol>
      <symbol id="sm-aa5">
         <name>_hours</name>
         <value>0xd877</value>
         <object_component_ref idref="oc-113"/>
      </symbol>
      <symbol id="sm-aa6">
         <name>_TIMER_vSetupTimerMainDelayedFunction</name>
         <value>0x88ab7</value>
         <object_component_ref idref="oc-163"/>
      </symbol>
      <symbol id="sm-aa7">
         <name>_TMR1_ISR</name>
         <value>0x87f11</value>
         <object_component_ref idref="oc-114"/>
      </symbol>
      <symbol id="sm-aa8">
         <name>_TMR_vInitCPUTimers</name>
         <value>0x889f6</value>
         <object_component_ref idref="oc-163"/>
      </symbol>
      <symbol id="sm-aa9">
         <name>_TIMER_vSetupTimerMainFunctionDelayCompare</name>
         <value>0x88ad1</value>
         <object_component_ref idref="oc-163"/>
      </symbol>
      <symbol id="sm-aaa">
         <name>_TMR0_ISR</name>
         <value>0x87ee0</value>
         <object_component_ref idref="oc-114"/>
      </symbol>
      <symbol id="sm-aab">
         <name>_u16SecondCounter</name>
         <value>0xd875</value>
         <object_component_ref idref="oc-113"/>
      </symbol>
      <symbol id="sm-aac">
         <name>_TIMER_vGetTimerMainRollingCounter</name>
         <value>0x88a94</value>
         <object_component_ref idref="oc-163"/>
      </symbol>
      <symbol id="sm-aad">
         <name>_cpuTimer0IntCount</name>
         <value>0xd870</value>
         <object_component_ref idref="oc-113"/>
      </symbol>
      <symbol id="sm-aae">
         <name>_pfDelayedFunction</name>
         <value>0xd8b6</value>
         <object_component_ref idref="oc-168"/>
      </symbol>
      <symbol id="sm-aaf">
         <name>_configCPUTimer</name>
         <value>0x88a46</value>
         <object_component_ref idref="oc-163"/>
      </symbol>
      <symbol id="sm-ab0">
         <name>_cpuTimer2IntCount</name>
         <value>0xd872</value>
         <object_component_ref idref="oc-113"/>
      </symbol>
      <symbol id="sm-ab1">
         <name>_TIMER_vSetupTimerMainDelayedData</name>
         <value>0x88ae2</value>
         <object_component_ref idref="oc-163"/>
      </symbol>
      <symbol id="sm-ab2">
         <name>_TMR2_ISR</name>
         <value>0x87fdf</value>
         <object_component_ref idref="oc-114"/>
      </symbol>
      <symbol id="sm-ab3">
         <name>_u16TimerMainPeriod</name>
         <value>0xd873</value>
         <object_component_ref idref="oc-113"/>
      </symbol>
      <symbol id="sm-ab4">
         <name>_second_Passed</name>
         <value>0xd87a</value>
         <object_component_ref idref="oc-113"/>
      </symbol>
      <symbol id="sm-ab5">
         <name>_TIMER_vSetupTimerMainFunctionDelay</name>
         <value>0x88a98</value>
         <object_component_ref idref="oc-163"/>
      </symbol>
      <symbol id="sm-ab6">
         <name>_minutes</name>
         <value>0xd878</value>
         <object_component_ref idref="oc-113"/>
      </symbol>
      <symbol id="sm-ab7">
         <name>_TIMER_vResetTimerMainFunctionDelayCounter</name>
         <value>0x88ac5</value>
         <object_component_ref idref="oc-163"/>
      </symbol>
      <symbol id="sm-ab8">
         <name>_u16TimerMainDelayedData</name>
         <value>0xd93a</value>
         <object_component_ref idref="oc-167"/>
      </symbol>
      <symbol id="sm-ab9">
         <name>_cpuTimer1IntCount</name>
         <value>0xd871</value>
         <object_component_ref idref="oc-113"/>
      </symbol>
      <symbol id="sm-aba">
         <name>_seconds</name>
         <value>0xd879</value>
         <object_component_ref idref="oc-113"/>
      </symbol>
      <symbol id="sm-abb">
         <name>_u16TimerMainFunctionDelayCompare</name>
         <value>0xd944</value>
         <object_component_ref idref="oc-16b"/>
      </symbol>
      <symbol id="sm-abc">
         <name>_u16TimerMainISRCounter</name>
         <value>0xd876</value>
         <object_component_ref idref="oc-113"/>
      </symbol>
      <symbol id="sm-abd">
         <name>_u16TimerMainFunctionDelayCounter</name>
         <value>0xd948</value>
         <object_component_ref idref="oc-16a"/>
      </symbol>
      <symbol id="sm-abe">
         <name>_TMR_vInit</name>
         <value>0x889bb</value>
         <object_component_ref idref="oc-163"/>
      </symbol>
      <symbol id="sm-abf">
         <name>_u16SecondPeriod</name>
         <value>0xd874</value>
         <object_component_ref idref="oc-113"/>
      </symbol>
      <symbol id="sm-b23">
         <name>_UART_IsTxReady</name>
         <value>0x83dd7</value>
         <object_component_ref idref="oc-161"/>
      </symbol>
      <symbol id="sm-b24">
         <name>_UART_RxDis</name>
         <value>0x83d99</value>
         <object_component_ref idref="oc-161"/>
      </symbol>
      <symbol id="sm-b25">
         <name>_UARTRxBufferRDCount</name>
         <value>0xd92a</value>
         <object_component_ref idref="oc-179"/>
      </symbol>
      <symbol id="sm-b26">
         <name>_UART_GetChar</name>
         <value>0x83e2c</value>
         <object_component_ref idref="oc-161"/>
      </symbol>
      <symbol id="sm-b27">
         <name>_UART_ReadDataRxTimeDiff</name>
         <value>0x83e86</value>
         <object_component_ref idref="oc-161"/>
      </symbol>
      <symbol id="sm-b28">
         <name>_UART_bUseSCIA_On_USB_Connector</name>
         <value>0x83d41</value>
         <object_component_ref idref="oc-161"/>
      </symbol>
      <symbol id="sm-b29">
         <name>_UART_RxEna</name>
         <value>0x83d7d</value>
         <object_component_ref idref="oc-161"/>
      </symbol>
      <symbol id="sm-b2a">
         <name>_UART_PutChar</name>
         <value>0x83dea</value>
         <object_component_ref idref="oc-161"/>
      </symbol>
      <symbol id="sm-b2b">
         <name>_UART_RXIntOverflowCounter</name>
         <value>0xd8ae</value>
         <object_component_ref idref="oc-183"/>
      </symbol>
      <symbol id="sm-b2c">
         <name>_u32TimeDiffNow</name>
         <value>0xd8d0</value>
         <object_component_ref idref="oc-181"/>
      </symbol>
      <symbol id="sm-b2d">
         <name>_UART_PutNextAddress</name>
         <value>0x83df5</value>
         <object_component_ref idref="oc-161"/>
      </symbol>
      <symbol id="sm-b2e">
         <name>_UART_sHandle</name>
         <value>0xd6ac</value>
         <object_component_ref idref="oc-11b"/>
      </symbol>
      <symbol id="sm-b2f">
         <name>_UART_IsRxReady</name>
         <value>0x83e19</value>
         <object_component_ref idref="oc-161"/>
      </symbol>
      <symbol id="sm-b30">
         <name>_UART_ReadDataRx</name>
         <value>0x83e92</value>
         <object_component_ref idref="oc-161"/>
      </symbol>
      <symbol id="sm-b31">
         <name>_UART_TxDis</name>
         <value>0x83d61</value>
         <object_component_ref idref="oc-161"/>
      </symbol>
      <symbol id="sm-b32">
         <name>_UART_ReadDataRxAvailable</name>
         <value>0x83e58</value>
         <object_component_ref idref="oc-161"/>
      </symbol>
      <symbol id="sm-b33">
         <name>_UARTRxBufferWRCount</name>
         <value>0xd932</value>
         <object_component_ref idref="oc-177"/>
      </symbol>
      <symbol id="sm-b34">
         <name>_UART_TxIntDis</name>
         <value>0x83dc6</value>
         <object_component_ref idref="oc-161"/>
      </symbol>
      <symbol id="sm-b35">
         <name>_u32TimeDiffRead</name>
         <value>0xd8d8</value>
         <object_component_ref idref="oc-17b"/>
      </symbol>
      <symbol id="sm-b36">
         <name>_UARTRxBufferWRIndex</name>
         <value>0xd936</value>
         <object_component_ref idref="oc-175"/>
      </symbol>
      <symbol id="sm-b37">
         <name>_UARTRxBufferRDIndex</name>
         <value>0xd92e</value>
         <object_component_ref idref="oc-173"/>
      </symbol>
      <symbol id="sm-b38">
         <name>_UARTRxBufferTimeDiff</name>
         <value>0xc600</value>
         <object_component_ref idref="oc-17d"/>
      </symbol>
      <symbol id="sm-b39">
         <name>_UART_IsTxEmpty</name>
         <value>0x83e01</value>
         <object_component_ref idref="oc-161"/>
      </symbol>
      <symbol id="sm-b3a">
         <name>_UART_TxEna</name>
         <value>0x83d45</value>
         <object_component_ref idref="oc-161"/>
      </symbol>
      <symbol id="sm-b3b">
         <name>_u32TimeDiffLast</name>
         <value>0xd8c8</value>
         <object_component_ref idref="oc-171"/>
      </symbol>
      <symbol id="sm-b3c">
         <name>_UART_vReset</name>
         <value>0x83e35</value>
         <object_component_ref idref="oc-161"/>
      </symbol>
      <symbol id="sm-b3d">
         <name>_bUseSCIA_On_USB</name>
         <value>0xd6aa</value>
         <object_component_ref idref="oc-11b"/>
      </symbol>
      <symbol id="sm-b3e">
         <name>_UART_TXInterrupt</name>
         <value>0x83f78</value>
         <object_component_ref idref="oc-161"/>
      </symbol>
      <symbol id="sm-b3f">
         <name>_UART_RXInterrupt</name>
         <value>0x83eda</value>
         <object_component_ref idref="oc-161"/>
      </symbol>
      <symbol id="sm-b40">
         <name>_UART_TxIntEna</name>
         <value>0x83db5</value>
         <object_component_ref idref="oc-161"/>
      </symbol>
      <symbol id="sm-b41">
         <name>_UART_TransmitEnableDisable</name>
         <value>0x83e6d</value>
         <object_component_ref idref="oc-161"/>
      </symbol>
      <symbol id="sm-b42">
         <name>_UART_vInit</name>
         <value>0x83e36</value>
         <object_component_ref idref="oc-161"/>
      </symbol>
      <symbol id="sm-b43">
         <name>_UARTRxBuffer</name>
         <value>0xd100</value>
         <object_component_ref idref="oc-17e"/>
      </symbol>
      <symbol id="sm-bd6">
         <name>_HMDRV_CopyMemory</name>
         <value>0x86a2b</value>
         <object_component_ref idref="oc-190"/>
      </symbol>
      <symbol id="sm-bd7">
         <name>_HMDRV_CopyToBufferInternalModbusCoil</name>
         <value>0x86e9f</value>
         <object_component_ref idref="oc-190"/>
      </symbol>
      <symbol id="sm-bd8">
         <name>_HMDRV_AddressFromBufferBigEndian</name>
         <value>0x86f6f</value>
         <object_component_ref idref="oc-190"/>
      </symbol>
      <symbol id="sm-bd9">
         <name>_HMDRV_CopyToBufferInternal</name>
         <value>0x86be9</value>
         <object_component_ref idref="oc-190"/>
      </symbol>
      <symbol id="sm-bda">
         <name>_HMDRV_CopyFromBufferInternalModbus</name>
         <value>0x86c98</value>
         <object_component_ref idref="oc-190"/>
      </symbol>
      <symbol id="sm-bdb">
         <name>_HMDRV_vProcess</name>
         <value>0x86a20</value>
         <object_component_ref idref="oc-190"/>
      </symbol>
      <symbol id="sm-bdc">
         <name>_HMDRV_CopyFromBufferInternalCoil</name>
         <value>0x86b45</value>
         <object_component_ref idref="oc-190"/>
      </symbol>
      <symbol id="sm-bdd">
         <name>_HMDRV_AddressFromBuffer</name>
         <value>0x86f9b</value>
         <object_component_ref idref="oc-190"/>
      </symbol>
      <symbol id="sm-bde">
         <name>_HMDRV_vDebugSend</name>
         <value>0x86922</value>
         <object_component_ref idref="oc-190"/>
      </symbol>
      <symbol id="sm-bdf">
         <name>_HMDRV_CopyToBufferInternalModbus</name>
         <value>0x86de6</value>
         <object_component_ref idref="oc-190"/>
      </symbol>
      <symbol id="sm-be0">
         <name>_HMDRV_CopyToBufferInternalSingleCoil</name>
         <value>0x86c74</value>
         <object_component_ref idref="oc-190"/>
      </symbol>
      <symbol id="sm-be1">
         <name>_HMDRV_CopyFromBufferWithMaskModbus</name>
         <value>0x86dd2</value>
         <object_component_ref idref="oc-190"/>
      </symbol>
      <symbol id="sm-be2">
         <name>_HMDRV_vInit</name>
         <value>0x8692c</value>
         <object_component_ref idref="oc-190"/>
      </symbol>
      <symbol id="sm-be3">
         <name>_HMDRV_CopyFromBufferInternalWithMaskModbus</name>
         <value>0x86d72</value>
         <object_component_ref idref="oc-190"/>
      </symbol>
      <symbol id="sm-be4">
         <name>_HMDRV_CopyFromBufferInternal</name>
         <value>0x86ad3</value>
         <object_component_ref idref="oc-190"/>
      </symbol>
      <symbol id="sm-be5">
         <name>_HMDRV_GetStringLengthInternal</name>
         <value>0x86ee5</value>
         <object_component_ref idref="oc-190"/>
      </symbol>
      <symbol id="sm-be6">
         <name>_HMDRV_AddressToBufferBigEndian</name>
         <value>0x86efd</value>
         <object_component_ref idref="oc-190"/>
      </symbol>
      <symbol id="sm-be7">
         <name>_HMDRV_CopyFromBufferInternalModbusSingleCoil</name>
         <value>0x86d43</value>
         <object_component_ref idref="oc-190"/>
      </symbol>
      <symbol id="sm-be8">
         <name>_HMDRV_CopyToBufferInternalCoil</name>
         <value>0x86c35</value>
         <object_component_ref idref="oc-190"/>
      </symbol>
      <symbol id="sm-be9">
         <name>_HMDRV_CopyFromBufferInternalSingleCoil</name>
         <value>0x86b84</value>
         <object_component_ref idref="oc-190"/>
      </symbol>
      <symbol id="sm-bea">
         <name>_HMDRV_AddressToBuffer</name>
         <value>0x86f36</value>
         <object_component_ref idref="oc-190"/>
      </symbol>
      <symbol id="sm-beb">
         <name>_HMDRV_CopyToBufferInternalModbusSingleCoil</name>
         <value>0x86ec3</value>
         <object_component_ref idref="oc-190"/>
      </symbol>
      <symbol id="sm-bec">
         <name>_HMDRV_SetExAddr</name>
         <value>0x86ef6</value>
         <object_component_ref idref="oc-190"/>
      </symbol>
      <symbol id="sm-bed">
         <name>_HMDRV_CopyFromBufferInternalModbusCoil</name>
         <value>0x86d1f</value>
         <object_component_ref idref="oc-190"/>
      </symbol>
      <symbol id="sm-bee">
         <name>_HMDRV_CopyFromBufferInternalWithMask</name>
         <value>0x86baf</value>
         <object_component_ref idref="oc-190"/>
      </symbol>
      <symbol id="sm-c09">
         <name>_c_int00</name>
         <value>0x88eec</value>
         <object_component_ref idref="oc-19"/>
      </symbol>
      <symbol id="sm-c0a">
         <name>__stack</name>
         <value>0x400</value>
         <object_component_ref idref="oc-126"/>
      </symbol>
      <symbol id="sm-c1b">
         <name>FS$$DIV</name>
         <value>0x88e64</value>
         <object_component_ref idref="oc-12c"/>
      </symbol>
      <symbol id="sm-c27">
         <name>U$$MOD</name>
         <value>0x87ff4</value>
         <object_component_ref idref="oc-131"/>
      </symbol>
      <symbol id="sm-c28">
         <name>U$$DIV</name>
         <value>0x87fef</value>
         <object_component_ref idref="oc-131"/>
      </symbol>
      <symbol id="sm-c37">
         <name>_copy_in</name>
         <value>0x88f9e</value>
         <object_component_ref idref="oc-15c"/>
      </symbol>
      <symbol id="sm-c48">
         <name>_memcpy</name>
         <value>0x85fe2</value>
         <object_component_ref idref="oc-16c"/>
      </symbol>
      <symbol id="sm-c54">
         <name>__system_pre_init</name>
         <value>0x87ffa</value>
         <object_component_ref idref="oc-15b"/>
      </symbol>
      <symbol id="sm-c61">
         <name>__system_post_cinit</name>
         <value>0x85fff</value>
         <object_component_ref idref="oc-15d"/>
      </symbol>
      <symbol id="sm-c75">
         <name>C$$EXIT</name>
         <value>0x88f75</value>
         <object_component_ref idref="oc-15f"/>
      </symbol>
      <symbol id="sm-c76">
         <name>_exit</name>
         <value>0x88f77</value>
         <object_component_ref idref="oc-15f"/>
      </symbol>
      <symbol id="sm-c77">
         <name>___TI_cleanup_ptr</name>
         <value>0xd91a</value>
         <object_component_ref idref="oc-14c"/>
      </symbol>
      <symbol id="sm-c78">
         <name>___TI_enable_exit_profile_output</name>
         <value>0xd918</value>
         <object_component_ref idref="oc-14c"/>
      </symbol>
      <symbol id="sm-c79">
         <name>_abort</name>
         <value>0x88f75</value>
         <object_component_ref idref="oc-15f"/>
      </symbol>
      <symbol id="sm-c7a">
         <name>___TI_dtors_ptr</name>
         <value>0xd91c</value>
         <object_component_ref idref="oc-14c"/>
      </symbol>
      <symbol id="sm-c8e">
         <name>__unlock</name>
         <value>0xd966</value>
         <object_component_ref idref="oc-1af"/>
      </symbol>
      <symbol id="sm-c8f">
         <name>__lock</name>
         <value>0xd93e</value>
         <object_component_ref idref="oc-16e"/>
      </symbol>
      <symbol id="sm-c90">
         <name>__register_lock</name>
         <value>0x88fdf</value>
         <object_component_ref idref="oc-189"/>
      </symbol>
      <symbol id="sm-c91">
         <name>__nop</name>
         <value>0x88fe3</value>
         <object_component_ref idref="oc-189"/>
      </symbol>
      <symbol id="sm-c92">
         <name>__register_unlock</name>
         <value>0x88fdb</value>
         <object_component_ref idref="oc-189"/>
      </symbol>
      <symbol id="sm-ca1">
         <name>__args_main</name>
         <value>0x88fc2</value>
         <object_component_ref idref="oc-15e"/>
      </symbol>
   </symbol_table>
   <title>Link successful</title>
</link_info>
